Java HotSpot(TM) 64-Bit Server VM (25.151-b12) for bsd-amd64 JRE (1.8.0_151-b12), built on Sep  5 2017 19:37:08 by "java_re" with gcc 4.2.1 (Based on Apple Inc. build 5658) (LLVM build 2336.11.00)
Memory: 4k page, physical 16777216k(221336k free)

/proc/meminfo:

CommandLine flags: -XX:InitialHeapSize=536870912 -XX:MaxHeapSize=536870912 -XX:MetaspaceSize=268435456 -XX:+PrintGC -XX:+PrintGCDateStamps -XX:+PrintGCDetails -XX:+PrintGCTimeStamps -XX:+PrintHeapAtGC -XX:+UseCompressedClassPointers -XX:+UseCompressedOops -XX:+UseParallelGC 
{Heap before GC invocations=1 (full 0):
 PSYoungGen      total 153088K, used 131584K [0x00000007b5580000, 0x00000007c0000000, 0x00000007c0000000)
  eden space 131584K, 100% used [0x00000007b5580000,0x00000007bd600000,0x00000007bd600000)
  from space 21504K, 0% used [0x00000007beb00000,0x00000007beb00000,0x00000007c0000000)
  to   space 21504K, 0% used [0x00000007bd600000,0x00000007bd600000,0x00000007beb00000)
 ParOldGen       total 349696K, used 0K [0x00000007a0000000, 0x00000007b5580000, 0x00000007b5580000)
  object space 349696K, 0% used [0x00000007a0000000,0x00000007a0000000,0x00000007b5580000)
 Metaspace       used 4703K, capacity 4894K, committed 4992K, reserved 1056768K
  class space    used 513K, capacity 563K, committed 640K, reserved 1048576K
2018-07-25T18:07:58.119-0800: 0.400: [GC (Allocation Failure) [PSYoungGen: 131584K->11654K(153088K)] 131584K->11662K(502784K), 0.0085184 secs] [Times: user=0.05 sys=0.00, real=0.01 secs] 
Heap after GC invocations=1 (full 0):
 PSYoungGen      total 153088K, used 11654K [0x00000007b5580000, 0x00000007c0000000, 0x00000007c0000000)
  eden space 131584K, 0% used [0x00000007b5580000,0x00000007b5580000,0x00000007bd600000)
  from space 21504K, 54% used [0x00000007bd600000,0x00000007be1618f0,0x00000007beb00000)
  to   space 21504K, 0% used [0x00000007beb00000,0x00000007beb00000,0x00000007c0000000)
 ParOldGen       total 349696K, used 8K [0x00000007a0000000, 0x00000007b5580000, 0x00000007b5580000)
  object space 349696K, 0% used [0x00000007a0000000,0x00000007a0002000,0x00000007b5580000)
 Metaspace       used 4703K, capacity 4894K, committed 4992K, reserved 1056768K
  class space    used 513K, capacity 563K, committed 640K, reserved 1048576K
}
{Heap before GC invocations=2 (full 0):
 PSYoungGen      total 153088K, used 143238K [0x00000007b5580000, 0x00000007c0000000, 0x00000007c0000000)
  eden space 131584K, 100% used [0x00000007b5580000,0x00000007bd600000,0x00000007bd600000)
  from space 21504K, 54% used [0x00000007bd600000,0x00000007be1618f0,0x00000007beb00000)
  to   space 21504K, 0% used [0x00000007beb00000,0x00000007beb00000,0x00000007c0000000)
 ParOldGen       total 349696K, used 8K [0x00000007a0000000, 0x00000007b5580000, 0x00000007b5580000)
  object space 349696K, 0% used [0x00000007a0000000,0x00000007a0002000,0x00000007b5580000)
 Metaspace       used 4941K, capacity 5104K, committed 5248K, reserved 1056768K
  class space    used 523K, capacity 566K, committed 640K, reserved 1048576K
2018-07-25T18:07:58.533-0800: 0.814: [GC (Allocation Failure) [PSYoungGen: 143238K->12058K(153088K)] 143246K->12074K(502784K), 0.0075796 secs] [Times: user=0.04 sys=0.01, real=0.01 secs] 
Heap after GC invocations=2 (full 0):
 PSYoungGen      total 153088K, used 12058K [0x00000007b5580000, 0x00000007c0000000, 0x00000007c0000000)
  eden space 131584K, 0% used [0x00000007b5580000,0x00000007b5580000,0x00000007bd600000)
  from space 21504K, 56% used [0x00000007beb00000,0x00000007bf6c69a8,0x00000007c0000000)
  to   space 21504K, 0% used [0x00000007bd600000,0x00000007bd600000,0x00000007beb00000)
 ParOldGen       total 349696K, used 16K [0x00000007a0000000, 0x00000007b5580000, 0x00000007b5580000)
  object space 349696K, 0% used [0x00000007a0000000,0x00000007a0004000,0x00000007b5580000)
 Metaspace       used 4941K, capacity 5104K, committed 5248K, reserved 1056768K
  class space    used 523K, capacity 566K, committed 640K, reserved 1048576K
}
{Heap before GC invocations=3 (full 0):
 PSYoungGen      total 153088K, used 143642K [0x00000007b5580000, 0x00000007c0000000, 0x00000007c0000000)
  eden space 131584K, 100% used [0x00000007b5580000,0x00000007bd600000,0x00000007bd600000)
  from space 21504K, 56% used [0x00000007beb00000,0x00000007bf6c69a8,0x00000007c0000000)
  to   space 21504K, 0% used [0x00000007bd600000,0x00000007bd600000,0x00000007beb00000)
 ParOldGen       total 349696K, used 16K [0x00000007a0000000, 0x00000007b5580000, 0x00000007b5580000)
  object space 349696K, 0% used [0x00000007a0000000,0x00000007a0004000,0x00000007b5580000)
 Metaspace       used 4993K, capacity 5168K, committed 5248K, reserved 1056768K
  class space    used 523K, capacity 566K, committed 640K, reserved 1048576K
2018-07-25T18:07:58.718-0800: 0.999: [GC (Allocation Failure) [PSYoungGen: 143642K->11785K(153088K)] 143658K->11809K(502784K), 0.0017822 secs] [Times: user=0.02 sys=0.00, real=0.01 secs] 
Heap after GC invocations=3 (full 0):
 PSYoungGen      total 153088K, used 11785K [0x00000007b5580000, 0x00000007c0000000, 0x00000007c0000000)
  eden space 131584K, 0% used [0x00000007b5580000,0x00000007b5580000,0x00000007bd600000)
  from space 21504K, 54% used [0x00000007bd600000,0x00000007be182460,0x00000007beb00000)
  to   space 21504K, 0% used [0x00000007beb00000,0x00000007beb00000,0x00000007c0000000)
 ParOldGen       total 349696K, used 24K [0x00000007a0000000, 0x00000007b5580000, 0x00000007b5580000)
  object space 349696K, 0% used [0x00000007a0000000,0x00000007a0006000,0x00000007b5580000)
 Metaspace       used 4993K, capacity 5168K, committed 5248K, reserved 1056768K
  class space    used 523K, capacity 566K, committed 640K, reserved 1048576K
}
{Heap before GC invocations=4 (full 0):
 PSYoungGen      total 153088K, used 143369K [0x00000007b5580000, 0x00000007c0000000, 0x00000007c0000000)
  eden space 131584K, 100% used [0x00000007b5580000,0x00000007bd600000,0x00000007bd600000)
  from space 21504K, 54% used [0x00000007bd600000,0x00000007be182460,0x00000007beb00000)
  to   space 21504K, 0% used [0x00000007beb00000,0x00000007beb00000,0x00000007c0000000)
 ParOldGen       total 349696K, used 24K [0x00000007a0000000, 0x00000007b5580000, 0x00000007b5580000)
  object space 349696K, 0% used [0x00000007a0000000,0x00000007a0006000,0x00000007b5580000)
 Metaspace       used 4995K, capacity 5168K, committed 5248K, reserved 1056768K
  class space    used 523K, capacity 566K, committed 640K, reserved 1048576K
2018-07-25T18:07:58.859-0800: 1.140: [GC (Allocation Failure) [PSYoungGen: 143369K->12299K(153088K)] 143393K->12331K(502784K), 0.0021997 secs] [Times: user=0.01 sys=0.00, real=0.01 secs] 
Heap after GC invocations=4 (full 0):
 PSYoungGen      total 153088K, used 12299K [0x00000007b5580000, 0x00000007c0000000, 0x00000007c0000000)
  eden space 131584K, 0% used [0x00000007b5580000,0x00000007b5580000,0x00000007bd600000)
  from space 21504K, 57% used [0x00000007beb00000,0x00000007bf702f90,0x00000007c0000000)
  to   space 21504K, 0% used [0x00000007bd600000,0x00000007bd600000,0x00000007beb00000)
 ParOldGen       total 349696K, used 32K [0x00000007a0000000, 0x00000007b5580000, 0x00000007b5580000)
  object space 349696K, 0% used [0x00000007a0000000,0x00000007a0008000,0x00000007b5580000)
 Metaspace       used 4995K, capacity 5168K, committed 5248K, reserved 1056768K
  class space    used 523K, capacity 566K, committed 640K, reserved 1048576K
}
{Heap before GC invocations=5 (full 0):
 PSYoungGen      total 153088K, used 143720K [0x00000007b5580000, 0x00000007c0000000, 0x00000007c0000000)
  eden space 131584K, 99% used [0x00000007b5580000,0x00000007bd5d7090,0x00000007bd600000)
  from space 21504K, 57% used [0x00000007beb00000,0x00000007bf702f90,0x00000007c0000000)
  to   space 21504K, 0% used [0x00000007bd600000,0x00000007bd600000,0x00000007beb00000)
 ParOldGen       total 349696K, used 32K [0x00000007a0000000, 0x00000007b5580000, 0x00000007b5580000)
  object space 349696K, 0% used [0x00000007a0000000,0x00000007a0008000,0x00000007b5580000)
 Metaspace       used 4995K, capacity 5168K, committed 5248K, reserved 1056768K
  class space    used 523K, capacity 566K, committed 640K, reserved 1048576K
2018-07-25T18:07:58.979-0800: 1.260: [GC (Allocation Failure) [PSYoungGen: 143720K->12402K(153088K)] 143752K->12442K(502784K), 0.0024315 secs] [Times: user=0.01 sys=0.00, real=0.01 secs] 
Heap after GC invocations=5 (full 0):
 PSYoungGen      total 153088K, used 12402K [0x00000007b5580000, 0x00000007c0000000, 0x00000007c0000000)
  eden space 131584K, 0% used [0x00000007b5580000,0x00000007b5580000,0x00000007bd600000)
  from space 21504K, 57% used [0x00000007bd600000,0x00000007be21cb48,0x00000007beb00000)
  to   space 12800K, 0% used [0x00000007bf380000,0x00000007bf380000,0x00000007c0000000)
 ParOldGen       total 349696K, used 40K [0x00000007a0000000, 0x00000007b5580000, 0x00000007b5580000)
  object space 349696K, 0% used [0x00000007a0000000,0x00000007a000a000,0x00000007b5580000)
 Metaspace       used 4995K, capacity 5168K, committed 5248K, reserved 1056768K
  class space    used 523K, capacity 566K, committed 640K, reserved 1048576K
}
{Heap before GC invocations=6 (full 0):
 PSYoungGen      total 153088K, used 143846K [0x00000007b5580000, 0x00000007c0000000, 0x00000007c0000000)
  eden space 131584K, 99% used [0x00000007b5580000,0x00000007bd5dcd08,0x00000007bd600000)
  from space 21504K, 57% used [0x00000007bd600000,0x00000007be21cb48,0x00000007beb00000)
  to   space 12800K, 0% used [0x00000007bf380000,0x00000007bf380000,0x00000007c0000000)
 ParOldGen       total 349696K, used 40K [0x00000007a0000000, 0x00000007b5580000, 0x00000007b5580000)
  object space 349696K, 0% used [0x00000007a0000000,0x00000007a000a000,0x00000007b5580000)
 Metaspace       used 5001K, capacity 5168K, committed 5248K, reserved 1056768K
  class space    used 523K, capacity 566K, committed 640K, reserved 1048576K
2018-07-25T18:07:59.086-0800: 1.366: [GC (Allocation Failure) [PSYoungGen: 143846K->11891K(161792K)] 143886K->11939K(511488K), 0.0063659 secs] [Times: user=0.04 sys=0.00, real=0.01 secs] 
Heap after GC invocations=6 (full 0):
 PSYoungGen      total 161792K, used 11891K [0x00000007b5580000, 0x00000007c0000000, 0x00000007c0000000)
  eden space 148992K, 0% used [0x00000007b5580000,0x00000007b5580000,0x00000007be700000)
  from space 12800K, 92% used [0x00000007bf380000,0x00000007bff1cc18,0x00000007c0000000)
  to   space 12800K, 0% used [0x00000007be700000,0x00000007be700000,0x00000007bf380000)
 ParOldGen       total 349696K, used 48K [0x00000007a0000000, 0x00000007b5580000, 0x00000007b5580000)
  object space 349696K, 0% used [0x00000007a0000000,0x00000007a000c000,0x00000007b5580000)
 Metaspace       used 5001K, capacity 5168K, committed 5248K, reserved 1056768K
  class space    used 523K, capacity 566K, committed 640K, reserved 1048576K
}
{Heap before GC invocations=7 (full 0):
 PSYoungGen      total 161792K, used 160883K [0x00000007b5580000, 0x00000007c0000000, 0x00000007c0000000)
  eden space 148992K, 100% used [0x00000007b5580000,0x00000007be700000,0x00000007be700000)
  from space 12800K, 92% used [0x00000007bf380000,0x00000007bff1cc18,0x00000007c0000000)
  to   space 12800K, 0% used [0x00000007be700000,0x00000007be700000,0x00000007bf380000)
 ParOldGen       total 349696K, used 48K [0x00000007a0000000, 0x00000007b5580000, 0x00000007b5580000)
  object space 349696K, 0% used [0x00000007a0000000,0x00000007a000c000,0x00000007b5580000)
 Metaspace       used 5438K, capacity 5616K, committed 5760K, reserved 1056768K
  class space    used 579K, capacity 630K, committed 640K, reserved 1048576K
2018-07-25T18:07:59.349-0800: 1.630: [GC (Allocation Failure) [PSYoungGen: 160883K->480K(149504K)] 160931K->12016K(499200K), 0.0072015 secs] [Times: user=0.05 sys=0.01, real=0.01 secs] 
Heap after GC invocations=7 (full 0):
 PSYoungGen      total 149504K, used 480K [0x00000007b5580000, 0x00000007c0000000, 0x00000007c0000000)
  eden space 148992K, 0% used [0x00000007b5580000,0x00000007b5580000,0x00000007be700000)
  from space 512K, 93% used [0x00000007be700000,0x00000007be778170,0x00000007be780000)
  to   space 15360K, 0% used [0x00000007bf100000,0x00000007bf100000,0x00000007c0000000)
 ParOldGen       total 349696K, used 11536K [0x00000007a0000000, 0x00000007b5580000, 0x00000007b5580000)
  object space 349696K, 3% used [0x00000007a0000000,0x00000007a0b44050,0x00000007b5580000)
 Metaspace       used 5438K, capacity 5616K, committed 5760K, reserved 1056768K
  class space    used 579K, capacity 630K, committed 640K, reserved 1048576K
}
{Heap before GC invocations=8 (full 0):
 PSYoungGen      total 149504K, used 149472K [0x00000007b5580000, 0x00000007c0000000, 0x00000007c0000000)
  eden space 148992K, 100% used [0x00000007b5580000,0x00000007be700000,0x00000007be700000)
  from space 512K, 93% used [0x00000007be700000,0x00000007be778170,0x00000007be780000)
  to   space 15360K, 0% used [0x00000007bf100000,0x00000007bf100000,0x00000007c0000000)
 ParOldGen       total 349696K, used 11536K [0x00000007a0000000, 0x00000007b5580000, 0x00000007b5580000)
  object space 349696K, 3% used [0x00000007a0000000,0x00000007a0b44050,0x00000007b5580000)
 Metaspace       used 5438K, capacity 5616K, committed 5760K, reserved 1056768K
  class space    used 579K, capacity 630K, committed 640K, reserved 1048576K
2018-07-25T18:07:59.579-0800: 1.859: [GC (Allocation Failure) [PSYoungGen: 149472K->710K(156160K)] 161008K->12270K(505856K), 0.0008390 secs] [Times: user=0.01 sys=0.00, real=0.01 secs] 
Heap after GC invocations=8 (full 0):
 PSYoungGen      total 156160K, used 710K [0x00000007b5580000, 0x00000007c0000000, 0x00000007c0000000)
  eden space 140800K, 0% used [0x00000007b5580000,0x00000007b5580000,0x00000007bdf00000)
  from space 15360K, 4% used [0x00000007bf100000,0x00000007bf1b1948,0x00000007c0000000)
  to   space 16896K, 0% used [0x00000007bdf00000,0x00000007bdf00000,0x00000007bef80000)
 ParOldGen       total 349696K, used 11560K [0x00000007a0000000, 0x00000007b5580000, 0x00000007b5580000)
  object space 349696K, 3% used [0x00000007a0000000,0x00000007a0b4a050,0x00000007b5580000)
 Metaspace       used 5438K, capacity 5616K, committed 5760K, reserved 1056768K
  class space    used 579K, capacity 630K, committed 640K, reserved 1048576K
}
{Heap before GC invocations=9 (full 0):
 PSYoungGen      total 156160K, used 141510K [0x00000007b5580000, 0x00000007c0000000, 0x00000007c0000000)
  eden space 140800K, 100% used [0x00000007b5580000,0x00000007bdf00000,0x00000007bdf00000)
  from space 15360K, 4% used [0x00000007bf100000,0x00000007bf1b1948,0x00000007c0000000)
  to   space 16896K, 0% used [0x00000007bdf00000,0x00000007bdf00000,0x00000007bef80000)
 ParOldGen       total 349696K, used 11560K [0x00000007a0000000, 0x00000007b5580000, 0x00000007b5580000)
  object space 349696K, 3% used [0x00000007a0000000,0x00000007a0b4a050,0x00000007b5580000)
 Metaspace       used 5438K, capacity 5616K, committed 5760K, reserved 1056768K
  class space    used 579K, capacity 630K, committed 640K, reserved 1048576K
2018-07-25T18:07:59.733-0800: 2.013: [GC (Allocation Failure) [PSYoungGen: 141510K->865K(141824K)] 153070K->12457K(491520K), 0.0012782 secs] [Times: user=0.01 sys=0.00, real=0.00 secs] 
Heap after GC invocations=9 (full 0):
 PSYoungGen      total 141824K, used 865K [0x00000007b5580000, 0x00000007c0000000, 0x00000007c0000000)
  eden space 140800K, 0% used [0x00000007b5580000,0x00000007b5580000,0x00000007bdf00000)
  from space 1024K, 84% used [0x00000007bdf00000,0x00000007bdfd8610,0x00000007be000000)
  to   space 17408K, 0% used [0x00000007bef00000,0x00000007bef00000,0x00000007c0000000)
 ParOldGen       total 349696K, used 11592K [0x00000007a0000000, 0x00000007b5580000, 0x00000007b5580000)
  object space 349696K, 3% used [0x00000007a0000000,0x00000007a0b52050,0x00000007b5580000)
 Metaspace       used 5438K, capacity 5616K, committed 5760K, reserved 1056768K
  class space    used 579K, capacity 630K, committed 640K, reserved 1048576K
}
{Heap before GC invocations=10 (full 0):
 PSYoungGen      total 141824K, used 141665K [0x00000007b5580000, 0x00000007c0000000, 0x00000007c0000000)
  eden space 140800K, 100% used [0x00000007b5580000,0x00000007bdf00000,0x00000007bdf00000)
  from space 1024K, 84% used [0x00000007bdf00000,0x00000007bdfd8610,0x00000007be000000)
  to   space 17408K, 0% used [0x00000007bef00000,0x00000007bef00000,0x00000007c0000000)
 ParOldGen       total 349696K, used 11592K [0x00000007a0000000, 0x00000007b5580000, 0x00000007b5580000)
  object space 349696K, 3% used [0x00000007a0000000,0x00000007a0b52050,0x00000007b5580000)
 Metaspace       used 5438K, capacity 5616K, committed 5760K, reserved 1056768K
  class space    used 579K, capacity 630K, committed 640K, reserved 1048576K
2018-07-25T18:07:59.877-0800: 2.157: [GC (Allocation Failure) [PSYoungGen: 141665K->802K(156160K)] 153257K->12598K(505856K), 0.0019933 secs] [Times: user=0.01 sys=0.00, real=0.00 secs] 
Heap after GC invocations=10 (full 0):
 PSYoungGen      total 156160K, used 802K [0x00000007b5580000, 0x00000007c0000000, 0x00000007c0000000)
  eden space 138752K, 0% used [0x00000007b5580000,0x00000007b5580000,0x00000007bdd00000)
  from space 17408K, 4% used [0x00000007bef00000,0x00000007befc8a18,0x00000007c0000000)
  to   space 17920K, 0% used [0x00000007bdd00000,0x00000007bdd00000,0x00000007bee80000)
 ParOldGen       total 349696K, used 11796K [0x00000007a0000000, 0x00000007b5580000, 0x00000007b5580000)
  object space 349696K, 3% used [0x00000007a0000000,0x00000007a0b85060,0x00000007b5580000)
 Metaspace       used 5438K, capacity 5616K, committed 5760K, reserved 1056768K
  class space    used 579K, capacity 630K, committed 640K, reserved 1048576K
}
{Heap before GC invocations=11 (full 0):
 PSYoungGen      total 156160K, used 139554K [0x00000007b5580000, 0x00000007c0000000, 0x00000007c0000000)
  eden space 138752K, 100% used [0x00000007b5580000,0x00000007bdd00000,0x00000007bdd00000)
  from space 17408K, 4% used [0x00000007bef00000,0x00000007befc8a18,0x00000007c0000000)
  to   space 17920K, 0% used [0x00000007bdd00000,0x00000007bdd00000,0x00000007bee80000)
 ParOldGen       total 349696K, used 11796K [0x00000007a0000000, 0x00000007b5580000, 0x00000007b5580000)
  object space 349696K, 3% used [0x00000007a0000000,0x00000007a0b85060,0x00000007b5580000)
 Metaspace       used 5439K, capacity 5616K, committed 5760K, reserved 1056768K
  class space    used 579K, capacity 630K, committed 640K, reserved 1048576K
2018-07-25T18:08:00.019-0800: 2.299: [GC (Allocation Failure) [PSYoungGen: 139554K->1009K(156672K)] 151350K->12805K(506368K), 0.0005219 secs] [Times: user=0.01 sys=0.00, real=0.01 secs] 
Heap after GC invocations=11 (full 0):
 PSYoungGen      total 156672K, used 1009K [0x00000007b5580000, 0x00000007c0000000, 0x00000007c0000000)
  eden space 138752K, 0% used [0x00000007b5580000,0x00000007b5580000,0x00000007bdd00000)
  from space 17920K, 5% used [0x00000007bdd00000,0x00000007bddfc588,0x00000007bee80000)
  to   space 17920K, 0% used [0x00000007bee80000,0x00000007bee80000,0x00000007c0000000)
 ParOldGen       total 349696K, used 11796K [0x00000007a0000000, 0x00000007b5580000, 0x00000007b5580000)
  object space 349696K, 3% used [0x00000007a0000000,0x00000007a0b85060,0x00000007b5580000)
 Metaspace       used 5439K, capacity 5616K, committed 5760K, reserved 1056768K
  class space    used 579K, capacity 630K, committed 640K, reserved 1048576K
}
{Heap before GC invocations=12 (full 0):
 PSYoungGen      total 156672K, used 139761K [0x00000007b5580000, 0x00000007c0000000, 0x00000007c0000000)
  eden space 138752K, 100% used [0x00000007b5580000,0x00000007bdd00000,0x00000007bdd00000)
  from space 17920K, 5% used [0x00000007bdd00000,0x00000007bddfc588,0x00000007bee80000)
  to   space 17920K, 0% used [0x00000007bee80000,0x00000007bee80000,0x00000007c0000000)
 ParOldGen       total 349696K, used 11796K [0x00000007a0000000, 0x00000007b5580000, 0x00000007b5580000)
  object space 349696K, 3% used [0x00000007a0000000,0x00000007a0b85060,0x00000007b5580000)
 Metaspace       used 5439K, capacity 5616K, committed 5760K, reserved 1056768K
  class space    used 579K, capacity 630K, committed 640K, reserved 1048576K
2018-07-25T18:08:00.125-0800: 2.405: [GC (Allocation Failure) [PSYoungGen: 139761K->401K(156672K)] 151557K->12245K(506368K), 0.0006941 secs] [Times: user=0.00 sys=0.00, real=0.00 secs] 
Heap after GC invocations=12 (full 0):
 PSYoungGen      total 156672K, used 401K [0x00000007b5580000, 0x00000007c0000000, 0x00000007c0000000)
  eden space 138752K, 0% used [0x00000007b5580000,0x00000007b5580000,0x00000007bdd00000)
  from space 17920K, 2% used [0x00000007bee80000,0x00000007beee46e0,0x00000007c0000000)
  to   space 17920K, 0% used [0x00000007bdd00000,0x00000007bdd00000,0x00000007bee80000)
 ParOldGen       total 349696K, used 11844K [0x00000007a0000000, 0x00000007b5580000, 0x00000007b5580000)
  object space 349696K, 3% used [0x00000007a0000000,0x00000007a0b91060,0x00000007b5580000)
 Metaspace       used 5439K, capacity 5616K, committed 5760K, reserved 1056768K
  class space    used 579K, capacity 630K, committed 640K, reserved 1048576K
}
{Heap before GC invocations=13 (full 0):
 PSYoungGen      total 156672K, used 139039K [0x00000007b5580000, 0x00000007c0000000, 0x00000007c0000000)
  eden space 138752K, 99% used [0x00000007b5580000,0x00000007bdce36d0,0x00000007bdd00000)
  from space 17920K, 2% used [0x00000007bee80000,0x00000007beee46e0,0x00000007c0000000)
  to   space 17920K, 0% used [0x00000007bdd00000,0x00000007bdd00000,0x00000007bee80000)
 ParOldGen       total 349696K, used 11844K [0x00000007a0000000, 0x00000007b5580000, 0x00000007b5580000)
  object space 349696K, 3% used [0x00000007a0000000,0x00000007a0b91060,0x00000007b5580000)
 Metaspace       used 5439K, capacity 5616K, committed 5760K, reserved 1056768K
  class space    used 579K, capacity 630K, committed 640K, reserved 1048576K
2018-07-25T18:08:00.218-0800: 2.498: [GC (Allocation Failure) [PSYoungGen: 139039K->1072K(156672K)] 150883K->12916K(506368K), 0.0006719 secs] [Times: user=0.01 sys=0.00, real=0.00 secs] 
Heap after GC invocations=13 (full 0):
 PSYoungGen      total 156672K, used 1072K [0x00000007b5580000, 0x00000007c0000000, 0x00000007c0000000)
  eden space 138752K, 0% used [0x00000007b5580000,0x00000007b5580000,0x00000007bdd00000)
  from space 17920K, 5% used [0x00000007bdd00000,0x00000007bde0c258,0x00000007bee80000)
  to   space 17920K, 0% used [0x00000007bee80000,0x00000007bee80000,0x00000007c0000000)
 ParOldGen       total 349696K, used 11844K [0x00000007a0000000, 0x00000007b5580000, 0x00000007b5580000)
  object space 349696K, 3% used [0x00000007a0000000,0x00000007a0b91060,0x00000007b5580000)
 Metaspace       used 5439K, capacity 5616K, committed 5760K, reserved 1056768K
  class space    used 579K, capacity 630K, committed 640K, reserved 1048576K
}
{Heap before GC invocations=14 (full 0):
 PSYoungGen      total 156672K, used 139047K [0x00000007b5580000, 0x00000007c0000000, 0x00000007c0000000)
  eden space 138752K, 99% used [0x00000007b5580000,0x00000007bdc3dab0,0x00000007bdd00000)
  from space 17920K, 5% used [0x00000007bdd00000,0x00000007bde0c258,0x00000007bee80000)
  to   space 17920K, 0% used [0x00000007bee80000,0x00000007bee80000,0x00000007c0000000)
 ParOldGen       total 349696K, used 11844K [0x00000007a0000000, 0x00000007b5580000, 0x00000007b5580000)
  object space 349696K, 3% used [0x00000007a0000000,0x00000007a0b91060,0x00000007b5580000)
 Metaspace       used 5439K, capacity 5616K, committed 5760K, reserved 1056768K
  class space    used 579K, capacity 630K, committed 640K, reserved 1048576K
2018-07-25T18:08:00.298-0800: 2.579: [GC (Allocation Failure) [PSYoungGen: 139047K->3676K(157696K)] 150891K->15528K(507392K), 0.0009843 secs] [Times: user=0.01 sys=0.00, real=0.00 secs] 
Heap after GC invocations=14 (full 0):
 PSYoungGen      total 157696K, used 3676K [0x00000007b5580000, 0x00000007c0000000, 0x00000007c0000000)
  eden space 139776K, 0% used [0x00000007b5580000,0x00000007b5580000,0x00000007bde00000)
  from space 17920K, 20% used [0x00000007bee80000,0x00000007bf217360,0x00000007c0000000)
  to   space 16896K, 0% used [0x00000007bde00000,0x00000007bde00000,0x00000007bee80000)
 ParOldGen       total 349696K, used 11852K [0x00000007a0000000, 0x00000007b5580000, 0x00000007b5580000)
  object space 349696K, 3% used [0x00000007a0000000,0x00000007a0b93060,0x00000007b5580000)
 Metaspace       used 5439K, capacity 5616K, committed 5760K, reserved 1056768K
  class space    used 579K, capacity 630K, committed 640K, reserved 1048576K
}
{Heap before GC invocations=15 (full 0):
 PSYoungGen      total 157696K, used 139917K [0x00000007b5580000, 0x00000007c0000000, 0x00000007c0000000)
  eden space 139776K, 97% used [0x00000007b5580000,0x00000007bda8c2d0,0x00000007bde00000)
  from space 17920K, 20% used [0x00000007bee80000,0x00000007bf217360,0x00000007c0000000)
  to   space 16896K, 0% used [0x00000007bde00000,0x00000007bde00000,0x00000007bee80000)
 ParOldGen       total 349696K, used 11852K [0x00000007a0000000, 0x00000007b5580000, 0x00000007b5580000)
  object space 349696K, 3% used [0x00000007a0000000,0x00000007a0b93060,0x00000007b5580000)
 Metaspace       used 5439K, capacity 5616K, committed 5760K, reserved 1056768K
  class space    used 579K, capacity 630K, committed 640K, reserved 1048576K
2018-07-25T18:08:00.382-0800: 2.663: [GC (Allocation Failure) [PSYoungGen: 139917K->6345K(156672K)] 151769K->18197K(506368K), 0.0011691 secs] [Times: user=0.00 sys=0.00, real=0.00 secs] 
Heap after GC invocations=15 (full 0):
 PSYoungGen      total 156672K, used 6345K [0x00000007b5580000, 0x00000007c0000000, 0x00000007c0000000)
  eden space 139776K, 0% used [0x00000007b5580000,0x00000007b5580000,0x00000007bde00000)
  from space 16896K, 37% used [0x00000007bde00000,0x00000007be432408,0x00000007bee80000)
  to   space 15872K, 0% used [0x00000007bf080000,0x00000007bf080000,0x00000007c0000000)
 ParOldGen       total 349696K, used 11852K [0x00000007a0000000, 0x00000007b5580000, 0x00000007b5580000)
  object space 349696K, 3% used [0x00000007a0000000,0x00000007a0b93060,0x00000007b5580000)
 Metaspace       used 5439K, capacity 5616K, committed 5760K, reserved 1056768K
  class space    used 579K, capacity 630K, committed 640K, reserved 1048576K
}
{Heap before GC invocations=16 (full 0):
 PSYoungGen      total 156672K, used 145369K [0x00000007b5580000, 0x00000007c0000000, 0x00000007c0000000)
  eden space 139776K, 99% used [0x00000007b5580000,0x00000007bdd441b0,0x00000007bde00000)
  from space 16896K, 37% used [0x00000007bde00000,0x00000007be432408,0x00000007bee80000)
  to   space 15872K, 0% used [0x00000007bf080000,0x00000007bf080000,0x00000007c0000000)
 ParOldGen       total 349696K, used 11852K [0x00000007a0000000, 0x00000007b5580000, 0x00000007b5580000)
  object space 349696K, 3% used [0x00000007a0000000,0x00000007a0b93060,0x00000007b5580000)
 Metaspace       used 5439K, capacity 5616K, committed 5760K, reserved 1056768K
  class space    used 579K, capacity 630K, committed 640K, reserved 1048576K
2018-07-25T18:08:00.466-0800: 2.746: [GC (Allocation Failure) [PSYoungGen: 145369K->2406K(159232K)] 157221K->14258K(508928K), 0.0009667 secs] [Times: user=0.01 sys=0.00, real=0.00 secs] 
Heap after GC invocations=16 (full 0):
 PSYoungGen      total 159232K, used 2406K [0x00000007b5580000, 0x00000007c0000000, 0x00000007c0000000)
  eden space 143360K, 0% used [0x00000007b5580000,0x00000007b5580000,0x00000007be180000)
  from space 15872K, 15% used [0x00000007bf080000,0x00000007bf2d9ac8,0x00000007c0000000)
  to   space 15360K, 0% used [0x00000007be180000,0x00000007be180000,0x00000007bf080000)
 ParOldGen       total 349696K, used 11852K [0x00000007a0000000, 0x00000007b5580000, 0x00000007b5580000)
  object space 349696K, 3% used [0x00000007a0000000,0x00000007a0b93060,0x00000007b5580000)
 Metaspace       used 5439K, capacity 5616K, committed 5760K, reserved 1056768K
  class space    used 579K, capacity 630K, committed 640K, reserved 1048576K
}
{Heap before GC invocations=17 (full 0):
 PSYoungGen      total 159232K, used 145504K [0x00000007b5580000, 0x00000007c0000000, 0x00000007c0000000)
  eden space 143360K, 99% used [0x00000007b5580000,0x00000007be13e8f8,0x00000007be180000)
  from space 15872K, 15% used [0x00000007bf080000,0x00000007bf2d9ac8,0x00000007c0000000)
  to   space 15360K, 0% used [0x00000007be180000,0x00000007be180000,0x00000007bf080000)
 ParOldGen       total 349696K, used 11852K [0x00000007a0000000, 0x00000007b5580000, 0x00000007b5580000)
  object space 349696K, 3% used [0x00000007a0000000,0x00000007a0b93060,0x00000007b5580000)
 Metaspace       used 5439K, capacity 5616K, committed 5760K, reserved 1056768K
  class space    used 579K, capacity 630K, committed 640K, reserved 1048576K
2018-07-25T18:08:00.549-0800: 2.830: [GC (Allocation Failure) [PSYoungGen: 145504K->1072K(158720K)] 157357K->12924K(508416K), 0.0007548 secs] [Times: user=0.00 sys=0.00, real=0.01 secs] 
Heap after GC invocations=17 (full 0):
 PSYoungGen      total 158720K, used 1072K [0x00000007b5580000, 0x00000007c0000000, 0x00000007c0000000)
  eden space 143360K, 0% used [0x00000007b5580000,0x00000007b5580000,0x00000007be180000)
  from space 15360K, 6% used [0x00000007be180000,0x00000007be28c258,0x00000007bf080000)
  to   space 15360K, 0% used [0x00000007bf100000,0x00000007bf100000,0x00000007c0000000)
 ParOldGen       total 349696K, used 11852K [0x00000007a0000000, 0x00000007b5580000, 0x00000007b5580000)
  object space 349696K, 3% used [0x00000007a0000000,0x00000007a0b93060,0x00000007b5580000)
 Metaspace       used 5439K, capacity 5616K, committed 5760K, reserved 1056768K
  class space    used 579K, capacity 630K, committed 640K, reserved 1048576K
}
{Heap before GC invocations=18 (full 0):
 PSYoungGen      total 158720K, used 143182K [0x00000007b5580000, 0x00000007c0000000, 0x00000007c0000000)
  eden space 143360K, 99% used [0x00000007b5580000,0x00000007be047648,0x00000007be180000)
  from space 15360K, 6% used [0x00000007be180000,0x00000007be28c258,0x00000007bf080000)
  to   space 15360K, 0% used [0x00000007bf100000,0x00000007bf100000,0x00000007c0000000)
 ParOldGen       total 349696K, used 11852K [0x00000007a0000000, 0x00000007b5580000, 0x00000007b5580000)
  object space 349696K, 3% used [0x00000007a0000000,0x00000007a0b93060,0x00000007b5580000)
 Metaspace       used 5439K, capacity 5616K, committed 5760K, reserved 1056768K
  class space    used 579K, capacity 630K, committed 640K, reserved 1048576K
2018-07-25T18:08:00.627-0800: 2.907: [GC (Allocation Failure) [PSYoungGen: 143182K->7583K(159232K)] 155034K->19435K(508928K), 0.0017981 secs] [Times: user=0.01 sys=0.00, real=0.00 secs] 
Heap after GC invocations=18 (full 0):
 PSYoungGen      total 159232K, used 7583K [0x00000007b5580000, 0x00000007c0000000, 0x00000007c0000000)
  eden space 143872K, 0% used [0x00000007b5580000,0x00000007b5580000,0x00000007be200000)
  from space 15360K, 49% used [0x00000007bf100000,0x00000007bf867ce8,0x00000007c0000000)
  to   space 15360K, 0% used [0x00000007be200000,0x00000007be200000,0x00000007bf100000)
 ParOldGen       total 349696K, used 11852K [0x00000007a0000000, 0x00000007b5580000, 0x00000007b5580000)
  object space 349696K, 3% used [0x00000007a0000000,0x00000007a0b93060,0x00000007b5580000)
 Metaspace       used 5439K, capacity 5616K, committed 5760K, reserved 1056768K
  class space    used 579K, capacity 630K, committed 640K, reserved 1048576K
}
{Heap before GC invocations=19 (full 0):
 PSYoungGen      total 159232K, used 148413K [0x00000007b5580000, 0x00000007c0000000, 0x00000007c0000000)
  eden space 143872K, 97% used [0x00000007b5580000,0x00000007bdf07a38,0x00000007be200000)
  from space 15360K, 49% used [0x00000007bf100000,0x00000007bf867ce8,0x00000007c0000000)
  to   space 15360K, 0% used [0x00000007be200000,0x00000007be200000,0x00000007bf100000)
 ParOldGen       total 349696K, used 11852K [0x00000007a0000000, 0x00000007b5580000, 0x00000007b5580000)
  object space 349696K, 3% used [0x00000007a0000000,0x00000007a0b93060,0x00000007b5580000)
 Metaspace       used 5439K, capacity 5616K, committed 5760K, reserved 1056768K
  class space    used 579K, capacity 630K, committed 640K, reserved 1048576K
2018-07-25T18:08:00.709-0800: 2.990: [GC (Allocation Failure) [PSYoungGen: 148413K->3708K(159232K)] 160265K->15560K(508928K), 0.0010983 secs] [Times: user=0.01 sys=0.00, real=0.01 secs] 
Heap after GC invocations=19 (full 0):
 PSYoungGen      total 159232K, used 3708K [0x00000007b5580000, 0x00000007c0000000, 0x00000007c0000000)
  eden space 143872K, 0% used [0x00000007b5580000,0x00000007b5580000,0x00000007be200000)
  from space 15360K, 24% used [0x00000007be200000,0x00000007be59f360,0x00000007bf100000)
  to   space 14336K, 0% used [0x00000007bf200000,0x00000007bf200000,0x00000007c0000000)
 ParOldGen       total 349696K, used 11852K [0x00000007a0000000, 0x00000007b5580000, 0x00000007b5580000)
  object space 349696K, 3% used [0x00000007a0000000,0x00000007a0b93060,0x00000007b5580000)
 Metaspace       used 5439K, capacity 5616K, committed 5760K, reserved 1056768K
  class space    used 579K, capacity 630K, committed 640K, reserved 1048576K
}
{Heap before GC invocations=20 (full 0):
 PSYoungGen      total 159232K, used 145842K [0x00000007b5580000, 0x00000007c0000000, 0x00000007c0000000)
  eden space 143872K, 98% used [0x00000007b5580000,0x00000007be04d638,0x00000007be200000)
  from space 15360K, 24% used [0x00000007be200000,0x00000007be59f360,0x00000007bf100000)
  to   space 14336K, 0% used [0x00000007bf200000,0x00000007bf200000,0x00000007c0000000)
 ParOldGen       total 349696K, used 11852K [0x00000007a0000000, 0x00000007b5580000, 0x00000007b5580000)
  object space 349696K, 3% used [0x00000007a0000000,0x00000007a0b93060,0x00000007b5580000)
 Metaspace       used 5439K, capacity 5616K, committed 5760K, reserved 1056768K
  class space    used 579K, capacity 630K, committed 640K, reserved 1048576K
2018-07-25T18:08:00.800-0800: 3.080: [GC (Allocation Failure) [PSYoungGen: 145842K->6312K(160256K)] 157694K->18165K(509952K), 0.0012388 secs] [Times: user=0.01 sys=0.00, real=0.00 secs] 
Heap after GC invocations=20 (full 0):
 PSYoungGen      total 160256K, used 6312K [0x00000007b5580000, 0x00000007c0000000, 0x00000007c0000000)
  eden space 145920K, 0% used [0x00000007b5580000,0x00000007b5580000,0x00000007be400000)
  from space 14336K, 44% used [0x00000007bf200000,0x00000007bf82a3f0,0x00000007c0000000)
  to   space 14336K, 0% used [0x00000007be400000,0x00000007be400000,0x00000007bf200000)
 ParOldGen       total 349696K, used 11852K [0x00000007a0000000, 0x00000007b5580000, 0x00000007b5580000)
  object space 349696K, 3% used [0x00000007a0000000,0x00000007a0b93060,0x00000007b5580000)
 Metaspace       used 5439K, capacity 5616K, committed 5760K, reserved 1056768K
  class space    used 579K, capacity 630K, committed 640K, reserved 1048576K
}
{Heap before GC invocations=21 (full 0):
 PSYoungGen      total 160256K, used 151129K [0x00000007b5580000, 0x00000007c0000000, 0x00000007c0000000)
  eden space 145920K, 99% used [0x00000007b5580000,0x00000007be2ec340,0x00000007be400000)
  from space 14336K, 44% used [0x00000007bf200000,0x00000007bf82a3f0,0x00000007c0000000)
  to   space 14336K, 0% used [0x00000007be400000,0x00000007be400000,0x00000007bf200000)
 ParOldGen       total 349696K, used 11852K [0x00000007a0000000, 0x00000007b5580000, 0x00000007b5580000)
  object space 349696K, 3% used [0x00000007a0000000,0x00000007a0b93060,0x00000007b5580000)
 Metaspace       used 5439K, capacity 5616K, committed 5760K, reserved 1056768K
  class space    used 579K, capacity 630K, committed 640K, reserved 1048576K
2018-07-25T18:08:00.883-0800: 3.164: [GC (Allocation Failure) [PSYoungGen: 151129K->6331K(160256K)] 162981K->18183K(509952K), 0.0026673 secs] [Times: user=0.02 sys=0.00, real=0.00 secs] 
Heap after GC invocations=21 (full 0):
 PSYoungGen      total 160256K, used 6331K [0x00000007b5580000, 0x00000007c0000000, 0x00000007c0000000)
  eden space 145920K, 0% used [0x00000007b5580000,0x00000007b5580000,0x00000007be400000)
  from space 14336K, 44% used [0x00000007be400000,0x00000007bea2ec90,0x00000007bf200000)
  to   space 13824K, 0% used [0x00000007bf280000,0x00000007bf280000,0x00000007c0000000)
 ParOldGen       total 349696K, used 11852K [0x00000007a0000000, 0x00000007b5580000, 0x00000007b5580000)
  object space 349696K, 3% used [0x00000007a0000000,0x00000007a0b93060,0x00000007b5580000)
 Metaspace       used 5439K, capacity 5616K, committed 5760K, reserved 1056768K
  class space    used 579K, capacity 630K, committed 640K, reserved 1048576K
}
{Heap before GC invocations=22 (full 0):
 PSYoungGen      total 160256K, used 151187K [0x00000007b5580000, 0x00000007c0000000, 0x00000007c0000000)
  eden space 145920K, 99% used [0x00000007b5580000,0x00000007be2f5fc8,0x00000007be400000)
  from space 14336K, 44% used [0x00000007be400000,0x00000007bea2ec90,0x00000007bf200000)
  to   space 13824K, 0% used [0x00000007bf280000,0x00000007bf280000,0x00000007c0000000)
 ParOldGen       total 349696K, used 11852K [0x00000007a0000000, 0x00000007b5580000, 0x00000007b5580000)
  object space 349696K, 3% used [0x00000007a0000000,0x00000007a0b93060,0x00000007b5580000)
 Metaspace       used 5439K, capacity 5616K, committed 5760K, reserved 1056768K
  class space    used 579K, capacity 630K, committed 640K, reserved 1048576K
2018-07-25T18:08:00.967-0800: 3.248: [GC (Allocation Failure) [PSYoungGen: 151187K->6312K(161280K)] 163039K->18165K(510976K), 0.0012262 secs] [Times: user=0.01 sys=0.00, real=0.00 secs] 
Heap after GC invocations=22 (full 0):
 PSYoungGen      total 161280K, used 6312K [0x00000007b5580000, 0x00000007c0000000, 0x00000007c0000000)
  eden space 147456K, 0% used [0x00000007b5580000,0x00000007b5580000,0x00000007be580000)
  from space 13824K, 45% used [0x00000007bf280000,0x00000007bf8aa3f0,0x00000007c0000000)
  to   space 13312K, 0% used [0x00000007be580000,0x00000007be580000,0x00000007bf280000)
 ParOldGen       total 349696K, used 11852K [0x00000007a0000000, 0x00000007b5580000, 0x00000007b5580000)
  object space 349696K, 3% used [0x00000007a0000000,0x00000007a0b93060,0x00000007b5580000)
 Metaspace       used 5439K, capacity 5616K, committed 5760K, reserved 1056768K
  class space    used 579K, capacity 630K, committed 640K, reserved 1048576K
}
{Heap before GC invocations=23 (full 0):
 PSYoungGen      total 161280K, used 151211K [0x00000007b5580000, 0x00000007c0000000, 0x00000007c0000000)
  eden space 147456K, 98% used [0x00000007b5580000,0x00000007be300b80,0x00000007be580000)
  from space 13824K, 45% used [0x00000007bf280000,0x00000007bf8aa3f0,0x00000007c0000000)
  to   space 13312K, 0% used [0x00000007be580000,0x00000007be580000,0x00000007bf280000)
 ParOldGen       total 349696K, used 11852K [0x00000007a0000000, 0x00000007b5580000, 0x00000007b5580000)
  object space 349696K, 3% used [0x00000007a0000000,0x00000007a0b93060,0x00000007b5580000)
 Metaspace       used 5439K, capacity 5616K, committed 5760K, reserved 1056768K
  class space    used 579K, capacity 630K, committed 640K, reserved 1048576K
2018-07-25T18:08:01.049-0800: 3.330: [GC (Allocation Failure) [PSYoungGen: 151211K->6344K(160768K)] 163063K->18197K(510464K), 0.0016651 secs] [Times: user=0.01 sys=0.00, real=0.01 secs] 
Heap after GC invocations=23 (full 0):
 PSYoungGen      total 160768K, used 6344K [0x00000007b5580000, 0x00000007c0000000, 0x00000007c0000000)
  eden space 147456K, 0% used [0x00000007b5580000,0x00000007b5580000,0x00000007be580000)
  from space 13312K, 47% used [0x00000007be580000,0x00000007bebb23f0,0x00000007bf280000)
  to   space 12800K, 0% used [0x00000007bf380000,0x00000007bf380000,0x00000007c0000000)
 ParOldGen       total 349696K, used 11852K [0x00000007a0000000, 0x00000007b5580000, 0x00000007b5580000)
  object space 349696K, 3% used [0x00000007a0000000,0x00000007a0b93060,0x00000007b5580000)
 Metaspace       used 5439K, capacity 5616K, committed 5760K, reserved 1056768K
  class space    used 579K, capacity 630K, committed 640K, reserved 1048576K
}
{Heap before GC invocations=24 (full 0):
 PSYoungGen      total 160768K, used 151221K [0x00000007b5580000, 0x00000007c0000000, 0x00000007c0000000)
  eden space 147456K, 98% used [0x00000007b5580000,0x00000007be2fb3a0,0x00000007be580000)
  from space 13312K, 47% used [0x00000007be580000,0x00000007bebb23f0,0x00000007bf280000)
  to   space 12800K, 0% used [0x00000007bf380000,0x00000007bf380000,0x00000007c0000000)
 ParOldGen       total 349696K, used 11852K [0x00000007a0000000, 0x00000007b5580000, 0x00000007b5580000)
  object space 349696K, 3% used [0x00000007a0000000,0x00000007a0b93060,0x00000007b5580000)
 Metaspace       used 5439K, capacity 5616K, committed 5760K, reserved 1056768K
  class space    used 579K, capacity 630K, committed 640K, reserved 1048576K
2018-07-25T18:08:01.133-0800: 3.414: [GC (Allocation Failure) [PSYoungGen: 151221K->6306K(162304K)] 163073K->18158K(512000K), 0.0013860 secs] [Times: user=0.01 sys=0.00, real=0.00 secs] 
Heap after GC invocations=24 (full 0):
 PSYoungGen      total 162304K, used 6306K [0x00000007b5580000, 0x00000007c0000000, 0x00000007c0000000)
  eden space 149504K, 0% used [0x00000007b5580000,0x00000007b5580000,0x00000007be780000)
  from space 12800K, 49% used [0x00000007bf380000,0x00000007bf9a88c8,0x00000007c0000000)
  to   space 12288K, 0% used [0x00000007be780000,0x00000007be780000,0x00000007bf380000)
 ParOldGen       total 349696K, used 11852K [0x00000007a0000000, 0x00000007b5580000, 0x00000007b5580000)
  object space 349696K, 3% used [0x00000007a0000000,0x00000007a0b93060,0x00000007b5580000)
 Metaspace       used 5439K, capacity 5616K, committed 5760K, reserved 1056768K
  class space    used 579K, capacity 630K, committed 640K, reserved 1048576K
}
{Heap before GC invocations=25 (full 0):
 PSYoungGen      total 162304K, used 153870K [0x00000007b5580000, 0x00000007c0000000, 0x00000007c0000000)
  eden space 149504K, 98% used [0x00000007b5580000,0x00000007be59b008,0x00000007be780000)
  from space 12800K, 49% used [0x00000007bf380000,0x00000007bf9a88c8,0x00000007c0000000)
  to   space 12288K, 0% used [0x00000007be780000,0x00000007be780000,0x00000007bf380000)
 ParOldGen       total 349696K, used 11852K [0x00000007a0000000, 0x00000007b5580000, 0x00000007b5580000)
  object space 349696K, 3% used [0x00000007a0000000,0x00000007a0b93060,0x00000007b5580000)
 Metaspace       used 5439K, capacity 5616K, committed 5760K, reserved 1056768K
  class space    used 579K, capacity 630K, committed 640K, reserved 1048576K
2018-07-25T18:08:01.218-0800: 3.498: [GC (Allocation Failure) [PSYoungGen: 153870K->3704K(161792K)] 165722K->15556K(511488K), 0.0010441 secs] [Times: user=0.00 sys=0.00, real=0.00 secs] 
Heap after GC invocations=25 (full 0):
 PSYoungGen      total 161792K, used 3704K [0x00000007b5580000, 0x00000007c0000000, 0x00000007c0000000)
  eden space 149504K, 0% used [0x00000007b5580000,0x00000007b5580000,0x00000007be780000)
  from space 12288K, 30% used [0x00000007be780000,0x00000007beb1e1a0,0x00000007bf380000)
  to   space 12288K, 0% used [0x00000007bf400000,0x00000007bf400000,0x00000007c0000000)
 ParOldGen       total 349696K, used 11852K [0x00000007a0000000, 0x00000007b5580000, 0x00000007b5580000)
  object space 349696K, 3% used [0x00000007a0000000,0x00000007a0b93060,0x00000007b5580000)
 Metaspace       used 5439K, capacity 5616K, committed 5760K, reserved 1056768K
  class space    used 579K, capacity 630K, committed 640K, reserved 1048576K
}
{Heap before GC invocations=26 (full 0):
 PSYoungGen      total 161792K, used 152629K [0x00000007b5580000, 0x00000007c0000000, 0x00000007c0000000)
  eden space 149504K, 99% used [0x00000007b5580000,0x00000007be6ef450,0x00000007be780000)
  from space 12288K, 30% used [0x00000007be780000,0x00000007beb1e1a0,0x00000007bf380000)
  to   space 12288K, 0% used [0x00000007bf400000,0x00000007bf400000,0x00000007c0000000)
 ParOldGen       total 349696K, used 11852K [0x00000007a0000000, 0x00000007b5580000, 0x00000007b5580000)
  object space 349696K, 3% used [0x00000007a0000000,0x00000007a0b93060,0x00000007b5580000)
 Metaspace       used 5439K, capacity 5616K, committed 5760K, reserved 1056768K
  class space    used 579K, capacity 630K, committed 640K, reserved 1048576K
2018-07-25T18:08:01.306-0800: 3.586: [GC (Allocation Failure) [PSYoungGen: 152629K->7551K(162304K)] 164481K->19403K(512000K), 0.0013407 secs] [Times: user=0.01 sys=0.01, real=0.00 secs] 
Heap after GC invocations=26 (full 0):
 PSYoungGen      total 162304K, used 7551K [0x00000007b5580000, 0x00000007c0000000, 0x00000007c0000000)
  eden space 150016K, 0% used [0x00000007b5580000,0x00000007b5580000,0x00000007be800000)
  from space 12288K, 61% used [0x00000007bf400000,0x00000007bfb5fce8,0x00000007c0000000)
  to   space 12288K, 0% used [0x00000007be800000,0x00000007be800000,0x00000007bf400000)
 ParOldGen       total 349696K, used 11852K [0x00000007a0000000, 0x00000007b5580000, 0x00000007b5580000)
  object space 349696K, 3% used [0x00000007a0000000,0x00000007a0b93060,0x00000007b5580000)
 Metaspace       used 5439K, capacity 5616K, committed 5760K, reserved 1056768K
  class space    used 579K, capacity 630K, committed 640K, reserved 1048576K
}
{Heap before GC invocations=27 (full 0):
 PSYoungGen      total 162304K, used 156176K [0x00000007b5580000, 0x00000007c0000000, 0x00000007c0000000)
  eden space 150016K, 99% used [0x00000007b5580000,0x00000007be6a4400,0x00000007be800000)
  from space 12288K, 61% used [0x00000007bf400000,0x00000007bfb5fce8,0x00000007c0000000)
  to   space 12288K, 0% used [0x00000007be800000,0x00000007be800000,0x00000007bf400000)
 ParOldGen       total 349696K, used 11852K [0x00000007a0000000, 0x00000007b5580000, 0x00000007b5580000)
  object space 349696K, 3% used [0x00000007a0000000,0x00000007a0b93060,0x00000007b5580000)
 Metaspace       used 5439K, capacity 5616K, committed 5760K, reserved 1056768K
  class space    used 579K, capacity 630K, committed 640K, reserved 1048576K
2018-07-25T18:08:01.399-0800: 3.680: [GC (Allocation Failure) [PSYoungGen: 156176K->2439K(162304K)] 168028K->14291K(512000K), 0.0008030 secs] [Times: user=0.00 sys=0.00, real=0.01 secs] 
Heap after GC invocations=27 (full 0):
 PSYoungGen      total 162304K, used 2439K [0x00000007b5580000, 0x00000007c0000000, 0x00000007c0000000)
  eden space 150016K, 0% used [0x00000007b5580000,0x00000007b5580000,0x00000007be800000)
  from space 12288K, 19% used [0x00000007be800000,0x00000007bea61d30,0x00000007bf400000)
  to   space 12288K, 0% used [0x00000007bf400000,0x00000007bf400000,0x00000007c0000000)
 ParOldGen       total 349696K, used 11852K [0x00000007a0000000, 0x00000007b5580000, 0x00000007b5580000)
  object space 349696K, 3% used [0x00000007a0000000,0x00000007a0b93060,0x00000007b5580000)
 Metaspace       used 5439K, capacity 5616K, committed 5760K, reserved 1056768K
  class space    used 579K, capacity 630K, committed 640K, reserved 1048576K
}
{Heap before GC invocations=28 (full 0):
 PSYoungGen      total 162304K, used 150412K [0x00000007b5580000, 0x00000007c0000000, 0x00000007c0000000)
  eden space 150016K, 98% used [0x00000007b5580000,0x00000007be6015c8,0x00000007be800000)
  from space 12288K, 19% used [0x00000007be800000,0x00000007bea61d30,0x00000007bf400000)
  to   space 12288K, 0% used [0x00000007bf400000,0x00000007bf400000,0x00000007c0000000)
 ParOldGen       total 349696K, used 11852K [0x00000007a0000000, 0x00000007b5580000, 0x00000007b5580000)
  object space 349696K, 3% used [0x00000007a0000000,0x00000007a0b93060,0x00000007b5580000)
 Metaspace       used 5439K, capacity 5616K, committed 5760K, reserved 1056768K
  class space    used 579K, capacity 630K, committed 640K, reserved 1048576K
2018-07-25T18:08:01.486-0800: 3.767: [GC (Allocation Failure) [PSYoungGen: 150412K->3743K(162816K)] 162264K->15595K(512512K), 0.0009019 secs] [Times: user=0.00 sys=0.00, real=0.00 secs] 
Heap after GC invocations=28 (full 0):
 PSYoungGen      total 162816K, used 3743K [0x00000007b5580000, 0x00000007c0000000, 0x00000007c0000000)
  eden space 150528K, 0% used [0x00000007b5580000,0x00000007b5580000,0x00000007be880000)
  from space 12288K, 30% used [0x00000007bf400000,0x00000007bf7a7ef0,0x00000007c0000000)
  to   space 11776K, 0% used [0x00000007be880000,0x00000007be880000,0x00000007bf400000)
 ParOldGen       total 349696K, used 11852K [0x00000007a0000000, 0x00000007b5580000, 0x00000007b5580000)
  object space 349696K, 3% used [0x00000007a0000000,0x00000007a0b93060,0x00000007b5580000)
 Metaspace       used 5439K, capacity 5616K, committed 5760K, reserved 1056768K
  class space    used 579K, capacity 630K, committed 640K, reserved 1048576K
}
{Heap before GC invocations=29 (full 0):
 PSYoungGen      total 162816K, used 151753K [0x00000007b5580000, 0x00000007c0000000, 0x00000007c0000000)
  eden space 150528K, 98% used [0x00000007b5580000,0x00000007be60a578,0x00000007be880000)
  from space 12288K, 30% used [0x00000007bf400000,0x00000007bf7a7ef0,0x00000007c0000000)
  to   space 11776K, 0% used [0x00000007be880000,0x00000007be880000,0x00000007bf400000)
 ParOldGen       total 349696K, used 11852K [0x00000007a0000000, 0x00000007b5580000, 0x00000007b5580000)
  object space 349696K, 3% used [0x00000007a0000000,0x00000007a0b93060,0x00000007b5580000)
 Metaspace       used 5439K, capacity 5616K, committed 5760K, reserved 1056768K
  class space    used 579K, capacity 630K, committed 640K, reserved 1048576K
2018-07-25T18:08:01.572-0800: 3.852: [GC (Allocation Failure) [PSYoungGen: 151753K->6318K(162304K)] 163605K->18170K(512000K), 0.0012409 secs] [Times: user=0.00 sys=0.00, real=0.00 secs] 
Heap after GC invocations=29 (full 0):
 PSYoungGen      total 162304K, used 6318K [0x00000007b5580000, 0x00000007c0000000, 0x00000007c0000000)
  eden space 150528K, 0% used [0x00000007b5580000,0x00000007b5580000,0x00000007be880000)
  from space 11776K, 53% used [0x00000007be880000,0x00000007beeab940,0x00000007bf400000)
  to   space 11776K, 0% used [0x00000007bf480000,0x00000007bf480000,0x00000007c0000000)
 ParOldGen       total 349696K, used 11852K [0x00000007a0000000, 0x00000007b5580000, 0x00000007b5580000)
  object space 349696K, 3% used [0x00000007a0000000,0x00000007a0b93060,0x00000007b5580000)
 Metaspace       used 5439K, capacity 5616K, committed 5760K, reserved 1056768K
  class space    used 579K, capacity 630K, committed 640K, reserved 1048576K
}
{Heap before GC invocations=30 (full 0):
 PSYoungGen      total 162304K, used 151757K [0x00000007b5580000, 0x00000007c0000000, 0x00000007c0000000)
  eden space 150528K, 96% used [0x00000007b5580000,0x00000007be387e98,0x00000007be880000)
  from space 11776K, 53% used [0x00000007be880000,0x00000007beeab940,0x00000007bf400000)
  to   space 11776K, 0% used [0x00000007bf480000,0x00000007bf480000,0x00000007c0000000)
 ParOldGen       total 349696K, used 11852K [0x00000007a0000000, 0x00000007b5580000, 0x00000007b5580000)
  object space 349696K, 3% used [0x00000007a0000000,0x00000007a0b93060,0x00000007b5580000)
 Metaspace       used 5439K, capacity 5616K, committed 5760K, reserved 1056768K
  class space    used 579K, capacity 630K, committed 640K, reserved 1048576K
2018-07-25T18:08:01.655-0800: 3.936: [GC (Allocation Failure) [PSYoungGen: 151757K->6320K(163328K)] 163610K->18172K(513024K), 0.0011529 secs] [Times: user=0.01 sys=0.00, real=0.00 secs] 
Heap after GC invocations=30 (full 0):
 PSYoungGen      total 163328K, used 6320K [0x00000007b5580000, 0x00000007c0000000, 0x00000007c0000000)
  eden space 151552K, 0% used [0x00000007b5580000,0x00000007b5580000,0x00000007be980000)
  from space 11776K, 53% used [0x00000007bf480000,0x00000007bfaac2a8,0x00000007c0000000)
  to   space 11264K, 0% used [0x00000007be980000,0x00000007be980000,0x00000007bf480000)
 ParOldGen       total 349696K, used 11852K [0x00000007a0000000, 0x00000007b5580000, 0x00000007b5580000)
  object space 349696K, 3% used [0x00000007a0000000,0x00000007a0b93060,0x00000007b5580000)
 Metaspace       used 5439K, capacity 5616K, committed 5760K, reserved 1056768K
  class space    used 579K, capacity 630K, committed 640K, reserved 1048576K
}
{Heap before GC invocations=31 (full 0):
 PSYoungGen      total 163328K, used 157069K [0x00000007b5580000, 0x00000007c0000000, 0x00000007c0000000)
  eden space 151552K, 99% used [0x00000007b5580000,0x00000007be8b7478,0x00000007be980000)
  from space 11776K, 53% used [0x00000007bf480000,0x00000007bfaac2a8,0x00000007c0000000)
  to   space 11264K, 0% used [0x00000007be980000,0x00000007be980000,0x00000007bf480000)
 ParOldGen       total 349696K, used 11852K [0x00000007a0000000, 0x00000007b5580000, 0x00000007b5580000)
  object space 349696K, 3% used [0x00000007a0000000,0x00000007a0b93060,0x00000007b5580000)
 Metaspace       used 5439K, capacity 5616K, committed 5760K, reserved 1056768K
  class space    used 579K, capacity 630K, committed 640K, reserved 1048576K
2018-07-25T18:08:01.740-0800: 4.020: [GC (Allocation Failure) [PSYoungGen: 157069K->6322K(162816K)] 168921K->18175K(512512K), 0.0013115 secs] [Times: user=0.01 sys=0.00, real=0.00 secs] 
Heap after GC invocations=31 (full 0):
 PSYoungGen      total 162816K, used 6322K [0x00000007b5580000, 0x00000007c0000000, 0x00000007c0000000)
  eden space 151552K, 0% used [0x00000007b5580000,0x00000007b5580000,0x00000007be980000)
  from space 11264K, 56% used [0x00000007be980000,0x00000007befacbf8,0x00000007bf480000)
  to   space 11264K, 0% used [0x00000007bf500000,0x00000007bf500000,0x00000007c0000000)
 ParOldGen       total 349696K, used 11852K [0x00000007a0000000, 0x00000007b5580000, 0x00000007b5580000)
  object space 349696K, 3% used [0x00000007a0000000,0x00000007a0b93060,0x00000007b5580000)
 Metaspace       used 5439K, capacity 5616K, committed 5760K, reserved 1056768K
  class space    used 579K, capacity 630K, committed 640K, reserved 1048576K
}
{Heap before GC invocations=32 (full 0):
 PSYoungGen      total 162816K, used 154054K [0x00000007b5580000, 0x00000007c0000000, 0x00000007c0000000)
  eden space 151552K, 97% used [0x00000007b5580000,0x00000007be5c4d80,0x00000007be980000)
  from space 11264K, 56% used [0x00000007be980000,0x00000007befacbf8,0x00000007bf480000)
  to   space 11264K, 0% used [0x00000007bf500000,0x00000007bf500000,0x00000007c0000000)
 ParOldGen       total 349696K, used 11852K [0x00000007a0000000, 0x00000007b5580000, 0x00000007b5580000)
  object space 349696K, 3% used [0x00000007a0000000,0x00000007a0b93060,0x00000007b5580000)
 Metaspace       used 5439K, capacity 5616K, committed 5760K, reserved 1056768K
  class space    used 579K, capacity 630K, committed 640K, reserved 1048576K
2018-07-25T18:08:01.827-0800: 4.107: [GC (Allocation Failure) [PSYoungGen: 154054K->3721K(163840K)] 165906K->15573K(513536K), 0.0010100 secs] [Times: user=0.01 sys=0.00, real=0.00 secs] 
Heap after GC invocations=32 (full 0):
 PSYoungGen      total 163840K, used 3721K [0x00000007b5580000, 0x00000007c0000000, 0x00000007c0000000)
  eden space 152576K, 0% used [0x00000007b5580000,0x00000007b5580000,0x00000007bea80000)
  from space 11264K, 33% used [0x00000007bf500000,0x00000007bf8a24d0,0x00000007c0000000)
  to   space 10752K, 0% used [0x00000007bea80000,0x00000007bea80000,0x00000007bf500000)
 ParOldGen       total 349696K, used 11852K [0x00000007a0000000, 0x00000007b5580000, 0x00000007b5580000)
  object space 349696K, 3% used [0x00000007a0000000,0x00000007a0b93060,0x00000007b5580000)
 Metaspace       used 5439K, capacity 5616K, committed 5760K, reserved 1056768K
  class space    used 579K, capacity 630K, committed 640K, reserved 1048576K
}
{Heap before GC invocations=33 (full 0):
 PSYoungGen      total 163840K, used 156297K [0x00000007b5580000, 0x00000007c0000000, 0x00000007c0000000)
  eden space 152576K, 100% used [0x00000007b5580000,0x00000007bea80000,0x00000007bea80000)
  from space 11264K, 33% used [0x00000007bf500000,0x00000007bf8a24d0,0x00000007c0000000)
  to   space 10752K, 0% used [0x00000007bea80000,0x00000007bea80000,0x00000007bf500000)
 ParOldGen       total 349696K, used 11852K [0x00000007a0000000, 0x00000007b5580000, 0x00000007b5580000)
  object space 349696K, 3% used [0x00000007a0000000,0x00000007a0b93060,0x00000007b5580000)
 Metaspace       used 5439K, capacity 5616K, committed 5760K, reserved 1056768K
  class space    used 579K, capacity 630K, committed 640K, reserved 1048576K
2018-07-25T18:08:01.921-0800: 4.201: [GC (Allocation Failure) [PSYoungGen: 156297K->1151K(163328K)] 168149K->13003K(513024K), 0.0006736 secs] [Times: user=0.00 sys=0.00, real=0.00 secs] 
Heap after GC invocations=33 (full 0):
 PSYoungGen      total 163328K, used 1151K [0x00000007b5580000, 0x00000007c0000000, 0x00000007c0000000)
  eden space 152576K, 0% used [0x00000007b5580000,0x00000007b5580000,0x00000007bea80000)
  from space 10752K, 10% used [0x00000007bea80000,0x00000007beb9fe88,0x00000007bf500000)
  to   space 11264K, 0% used [0x00000007bf500000,0x00000007bf500000,0x00000007c0000000)
 ParOldGen       total 349696K, used 11852K [0x00000007a0000000, 0x00000007b5580000, 0x00000007b5580000)
  object space 349696K, 3% used [0x00000007a0000000,0x00000007a0b93060,0x00000007b5580000)
 Metaspace       used 5439K, capacity 5616K, committed 5760K, reserved 1056768K
  class space    used 579K, capacity 630K, committed 640K, reserved 1048576K
}
{Heap before GC invocations=34 (full 0):
 PSYoungGen      total 163328K, used 153335K [0x00000007b5580000, 0x00000007c0000000, 0x00000007c0000000)
  eden space 152576K, 99% used [0x00000007b5580000,0x00000007bea1ddb8,0x00000007bea80000)
  from space 10752K, 10% used [0x00000007bea80000,0x00000007beb9fe88,0x00000007bf500000)
  to   space 11264K, 0% used [0x00000007bf500000,0x00000007bf500000,0x00000007c0000000)
 ParOldGen       total 349696K, used 11852K [0x00000007a0000000, 0x00000007b5580000, 0x00000007b5580000)
  object space 349696K, 3% used [0x00000007a0000000,0x00000007a0b93060,0x00000007b5580000)
 Metaspace       used 5439K, capacity 5616K, committed 5760K, reserved 1056768K
  class space    used 579K, capacity 630K, committed 640K, reserved 1048576K
2018-07-25T18:08:02.006-0800: 4.287: [GC (Allocation Failure) [PSYoungGen: 153335K->6362K(163328K)] 165187K->18214K(513024K), 0.0011620 secs] [Times: user=0.00 sys=0.00, real=0.00 secs] 
Heap after GC invocations=34 (full 0):
 PSYoungGen      total 163328K, used 6362K [0x00000007b5580000, 0x00000007c0000000, 0x00000007c0000000)
  eden space 152064K, 0% used [0x00000007b5580000,0x00000007b5580000,0x00000007bea00000)
  from space 11264K, 56% used [0x00000007bf500000,0x00000007bfb369a0,0x00000007c0000000)
  to   space 11264K, 0% used [0x00000007bea00000,0x00000007bea00000,0x00000007bf500000)
 ParOldGen       total 349696K, used 11852K [0x00000007a0000000, 0x00000007b5580000, 0x00000007b5580000)
  object space 349696K, 3% used [0x00000007a0000000,0x00000007a0b93060,0x00000007b5580000)
 Metaspace       used 5439K, capacity 5616K, committed 5760K, reserved 1056768K
  class space    used 579K, capacity 630K, committed 640K, reserved 1048576K
}
{Heap before GC invocations=35 (full 0):
 PSYoungGen      total 163328K, used 157133K [0x00000007b5580000, 0x00000007c0000000, 0x00000007c0000000)
  eden space 152064K, 99% used [0x00000007b5580000,0x00000007be8bcb28,0x00000007bea00000)
  from space 11264K, 56% used [0x00000007bf500000,0x00000007bfb369a0,0x00000007c0000000)
  to   space 11264K, 0% used [0x00000007bea00000,0x00000007bea00000,0x00000007bf500000)
 ParOldGen       total 349696K, used 11852K [0x00000007a0000000, 0x00000007b5580000, 0x00000007b5580000)
  object space 349696K, 3% used [0x00000007a0000000,0x00000007a0b93060,0x00000007b5580000)
 Metaspace       used 5439K, capacity 5616K, committed 5760K, reserved 1056768K
  class space    used 579K, capacity 630K, committed 640K, reserved 1048576K
2018-07-25T18:08:02.091-0800: 4.372: [GC (Allocation Failure) [PSYoungGen: 157133K->6332K(163328K)] 168985K->18184K(513024K), 0.0014744 secs] [Times: user=0.01 sys=0.00, real=0.00 secs] 
Heap after GC invocations=35 (full 0):
 PSYoungGen      total 163328K, used 6332K [0x00000007b5580000, 0x00000007c0000000, 0x00000007c0000000)
  eden space 152064K, 0% used [0x00000007b5580000,0x00000007b5580000,0x00000007bea00000)
  from space 11264K, 56% used [0x00000007bea00000,0x00000007bf02f2f0,0x00000007bf500000)
  to   space 10752K, 0% used [0x00000007bf580000,0x00000007bf580000,0x00000007c0000000)
 ParOldGen       total 349696K, used 11852K [0x00000007a0000000, 0x00000007b5580000, 0x00000007b5580000)
  object space 349696K, 3% used [0x00000007a0000000,0x00000007a0b93060,0x00000007b5580000)
 Metaspace       used 5439K, capacity 5616K, committed 5760K, reserved 1056768K
  class space    used 579K, capacity 630K, committed 640K, reserved 1048576K
}
{Heap before GC invocations=36 (full 0):
 PSYoungGen      total 163328K, used 154736K [0x00000007b5580000, 0x00000007c0000000, 0x00000007c0000000)
  eden space 152064K, 97% used [0x00000007b5580000,0x00000007be66cd58,0x00000007bea00000)
  from space 11264K, 56% used [0x00000007bea00000,0x00000007bf02f2f0,0x00000007bf500000)
  to   space 10752K, 0% used [0x00000007bf580000,0x00000007bf580000,0x00000007c0000000)
 ParOldGen       total 349696K, used 11852K [0x00000007a0000000, 0x00000007b5580000, 0x00000007b5580000)
  object space 349696K, 3% used [0x00000007a0000000,0x00000007a0b93060,0x00000007b5580000)
 Metaspace       used 5439K, capacity 5616K, committed 5760K, reserved 1056768K
  class space    used 579K, capacity 630K, committed 640K, reserved 1048576K
2018-07-25T18:08:02.176-0800: 4.457: [GC (Allocation Failure) [PSYoungGen: 154736K->3730K(163840K)] 166588K->15583K(513536K), 0.0010419 secs] [Times: user=0.00 sys=0.00, real=0.00 secs] 
Heap after GC invocations=36 (full 0):
 PSYoungGen      total 163840K, used 3730K [0x00000007b5580000, 0x00000007c0000000, 0x00000007c0000000)
  eden space 153088K, 0% used [0x00000007b5580000,0x00000007b5580000,0x00000007beb00000)
  from space 10752K, 34% used [0x00000007bf580000,0x00000007bf924bc8,0x00000007c0000000)
  to   space 10752K, 0% used [0x00000007beb00000,0x00000007beb00000,0x00000007bf580000)
 ParOldGen       total 349696K, used 11852K [0x00000007a0000000, 0x00000007b5580000, 0x00000007b5580000)
  object space 349696K, 3% used [0x00000007a0000000,0x00000007a0b93060,0x00000007b5580000)
 Metaspace       used 5439K, capacity 5616K, committed 5760K, reserved 1056768K
  class space    used 579K, capacity 630K, committed 640K, reserved 1048576K
}
{Heap before GC invocations=37 (full 0):
 PSYoungGen      total 163840K, used 155786K [0x00000007b5580000, 0x00000007c0000000, 0x00000007c0000000)
  eden space 153088K, 99% used [0x00000007b5580000,0x00000007be9fde68,0x00000007beb00000)
  from space 10752K, 34% used [0x00000007bf580000,0x00000007bf924bc8,0x00000007c0000000)
  to   space 10752K, 0% used [0x00000007beb00000,0x00000007beb00000,0x00000007bf580000)
 ParOldGen       total 349696K, used 11852K [0x00000007a0000000, 0x00000007b5580000, 0x00000007b5580000)
  object space 349696K, 3% used [0x00000007a0000000,0x00000007a0b93060,0x00000007b5580000)
 Metaspace       used 5439K, capacity 5616K, committed 5760K, reserved 1056768K
  class space    used 579K, capacity 630K, committed 640K, reserved 1048576K
2018-07-25T18:08:02.269-0800: 4.550: [GC (Allocation Failure) [PSYoungGen: 155786K->1161K(163840K)] 167638K->13013K(513536K), 0.0006341 secs] [Times: user=0.00 sys=0.00, real=0.01 secs] 
Heap after GC invocations=37 (full 0):
 PSYoungGen      total 163840K, used 1161K [0x00000007b5580000, 0x00000007c0000000, 0x00000007c0000000)
  eden space 153088K, 0% used [0x00000007b5580000,0x00000007b5580000,0x00000007beb00000)
  from space 10752K, 10% used [0x00000007beb00000,0x00000007bec22580,0x00000007bf580000)
  to   space 10752K, 0% used [0x00000007bf580000,0x00000007bf580000,0x00000007c0000000)
 ParOldGen       total 349696K, used 11852K [0x00000007a0000000, 0x00000007b5580000, 0x00000007b5580000)
  object space 349696K, 3% used [0x00000007a0000000,0x00000007a0b93060,0x00000007b5580000)
 Metaspace       used 5439K, capacity 5616K, committed 5760K, reserved 1056768K
  class space    used 579K, capacity 630K, committed 640K, reserved 1048576K
}
{Heap before GC invocations=38 (full 0):
 PSYoungGen      total 163840K, used 153391K [0x00000007b5580000, 0x00000007c0000000, 0x00000007c0000000)
  eden space 153088K, 99% used [0x00000007b5580000,0x00000007bea297a8,0x00000007beb00000)
  from space 10752K, 10% used [0x00000007beb00000,0x00000007bec22580,0x00000007bf580000)
  to   space 10752K, 0% used [0x00000007bf580000,0x00000007bf580000,0x00000007c0000000)
 ParOldGen       total 349696K, used 11852K [0x00000007a0000000, 0x00000007b5580000, 0x00000007b5580000)
  object space 349696K, 3% used [0x00000007a0000000,0x00000007a0b93060,0x00000007b5580000)
 Metaspace       used 5439K, capacity 5616K, committed 5760K, reserved 1056768K
  class space    used 579K, capacity 630K, committed 640K, reserved 1048576K
2018-07-25T18:08:02.360-0800: 4.640: [GC (Allocation Failure) [PSYoungGen: 153391K->6340K(163840K)] 165243K->18232K(513536K), 0.0009027 secs] [Times: user=0.00 sys=0.00, real=0.00 secs] 
Heap after GC invocations=38 (full 0):
 PSYoungGen      total 163840K, used 6340K [0x00000007b5580000, 0x00000007c0000000, 0x00000007c0000000)
  eden space 153088K, 0% used [0x00000007b5580000,0x00000007b5580000,0x00000007beb00000)
  from space 10752K, 58% used [0x00000007bf580000,0x00000007bfbb1098,0x00000007c0000000)
  to   space 10752K, 0% used [0x00000007beb00000,0x00000007beb00000,0x00000007bf580000)
 ParOldGen       total 349696K, used 11892K [0x00000007a0000000, 0x00000007b5580000, 0x00000007b5580000)
  object space 349696K, 3% used [0x00000007a0000000,0x00000007a0b9d060,0x00000007b5580000)
 Metaspace       used 5439K, capacity 5616K, committed 5760K, reserved 1056768K
  class space    used 579K, capacity 630K, committed 640K, reserved 1048576K
}
{Heap before GC invocations=39 (full 0):
 PSYoungGen      total 163840K, used 157279K [0x00000007b5580000, 0x00000007c0000000, 0x00000007c0000000)
  eden space 153088K, 98% used [0x00000007b5580000,0x00000007be8e6ce0,0x00000007beb00000)
  from space 10752K, 58% used [0x00000007bf580000,0x00000007bfbb1098,0x00000007c0000000)
  to   space 10752K, 0% used [0x00000007beb00000,0x00000007beb00000,0x00000007bf580000)
 ParOldGen       total 349696K, used 11892K [0x00000007a0000000, 0x00000007b5580000, 0x00000007b5580000)
  object space 349696K, 3% used [0x00000007a0000000,0x00000007a0b9d060,0x00000007b5580000)
 Metaspace       used 5439K, capacity 5616K, committed 5760K, reserved 1056768K
  class space    used 579K, capacity 630K, committed 640K, reserved 1048576K
2018-07-25T18:08:02.442-0800: 4.723: [GC (Allocation Failure) [PSYoungGen: 157279K->6342K(163840K)] 169171K->18234K(513536K), 0.0014573 secs] [Times: user=0.00 sys=0.00, real=0.00 secs] 
Heap after GC invocations=39 (full 0):
 PSYoungGen      total 163840K, used 6342K [0x00000007b5580000, 0x00000007c0000000, 0x00000007c0000000)
  eden space 153088K, 0% used [0x00000007b5580000,0x00000007b5580000,0x00000007beb00000)
  from space 10752K, 58% used [0x00000007beb00000,0x00000007bf1319e8,0x00000007bf580000)
  to   space 10752K, 0% used [0x00000007bf580000,0x00000007bf580000,0x00000007c0000000)
 ParOldGen       total 349696K, used 11892K [0x00000007a0000000, 0x00000007b5580000, 0x00000007b5580000)
  object space 349696K, 3% used [0x00000007a0000000,0x00000007a0b9d060,0x00000007b5580000)
 Metaspace       used 5439K, capacity 5616K, committed 5760K, reserved 1056768K
  class space    used 579K, capacity 630K, committed 640K, reserved 1048576K
}
{Heap before GC invocations=40 (full 0):
 PSYoungGen      total 163840K, used 158985K [0x00000007b5580000, 0x00000007c0000000, 0x00000007c0000000)
  eden space 153088K, 99% used [0x00000007b5580000,0x00000007bea90c28,0x00000007beb00000)
  from space 10752K, 58% used [0x00000007beb00000,0x00000007bf1319e8,0x00000007bf580000)
  to   space 10752K, 0% used [0x00000007bf580000,0x00000007bf580000,0x00000007c0000000)
 ParOldGen       total 349696K, used 11892K [0x00000007a0000000, 0x00000007b5580000, 0x00000007b5580000)
  object space 349696K, 3% used [0x00000007a0000000,0x00000007a0b9d060,0x00000007b5580000)
 Metaspace       used 5439K, capacity 5616K, committed 5760K, reserved 1056768K
  class space    used 579K, capacity 630K, committed 640K, reserved 1048576K
2018-07-25T18:08:02.529-0800: 4.809: [GC (Allocation Failure) [PSYoungGen: 158985K->7647K(162816K)] 170877K->19539K(512512K), 0.0015399 secs] [Times: user=0.01 sys=0.00, real=0.01 secs] 
Heap after GC invocations=40 (full 0):
 PSYoungGen      total 162816K, used 7647K [0x00000007b5580000, 0x00000007c0000000, 0x00000007c0000000)
  eden space 152064K, 0% used [0x00000007b5580000,0x00000007b5580000,0x00000007bea00000)
  from space 10752K, 71% used [0x00000007bf580000,0x00000007bfcf7c48,0x00000007c0000000)
  to   space 11264K, 0% used [0x00000007bea00000,0x00000007bea00000,0x00000007bf500000)
 ParOldGen       total 349696K, used 11892K [0x00000007a0000000, 0x00000007b5580000, 0x00000007b5580000)
  object space 349696K, 3% used [0x00000007a0000000,0x00000007a0b9d060,0x00000007b5580000)
 Metaspace       used 5439K, capacity 5616K, committed 5760K, reserved 1056768K
  class space    used 579K, capacity 630K, committed 640K, reserved 1048576K
}
{Heap before GC invocations=41 (full 0):
 PSYoungGen      total 162816K, used 157312K [0x00000007b5580000, 0x00000007c0000000, 0x00000007c0000000)
  eden space 152064K, 98% used [0x00000007b5580000,0x00000007be7a8700,0x00000007bea00000)
  from space 10752K, 71% used [0x00000007bf580000,0x00000007bfcf7c48,0x00000007c0000000)
  to   space 11264K, 0% used [0x00000007bea00000,0x00000007bea00000,0x00000007bf500000)
 ParOldGen       total 349696K, used 11892K [0x00000007a0000000, 0x00000007b5580000, 0x00000007b5580000)
  object space 349696K, 3% used [0x00000007a0000000,0x00000007a0b9d060,0x00000007b5580000)
 Metaspace       used 5439K, capacity 5616K, committed 5760K, reserved 1056768K
  class space    used 579K, capacity 630K, committed 640K, reserved 1048576K
2018-07-25T18:08:02.621-0800: 4.901: [GC (Allocation Failure) [PSYoungGen: 157312K->2441K(163328K)] 169204K->14333K(513024K), 0.0009456 secs] [Times: user=0.00 sys=0.00, real=0.00 secs] 
Heap after GC invocations=41 (full 0):
 PSYoungGen      total 163328K, used 2441K [0x00000007b5580000, 0x00000007c0000000, 0x00000007c0000000)
  eden space 152064K, 0% used [0x00000007b5580000,0x00000007b5580000,0x00000007bea00000)
  from space 11264K, 21% used [0x00000007bea00000,0x00000007bec624e8,0x00000007bf500000)
  to   space 11264K, 0% used [0x00000007bf500000,0x00000007bf500000,0x00000007c0000000)
 ParOldGen       total 349696K, used 11892K [0x00000007a0000000, 0x00000007b5580000, 0x00000007b5580000)
  object space 349696K, 3% used [0x00000007a0000000,0x00000007a0b9d060,0x00000007b5580000)
 Metaspace       used 5439K, capacity 5616K, committed 5760K, reserved 1056768K
  class space    used 579K, capacity 630K, committed 640K, reserved 1048576K
}
{Heap before GC invocations=42 (full 0):
 PSYoungGen      total 163328K, used 154170K [0x00000007b5580000, 0x00000007c0000000, 0x00000007c0000000)
  eden space 152064K, 99% used [0x00000007b5580000,0x00000007be9ac6c0,0x00000007bea00000)
  from space 11264K, 21% used [0x00000007bea00000,0x00000007bec624e8,0x00000007bf500000)
  to   space 11264K, 0% used [0x00000007bf500000,0x00000007bf500000,0x00000007c0000000)
 ParOldGen       total 349696K, used 11892K [0x00000007a0000000, 0x00000007b5580000, 0x00000007b5580000)
  object space 349696K, 3% used [0x00000007a0000000,0x00000007a0b9d060,0x00000007b5580000)
 Metaspace       used 5439K, capacity 5616K, committed 5760K, reserved 1056768K
  class space    used 579K, capacity 630K, committed 640K, reserved 1048576K
2018-07-25T18:08:02.706-0800: 4.987: [GC (Allocation Failure) [PSYoungGen: 154170K->6381K(163328K)] 166063K->18273K(513024K), 0.0010774 secs] [Times: user=0.00 sys=0.00, real=0.00 secs] 
Heap after GC invocations=42 (full 0):
 PSYoungGen      total 163328K, used 6381K [0x00000007b5580000, 0x00000007c0000000, 0x00000007c0000000)
  eden space 152064K, 0% used [0x00000007b5580000,0x00000007b5580000,0x00000007bea00000)
  from space 11264K, 56% used [0x00000007bf500000,0x00000007bfb3b790,0x00000007c0000000)
  to   space 11264K, 0% used [0x00000007bea00000,0x00000007bea00000,0x00000007bf500000)
 ParOldGen       total 349696K, used 11892K [0x00000007a0000000, 0x00000007b5580000, 0x00000007b5580000)
  object space 349696K, 3% used [0x00000007a0000000,0x00000007a0b9d060,0x00000007b5580000)
 Metaspace       used 5439K, capacity 5616K, committed 5760K, reserved 1056768K
  class space    used 579K, capacity 630K, committed 640K, reserved 1048576K
}
{Heap before GC invocations=43 (full 0):
 PSYoungGen      total 163328K, used 157439K [0x00000007b5580000, 0x00000007c0000000, 0x00000007c0000000)
  eden space 152064K, 99% used [0x00000007b5580000,0x00000007be9044d8,0x00000007bea00000)
  from space 11264K, 56% used [0x00000007bf500000,0x00000007bfb3b790,0x00000007c0000000)
  to   space 11264K, 0% used [0x00000007bea00000,0x00000007bea00000,0x00000007bf500000)
 ParOldGen       total 349696K, used 11892K [0x00000007a0000000, 0x00000007b5580000, 0x00000007b5580000)
  object space 349696K, 3% used [0x00000007a0000000,0x00000007a0b9d060,0x00000007b5580000)
 Metaspace       used 5439K, capacity 5616K, committed 5760K, reserved 1056768K
  class space    used 579K, capacity 630K, committed 640K, reserved 1048576K
2018-07-25T18:08:02.790-0800: 5.070: [GC (Allocation Failure) [PSYoungGen: 157439K->6384K(163328K)] 169331K->18276K(513024K), 0.0011252 secs] [Times: user=0.01 sys=0.00, real=0.00 secs] 
Heap after GC invocations=43 (full 0):
 PSYoungGen      total 163328K, used 6384K [0x00000007b5580000, 0x00000007c0000000, 0x00000007c0000000)
  eden space 152064K, 0% used [0x00000007b5580000,0x00000007b5580000,0x00000007bea00000)
  from space 11264K, 56% used [0x00000007bea00000,0x00000007bf03c0e0,0x00000007bf500000)
  to   space 10752K, 0% used [0x00000007bf580000,0x00000007bf580000,0x00000007c0000000)
 ParOldGen       total 349696K, used 11892K [0x00000007a0000000, 0x00000007b5580000, 0x00000007b5580000)
  object space 349696K, 3% used [0x00000007a0000000,0x00000007a0b9d060,0x00000007b5580000)
 Metaspace       used 5439K, capacity 5616K, committed 5760K, reserved 1056768K
  class space    used 579K, capacity 630K, committed 640K, reserved 1048576K
}
{Heap before GC invocations=44 (full 0):
 PSYoungGen      total 163328K, used 155309K [0x00000007b5580000, 0x00000007c0000000, 0x00000007c0000000)
  eden space 152064K, 97% used [0x00000007b5580000,0x00000007be6ef480,0x00000007bea00000)
  from space 11264K, 56% used [0x00000007bea00000,0x00000007bf03c0e0,0x00000007bf500000)
  to   space 10752K, 0% used [0x00000007bf580000,0x00000007bf580000,0x00000007c0000000)
 ParOldGen       total 349696K, used 11892K [0x00000007a0000000, 0x00000007b5580000, 0x00000007b5580000)
  object space 349696K, 3% used [0x00000007a0000000,0x00000007a0b9d060,0x00000007b5580000)
 Metaspace       used 5439K, capacity 5616K, committed 5760K, reserved 1056768K
  class space    used 579K, capacity 630K, committed 640K, reserved 1048576K
2018-07-25T18:08:02.877-0800: 5.157: [GC (Allocation Failure) [PSYoungGen: 155309K->3750K(163840K)] 167201K->15642K(513536K), 0.0010369 secs] [Times: user=0.00 sys=0.00, real=0.00 secs] 
Heap after GC invocations=44 (full 0):
 PSYoungGen      total 163840K, used 3750K [0x00000007b5580000, 0x00000007c0000000, 0x00000007c0000000)
  eden space 153088K, 0% used [0x00000007b5580000,0x00000007b5580000,0x00000007beb00000)
  from space 10752K, 34% used [0x00000007bf580000,0x00000007bf9299b8,0x00000007c0000000)
  to   space 10752K, 0% used [0x00000007beb00000,0x00000007beb00000,0x00000007bf580000)
 ParOldGen       total 349696K, used 11892K [0x00000007a0000000, 0x00000007b5580000, 0x00000007b5580000)
  object space 349696K, 3% used [0x00000007a0000000,0x00000007a0b9d060,0x00000007b5580000)
 Metaspace       used 5439K, capacity 5616K, committed 5760K, reserved 1056768K
  class space    used 579K, capacity 630K, committed 640K, reserved 1048576K
}
{Heap before GC invocations=45 (full 0):
 PSYoungGen      total 163840K, used 156344K [0x00000007b5580000, 0x00000007c0000000, 0x00000007c0000000)
  eden space 153088K, 99% used [0x00000007b5580000,0x00000007bea84678,0x00000007beb00000)
  from space 10752K, 34% used [0x00000007bf580000,0x00000007bf9299b8,0x00000007c0000000)
  to   space 10752K, 0% used [0x00000007beb00000,0x00000007beb00000,0x00000007bf580000)
 ParOldGen       total 349696K, used 11892K [0x00000007a0000000, 0x00000007b5580000, 0x00000007b5580000)
  object space 349696K, 3% used [0x00000007a0000000,0x00000007a0b9d060,0x00000007b5580000)
 Metaspace       used 5439K, capacity 5616K, committed 5760K, reserved 1056768K
  class space    used 579K, capacity 630K, committed 640K, reserved 1048576K
2018-07-25T18:08:02.969-0800: 5.250: [GC (Allocation Failure) [PSYoungGen: 156344K->1148K(163840K)] 168236K->13040K(513536K), 0.0006651 secs] [Times: user=0.00 sys=0.00, real=0.01 secs] 
Heap after GC invocations=45 (full 0):
 PSYoungGen      total 163840K, used 1148K [0x00000007b5580000, 0x00000007c0000000, 0x00000007c0000000)
  eden space 153088K, 0% used [0x00000007b5580000,0x00000007b5580000,0x00000007beb00000)
  from space 10752K, 10% used [0x00000007beb00000,0x00000007bec1f370,0x00000007bf580000)
  to   space 10752K, 0% used [0x00000007bf580000,0x00000007bf580000,0x00000007c0000000)
 ParOldGen       total 349696K, used 11892K [0x00000007a0000000, 0x00000007b5580000, 0x00000007b5580000)
  object space 349696K, 3% used [0x00000007a0000000,0x00000007a0b9d060,0x00000007b5580000)
 Metaspace       used 5439K, capacity 5616K, committed 5760K, reserved 1056768K
  class space    used 579K, capacity 630K, committed 640K, reserved 1048576K
}
{Heap before GC invocations=46 (full 0):
 PSYoungGen      total 163840K, used 153755K [0x00000007b5580000, 0x00000007c0000000, 0x00000007c0000000)
  eden space 153088K, 99% used [0x00000007b5580000,0x00000007bea879a0,0x00000007beb00000)
  from space 10752K, 10% used [0x00000007beb00000,0x00000007bec1f370,0x00000007bf580000)
  to   space 10752K, 0% used [0x00000007bf580000,0x00000007bf580000,0x00000007c0000000)
 ParOldGen       total 349696K, used 11892K [0x00000007a0000000, 0x00000007b5580000, 0x00000007b5580000)
  object space 349696K, 3% used [0x00000007a0000000,0x00000007a0b9d060,0x00000007b5580000)
 Metaspace       used 5439K, capacity 5616K, committed 5760K, reserved 1056768K
  class space    used 579K, capacity 630K, committed 640K, reserved 1048576K
2018-07-25T18:08:03.059-0800: 5.340: [GC (Allocation Failure) [PSYoungGen: 153755K->6391K(163840K)] 165647K->18283K(513536K), 0.0009982 secs] [Times: user=0.01 sys=0.00, real=0.01 secs] 
Heap after GC invocations=46 (full 0):
 PSYoungGen      total 163840K, used 6391K [0x00000007b5580000, 0x00000007c0000000, 0x00000007c0000000)
  eden space 153088K, 0% used [0x00000007b5580000,0x00000007b5580000,0x00000007beb00000)
  from space 10752K, 59% used [0x00000007bf580000,0x00000007bfbbde88,0x00000007c0000000)
  to   space 10752K, 0% used [0x00000007beb00000,0x00000007beb00000,0x00000007bf580000)
 ParOldGen       total 349696K, used 11892K [0x00000007a0000000, 0x00000007b5580000, 0x00000007b5580000)
  object space 349696K, 3% used [0x00000007a0000000,0x00000007a0b9d060,0x00000007b5580000)
 Metaspace       used 5439K, capacity 5616K, committed 5760K, reserved 1056768K
  class space    used 579K, capacity 630K, committed 640K, reserved 1048576K
}
{Heap before GC invocations=47 (full 0):
 PSYoungGen      total 163840K, used 157878K [0x00000007b5580000, 0x00000007c0000000, 0x00000007c0000000)
  eden space 153088K, 98% used [0x00000007b5580000,0x00000007be96fbc8,0x00000007beb00000)
  from space 10752K, 59% used [0x00000007bf580000,0x00000007bfbbde88,0x00000007c0000000)
  to   space 10752K, 0% used [0x00000007beb00000,0x00000007beb00000,0x00000007bf580000)
 ParOldGen       total 349696K, used 11892K [0x00000007a0000000, 0x00000007b5580000, 0x00000007b5580000)
  object space 349696K, 3% used [0x00000007a0000000,0x00000007a0b9d060,0x00000007b5580000)
 Metaspace       used 5439K, capacity 5616K, committed 5760K, reserved 1056768K
  class space    used 579K, capacity 630K, committed 640K, reserved 1048576K
2018-07-25T18:08:03.143-0800: 5.424: [GC (Allocation Failure) [PSYoungGen: 157878K->6393K(163840K)] 169770K->18286K(513536K), 0.0014089 secs] [Times: user=0.01 sys=0.00, real=0.00 secs] 
Heap after GC invocations=47 (full 0):
 PSYoungGen      total 163840K, used 6393K [0x00000007b5580000, 0x00000007c0000000, 0x00000007c0000000)
  eden space 153088K, 0% used [0x00000007b5580000,0x00000007b5580000,0x00000007beb00000)
  from space 10752K, 59% used [0x00000007beb00000,0x00000007bf13e7d8,0x00000007bf580000)
  to   space 10752K, 0% used [0x00000007bf580000,0x00000007bf580000,0x00000007c0000000)
 ParOldGen       total 349696K, used 11892K [0x00000007a0000000, 0x00000007b5580000, 0x00000007b5580000)
  object space 349696K, 3% used [0x00000007a0000000,0x00000007a0b9d060,0x00000007b5580000)
 Metaspace       used 5439K, capacity 5616K, committed 5760K, reserved 1056768K
  class space    used 579K, capacity 630K, committed 640K, reserved 1048576K
}
{Heap before GC invocations=48 (full 0):
 PSYoungGen      total 163840K, used 159206K [0x00000007b5580000, 0x00000007c0000000, 0x00000007c0000000)
  eden space 153088K, 99% used [0x00000007b5580000,0x00000007beabb0d0,0x00000007beb00000)
  from space 10752K, 59% used [0x00000007beb00000,0x00000007bf13e7d8,0x00000007bf580000)
  to   space 10752K, 0% used [0x00000007bf580000,0x00000007bf580000,0x00000007c0000000)
 ParOldGen       total 349696K, used 11892K [0x00000007a0000000, 0x00000007b5580000, 0x00000007b5580000)
  object space 349696K, 3% used [0x00000007a0000000,0x00000007a0b9d060,0x00000007b5580000)
 Metaspace       used 5439K, capacity 5616K, committed 5760K, reserved 1056768K
  class space    used 579K, capacity 630K, committed 640K, reserved 1048576K
2018-07-25T18:08:03.232-0800: 5.512: [GC (Allocation Failure) [PSYoungGen: 159206K->7666K(162816K)] 171098K->19558K(512512K), 0.0016718 secs] [Times: user=0.01 sys=0.00, real=0.00 secs] 
Heap after GC invocations=48 (full 0):
 PSYoungGen      total 162816K, used 7666K [0x00000007b5580000, 0x00000007c0000000, 0x00000007c0000000)
  eden space 152064K, 0% used [0x00000007b5580000,0x00000007b5580000,0x00000007bea00000)
  from space 10752K, 71% used [0x00000007bf580000,0x00000007bfcfca38,0x00000007c0000000)
  to   space 11264K, 0% used [0x00000007bea00000,0x00000007bea00000,0x00000007bf500000)
 ParOldGen       total 349696K, used 11892K [0x00000007a0000000, 0x00000007b5580000, 0x00000007b5580000)
  object space 349696K, 3% used [0x00000007a0000000,0x00000007a0b9d060,0x00000007b5580000)
 Metaspace       used 5439K, capacity 5616K, committed 5760K, reserved 1056768K
  class space    used 579K, capacity 630K, committed 640K, reserved 1048576K
}
{Heap before GC invocations=49 (full 0):
 PSYoungGen      total 162816K, used 158592K [0x00000007b5580000, 0x00000007c0000000, 0x00000007c0000000)
  eden space 152064K, 99% used [0x00000007b5580000,0x00000007be8e3970,0x00000007bea00000)
  from space 10752K, 71% used [0x00000007bf580000,0x00000007bfcfca38,0x00000007c0000000)
  to   space 11264K, 0% used [0x00000007bea00000,0x00000007bea00000,0x00000007bf500000)
 ParOldGen       total 349696K, used 11892K [0x00000007a0000000, 0x00000007b5580000, 0x00000007b5580000)
  object space 349696K, 3% used [0x00000007a0000000,0x00000007a0b9d060,0x00000007b5580000)
 Metaspace       used 5439K, capacity 5616K, committed 5760K, reserved 1056768K
  class space    used 579K, capacity 630K, committed 640K, reserved 1048576K
2018-07-25T18:08:03.326-0800: 5.607: [GC (Allocation Failure) [PSYoungGen: 158592K->2492K(163328K)] 170485K->14384K(513024K), 0.0007330 secs] [Times: user=0.01 sys=0.00, real=0.00 secs] 
Heap after GC invocations=49 (full 0):
 PSYoungGen      total 163328K, used 2492K [0x00000007b5580000, 0x00000007c0000000, 0x00000007c0000000)
  eden space 152064K, 0% used [0x00000007b5580000,0x00000007b5580000,0x00000007bea00000)
  from space 11264K, 22% used [0x00000007bea00000,0x00000007bec6f2d8,0x00000007bf500000)
  to   space 11264K, 0% used [0x00000007bf500000,0x00000007bf500000,0x00000007c0000000)
 ParOldGen       total 349696K, used 11892K [0x00000007a0000000, 0x00000007b5580000, 0x00000007b5580000)
  object space 349696K, 3% used [0x00000007a0000000,0x00000007a0b9d060,0x00000007b5580000)
 Metaspace       used 5439K, capacity 5616K, committed 5760K, reserved 1056768K
  class space    used 579K, capacity 630K, committed 640K, reserved 1048576K
}
{Heap before GC invocations=50 (full 0):
 PSYoungGen      total 163328K, used 154084K [0x00000007b5580000, 0x00000007c0000000, 0x00000007c0000000)
  eden space 152064K, 99% used [0x00000007b5580000,0x00000007be989e48,0x00000007bea00000)
  from space 11264K, 22% used [0x00000007bea00000,0x00000007bec6f2d8,0x00000007bf500000)
  to   space 11264K, 0% used [0x00000007bf500000,0x00000007bf500000,0x00000007c0000000)
 ParOldGen       total 349696K, used 11892K [0x00000007a0000000, 0x00000007b5580000, 0x00000007b5580000)
  object space 349696K, 3% used [0x00000007a0000000,0x00000007a0b9d060,0x00000007b5580000)
 Metaspace       used 5439K, capacity 5616K, committed 5760K, reserved 1056768K
  class space    used 579K, capacity 630K, committed 640K, reserved 1048576K
2018-07-25T18:08:03.415-0800: 5.696: [GC (Allocation Failure) [PSYoungGen: 154084K->6401K(163328K)] 165976K->18293K(513024K), 0.0010763 secs] [Times: user=0.01 sys=0.00, real=0.00 secs] 
Heap after GC invocations=50 (full 0):
 PSYoungGen      total 163328K, used 6401K [0x00000007b5580000, 0x00000007c0000000, 0x00000007c0000000)
  eden space 152064K, 0% used [0x00000007b5580000,0x00000007b5580000,0x00000007bea00000)
  from space 11264K, 56% used [0x00000007bf500000,0x00000007bfb40580,0x00000007c0000000)
  to   space 11264K, 0% used [0x00000007bea00000,0x00000007bea00000,0x00000007bf500000)
 ParOldGen       total 349696K, used 11892K [0x00000007a0000000, 0x00000007b5580000, 0x00000007b5580000)
  object space 349696K, 3% used [0x00000007a0000000,0x00000007a0b9d060,0x00000007b5580000)
 Metaspace       used 5439K, capacity 5616K, committed 5760K, reserved 1056768K
  class space    used 579K, capacity 630K, committed 640K, reserved 1048576K
}
{Heap before GC invocations=51 (full 0):
 PSYoungGen      total 163328K, used 153277K [0x00000007b5580000, 0x00000007c0000000, 0x00000007c0000000)
  eden space 152064K, 96% used [0x00000007b5580000,0x00000007be4ef118,0x00000007bea00000)
  from space 11264K, 56% used [0x00000007bf500000,0x00000007bfb40580,0x00000007c0000000)
  to   space 11264K, 0% used [0x00000007bea00000,0x00000007bea00000,0x00000007bf500000)
 ParOldGen       total 349696K, used 11892K [0x00000007a0000000, 0x00000007b5580000, 0x00000007b5580000)
  object space 349696K, 3% used [0x00000007a0000000,0x00000007a0b9d060,0x00000007b5580000)
 Metaspace       used 5439K, capacity 5616K, committed 5760K, reserved 1056768K
  class space    used 579K, capacity 630K, committed 640K, reserved 1048576K
2018-07-25T18:08:03.501-0800: 5.782: [GC (Allocation Failure) [PSYoungGen: 153277K->6371K(163328K)] 165169K->18263K(513024K), 0.0010899 secs] [Times: user=0.01 sys=0.00, real=0.00 secs] 
Heap after GC invocations=51 (full 0):
 PSYoungGen      total 163328K, used 6371K [0x00000007b5580000, 0x00000007c0000000, 0x00000007c0000000)
  eden space 152064K, 0% used [0x00000007b5580000,0x00000007b5580000,0x00000007bea00000)
  from space 11264K, 56% used [0x00000007bea00000,0x00000007bf038ee8,0x00000007bf500000)
  to   space 10752K, 0% used [0x00000007bf580000,0x00000007bf580000,0x00000007c0000000)
 ParOldGen       total 349696K, used 11892K [0x00000007a0000000, 0x00000007b5580000, 0x00000007b5580000)
  object space 349696K, 3% used [0x00000007a0000000,0x00000007a0b9d060,0x00000007b5580000)
 Metaspace       used 5439K, capacity 5616K, committed 5760K, reserved 1056768K
  class space    used 579K, capacity 630K, committed 640K, reserved 1048576K
}
{Heap before GC invocations=52 (full 0):
 PSYoungGen      total 163328K, used 158110K [0x00000007b5580000, 0x00000007c0000000, 0x00000007c0000000)
  eden space 152064K, 99% used [0x00000007b5580000,0x00000007be9aeba0,0x00000007bea00000)
  from space 11264K, 56% used [0x00000007bea00000,0x00000007bf038ee8,0x00000007bf500000)
  to   space 10752K, 0% used [0x00000007bf580000,0x00000007bf580000,0x00000007c0000000)
 ParOldGen       total 349696K, used 11892K [0x00000007a0000000, 0x00000007b5580000, 0x00000007b5580000)
  object space 349696K, 3% used [0x00000007a0000000,0x00000007a0b9d060,0x00000007b5580000)
 Metaspace       used 5439K, capacity 5616K, committed 5760K, reserved 1056768K
  class space    used 579K, capacity 630K, committed 640K, reserved 1048576K
2018-07-25T18:08:03.586-0800: 5.866: [GC (Allocation Failure) [PSYoungGen: 158110K->6374K(163840K)] 170002K->18266K(513536K), 0.0012831 secs] [Times: user=0.01 sys=0.00, real=0.00 secs] 
Heap after GC invocations=52 (full 0):
 PSYoungGen      total 163840K, used 6374K [0x00000007b5580000, 0x00000007c0000000, 0x00000007c0000000)
  eden space 153088K, 0% used [0x00000007b5580000,0x00000007b5580000,0x00000007beb00000)
  from space 10752K, 59% used [0x00000007bf580000,0x00000007bfbb9838,0x00000007c0000000)
  to   space 10752K, 0% used [0x00000007beb00000,0x00000007beb00000,0x00000007bf580000)
 ParOldGen       total 349696K, used 11892K [0x00000007a0000000, 0x00000007b5580000, 0x00000007b5580000)
  object space 349696K, 3% used [0x00000007a0000000,0x00000007a0b9d060,0x00000007b5580000)
 Metaspace       used 5439K, capacity 5616K, committed 5760K, reserved 1056768K
  class space    used 579K, capacity 630K, committed 640K, reserved 1048576K
}
{Heap before GC invocations=53 (full 0):
 PSYoungGen      total 163840K, used 156011K [0x00000007b5580000, 0x00000007c0000000, 0x00000007c0000000)
  eden space 153088K, 97% used [0x00000007b5580000,0x00000007be7a16e8,0x00000007beb00000)
  from space 10752K, 59% used [0x00000007bf580000,0x00000007bfbb9838,0x00000007c0000000)
  to   space 10752K, 0% used [0x00000007beb00000,0x00000007beb00000,0x00000007bf580000)
 ParOldGen       total 349696K, used 11892K [0x00000007a0000000, 0x00000007b5580000, 0x00000007b5580000)
  object space 349696K, 3% used [0x00000007a0000000,0x00000007a0b9d060,0x00000007b5580000)
 Metaspace       used 5439K, capacity 5616K, committed 5760K, reserved 1056768K
  class space    used 579K, capacity 630K, committed 640K, reserved 1048576K
2018-07-25T18:08:03.671-0800: 5.952: [GC (Allocation Failure) [PSYoungGen: 156011K->3772K(163840K)] 167903K->15664K(513536K), 0.0011437 secs] [Times: user=0.01 sys=0.00, real=0.00 secs] 
Heap after GC invocations=53 (full 0):
 PSYoungGen      total 163840K, used 3772K [0x00000007b5580000, 0x00000007c0000000, 0x00000007c0000000)
  eden space 153088K, 0% used [0x00000007b5580000,0x00000007b5580000,0x00000007beb00000)
  from space 10752K, 35% used [0x00000007beb00000,0x00000007beeaf110,0x00000007bf580000)
  to   space 10752K, 0% used [0x00000007bf580000,0x00000007bf580000,0x00000007c0000000)
 ParOldGen       total 349696K, used 11892K [0x00000007a0000000, 0x00000007b5580000, 0x00000007b5580000)
  object space 349696K, 3% used [0x00000007a0000000,0x00000007a0b9d060,0x00000007b5580000)
 Metaspace       used 5439K, capacity 5616K, committed 5760K, reserved 1056768K
  class space    used 579K, capacity 630K, committed 640K, reserved 1048576K
}
{Heap before GC invocations=54 (full 0):
 PSYoungGen      total 163840K, used 156860K [0x00000007b5580000, 0x00000007c0000000, 0x00000007c0000000)
  eden space 153088K, 100% used [0x00000007b5580000,0x00000007beb00000,0x00000007beb00000)
  from space 10752K, 35% used [0x00000007beb00000,0x00000007beeaf110,0x00000007bf580000)
  to   space 10752K, 0% used [0x00000007bf580000,0x00000007bf580000,0x00000007c0000000)
 ParOldGen       total 349696K, used 11892K [0x00000007a0000000, 0x00000007b5580000, 0x00000007b5580000)
  object space 349696K, 3% used [0x00000007a0000000,0x00000007a0b9d060,0x00000007b5580000)
 Metaspace       used 5439K, capacity 5616K, committed 5760K, reserved 1056768K
  class space    used 579K, capacity 630K, committed 640K, reserved 1048576K
2018-07-25T18:08:03.763-0800: 6.043: [GC (Allocation Failure) [PSYoungGen: 156860K->226K(163840K)] 168752K->12118K(513536K), 0.0006612 secs] [Times: user=0.00 sys=0.00, real=0.00 secs] 
Heap after GC invocations=54 (full 0):
 PSYoungGen      total 163840K, used 226K [0x00000007b5580000, 0x00000007c0000000, 0x00000007c0000000)
  eden space 153088K, 0% used [0x00000007b5580000,0x00000007b5580000,0x00000007beb00000)
  from space 10752K, 2% used [0x00000007bf580000,0x00000007bf5b8870,0x00000007c0000000)
  to   space 10752K, 0% used [0x00000007beb00000,0x00000007beb00000,0x00000007bf580000)
 ParOldGen       total 349696K, used 11892K [0x00000007a0000000, 0x00000007b5580000, 0x00000007b5580000)
  object space 349696K, 3% used [0x00000007a0000000,0x00000007a0b9d060,0x00000007b5580000)
 Metaspace       used 5439K, capacity 5616K, committed 5760K, reserved 1056768K
  class space    used 579K, capacity 630K, committed 640K, reserved 1048576K
}
{Heap before GC invocations=55 (full 0):
 PSYoungGen      total 163840K, used 152533K [0x00000007b5580000, 0x00000007c0000000, 0x00000007c0000000)
  eden space 153088K, 99% used [0x00000007b5580000,0x00000007bea3cd00,0x00000007beb00000)
  from space 10752K, 2% used [0x00000007bf580000,0x00000007bf5b8870,0x00000007c0000000)
  to   space 10752K, 0% used [0x00000007beb00000,0x00000007beb00000,0x00000007bf580000)
 ParOldGen       total 349696K, used 11892K [0x00000007a0000000, 0x00000007b5580000, 0x00000007b5580000)
  object space 349696K, 3% used [0x00000007a0000000,0x00000007a0b9d060,0x00000007b5580000)
 Metaspace       used 5439K, capacity 5616K, committed 5760K, reserved 1056768K
  class space    used 579K, capacity 630K, committed 640K, reserved 1048576K
2018-07-25T18:08:03.850-0800: 6.131: [GC (Allocation Failure) [PSYoungGen: 152533K->3809K(163840K)] 164425K->15701K(513536K), 0.0011864 secs] [Times: user=0.01 sys=0.00, real=0.00 secs] 
Heap after GC invocations=55 (full 0):
 PSYoungGen      total 163840K, used 3809K [0x00000007b5580000, 0x00000007c0000000, 0x00000007c0000000)
  eden space 153088K, 0% used [0x00000007b5580000,0x00000007b5580000,0x00000007beb00000)
  from space 10752K, 35% used [0x00000007beb00000,0x00000007beeb84f8,0x00000007bf580000)
  to   space 10240K, 0% used [0x00000007bf600000,0x00000007bf600000,0x00000007c0000000)
 ParOldGen       total 349696K, used 11892K [0x00000007a0000000, 0x00000007b5580000, 0x00000007b5580000)
  object space 349696K, 3% used [0x00000007a0000000,0x00000007a0b9d060,0x00000007b5580000)
 Metaspace       used 5439K, capacity 5616K, committed 5760K, reserved 1056768K
  class space    used 579K, capacity 630K, committed 640K, reserved 1048576K
}
{Heap before GC invocations=56 (full 0):
 PSYoungGen      total 163840K, used 153590K [0x00000007b5580000, 0x00000007c0000000, 0x00000007c0000000)
  eden space 153088K, 97% used [0x00000007b5580000,0x00000007be7c5580,0x00000007beb00000)
  from space 10752K, 35% used [0x00000007beb00000,0x00000007beeb84f8,0x00000007bf580000)
  to   space 10240K, 0% used [0x00000007bf600000,0x00000007bf600000,0x00000007c0000000)
 ParOldGen       total 349696K, used 11892K [0x00000007a0000000, 0x00000007b5580000, 0x00000007b5580000)
  object space 349696K, 3% used [0x00000007a0000000,0x00000007a0b9d060,0x00000007b5580000)
 Metaspace       used 5439K, capacity 5616K, committed 5760K, reserved 1056768K
  class space    used 579K, capacity 630K, committed 640K, reserved 1048576K
2018-07-25T18:08:03.936-0800: 6.216: [GC (Allocation Failure) [PSYoungGen: 153590K->6383K(163328K)] 165482K->18275K(513024K), 0.0011864 secs] [Times: user=0.01 sys=0.00, real=0.00 secs] 
Heap after GC invocations=56 (full 0):
 PSYoungGen      total 163328K, used 6383K [0x00000007b5580000, 0x00000007c0000000, 0x00000007c0000000)
  eden space 153088K, 0% used [0x00000007b5580000,0x00000007b5580000,0x00000007beb00000)
  from space 10240K, 62% used [0x00000007bf600000,0x00000007bfc3bf48,0x00000007c0000000)
  to   space 10752K, 0% used [0x00000007beb00000,0x00000007beb00000,0x00000007bf580000)
 ParOldGen       total 349696K, used 11892K [0x00000007a0000000, 0x00000007b5580000, 0x00000007b5580000)
  object space 349696K, 3% used [0x00000007a0000000,0x00000007a0b9d060,0x00000007b5580000)
 Metaspace       used 5439K, capacity 5616K, committed 5760K, reserved 1056768K
  class space    used 579K, capacity 630K, committed 640K, reserved 1048576K
}
{Heap before GC invocations=57 (full 0):
 PSYoungGen      total 163328K, used 158801K [0x00000007b5580000, 0x00000007c0000000, 0x00000007c0000000)
  eden space 153088K, 99% used [0x00000007b5580000,0x00000007bea586a8,0x00000007beb00000)
  from space 10240K, 62% used [0x00000007bf600000,0x00000007bfc3bf48,0x00000007c0000000)
  to   space 10752K, 0% used [0x00000007beb00000,0x00000007beb00000,0x00000007bf580000)
 ParOldGen       total 349696K, used 11892K [0x00000007a0000000, 0x00000007b5580000, 0x00000007b5580000)
  object space 349696K, 3% used [0x00000007a0000000,0x00000007a0b9d060,0x00000007b5580000)
 Metaspace       used 5439K, capacity 5616K, committed 5760K, reserved 1056768K
  class space    used 579K, capacity 630K, committed 640K, reserved 1048576K
2018-07-25T18:08:04.020-0800: 6.301: [GC (Allocation Failure) [PSYoungGen: 158801K->6386K(163840K)] 170693K->18278K(513536K), 0.0012866 secs] [Times: user=0.01 sys=0.00, real=0.00 secs] 
Heap after GC invocations=57 (full 0):
 PSYoungGen      total 163840K, used 6386K [0x00000007b5580000, 0x00000007c0000000, 0x00000007c0000000)
  eden space 153088K, 0% used [0x00000007b5580000,0x00000007b5580000,0x00000007beb00000)
  from space 10752K, 59% used [0x00000007beb00000,0x00000007bf13c898,0x00000007bf580000)
  to   space 10752K, 0% used [0x00000007bf580000,0x00000007bf580000,0x00000007c0000000)
 ParOldGen       total 349696K, used 11892K [0x00000007a0000000, 0x00000007b5580000, 0x00000007b5580000)
  object space 349696K, 3% used [0x00000007a0000000,0x00000007a0b9d060,0x00000007b5580000)
 Metaspace       used 5439K, capacity 5616K, committed 5760K, reserved 1056768K
  class space    used 579K, capacity 630K, committed 640K, reserved 1048576K
}
{Heap before GC invocations=58 (full 0):
 PSYoungGen      total 163840K, used 155907K [0x00000007b5580000, 0x00000007c0000000, 0x00000007c0000000)
  eden space 153088K, 97% used [0x00000007b5580000,0x00000007be784638,0x00000007beb00000)
  from space 10752K, 59% used [0x00000007beb00000,0x00000007bf13c898,0x00000007bf580000)
  to   space 10752K, 0% used [0x00000007bf580000,0x00000007bf580000,0x00000007c0000000)
 ParOldGen       total 349696K, used 11892K [0x00000007a0000000, 0x00000007b5580000, 0x00000007b5580000)
  object space 349696K, 3% used [0x00000007a0000000,0x00000007a0b9d060,0x00000007b5580000)
 Metaspace       used 5439K, capacity 5616K, committed 5760K, reserved 1056768K
  class space    used 579K, capacity 630K, committed 640K, reserved 1048576K
2018-07-25T18:08:04.107-0800: 6.387: [GC (Allocation Failure) [PSYoungGen: 155907K->3784K(164352K)] 167799K->15676K(514048K), 0.0010851 secs] [Times: user=0.01 sys=0.00, real=0.00 secs] 
Heap after GC invocations=58 (full 0):
 PSYoungGen      total 164352K, used 3784K [0x00000007b5580000, 0x00000007c0000000, 0x00000007c0000000)
  eden space 153600K, 0% used [0x00000007b5580000,0x00000007b5580000,0x00000007beb80000)
  from space 10752K, 35% used [0x00000007bf580000,0x00000007bf932170,0x00000007c0000000)
  to   space 10240K, 0% used [0x00000007beb80000,0x00000007beb80000,0x00000007bf580000)
 ParOldGen       total 349696K, used 11892K [0x00000007a0000000, 0x00000007b5580000, 0x00000007b5580000)
  object space 349696K, 3% used [0x00000007a0000000,0x00000007a0b9d060,0x00000007b5580000)
 Metaspace       used 5439K, capacity 5616K, committed 5760K, reserved 1056768K
  class space    used 579K, capacity 630K, committed 640K, reserved 1048576K
}
{Heap before GC invocations=59 (full 0):
 PSYoungGen      total 164352K, used 156412K [0x00000007b5580000, 0x00000007c0000000, 0x00000007c0000000)
  eden space 153600K, 99% used [0x00000007b5580000,0x00000007bea8cf38,0x00000007beb80000)
  from space 10752K, 35% used [0x00000007bf580000,0x00000007bf932170,0x00000007c0000000)
  to   space 10240K, 0% used [0x00000007beb80000,0x00000007beb80000,0x00000007bf580000)
 ParOldGen       total 349696K, used 11892K [0x00000007a0000000, 0x00000007b5580000, 0x00000007b5580000)
  object space 349696K, 3% used [0x00000007a0000000,0x00000007a0b9d060,0x00000007b5580000)
 Metaspace       used 5439K, capacity 5616K, committed 5760K, reserved 1056768K
  class space    used 579K, capacity 630K, committed 640K, reserved 1048576K
2018-07-25T18:08:04.202-0800: 6.483: [GC (Allocation Failure) [PSYoungGen: 156412K->238K(163840K)] 168304K->12130K(513536K), 0.0006668 secs] [Times: user=0.00 sys=0.01, real=0.00 secs] 
Heap after GC invocations=59 (full 0):
 PSYoungGen      total 163840K, used 238K [0x00000007b5580000, 0x00000007c0000000, 0x00000007c0000000)
  eden space 153600K, 0% used [0x00000007b5580000,0x00000007b5580000,0x00000007beb80000)
  from space 10240K, 2% used [0x00000007beb80000,0x00000007bebbb8d0,0x00000007bf580000)
  to   space 10752K, 0% used [0x00000007bf580000,0x00000007bf580000,0x00000007c0000000)
 ParOldGen       total 349696K, used 11892K [0x00000007a0000000, 0x00000007b5580000, 0x00000007b5580000)
  object space 349696K, 3% used [0x00000007a0000000,0x00000007a0b9d060,0x00000007b5580000)
 Metaspace       used 5439K, capacity 5616K, committed 5760K, reserved 1056768K
  class space    used 579K, capacity 630K, committed 640K, reserved 1048576K
}
{Heap before GC invocations=60 (full 0):
 PSYoungGen      total 163840K, used 152596K [0x00000007b5580000, 0x00000007c0000000, 0x00000007c0000000)
  eden space 153600K, 99% used [0x00000007b5580000,0x00000007bea497e0,0x00000007beb80000)
  from space 10240K, 2% used [0x00000007beb80000,0x00000007bebbb8d0,0x00000007bf580000)
  to   space 10752K, 0% used [0x00000007bf580000,0x00000007bf580000,0x00000007c0000000)
 ParOldGen       total 349696K, used 11892K [0x00000007a0000000, 0x00000007b5580000, 0x00000007b5580000)
  object space 349696K, 3% used [0x00000007a0000000,0x00000007a0b9d060,0x00000007b5580000)
 Metaspace       used 5439K, capacity 5616K, committed 5760K, reserved 1056768K
  class space    used 579K, capacity 630K, committed 640K, reserved 1048576K
2018-07-25T18:08:04.287-0800: 6.567: [GC (Allocation Failure) [PSYoungGen: 152596K->3789K(164352K)] 164488K->15681K(514048K), 0.0010091 secs] [Times: user=0.00 sys=0.00, real=0.00 secs] 
Heap after GC invocations=60 (full 0):
 PSYoungGen      total 164352K, used 3789K [0x00000007b5580000, 0x00000007c0000000, 0x00000007c0000000)
  eden space 153600K, 0% used [0x00000007b5580000,0x00000007b5580000,0x00000007beb80000)
  from space 10752K, 35% used [0x00000007bf580000,0x00000007bf933558,0x00000007c0000000)
  to   space 10240K, 0% used [0x00000007beb80000,0x00000007beb80000,0x00000007bf580000)
 ParOldGen       total 349696K, used 11892K [0x00000007a0000000, 0x00000007b5580000, 0x00000007b5580000)
  object space 349696K, 3% used [0x00000007a0000000,0x00000007a0b9d060,0x00000007b5580000)
 Metaspace       used 5439K, capacity 5616K, committed 5760K, reserved 1056768K
  class space    used 579K, capacity 630K, committed 640K, reserved 1048576K
}
{Heap before GC invocations=61 (full 0):
 PSYoungGen      total 164352K, used 153562K [0x00000007b5580000, 0x00000007c0000000, 0x00000007c0000000)
  eden space 153600K, 97% used [0x00000007b5580000,0x00000007be7c32f8,0x00000007beb80000)
  from space 10752K, 35% used [0x00000007bf580000,0x00000007bf933558,0x00000007c0000000)
  to   space 10240K, 0% used [0x00000007beb80000,0x00000007beb80000,0x00000007bf580000)
 ParOldGen       total 349696K, used 11892K [0x00000007a0000000, 0x00000007b5580000, 0x00000007b5580000)
  object space 349696K, 3% used [0x00000007a0000000,0x00000007a0b9d060,0x00000007b5580000)
 Metaspace       used 5439K, capacity 5616K, committed 5760K, reserved 1056768K
  class space    used 579K, capacity 630K, committed 640K, reserved 1048576K
2018-07-25T18:08:04.377-0800: 6.658: [GC (Allocation Failure) [PSYoungGen: 153562K->6395K(163840K)] 165454K->18288K(513536K), 0.0009637 secs] [Times: user=0.01 sys=0.00, real=0.00 secs] 
Heap after GC invocations=61 (full 0):
 PSYoungGen      total 163840K, used 6395K [0x00000007b5580000, 0x00000007c0000000, 0x00000007c0000000)
  eden space 153600K, 0% used [0x00000007b5580000,0x00000007b5580000,0x00000007beb80000)
  from space 10240K, 62% used [0x00000007beb80000,0x00000007bf1befa8,0x00000007bf580000)
  to   space 10240K, 0% used [0x00000007bf600000,0x00000007bf600000,0x00000007c0000000)
 ParOldGen       total 349696K, used 11892K [0x00000007a0000000, 0x00000007b5580000, 0x00000007b5580000)
  object space 349696K, 3% used [0x00000007a0000000,0x00000007a0b9d060,0x00000007b5580000)
 Metaspace       used 5439K, capacity 5616K, committed 5760K, reserved 1056768K
  class space    used 579K, capacity 630K, committed 640K, reserved 1048576K
}
{Heap before GC invocations=62 (full 0):
 PSYoungGen      total 163840K, used 158784K [0x00000007b5580000, 0x00000007c0000000, 0x00000007c0000000)
  eden space 153600K, 99% used [0x00000007b5580000,0x00000007bea51350,0x00000007beb80000)
  from space 10240K, 62% used [0x00000007beb80000,0x00000007bf1befa8,0x00000007bf580000)
  to   space 10240K, 0% used [0x00000007bf600000,0x00000007bf600000,0x00000007c0000000)
 ParOldGen       total 349696K, used 11892K [0x00000007a0000000, 0x00000007b5580000, 0x00000007b5580000)
  object space 349696K, 3% used [0x00000007a0000000,0x00000007a0b9d060,0x00000007b5580000)
 Metaspace       used 5439K, capacity 5616K, committed 5760K, reserved 1056768K
  class space    used 579K, capacity 630K, committed 640K, reserved 1048576K
2018-07-25T18:08:04.462-0800: 6.743: [GC (Allocation Failure) [PSYoungGen: 158784K->6366K(164352K)] 170676K->18258K(514048K), 0.0011489 secs] [Times: user=0.01 sys=0.00, real=0.00 secs] 
Heap after GC invocations=62 (full 0):
 PSYoungGen      total 164352K, used 6366K [0x00000007b5580000, 0x00000007c0000000, 0x00000007c0000000)
  eden space 154112K, 0% used [0x00000007b5580000,0x00000007b5580000,0x00000007bec00000)
  from space 10240K, 62% used [0x00000007bf600000,0x00000007bfc378f8,0x00000007c0000000)
  to   space 10240K, 0% used [0x00000007bec00000,0x00000007bec00000,0x00000007bf600000)
 ParOldGen       total 349696K, used 11892K [0x00000007a0000000, 0x00000007b5580000, 0x00000007b5580000)
  object space 349696K, 3% used [0x00000007a0000000,0x00000007a0b9d060,0x00000007b5580000)
 Metaspace       used 5439K, capacity 5616K, committed 5760K, reserved 1056768K
  class space    used 579K, capacity 630K, committed 640K, reserved 1048576K
}
{Heap before GC invocations=63 (full 0):
 PSYoungGen      total 164352K, used 160329K [0x00000007b5580000, 0x00000007c0000000, 0x00000007c0000000)
  eden space 154112K, 99% used [0x00000007b5580000,0x00000007bebdae18,0x00000007bec00000)
  from space 10240K, 62% used [0x00000007bf600000,0x00000007bfc378f8,0x00000007c0000000)
  to   space 10240K, 0% used [0x00000007bec00000,0x00000007bec00000,0x00000007bf600000)
 ParOldGen       total 349696K, used 11892K [0x00000007a0000000, 0x00000007b5580000, 0x00000007b5580000)
  object space 349696K, 3% used [0x00000007a0000000,0x00000007a0b9d060,0x00000007b5580000)
 Metaspace       used 5439K, capacity 5616K, committed 5760K, reserved 1056768K
  class space    used 579K, capacity 630K, committed 640K, reserved 1048576K
2018-07-25T18:08:04.546-0800: 6.826: [GC (Allocation Failure) [PSYoungGen: 160329K->7702K(162304K)] 172221K->19594K(512000K), 0.0014211 secs] [Times: user=0.01 sys=0.00, real=0.00 secs] 
Heap after GC invocations=63 (full 0):
 PSYoungGen      total 162304K, used 7702K [0x00000007b5580000, 0x00000007c0000000, 0x00000007c0000000)
  eden space 154112K, 0% used [0x00000007b5580000,0x00000007b5580000,0x00000007bec00000)
  from space 8192K, 94% used [0x00000007bec00000,0x00000007bf385b58,0x00000007bf400000)
  to   space 10752K, 0% used [0x00000007bf580000,0x00000007bf580000,0x00000007c0000000)
 ParOldGen       total 349696K, used 11892K [0x00000007a0000000, 0x00000007b5580000, 0x00000007b5580000)
  object space 349696K, 3% used [0x00000007a0000000,0x00000007a0b9d060,0x00000007b5580000)
 Metaspace       used 5439K, capacity 5616K, committed 5760K, reserved 1056768K
  class space    used 579K, capacity 630K, committed 640K, reserved 1048576K
}
{Heap before GC invocations=64 (full 0):
 PSYoungGen      total 162304K, used 161731K [0x00000007b5580000, 0x00000007c0000000, 0x00000007c0000000)
  eden space 154112K, 99% used [0x00000007b5580000,0x00000007bebeb3e0,0x00000007bec00000)
  from space 8192K, 94% used [0x00000007bec00000,0x00000007bf385b58,0x00000007bf400000)
  to   space 10752K, 0% used [0x00000007bf580000,0x00000007bf580000,0x00000007c0000000)
 ParOldGen       total 349696K, used 11892K [0x00000007a0000000, 0x00000007b5580000, 0x00000007b5580000)
  object space 349696K, 3% used [0x00000007a0000000,0x00000007a0b9d060,0x00000007b5580000)
 Metaspace       used 5439K, capacity 5616K, committed 5760K, reserved 1056768K
  class space    used 579K, capacity 630K, committed 640K, reserved 1048576K
2018-07-25T18:08:04.639-0800: 6.920: [GC (Allocation Failure) [PSYoungGen: 161731K->3831K(163840K)] 173623K->15723K(513536K), 0.0009245 secs] [Times: user=0.00 sys=0.00, real=0.01 secs] 
Heap after GC invocations=64 (full 0):
 PSYoungGen      total 163840K, used 3831K [0x00000007b5580000, 0x00000007c0000000, 0x00000007c0000000)
  eden space 153088K, 0% used [0x00000007b5580000,0x00000007b5580000,0x00000007beb00000)
  from space 10752K, 35% used [0x00000007bf580000,0x00000007bf93dc50,0x00000007c0000000)
  to   space 10752K, 0% used [0x00000007beb00000,0x00000007beb00000,0x00000007bf580000)
 ParOldGen       total 349696K, used 11892K [0x00000007a0000000, 0x00000007b5580000, 0x00000007b5580000)
  object space 349696K, 3% used [0x00000007a0000000,0x00000007a0b9d060,0x00000007b5580000)
 Metaspace       used 5439K, capacity 5616K, committed 5760K, reserved 1056768K
  class space    used 579K, capacity 630K, committed 640K, reserved 1048576K
}
{Heap before GC invocations=65 (full 0):
 PSYoungGen      total 163840K, used 154012K [0x00000007b5580000, 0x00000007c0000000, 0x00000007c0000000)
  eden space 153088K, 98% used [0x00000007b5580000,0x00000007be829710,0x00000007beb00000)
  from space 10752K, 35% used [0x00000007bf580000,0x00000007bf93dc50,0x00000007c0000000)
  to   space 10752K, 0% used [0x00000007beb00000,0x00000007beb00000,0x00000007bf580000)
 ParOldGen       total 349696K, used 11892K [0x00000007a0000000, 0x00000007b5580000, 0x00000007b5580000)
  object space 349696K, 3% used [0x00000007a0000000,0x00000007a0b9d060,0x00000007b5580000)
 Metaspace       used 5439K, capacity 5616K, committed 5760K, reserved 1056768K
  class space    used 579K, capacity 630K, committed 640K, reserved 1048576K
2018-07-25T18:08:04.723-0800: 7.003: [GC (Allocation Failure) [PSYoungGen: 154012K->6373K(163840K)] 165904K->18265K(513536K), 0.0010777 secs] [Times: user=0.00 sys=0.00, real=0.00 secs] 
Heap after GC invocations=65 (full 0):
 PSYoungGen      total 163840K, used 6373K [0x00000007b5580000, 0x00000007c0000000, 0x00000007c0000000)
  eden space 153088K, 0% used [0x00000007b5580000,0x00000007b5580000,0x00000007beb00000)
  from space 10752K, 59% used [0x00000007beb00000,0x00000007bf1396a0,0x00000007bf580000)
  to   space 10752K, 0% used [0x00000007bf580000,0x00000007bf580000,0x00000007c0000000)
 ParOldGen       total 349696K, used 11892K [0x00000007a0000000, 0x00000007b5580000, 0x00000007b5580000)
  object space 349696K, 3% used [0x00000007a0000000,0x00000007a0b9d060,0x00000007b5580000)
 Metaspace       used 5439K, capacity 5616K, committed 5760K, reserved 1056768K
  class space    used 579K, capacity 630K, committed 640K, reserved 1048576K
}
{Heap before GC invocations=66 (full 0):
 PSYoungGen      total 163840K, used 159037K [0x00000007b5580000, 0x00000007c0000000, 0x00000007c0000000)
  eden space 153088K, 99% used [0x00000007b5580000,0x00000007bea95e20,0x00000007beb00000)
  from space 10752K, 59% used [0x00000007beb00000,0x00000007bf1396a0,0x00000007bf580000)
  to   space 10752K, 0% used [0x00000007bf580000,0x00000007bf580000,0x00000007c0000000)
 ParOldGen       total 349696K, used 11892K [0x00000007a0000000, 0x00000007b5580000, 0x00000007b5580000)
  object space 349696K, 3% used [0x00000007a0000000,0x00000007a0b9d060,0x00000007b5580000)
 Metaspace       used 5439K, capacity 5616K, committed 5760K, reserved 1056768K
  class space    used 579K, capacity 630K, committed 640K, reserved 1048576K
2018-07-25T18:08:04.809-0800: 7.090: [GC (Allocation Failure) [PSYoungGen: 159037K->6407K(163840K)] 170929K->18300K(513536K), 0.0013328 secs] [Times: user=0.01 sys=0.00, real=0.01 secs] 
Heap after GC invocations=66 (full 0):
 PSYoungGen      total 163840K, used 6407K [0x00000007b5580000, 0x00000007c0000000, 0x00000007c0000000)
  eden space 153088K, 0% used [0x00000007b5580000,0x00000007b5580000,0x00000007beb00000)
  from space 10752K, 59% used [0x00000007bf580000,0x00000007bfbc1ff0,0x00000007c0000000)
  to   space 10752K, 0% used [0x00000007beb00000,0x00000007beb00000,0x00000007bf580000)
 ParOldGen       total 349696K, used 11892K [0x00000007a0000000, 0x00000007b5580000, 0x00000007b5580000)
  object space 349696K, 3% used [0x00000007a0000000,0x00000007a0b9d060,0x00000007b5580000)
 Metaspace       used 5439K, capacity 5616K, committed 5760K, reserved 1056768K
  class space    used 579K, capacity 630K, committed 640K, reserved 1048576K
}
{Heap before GC invocations=67 (full 0):
 PSYoungGen      total 163840K, used 156568K [0x00000007b5580000, 0x00000007c0000000, 0x00000007c0000000)
  eden space 153088K, 98% used [0x00000007b5580000,0x00000007be8243b8,0x00000007beb00000)
  from space 10752K, 59% used [0x00000007bf580000,0x00000007bfbc1ff0,0x00000007c0000000)
  to   space 10752K, 0% used [0x00000007beb00000,0x00000007beb00000,0x00000007bf580000)
 ParOldGen       total 349696K, used 11892K [0x00000007a0000000, 0x00000007b5580000, 0x00000007b5580000)
  object space 349696K, 3% used [0x00000007a0000000,0x00000007a0b9d060,0x00000007b5580000)
 Metaspace       used 5439K, capacity 5616K, committed 5760K, reserved 1056768K
  class space    used 579K, capacity 630K, committed 640K, reserved 1048576K
2018-07-25T18:08:04.898-0800: 7.178: [GC (Allocation Failure) [PSYoungGen: 156568K->3774K(163840K)] 168461K->15666K(513536K), 0.0010863 secs] [Times: user=0.00 sys=0.00, real=0.00 secs] 
Heap after GC invocations=67 (full 0):
 PSYoungGen      total 163840K, used 3774K [0x00000007b5580000, 0x00000007c0000000, 0x00000007c0000000)
  eden space 153088K, 0% used [0x00000007b5580000,0x00000007b5580000,0x00000007beb00000)
  from space 10752K, 35% used [0x00000007beb00000,0x00000007beeaf8c8,0x00000007bf580000)
  to   space 10240K, 0% used [0x00000007bf600000,0x00000007bf600000,0x00000007c0000000)
 ParOldGen       total 349696K, used 11892K [0x00000007a0000000, 0x00000007b5580000, 0x00000007b5580000)
  object space 349696K, 3% used [0x00000007a0000000,0x00000007a0b9d060,0x00000007b5580000)
 Metaspace       used 5439K, capacity 5616K, committed 5760K, reserved 1056768K
  class space    used 579K, capacity 630K, committed 640K, reserved 1048576K
}
{Heap before GC invocations=68 (full 0):
 PSYoungGen      total 163840K, used 156704K [0x00000007b5580000, 0x00000007c0000000, 0x00000007c0000000)
  eden space 153088K, 99% used [0x00000007b5580000,0x00000007bead88f0,0x00000007beb00000)
  from space 10752K, 35% used [0x00000007beb00000,0x00000007beeaf8c8,0x00000007bf580000)
  to   space 10240K, 0% used [0x00000007bf600000,0x00000007bf600000,0x00000007c0000000)
 ParOldGen       total 349696K, used 11892K [0x00000007a0000000, 0x00000007b5580000, 0x00000007b5580000)
  object space 349696K, 3% used [0x00000007a0000000,0x00000007a0b9d060,0x00000007b5580000)
 Metaspace       used 5439K, capacity 5616K, committed 5760K, reserved 1056768K
  class space    used 579K, capacity 630K, committed 640K, reserved 1048576K
2018-07-25T18:08:04.990-0800: 7.270: [GC (Allocation Failure) [PSYoungGen: 156704K->1303K(164352K)] 168596K->13196K(514048K), 0.0006134 secs] [Times: user=0.01 sys=0.00, real=0.00 secs] 
Heap after GC invocations=68 (full 0):
 PSYoungGen      total 164352K, used 1303K [0x00000007b5580000, 0x00000007c0000000, 0x00000007c0000000)
  eden space 154112K, 0% used [0x00000007b5580000,0x00000007b5580000,0x00000007bec00000)
  from space 10240K, 12% used [0x00000007bf600000,0x00000007bf745ff8,0x00000007c0000000)
  to   space 10240K, 0% used [0x00000007bec00000,0x00000007bec00000,0x00000007bf600000)
 ParOldGen       total 349696K, used 11892K [0x00000007a0000000, 0x00000007b5580000, 0x00000007b5580000)
  object space 349696K, 3% used [0x00000007a0000000,0x00000007a0b9d060,0x00000007b5580000)
 Metaspace       used 5439K, capacity 5616K, committed 5760K, reserved 1056768K
  class space    used 579K, capacity 630K, committed 640K, reserved 1048576K
}
{Heap before GC invocations=69 (full 0):
 PSYoungGen      total 164352K, used 154270K [0x00000007b5580000, 0x00000007c0000000, 0x00000007c0000000)
  eden space 154112K, 99% used [0x00000007b5580000,0x00000007beae1bb0,0x00000007bec00000)
  from space 10240K, 12% used [0x00000007bf600000,0x00000007bf745ff8,0x00000007c0000000)
  to   space 10240K, 0% used [0x00000007bec00000,0x00000007bec00000,0x00000007bf600000)
 ParOldGen       total 349696K, used 11892K [0x00000007a0000000, 0x00000007b5580000, 0x00000007b5580000)
  object space 349696K, 3% used [0x00000007a0000000,0x00000007a0b9d060,0x00000007b5580000)
 Metaspace       used 5440K, capacity 5616K, committed 5760K, reserved 1056768K
  class space    used 579K, capacity 630K, committed 640K, reserved 1048576K
2018-07-25T18:08:05.076-0800: 7.357: [GC (Allocation Failure) [PSYoungGen: 154270K->3811K(164352K)] 166163K->15703K(514048K), 0.0010732 secs] [Times: user=0.01 sys=0.00, real=0.00 secs] 
Heap after GC invocations=69 (full 0):
 PSYoungGen      total 164352K, used 3811K [0x00000007b5580000, 0x00000007c0000000, 0x00000007c0000000)
  eden space 154112K, 0% used [0x00000007b5580000,0x00000007b5580000,0x00000007bec00000)
  from space 10240K, 37% used [0x00000007bec00000,0x00000007befb8cb0,0x00000007bf600000)
  to   space 10240K, 0% used [0x00000007bf600000,0x00000007bf600000,0x00000007c0000000)
 ParOldGen       total 349696K, used 11892K [0x00000007a0000000, 0x00000007b5580000, 0x00000007b5580000)
  object space 349696K, 3% used [0x00000007a0000000,0x00000007a0b9d060,0x00000007b5580000)
 Metaspace       used 5440K, capacity 5616K, committed 5760K, reserved 1056768K
  class space    used 579K, capacity 630K, committed 640K, reserved 1048576K
}
{Heap before GC invocations=70 (full 0):
 PSYoungGen      total 164352K, used 154475K [0x00000007b5580000, 0x00000007c0000000, 0x00000007c0000000)
  eden space 154112K, 97% used [0x00000007b5580000,0x00000007be8a2190,0x00000007bec00000)
  from space 10240K, 37% used [0x00000007bec00000,0x00000007befb8cb0,0x00000007bf600000)
  to   space 10240K, 0% used [0x00000007bf600000,0x00000007bf600000,0x00000007c0000000)
 ParOldGen       total 349696K, used 11892K [0x00000007a0000000, 0x00000007b5580000, 0x00000007b5580000)
  object space 349696K, 3% used [0x00000007a0000000,0x00000007a0b9d060,0x00000007b5580000)
 Metaspace       used 5440K, capacity 5616K, committed 5760K, reserved 1056768K
  class space    used 579K, capacity 630K, committed 640K, reserved 1048576K
2018-07-25T18:08:05.163-0800: 7.443: [GC (Allocation Failure) [PSYoungGen: 154475K->6417K(164352K)] 166367K->18309K(514048K), 0.0013061 secs] [Times: user=0.01 sys=0.00, real=0.00 secs] 
Heap after GC invocations=70 (full 0):
 PSYoungGen      total 164352K, used 6417K [0x00000007b5580000, 0x00000007c0000000, 0x00000007c0000000)
  eden space 154112K, 0% used [0x00000007b5580000,0x00000007b5580000,0x00000007bec00000)
  from space 10240K, 62% used [0x00000007bf600000,0x00000007bfc44700,0x00000007c0000000)
  to   space 10240K, 0% used [0x00000007bec00000,0x00000007bec00000,0x00000007bf600000)
 ParOldGen       total 349696K, used 11892K [0x00000007a0000000, 0x00000007b5580000, 0x00000007b5580000)
  object space 349696K, 3% used [0x00000007a0000000,0x00000007a0b9d060,0x00000007b5580000)
 Metaspace       used 5440K, capacity 5616K, committed 5760K, reserved 1056768K
  class space    used 579K, capacity 630K, committed 640K, reserved 1048576K
}
{Heap before GC invocations=71 (full 0):
 PSYoungGen      total 164352K, used 159823K [0x00000007b5580000, 0x00000007c0000000, 0x00000007c0000000)
  eden space 154112K, 99% used [0x00000007b5580000,0x00000007beb4f8e8,0x00000007bec00000)
  from space 10240K, 62% used [0x00000007bf600000,0x00000007bfc44700,0x00000007c0000000)
  to   space 10240K, 0% used [0x00000007bec00000,0x00000007bec00000,0x00000007bf600000)
 ParOldGen       total 349696K, used 11892K [0x00000007a0000000, 0x00000007b5580000, 0x00000007b5580000)
  object space 349696K, 3% used [0x00000007a0000000,0x00000007a0b9d060,0x00000007b5580000)
 Metaspace       used 5440K, capacity 5616K, committed 5760K, reserved 1056768K
  class space    used 579K, capacity 630K, committed 640K, reserved 1048576K
2018-07-25T18:08:05.252-0800: 7.532: [GC (Allocation Failure) [PSYoungGen: 159823K->6452K(164352K)] 171716K->18344K(514048K), 0.0012540 secs] [Times: user=0.01 sys=0.00, real=0.00 secs] 
Heap after GC invocations=71 (full 0):
 PSYoungGen      total 164352K, used 6452K [0x00000007b5580000, 0x00000007c0000000, 0x00000007c0000000)
  eden space 154112K, 0% used [0x00000007b5580000,0x00000007b5580000,0x00000007bec00000)
  from space 10240K, 63% used [0x00000007bec00000,0x00000007bf24d050,0x00000007bf600000)
  to   space 10240K, 0% used [0x00000007bf600000,0x00000007bf600000,0x00000007c0000000)
 ParOldGen       total 349696K, used 11892K [0x00000007a0000000, 0x00000007b5580000, 0x00000007b5580000)
  object space 349696K, 3% used [0x00000007a0000000,0x00000007a0b9d060,0x00000007b5580000)
 Metaspace       used 5440K, capacity 5616K, committed 5760K, reserved 1056768K
  class space    used 579K, capacity 630K, committed 640K, reserved 1048576K
}
{Heap before GC invocations=72 (full 0):
 PSYoungGen      total 164352K, used 156926K [0x00000007b5580000, 0x00000007c0000000, 0x00000007c0000000)
  eden space 154112K, 97% used [0x00000007b5580000,0x00000007be872aa0,0x00000007bec00000)
  from space 10240K, 63% used [0x00000007bec00000,0x00000007bf24d050,0x00000007bf600000)
  to   space 10240K, 0% used [0x00000007bf600000,0x00000007bf600000,0x00000007c0000000)
 ParOldGen       total 349696K, used 11892K [0x00000007a0000000, 0x00000007b5580000, 0x00000007b5580000)
  object space 349696K, 3% used [0x00000007a0000000,0x00000007a0b9d060,0x00000007b5580000)
 Metaspace       used 5440K, capacity 5616K, committed 5760K, reserved 1056768K
  class space    used 579K, capacity 630K, committed 640K, reserved 1048576K
2018-07-25T18:08:05.341-0800: 7.621: [GC (Allocation Failure) [PSYoungGen: 156926K->3850K(164864K)] 168818K->15742K(514560K), 0.0017231 secs] [Times: user=0.00 sys=0.00, real=0.00 secs] 
Heap after GC invocations=72 (full 0):
 PSYoungGen      total 164864K, used 3850K [0x00000007b5580000, 0x00000007c0000000, 0x00000007c0000000)
  eden space 154624K, 0% used [0x00000007b5580000,0x00000007b5580000,0x00000007bec80000)
  from space 10240K, 37% used [0x00000007bf600000,0x00000007bf9c2928,0x00000007c0000000)
  to   space 9728K, 0% used [0x00000007bec80000,0x00000007bec80000,0x00000007bf600000)
 ParOldGen       total 349696K, used 11892K [0x00000007a0000000, 0x00000007b5580000, 0x00000007b5580000)
  object space 349696K, 3% used [0x00000007a0000000,0x00000007a0b9d060,0x00000007b5580000)
 Metaspace       used 5440K, capacity 5616K, committed 5760K, reserved 1056768K
  class space    used 579K, capacity 630K, committed 640K, reserved 1048576K
}
{Heap before GC invocations=73 (full 0):
 PSYoungGen      total 164864K, used 158474K [0x00000007b5580000, 0x00000007c0000000, 0x00000007c0000000)
  eden space 154624K, 100% used [0x00000007b5580000,0x00000007bec80000,0x00000007bec80000)
  from space 10240K, 37% used [0x00000007bf600000,0x00000007bf9c2928,0x00000007c0000000)
  to   space 9728K, 0% used [0x00000007bec80000,0x00000007bec80000,0x00000007bf600000)
 ParOldGen       total 349696K, used 11892K [0x00000007a0000000, 0x00000007b5580000, 0x00000007b5580000)
  object space 349696K, 3% used [0x00000007a0000000,0x00000007a0b9d060,0x00000007b5580000)
 Metaspace       used 5440K, capacity 5616K, committed 5760K, reserved 1056768K
  class space    used 579K, capacity 630K, committed 640K, reserved 1048576K
2018-07-25T18:08:05.441-0800: 7.722: [GC (Allocation Failure) [PSYoungGen: 158474K->240K(164352K)] 170366K->12132K(514048K), 0.0006740 secs] [Times: user=0.00 sys=0.00, real=0.00 secs] 
Heap after GC invocations=73 (full 0):
 PSYoungGen      total 164352K, used 240K [0x00000007b5580000, 0x00000007c0000000, 0x00000007c0000000)
  eden space 154624K, 0% used [0x00000007b5580000,0x00000007b5580000,0x00000007bec80000)
  from space 9728K, 2% used [0x00000007bec80000,0x00000007becbc088,0x00000007bf600000)
  to   space 10240K, 0% used [0x00000007bf600000,0x00000007bf600000,0x00000007c0000000)
 ParOldGen       total 349696K, used 11892K [0x00000007a0000000, 0x00000007b5580000, 0x00000007b5580000)
  object space 349696K, 3% used [0x00000007a0000000,0x00000007a0b9d060,0x00000007b5580000)
 Metaspace       used 5440K, capacity 5616K, committed 5760K, reserved 1056768K
  class space    used 579K, capacity 630K, committed 640K, reserved 1048576K
}
{Heap before GC invocations=74 (full 0):
 PSYoungGen      total 164352K, used 153271K [0x00000007b5580000, 0x00000007c0000000, 0x00000007c0000000)
  eden space 154624K, 98% used [0x00000007b5580000,0x00000007beaf1e30,0x00000007bec80000)
  from space 9728K, 2% used [0x00000007bec80000,0x00000007becbc088,0x00000007bf600000)
  to   space 10240K, 0% used [0x00000007bf600000,0x00000007bf600000,0x00000007c0000000)
 ParOldGen       total 349696K, used 11892K [0x00000007a0000000, 0x00000007b5580000, 0x00000007b5580000)
  object space 349696K, 3% used [0x00000007a0000000,0x00000007a0b9d060,0x00000007b5580000)
 Metaspace       used 5440K, capacity 5616K, committed 5760K, reserved 1056768K
  class space    used 579K, capacity 630K, committed 640K, reserved 1048576K
2018-07-25T18:08:05.527-0800: 7.808: [GC (Allocation Failure) [PSYoungGen: 153271K->3855K(164864K)] 165163K->15747K(514560K), 0.0011218 secs] [Times: user=0.00 sys=0.01, real=0.00 secs] 
Heap after GC invocations=74 (full 0):
 PSYoungGen      total 164864K, used 3855K [0x00000007b5580000, 0x00000007c0000000, 0x00000007c0000000)
  eden space 154624K, 0% used [0x00000007b5580000,0x00000007b5580000,0x00000007bec80000)
  from space 10240K, 37% used [0x00000007bf600000,0x00000007bf9c3d10,0x00000007c0000000)
  to   space 9728K, 0% used [0x00000007bec80000,0x00000007bec80000,0x00000007bf600000)
 ParOldGen       total 349696K, used 11892K [0x00000007a0000000, 0x00000007b5580000, 0x00000007b5580000)
  object space 349696K, 3% used [0x00000007a0000000,0x00000007a0b9d060,0x00000007b5580000)
 Metaspace       used 5440K, capacity 5616K, committed 5760K, reserved 1056768K
  class space    used 579K, capacity 630K, committed 640K, reserved 1048576K
}
{Heap before GC invocations=75 (full 0):
 PSYoungGen      total 164864K, used 154575K [0x00000007b5580000, 0x00000007c0000000, 0x00000007c0000000)
  eden space 154624K, 97% used [0x00000007b5580000,0x00000007be8b0218,0x00000007bec80000)
  from space 10240K, 37% used [0x00000007bf600000,0x00000007bf9c3d10,0x00000007c0000000)
  to   space 9728K, 0% used [0x00000007bec80000,0x00000007bec80000,0x00000007bf600000)
 ParOldGen       total 349696K, used 11892K [0x00000007a0000000, 0x00000007b5580000, 0x00000007b5580000)
  object space 349696K, 3% used [0x00000007a0000000,0x00000007a0b9d060,0x00000007b5580000)
 Metaspace       used 5440K, capacity 5616K, committed 5760K, reserved 1056768K
  class space    used 579K, capacity 630K, committed 640K, reserved 1048576K
2018-07-25T18:08:05.617-0800: 7.897: [GC (Allocation Failure) [PSYoungGen: 154575K->6429K(164352K)] 166467K->18321K(514048K), 0.0013964 secs] [Times: user=0.01 sys=0.00, real=0.00 secs] 
Heap after GC invocations=75 (full 0):
 PSYoungGen      total 164352K, used 6429K [0x00000007b5580000, 0x00000007c0000000, 0x00000007c0000000)
  eden space 154624K, 0% used [0x00000007b5580000,0x00000007b5580000,0x00000007bec80000)
  from space 9728K, 66% used [0x00000007bec80000,0x00000007bf2c7760,0x00000007bf600000)
  to   space 10240K, 0% used [0x00000007bf600000,0x00000007bf600000,0x00000007c0000000)
 ParOldGen       total 349696K, used 11892K [0x00000007a0000000, 0x00000007b5580000, 0x00000007b5580000)
  object space 349696K, 3% used [0x00000007a0000000,0x00000007a0b9d060,0x00000007b5580000)
 Metaspace       used 5440K, capacity 5616K, committed 5760K, reserved 1056768K
  class space    used 579K, capacity 630K, committed 640K, reserved 1048576K
}
{Heap before GC invocations=76 (full 0):
 PSYoungGen      total 164352K, used 159812K [0x00000007b5580000, 0x00000007c0000000, 0x00000007c0000000)
  eden space 154624K, 99% used [0x00000007b5580000,0x00000007beb49a00,0x00000007bec80000)
  from space 9728K, 66% used [0x00000007bec80000,0x00000007bf2c7760,0x00000007bf600000)
  to   space 10240K, 0% used [0x00000007bf600000,0x00000007bf600000,0x00000007c0000000)
 ParOldGen       total 349696K, used 11892K [0x00000007a0000000, 0x00000007b5580000, 0x00000007b5580000)
  object space 349696K, 3% used [0x00000007a0000000,0x00000007a0b9d060,0x00000007b5580000)
 Metaspace       used 5440K, capacity 5616K, committed 5760K, reserved 1056768K
  class space    used 579K, capacity 630K, committed 640K, reserved 1048576K
2018-07-25T18:08:05.709-0800: 7.990: [GC (Allocation Failure) [PSYoungGen: 159812K->6400K(164352K)] 171704K->18292K(514048K), 0.0012641 secs] [Times: user=0.01 sys=0.00, real=0.01 secs] 
Heap after GC invocations=76 (full 0):
 PSYoungGen      total 164352K, used 6400K [0x00000007b5580000, 0x00000007c0000000, 0x00000007c0000000)
  eden space 154112K, 0% used [0x00000007b5580000,0x00000007b5580000,0x00000007bec00000)
  from space 10240K, 62% used [0x00000007bf600000,0x00000007bfc400b0,0x00000007c0000000)
  to   space 10240K, 0% used [0x00000007bec00000,0x00000007bec00000,0x00000007bf600000)
 ParOldGen       total 349696K, used 11892K [0x00000007a0000000, 0x00000007b5580000, 0x00000007b5580000)
  object space 349696K, 3% used [0x00000007a0000000,0x00000007a0b9d060,0x00000007b5580000)
 Metaspace       used 5440K, capacity 5616K, committed 5760K, reserved 1056768K
  class space    used 579K, capacity 630K, committed 640K, reserved 1048576K
}
{Heap before GC invocations=77 (full 0):
 PSYoungGen      total 164352K, used 157196K [0x00000007b5580000, 0x00000007c0000000, 0x00000007c0000000)
  eden space 154112K, 97% used [0x00000007b5580000,0x00000007be8c2f70,0x00000007bec00000)
  from space 10240K, 62% used [0x00000007bf600000,0x00000007bfc400b0,0x00000007c0000000)
  to   space 10240K, 0% used [0x00000007bec00000,0x00000007bec00000,0x00000007bf600000)
 ParOldGen       total 349696K, used 11892K [0x00000007a0000000, 0x00000007b5580000, 0x00000007b5580000)
  object space 349696K, 3% used [0x00000007a0000000,0x00000007a0b9d060,0x00000007b5580000)
 Metaspace       used 5440K, capacity 5616K, committed 5760K, reserved 1056768K
  class space    used 579K, capacity 630K, committed 640K, reserved 1048576K
2018-07-25T18:08:05.803-0800: 8.083: [GC (Allocation Failure) [PSYoungGen: 157196K->3862K(164352K)] 169088K->15754K(514048K), 0.0009745 secs] [Times: user=0.00 sys=0.00, real=0.00 secs] 
Heap after GC invocations=77 (full 0):
 PSYoungGen      total 164352K, used 3862K [0x00000007b5580000, 0x00000007c0000000, 0x00000007c0000000)
  eden space 154112K, 0% used [0x00000007b5580000,0x00000007b5580000,0x00000007bec00000)
  from space 10240K, 37% used [0x00000007bec00000,0x00000007befc5988,0x00000007bf600000)
  to   space 9728K, 0% used [0x00000007bf680000,0x00000007bf680000,0x00000007c0000000)
 ParOldGen       total 349696K, used 11892K [0x00000007a0000000, 0x00000007b5580000, 0x00000007b5580000)
  object space 349696K, 3% used [0x00000007a0000000,0x00000007a0b9d060,0x00000007b5580000)
 Metaspace       used 5440K, capacity 5616K, committed 5760K, reserved 1056768K
  class space    used 579K, capacity 630K, committed 640K, reserved 1048576K
}
{Heap before GC invocations=78 (full 0):
 PSYoungGen      total 164352K, used 157974K [0x00000007b5580000, 0x00000007c0000000, 0x00000007c0000000)
  eden space 154112K, 100% used [0x00000007b5580000,0x00000007bec00000,0x00000007bec00000)
  from space 10240K, 37% used [0x00000007bec00000,0x00000007befc5988,0x00000007bf600000)
  to   space 9728K, 0% used [0x00000007bf680000,0x00000007bf680000,0x00000007c0000000)
 ParOldGen       total 349696K, used 11892K [0x00000007a0000000, 0x00000007b5580000, 0x00000007b5580000)
  object space 349696K, 3% used [0x00000007a0000000,0x00000007a0b9d060,0x00000007b5580000)
 Metaspace       used 5440K, capacity 5616K, committed 5760K, reserved 1056768K
  class space    used 579K, capacity 630K, committed 640K, reserved 1048576K
2018-07-25T18:08:05.899-0800: 8.179: [GC (Allocation Failure) [PSYoungGen: 157974K->252K(163840K)] 169866K->12144K(513536K), 0.0006909 secs] [Times: user=0.00 sys=0.00, real=0.01 secs] 
Heap after GC invocations=78 (full 0):
 PSYoungGen      total 163840K, used 252K [0x00000007b5580000, 0x00000007c0000000, 0x00000007c0000000)
  eden space 154112K, 0% used [0x00000007b5580000,0x00000007b5580000,0x00000007bec00000)
  from space 9728K, 2% used [0x00000007bf680000,0x00000007bf6bf0e8,0x00000007c0000000)
  to   space 10240K, 0% used [0x00000007bec00000,0x00000007bec00000,0x00000007bf600000)
 ParOldGen       total 349696K, used 11892K [0x00000007a0000000, 0x00000007b5580000, 0x00000007b5580000)
  object space 349696K, 3% used [0x00000007a0000000,0x00000007a0b9d060,0x00000007b5580000)
 Metaspace       used 5440K, capacity 5616K, committed 5760K, reserved 1056768K
  class space    used 579K, capacity 630K, committed 640K, reserved 1048576K
}
{Heap before GC invocations=79 (full 0):
 PSYoungGen      total 163840K, used 153748K [0x00000007b5580000, 0x00000007c0000000, 0x00000007c0000000)
  eden space 154112K, 99% used [0x00000007b5580000,0x00000007beb65fb8,0x00000007bec00000)
  from space 9728K, 2% used [0x00000007bf680000,0x00000007bf6bf0e8,0x00000007c0000000)
  to   space 10240K, 0% used [0x00000007bec00000,0x00000007bec00000,0x00000007bf600000)
 ParOldGen       total 349696K, used 11892K [0x00000007a0000000, 0x00000007b5580000, 0x00000007b5580000)
  object space 349696K, 3% used [0x00000007a0000000,0x00000007a0b9d060,0x00000007b5580000)
 Metaspace       used 5440K, capacity 5616K, committed 5760K, reserved 1056768K
  class space    used 579K, capacity 630K, committed 640K, reserved 1048576K
2018-07-25T18:08:05.986-0800: 8.266: [GC (Allocation Failure) [PSYoungGen: 153748K->3835K(164352K)] 165640K->15727K(514048K), 0.0009390 secs] [Times: user=0.01 sys=0.00, real=0.00 secs] 
Heap after GC invocations=79 (full 0):
 PSYoungGen      total 164352K, used 3835K [0x00000007b5580000, 0x00000007c0000000, 0x00000007c0000000)
  eden space 154112K, 0% used [0x00000007b5580000,0x00000007b5580000,0x00000007bec00000)
  from space 10240K, 37% used [0x00000007bec00000,0x00000007befbed70,0x00000007bf600000)
  to   space 9728K, 0% used [0x00000007bf680000,0x00000007bf680000,0x00000007c0000000)
 ParOldGen       total 349696K, used 11892K [0x00000007a0000000, 0x00000007b5580000, 0x00000007b5580000)
  object space 349696K, 3% used [0x00000007a0000000,0x00000007a0b9d060,0x00000007b5580000)
 Metaspace       used 5440K, capacity 5616K, committed 5760K, reserved 1056768K
  class space    used 579K, capacity 630K, committed 640K, reserved 1048576K
}
{Heap before GC invocations=80 (full 0):
 PSYoungGen      total 164352K, used 154874K [0x00000007b5580000, 0x00000007c0000000, 0x00000007c0000000)
  eden space 154112K, 98% used [0x00000007b5580000,0x00000007be8ffc20,0x00000007bec00000)
  from space 10240K, 37% used [0x00000007bec00000,0x00000007befbed70,0x00000007bf600000)
  to   space 9728K, 0% used [0x00000007bf680000,0x00000007bf680000,0x00000007c0000000)
 ParOldGen       total 349696K, used 11892K [0x00000007a0000000, 0x00000007b5580000, 0x00000007b5580000)
  object space 349696K, 3% used [0x00000007a0000000,0x00000007a0b9d060,0x00000007b5580000)
 Metaspace       used 5440K, capacity 5616K, committed 5760K, reserved 1056768K
  class space    used 579K, capacity 630K, committed 640K, reserved 1048576K
2018-07-25T18:08:06.071-0800: 8.352: [GC (Allocation Failure) [PSYoungGen: 154874K->6473K(164864K)] 166766K->18366K(514560K), 0.0009970 secs] [Times: user=0.01 sys=0.00, real=0.00 secs] 
Heap after GC invocations=80 (full 0):
 PSYoungGen      total 164864K, used 6473K [0x00000007b5580000, 0x00000007c0000000, 0x00000007c0000000)
  eden space 155136K, 0% used [0x00000007b5580000,0x00000007b5580000,0x00000007bed00000)
  from space 9728K, 66% used [0x00000007bf680000,0x00000007bfcd27c0,0x00000007c0000000)
  to   space 9728K, 0% used [0x00000007bed00000,0x00000007bed00000,0x00000007bf680000)
 ParOldGen       total 349696K, used 11892K [0x00000007a0000000, 0x00000007b5580000, 0x00000007b5580000)
  object space 349696K, 3% used [0x00000007a0000000,0x00000007a0b9d060,0x00000007b5580000)
 Metaspace       used 5440K, capacity 5616K, committed 5760K, reserved 1056768K
  class space    used 579K, capacity 630K, committed 640K, reserved 1048576K
}
{Heap before GC invocations=81 (full 0):
 PSYoungGen      total 164864K, used 160403K [0x00000007b5580000, 0x00000007c0000000, 0x00000007c0000000)
  eden space 155136K, 99% used [0x00000007b5580000,0x00000007bebd2610,0x00000007bed00000)
  from space 9728K, 66% used [0x00000007bf680000,0x00000007bfcd27c0,0x00000007c0000000)
  to   space 9728K, 0% used [0x00000007bed00000,0x00000007bed00000,0x00000007bf680000)
 ParOldGen       total 349696K, used 11892K [0x00000007a0000000, 0x00000007b5580000, 0x00000007b5580000)
  object space 349696K, 3% used [0x00000007a0000000,0x00000007a0b9d060,0x00000007b5580000)
 Metaspace       used 5440K, capacity 5616K, committed 5760K, reserved 1056768K
  class space    used 579K, capacity 630K, committed 640K, reserved 1048576K
2018-07-25T18:08:06.159-0800: 8.439: [GC (Allocation Failure) [PSYoungGen: 160403K->6444K(161792K)] 172295K->18336K(511488K), 0.0012426 secs] [Times: user=0.01 sys=0.00, real=0.01 secs] 
Heap after GC invocations=81 (full 0):
 PSYoungGen      total 161792K, used 6444K [0x00000007b5580000, 0x00000007c0000000, 0x00000007c0000000)
  eden space 155136K, 0% used [0x00000007b5580000,0x00000007b5580000,0x00000007bed00000)
  from space 6656K, 96% used [0x00000007bed00000,0x00000007bf34b110,0x00000007bf380000)
  to   space 10240K, 0% used [0x00000007bf600000,0x00000007bf600000,0x00000007c0000000)
 ParOldGen       total 349696K, used 11892K [0x00000007a0000000, 0x00000007b5580000, 0x00000007b5580000)
  object space 349696K, 3% used [0x00000007a0000000,0x00000007a0b9d060,0x00000007b5580000)
 Metaspace       used 5440K, capacity 5616K, committed 5760K, reserved 1056768K
  class space    used 579K, capacity 630K, committed 640K, reserved 1048576K
}
{Heap before GC invocations=82 (full 0):
 PSYoungGen      total 161792K, used 157830K [0x00000007b5580000, 0x00000007c0000000, 0x00000007c0000000)
  eden space 155136K, 97% used [0x00000007b5580000,0x00000007be9569b0,0x00000007bed00000)
  from space 6656K, 96% used [0x00000007bed00000,0x00000007bf34b110,0x00000007bf380000)
  to   space 10240K, 0% used [0x00000007bf600000,0x00000007bf600000,0x00000007c0000000)
 ParOldGen       total 349696K, used 11892K [0x00000007a0000000, 0x00000007b5580000, 0x00000007b5580000)
  object space 349696K, 3% used [0x00000007a0000000,0x00000007a0b9d060,0x00000007b5580000)
 Metaspace       used 5440K, capacity 5616K, committed 5760K, reserved 1056768K
  class space    used 579K, capacity 630K, committed 640K, reserved 1048576K
2018-07-25T18:08:06.249-0800: 8.529: [GC (Allocation Failure) [PSYoungGen: 157830K->3842K(164864K)] 169722K->15734K(514560K), 0.0011180 secs] [Times: user=0.00 sys=0.00, real=0.01 secs] 
Heap after GC invocations=82 (full 0):
 PSYoungGen      total 164864K, used 3842K [0x00000007b5580000, 0x00000007c0000000, 0x00000007c0000000)
  eden space 154624K, 0% used [0x00000007b5580000,0x00000007b5580000,0x00000007bec80000)
  from space 10240K, 37% used [0x00000007bf600000,0x00000007bf9c09e8,0x00000007c0000000)
  to   space 9728K, 0% used [0x00000007bec80000,0x00000007bec80000,0x00000007bf600000)
 ParOldGen       total 349696K, used 11892K [0x00000007a0000000, 0x00000007b5580000, 0x00000007b5580000)
  object space 349696K, 3% used [0x00000007a0000000,0x00000007a0b9d060,0x00000007b5580000)
 Metaspace       used 5440K, capacity 5616K, committed 5760K, reserved 1056768K
  class space    used 579K, capacity 630K, committed 640K, reserved 1048576K
}
{Heap before GC invocations=83 (full 0):
 PSYoungGen      total 164864K, used 158355K [0x00000007b5580000, 0x00000007c0000000, 0x00000007c0000000)
  eden space 154624K, 99% used [0x00000007b5580000,0x00000007bec64380,0x00000007bec80000)
  from space 10240K, 37% used [0x00000007bf600000,0x00000007bf9c09e8,0x00000007c0000000)
  to   space 9728K, 0% used [0x00000007bec80000,0x00000007bec80000,0x00000007bf600000)
 ParOldGen       total 349696K, used 11892K [0x00000007a0000000, 0x00000007b5580000, 0x00000007b5580000)
  object space 349696K, 3% used [0x00000007a0000000,0x00000007a0b9d060,0x00000007b5580000)
 Metaspace       used 5440K, capacity 5616K, committed 5760K, reserved 1056768K
  class space    used 579K, capacity 630K, committed 640K, reserved 1048576K
2018-07-25T18:08:06.349-0800: 8.629: [GC (Allocation Failure) [PSYoungGen: 158355K->264K(164352K)] 170247K->12156K(514048K), 0.0013905 secs] [Times: user=0.01 sys=0.00, real=0.01 secs] 
Heap after GC invocations=83 (full 0):
 PSYoungGen      total 164352K, used 264K [0x00000007b5580000, 0x00000007c0000000, 0x00000007c0000000)
  eden space 154624K, 0% used [0x00000007b5580000,0x00000007b5580000,0x00000007bec80000)
  from space 9728K, 2% used [0x00000007bec80000,0x00000007becc2148,0x00000007bf600000)
  to   space 9728K, 0% used [0x00000007bf680000,0x00000007bf680000,0x00000007c0000000)
 ParOldGen       total 349696K, used 11892K [0x00000007a0000000, 0x00000007b5580000, 0x00000007b5580000)
  object space 349696K, 3% used [0x00000007a0000000,0x00000007a0b9d060,0x00000007b5580000)
 Metaspace       used 5440K, capacity 5616K, committed 5760K, reserved 1056768K
  class space    used 579K, capacity 630K, committed 640K, reserved 1048576K
}
{Heap before GC invocations=84 (full 0):
 PSYoungGen      total 164352K, used 153838K [0x00000007b5580000, 0x00000007c0000000, 0x00000007c0000000)
  eden space 154624K, 99% used [0x00000007b5580000,0x00000007beb798f8,0x00000007bec80000)
  from space 9728K, 2% used [0x00000007bec80000,0x00000007becc2148,0x00000007bf600000)
  to   space 9728K, 0% used [0x00000007bf680000,0x00000007bf680000,0x00000007c0000000)
 ParOldGen       total 349696K, used 11892K [0x00000007a0000000, 0x00000007b5580000, 0x00000007b5580000)
  object space 349696K, 3% used [0x00000007a0000000,0x00000007a0b9d060,0x00000007b5580000)
 Metaspace       used 5440K, capacity 5616K, committed 5760K, reserved 1056768K
  class space    used 579K, capacity 630K, committed 640K, reserved 1048576K
2018-07-25T18:08:06.444-0800: 8.724: [GC (Allocation Failure) [PSYoungGen: 153838K->3847K(165376K)] 165730K->15739K(515072K), 0.0009870 secs] [Times: user=0.00 sys=0.00, real=0.00 secs] 
Heap after GC invocations=84 (full 0):
 PSYoungGen      total 165376K, used 3847K [0x00000007b5580000, 0x00000007c0000000, 0x00000007c0000000)
  eden space 155648K, 0% used [0x00000007b5580000,0x00000007b5580000,0x00000007bed80000)
  from space 9728K, 39% used [0x00000007bf680000,0x00000007bfa41dd0,0x00000007c0000000)
  to   space 9216K, 0% used [0x00000007bed80000,0x00000007bed80000,0x00000007bf680000)
 ParOldGen       total 349696K, used 11892K [0x00000007a0000000, 0x00000007b5580000, 0x00000007b5580000)
  object space 349696K, 3% used [0x00000007a0000000,0x00000007a0b9d060,0x00000007b5580000)
 Metaspace       used 5440K, capacity 5616K, committed 5760K, reserved 1056768K
  class space    used 579K, capacity 630K, committed 640K, reserved 1048576K
}
{Heap before GC invocations=85 (full 0):
 PSYoungGen      total 165376K, used 155255K [0x00000007b5580000, 0x00000007c0000000, 0x00000007c0000000)
  eden space 155648K, 97% used [0x00000007b5580000,0x00000007be95beb8,0x00000007bed80000)
  from space 9728K, 39% used [0x00000007bf680000,0x00000007bfa41dd0,0x00000007c0000000)
  to   space 9216K, 0% used [0x00000007bed80000,0x00000007bed80000,0x00000007bf680000)
 ParOldGen       total 349696K, used 11892K [0x00000007a0000000, 0x00000007b5580000, 0x00000007b5580000)
  object space 349696K, 3% used [0x00000007a0000000,0x00000007a0b9d060,0x00000007b5580000)
 Metaspace       used 5440K, capacity 5616K, committed 5760K, reserved 1056768K
  class space    used 579K, capacity 630K, committed 640K, reserved 1048576K
2018-07-25T18:08:06.529-0800: 8.810: [GC (Allocation Failure) [PSYoungGen: 155255K->6454K(164864K)] 167147K->18346K(514560K), 0.0011841 secs] [Times: user=0.00 sys=0.00, real=0.01 secs] 
Heap after GC invocations=85 (full 0):
 PSYoungGen      total 164864K, used 6454K [0x00000007b5580000, 0x00000007c0000000, 0x00000007c0000000)
  eden space 155648K, 0% used [0x00000007b5580000,0x00000007b5580000,0x00000007bed80000)
  from space 9216K, 70% used [0x00000007bed80000,0x00000007bf3cd820,0x00000007bf680000)
  to   space 9728K, 0% used [0x00000007bf680000,0x00000007bf680000,0x00000007c0000000)
 ParOldGen       total 349696K, used 11892K [0x00000007a0000000, 0x00000007b5580000, 0x00000007b5580000)
  object space 349696K, 3% used [0x00000007a0000000,0x00000007a0b9d060,0x00000007b5580000)
 Metaspace       used 5440K, capacity 5616K, committed 5760K, reserved 1056768K
  class space    used 579K, capacity 630K, committed 640K, reserved 1048576K
}
{Heap before GC invocations=86 (full 0):
 PSYoungGen      total 164864K, used 160512K [0x00000007b5580000, 0x00000007c0000000, 0x00000007c0000000)
  eden space 155648K, 98% used [0x00000007b5580000,0x00000007bebf2810,0x00000007bed80000)
  from space 9216K, 70% used [0x00000007bed80000,0x00000007bf3cd820,0x00000007bf680000)
  to   space 9728K, 0% used [0x00000007bf680000,0x00000007bf680000,0x00000007c0000000)
 ParOldGen       total 349696K, used 11892K [0x00000007a0000000, 0x00000007b5580000, 0x00000007b5580000)
  object space 349696K, 3% used [0x00000007a0000000,0x00000007a0b9d060,0x00000007b5580000)
 Metaspace       used 5440K, capacity 5616K, committed 5760K, reserved 1056768K
  class space    used 579K, capacity 630K, committed 640K, reserved 1048576K
2018-07-25T18:08:06.614-0800: 8.895: [GC (Allocation Failure) [PSYoungGen: 160512K->6488K(163840K)] 172404K->18380K(513536K), 0.0011584 secs] [Times: user=0.01 sys=0.00, real=0.00 secs] 
Heap after GC invocations=86 (full 0):
 PSYoungGen      total 163840K, used 6488K [0x00000007b5580000, 0x00000007c0000000, 0x00000007c0000000)
  eden space 154112K, 0% used [0x00000007b5580000,0x00000007b5580000,0x00000007bec00000)
  from space 9728K, 66% used [0x00000007bf680000,0x00000007bfcd6170,0x00000007c0000000)
  to   space 10240K, 0% used [0x00000007bec00000,0x00000007bec00000,0x00000007bf600000)
 ParOldGen       total 349696K, used 11892K [0x00000007a0000000, 0x00000007b5580000, 0x00000007b5580000)
  object space 349696K, 3% used [0x00000007a0000000,0x00000007a0b9d060,0x00000007b5580000)
 Metaspace       used 5440K, capacity 5616K, committed 5760K, reserved 1056768K
  class space    used 579K, capacity 630K, committed 640K, reserved 1048576K
}
{Heap before GC invocations=87 (full 0):
 PSYoungGen      total 163840K, used 157963K [0x00000007b5580000, 0x00000007c0000000, 0x00000007c0000000)
  eden space 154112K, 98% used [0x00000007b5580000,0x00000007be96ccf0,0x00000007bec00000)
  from space 9728K, 66% used [0x00000007bf680000,0x00000007bfcd6170,0x00000007c0000000)
  to   space 10240K, 0% used [0x00000007bec00000,0x00000007bec00000,0x00000007bf600000)
 ParOldGen       total 349696K, used 11892K [0x00000007a0000000, 0x00000007b5580000, 0x00000007b5580000)
  object space 349696K, 3% used [0x00000007a0000000,0x00000007a0b9d060,0x00000007b5580000)
 Metaspace       used 5440K, capacity 5616K, committed 5760K, reserved 1056768K
  class space    used 579K, capacity 630K, committed 640K, reserved 1048576K
2018-07-25T18:08:06.699-0800: 8.979: [GC (Allocation Failure) [PSYoungGen: 157963K->3854K(164352K)] 169855K->15746K(514048K), 0.0011940 secs] [Times: user=0.01 sys=0.00, real=0.01 secs] 
Heap after GC invocations=87 (full 0):
 PSYoungGen      total 164352K, used 3854K [0x00000007b5580000, 0x00000007c0000000, 0x00000007c0000000)
  eden space 154112K, 0% used [0x00000007b5580000,0x00000007b5580000,0x00000007bec00000)
  from space 10240K, 37% used [0x00000007bec00000,0x00000007befc3a48,0x00000007bf600000)
  to   space 9728K, 0% used [0x00000007bf680000,0x00000007bf680000,0x00000007c0000000)
 ParOldGen       total 349696K, used 11892K [0x00000007a0000000, 0x00000007b5580000, 0x00000007b5580000)
  object space 349696K, 3% used [0x00000007a0000000,0x00000007a0b9d060,0x00000007b5580000)
 Metaspace       used 5440K, capacity 5616K, committed 5760K, reserved 1056768K
  class space    used 579K, capacity 630K, committed 640K, reserved 1048576K
}
{Heap before GC invocations=88 (full 0):
 PSYoungGen      total 164352K, used 157313K [0x00000007b5580000, 0x00000007c0000000, 0x00000007c0000000)
  eden space 154112K, 99% used [0x00000007b5580000,0x00000007beb5ccc8,0x00000007bec00000)
  from space 10240K, 37% used [0x00000007bec00000,0x00000007befc3a48,0x00000007bf600000)
  to   space 9728K, 0% used [0x00000007bf680000,0x00000007bf680000,0x00000007c0000000)
 ParOldGen       total 349696K, used 11892K [0x00000007a0000000, 0x00000007b5580000, 0x00000007b5580000)
  object space 349696K, 3% used [0x00000007a0000000,0x00000007a0b9d060,0x00000007b5580000)
 Metaspace       used 5440K, capacity 5616K, committed 5760K, reserved 1056768K
  class space    used 579K, capacity 630K, committed 640K, reserved 1048576K
2018-07-25T18:08:06.790-0800: 9.071: [GC (Allocation Failure) [PSYoungGen: 157313K->7795K(163840K)] 169205K->19687K(513536K), 0.0013828 secs] [Times: user=0.01 sys=0.00, real=0.00 secs] 
Heap after GC invocations=88 (full 0):
 PSYoungGen      total 163840K, used 7795K [0x00000007b5580000, 0x00000007c0000000, 0x00000007c0000000)
  eden space 154112K, 0% used [0x00000007b5580000,0x00000007b5580000,0x00000007bec00000)
  from space 9728K, 80% used [0x00000007bf680000,0x00000007bfe1cd38,0x00000007c0000000)
  to   space 10240K, 0% used [0x00000007bec00000,0x00000007bec00000,0x00000007bf600000)
 ParOldGen       total 349696K, used 11892K [0x00000007a0000000, 0x00000007b5580000, 0x00000007b5580000)
  object space 349696K, 3% used [0x00000007a0000000,0x00000007a0b9d060,0x00000007b5580000)
 Metaspace       used 5440K, capacity 5616K, committed 5760K, reserved 1056768K
  class space    used 579K, capacity 630K, committed 640K, reserved 1048576K
}
{Heap before GC invocations=89 (full 0):
 PSYoungGen      total 163840K, used 161907K [0x00000007b5580000, 0x00000007c0000000, 0x00000007c0000000)
  eden space 154112K, 100% used [0x00000007b5580000,0x00000007bec00000,0x00000007bec00000)
  from space 9728K, 80% used [0x00000007bf680000,0x00000007bfe1cd38,0x00000007c0000000)
  to   space 10240K, 0% used [0x00000007bec00000,0x00000007bec00000,0x00000007bf600000)
 ParOldGen       total 349696K, used 11892K [0x00000007a0000000, 0x00000007b5580000, 0x00000007b5580000)
  object space 349696K, 3% used [0x00000007a0000000,0x00000007a0b9d060,0x00000007b5580000)
 Metaspace       used 5440K, capacity 5616K, committed 5760K, reserved 1056768K
  class space    used 579K, capacity 630K, committed 640K, reserved 1048576K
2018-07-25T18:08:06.884-0800: 9.165: [GC (Allocation Failure) [PSYoungGen: 161907K->2525K(164352K)] 173799K->14417K(514048K), 0.0008678 secs] [Times: user=0.00 sys=0.00, real=0.00 secs] 
Heap after GC invocations=89 (full 0):
 PSYoungGen      total 164352K, used 2525K [0x00000007b5580000, 0x00000007c0000000, 0x00000007c0000000)
  eden space 154112K, 0% used [0x00000007b5580000,0x00000007b5580000,0x00000007bec00000)
  from space 10240K, 24% used [0x00000007bec00000,0x00000007bee775d8,0x00000007bf600000)
  to   space 10240K, 0% used [0x00000007bf600000,0x00000007bf600000,0x00000007c0000000)
 ParOldGen       total 349696K, used 11892K [0x00000007a0000000, 0x00000007b5580000, 0x00000007b5580000)
  object space 349696K, 3% used [0x00000007a0000000,0x00000007a0b9d060,0x00000007b5580000)
 Metaspace       used 5440K, capacity 5616K, committed 5760K, reserved 1056768K
  class space    used 579K, capacity 630K, committed 640K, reserved 1048576K
}
{Heap before GC invocations=90 (full 0):
 PSYoungGen      total 164352K, used 155061K [0x00000007b5580000, 0x00000007c0000000, 0x00000007c0000000)
  eden space 154112K, 98% used [0x00000007b5580000,0x00000007bea76100,0x00000007bec00000)
  from space 10240K, 24% used [0x00000007bec00000,0x00000007bee775d8,0x00000007bf600000)
  to   space 10240K, 0% used [0x00000007bf600000,0x00000007bf600000,0x00000007c0000000)
 ParOldGen       total 349696K, used 11892K [0x00000007a0000000, 0x00000007b5580000, 0x00000007b5580000)
  object space 349696K, 3% used [0x00000007a0000000,0x00000007a0b9d060,0x00000007b5580000)
 Metaspace       used 5440K, capacity 5616K, committed 5760K, reserved 1056768K
  class space    used 579K, capacity 630K, committed 640K, reserved 1048576K
2018-07-25T18:08:06.978-0800: 9.259: [GC (Allocation Failure) [PSYoungGen: 155061K->3893K(164864K)] 166953K->15785K(514560K), 0.0013089 secs] [Times: user=0.00 sys=0.00, real=0.01 secs] 
Heap after GC invocations=90 (full 0):
 PSYoungGen      total 164864K, used 3893K [0x00000007b5580000, 0x00000007c0000000, 0x00000007c0000000)
  eden space 154624K, 0% used [0x00000007b5580000,0x00000007b5580000,0x00000007bec80000)
  from space 10240K, 38% used [0x00000007bf600000,0x00000007bf9cd798,0x00000007c0000000)
  to   space 9728K, 0% used [0x00000007bec80000,0x00000007bec80000,0x00000007bf600000)
 ParOldGen       total 349696K, used 11892K [0x00000007a0000000, 0x00000007b5580000, 0x00000007b5580000)
  object space 349696K, 3% used [0x00000007a0000000,0x00000007a0b9d060,0x00000007b5580000)
 Metaspace       used 5440K, capacity 5616K, committed 5760K, reserved 1056768K
  class space    used 579K, capacity 630K, committed 640K, reserved 1048576K
}
{Heap before GC invocations=91 (full 0):
 PSYoungGen      total 164864K, used 156475K [0x00000007b5580000, 0x00000007c0000000, 0x00000007c0000000)
  eden space 154624K, 98% used [0x00000007b5580000,0x00000007bea81830,0x00000007bec80000)
  from space 10240K, 38% used [0x00000007bf600000,0x00000007bf9cd798,0x00000007c0000000)
  to   space 9728K, 0% used [0x00000007bec80000,0x00000007bec80000,0x00000007bf600000)
 ParOldGen       total 349696K, used 11892K [0x00000007a0000000, 0x00000007b5580000, 0x00000007b5580000)
  object space 349696K, 3% used [0x00000007a0000000,0x00000007a0b9d060,0x00000007b5580000)
 Metaspace       used 5440K, capacity 5616K, committed 5760K, reserved 1056768K
  class space    used 579K, capacity 630K, committed 640K, reserved 1048576K
2018-07-25T18:08:07.067-0800: 9.347: [GC (Allocation Failure) [PSYoungGen: 156475K->6500K(164352K)] 168368K->18392K(514048K), 0.0010045 secs] [Times: user=0.00 sys=0.00, real=0.00 secs] 
Heap after GC invocations=91 (full 0):
 PSYoungGen      total 164352K, used 6500K [0x00000007b5580000, 0x00000007c0000000, 0x00000007c0000000)
  eden space 154624K, 0% used [0x00000007b5580000,0x00000007b5580000,0x00000007bec80000)
  from space 9728K, 66% used [0x00000007bec80000,0x00000007bf2d91e8,0x00000007bf600000)
  to   space 10240K, 0% used [0x00000007bf600000,0x00000007bf600000,0x00000007c0000000)
 ParOldGen       total 349696K, used 11892K [0x00000007a0000000, 0x00000007b5580000, 0x00000007b5580000)
  object space 349696K, 3% used [0x00000007a0000000,0x00000007a0b9d060,0x00000007b5580000)
 Metaspace       used 5440K, capacity 5616K, committed 5760K, reserved 1056768K
  class space    used 579K, capacity 630K, committed 640K, reserved 1048576K
}
{Heap before GC invocations=92 (full 0):
 PSYoungGen      total 164352K, used 156467K [0x00000007b5580000, 0x00000007c0000000, 0x00000007c0000000)
  eden space 154624K, 96% used [0x00000007b5580000,0x00000007be7f3c08,0x00000007bec80000)
  from space 9728K, 66% used [0x00000007bec80000,0x00000007bf2d91e8,0x00000007bf600000)
  to   space 10240K, 0% used [0x00000007bf600000,0x00000007bf600000,0x00000007c0000000)
 ParOldGen       total 349696K, used 11892K [0x00000007a0000000, 0x00000007b5580000, 0x00000007b5580000)
  object space 349696K, 3% used [0x00000007a0000000,0x00000007a0b9d060,0x00000007b5580000)
 Metaspace       used 5440K, capacity 5616K, committed 5760K, reserved 1056768K
  class space    used 579K, capacity 630K, committed 640K, reserved 1048576K
2018-07-25T18:08:07.154-0800: 9.434: [GC (Allocation Failure) [PSYoungGen: 156467K->6470K(164352K)] 168359K->18362K(514048K), 0.0010991 secs] [Times: user=0.00 sys=0.00, real=0.00 secs] 
Heap after GC invocations=92 (full 0):
 PSYoungGen      total 164352K, used 6470K [0x00000007b5580000, 0x00000007c0000000, 0x00000007c0000000)
  eden space 154112K, 0% used [0x00000007b5580000,0x00000007b5580000,0x00000007bec00000)
  from space 10240K, 63% used [0x00000007bf600000,0x00000007bfc51b50,0x00000007c0000000)
  to   space 10240K, 0% used [0x00000007bec00000,0x00000007bec00000,0x00000007bf600000)
 ParOldGen       total 349696K, used 11892K [0x00000007a0000000, 0x00000007b5580000, 0x00000007b5580000)
  object space 349696K, 3% used [0x00000007a0000000,0x00000007a0b9d060,0x00000007b5580000)
 Metaspace       used 5440K, capacity 5616K, committed 5760K, reserved 1056768K
  class space    used 579K, capacity 630K, committed 640K, reserved 1048576K
}
{Heap before GC invocations=93 (full 0):
 PSYoungGen      total 164352K, used 155890K [0x00000007b5580000, 0x00000007c0000000, 0x00000007c0000000)
  eden space 154112K, 96% used [0x00000007b5580000,0x00000007be76ad48,0x00000007bec00000)
  from space 10240K, 63% used [0x00000007bf600000,0x00000007bfc51b50,0x00000007c0000000)
  to   space 10240K, 0% used [0x00000007bec00000,0x00000007bec00000,0x00000007bf600000)
 ParOldGen       total 349696K, used 11892K [0x00000007a0000000, 0x00000007b5580000, 0x00000007b5580000)
  object space 349696K, 3% used [0x00000007a0000000,0x00000007a0b9d060,0x00000007b5580000)
 Metaspace       used 5440K, capacity 5616K, committed 5760K, reserved 1056768K
  class space    used 579K, capacity 630K, committed 640K, reserved 1048576K
2018-07-25T18:08:07.245-0800: 9.525: [GC (Allocation Failure) [PSYoungGen: 155890K->6473K(164352K)] 167782K->18365K(514048K), 0.0014269 secs] [Times: user=0.01 sys=0.00, real=0.00 secs] 
Heap after GC invocations=93 (full 0):
 PSYoungGen      total 164352K, used 6473K [0x00000007b5580000, 0x00000007c0000000, 0x00000007c0000000)
  eden space 154112K, 0% used [0x00000007b5580000,0x00000007b5580000,0x00000007bec00000)
  from space 10240K, 63% used [0x00000007bec00000,0x00000007bf2524b8,0x00000007bf600000)
  to   space 10240K, 0% used [0x00000007bf600000,0x00000007bf600000,0x00000007c0000000)
 ParOldGen       total 349696K, used 11892K [0x00000007a0000000, 0x00000007b5580000, 0x00000007b5580000)
  object space 349696K, 3% used [0x00000007a0000000,0x00000007a0b9d060,0x00000007b5580000)
 Metaspace       used 5440K, capacity 5616K, committed 5760K, reserved 1056768K
  class space    used 579K, capacity 630K, committed 640K, reserved 1048576K
}
{Heap before GC invocations=94 (full 0):
 PSYoungGen      total 164352K, used 155931K [0x00000007b5580000, 0x00000007c0000000, 0x00000007c0000000)
  eden space 154112K, 96% used [0x00000007b5580000,0x00000007be774a60,0x00000007bec00000)
  from space 10240K, 63% used [0x00000007bec00000,0x00000007bf2524b8,0x00000007bf600000)
  to   space 10240K, 0% used [0x00000007bf600000,0x00000007bf600000,0x00000007c0000000)
 ParOldGen       total 349696K, used 11892K [0x00000007a0000000, 0x00000007b5580000, 0x00000007b5580000)
  object space 349696K, 3% used [0x00000007a0000000,0x00000007a0b9d060,0x00000007b5580000)
 Metaspace       used 5442K, capacity 5616K, committed 5760K, reserved 1056768K
  class space    used 579K, capacity 630K, committed 640K, reserved 1048576K
2018-07-25T18:08:07.353-0800: 9.633: [GC (Allocation Failure) [PSYoungGen: 155931K->6443K(164352K)] 167823K->18335K(514048K), 0.0011638 secs] [Times: user=0.01 sys=0.00, real=0.00 secs] 
Heap after GC invocations=94 (full 0):
 PSYoungGen      total 164352K, used 6443K [0x00000007b5580000, 0x00000007c0000000, 0x00000007c0000000)
  eden space 154112K, 0% used [0x00000007b5580000,0x00000007b5580000,0x00000007bec00000)
  from space 10240K, 62% used [0x00000007bf600000,0x00000007bfc4ae20,0x00000007c0000000)
  to   space 10240K, 0% used [0x00000007bec00000,0x00000007bec00000,0x00000007bf600000)
 ParOldGen       total 349696K, used 11892K [0x00000007a0000000, 0x00000007b5580000, 0x00000007b5580000)
  object space 349696K, 3% used [0x00000007a0000000,0x00000007a0b9d060,0x00000007b5580000)
 Metaspace       used 5442K, capacity 5616K, committed 5760K, reserved 1056768K
  class space    used 579K, capacity 630K, committed 640K, reserved 1048576K
}
{Heap before GC invocations=95 (full 0):
 PSYoungGen      total 164352K, used 155961K [0x00000007b5580000, 0x00000007c0000000, 0x00000007c0000000)
  eden space 154112K, 97% used [0x00000007b5580000,0x00000007be783938,0x00000007bec00000)
  from space 10240K, 62% used [0x00000007bf600000,0x00000007bfc4ae20,0x00000007c0000000)
  to   space 10240K, 0% used [0x00000007bec00000,0x00000007bec00000,0x00000007bf600000)
 ParOldGen       total 349696K, used 11892K [0x00000007a0000000, 0x00000007b5580000, 0x00000007b5580000)
  object space 349696K, 3% used [0x00000007a0000000,0x00000007a0b9d060,0x00000007b5580000)
 Metaspace       used 5445K, capacity 5616K, committed 5760K, reserved 1056768K
  class space    used 579K, capacity 630K, committed 640K, reserved 1048576K
2018-07-25T18:08:07.445-0800: 9.726: [GC (Allocation Failure) [PSYoungGen: 155961K->6509K(164352K)] 167853K->18401K(514048K), 0.0029908 secs] [Times: user=0.01 sys=0.00, real=0.00 secs] 
Heap after GC invocations=95 (full 0):
 PSYoungGen      total 164352K, used 6509K [0x00000007b5580000, 0x00000007c0000000, 0x00000007c0000000)
  eden space 154112K, 0% used [0x00000007b5580000,0x00000007b5580000,0x00000007bec00000)
  from space 10240K, 63% used [0x00000007bec00000,0x00000007bf25b788,0x00000007bf600000)
  to   space 10240K, 0% used [0x00000007bf600000,0x00000007bf600000,0x00000007c0000000)
 ParOldGen       total 349696K, used 11892K [0x00000007a0000000, 0x00000007b5580000, 0x00000007b5580000)
  object space 349696K, 3% used [0x00000007a0000000,0x00000007a0b9d060,0x00000007b5580000)
 Metaspace       used 5445K, capacity 5616K, committed 5760K, reserved 1056768K
  class space    used 579K, capacity 630K, committed 640K, reserved 1048576K
}
{Heap before GC invocations=96 (full 0):
 PSYoungGen      total 164352K, used 156083K [0x00000007b5580000, 0x00000007c0000000, 0x00000007c0000000)
  eden space 154112K, 97% used [0x00000007b5580000,0x00000007be7916b8,0x00000007bec00000)
  from space 10240K, 63% used [0x00000007bec00000,0x00000007bf25b788,0x00000007bf600000)
  to   space 10240K, 0% used [0x00000007bf600000,0x00000007bf600000,0x00000007c0000000)
 ParOldGen       total 349696K, used 11892K [0x00000007a0000000, 0x00000007b5580000, 0x00000007b5580000)
  object space 349696K, 3% used [0x00000007a0000000,0x00000007a0b9d060,0x00000007b5580000)
 Metaspace       used 5445K, capacity 5616K, committed 5760K, reserved 1056768K
  class space    used 579K, capacity 630K, committed 640K, reserved 1048576K
2018-07-25T18:08:07.538-0800: 9.819: [GC (Allocation Failure) [PSYoungGen: 156083K->6480K(164352K)] 167975K->18372K(514048K), 0.0011719 secs] [Times: user=0.01 sys=0.00, real=0.01 secs] 
Heap after GC invocations=96 (full 0):
 PSYoungGen      total 164352K, used 6480K [0x00000007b5580000, 0x00000007c0000000, 0x00000007c0000000)
  eden space 154112K, 0% used [0x00000007b5580000,0x00000007b5580000,0x00000007bec00000)
  from space 10240K, 63% used [0x00000007bf600000,0x00000007bfc540f0,0x00000007c0000000)
  to   space 10240K, 0% used [0x00000007bec00000,0x00000007bec00000,0x00000007bf600000)
 ParOldGen       total 349696K, used 11892K [0x00000007a0000000, 0x00000007b5580000, 0x00000007b5580000)
  object space 349696K, 3% used [0x00000007a0000000,0x00000007a0b9d060,0x00000007b5580000)
 Metaspace       used 5445K, capacity 5616K, committed 5760K, reserved 1056768K
  class space    used 579K, capacity 630K, committed 640K, reserved 1048576K
}
{Heap before GC invocations=97 (full 0):
 PSYoungGen      total 164352K, used 156106K [0x00000007b5580000, 0x00000007c0000000, 0x00000007c0000000)
  eden space 154112K, 97% used [0x00000007b5580000,0x00000007be79e988,0x00000007bec00000)
  from space 10240K, 63% used [0x00000007bf600000,0x00000007bfc540f0,0x00000007c0000000)
  to   space 10240K, 0% used [0x00000007bec00000,0x00000007bec00000,0x00000007bf600000)
 ParOldGen       total 349696K, used 11892K [0x00000007a0000000, 0x00000007b5580000, 0x00000007b5580000)
  object space 349696K, 3% used [0x00000007a0000000,0x00000007a0b9d060,0x00000007b5580000)
 Metaspace       used 5445K, capacity 5616K, committed 5760K, reserved 1056768K
  class space    used 579K, capacity 630K, committed 640K, reserved 1048576K
2018-07-25T18:08:07.622-0800: 9.903: [GC (Allocation Failure) [PSYoungGen: 156106K->6514K(164352K)] 167998K->18406K(514048K), 0.0011596 secs] [Times: user=0.01 sys=0.00, real=0.00 secs] 
Heap after GC invocations=97 (full 0):
 PSYoungGen      total 164352K, used 6514K [0x00000007b5580000, 0x00000007c0000000, 0x00000007c0000000)
  eden space 154112K, 0% used [0x00000007b5580000,0x00000007b5580000,0x00000007bec00000)
  from space 10240K, 63% used [0x00000007bec00000,0x00000007bf25ca58,0x00000007bf600000)
  to   space 10240K, 0% used [0x00000007bf600000,0x00000007bf600000,0x00000007c0000000)
 ParOldGen       total 349696K, used 11892K [0x00000007a0000000, 0x00000007b5580000, 0x00000007b5580000)
  object space 349696K, 3% used [0x00000007a0000000,0x00000007a0b9d060,0x00000007b5580000)
 Metaspace       used 5445K, capacity 5616K, committed 5760K, reserved 1056768K
  class space    used 579K, capacity 630K, committed 640K, reserved 1048576K
}
{Heap before GC invocations=98 (full 0):
 PSYoungGen      total 164352K, used 156191K [0x00000007b5580000, 0x00000007c0000000, 0x00000007c0000000)
  eden space 154112K, 97% used [0x00000007b5580000,0x00000007be7ab580,0x00000007bec00000)
  from space 10240K, 63% used [0x00000007bec00000,0x00000007bf25ca58,0x00000007bf600000)
  to   space 10240K, 0% used [0x00000007bf600000,0x00000007bf600000,0x00000007c0000000)
 ParOldGen       total 349696K, used 11892K [0x00000007a0000000, 0x00000007b5580000, 0x00000007b5580000)
  object space 349696K, 3% used [0x00000007a0000000,0x00000007a0b9d060,0x00000007b5580000)
 Metaspace       used 5445K, capacity 5616K, committed 5760K, reserved 1056768K
  class space    used 579K, capacity 630K, committed 640K, reserved 1048576K
2018-07-25T18:08:07.711-0800: 9.991: [GC (Allocation Failure) [PSYoungGen: 156191K->6484K(164352K)] 168084K->18377K(514048K), 0.0010864 secs] [Times: user=0.01 sys=0.00, real=0.00 secs] 
Heap after GC invocations=98 (full 0):
 PSYoungGen      total 164352K, used 6484K [0x00000007b5580000, 0x00000007c0000000, 0x00000007c0000000)
  eden space 154112K, 0% used [0x00000007b5580000,0x00000007b5580000,0x00000007bec00000)
  from space 10240K, 63% used [0x00000007bf600000,0x00000007bfc553c0,0x00000007c0000000)
  to   space 10240K, 0% used [0x00000007bec00000,0x00000007bec00000,0x00000007bf600000)
 ParOldGen       total 349696K, used 11892K [0x00000007a0000000, 0x00000007b5580000, 0x00000007b5580000)
  object space 349696K, 3% used [0x00000007a0000000,0x00000007a0b9d060,0x00000007b5580000)
 Metaspace       used 5445K, capacity 5616K, committed 5760K, reserved 1056768K
  class space    used 579K, capacity 630K, committed 640K, reserved 1048576K
}
{Heap before GC invocations=99 (full 0):
 PSYoungGen      total 164352K, used 156213K [0x00000007b5580000, 0x00000007c0000000, 0x00000007c0000000)
  eden space 154112K, 97% used [0x00000007b5580000,0x00000007be7b8148,0x00000007bec00000)
  from space 10240K, 63% used [0x00000007bf600000,0x00000007bfc553c0,0x00000007c0000000)
  to   space 10240K, 0% used [0x00000007bec00000,0x00000007bec00000,0x00000007bf600000)
 ParOldGen       total 349696K, used 11892K [0x00000007a0000000, 0x00000007b5580000, 0x00000007b5580000)
  object space 349696K, 3% used [0x00000007a0000000,0x00000007a0b9d060,0x00000007b5580000)
 Metaspace       used 5445K, capacity 5616K, committed 5760K, reserved 1056768K
  class space    used 579K, capacity 630K, committed 640K, reserved 1048576K
2018-07-25T18:08:07.795-0800: 10.076: [GC (Allocation Failure) [PSYoungGen: 156213K->6487K(164352K)] 168105K->18379K(514048K), 0.0010849 secs] [Times: user=0.01 sys=0.00, real=0.00 secs] 
Heap after GC invocations=99 (full 0):
 PSYoungGen      total 164352K, used 6487K [0x00000007b5580000, 0x00000007c0000000, 0x00000007c0000000)
  eden space 154112K, 0% used [0x00000007b5580000,0x00000007b5580000,0x00000007bec00000)
  from space 10240K, 63% used [0x00000007bec00000,0x00000007bf255d28,0x00000007bf600000)
  to   space 10240K, 0% used [0x00000007bf600000,0x00000007bf600000,0x00000007c0000000)
 ParOldGen       total 349696K, used 11892K [0x00000007a0000000, 0x00000007b5580000, 0x00000007b5580000)
  object space 349696K, 3% used [0x00000007a0000000,0x00000007a0b9d060,0x00000007b5580000)
 Metaspace       used 5445K, capacity 5616K, committed 5760K, reserved 1056768K
  class space    used 579K, capacity 630K, committed 640K, reserved 1048576K
}
{Heap before GC invocations=100 (full 0):
 PSYoungGen      total 164352K, used 156264K [0x00000007b5580000, 0x00000007c0000000, 0x00000007c0000000)
  eden space 154112K, 97% used [0x00000007b5580000,0x00000007be7c4368,0x00000007bec00000)
  from space 10240K, 63% used [0x00000007bec00000,0x00000007bf255d28,0x00000007bf600000)
  to   space 10240K, 0% used [0x00000007bf600000,0x00000007bf600000,0x00000007c0000000)
 ParOldGen       total 349696K, used 11892K [0x00000007a0000000, 0x00000007b5580000, 0x00000007b5580000)
  object space 349696K, 3% used [0x00000007a0000000,0x00000007a0b9d060,0x00000007b5580000)
 Metaspace       used 5445K, capacity 5616K, committed 5760K, reserved 1056768K
  class space    used 579K, capacity 630K, committed 640K, reserved 1048576K
2018-07-25T18:08:07.879-0800: 10.160: [GC (Allocation Failure) [PSYoungGen: 156264K->6457K(164864K)] 168156K->18349K(514560K), 0.0014688 secs] [Times: user=0.01 sys=0.00, real=0.01 secs] 
Heap after GC invocations=100 (full 0):
 PSYoungGen      total 164864K, used 6457K [0x00000007b5580000, 0x00000007c0000000, 0x00000007c0000000)
  eden space 154624K, 0% used [0x00000007b5580000,0x00000007b5580000,0x00000007bec80000)
  from space 10240K, 63% used [0x00000007bf600000,0x00000007bfc4e690,0x00000007c0000000)
  to   space 9728K, 0% used [0x00000007bec80000,0x00000007bec80000,0x00000007bf600000)
 ParOldGen       total 349696K, used 11892K [0x00000007a0000000, 0x00000007b5580000, 0x00000007b5580000)
  object space 349696K, 3% used [0x00000007a0000000,0x00000007a0b9d060,0x00000007b5580000)
 Metaspace       used 5445K, capacity 5616K, committed 5760K, reserved 1056768K
  class space    used 579K, capacity 630K, committed 640K, reserved 1048576K
}
{Heap before GC invocations=101 (full 0):
 PSYoungGen      total 164864K, used 156314K [0x00000007b5580000, 0x00000007c0000000, 0x00000007c0000000)
  eden space 154624K, 96% used [0x00000007b5580000,0x00000007be7d8280,0x00000007bec80000)
  from space 10240K, 63% used [0x00000007bf600000,0x00000007bfc4e690,0x00000007c0000000)
  to   space 9728K, 0% used [0x00000007bec80000,0x00000007bec80000,0x00000007bf600000)
 ParOldGen       total 349696K, used 11892K [0x00000007a0000000, 0x00000007b5580000, 0x00000007b5580000)
  object space 349696K, 3% used [0x00000007a0000000,0x00000007a0b9d060,0x00000007b5580000)
 Metaspace       used 5445K, capacity 5616K, committed 5760K, reserved 1056768K
  class space    used 579K, capacity 630K, committed 640K, reserved 1048576K
2018-07-25T18:08:07.970-0800: 10.250: [GC (Allocation Failure) [PSYoungGen: 156314K->6491K(164352K)] 168206K->18384K(514048K), 0.0020257 secs] [Times: user=0.02 sys=0.01, real=0.00 secs] 
Heap after GC invocations=101 (full 0):
 PSYoungGen      total 164352K, used 6491K [0x00000007b5580000, 0x00000007c0000000, 0x00000007c0000000)
  eden space 154624K, 0% used [0x00000007b5580000,0x00000007b5580000,0x00000007bec80000)
  from space 9728K, 66% used [0x00000007bec80000,0x00000007bf2d6ff8,0x00000007bf600000)
  to   space 9728K, 0% used [0x00000007bf680000,0x00000007bf680000,0x00000007c0000000)
 ParOldGen       total 349696K, used 11892K [0x00000007a0000000, 0x00000007b5580000, 0x00000007b5580000)
  object space 349696K, 3% used [0x00000007a0000000,0x00000007a0b9d060,0x00000007b5580000)
 Metaspace       used 5445K, capacity 5616K, committed 5760K, reserved 1056768K
  class space    used 579K, capacity 630K, committed 640K, reserved 1048576K
}
{Heap before GC invocations=102 (full 0):
 PSYoungGen      total 164352K, used 156396K [0x00000007b5580000, 0x00000007c0000000, 0x00000007c0000000)
  eden space 154624K, 96% used [0x00000007b5580000,0x00000007be7e42d8,0x00000007bec80000)
  from space 9728K, 66% used [0x00000007bec80000,0x00000007bf2d6ff8,0x00000007bf600000)
  to   space 9728K, 0% used [0x00000007bf680000,0x00000007bf680000,0x00000007c0000000)
 ParOldGen       total 349696K, used 11892K [0x00000007a0000000, 0x00000007b5580000, 0x00000007b5580000)
  object space 349696K, 3% used [0x00000007a0000000,0x00000007a0b9d060,0x00000007b5580000)
 Metaspace       used 5445K, capacity 5616K, committed 5760K, reserved 1056768K
  class space    used 579K, capacity 630K, committed 640K, reserved 1048576K
2018-07-25T18:08:08.062-0800: 10.342: [GC (Allocation Failure) [PSYoungGen: 156396K->6526K(164864K)] 168288K->18418K(514560K), 0.0009203 secs] [Times: user=0.00 sys=0.00, real=0.00 secs] 
Heap after GC invocations=102 (full 0):
 PSYoungGen      total 164864K, used 6526K [0x00000007b5580000, 0x00000007c0000000, 0x00000007c0000000)
  eden space 155136K, 0% used [0x00000007b5580000,0x00000007b5580000,0x00000007bed00000)
  from space 9728K, 67% used [0x00000007bf680000,0x00000007bfcdf960,0x00000007c0000000)
  to   space 9728K, 0% used [0x00000007bed00000,0x00000007bed00000,0x00000007bf680000)
 ParOldGen       total 349696K, used 11892K [0x00000007a0000000, 0x00000007b5580000, 0x00000007b5580000)
  object space 349696K, 3% used [0x00000007a0000000,0x00000007a0b9d060,0x00000007b5580000)
 Metaspace       used 5445K, capacity 5616K, committed 5760K, reserved 1056768K
  class space    used 579K, capacity 630K, committed 640K, reserved 1048576K
}
{Heap before GC invocations=103 (full 0):
 PSYoungGen      total 164864K, used 156509K [0x00000007b5580000, 0x00000007c0000000, 0x00000007c0000000)
  eden space 155136K, 96% used [0x00000007b5580000,0x00000007be7f7de8,0x00000007bed00000)
  from space 9728K, 67% used [0x00000007bf680000,0x00000007bfcdf960,0x00000007c0000000)
  to   space 9728K, 0% used [0x00000007bed00000,0x00000007bed00000,0x00000007bf680000)
 ParOldGen       total 349696K, used 11892K [0x00000007a0000000, 0x00000007b5580000, 0x00000007b5580000)
  object space 349696K, 3% used [0x00000007a0000000,0x00000007a0b9d060,0x00000007b5580000)
 Metaspace       used 5445K, capacity 5616K, committed 5760K, reserved 1056768K
  class space    used 579K, capacity 630K, committed 640K, reserved 1048576K
2018-07-25T18:08:08.148-0800: 10.429: [GC (Allocation Failure) [PSYoungGen: 156509K->6496K(164864K)] 168401K->18388K(514560K), 0.0011032 secs] [Times: user=0.00 sys=0.00, real=0.00 secs] 
Heap after GC invocations=103 (full 0):
 PSYoungGen      total 164864K, used 6496K [0x00000007b5580000, 0x00000007c0000000, 0x00000007c0000000)
  eden space 155136K, 0% used [0x00000007b5580000,0x00000007b5580000,0x00000007bed00000)
  from space 9728K, 66% used [0x00000007bed00000,0x00000007bf3582c8,0x00000007bf680000)
  to   space 9728K, 0% used [0x00000007bf680000,0x00000007bf680000,0x00000007c0000000)
 ParOldGen       total 349696K, used 11892K [0x00000007a0000000, 0x00000007b5580000, 0x00000007b5580000)
  object space 349696K, 3% used [0x00000007a0000000,0x00000007a0b9d060,0x00000007b5580000)
 Metaspace       used 5445K, capacity 5616K, committed 5760K, reserved 1056768K
  class space    used 579K, capacity 630K, committed 640K, reserved 1048576K
}
{Heap before GC invocations=104 (full 0):
 PSYoungGen      total 164864K, used 156527K [0x00000007b5580000, 0x00000007c0000000, 0x00000007c0000000)
  eden space 155136K, 96% used [0x00000007b5580000,0x00000007be803bd0,0x00000007bed00000)
  from space 9728K, 66% used [0x00000007bed00000,0x00000007bf3582c8,0x00000007bf680000)
  to   space 9728K, 0% used [0x00000007bf680000,0x00000007bf680000,0x00000007c0000000)
 ParOldGen       total 349696K, used 11892K [0x00000007a0000000, 0x00000007b5580000, 0x00000007b5580000)
  object space 349696K, 3% used [0x00000007a0000000,0x00000007a0b9d060,0x00000007b5580000)
 Metaspace       used 5445K, capacity 5616K, committed 5760K, reserved 1056768K
  class space    used 579K, capacity 630K, committed 640K, reserved 1048576K
2018-07-25T18:08:08.232-0800: 10.513: [GC (Allocation Failure) [PSYoungGen: 156527K->6499K(165376K)] 168419K->18391K(515072K), 0.0010276 secs] [Times: user=0.01 sys=0.00, real=0.00 secs] 
Heap after GC invocations=104 (full 0):
 PSYoungGen      total 165376K, used 6499K [0x00000007b5580000, 0x00000007c0000000, 0x00000007c0000000)
  eden space 155648K, 0% used [0x00000007b5580000,0x00000007b5580000,0x00000007bed80000)
  from space 9728K, 66% used [0x00000007bf680000,0x00000007bfcd8c30,0x00000007c0000000)
  to   space 9216K, 0% used [0x00000007bed80000,0x00000007bed80000,0x00000007bf680000)
 ParOldGen       total 349696K, used 11892K [0x00000007a0000000, 0x00000007b5580000, 0x00000007b5580000)
  object space 349696K, 3% used [0x00000007a0000000,0x00000007a0b9d060,0x00000007b5580000)
 Metaspace       used 5445K, capacity 5616K, committed 5760K, reserved 1056768K
  class space    used 579K, capacity 630K, committed 640K, reserved 1048576K
}
{Heap before GC invocations=105 (full 0):
 PSYoungGen      total 165376K, used 161816K [0x00000007b5580000, 0x00000007c0000000, 0x00000007c0000000)
  eden space 155648K, 99% used [0x00000007b5580000,0x00000007bed2d6e0,0x00000007bed80000)
  from space 9728K, 66% used [0x00000007bf680000,0x00000007bfcd8c30,0x00000007c0000000)
  to   space 9216K, 0% used [0x00000007bed80000,0x00000007bed80000,0x00000007bf680000)
 ParOldGen       total 349696K, used 11892K [0x00000007a0000000, 0x00000007b5580000, 0x00000007b5580000)
  object space 349696K, 3% used [0x00000007a0000000,0x00000007a0b9d060,0x00000007b5580000)
 Metaspace       used 5445K, capacity 5616K, committed 5760K, reserved 1056768K
  class space    used 579K, capacity 630K, committed 640K, reserved 1048576K
2018-07-25T18:08:08.317-0800: 10.598: [GC (Allocation Failure) [PSYoungGen: 161816K->6533K(164864K)] 173708K->18425K(514560K), 0.0013385 secs] [Times: user=0.01 sys=0.00, real=0.00 secs] 
Heap after GC invocations=105 (full 0):
 PSYoungGen      total 164864K, used 6533K [0x00000007b5580000, 0x00000007c0000000, 0x00000007c0000000)
  eden space 155648K, 0% used [0x00000007b5580000,0x00000007b5580000,0x00000007bed80000)
  from space 9216K, 70% used [0x00000007bed80000,0x00000007bf3e1580,0x00000007bf680000)
  to   space 9216K, 0% used [0x00000007bf700000,0x00000007bf700000,0x00000007c0000000)
 ParOldGen       total 349696K, used 11892K [0x00000007a0000000, 0x00000007b5580000, 0x00000007b5580000)
  object space 349696K, 3% used [0x00000007a0000000,0x00000007a0b9d060,0x00000007b5580000)
 Metaspace       used 5445K, capacity 5616K, committed 5760K, reserved 1056768K
  class space    used 579K, capacity 630K, committed 640K, reserved 1048576K
}
{Heap before GC invocations=106 (full 0):
 PSYoungGen      total 164864K, used 159324K [0x00000007b5580000, 0x00000007c0000000, 0x00000007c0000000)
  eden space 155648K, 98% used [0x00000007b5580000,0x00000007beab5ad8,0x00000007bed80000)
  from space 9216K, 70% used [0x00000007bed80000,0x00000007bf3e1580,0x00000007bf680000)
  to   space 9216K, 0% used [0x00000007bf700000,0x00000007bf700000,0x00000007c0000000)
 ParOldGen       total 349696K, used 11892K [0x00000007a0000000, 0x00000007b5580000, 0x00000007b5580000)
  object space 349696K, 3% used [0x00000007a0000000,0x00000007a0b9d060,0x00000007b5580000)
 Metaspace       used 5445K, capacity 5616K, committed 5760K, reserved 1056768K
  class space    used 579K, capacity 630K, committed 640K, reserved 1048576K
2018-07-25T18:08:08.413-0800: 10.694: [GC (Allocation Failure) [PSYoungGen: 159324K->3931K(165376K)] 171216K->15823K(515072K), 0.0018056 secs] [Times: user=0.01 sys=0.00, real=0.00 secs] 
Heap after GC invocations=106 (full 0):
 PSYoungGen      total 165376K, used 3931K [0x00000007b5580000, 0x00000007c0000000, 0x00000007c0000000)
  eden space 156160K, 0% used [0x00000007b5580000,0x00000007b5580000,0x00000007bee00000)
  from space 9216K, 42% used [0x00000007bf700000,0x00000007bfad6e58,0x00000007c0000000)
  to   space 9216K, 0% used [0x00000007bee00000,0x00000007bee00000,0x00000007bf700000)
 ParOldGen       total 349696K, used 11892K [0x00000007a0000000, 0x00000007b5580000, 0x00000007b5580000)
  object space 349696K, 3% used [0x00000007a0000000,0x00000007a0b9d060,0x00000007b5580000)
 Metaspace       used 5445K, capacity 5616K, committed 5760K, reserved 1056768K
  class space    used 579K, capacity 630K, committed 640K, reserved 1048576K
}
{Heap before GC invocations=107 (full 0):
 PSYoungGen      total 165376K, used 160065K [0x00000007b5580000, 0x00000007c0000000, 0x00000007c0000000)
  eden space 156160K, 99% used [0x00000007b5580000,0x00000007bedf95b0,0x00000007bee00000)
  from space 9216K, 42% used [0x00000007bf700000,0x00000007bfad6e58,0x00000007c0000000)
  to   space 9216K, 0% used [0x00000007bee00000,0x00000007bee00000,0x00000007bf700000)
 ParOldGen       total 349696K, used 11892K [0x00000007a0000000, 0x00000007b5580000, 0x00000007b5580000)
  object space 349696K, 3% used [0x00000007a0000000,0x00000007a0b9d060,0x00000007b5580000)
 Metaspace       used 5445K, capacity 5616K, committed 5760K, reserved 1056768K
  class space    used 579K, capacity 630K, committed 640K, reserved 1048576K
2018-07-25T18:08:08.531-0800: 10.812: [GC (Allocation Failure) [PSYoungGen: 160065K->1747K(158208K)] 171957K->13663K(507904K), 0.0007473 secs] [Times: user=0.00 sys=0.00, real=0.00 secs] 
Heap after GC invocations=107 (full 0):
 PSYoungGen      total 158208K, used 1747K [0x00000007b5580000, 0x00000007c0000000, 0x00000007c0000000)
  eden space 156160K, 0% used [0x00000007b5580000,0x00000007b5580000,0x00000007bee00000)
  from space 2048K, 85% used [0x00000007bee00000,0x00000007befb4f70,0x00000007bf000000)
  to   space 9728K, 0% used [0x00000007bf680000,0x00000007bf680000,0x00000007c0000000)
 ParOldGen       total 349696K, used 11916K [0x00000007a0000000, 0x00000007b5580000, 0x00000007b5580000)
  object space 349696K, 3% used [0x00000007a0000000,0x00000007a0ba3060,0x00000007b5580000)
 Metaspace       used 5445K, capacity 5616K, committed 5760K, reserved 1056768K
  class space    used 579K, capacity 630K, committed 640K, reserved 1048576K
}
{Heap before GC invocations=108 (full 0):
 PSYoungGen      total 158208K, used 157082K [0x00000007b5580000, 0x00000007c0000000, 0x00000007c0000000)
  eden space 156160K, 99% used [0x00000007b5580000,0x00000007bed31af0,0x00000007bee00000)
  from space 2048K, 85% used [0x00000007bee00000,0x00000007befb4f70,0x00000007bf000000)
  to   space 9728K, 0% used [0x00000007bf680000,0x00000007bf680000,0x00000007c0000000)
 ParOldGen       total 349696K, used 11916K [0x00000007a0000000, 0x00000007b5580000, 0x00000007b5580000)
  object space 349696K, 3% used [0x00000007a0000000,0x00000007a0ba3060,0x00000007b5580000)
 Metaspace       used 5445K, capacity 5616K, committed 5760K, reserved 1056768K
  class space    used 579K, capacity 630K, committed 640K, reserved 1048576K
2018-07-25T18:08:08.617-0800: 10.898: [GC (Allocation Failure) [PSYoungGen: 157082K->3936K(164864K)] 168998K->15852K(514560K), 0.0011412 secs] [Times: user=0.00 sys=0.00, real=0.00 secs] 
Heap after GC invocations=108 (full 0):
 PSYoungGen      total 164864K, used 3936K [0x00000007b5580000, 0x00000007c0000000, 0x00000007c0000000)
  eden space 155136K, 0% used [0x00000007b5580000,0x00000007b5580000,0x00000007bed00000)
  from space 9728K, 40% used [0x00000007bf680000,0x00000007bfa58240,0x00000007c0000000)
  to   space 9728K, 0% used [0x00000007bed00000,0x00000007bed00000,0x00000007bf680000)
 ParOldGen       total 349696K, used 11916K [0x00000007a0000000, 0x00000007b5580000, 0x00000007b5580000)
  object space 349696K, 3% used [0x00000007a0000000,0x00000007a0ba3060,0x00000007b5580000)
 Metaspace       used 5445K, capacity 5616K, committed 5760K, reserved 1056768K
  class space    used 579K, capacity 630K, committed 640K, reserved 1048576K
}
{Heap before GC invocations=109 (full 0):
 PSYoungGen      total 164864K, used 156905K [0x00000007b5580000, 0x00000007c0000000, 0x00000007c0000000)
  eden space 155136K, 98% used [0x00000007b5580000,0x00000007beae24e8,0x00000007bed00000)
  from space 9728K, 40% used [0x00000007bf680000,0x00000007bfa58240,0x00000007c0000000)
  to   space 9728K, 0% used [0x00000007bed00000,0x00000007bed00000,0x00000007bf680000)
 ParOldGen       total 349696K, used 11916K [0x00000007a0000000, 0x00000007b5580000, 0x00000007b5580000)
  object space 349696K, 3% used [0x00000007a0000000,0x00000007a0ba3060,0x00000007b5580000)
 Metaspace       used 5445K, capacity 5616K, committed 5760K, reserved 1056768K
  class space    used 579K, capacity 630K, committed 640K, reserved 1048576K
2018-07-25T18:08:08.701-0800: 10.981: [GC (Allocation Failure) [PSYoungGen: 156905K->6543K(164864K)] 168821K->18459K(514560K), 0.0010363 secs] [Times: user=0.01 sys=0.00, real=0.00 secs] 
Heap after GC invocations=109 (full 0):
 PSYoungGen      total 164864K, used 6543K [0x00000007b5580000, 0x00000007c0000000, 0x00000007c0000000)
  eden space 155136K, 0% used [0x00000007b5580000,0x00000007b5580000,0x00000007bed00000)
  from space 9728K, 67% used [0x00000007bed00000,0x00000007bf363c90,0x00000007bf680000)
  to   space 9728K, 0% used [0x00000007bf680000,0x00000007bf680000,0x00000007c0000000)
 ParOldGen       total 349696K, used 11916K [0x00000007a0000000, 0x00000007b5580000, 0x00000007b5580000)
  object space 349696K, 3% used [0x00000007a0000000,0x00000007a0ba3060,0x00000007b5580000)
 Metaspace       used 5445K, capacity 5616K, committed 5760K, reserved 1056768K
  class space    used 579K, capacity 630K, committed 640K, reserved 1048576K
}
{Heap before GC invocations=110 (full 0):
 PSYoungGen      total 164864K, used 156965K [0x00000007b5580000, 0x00000007c0000000, 0x00000007c0000000)
  eden space 155136K, 96% used [0x00000007b5580000,0x00000007be865b30,0x00000007bed00000)
  from space 9728K, 67% used [0x00000007bed00000,0x00000007bf363c90,0x00000007bf680000)
  to   space 9728K, 0% used [0x00000007bf680000,0x00000007bf680000,0x00000007c0000000)
 ParOldGen       total 349696K, used 11916K [0x00000007a0000000, 0x00000007b5580000, 0x00000007b5580000)
  object space 349696K, 3% used [0x00000007a0000000,0x00000007a0ba3060,0x00000007b5580000)
 Metaspace       used 5445K, capacity 5616K, committed 5760K, reserved 1056768K
  class space    used 579K, capacity 630K, committed 640K, reserved 1048576K
2018-07-25T18:08:08.787-0800: 11.068: [GC (Allocation Failure) [PSYoungGen: 156965K->6513K(164864K)] 168882K->18429K(514560K), 0.0010745 secs] [Times: user=0.01 sys=0.00, real=0.00 secs] 
Heap after GC invocations=110 (full 0):
 PSYoungGen      total 164864K, used 6513K [0x00000007b5580000, 0x00000007c0000000, 0x00000007c0000000)
  eden space 155136K, 0% used [0x00000007b5580000,0x00000007b5580000,0x00000007bed00000)
  from space 9728K, 66% used [0x00000007bf680000,0x00000007bfcdc5f8,0x00000007c0000000)
  to   space 9728K, 0% used [0x00000007bed00000,0x00000007bed00000,0x00000007bf680000)
 ParOldGen       total 349696K, used 11916K [0x00000007a0000000, 0x00000007b5580000, 0x00000007b5580000)
  object space 349696K, 3% used [0x00000007a0000000,0x00000007a0ba3060,0x00000007b5580000)
 Metaspace       used 5445K, capacity 5616K, committed 5760K, reserved 1056768K
  class space    used 579K, capacity 630K, committed 640K, reserved 1048576K
}
{Heap before GC invocations=111 (full 0):
 PSYoungGen      total 164864K, used 156993K [0x00000007b5580000, 0x00000007c0000000, 0x00000007c0000000)
  eden space 155136K, 96% used [0x00000007b5580000,0x00000007be873f28,0x00000007bed00000)
  from space 9728K, 66% used [0x00000007bf680000,0x00000007bfcdc5f8,0x00000007c0000000)
  to   space 9728K, 0% used [0x00000007bed00000,0x00000007bed00000,0x00000007bf680000)
 ParOldGen       total 349696K, used 11916K [0x00000007a0000000, 0x00000007b5580000, 0x00000007b5580000)
  object space 349696K, 3% used [0x00000007a0000000,0x00000007a0ba3060,0x00000007b5580000)
 Metaspace       used 5445K, capacity 5616K, committed 5760K, reserved 1056768K
  class space    used 579K, capacity 630K, committed 640K, reserved 1048576K
2018-07-25T18:08:08.870-0800: 11.151: [GC (Allocation Failure) [PSYoungGen: 156993K->6483K(164864K)] 168909K->18399K(514560K), 0.0010635 secs] [Times: user=0.01 sys=0.00, real=0.00 secs] 
Heap after GC invocations=111 (full 0):
 PSYoungGen      total 164864K, used 6483K [0x00000007b5580000, 0x00000007c0000000, 0x00000007c0000000)
  eden space 155136K, 0% used [0x00000007b5580000,0x00000007b5580000,0x00000007bed00000)
  from space 9728K, 66% used [0x00000007bed00000,0x00000007bf354f60,0x00000007bf680000)
  to   space 9728K, 0% used [0x00000007bf680000,0x00000007bf680000,0x00000007c0000000)
 ParOldGen       total 349696K, used 11916K [0x00000007a0000000, 0x00000007b5580000, 0x00000007b5580000)
  object space 349696K, 3% used [0x00000007a0000000,0x00000007a0ba3060,0x00000007b5580000)
 Metaspace       used 5445K, capacity 5616K, committed 5760K, reserved 1056768K
  class space    used 579K, capacity 630K, committed 640K, reserved 1048576K
}
{Heap before GC invocations=112 (full 0):
 PSYoungGen      total 164864K, used 157019K [0x00000007b5580000, 0x00000007c0000000, 0x00000007c0000000)
  eden space 155136K, 97% used [0x00000007b5580000,0x00000007be881e58,0x00000007bed00000)
  from space 9728K, 66% used [0x00000007bed00000,0x00000007bf354f60,0x00000007bf680000)
  to   space 9728K, 0% used [0x00000007bf680000,0x00000007bf680000,0x00000007c0000000)
 ParOldGen       total 349696K, used 11916K [0x00000007a0000000, 0x00000007b5580000, 0x00000007b5580000)
  object space 349696K, 3% used [0x00000007a0000000,0x00000007a0ba3060,0x00000007b5580000)
 Metaspace       used 5445K, capacity 5616K, committed 5760K, reserved 1056768K
  class space    used 579K, capacity 630K, committed 640K, reserved 1048576K
2018-07-25T18:08:08.956-0800: 11.236: [GC (Allocation Failure) [PSYoungGen: 157019K->6550K(164864K)] 168935K->18466K(514560K), 0.0010014 secs] [Times: user=0.00 sys=0.00, real=0.00 secs] 
Heap after GC invocations=112 (full 0):
 PSYoungGen      total 164864K, used 6550K [0x00000007b5580000, 0x00000007c0000000, 0x00000007c0000000)
  eden space 155136K, 0% used [0x00000007b5580000,0x00000007b5580000,0x00000007bed00000)
  from space 9728K, 67% used [0x00000007bf680000,0x00000007bfce58c8,0x00000007c0000000)
  to   space 9728K, 0% used [0x00000007bed00000,0x00000007bed00000,0x00000007bf680000)
 ParOldGen       total 349696K, used 11916K [0x00000007a0000000, 0x00000007b5580000, 0x00000007b5580000)
  object space 349696K, 3% used [0x00000007a0000000,0x00000007a0ba3060,0x00000007b5580000)
 Metaspace       used 5445K, capacity 5616K, committed 5760K, reserved 1056768K
  class space    used 579K, capacity 630K, committed 640K, reserved 1048576K
}
{Heap before GC invocations=113 (full 0):
 PSYoungGen      total 164864K, used 157142K [0x00000007b5580000, 0x00000007c0000000, 0x00000007c0000000)
  eden space 155136K, 97% used [0x00000007b5580000,0x00000007be8900f8,0x00000007bed00000)
  from space 9728K, 67% used [0x00000007bf680000,0x00000007bfce58c8,0x00000007c0000000)
  to   space 9728K, 0% used [0x00000007bed00000,0x00000007bed00000,0x00000007bf680000)
 ParOldGen       total 349696K, used 11916K [0x00000007a0000000, 0x00000007b5580000, 0x00000007b5580000)
  object space 349696K, 3% used [0x00000007a0000000,0x00000007a0ba3060,0x00000007b5580000)
 Metaspace       used 5446K, capacity 5616K, committed 5760K, reserved 1056768K
  class space    used 579K, capacity 630K, committed 640K, reserved 1048576K
2018-07-25T18:08:09.044-0800: 11.324: [GC (Allocation Failure) [PSYoungGen: 157142K->6520K(164864K)] 169058K->18436K(514560K), 0.0012278 secs] [Times: user=0.01 sys=0.00, real=0.00 secs] 
Heap after GC invocations=113 (full 0):
 PSYoungGen      total 164864K, used 6520K [0x00000007b5580000, 0x00000007c0000000, 0x00000007c0000000)
  eden space 155136K, 0% used [0x00000007b5580000,0x00000007b5580000,0x00000007bed00000)
  from space 9728K, 67% used [0x00000007bed00000,0x00000007bf35e230,0x00000007bf680000)
  to   space 9728K, 0% used [0x00000007bf680000,0x00000007bf680000,0x00000007c0000000)
 ParOldGen       total 349696K, used 11916K [0x00000007a0000000, 0x00000007b5580000, 0x00000007b5580000)
  object space 349696K, 3% used [0x00000007a0000000,0x00000007a0ba3060,0x00000007b5580000)
 Metaspace       used 5446K, capacity 5616K, committed 5760K, reserved 1056768K
  class space    used 579K, capacity 630K, committed 640K, reserved 1048576K
}
{Heap before GC invocations=114 (full 0):
 PSYoungGen      total 164864K, used 157169K [0x00000007b5580000, 0x00000007c0000000, 0x00000007c0000000)
  eden space 155136K, 97% used [0x00000007b5580000,0x00000007be89e3c8,0x00000007bed00000)
  from space 9728K, 67% used [0x00000007bed00000,0x00000007bf35e230,0x00000007bf680000)
  to   space 9728K, 0% used [0x00000007bf680000,0x00000007bf680000,0x00000007c0000000)
 ParOldGen       total 349696K, used 11916K [0x00000007a0000000, 0x00000007b5580000, 0x00000007b5580000)
  object space 349696K, 3% used [0x00000007a0000000,0x00000007a0ba3060,0x00000007b5580000)
 Metaspace       used 5446K, capacity 5616K, committed 5760K, reserved 1056768K
  class space    used 579K, capacity 630K, committed 640K, reserved 1048576K
2018-07-25T18:08:09.134-0800: 11.415: [GC (Allocation Failure) [PSYoungGen: 157169K->6522K(165376K)] 169085K->18438K(515072K), 0.0011844 secs] [Times: user=0.00 sys=0.00, real=0.00 secs] 
Heap after GC invocations=114 (full 0):
 PSYoungGen      total 165376K, used 6522K [0x00000007b5580000, 0x00000007c0000000, 0x00000007c0000000)
  eden space 155648K, 0% used [0x00000007b5580000,0x00000007b5580000,0x00000007bed80000)
  from space 9728K, 67% used [0x00000007bf680000,0x00000007bfcdeb98,0x00000007c0000000)
  to   space 9216K, 0% used [0x00000007bed80000,0x00000007bed80000,0x00000007bf680000)
 ParOldGen       total 349696K, used 11916K [0x00000007a0000000, 0x00000007b5580000, 0x00000007b5580000)
  object space 349696K, 3% used [0x00000007a0000000,0x00000007a0ba3060,0x00000007b5580000)
 Metaspace       used 5446K, capacity 5616K, committed 5760K, reserved 1056768K
  class space    used 579K, capacity 630K, committed 640K, reserved 1048576K
}
{Heap before GC invocations=115 (full 0):
 PSYoungGen      total 165376K, used 157249K [0x00000007b5580000, 0x00000007c0000000, 0x00000007c0000000)
  eden space 155648K, 96% used [0x00000007b5580000,0x00000007be8b18a8,0x00000007bed80000)
  from space 9728K, 67% used [0x00000007bf680000,0x00000007bfcdeb98,0x00000007c0000000)
  to   space 9216K, 0% used [0x00000007bed80000,0x00000007bed80000,0x00000007bf680000)
 ParOldGen       total 349696K, used 11916K [0x00000007a0000000, 0x00000007b5580000, 0x00000007b5580000)
  object space 349696K, 3% used [0x00000007a0000000,0x00000007a0ba3060,0x00000007b5580000)
 Metaspace       used 5446K, capacity 5616K, committed 5760K, reserved 1056768K
  class space    used 579K, capacity 630K, committed 640K, reserved 1048576K
2018-07-25T18:08:09.218-0800: 11.498: [GC (Allocation Failure) [PSYoungGen: 157249K->6525K(164864K)] 169165K->18441K(514560K), 0.0012601 secs] [Times: user=0.01 sys=0.00, real=0.00 secs] 
Heap after GC invocations=115 (full 0):
 PSYoungGen      total 164864K, used 6525K [0x00000007b5580000, 0x00000007c0000000, 0x00000007c0000000)
  eden space 155648K, 0% used [0x00000007b5580000,0x00000007b5580000,0x00000007bed80000)
  from space 9216K, 70% used [0x00000007bed80000,0x00000007bf3df500,0x00000007bf680000)
  to   space 9216K, 0% used [0x00000007bf700000,0x00000007bf700000,0x00000007c0000000)
 ParOldGen       total 349696K, used 11916K [0x00000007a0000000, 0x00000007b5580000, 0x00000007b5580000)
  object space 349696K, 3% used [0x00000007a0000000,0x00000007a0ba3060,0x00000007b5580000)
 Metaspace       used 5446K, capacity 5616K, committed 5760K, reserved 1056768K
  class space    used 579K, capacity 630K, committed 640K, reserved 1048576K
}
{Heap before GC invocations=116 (full 0):
 PSYoungGen      total 164864K, used 157307K [0x00000007b5580000, 0x00000007c0000000, 0x00000007c0000000)
  eden space 155648K, 96% used [0x00000007b5580000,0x00000007be8bfa88,0x00000007bed80000)
  from space 9216K, 70% used [0x00000007bed80000,0x00000007bf3df500,0x00000007bf680000)
  to   space 9216K, 0% used [0x00000007bf700000,0x00000007bf700000,0x00000007c0000000)
 ParOldGen       total 349696K, used 11916K [0x00000007a0000000, 0x00000007b5580000, 0x00000007b5580000)
  object space 349696K, 3% used [0x00000007a0000000,0x00000007a0ba3060,0x00000007b5580000)
 Metaspace       used 5446K, capacity 5616K, committed 5760K, reserved 1056768K
  class space    used 579K, capacity 630K, committed 640K, reserved 1048576K
2018-07-25T18:08:09.301-0800: 11.582: [GC (Allocation Failure) [PSYoungGen: 157307K->6495K(165376K)] 169223K->18411K(515072K), 0.0012222 secs] [Times: user=0.00 sys=0.00, real=0.00 secs] 
Heap after GC invocations=116 (full 0):
 PSYoungGen      total 165376K, used 6495K [0x00000007b5580000, 0x00000007c0000000, 0x00000007c0000000)
  eden space 156160K, 0% used [0x00000007b5580000,0x00000007b5580000,0x00000007bee00000)
  from space 9216K, 70% used [0x00000007bf700000,0x00000007bfd57e68,0x00000007c0000000)
  to   space 9216K, 0% used [0x00000007bee00000,0x00000007bee00000,0x00000007bf700000)
 ParOldGen       total 349696K, used 11916K [0x00000007a0000000, 0x00000007b5580000, 0x00000007b5580000)
  object space 349696K, 3% used [0x00000007a0000000,0x00000007a0ba3060,0x00000007b5580000)
 Metaspace       used 5446K, capacity 5616K, committed 5760K, reserved 1056768K
  class space    used 579K, capacity 630K, committed 640K, reserved 1048576K
}
{Heap before GC invocations=117 (full 0):
 PSYoungGen      total 165376K, used 162562K [0x00000007b5580000, 0x00000007c0000000, 0x00000007c0000000)
  eden space 156160K, 99% used [0x00000007b5580000,0x00000007bede8c58,0x00000007bee00000)
  from space 9216K, 70% used [0x00000007bf700000,0x00000007bfd57e68,0x00000007c0000000)
  to   space 9216K, 0% used [0x00000007bee00000,0x00000007bee00000,0x00000007bf700000)
 ParOldGen       total 349696K, used 11916K [0x00000007a0000000, 0x00000007b5580000, 0x00000007b5580000)
  object space 349696K, 3% used [0x00000007a0000000,0x00000007a0ba3060,0x00000007b5580000)
 Metaspace       used 5446K, capacity 5616K, committed 5760K, reserved 1056768K
  class space    used 579K, capacity 630K, committed 640K, reserved 1048576K
2018-07-25T18:08:09.389-0800: 11.670: [GC (Allocation Failure) [PSYoungGen: 162562K->6497K(165376K)] 174478K->18414K(515072K), 0.0011747 secs] [Times: user=0.01 sys=0.01, real=0.01 secs] 
Heap after GC invocations=117 (full 0):
 PSYoungGen      total 165376K, used 6497K [0x00000007b5580000, 0x00000007c0000000, 0x00000007c0000000)
  eden space 156160K, 0% used [0x00000007b5580000,0x00000007b5580000,0x00000007bee00000)
  from space 9216K, 70% used [0x00000007bee00000,0x00000007bf4587b8,0x00000007bf700000)
  to   space 9216K, 0% used [0x00000007bf700000,0x00000007bf700000,0x00000007c0000000)
 ParOldGen       total 349696K, used 11916K [0x00000007a0000000, 0x00000007b5580000, 0x00000007b5580000)
  object space 349696K, 3% used [0x00000007a0000000,0x00000007a0ba3060,0x00000007b5580000)
 Metaspace       used 5446K, capacity 5616K, committed 5760K, reserved 1056768K
  class space    used 579K, capacity 630K, committed 640K, reserved 1048576K
}
{Heap before GC invocations=118 (full 0):
 PSYoungGen      total 165376K, used 159984K [0x00000007b5580000, 0x00000007c0000000, 0x00000007c0000000)
  eden space 156160K, 98% used [0x00000007b5580000,0x00000007beb63bc0,0x00000007bee00000)
  from space 9216K, 70% used [0x00000007bee00000,0x00000007bf4587b8,0x00000007bf700000)
  to   space 9216K, 0% used [0x00000007bf700000,0x00000007bf700000,0x00000007c0000000)
 ParOldGen       total 349696K, used 11916K [0x00000007a0000000, 0x00000007b5580000, 0x00000007b5580000)
  object space 349696K, 3% used [0x00000007a0000000,0x00000007a0ba3060,0x00000007b5580000)
 Metaspace       used 5446K, capacity 5616K, committed 5760K, reserved 1056768K
  class space    used 579K, capacity 630K, committed 640K, reserved 1048576K
2018-07-25T18:08:09.474-0800: 11.754: [GC (Allocation Failure) [PSYoungGen: 159984K->3960K(165376K)] 171900K->15876K(515072K), 0.0010707 secs] [Times: user=0.01 sys=0.00, real=0.00 secs] 
Heap after GC invocations=118 (full 0):
 PSYoungGen      total 165376K, used 3960K [0x00000007b5580000, 0x00000007c0000000, 0x00000007c0000000)
  eden space 156160K, 0% used [0x00000007b5580000,0x00000007b5580000,0x00000007bee00000)
  from space 9216K, 42% used [0x00000007bf700000,0x00000007bfade090,0x00000007c0000000)
  to   space 9216K, 0% used [0x00000007bee00000,0x00000007bee00000,0x00000007bf700000)
 ParOldGen       total 349696K, used 11916K [0x00000007a0000000, 0x00000007b5580000, 0x00000007b5580000)
  object space 349696K, 3% used [0x00000007a0000000,0x00000007a0ba3060,0x00000007b5580000)
 Metaspace       used 5446K, capacity 5616K, committed 5760K, reserved 1056768K
  class space    used 579K, capacity 630K, committed 640K, reserved 1048576K
}
{Heap before GC invocations=119 (full 0):
 PSYoungGen      total 165376K, used 160103K [0x00000007b5580000, 0x00000007c0000000, 0x00000007c0000000)
  eden space 156160K, 99% used [0x00000007b5580000,0x00000007bedfbf00,0x00000007bee00000)
  from space 9216K, 42% used [0x00000007bf700000,0x00000007bfade090,0x00000007c0000000)
  to   space 9216K, 0% used [0x00000007bee00000,0x00000007bee00000,0x00000007bf700000)
 ParOldGen       total 349696K, used 11916K [0x00000007a0000000, 0x00000007b5580000, 0x00000007b5580000)
  object space 349696K, 3% used [0x00000007a0000000,0x00000007a0ba3060,0x00000007b5580000)
 Metaspace       used 5446K, capacity 5616K, committed 5760K, reserved 1056768K
  class space    used 579K, capacity 630K, committed 640K, reserved 1048576K
2018-07-25T18:08:09.572-0800: 11.853: [GC (Allocation Failure) [PSYoungGen: 160103K->1326K(157696K)] 172019K->13242K(507392K), 0.0006454 secs] [Times: user=0.00 sys=0.00, real=0.00 secs] 
Heap after GC invocations=119 (full 0):
 PSYoungGen      total 157696K, used 1326K [0x00000007b5580000, 0x00000007c0000000, 0x00000007c0000000)
  eden space 156160K, 0% used [0x00000007b5580000,0x00000007b5580000,0x00000007bee00000)
  from space 1536K, 86% used [0x00000007bee00000,0x00000007bef4b8f0,0x00000007bef80000)
  to   space 9728K, 0% used [0x00000007bf680000,0x00000007bf680000,0x00000007c0000000)
 ParOldGen       total 349696K, used 11916K [0x00000007a0000000, 0x00000007b5580000, 0x00000007b5580000)
  object space 349696K, 3% used [0x00000007a0000000,0x00000007a0ba3060,0x00000007b5580000)
 Metaspace       used 5446K, capacity 5616K, committed 5760K, reserved 1056768K
  class space    used 579K, capacity 630K, committed 640K, reserved 1048576K
}
{Heap before GC invocations=120 (full 0):
 PSYoungGen      total 157696K, used 156712K [0x00000007b5580000, 0x00000007c0000000, 0x00000007c0000000)
  eden space 156160K, 99% used [0x00000007b5580000,0x00000007bed3eaa8,0x00000007bee00000)
  from space 1536K, 86% used [0x00000007bee00000,0x00000007bef4b8f0,0x00000007bef80000)
  to   space 9728K, 0% used [0x00000007bf680000,0x00000007bf680000,0x00000007c0000000)
 ParOldGen       total 349696K, used 11916K [0x00000007a0000000, 0x00000007b5580000, 0x00000007b5580000)
  object space 349696K, 3% used [0x00000007a0000000,0x00000007a0ba3060,0x00000007b5580000)
 Metaspace       used 5446K, capacity 5616K, committed 5760K, reserved 1056768K
  class space    used 579K, capacity 630K, committed 640K, reserved 1048576K
2018-07-25T18:08:09.656-0800: 11.937: [GC (Allocation Failure) [PSYoungGen: 156712K->2631K(164864K)] 168628K->14571K(514560K), 0.0008394 secs] [Times: user=0.01 sys=0.00, real=0.00 secs] 
Heap after GC invocations=120 (full 0):
 PSYoungGen      total 164864K, used 2631K [0x00000007b5580000, 0x00000007c0000000, 0x00000007c0000000)
  eden space 155136K, 0% used [0x00000007b5580000,0x00000007b5580000,0x00000007bed00000)
  from space 9728K, 27% used [0x00000007bf680000,0x00000007bf911c20,0x00000007c0000000)
  to   space 9728K, 0% used [0x00000007bed00000,0x00000007bed00000,0x00000007bf680000)
 ParOldGen       total 349696K, used 11940K [0x00000007a0000000, 0x00000007b5580000, 0x00000007b5580000)
  object space 349696K, 3% used [0x00000007a0000000,0x00000007a0ba9060,0x00000007b5580000)
 Metaspace       used 5446K, capacity 5616K, committed 5760K, reserved 1056768K
  class space    used 579K, capacity 630K, committed 640K, reserved 1048576K
}
{Heap before GC invocations=121 (full 0):
 PSYoungGen      total 164864K, used 156455K [0x00000007b5580000, 0x00000007c0000000, 0x00000007c0000000)
  eden space 155136K, 99% used [0x00000007b5580000,0x00000007bebb8168,0x00000007bed00000)
  from space 9728K, 27% used [0x00000007bf680000,0x00000007bf911c20,0x00000007c0000000)
  to   space 9728K, 0% used [0x00000007bed00000,0x00000007bed00000,0x00000007bf680000)
 ParOldGen       total 349696K, used 11940K [0x00000007a0000000, 0x00000007b5580000, 0x00000007b5580000)
  object space 349696K, 3% used [0x00000007a0000000,0x00000007a0ba9060,0x00000007b5580000)
 Metaspace       used 5446K, capacity 5616K, committed 5760K, reserved 1056768K
  class space    used 579K, capacity 630K, committed 640K, reserved 1048576K
2018-07-25T18:08:09.742-0800: 12.023: [GC (Allocation Failure) [PSYoungGen: 156455K->3999K(164864K)] 168395K->15939K(514560K), 0.0010054 secs] [Times: user=0.01 sys=0.00, real=0.00 secs] 
Heap after GC invocations=121 (full 0):
 PSYoungGen      total 164864K, used 3999K [0x00000007b5580000, 0x00000007c0000000, 0x00000007c0000000)
  eden space 155136K, 0% used [0x00000007b5580000,0x00000007b5580000,0x00000007bed00000)
  from space 9728K, 41% used [0x00000007bed00000,0x00000007bf0e7de0,0x00000007bf680000)
  to   space 9216K, 0% used [0x00000007bf700000,0x00000007bf700000,0x00000007c0000000)
 ParOldGen       total 349696K, used 11940K [0x00000007a0000000, 0x00000007b5580000, 0x00000007b5580000)
  object space 349696K, 3% used [0x00000007a0000000,0x00000007a0ba9060,0x00000007b5580000)
 Metaspace       used 5446K, capacity 5616K, committed 5760K, reserved 1056768K
  class space    used 579K, capacity 630K, committed 640K, reserved 1048576K
}
{Heap before GC invocations=122 (full 0):
 PSYoungGen      total 164864K, used 157837K [0x00000007b5580000, 0x00000007c0000000, 0x00000007c0000000)
  eden space 155136K, 99% used [0x00000007b5580000,0x00000007bebbb8c0,0x00000007bed00000)
  from space 9728K, 41% used [0x00000007bed00000,0x00000007bf0e7de0,0x00000007bf680000)
  to   space 9216K, 0% used [0x00000007bf700000,0x00000007bf700000,0x00000007c0000000)
 ParOldGen       total 349696K, used 11940K [0x00000007a0000000, 0x00000007b5580000, 0x00000007b5580000)
  object space 349696K, 3% used [0x00000007a0000000,0x00000007a0ba9060,0x00000007b5580000)
 Metaspace       used 5446K, capacity 5616K, committed 5760K, reserved 1056768K
  class space    used 579K, capacity 630K, committed 640K, reserved 1048576K
2018-07-25T18:08:09.829-0800: 12.109: [GC (Allocation Failure) [PSYoungGen: 157837K->6542K(164352K)] 169777K->18482K(514048K), 0.0010981 secs] [Times: user=0.01 sys=0.00, real=0.01 secs] 
Heap after GC invocations=122 (full 0):
 PSYoungGen      total 164352K, used 6542K [0x00000007b5580000, 0x00000007c0000000, 0x00000007c0000000)
  eden space 155136K, 0% used [0x00000007b5580000,0x00000007b5580000,0x00000007bed00000)
  from space 9216K, 70% used [0x00000007bf700000,0x00000007bfd63830,0x00000007c0000000)
  to   space 9728K, 0% used [0x00000007bed00000,0x00000007bed00000,0x00000007bf680000)
 ParOldGen       total 349696K, used 11940K [0x00000007a0000000, 0x00000007b5580000, 0x00000007b5580000)
  object space 349696K, 3% used [0x00000007a0000000,0x00000007a0ba9060,0x00000007b5580000)
 Metaspace       used 5446K, capacity 5616K, committed 5760K, reserved 1056768K
  class space    used 579K, capacity 630K, committed 640K, reserved 1048576K
}
{Heap before GC invocations=123 (full 0):
 PSYoungGen      total 164352K, used 157868K [0x00000007b5580000, 0x00000007c0000000, 0x00000007c0000000)
  eden space 155136K, 97% used [0x00000007b5580000,0x00000007be947a18,0x00000007bed00000)
  from space 9216K, 70% used [0x00000007bf700000,0x00000007bfd63830,0x00000007c0000000)
  to   space 9728K, 0% used [0x00000007bed00000,0x00000007bed00000,0x00000007bf680000)
 ParOldGen       total 349696K, used 11940K [0x00000007a0000000, 0x00000007b5580000, 0x00000007b5580000)
  object space 349696K, 3% used [0x00000007a0000000,0x00000007a0ba9060,0x00000007b5580000)
 Metaspace       used 5446K, capacity 5616K, committed 5760K, reserved 1056768K
  class space    used 579K, capacity 630K, committed 640K, reserved 1048576K
2018-07-25T18:08:09.912-0800: 12.193: [GC (Allocation Failure) [PSYoungGen: 157868K->6512K(164864K)] 169808K->18452K(514560K), 0.0011533 secs] [Times: user=0.00 sys=0.00, real=0.00 secs] 
Heap after GC invocations=123 (full 0):
 PSYoungGen      total 164864K, used 6512K [0x00000007b5580000, 0x00000007c0000000, 0x00000007c0000000)
  eden space 155136K, 0% used [0x00000007b5580000,0x00000007b5580000,0x00000007bed00000)
  from space 9728K, 66% used [0x00000007bed00000,0x00000007bf35c198,0x00000007bf680000)
  to   space 9728K, 0% used [0x00000007bf680000,0x00000007bf680000,0x00000007c0000000)
 ParOldGen       total 349696K, used 11940K [0x00000007a0000000, 0x00000007b5580000, 0x00000007b5580000)
  object space 349696K, 3% used [0x00000007a0000000,0x00000007a0ba9060,0x00000007b5580000)
 Metaspace       used 5446K, capacity 5616K, committed 5760K, reserved 1056768K
  class space    used 579K, capacity 630K, committed 640K, reserved 1048576K
}
{Heap before GC invocations=124 (full 0):
 PSYoungGen      total 164864K, used 157917K [0x00000007b5580000, 0x00000007c0000000, 0x00000007c0000000)
  eden space 155136K, 97% used [0x00000007b5580000,0x00000007be95b3d8,0x00000007bed00000)
  from space 9728K, 66% used [0x00000007bed00000,0x00000007bf35c198,0x00000007bf680000)
  to   space 9728K, 0% used [0x00000007bf680000,0x00000007bf680000,0x00000007c0000000)
 ParOldGen       total 349696K, used 11940K [0x00000007a0000000, 0x00000007b5580000, 0x00000007b5580000)
  object space 349696K, 3% used [0x00000007a0000000,0x00000007a0ba9060,0x00000007b5580000)
 Metaspace       used 5446K, capacity 5616K, committed 5760K, reserved 1056768K
  class space    used 579K, capacity 630K, committed 640K, reserved 1048576K
2018-07-25T18:08:09.998-0800: 12.279: [GC (Allocation Failure) [PSYoungGen: 157917K->6546K(164864K)] 169857K->18486K(514560K), 0.0012108 secs] [Times: user=0.01 sys=0.00, real=0.00 secs] 
Heap after GC invocations=124 (full 0):
 PSYoungGen      total 164864K, used 6546K [0x00000007b5580000, 0x00000007c0000000, 0x00000007c0000000)
  eden space 155136K, 0% used [0x00000007b5580000,0x00000007b5580000,0x00000007bed00000)
  from space 9728K, 67% used [0x00000007bf680000,0x00000007bfce4b00,0x00000007c0000000)
  to   space 9728K, 0% used [0x00000007bed00000,0x00000007bed00000,0x00000007bf680000)
 ParOldGen       total 349696K, used 11940K [0x00000007a0000000, 0x00000007b5580000, 0x00000007b5580000)
  object space 349696K, 3% used [0x00000007a0000000,0x00000007a0ba9060,0x00000007b5580000)
 Metaspace       used 5446K, capacity 5616K, committed 5760K, reserved 1056768K
  class space    used 579K, capacity 630K, committed 640K, reserved 1048576K
}
{Heap before GC invocations=125 (full 0):
 PSYoungGen      total 164864K, used 158021K [0x00000007b5580000, 0x00000007c0000000, 0x00000007c0000000)
  eden space 155136K, 97% used [0x00000007b5580000,0x00000007be96ca58,0x00000007bed00000)
  from space 9728K, 67% used [0x00000007bf680000,0x00000007bfce4b00,0x00000007c0000000)
  to   space 9728K, 0% used [0x00000007bed00000,0x00000007bed00000,0x00000007bf680000)
 ParOldGen       total 349696K, used 11940K [0x00000007a0000000, 0x00000007b5580000, 0x00000007b5580000)
  object space 349696K, 3% used [0x00000007a0000000,0x00000007a0ba9060,0x00000007b5580000)
 Metaspace       used 5446K, capacity 5616K, committed 5760K, reserved 1056768K
  class space    used 579K, capacity 630K, committed 640K, reserved 1048576K
2018-07-25T18:08:10.088-0800: 12.368: [GC (Allocation Failure) [PSYoungGen: 158021K->6581K(164864K)] 169961K->18521K(514560K), 0.0009911 secs] [Times: user=0.01 sys=0.00, real=0.00 secs] 
Heap after GC invocations=125 (full 0):
 PSYoungGen      total 164864K, used 6581K [0x00000007b5580000, 0x00000007c0000000, 0x00000007c0000000)
  eden space 155136K, 0% used [0x00000007b5580000,0x00000007b5580000,0x00000007bed00000)
  from space 9728K, 67% used [0x00000007bed00000,0x00000007bf36d468,0x00000007bf680000)
  to   space 9728K, 0% used [0x00000007bf680000,0x00000007bf680000,0x00000007c0000000)
 ParOldGen       total 349696K, used 11940K [0x00000007a0000000, 0x00000007b5580000, 0x00000007b5580000)
  object space 349696K, 3% used [0x00000007a0000000,0x00000007a0ba9060,0x00000007b5580000)
 Metaspace       used 5446K, capacity 5616K, committed 5760K, reserved 1056768K
  class space    used 579K, capacity 630K, committed 640K, reserved 1048576K
}
{Heap before GC invocations=126 (full 0):
 PSYoungGen      total 164864K, used 158119K [0x00000007b5580000, 0x00000007c0000000, 0x00000007c0000000)
  eden space 155136K, 97% used [0x00000007b5580000,0x00000007be97cae8,0x00000007bed00000)
  from space 9728K, 67% used [0x00000007bed00000,0x00000007bf36d468,0x00000007bf680000)
  to   space 9728K, 0% used [0x00000007bf680000,0x00000007bf680000,0x00000007c0000000)
 ParOldGen       total 349696K, used 11940K [0x00000007a0000000, 0x00000007b5580000, 0x00000007b5580000)
  object space 349696K, 3% used [0x00000007a0000000,0x00000007a0ba9060,0x00000007b5580000)
 Metaspace       used 5446K, capacity 5616K, committed 5760K, reserved 1056768K
  class space    used 579K, capacity 630K, committed 640K, reserved 1048576K
2018-07-25T18:08:10.173-0800: 12.453: [GC (Allocation Failure) [PSYoungGen: 158119K->6583K(164864K)] 170059K->18523K(514560K), 0.0011489 secs] [Times: user=0.01 sys=0.00, real=0.00 secs] 
Heap after GC invocations=126 (full 0):
 PSYoungGen      total 164864K, used 6583K [0x00000007b5580000, 0x00000007c0000000, 0x00000007c0000000)
  eden space 155136K, 0% used [0x00000007b5580000,0x00000007b5580000,0x00000007bed00000)
  from space 9728K, 67% used [0x00000007bf680000,0x00000007bfceddd0,0x00000007c0000000)
  to   space 9728K, 0% used [0x00000007bed00000,0x00000007bed00000,0x00000007bf680000)
 ParOldGen       total 349696K, used 11940K [0x00000007a0000000, 0x00000007b5580000, 0x00000007b5580000)
  object space 349696K, 3% used [0x00000007a0000000,0x00000007a0ba9060,0x00000007b5580000)
 Metaspace       used 5446K, capacity 5616K, committed 5760K, reserved 1056768K
  class space    used 579K, capacity 630K, committed 640K, reserved 1048576K
}
{Heap before GC invocations=127 (full 0):
 PSYoungGen      total 164864K, used 158182K [0x00000007b5580000, 0x00000007c0000000, 0x00000007c0000000)
  eden space 155136K, 97% used [0x00000007b5580000,0x00000007be98bd80,0x00000007bed00000)
  from space 9728K, 67% used [0x00000007bf680000,0x00000007bfceddd0,0x00000007c0000000)
  to   space 9728K, 0% used [0x00000007bed00000,0x00000007bed00000,0x00000007bf680000)
 ParOldGen       total 349696K, used 11940K [0x00000007a0000000, 0x00000007b5580000, 0x00000007b5580000)
  object space 349696K, 3% used [0x00000007a0000000,0x00000007a0ba9060,0x00000007b5580000)
 Metaspace       used 5446K, capacity 5616K, committed 5760K, reserved 1056768K
  class space    used 579K, capacity 630K, committed 640K, reserved 1048576K
2018-07-25T18:08:10.258-0800: 12.538: [GC (Allocation Failure) [PSYoungGen: 158182K->6553K(164864K)] 170122K->18493K(514560K), 0.0010986 secs] [Times: user=0.01 sys=0.00, real=0.00 secs] 
Heap after GC invocations=127 (full 0):
 PSYoungGen      total 164864K, used 6553K [0x00000007b5580000, 0x00000007c0000000, 0x00000007c0000000)
  eden space 155136K, 0% used [0x00000007b5580000,0x00000007b5580000,0x00000007bed00000)
  from space 9728K, 67% used [0x00000007bed00000,0x00000007bf366738,0x00000007bf680000)
  to   space 9728K, 0% used [0x00000007bf680000,0x00000007bf680000,0x00000007c0000000)
 ParOldGen       total 349696K, used 11940K [0x00000007a0000000, 0x00000007b5580000, 0x00000007b5580000)
  object space 349696K, 3% used [0x00000007a0000000,0x00000007a0ba9060,0x00000007b5580000)
 Metaspace       used 5446K, capacity 5616K, committed 5760K, reserved 1056768K
  class space    used 579K, capacity 630K, committed 640K, reserved 1048576K
}
{Heap before GC invocations=128 (full 0):
 PSYoungGen      total 164864K, used 158198K [0x00000007b5580000, 0x00000007c0000000, 0x00000007c0000000)
  eden space 155136K, 97% used [0x00000007b5580000,0x00000007be997140,0x00000007bed00000)
  from space 9728K, 67% used [0x00000007bed00000,0x00000007bf366738,0x00000007bf680000)
  to   space 9728K, 0% used [0x00000007bf680000,0x00000007bf680000,0x00000007c0000000)
 ParOldGen       total 349696K, used 11940K [0x00000007a0000000, 0x00000007b5580000, 0x00000007b5580000)
  object space 349696K, 3% used [0x00000007a0000000,0x00000007a0ba9060,0x00000007b5580000)
 Metaspace       used 5446K, capacity 5616K, committed 5760K, reserved 1056768K
  class space    used 579K, capacity 630K, committed 640K, reserved 1048576K
2018-07-25T18:08:10.341-0800: 12.622: [GC (Allocation Failure) [PSYoungGen: 158198K->6556K(164864K)] 170138K->18496K(514560K), 0.0011148 secs] [Times: user=0.00 sys=0.00, real=0.00 secs] 
Heap after GC invocations=128 (full 0):
 PSYoungGen      total 164864K, used 6556K [0x00000007b5580000, 0x00000007c0000000, 0x00000007c0000000)
  eden space 155136K, 0% used [0x00000007b5580000,0x00000007b5580000,0x00000007bed00000)
  from space 9728K, 67% used [0x00000007bf680000,0x00000007bfce70a0,0x00000007c0000000)
  to   space 9728K, 0% used [0x00000007bed00000,0x00000007bed00000,0x00000007bf680000)
 ParOldGen       total 349696K, used 11940K [0x00000007a0000000, 0x00000007b5580000, 0x00000007b5580000)
  object space 349696K, 3% used [0x00000007a0000000,0x00000007a0ba9060,0x00000007b5580000)
 Metaspace       used 5446K, capacity 5616K, committed 5760K, reserved 1056768K
  class space    used 579K, capacity 630K, committed 640K, reserved 1048576K
}
{Heap before GC invocations=129 (full 0):
 PSYoungGen      total 164864K, used 158252K [0x00000007b5580000, 0x00000007c0000000, 0x00000007c0000000)
  eden space 155136K, 97% used [0x00000007b5580000,0x00000007be9a4000,0x00000007bed00000)
  from space 9728K, 67% used [0x00000007bf680000,0x00000007bfce70a0,0x00000007c0000000)
  to   space 9728K, 0% used [0x00000007bed00000,0x00000007bed00000,0x00000007bf680000)
 ParOldGen       total 349696K, used 11940K [0x00000007a0000000, 0x00000007b5580000, 0x00000007b5580000)
  object space 349696K, 3% used [0x00000007a0000000,0x00000007a0ba9060,0x00000007b5580000)
 Metaspace       used 5446K, capacity 5616K, committed 5760K, reserved 1056768K
  class space    used 579K, capacity 630K, committed 640K, reserved 1048576K
2018-07-25T18:08:10.425-0800: 12.706: [GC (Allocation Failure) [PSYoungGen: 158252K->6590K(164864K)] 170192K->18530K(514560K), 0.0011024 secs] [Times: user=0.00 sys=0.00, real=0.00 secs] 
Heap after GC invocations=129 (full 0):
 PSYoungGen      total 164864K, used 6590K [0x00000007b5580000, 0x00000007c0000000, 0x00000007c0000000)
  eden space 155136K, 0% used [0x00000007b5580000,0x00000007b5580000,0x00000007bed00000)
  from space 9728K, 67% used [0x00000007bed00000,0x00000007bf36fa08,0x00000007bf680000)
  to   space 9728K, 0% used [0x00000007bf680000,0x00000007bf680000,0x00000007c0000000)
 ParOldGen       total 349696K, used 11940K [0x00000007a0000000, 0x00000007b5580000, 0x00000007b5580000)
  object space 349696K, 3% used [0x00000007a0000000,0x00000007a0ba9060,0x00000007b5580000)
 Metaspace       used 5446K, capacity 5616K, committed 5760K, reserved 1056768K
  class space    used 579K, capacity 630K, committed 640K, reserved 1048576K
}
{Heap before GC invocations=130 (full 0):
 PSYoungGen      total 164864K, used 158334K [0x00000007b5580000, 0x00000007c0000000, 0x00000007c0000000)
  eden space 155136K, 97% used [0x00000007b5580000,0x00000007be9afe40,0x00000007bed00000)
  from space 9728K, 67% used [0x00000007bed00000,0x00000007bf36fa08,0x00000007bf680000)
  to   space 9728K, 0% used [0x00000007bf680000,0x00000007bf680000,0x00000007c0000000)
 ParOldGen       total 349696K, used 11940K [0x00000007a0000000, 0x00000007b5580000, 0x00000007b5580000)
  object space 349696K, 3% used [0x00000007a0000000,0x00000007a0ba9060,0x00000007b5580000)
 Metaspace       used 5446K, capacity 5616K, committed 5760K, reserved 1056768K
  class space    used 579K, capacity 630K, committed 640K, reserved 1048576K
2018-07-25T18:08:10.511-0800: 12.792: [GC (Allocation Failure) [PSYoungGen: 158334K->6592K(164864K)] 170274K->18532K(514560K), 0.0014850 secs] [Times: user=0.01 sys=0.00, real=0.00 secs] 
Heap after GC invocations=130 (full 0):
 PSYoungGen      total 164864K, used 6592K [0x00000007b5580000, 0x00000007c0000000, 0x00000007c0000000)
  eden space 155136K, 0% used [0x00000007b5580000,0x00000007b5580000,0x00000007bed00000)
  from space 9728K, 67% used [0x00000007bf680000,0x00000007bfcf0370,0x00000007c0000000)
  to   space 9728K, 0% used [0x00000007bed00000,0x00000007bed00000,0x00000007bf680000)
 ParOldGen       total 349696K, used 11940K [0x00000007a0000000, 0x00000007b5580000, 0x00000007b5580000)
  object space 349696K, 3% used [0x00000007a0000000,0x00000007a0ba9060,0x00000007b5580000)
 Metaspace       used 5446K, capacity 5616K, committed 5760K, reserved 1056768K
  class space    used 579K, capacity 630K, committed 640K, reserved 1048576K
}
{Heap before GC invocations=131 (full 0):
 PSYoungGen      total 164864K, used 158384K [0x00000007b5580000, 0x00000007c0000000, 0x00000007c0000000)
  eden space 155136K, 97% used [0x00000007b5580000,0x00000007be9bbcd0,0x00000007bed00000)
  from space 9728K, 67% used [0x00000007bf680000,0x00000007bfcf0370,0x00000007c0000000)
  to   space 9728K, 0% used [0x00000007bed00000,0x00000007bed00000,0x00000007bf680000)
 ParOldGen       total 349696K, used 11940K [0x00000007a0000000, 0x00000007b5580000, 0x00000007b5580000)
  object space 349696K, 3% used [0x00000007a0000000,0x00000007a0ba9060,0x00000007b5580000)
 Metaspace       used 5446K, capacity 5616K, committed 5760K, reserved 1056768K
  class space    used 579K, capacity 630K, committed 640K, reserved 1048576K
2018-07-25T18:08:10.599-0800: 12.880: [GC (Allocation Failure) [PSYoungGen: 158384K->6595K(164864K)] 170324K->18535K(514560K), 0.0010982 secs] [Times: user=0.00 sys=0.00, real=0.01 secs] 
Heap after GC invocations=131 (full 0):
 PSYoungGen      total 164864K, used 6595K [0x00000007b5580000, 0x00000007c0000000, 0x00000007c0000000)
  eden space 155136K, 0% used [0x00000007b5580000,0x00000007b5580000,0x00000007bed00000)
  from space 9728K, 67% used [0x00000007bed00000,0x00000007bf370cd8,0x00000007bf680000)
  to   space 9216K, 0% used [0x00000007bf700000,0x00000007bf700000,0x00000007c0000000)
 ParOldGen       total 349696K, used 11940K [0x00000007a0000000, 0x00000007b5580000, 0x00000007b5580000)
  object space 349696K, 3% used [0x00000007a0000000,0x00000007a0ba9060,0x00000007b5580000)
 Metaspace       used 5446K, capacity 5616K, committed 5760K, reserved 1056768K
  class space    used 579K, capacity 630K, committed 640K, reserved 1048576K
}
{Heap before GC invocations=132 (full 0):
 PSYoungGen      total 164864K, used 158434K [0x00000007b5580000, 0x00000007c0000000, 0x00000007c0000000)
  eden space 155136K, 97% used [0x00000007b5580000,0x00000007be9c7b90,0x00000007bed00000)
  from space 9728K, 67% used [0x00000007bed00000,0x00000007bf370cd8,0x00000007bf680000)
  to   space 9216K, 0% used [0x00000007bf700000,0x00000007bf700000,0x00000007c0000000)
 ParOldGen       total 349696K, used 11940K [0x00000007a0000000, 0x00000007b5580000, 0x00000007b5580000)
  object space 349696K, 3% used [0x00000007a0000000,0x00000007a0ba9060,0x00000007b5580000)
 Metaspace       used 5446K, capacity 5616K, committed 5760K, reserved 1056768K
  class space    used 579K, capacity 630K, committed 640K, reserved 1048576K
2018-07-25T18:08:10.683-0800: 12.964: [GC (Allocation Failure) [PSYoungGen: 158434K->6565K(165376K)] 170374K->18505K(515072K), 0.0011024 secs] [Times: user=0.00 sys=0.00, real=0.00 secs] 
Heap after GC invocations=132 (full 0):
 PSYoungGen      total 165376K, used 6565K [0x00000007b5580000, 0x00000007c0000000, 0x00000007c0000000)
  eden space 156160K, 0% used [0x00000007b5580000,0x00000007b5580000,0x00000007bee00000)
  from space 9216K, 71% used [0x00000007bf700000,0x00000007bfd69640,0x00000007c0000000)
  to   space 9216K, 0% used [0x00000007bee00000,0x00000007bee00000,0x00000007bf700000)
 ParOldGen       total 349696K, used 11940K [0x00000007a0000000, 0x00000007b5580000, 0x00000007b5580000)
  object space 349696K, 3% used [0x00000007a0000000,0x00000007a0ba9060,0x00000007b5580000)
 Metaspace       used 5446K, capacity 5616K, committed 5760K, reserved 1056768K
  class space    used 579K, capacity 630K, committed 640K, reserved 1048576K
}
{Heap before GC invocations=133 (full 0):
 PSYoungGen      total 165376K, used 158490K [0x00000007b5580000, 0x00000007c0000000, 0x00000007c0000000)
  eden space 156160K, 97% used [0x00000007b5580000,0x00000007be9dd4b8,0x00000007bee00000)
  from space 9216K, 71% used [0x00000007bf700000,0x00000007bfd69640,0x00000007c0000000)
  to   space 9216K, 0% used [0x00000007bee00000,0x00000007bee00000,0x00000007bf700000)
 ParOldGen       total 349696K, used 11940K [0x00000007a0000000, 0x00000007b5580000, 0x00000007b5580000)
  object space 349696K, 3% used [0x00000007a0000000,0x00000007a0ba9060,0x00000007b5580000)
 Metaspace       used 5446K, capacity 5616K, committed 5760K, reserved 1056768K
  class space    used 579K, capacity 630K, committed 640K, reserved 1048576K
2018-07-25T18:08:10.766-0800: 13.046: [GC (Allocation Failure) [PSYoungGen: 158490K->6567K(165376K)] 170430K->18508K(515072K), 0.0011666 secs] [Times: user=0.01 sys=0.01, real=0.00 secs] 
Heap after GC invocations=133 (full 0):
 PSYoungGen      total 165376K, used 6567K [0x00000007b5580000, 0x00000007c0000000, 0x00000007c0000000)
  eden space 156160K, 0% used [0x00000007b5580000,0x00000007b5580000,0x00000007bee00000)
  from space 9216K, 71% used [0x00000007bee00000,0x00000007bf469fa8,0x00000007bf700000)
  to   space 9216K, 0% used [0x00000007bf700000,0x00000007bf700000,0x00000007c0000000)
 ParOldGen       total 349696K, used 11940K [0x00000007a0000000, 0x00000007b5580000, 0x00000007b5580000)
  object space 349696K, 3% used [0x00000007a0000000,0x00000007a0ba9060,0x00000007b5580000)
 Metaspace       used 5446K, capacity 5616K, committed 5760K, reserved 1056768K
  class space    used 579K, capacity 630K, committed 640K, reserved 1048576K
}
{Heap before GC invocations=134 (full 0):
 PSYoungGen      total 165376K, used 158543K [0x00000007b5580000, 0x00000007c0000000, 0x00000007c0000000)
  eden space 156160K, 97% used [0x00000007b5580000,0x00000007be9e9cb0,0x00000007bee00000)
  from space 9216K, 71% used [0x00000007bee00000,0x00000007bf469fa8,0x00000007bf700000)
  to   space 9216K, 0% used [0x00000007bf700000,0x00000007bf700000,0x00000007c0000000)
 ParOldGen       total 349696K, used 11940K [0x00000007a0000000, 0x00000007b5580000, 0x00000007b5580000)
  object space 349696K, 3% used [0x00000007a0000000,0x00000007a0ba9060,0x00000007b5580000)
 Metaspace       used 5446K, capacity 5616K, committed 5760K, reserved 1056768K
  class space    used 579K, capacity 630K, committed 640K, reserved 1048576K
2018-07-25T18:08:10.851-0800: 13.132: [GC (Allocation Failure) [PSYoungGen: 158543K->6602K(165376K)] 170483K->18542K(515072K), 0.0010205 secs] [Times: user=0.00 sys=0.00, real=0.00 secs] 
Heap after GC invocations=134 (full 0):
 PSYoungGen      total 165376K, used 6602K [0x00000007b5580000, 0x00000007c0000000, 0x00000007c0000000)
  eden space 156160K, 0% used [0x00000007b5580000,0x00000007b5580000,0x00000007bee00000)
  from space 9216K, 71% used [0x00000007bf700000,0x00000007bfd72910,0x00000007c0000000)
  to   space 9216K, 0% used [0x00000007bee00000,0x00000007bee00000,0x00000007bf700000)
 ParOldGen       total 349696K, used 11940K [0x00000007a0000000, 0x00000007b5580000, 0x00000007b5580000)
  object space 349696K, 3% used [0x00000007a0000000,0x00000007a0ba9060,0x00000007b5580000)
 Metaspace       used 5446K, capacity 5616K, committed 5760K, reserved 1056768K
  class space    used 579K, capacity 630K, committed 640K, reserved 1048576K
}
{Heap before GC invocations=135 (full 0):
 PSYoungGen      total 165376K, used 159893K [0x00000007b5580000, 0x00000007c0000000, 0x00000007c0000000)
  eden space 156160K, 98% used [0x00000007b5580000,0x00000007beb32db8,0x00000007bee00000)
  from space 9216K, 71% used [0x00000007bf700000,0x00000007bfd72910,0x00000007c0000000)
  to   space 9216K, 0% used [0x00000007bee00000,0x00000007bee00000,0x00000007bf700000)
 ParOldGen       total 349696K, used 11940K [0x00000007a0000000, 0x00000007b5580000, 0x00000007b5580000)
  object space 349696K, 3% used [0x00000007a0000000,0x00000007a0ba9060,0x00000007b5580000)
 Metaspace       used 5446K, capacity 5616K, committed 5760K, reserved 1056768K
  class space    used 579K, capacity 630K, committed 640K, reserved 1048576K
2018-07-25T18:08:10.934-0800: 13.214: [GC (Allocation Failure) [PSYoungGen: 159893K->6572K(165376K)] 171833K->18512K(515072K), 0.0010777 secs] [Times: user=0.00 sys=0.00, real=0.00 secs] 
Heap after GC invocations=135 (full 0):
 PSYoungGen      total 165376K, used 6572K [0x00000007b5580000, 0x00000007c0000000, 0x00000007c0000000)
  eden space 156160K, 0% used [0x00000007b5580000,0x00000007b5580000,0x00000007bee00000)
  from space 9216K, 71% used [0x00000007bee00000,0x00000007bf46b278,0x00000007bf700000)
  to   space 8704K, 0% used [0x00000007bf780000,0x00000007bf780000,0x00000007c0000000)
 ParOldGen       total 349696K, used 11940K [0x00000007a0000000, 0x00000007b5580000, 0x00000007b5580000)
  object space 349696K, 3% used [0x00000007a0000000,0x00000007a0ba9060,0x00000007b5580000)
 Metaspace       used 5446K, capacity 5616K, committed 5760K, reserved 1056768K
  class space    used 579K, capacity 630K, committed 640K, reserved 1048576K
}
{Heap before GC invocations=136 (full 0):
 PSYoungGen      total 165376K, used 159904K [0x00000007b5580000, 0x00000007c0000000, 0x00000007c0000000)
  eden space 156160K, 98% used [0x00000007b5580000,0x00000007beb3cda0,0x00000007bee00000)
  from space 9216K, 71% used [0x00000007bee00000,0x00000007bf46b278,0x00000007bf700000)
  to   space 8704K, 0% used [0x00000007bf780000,0x00000007bf780000,0x00000007c0000000)
 ParOldGen       total 349696K, used 11940K [0x00000007a0000000, 0x00000007b5580000, 0x00000007b5580000)
  object space 349696K, 3% used [0x00000007a0000000,0x00000007a0ba9060,0x00000007b5580000)
 Metaspace       used 5446K, capacity 5616K, committed 5760K, reserved 1056768K
  class space    used 579K, capacity 630K, committed 640K, reserved 1048576K
2018-07-25T18:08:11.020-0800: 13.300: [GC (Allocation Failure) [PSYoungGen: 159904K->6542K(165888K)] 171844K->18483K(515584K), 0.0011046 secs] [Times: user=0.00 sys=0.00, real=0.00 secs] 
Heap after GC invocations=136 (full 0):
 PSYoungGen      total 165888K, used 6542K [0x00000007b5580000, 0x00000007c0000000, 0x00000007c0000000)
  eden space 157184K, 0% used [0x00000007b5580000,0x00000007b5580000,0x00000007bef00000)
  from space 8704K, 75% used [0x00000007bf780000,0x00000007bfde3be0,0x00000007c0000000)
  to   space 8704K, 0% used [0x00000007bef00000,0x00000007bef00000,0x00000007bf780000)
 ParOldGen       total 349696K, used 11940K [0x00000007a0000000, 0x00000007b5580000, 0x00000007b5580000)
  object space 349696K, 3% used [0x00000007a0000000,0x00000007a0ba9060,0x00000007b5580000)
 Metaspace       used 5446K, capacity 5616K, committed 5760K, reserved 1056768K
  class space    used 579K, capacity 630K, committed 640K, reserved 1048576K
}
{Heap before GC invocations=137 (full 0):
 PSYoungGen      total 165888K, used 158680K [0x00000007b5580000, 0x00000007c0000000, 0x00000007c0000000)
  eden space 157184K, 96% used [0x00000007b5580000,0x00000007bea12598,0x00000007bef00000)
  from space 8704K, 75% used [0x00000007bf780000,0x00000007bfde3be0,0x00000007c0000000)
  to   space 8704K, 0% used [0x00000007bef00000,0x00000007bef00000,0x00000007bf780000)
 ParOldGen       total 349696K, used 11940K [0x00000007a0000000, 0x00000007b5580000, 0x00000007b5580000)
  object space 349696K, 3% used [0x00000007a0000000,0x00000007a0ba9060,0x00000007b5580000)
 Metaspace       used 5446K, capacity 5616K, committed 5760K, reserved 1056768K
  class space    used 579K, capacity 630K, committed 640K, reserved 1048576K
2018-07-25T18:08:11.106-0800: 13.386: [GC (Allocation Failure) [PSYoungGen: 158680K->6609K(165888K)] 170620K->18549K(515584K), 0.0010671 secs] [Times: user=0.00 sys=0.00, real=0.00 secs] 
Heap after GC invocations=137 (full 0):
 PSYoungGen      total 165888K, used 6609K [0x00000007b5580000, 0x00000007c0000000, 0x00000007c0000000)
  eden space 157184K, 0% used [0x00000007b5580000,0x00000007b5580000,0x00000007bef00000)
  from space 8704K, 75% used [0x00000007bef00000,0x00000007bf574548,0x00000007bf780000)
  to   space 8704K, 0% used [0x00000007bf780000,0x00000007bf780000,0x00000007c0000000)
 ParOldGen       total 349696K, used 11940K [0x00000007a0000000, 0x00000007b5580000, 0x00000007b5580000)
  object space 349696K, 3% used [0x00000007a0000000,0x00000007a0ba9060,0x00000007b5580000)
 Metaspace       used 5446K, capacity 5616K, committed 5760K, reserved 1056768K
  class space    used 579K, capacity 630K, committed 640K, reserved 1048576K
}
{Heap before GC invocations=138 (full 0):
 PSYoungGen      total 165888K, used 159036K [0x00000007b5580000, 0x00000007c0000000, 0x00000007c0000000)
  eden space 157184K, 96% used [0x00000007b5580000,0x00000007bea5acd8,0x00000007bef00000)
  from space 8704K, 75% used [0x00000007bef00000,0x00000007bf574548,0x00000007bf780000)
  to   space 8704K, 0% used [0x00000007bf780000,0x00000007bf780000,0x00000007c0000000)
 ParOldGen       total 349696K, used 11940K [0x00000007a0000000, 0x00000007b5580000, 0x00000007b5580000)
  object space 349696K, 3% used [0x00000007a0000000,0x00000007a0ba9060,0x00000007b5580000)
 Metaspace       used 5446K, capacity 5616K, committed 5760K, reserved 1056768K
  class space    used 579K, capacity 630K, committed 640K, reserved 1048576K
2018-07-25T18:08:11.188-0800: 13.469: [GC (Allocation Failure) [PSYoungGen: 159036K->6611K(165888K)] 170976K->18551K(515584K), 0.0011735 secs] [Times: user=0.01 sys=0.00, real=0.01 secs] 
Heap after GC invocations=138 (full 0):
 PSYoungGen      total 165888K, used 6611K [0x00000007b5580000, 0x00000007c0000000, 0x00000007c0000000)
  eden space 157184K, 0% used [0x00000007b5580000,0x00000007b5580000,0x00000007bef00000)
  from space 8704K, 75% used [0x00000007bf780000,0x00000007bfdf4eb0,0x00000007c0000000)
  to   space 8704K, 0% used [0x00000007bef00000,0x00000007bef00000,0x00000007bf780000)
 ParOldGen       total 349696K, used 11940K [0x00000007a0000000, 0x00000007b5580000, 0x00000007b5580000)
  object space 349696K, 3% used [0x00000007a0000000,0x00000007a0ba9060,0x00000007b5580000)
 Metaspace       used 5446K, capacity 5616K, committed 5760K, reserved 1056768K
  class space    used 579K, capacity 630K, committed 640K, reserved 1048576K
}
{Heap before GC invocations=139 (full 0):
 PSYoungGen      total 165888K, used 159098K [0x00000007b5580000, 0x00000007c0000000, 0x00000007c0000000)
  eden space 157184K, 97% used [0x00000007b5580000,0x00000007bea69d08,0x00000007bef00000)
  from space 8704K, 75% used [0x00000007bf780000,0x00000007bfdf4eb0,0x00000007c0000000)
  to   space 8704K, 0% used [0x00000007bef00000,0x00000007bef00000,0x00000007bf780000)
 ParOldGen       total 349696K, used 11940K [0x00000007a0000000, 0x00000007b5580000, 0x00000007b5580000)
  object space 349696K, 3% used [0x00000007a0000000,0x00000007a0ba9060,0x00000007b5580000)
 Metaspace       used 5446K, capacity 5616K, committed 5760K, reserved 1056768K
  class space    used 579K, capacity 630K, committed 640K, reserved 1048576K
2018-07-25T18:08:11.273-0800: 13.553: [GC (Allocation Failure) [PSYoungGen: 159098K->6646K(165888K)] 171039K->18586K(515584K), 0.0010283 secs] [Times: user=0.00 sys=0.00, real=0.00 secs] 
Heap after GC invocations=139 (full 0):
 PSYoungGen      total 165888K, used 6646K [0x00000007b5580000, 0x00000007c0000000, 0x00000007c0000000)
  eden space 157184K, 0% used [0x00000007b5580000,0x00000007b5580000,0x00000007bef00000)
  from space 8704K, 76% used [0x00000007bef00000,0x00000007bf57d818,0x00000007bf780000)
  to   space 8704K, 0% used [0x00000007bf780000,0x00000007bf780000,0x00000007c0000000)
 ParOldGen       total 349696K, used 11940K [0x00000007a0000000, 0x00000007b5580000, 0x00000007b5580000)
  object space 349696K, 3% used [0x00000007a0000000,0x00000007a0ba9060,0x00000007b5580000)
 Metaspace       used 5446K, capacity 5616K, committed 5760K, reserved 1056768K
  class space    used 579K, capacity 630K, committed 640K, reserved 1048576K
}
{Heap before GC invocations=140 (full 0):
 PSYoungGen      total 165888K, used 159180K [0x00000007b5580000, 0x00000007c0000000, 0x00000007c0000000)
  eden space 157184K, 97% used [0x00000007b5580000,0x00000007bea75b10,0x00000007bef00000)
  from space 8704K, 76% used [0x00000007bef00000,0x00000007bf57d818,0x00000007bf780000)
  to   space 8704K, 0% used [0x00000007bf780000,0x00000007bf780000,0x00000007c0000000)
 ParOldGen       total 349696K, used 11940K [0x00000007a0000000, 0x00000007b5580000, 0x00000007b5580000)
  object space 349696K, 3% used [0x00000007a0000000,0x00000007a0ba9060,0x00000007b5580000)
 Metaspace       used 5446K, capacity 5616K, committed 5760K, reserved 1056768K
  class space    used 579K, capacity 630K, committed 640K, reserved 1048576K
2018-07-25T18:08:11.359-0800: 13.640: [GC (Allocation Failure) [PSYoungGen: 159180K->6552K(166400K)] 171120K->18492K(516096K), 0.0009887 secs] [Times: user=0.00 sys=0.00, real=0.01 secs] 
Heap after GC invocations=140 (full 0):
 PSYoungGen      total 166400K, used 6552K [0x00000007b5580000, 0x00000007c0000000, 0x00000007c0000000)
  eden space 157696K, 0% used [0x00000007b5580000,0x00000007b5580000,0x00000007bef80000)
  from space 8704K, 75% used [0x00000007bf780000,0x00000007bfde6180,0x00000007c0000000)
  to   space 8192K, 0% used [0x00000007bef80000,0x00000007bef80000,0x00000007bf780000)
 ParOldGen       total 349696K, used 11940K [0x00000007a0000000, 0x00000007b5580000, 0x00000007b5580000)
  object space 349696K, 3% used [0x00000007a0000000,0x00000007a0ba9060,0x00000007b5580000)
 Metaspace       used 5446K, capacity 5616K, committed 5760K, reserved 1056768K
  class space    used 579K, capacity 630K, committed 640K, reserved 1048576K
}
{Heap before GC invocations=141 (full 0):
 PSYoungGen      total 166400K, used 159211K [0x00000007b5580000, 0x00000007c0000000, 0x00000007c0000000)
  eden space 157696K, 96% used [0x00000007b5580000,0x00000007bea94b08,0x00000007bef80000)
  from space 8704K, 75% used [0x00000007bf780000,0x00000007bfde6180,0x00000007c0000000)
  to   space 8192K, 0% used [0x00000007bef80000,0x00000007bef80000,0x00000007bf780000)
 ParOldGen       total 349696K, used 11940K [0x00000007a0000000, 0x00000007b5580000, 0x00000007b5580000)
  object space 349696K, 3% used [0x00000007a0000000,0x00000007a0ba9060,0x00000007b5580000)
 Metaspace       used 5446K, capacity 5616K, committed 5760K, reserved 1056768K
  class space    used 579K, capacity 630K, committed 640K, reserved 1048576K
2018-07-25T18:08:11.446-0800: 13.726: [GC (Allocation Failure) [PSYoungGen: 159211K->6554K(165888K)] 171151K->18494K(515584K), 0.0010157 secs] [Times: user=0.00 sys=0.00, real=0.00 secs] 
Heap after GC invocations=141 (full 0):
 PSYoungGen      total 165888K, used 6554K [0x00000007b5580000, 0x00000007c0000000, 0x00000007c0000000)
  eden space 157696K, 0% used [0x00000007b5580000,0x00000007b5580000,0x00000007bef80000)
  from space 8192K, 80% used [0x00000007bef80000,0x00000007bf5e6ae8,0x00000007bf780000)
  to   space 8192K, 0% used [0x00000007bf800000,0x00000007bf800000,0x00000007c0000000)
 ParOldGen       total 349696K, used 11940K [0x00000007a0000000, 0x00000007b5580000, 0x00000007b5580000)
  object space 349696K, 3% used [0x00000007a0000000,0x00000007a0ba9060,0x00000007b5580000)
 Metaspace       used 5446K, capacity 5616K, committed 5760K, reserved 1056768K
  class space    used 579K, capacity 630K, committed 640K, reserved 1048576K
}
{Heap before GC invocations=142 (full 0):
 PSYoungGen      total 165888K, used 159260K [0x00000007b5580000, 0x00000007c0000000, 0x00000007c0000000)
  eden space 157696K, 96% used [0x00000007b5580000,0x00000007beaa06e0,0x00000007bef80000)
  from space 8192K, 80% used [0x00000007bef80000,0x00000007bf5e6ae8,0x00000007bf780000)
  to   space 8192K, 0% used [0x00000007bf800000,0x00000007bf800000,0x00000007c0000000)
 ParOldGen       total 349696K, used 11940K [0x00000007a0000000, 0x00000007b5580000, 0x00000007b5580000)
  object space 349696K, 3% used [0x00000007a0000000,0x00000007a0ba9060,0x00000007b5580000)
 Metaspace       used 5446K, capacity 5616K, committed 5760K, reserved 1056768K
  class space    used 579K, capacity 630K, committed 640K, reserved 1048576K
2018-07-25T18:08:11.534-0800: 13.815: [GC (Allocation Failure) [PSYoungGen: 159260K->6621K(166400K)] 171200K->18561K(516096K), 0.0012264 secs] [Times: user=0.00 sys=0.00, real=0.00 secs] 
Heap after GC invocations=142 (full 0):
 PSYoungGen      total 166400K, used 6621K [0x00000007b5580000, 0x00000007c0000000, 0x00000007c0000000)
  eden space 158208K, 0% used [0x00000007b5580000,0x00000007b5580000,0x00000007bf000000)
  from space 8192K, 80% used [0x00000007bf800000,0x00000007bfe77450,0x00000007c0000000)
  to   space 8192K, 0% used [0x00000007bf000000,0x00000007bf000000,0x00000007bf800000)
 ParOldGen       total 349696K, used 11940K [0x00000007a0000000, 0x00000007b5580000, 0x00000007b5580000)
  object space 349696K, 3% used [0x00000007a0000000,0x00000007a0ba9060,0x00000007b5580000)
 Metaspace       used 5446K, capacity 5616K, committed 5760K, reserved 1056768K
  class space    used 579K, capacity 630K, committed 640K, reserved 1048576K
}
{Heap before GC invocations=143 (full 0):
 PSYoungGen      total 166400K, used 164606K [0x00000007b5580000, 0x00000007c0000000, 0x00000007c0000000)
  eden space 158208K, 99% used [0x00000007b5580000,0x00000007befc86b0,0x00000007bf000000)
  from space 8192K, 80% used [0x00000007bf800000,0x00000007bfe77450,0x00000007c0000000)
  to   space 8192K, 0% used [0x00000007bf000000,0x00000007bf000000,0x00000007bf800000)
 ParOldGen       total 349696K, used 11940K [0x00000007a0000000, 0x00000007b5580000, 0x00000007b5580000)
  object space 349696K, 3% used [0x00000007a0000000,0x00000007a0ba9060,0x00000007b5580000)
 Metaspace       used 5446K, capacity 5616K, committed 5760K, reserved 1056768K
  class space    used 579K, capacity 630K, committed 640K, reserved 1048576K
2018-07-25T18:08:11.620-0800: 13.901: [GC (Allocation Failure) [PSYoungGen: 164606K->6623K(166400K)] 176546K->18563K(516096K), 0.0015257 secs] [Times: user=0.00 sys=0.00, real=0.00 secs] 
Heap after GC invocations=143 (full 0):
 PSYoungGen      total 166400K, used 6623K [0x00000007b5580000, 0x00000007c0000000, 0x00000007c0000000)
  eden space 158208K, 0% used [0x00000007b5580000,0x00000007b5580000,0x00000007bf000000)
  from space 8192K, 80% used [0x00000007bf000000,0x00000007bf677da0,0x00000007bf800000)
  to   space 8192K, 0% used [0x00000007bf800000,0x00000007bf800000,0x00000007c0000000)
 ParOldGen       total 349696K, used 11940K [0x00000007a0000000, 0x00000007b5580000, 0x00000007b5580000)
  object space 349696K, 3% used [0x00000007a0000000,0x00000007a0ba9060,0x00000007b5580000)
 Metaspace       used 5446K, capacity 5616K, committed 5760K, reserved 1056768K
  class space    used 579K, capacity 630K, committed 640K, reserved 1048576K
}
{Heap before GC invocations=144 (full 0):
 PSYoungGen      total 166400K, used 161809K [0x00000007b5580000, 0x00000007c0000000, 0x00000007c0000000)
  eden space 158208K, 98% used [0x00000007b5580000,0x00000007bed0c820,0x00000007bf000000)
  from space 8192K, 80% used [0x00000007bf000000,0x00000007bf677da0,0x00000007bf800000)
  to   space 8192K, 0% used [0x00000007bf800000,0x00000007bf800000,0x00000007c0000000)
 ParOldGen       total 349696K, used 11940K [0x00000007a0000000, 0x00000007b5580000, 0x00000007b5580000)
  object space 349696K, 3% used [0x00000007a0000000,0x00000007a0ba9060,0x00000007b5580000)
 Metaspace       used 5446K, capacity 5616K, committed 5760K, reserved 1056768K
  class space    used 579K, capacity 630K, committed 640K, reserved 1048576K
2018-07-25T18:08:11.705-0800: 13.985: [GC (Allocation Failure) [PSYoungGen: 161809K->3989K(166400K)] 173749K->15929K(516096K), 0.0011077 secs] [Times: user=0.00 sys=0.00, real=0.00 secs] 
Heap after GC invocations=144 (full 0):
 PSYoungGen      total 166400K, used 3989K [0x00000007b5580000, 0x00000007c0000000, 0x00000007c0000000)
  eden space 158208K, 0% used [0x00000007b5580000,0x00000007b5580000,0x00000007bf000000)
  from space 8192K, 48% used [0x00000007bf800000,0x00000007bfbe5678,0x00000007c0000000)
  to   space 8192K, 0% used [0x00000007bf000000,0x00000007bf000000,0x00000007bf800000)
 ParOldGen       total 349696K, used 11940K [0x00000007a0000000, 0x00000007b5580000, 0x00000007b5580000)
  object space 349696K, 3% used [0x00000007a0000000,0x00000007a0ba9060,0x00000007b5580000)
 Metaspace       used 5446K, capacity 5616K, committed 5760K, reserved 1056768K
  class space    used 579K, capacity 630K, committed 640K, reserved 1048576K
}
{Heap before GC invocations=145 (full 0):
 PSYoungGen      total 166400K, used 161772K [0x00000007b5580000, 0x00000007c0000000, 0x00000007c0000000)
  eden space 158208K, 99% used [0x00000007b5580000,0x00000007bef95b28,0x00000007bf000000)
  from space 8192K, 48% used [0x00000007bf800000,0x00000007bfbe5678,0x00000007c0000000)
  to   space 8192K, 0% used [0x00000007bf000000,0x00000007bf000000,0x00000007bf800000)
 ParOldGen       total 349696K, used 11940K [0x00000007a0000000, 0x00000007b5580000, 0x00000007b5580000)
  object space 349696K, 3% used [0x00000007a0000000,0x00000007a0ba9060,0x00000007b5580000)
 Metaspace       used 5446K, capacity 5616K, committed 5760K, reserved 1056768K
  class space    used 579K, capacity 630K, committed 640K, reserved 1048576K
2018-07-25T18:08:11.790-0800: 14.071: [GC (Allocation Failure) [PSYoungGen: 161772K->7898K(166400K)] 173712K->19838K(516096K), 0.0016709 secs] [Times: user=0.00 sys=0.00, real=0.00 secs] 
Heap after GC invocations=145 (full 0):
 PSYoungGen      total 166400K, used 7898K [0x00000007b5580000, 0x00000007c0000000, 0x00000007c0000000)
  eden space 158208K, 0% used [0x00000007b5580000,0x00000007b5580000,0x00000007bf000000)
  from space 8192K, 96% used [0x00000007bf000000,0x00000007bf7b6968,0x00000007bf800000)
  to   space 8192K, 0% used [0x00000007bf800000,0x00000007bf800000,0x00000007c0000000)
 ParOldGen       total 349696K, used 11940K [0x00000007a0000000, 0x00000007b5580000, 0x00000007b5580000)
  object space 349696K, 3% used [0x00000007a0000000,0x00000007a0ba9060,0x00000007b5580000)
 Metaspace       used 5446K, capacity 5616K, committed 5760K, reserved 1056768K
  class space    used 579K, capacity 630K, committed 640K, reserved 1048576K
}
{Heap before GC invocations=146 (full 0):
 PSYoungGen      total 166400K, used 165728K [0x00000007b5580000, 0x00000007c0000000, 0x00000007c0000000)
  eden space 158208K, 99% used [0x00000007b5580000,0x00000007befa18d0,0x00000007bf000000)
  from space 8192K, 96% used [0x00000007bf000000,0x00000007bf7b6968,0x00000007bf800000)
  to   space 8192K, 0% used [0x00000007bf800000,0x00000007bf800000,0x00000007c0000000)
 ParOldGen       total 349696K, used 11940K [0x00000007a0000000, 0x00000007b5580000, 0x00000007b5580000)
  object space 349696K, 3% used [0x00000007a0000000,0x00000007a0ba9060,0x00000007b5580000)
 Metaspace       used 5446K, capacity 5616K, committed 5760K, reserved 1056768K
  class space    used 579K, capacity 630K, committed 640K, reserved 1048576K
2018-07-25T18:08:11.885-0800: 14.165: [GC (Allocation Failure) [PSYoungGen: 165728K->2724K(164352K)] 177668K->14664K(514048K), 0.0008200 secs] [Times: user=0.00 sys=0.00, real=0.00 secs] 
Heap after GC invocations=146 (full 0):
 PSYoungGen      total 164352K, used 2724K [0x00000007b5580000, 0x00000007c0000000, 0x00000007c0000000)
  eden space 156160K, 0% used [0x00000007b5580000,0x00000007b5580000,0x00000007bee00000)
  from space 8192K, 33% used [0x00000007bf800000,0x00000007bfaa9208,0x00000007c0000000)
  to   space 9216K, 0% used [0x00000007bee00000,0x00000007bee00000,0x00000007bf700000)
 ParOldGen       total 349696K, used 11940K [0x00000007a0000000, 0x00000007b5580000, 0x00000007b5580000)
  object space 349696K, 3% used [0x00000007a0000000,0x00000007a0ba9060,0x00000007b5580000)
 Metaspace       used 5446K, capacity 5616K, committed 5760K, reserved 1056768K
  class space    used 579K, capacity 630K, committed 640K, reserved 1048576K
}
{Heap before GC invocations=147 (full 0):
 PSYoungGen      total 164352K, used 158223K [0x00000007b5580000, 0x00000007c0000000, 0x00000007c0000000)
  eden space 156160K, 99% used [0x00000007b5580000,0x00000007bed5ad28,0x00000007bee00000)
  from space 8192K, 33% used [0x00000007bf800000,0x00000007bfaa9208,0x00000007c0000000)
  to   space 9216K, 0% used [0x00000007bee00000,0x00000007bee00000,0x00000007bf700000)
 ParOldGen       total 349696K, used 11940K [0x00000007a0000000, 0x00000007b5580000, 0x00000007b5580000)
  object space 349696K, 3% used [0x00000007a0000000,0x00000007a0ba9060,0x00000007b5580000)
 Metaspace       used 5446K, capacity 5616K, committed 5760K, reserved 1056768K
  class space    used 579K, capacity 630K, committed 640K, reserved 1048576K
2018-07-25T18:08:11.970-0800: 14.250: [GC (Allocation Failure) [PSYoungGen: 158223K->3996K(165376K)] 170163K->15937K(515072K), 0.0010035 secs] [Times: user=0.01 sys=0.00, real=0.00 secs] 
Heap after GC invocations=147 (full 0):
 PSYoungGen      total 165376K, used 3996K [0x00000007b5580000, 0x00000007c0000000, 0x00000007c0000000)
  eden space 156160K, 0% used [0x00000007b5580000,0x00000007b5580000,0x00000007bee00000)
  from space 9216K, 43% used [0x00000007bee00000,0x00000007bf1e73c8,0x00000007bf700000)
  to   space 9216K, 0% used [0x00000007bf700000,0x00000007bf700000,0x00000007c0000000)
 ParOldGen       total 349696K, used 11940K [0x00000007a0000000, 0x00000007b5580000, 0x00000007b5580000)
  object space 349696K, 3% used [0x00000007a0000000,0x00000007a0ba9060,0x00000007b5580000)
 Metaspace       used 5446K, capacity 5616K, committed 5760K, reserved 1056768K
  class space    used 579K, capacity 630K, committed 640K, reserved 1048576K
}
{Heap before GC invocations=148 (full 0):
 PSYoungGen      total 165376K, used 159551K [0x00000007b5580000, 0x00000007c0000000, 0x00000007c0000000)
  eden space 156160K, 99% used [0x00000007b5580000,0x00000007bed68900,0x00000007bee00000)
  from space 9216K, 43% used [0x00000007bee00000,0x00000007bf1e73c8,0x00000007bf700000)
  to   space 9216K, 0% used [0x00000007bf700000,0x00000007bf700000,0x00000007c0000000)
 ParOldGen       total 349696K, used 11940K [0x00000007a0000000, 0x00000007b5580000, 0x00000007b5580000)
  object space 349696K, 3% used [0x00000007a0000000,0x00000007a0ba9060,0x00000007b5580000)
 Metaspace       used 5446K, capacity 5616K, committed 5760K, reserved 1056768K
  class space    used 579K, capacity 630K, committed 640K, reserved 1048576K
2018-07-25T18:08:12.055-0800: 14.336: [GC (Allocation Failure) [PSYoungGen: 159551K->6603K(165376K)] 171491K->18543K(515072K), 0.0014599 secs] [Times: user=0.01 sys=0.00, real=0.00 secs] 
Heap after GC invocations=148 (full 0):
 PSYoungGen      total 165376K, used 6603K [0x00000007b5580000, 0x00000007c0000000, 0x00000007c0000000)
  eden space 156160K, 0% used [0x00000007b5580000,0x00000007b5580000,0x00000007bee00000)
  from space 9216K, 71% used [0x00000007bf700000,0x00000007bfd72e18,0x00000007c0000000)
  to   space 9216K, 0% used [0x00000007bee00000,0x00000007bee00000,0x00000007bf700000)
 ParOldGen       total 349696K, used 11940K [0x00000007a0000000, 0x00000007b5580000, 0x00000007b5580000)
  object space 349696K, 3% used [0x00000007a0000000,0x00000007a0ba9060,0x00000007b5580000)
 Metaspace       used 5446K, capacity 5616K, committed 5760K, reserved 1056768K
  class space    used 579K, capacity 630K, committed 640K, reserved 1048576K
}
{Heap before GC invocations=149 (full 0):
 PSYoungGen      total 165376K, used 159607K [0x00000007b5580000, 0x00000007c0000000, 0x00000007c0000000)
  eden space 156160K, 97% used [0x00000007b5580000,0x00000007beaeb090,0x00000007bee00000)
  from space 9216K, 71% used [0x00000007bf700000,0x00000007bfd72e18,0x00000007c0000000)
  to   space 9216K, 0% used [0x00000007bee00000,0x00000007bee00000,0x00000007bf700000)
 ParOldGen       total 349696K, used 11940K [0x00000007a0000000, 0x00000007b5580000, 0x00000007b5580000)
  object space 349696K, 3% used [0x00000007a0000000,0x00000007a0ba9060,0x00000007b5580000)
 Metaspace       used 5446K, capacity 5616K, committed 5760K, reserved 1056768K
  class space    used 579K, capacity 630K, committed 640K, reserved 1048576K
2018-07-25T18:08:12.145-0800: 14.426: [GC (Allocation Failure) [PSYoungGen: 159607K->6605K(165376K)] 171547K->18545K(515072K), 0.0010726 secs] [Times: user=0.00 sys=0.00, real=0.00 secs] 
Heap after GC invocations=149 (full 0):
 PSYoungGen      total 165376K, used 6605K [0x00000007b5580000, 0x00000007c0000000, 0x00000007c0000000)
  eden space 156160K, 0% used [0x00000007b5580000,0x00000007b5580000,0x00000007bee00000)
  from space 9216K, 71% used [0x00000007bee00000,0x00000007bf473780,0x00000007bf700000)
  to   space 9216K, 0% used [0x00000007bf700000,0x00000007bf700000,0x00000007c0000000)
 ParOldGen       total 349696K, used 11940K [0x00000007a0000000, 0x00000007b5580000, 0x00000007b5580000)
  object space 349696K, 3% used [0x00000007a0000000,0x00000007a0ba9060,0x00000007b5580000)
 Metaspace       used 5446K, capacity 5616K, committed 5760K, reserved 1056768K
  class space    used 579K, capacity 630K, committed 640K, reserved 1048576K
}
{Heap before GC invocations=150 (full 0):
 PSYoungGen      total 165376K, used 159662K [0x00000007b5580000, 0x00000007c0000000, 0x00000007c0000000)
  eden space 156160K, 98% used [0x00000007b5580000,0x00000007beaf82d8,0x00000007bee00000)
  from space 9216K, 71% used [0x00000007bee00000,0x00000007bf473780,0x00000007bf700000)
  to   space 9216K, 0% used [0x00000007bf700000,0x00000007bf700000,0x00000007c0000000)
 ParOldGen       total 349696K, used 11940K [0x00000007a0000000, 0x00000007b5580000, 0x00000007b5580000)
  object space 349696K, 3% used [0x00000007a0000000,0x00000007a0ba9060,0x00000007b5580000)
 Metaspace       used 5446K, capacity 5616K, committed 5760K, reserved 1056768K
  class space    used 579K, capacity 630K, committed 640K, reserved 1048576K
2018-07-25T18:08:12.234-0800: 14.514: [GC (Allocation Failure) [PSYoungGen: 159662K->6608K(165376K)] 171602K->18548K(515072K), 0.0010203 secs] [Times: user=0.00 sys=0.00, real=0.00 secs] 
Heap after GC invocations=150 (full 0):
 PSYoungGen      total 165376K, used 6608K [0x00000007b5580000, 0x00000007c0000000, 0x00000007c0000000)
  eden space 156160K, 0% used [0x00000007b5580000,0x00000007b5580000,0x00000007bee00000)
  from space 9216K, 71% used [0x00000007bf700000,0x00000007bfd740e8,0x00000007c0000000)
  to   space 9216K, 0% used [0x00000007bee00000,0x00000007bee00000,0x00000007bf700000)
 ParOldGen       total 349696K, used 11940K [0x00000007a0000000, 0x00000007b5580000, 0x00000007b5580000)
  object space 349696K, 3% used [0x00000007a0000000,0x00000007a0ba9060,0x00000007b5580000)
 Metaspace       used 5446K, capacity 5616K, committed 5760K, reserved 1056768K
  class space    used 579K, capacity 630K, committed 640K, reserved 1048576K
}
{Heap before GC invocations=151 (full 0):
 PSYoungGen      total 165376K, used 159716K [0x00000007b5580000, 0x00000007c0000000, 0x00000007c0000000)
  eden space 156160K, 98% used [0x00000007b5580000,0x00000007beb05160,0x00000007bee00000)
  from space 9216K, 71% used [0x00000007bf700000,0x00000007bfd740e8,0x00000007c0000000)
  to   space 9216K, 0% used [0x00000007bee00000,0x00000007bee00000,0x00000007bf700000)
 ParOldGen       total 349696K, used 11940K [0x00000007a0000000, 0x00000007b5580000, 0x00000007b5580000)
  object space 349696K, 3% used [0x00000007a0000000,0x00000007a0ba9060,0x00000007b5580000)
 Metaspace       used 5446K, capacity 5616K, committed 5760K, reserved 1056768K
  class space    used 579K, capacity 630K, committed 640K, reserved 1048576K
2018-07-25T18:08:12.318-0800: 14.598: [GC (Allocation Failure) [PSYoungGen: 159716K->6642K(165376K)] 171656K->18582K(515072K), 0.0010629 secs] [Times: user=0.00 sys=0.00, real=0.00 secs] 
Heap after GC invocations=151 (full 0):
 PSYoungGen      total 165376K, used 6642K [0x00000007b5580000, 0x00000007c0000000, 0x00000007c0000000)
  eden space 156160K, 0% used [0x00000007b5580000,0x00000007b5580000,0x00000007bee00000)
  from space 9216K, 72% used [0x00000007bee00000,0x00000007bf47ca50,0x00000007bf700000)
  to   space 9216K, 0% used [0x00000007bf700000,0x00000007bf700000,0x00000007c0000000)
 ParOldGen       total 349696K, used 11940K [0x00000007a0000000, 0x00000007b5580000, 0x00000007b5580000)
  object space 349696K, 3% used [0x00000007a0000000,0x00000007a0ba9060,0x00000007b5580000)
 Metaspace       used 5446K, capacity 5616K, committed 5760K, reserved 1056768K
  class space    used 579K, capacity 630K, committed 640K, reserved 1048576K
}
{Heap before GC invocations=152 (full 0):
 PSYoungGen      total 165376K, used 159801K [0x00000007b5580000, 0x00000007c0000000, 0x00000007c0000000)
  eden space 156160K, 98% used [0x00000007b5580000,0x00000007beb11d98,0x00000007bee00000)
  from space 9216K, 72% used [0x00000007bee00000,0x00000007bf47ca50,0x00000007bf700000)
  to   space 9216K, 0% used [0x00000007bf700000,0x00000007bf700000,0x00000007c0000000)
 ParOldGen       total 349696K, used 11940K [0x00000007a0000000, 0x00000007b5580000, 0x00000007b5580000)
  object space 349696K, 3% used [0x00000007a0000000,0x00000007a0ba9060,0x00000007b5580000)
 Metaspace       used 5446K, capacity 5616K, committed 5760K, reserved 1056768K
  class space    used 579K, capacity 630K, committed 640K, reserved 1048576K
2018-07-25T18:08:12.403-0800: 14.683: [GC (Allocation Failure) [PSYoungGen: 159801K->6644K(165376K)] 171742K->18585K(515072K), 0.0010847 secs] [Times: user=0.01 sys=0.00, real=0.00 secs] 
Heap after GC invocations=152 (full 0):
 PSYoungGen      total 165376K, used 6644K [0x00000007b5580000, 0x00000007c0000000, 0x00000007c0000000)
  eden space 156160K, 0% used [0x00000007b5580000,0x00000007b5580000,0x00000007bee00000)
  from space 9216K, 72% used [0x00000007bf700000,0x00000007bfd7d3b8,0x00000007c0000000)
  to   space 9216K, 0% used [0x00000007bee00000,0x00000007bee00000,0x00000007bf700000)
 ParOldGen       total 349696K, used 11940K [0x00000007a0000000, 0x00000007b5580000, 0x00000007b5580000)
  object space 349696K, 3% used [0x00000007a0000000,0x00000007a0ba9060,0x00000007b5580000)
 Metaspace       used 5446K, capacity 5616K, committed 5760K, reserved 1056768K
  class space    used 579K, capacity 630K, committed 640K, reserved 1048576K
}
{Heap before GC invocations=153 (full 0):
 PSYoungGen      total 165376K, used 160996K [0x00000007b5580000, 0x00000007c0000000, 0x00000007c0000000)
  eden space 156160K, 98% used [0x00000007b5580000,0x00000007bec3bc50,0x00000007bee00000)
  from space 9216K, 72% used [0x00000007bf700000,0x00000007bfd7d3b8,0x00000007c0000000)
  to   space 9216K, 0% used [0x00000007bee00000,0x00000007bee00000,0x00000007bf700000)
 ParOldGen       total 349696K, used 11940K [0x00000007a0000000, 0x00000007b5580000, 0x00000007b5580000)
  object space 349696K, 3% used [0x00000007a0000000,0x00000007a0ba9060,0x00000007b5580000)
 Metaspace       used 5446K, capacity 5616K, committed 5760K, reserved 1056768K
  class space    used 579K, capacity 630K, committed 640K, reserved 1048576K
2018-07-25T18:08:12.488-0800: 14.768: [GC (Allocation Failure) [PSYoungGen: 160996K->6615K(165376K)] 172936K->18555K(515072K), 0.0010108 secs] [Times: user=0.01 sys=0.00, real=0.00 secs] 
Heap after GC invocations=153 (full 0):
 PSYoungGen      total 165376K, used 6615K [0x00000007b5580000, 0x00000007c0000000, 0x00000007c0000000)
  eden space 156160K, 0% used [0x00000007b5580000,0x00000007b5580000,0x00000007bee00000)
  from space 9216K, 71% used [0x00000007bee00000,0x00000007bf475d20,0x00000007bf700000)
  to   space 8704K, 0% used [0x00000007bf780000,0x00000007bf780000,0x00000007c0000000)
 ParOldGen       total 349696K, used 11940K [0x00000007a0000000, 0x00000007b5580000, 0x00000007b5580000)
  object space 349696K, 3% used [0x00000007a0000000,0x00000007a0ba9060,0x00000007b5580000)
 Metaspace       used 5446K, capacity 5616K, committed 5760K, reserved 1056768K
  class space    used 579K, capacity 630K, committed 640K, reserved 1048576K
}
{Heap before GC invocations=154 (full 0):
 PSYoungGen      total 165376K, used 157510K [0x00000007b5580000, 0x00000007c0000000, 0x00000007c0000000)
  eden space 156160K, 96% used [0x00000007b5580000,0x00000007be8dbb50,0x00000007bee00000)
  from space 9216K, 71% used [0x00000007bee00000,0x00000007bf475d20,0x00000007bf700000)
  to   space 8704K, 0% used [0x00000007bf780000,0x00000007bf780000,0x00000007c0000000)
 ParOldGen       total 349696K, used 11940K [0x00000007a0000000, 0x00000007b5580000, 0x00000007b5580000)
  object space 349696K, 3% used [0x00000007a0000000,0x00000007a0ba9060,0x00000007b5580000)
 Metaspace       used 5446K, capacity 5616K, committed 5760K, reserved 1056768K
  class space    used 579K, capacity 630K, committed 640K, reserved 1048576K
2018-07-25T18:08:12.571-0800: 14.852: [GC (Allocation Failure) [PSYoungGen: 157510K->96K(163840K)] 169450K->47843K(513536K), 0.0198180 secs] [Times: user=0.13 sys=0.01, real=0.02 secs] 
Heap after GC invocations=154 (full 0):
 PSYoungGen      total 163840K, used 96K [0x00000007b5580000, 0x00000007c0000000, 0x00000007c0000000)
  eden space 155136K, 0% used [0x00000007b5580000,0x00000007b5580000,0x00000007bed00000)
  from space 8704K, 1% used [0x00000007bf780000,0x00000007bf798000,0x00000007c0000000)
  to   space 9728K, 0% used [0x00000007bed00000,0x00000007bed00000,0x00000007bf680000)
 ParOldGen       total 349696K, used 47747K [0x00000007a0000000, 0x00000007b5580000, 0x00000007b5580000)
  object space 349696K, 13% used [0x00000007a0000000,0x00000007a2ea0dc0,0x00000007b5580000)
 Metaspace       used 5446K, capacity 5616K, committed 5760K, reserved 1056768K
  class space    used 579K, capacity 630K, committed 640K, reserved 1048576K
}
{Heap before GC invocations=155 (full 0):
 PSYoungGen      total 163840K, used 146417K [0x00000007b5580000, 0x00000007c0000000, 0x00000007c0000000)
  eden space 155136K, 94% used [0x00000007b5580000,0x00000007be464698,0x00000007bed00000)
  from space 8704K, 1% used [0x00000007bf780000,0x00000007bf798000,0x00000007c0000000)
  to   space 9728K, 0% used [0x00000007bed00000,0x00000007bed00000,0x00000007bf680000)
 ParOldGen       total 349696K, used 47747K [0x00000007a0000000, 0x00000007b5580000, 0x00000007b5580000)
  object space 349696K, 13% used [0x00000007a0000000,0x00000007a2ea0dc0,0x00000007b5580000)
 Metaspace       used 5446K, capacity 5616K, committed 5760K, reserved 1056768K
  class space    used 579K, capacity 630K, committed 640K, reserved 1048576K
2018-07-25T18:08:12.616-0800: 14.896: [GC (Allocation Failure) [PSYoungGen: 146417K->0K(155648K)] 194165K->112883K(505344K), 0.0443015 secs] [Times: user=0.32 sys=0.03, real=0.05 secs] 
Heap after GC invocations=155 (full 0):
 PSYoungGen      total 155648K, used 0K [0x00000007b5580000, 0x00000007c0000000, 0x00000007c0000000)
  eden space 155136K, 0% used [0x00000007b5580000,0x00000007b5580000,0x00000007bed00000)
  from space 512K, 0% used [0x00000007bed00000,0x00000007bed00000,0x00000007bed80000)
  to   space 10240K, 0% used [0x00000007bf600000,0x00000007bf600000,0x00000007c0000000)
 ParOldGen       total 349696K, used 112883K [0x00000007a0000000, 0x00000007b5580000, 0x00000007b5580000)
  object space 349696K, 32% used [0x00000007a0000000,0x00000007a6e3cf50,0x00000007b5580000)
 Metaspace       used 5446K, capacity 5616K, committed 5760K, reserved 1056768K
  class space    used 579K, capacity 630K, committed 640K, reserved 1048576K
}
{Heap before GC invocations=156 (full 0):
 PSYoungGen      total 155648K, used 142686K [0x00000007b5580000, 0x00000007c0000000, 0x00000007c0000000)
  eden space 155136K, 91% used [0x00000007b5580000,0x00000007be0d7898,0x00000007bed00000)
  from space 512K, 0% used [0x00000007bed00000,0x00000007bed00000,0x00000007bed80000)
  to   space 10240K, 0% used [0x00000007bf600000,0x00000007bf600000,0x00000007c0000000)
 ParOldGen       total 349696K, used 112883K [0x00000007a0000000, 0x00000007b5580000, 0x00000007b5580000)
  object space 349696K, 32% used [0x00000007a0000000,0x00000007a6e3cf50,0x00000007b5580000)
 Metaspace       used 5446K, capacity 5616K, committed 5760K, reserved 1056768K
  class space    used 579K, capacity 630K, committed 640K, reserved 1048576K
2018-07-25T18:08:12.764-0800: 15.044: [GC (Allocation Failure) [PSYoungGen: 142686K->9861K(161280K)] 255569K->174828K(510976K), 0.0348928 secs] [Times: user=0.26 sys=0.01, real=0.03 secs] 
Heap after GC invocations=156 (full 0):
 PSYoungGen      total 161280K, used 9861K [0x00000007b5580000, 0x00000007c0000000, 0x00000007c0000000)
  eden space 151040K, 0% used [0x00000007b5580000,0x00000007b5580000,0x00000007be900000)
  from space 10240K, 96% used [0x00000007bf600000,0x00000007bffa1698,0x00000007c0000000)
  to   space 11776K, 0% used [0x00000007be900000,0x00000007be900000,0x00000007bf480000)
 ParOldGen       total 349696K, used 164967K [0x00000007a0000000, 0x00000007b5580000, 0x00000007b5580000)
  object space 349696K, 47% used [0x00000007a0000000,0x00000007aa119ce8,0x00000007b5580000)
 Metaspace       used 5446K, capacity 5616K, committed 5760K, reserved 1056768K
  class space    used 579K, capacity 630K, committed 640K, reserved 1048576K
}
{Heap before GC invocations=157 (full 0):
 PSYoungGen      total 161280K, used 139588K [0x00000007b5580000, 0x00000007c0000000, 0x00000007c0000000)
  eden space 151040K, 85% used [0x00000007b5580000,0x00000007bd42fa50,0x00000007be900000)
  from space 10240K, 96% used [0x00000007bf600000,0x00000007bffa1698,0x00000007c0000000)
  to   space 11776K, 0% used [0x00000007be900000,0x00000007be900000,0x00000007bf480000)
 ParOldGen       total 349696K, used 164967K [0x00000007a0000000, 0x00000007b5580000, 0x00000007b5580000)
  object space 349696K, 47% used [0x00000007a0000000,0x00000007aa119ce8,0x00000007b5580000)
 Metaspace       used 5446K, capacity 5616K, committed 5760K, reserved 1056768K
  class space    used 579K, capacity 630K, committed 640K, reserved 1048576K
2018-07-25T18:08:12.907-0800: 15.188: [GC (Allocation Failure) [PSYoungGen: 139588K->9861K(161280K)] 304555K->200870K(510976K), 0.0166260 secs] [Times: user=0.12 sys=0.01, real=0.02 secs] 
Heap after GC invocations=157 (full 0):
 PSYoungGen      total 161280K, used 9861K [0x00000007b5580000, 0x00000007c0000000, 0x00000007c0000000)
  eden space 151040K, 0% used [0x00000007b5580000,0x00000007b5580000,0x00000007be900000)
  from space 10240K, 96% used [0x00000007be900000,0x00000007bf2a1698,0x00000007bf300000)
  to   space 12800K, 0% used [0x00000007bf380000,0x00000007bf380000,0x00000007c0000000)
 ParOldGen       total 349696K, used 191008K [0x00000007a0000000, 0x00000007b5580000, 0x00000007b5580000)
  object space 349696K, 54% used [0x00000007a0000000,0x00000007aba883b0,0x00000007b5580000)
 Metaspace       used 5446K, capacity 5616K, committed 5760K, reserved 1056768K
  class space    used 579K, capacity 630K, committed 640K, reserved 1048576K
}
{Heap before GC invocations=158 (full 0):
 PSYoungGen      total 161280K, used 155610K [0x00000007b5580000, 0x00000007c0000000, 0x00000007c0000000)
  eden space 151040K, 96% used [0x00000007b5580000,0x00000007be3d52c8,0x00000007be900000)
  from space 10240K, 96% used [0x00000007be900000,0x00000007bf2a1698,0x00000007bf300000)
  to   space 12800K, 0% used [0x00000007bf380000,0x00000007bf380000,0x00000007c0000000)
 ParOldGen       total 349696K, used 191008K [0x00000007a0000000, 0x00000007b5580000, 0x00000007b5580000)
  object space 349696K, 54% used [0x00000007a0000000,0x00000007aba883b0,0x00000007b5580000)
 Metaspace       used 5446K, capacity 5616K, committed 5760K, reserved 1056768K
  class space    used 579K, capacity 630K, committed 640K, reserved 1048576K
2018-07-25T18:08:12.945-0800: 15.226: [GC (Allocation Failure) [PSYoungGen: 155610K->0K(161792K)] 346619K->265902K(511488K), 0.0516394 secs] [Times: user=0.32 sys=0.03, real=0.05 secs] 
Heap after GC invocations=158 (full 0):
 PSYoungGen      total 161792K, used 0K [0x00000007b5580000, 0x00000007c0000000, 0x00000007c0000000)
  eden space 148992K, 0% used [0x00000007b5580000,0x00000007b5580000,0x00000007be700000)
  from space 12800K, 0% used [0x00000007bf380000,0x00000007bf380000,0x00000007c0000000)
  to   space 12800K, 0% used [0x00000007be700000,0x00000007be700000,0x00000007bf380000)
 ParOldGen       total 349696K, used 265902K [0x00000007a0000000, 0x00000007b5580000, 0x00000007b5580000)
  object space 349696K, 76% used [0x00000007a0000000,0x00000007b03abbd8,0x00000007b5580000)
 Metaspace       used 5446K, capacity 5616K, committed 5760K, reserved 1056768K
  class space    used 579K, capacity 630K, committed 640K, reserved 1048576K
}
{Heap before GC invocations=159 (full 0):
 PSYoungGen      total 161792K, used 142522K [0x00000007b5580000, 0x00000007c0000000, 0x00000007c0000000)
  eden space 148992K, 95% used [0x00000007b5580000,0x00000007be0ae8c0,0x00000007be700000)
  from space 12800K, 0% used [0x00000007bf380000,0x00000007bf380000,0x00000007c0000000)
  to   space 12800K, 0% used [0x00000007be700000,0x00000007be700000,0x00000007bf380000)
 ParOldGen       total 349696K, used 265902K [0x00000007a0000000, 0x00000007b5580000, 0x00000007b5580000)
  object space 349696K, 76% used [0x00000007a0000000,0x00000007b03abbd8,0x00000007b5580000)
 Metaspace       used 5446K, capacity 5616K, committed 5760K, reserved 1056768K
  class space    used 579K, capacity 630K, committed 640K, reserved 1048576K
2018-07-25T18:08:13.105-0800: 15.386: [GC (Allocation Failure) [PSYoungGen: 142522K->9893K(159232K)] 408425K->327880K(508928K), 0.0453088 secs] [Times: user=0.24 sys=0.02, real=0.05 secs] 
Heap after GC invocations=159 (full 0):
 PSYoungGen      total 159232K, used 9893K [0x00000007b5580000, 0x00000007c0000000, 0x00000007c0000000)
  eden space 148992K, 0% used [0x00000007b5580000,0x00000007b5580000,0x00000007be700000)
  from space 10240K, 96% used [0x00000007be700000,0x00000007bf0a9698,0x00000007bf100000)
  to   space 13824K, 0% used [0x00000007bf280000,0x00000007bf280000,0x00000007c0000000)
 ParOldGen       total 349696K, used 317986K [0x00000007a0000000, 0x00000007b5580000, 0x00000007b5580000)
  object space 349696K, 90% used [0x00000007a0000000,0x00000007b3688970,0x00000007b5580000)
 Metaspace       used 5446K, capacity 5616K, committed 5760K, reserved 1056768K
  class space    used 579K, capacity 630K, committed 640K, reserved 1048576K
}
{Heap before GC invocations=160 (full 1):
 PSYoungGen      total 159232K, used 9893K [0x00000007b5580000, 0x00000007c0000000, 0x00000007c0000000)
  eden space 148992K, 0% used [0x00000007b5580000,0x00000007b5580000,0x00000007be700000)
  from space 10240K, 96% used [0x00000007be700000,0x00000007bf0a9698,0x00000007bf100000)
  to   space 13824K, 0% used [0x00000007bf280000,0x00000007bf280000,0x00000007c0000000)
 ParOldGen       total 349696K, used 317986K [0x00000007a0000000, 0x00000007b5580000, 0x00000007b5580000)
  object space 349696K, 90% used [0x00000007a0000000,0x00000007b3688970,0x00000007b5580000)
 Metaspace       used 5446K, capacity 5616K, committed 5760K, reserved 1056768K
  class space    used 579K, capacity 630K, committed 640K, reserved 1048576K
2018-07-25T18:08:13.151-0800: 15.431: [Full GC (Ergonomics) [PSYoungGen: 9893K->0K(159232K)] [ParOldGen: 317986K->73635K(349696K)] 327880K->73635K(508928K), [Metaspace: 5446K->5446K(1056768K)], 0.0191645 secs] [Times: user=0.06 sys=0.01, real=0.02 secs] 
Heap after GC invocations=160 (full 1):
 PSYoungGen      total 159232K, used 0K [0x00000007b5580000, 0x00000007c0000000, 0x00000007c0000000)
  eden space 148992K, 0% used [0x00000007b5580000,0x00000007b5580000,0x00000007be700000)
  from space 10240K, 0% used [0x00000007be700000,0x00000007be700000,0x00000007bf100000)
  to   space 13824K, 0% used [0x00000007bf280000,0x00000007bf280000,0x00000007c0000000)
 ParOldGen       total 349696K, used 73635K [0x00000007a0000000, 0x00000007b5580000, 0x00000007b5580000)
  object space 349696K, 21% used [0x00000007a0000000,0x00000007a47e8e78,0x00000007b5580000)
 Metaspace       used 5446K, capacity 5616K, committed 5760K, reserved 1056768K
  class space    used 579K, capacity 630K, committed 640K, reserved 1048576K
}
{Heap before GC invocations=161 (full 1):
 PSYoungGen      total 159232K, used 129652K [0x00000007b5580000, 0x00000007c0000000, 0x00000007c0000000)
  eden space 148992K, 87% used [0x00000007b5580000,0x00000007bd41d0d0,0x00000007be700000)
  from space 10240K, 0% used [0x00000007be700000,0x00000007be700000,0x00000007bf100000)
  to   space 13824K, 0% used [0x00000007bf280000,0x00000007bf280000,0x00000007c0000000)
 ParOldGen       total 349696K, used 73635K [0x00000007a0000000, 0x00000007b5580000, 0x00000007b5580000)
  object space 349696K, 21% used [0x00000007a0000000,0x00000007a47e8e78,0x00000007b5580000)
 Metaspace       used 5446K, capacity 5616K, committed 5760K, reserved 1056768K
  class space    used 579K, capacity 630K, committed 640K, reserved 1048576K
2018-07-25T18:08:13.286-0800: 15.566: [GC (Allocation Failure) [PSYoungGen: 129652K->9829K(158720K)] 203287K->135548K(508416K), 0.0066065 secs] [Times: user=0.05 sys=0.00, real=0.01 secs] 
Heap after GC invocations=161 (full 1):
 PSYoungGen      total 158720K, used 9829K [0x00000007b5580000, 0x00000007c0000000, 0x00000007c0000000)
  eden space 144896K, 0% used [0x00000007b5580000,0x00000007b5580000,0x00000007be300000)
  from space 13824K, 71% used [0x00000007bf280000,0x00000007bfc19698,0x00000007c0000000)
  to   space 14848K, 0% used [0x00000007be300000,0x00000007be300000,0x00000007bf180000)
 ParOldGen       total 349696K, used 125719K [0x00000007a0000000, 0x00000007b5580000, 0x00000007b5580000)
  object space 349696K, 35% used [0x00000007a0000000,0x00000007a7ac5c48,0x00000007b5580000)
 Metaspace       used 5446K, capacity 5616K, committed 5760K, reserved 1056768K
  class space    used 579K, capacity 630K, committed 640K, reserved 1048576K
}
{Heap before GC invocations=162 (full 1):
 PSYoungGen      total 158720K, used 116390K [0x00000007b5580000, 0x00000007c0000000, 0x00000007c0000000)
  eden space 144896K, 73% used [0x00000007b5580000,0x00000007bbd90180,0x00000007be300000)
  from space 13824K, 71% used [0x00000007bf280000,0x00000007bfc19698,0x00000007c0000000)
  to   space 14848K, 0% used [0x00000007be300000,0x00000007be300000,0x00000007bf180000)
 ParOldGen       total 349696K, used 125719K [0x00000007a0000000, 0x00000007b5580000, 0x00000007b5580000)
  object space 349696K, 35% used [0x00000007a0000000,0x00000007a7ac5c48,0x00000007b5580000)
 Metaspace       used 5446K, capacity 5616K, committed 5760K, reserved 1056768K
  class space    used 579K, capacity 630K, committed 640K, reserved 1048576K
2018-07-25T18:08:13.309-0800: 15.590: [GC (Allocation Failure) [PSYoungGen: 116390K->0K(159744K)] 242109K->161550K(509440K), 0.0068537 secs] [Times: user=0.04 sys=0.00, real=0.01 secs] 
Heap after GC invocations=162 (full 1):
 PSYoungGen      total 159744K, used 0K [0x00000007b5580000, 0x00000007c0000000, 0x00000007c0000000)
  eden space 144896K, 0% used [0x00000007b5580000,0x00000007b5580000,0x00000007be300000)
  from space 14848K, 0% used [0x00000007be300000,0x00000007be300000,0x00000007bf180000)
  to   space 14848K, 0% used [0x00000007bf180000,0x00000007bf180000,0x00000007c0000000)
 ParOldGen       total 349696K, used 161550K [0x00000007a0000000, 0x00000007b5580000, 0x00000007b5580000)
  object space 349696K, 46% used [0x00000007a0000000,0x00000007a9dc39e8,0x00000007b5580000)
 Metaspace       used 5446K, capacity 5616K, committed 5760K, reserved 1056768K
  class space    used 579K, capacity 630K, committed 640K, reserved 1048576K
}
{Heap before GC invocations=163 (full 1):
 PSYoungGen      total 159744K, used 129377K [0x00000007b5580000, 0x00000007c0000000, 0x00000007c0000000)
  eden space 144896K, 89% used [0x00000007b5580000,0x00000007bd3d84f0,0x00000007be300000)
  from space 14848K, 0% used [0x00000007be300000,0x00000007be300000,0x00000007bf180000)
  to   space 14848K, 0% used [0x00000007bf180000,0x00000007bf180000,0x00000007c0000000)
 ParOldGen       total 349696K, used 161550K [0x00000007a0000000, 0x00000007b5580000, 0x00000007b5580000)
  object space 349696K, 46% used [0x00000007a0000000,0x00000007a9dc39e8,0x00000007b5580000)
 Metaspace       used 5446K, capacity 5616K, committed 5760K, reserved 1056768K
  class space    used 579K, capacity 630K, committed 640K, reserved 1048576K
2018-07-25T18:08:13.423-0800: 15.703: [GC (Allocation Failure) [PSYoungGen: 129377K->9893K(158720K)] 290927K->223527K(508416K), 0.0075903 secs] [Times: user=0.05 sys=0.00, real=0.01 secs] 
Heap after GC invocations=163 (full 1):
 PSYoungGen      total 158720K, used 9893K [0x00000007b5580000, 0x00000007c0000000, 0x00000007c0000000)
  eden space 143872K, 0% used [0x00000007b5580000,0x00000007b5580000,0x00000007be200000)
  from space 14848K, 66% used [0x00000007bf180000,0x00000007bfb29698,0x00000007c0000000)
  to   space 15360K, 0% used [0x00000007be200000,0x00000007be200000,0x00000007bf100000)
 ParOldGen       total 349696K, used 213633K [0x00000007a0000000, 0x00000007b5580000, 0x00000007b5580000)
  object space 349696K, 61% used [0x00000007a0000000,0x00000007ad0a0798,0x00000007b5580000)
 Metaspace       used 5446K, capacity 5616K, committed 5760K, reserved 1056768K
  class space    used 579K, capacity 630K, committed 640K, reserved 1048576K
}
{Heap before GC invocations=164 (full 1):
 PSYoungGen      total 158720K, used 152439K [0x00000007b5580000, 0x00000007c0000000, 0x00000007c0000000)
  eden space 143872K, 99% used [0x00000007b5580000,0x00000007be0b4710,0x00000007be200000)
  from space 14848K, 66% used [0x00000007bf180000,0x00000007bfb29698,0x00000007c0000000)
  to   space 15360K, 0% used [0x00000007be200000,0x00000007be200000,0x00000007bf100000)
 ParOldGen       total 349696K, used 213633K [0x00000007a0000000, 0x00000007b5580000, 0x00000007b5580000)
  object space 349696K, 61% used [0x00000007a0000000,0x00000007ad0a0798,0x00000007b5580000)
 Metaspace       used 5446K, capacity 5616K, committed 5760K, reserved 1056768K
  class space    used 579K, capacity 630K, committed 640K, reserved 1048576K
2018-07-25T18:08:13.525-0800: 15.805: [GC (Allocation Failure) [PSYoungGen: 152439K->9829K(154112K)] 366073K->223463K(503808K), 0.0015976 secs] [Times: user=0.01 sys=0.00, real=0.00 secs] 
Heap after GC invocations=164 (full 1):
 PSYoungGen      total 154112K, used 9829K [0x00000007b5580000, 0x00000007c0000000, 0x00000007c0000000)
  eden space 143872K, 0% used [0x00000007b5580000,0x00000007b5580000,0x00000007be200000)
  from space 10240K, 95% used [0x00000007be200000,0x00000007beb99698,0x00000007bec00000)
  to   space 15872K, 0% used [0x00000007bf080000,0x00000007bf080000,0x00000007c0000000)
 ParOldGen       total 349696K, used 213633K [0x00000007a0000000, 0x00000007b5580000, 0x00000007b5580000)
  object space 349696K, 61% used [0x00000007a0000000,0x00000007ad0a0798,0x00000007b5580000)
 Metaspace       used 5446K, capacity 5616K, committed 5760K, reserved 1056768K
  class space    used 579K, capacity 630K, committed 640K, reserved 1048576K
}
{Heap before GC invocations=165 (full 1):
 PSYoungGen      total 154112K, used 129678K [0x00000007b5580000, 0x00000007c0000000, 0x00000007c0000000)
  eden space 143872K, 83% used [0x00000007b5580000,0x00000007bca8a1b8,0x00000007be200000)
  from space 10240K, 95% used [0x00000007be200000,0x00000007beb99698,0x00000007bec00000)
  to   space 15872K, 0% used [0x00000007bf080000,0x00000007bf080000,0x00000007c0000000)
 ParOldGen       total 349696K, used 213633K [0x00000007a0000000, 0x00000007b5580000, 0x00000007b5580000)
  object space 349696K, 61% used [0x00000007a0000000,0x00000007ad0a0798,0x00000007b5580000)
 Metaspace       used 5446K, capacity 5616K, committed 5760K, reserved 1056768K
  class space    used 579K, capacity 630K, committed 640K, reserved 1048576K
2018-07-25T18:08:13.553-0800: 15.833: [GC (Allocation Failure) [PSYoungGen: 129678K->32K(157696K)] 343311K->275546K(507392K), 0.0119385 secs] [Times: user=0.09 sys=0.00, real=0.01 secs] 
Heap after GC invocations=165 (full 1):
 PSYoungGen      total 157696K, used 32K [0x00000007b5580000, 0x00000007c0000000, 0x00000007c0000000)
  eden space 141824K, 0% used [0x00000007b5580000,0x00000007b5580000,0x00000007be000000)
  from space 15872K, 0% used [0x00000007bf080000,0x00000007bf088000,0x00000007c0000000)
  to   space 16384K, 0% used [0x00000007be000000,0x00000007be000000,0x00000007bf000000)
 ParOldGen       total 349696K, used 275514K [0x00000007a0000000, 0x00000007b5580000, 0x00000007b5580000)
  object space 349696K, 78% used [0x00000007a0000000,0x00000007b0d0ebc8,0x00000007b5580000)
 Metaspace       used 5446K, capacity 5616K, committed 5760K, reserved 1056768K
  class space    used 579K, capacity 630K, committed 640K, reserved 1048576K
}
{Heap before GC invocations=166 (full 2):
 PSYoungGen      total 157696K, used 32K [0x00000007b5580000, 0x00000007c0000000, 0x00000007c0000000)
  eden space 141824K, 0% used [0x00000007b5580000,0x00000007b5580000,0x00000007be000000)
  from space 15872K, 0% used [0x00000007bf080000,0x00000007bf088000,0x00000007c0000000)
  to   space 16384K, 0% used [0x00000007be000000,0x00000007be000000,0x00000007bf000000)
 ParOldGen       total 349696K, used 275514K [0x00000007a0000000, 0x00000007b5580000, 0x00000007b5580000)
  object space 349696K, 78% used [0x00000007a0000000,0x00000007b0d0ebc8,0x00000007b5580000)
 Metaspace       used 5446K, capacity 5616K, committed 5760K, reserved 1056768K
  class space    used 579K, capacity 630K, committed 640K, reserved 1048576K
2018-07-25T18:08:13.565-0800: 15.846: [Full GC (Ergonomics) [PSYoungGen: 32K->0K(157696K)] [ParOldGen: 275514K->73636K(349696K)] 275546K->73636K(507392K), [Metaspace: 5446K->5446K(1056768K)], 0.0106597 secs] [Times: user=0.06 sys=0.00, real=0.01 secs] 
Heap after GC invocations=166 (full 2):
 PSYoungGen      total 157696K, used 0K [0x00000007b5580000, 0x00000007c0000000, 0x00000007c0000000)
  eden space 141824K, 0% used [0x00000007b5580000,0x00000007b5580000,0x00000007be000000)
  from space 15872K, 0% used [0x00000007bf080000,0x00000007bf080000,0x00000007c0000000)
  to   space 16384K, 0% used [0x00000007be000000,0x00000007be000000,0x00000007bf000000)
 ParOldGen       total 349696K, used 73636K [0x00000007a0000000, 0x00000007b5580000, 0x00000007b5580000)
  object space 349696K, 21% used [0x00000007a0000000,0x00000007a47e9280,0x00000007b5580000)
 Metaspace       used 5446K, capacity 5616K, committed 5760K, reserved 1056768K
  class space    used 579K, capacity 630K, committed 640K, reserved 1048576K
}
{Heap before GC invocations=167 (full 2):
 PSYoungGen      total 157696K, used 129629K [0x00000007b5580000, 0x00000007c0000000, 0x00000007c0000000)
  eden space 141824K, 91% used [0x00000007b5580000,0x00000007bd4175f0,0x00000007be000000)
  from space 15872K, 0% used [0x00000007bf080000,0x00000007bf080000,0x00000007c0000000)
  to   space 16384K, 0% used [0x00000007be000000,0x00000007be000000,0x00000007bf000000)
 ParOldGen       total 349696K, used 73636K [0x00000007a0000000, 0x00000007b5580000, 0x00000007b5580000)
  object space 349696K, 21% used [0x00000007a0000000,0x00000007a47e9280,0x00000007b5580000)
 Metaspace       used 5446K, capacity 5616K, committed 5760K, reserved 1056768K
  class space    used 579K, capacity 630K, committed 640K, reserved 1048576K
2018-07-25T18:08:13.682-0800: 15.962: [GC (Allocation Failure) [PSYoungGen: 129629K->9829K(152064K)] 203266K->135549K(501760K), 0.0066557 secs] [Times: user=0.05 sys=0.00, real=0.00 secs] 
Heap after GC invocations=167 (full 2):
 PSYoungGen      total 152064K, used 9829K [0x00000007b5580000, 0x00000007c0000000, 0x00000007c0000000)
  eden space 141824K, 0% used [0x00000007b5580000,0x00000007b5580000,0x00000007be000000)
  from space 10240K, 95% used [0x00000007be000000,0x00000007be999698,0x00000007bea00000)
  to   space 16896K, 0% used [0x00000007bef80000,0x00000007bef80000,0x00000007c0000000)
 ParOldGen       total 349696K, used 125720K [0x00000007a0000000, 0x00000007b5580000, 0x00000007b5580000)
  object space 349696K, 35% used [0x00000007a0000000,0x00000007a7ac6050,0x00000007b5580000)
 Metaspace       used 5446K, capacity 5616K, committed 5760K, reserved 1056768K
  class space    used 579K, capacity 630K, committed 640K, reserved 1048576K
}
{Heap before GC invocations=168 (full 2):
 PSYoungGen      total 152064K, used 116409K [0x00000007b5580000, 0x00000007c0000000, 0x00000007c0000000)
  eden space 141824K, 75% used [0x00000007b5580000,0x00000007bbd94d88,0x00000007be000000)
  from space 10240K, 95% used [0x00000007be000000,0x00000007be999698,0x00000007bea00000)
  to   space 16896K, 0% used [0x00000007bef80000,0x00000007bef80000,0x00000007c0000000)
 ParOldGen       total 349696K, used 125720K [0x00000007a0000000, 0x00000007b5580000, 0x00000007b5580000)
  object space 349696K, 35% used [0x00000007a0000000,0x00000007a7ac6050,0x00000007b5580000)
 Metaspace       used 5446K, capacity 5616K, committed 5760K, reserved 1056768K
  class space    used 579K, capacity 630K, committed 640K, reserved 1048576K
2018-07-25T18:08:13.701-0800: 15.981: [GC (Allocation Failure) [PSYoungGen: 116409K->0K(157696K)] 242129K->161551K(507392K), 0.0049250 secs] [Times: user=0.04 sys=0.00, real=0.00 secs] 
Heap after GC invocations=168 (full 2):
 PSYoungGen      total 157696K, used 0K [0x00000007b5580000, 0x00000007c0000000, 0x00000007c0000000)
  eden space 140800K, 0% used [0x00000007b5580000,0x00000007b5580000,0x00000007bdf00000)
  from space 16896K, 0% used [0x00000007bef80000,0x00000007bef80000,0x00000007c0000000)
  to   space 16896K, 0% used [0x00000007bdf00000,0x00000007bdf00000,0x00000007bef80000)
 ParOldGen       total 349696K, used 161551K [0x00000007a0000000, 0x00000007b5580000, 0x00000007b5580000)
  object space 349696K, 46% used [0x00000007a0000000,0x00000007a9dc3df0,0x00000007b5580000)
 Metaspace       used 5446K, capacity 5616K, committed 5760K, reserved 1056768K
  class space    used 579K, capacity 630K, committed 640K, reserved 1048576K
}
{Heap before GC invocations=169 (full 2):
 PSYoungGen      total 157696K, used 129353K [0x00000007b5580000, 0x00000007c0000000, 0x00000007c0000000)
  eden space 140800K, 91% used [0x00000007b5580000,0x00000007bd3d2678,0x00000007bdf00000)
  from space 16896K, 0% used [0x00000007bef80000,0x00000007bef80000,0x00000007c0000000)
  to   space 16896K, 0% used [0x00000007bdf00000,0x00000007bdf00000,0x00000007bef80000)
 ParOldGen       total 349696K, used 161551K [0x00000007a0000000, 0x00000007b5580000, 0x00000007b5580000)
  object space 349696K, 46% used [0x00000007a0000000,0x00000007a9dc3df0,0x00000007b5580000)
 Metaspace       used 5446K, capacity 5616K, committed 5760K, reserved 1056768K
  class space    used 579K, capacity 630K, committed 640K, reserved 1048576K
2018-07-25T18:08:13.812-0800: 16.092: [GC (Allocation Failure) [PSYoungGen: 129353K->9861K(151040K)] 290905K->223496K(500736K), 0.0069828 secs] [Times: user=0.05 sys=0.00, real=0.00 secs] 
Heap after GC invocations=169 (full 2):
 PSYoungGen      total 151040K, used 9861K [0x00000007b5580000, 0x00000007c0000000, 0x00000007c0000000)
  eden space 140800K, 0% used [0x00000007b5580000,0x00000007b5580000,0x00000007bdf00000)
  from space 10240K, 96% used [0x00000007bdf00000,0x00000007be8a1698,0x00000007be900000)
  to   space 17408K, 0% used [0x00000007bef00000,0x00000007bef00000,0x00000007c0000000)
 ParOldGen       total 349696K, used 213634K [0x00000007a0000000, 0x00000007b5580000, 0x00000007b5580000)
  object space 349696K, 61% used [0x00000007a0000000,0x00000007ad0a0ba0,0x00000007b5580000)
 Metaspace       used 5446K, capacity 5616K, committed 5760K, reserved 1056768K
  class space    used 579K, capacity 630K, committed 640K, reserved 1048576K
}
{Heap before GC invocations=170 (full 2):
 PSYoungGen      total 151040K, used 142616K [0x00000007b5580000, 0x00000007c0000000, 0x00000007c0000000)
  eden space 140800K, 94% used [0x00000007b5580000,0x00000007bd724998,0x00000007bdf00000)
  from space 10240K, 96% used [0x00000007bdf00000,0x00000007be8a1698,0x00000007be900000)
  to   space 17408K, 0% used [0x00000007bef00000,0x00000007bef00000,0x00000007c0000000)
 ParOldGen       total 349696K, used 213634K [0x00000007a0000000, 0x00000007b5580000, 0x00000007b5580000)
  object space 349696K, 61% used [0x00000007a0000000,0x00000007ad0a0ba0,0x00000007b5580000)
 Metaspace       used 5446K, capacity 5616K, committed 5760K, reserved 1056768K
  class space    used 579K, capacity 630K, committed 640K, reserved 1048576K
2018-07-25T18:08:13.908-0800: 16.188: [GC (Allocation Failure) [PSYoungGen: 142616K->64K(157696K)] 356250K->213698K(507392K), 0.0014425 secs] [Times: user=0.01 sys=0.00, real=0.00 secs] 
Heap after GC invocations=170 (full 2):
 PSYoungGen      total 157696K, used 64K [0x00000007b5580000, 0x00000007c0000000, 0x00000007c0000000)
  eden space 140288K, 0% used [0x00000007b5580000,0x00000007b5580000,0x00000007bde80000)
  from space 17408K, 0% used [0x00000007bef00000,0x00000007bef10000,0x00000007c0000000)
  to   space 16896K, 0% used [0x00000007bde80000,0x00000007bde80000,0x00000007bef00000)
 ParOldGen       total 349696K, used 213634K [0x00000007a0000000, 0x00000007b5580000, 0x00000007b5580000)
  object space 349696K, 61% used [0x00000007a0000000,0x00000007ad0a0ba0,0x00000007b5580000)
 Metaspace       used 5446K, capacity 5616K, committed 5760K, reserved 1056768K
  class space    used 579K, capacity 630K, committed 640K, reserved 1048576K
}
{Heap before GC invocations=171 (full 2):
 PSYoungGen      total 157696K, used 129629K [0x00000007b5580000, 0x00000007c0000000, 0x00000007c0000000)
  eden space 140288K, 92% used [0x00000007b5580000,0x00000007bd407660,0x00000007bde80000)
  from space 17408K, 0% used [0x00000007bef00000,0x00000007bef10000,0x00000007c0000000)
  to   space 16896K, 0% used [0x00000007bde80000,0x00000007bde80000,0x00000007bef00000)
 ParOldGen       total 349696K, used 213634K [0x00000007a0000000, 0x00000007b5580000, 0x00000007b5580000)
  object space 349696K, 61% used [0x00000007a0000000,0x00000007ad0a0ba0,0x00000007b5580000)
 Metaspace       used 5446K, capacity 5616K, committed 5760K, reserved 1056768K
  class space    used 579K, capacity 630K, committed 640K, reserved 1048576K
2018-07-25T18:08:13.937-0800: 16.218: [GC (Allocation Failure) [PSYoungGen: 129629K->9797K(157184K)] 343264K->275539K(506880K), 0.0068624 secs] [Times: user=0.05 sys=0.01, real=0.01 secs] 
Heap after GC invocations=171 (full 2):
 PSYoungGen      total 157184K, used 9797K [0x00000007b5580000, 0x00000007c0000000, 0x00000007c0000000)
  eden space 140288K, 0% used [0x00000007b5580000,0x00000007b5580000,0x00000007bde80000)
  from space 16896K, 57% used [0x00000007bde80000,0x00000007be811698,0x00000007bef00000)
  to   space 17408K, 0% used [0x00000007bef00000,0x00000007bef00000,0x00000007c0000000)
 ParOldGen       total 349696K, used 265742K [0x00000007a0000000, 0x00000007b5580000, 0x00000007b5580000)
  object space 349696K, 75% used [0x00000007a0000000,0x00000007b0383938,0x00000007b5580000)
 Metaspace       used 5446K, capacity 5616K, committed 5760K, reserved 1056768K
  class space    used 579K, capacity 630K, committed 640K, reserved 1048576K
}
{Heap before GC invocations=172 (full 3):
 PSYoungGen      total 157184K, used 9797K [0x00000007b5580000, 0x00000007c0000000, 0x00000007c0000000)
  eden space 140288K, 0% used [0x00000007b5580000,0x00000007b5580000,0x00000007bde80000)
  from space 16896K, 57% used [0x00000007bde80000,0x00000007be811698,0x00000007bef00000)
  to   space 17408K, 0% used [0x00000007bef00000,0x00000007bef00000,0x00000007c0000000)
 ParOldGen       total 349696K, used 265742K [0x00000007a0000000, 0x00000007b5580000, 0x00000007b5580000)
  object space 349696K, 75% used [0x00000007a0000000,0x00000007b0383938,0x00000007b5580000)
 Metaspace       used 5446K, capacity 5616K, committed 5760K, reserved 1056768K
  class space    used 579K, capacity 630K, committed 640K, reserved 1048576K
2018-07-25T18:08:13.944-0800: 16.225: [Full GC (Ergonomics) [PSYoungGen: 9797K->0K(157184K)] [ParOldGen: 265742K->73483K(349696K)] 275539K->73483K(506880K), [Metaspace: 5446K->5446K(1056768K)], 0.0141863 secs] [Times: user=0.08 sys=0.00, real=0.01 secs] 
Heap after GC invocations=172 (full 3):
 PSYoungGen      total 157184K, used 0K [0x00000007b5580000, 0x00000007c0000000, 0x00000007c0000000)
  eden space 140288K, 0% used [0x00000007b5580000,0x00000007b5580000,0x00000007bde80000)
  from space 16896K, 0% used [0x00000007bde80000,0x00000007bde80000,0x00000007bef00000)
  to   space 17408K, 0% used [0x00000007bef00000,0x00000007bef00000,0x00000007c0000000)
 ParOldGen       total 349696K, used 73483K [0x00000007a0000000, 0x00000007b5580000, 0x00000007b5580000)
  object space 349696K, 21% used [0x00000007a0000000,0x00000007a47c2ea8,0x00000007b5580000)
 Metaspace       used 5446K, capacity 5616K, committed 5760K, reserved 1056768K
  class space    used 579K, capacity 630K, committed 640K, reserved 1048576K
}
{Heap before GC invocations=173 (full 3):
 PSYoungGen      total 157184K, used 129614K [0x00000007b5580000, 0x00000007c0000000, 0x00000007c0000000)
  eden space 140288K, 92% used [0x00000007b5580000,0x00000007bd413868,0x00000007bde80000)
  from space 16896K, 0% used [0x00000007bde80000,0x00000007bde80000,0x00000007bef00000)
  to   space 17408K, 0% used [0x00000007bef00000,0x00000007bef00000,0x00000007c0000000)
 ParOldGen       total 349696K, used 73483K [0x00000007a0000000, 0x00000007b5580000, 0x00000007b5580000)
  object space 349696K, 21% used [0x00000007a0000000,0x00000007a47c2ea8,0x00000007b5580000)
 Metaspace       used 5446K, capacity 5616K, committed 5760K, reserved 1056768K
  class space    used 579K, capacity 630K, committed 640K, reserved 1048576K
2018-07-25T18:08:14.064-0800: 16.344: [GC (Allocation Failure) [PSYoungGen: 129614K->9861K(156160K)] 203097K->135428K(505856K), 0.0079178 secs] [Times: user=0.05 sys=0.00, real=0.01 secs] 
Heap after GC invocations=173 (full 3):
 PSYoungGen      total 156160K, used 9861K [0x00000007b5580000, 0x00000007c0000000, 0x00000007c0000000)
  eden space 138752K, 0% used [0x00000007b5580000,0x00000007b5580000,0x00000007bdd00000)
  from space 17408K, 56% used [0x00000007bef00000,0x00000007bf8a1698,0x00000007c0000000)
  to   space 17920K, 0% used [0x00000007bdd00000,0x00000007bdd00000,0x00000007bee80000)
 ParOldGen       total 349696K, used 125567K [0x00000007a0000000, 0x00000007b5580000, 0x00000007b5580000)
  object space 349696K, 35% used [0x00000007a0000000,0x00000007a7a9fc78,0x00000007b5580000)
 Metaspace       used 5446K, capacity 5616K, committed 5760K, reserved 1056768K
  class space    used 579K, capacity 630K, committed 640K, reserved 1048576K
}
{Heap before GC invocations=174 (full 3):
 PSYoungGen      total 156160K, used 116397K [0x00000007b5580000, 0x00000007c0000000, 0x00000007c0000000)
  eden space 138752K, 76% used [0x00000007b5580000,0x00000007bbd89fc8,0x00000007bdd00000)
  from space 17408K, 56% used [0x00000007bef00000,0x00000007bf8a1698,0x00000007c0000000)
  to   space 17920K, 0% used [0x00000007bdd00000,0x00000007bdd00000,0x00000007bee80000)
 ParOldGen       total 349696K, used 125567K [0x00000007a0000000, 0x00000007b5580000, 0x00000007b5580000)
  object space 349696K, 35% used [0x00000007a0000000,0x00000007a7a9fc78,0x00000007b5580000)
 Metaspace       used 5446K, capacity 5616K, committed 5760K, reserved 1056768K
  class space    used 579K, capacity 630K, committed 640K, reserved 1048576K
2018-07-25T18:08:14.086-0800: 16.366: [GC (Allocation Failure) [PSYoungGen: 116397K->0K(156672K)] 241964K->161398K(506368K), 0.0049159 secs] [Times: user=0.03 sys=0.00, real=0.01 secs] 
Heap after GC invocations=174 (full 3):
 PSYoungGen      total 156672K, used 0K [0x00000007b5580000, 0x00000007c0000000, 0x00000007c0000000)
  eden space 138752K, 0% used [0x00000007b5580000,0x00000007b5580000,0x00000007bdd00000)
  from space 17920K, 0% used [0x00000007bdd00000,0x00000007bdd00000,0x00000007bee80000)
  to   space 17920K, 0% used [0x00000007bee80000,0x00000007bee80000,0x00000007c0000000)
 ParOldGen       total 349696K, used 161398K [0x00000007a0000000, 0x00000007b5580000, 0x00000007b5580000)
  object space 349696K, 46% used [0x00000007a0000000,0x00000007a9d9da18,0x00000007b5580000)
 Metaspace       used 5446K, capacity 5616K, committed 5760K, reserved 1056768K
  class space    used 579K, capacity 630K, committed 640K, reserved 1048576K
}
{Heap before GC invocations=175 (full 3):
 PSYoungGen      total 156672K, used 129324K [0x00000007b5580000, 0x00000007c0000000, 0x00000007c0000000)
  eden space 138752K, 93% used [0x00000007b5580000,0x00000007bd3cb340,0x00000007bdd00000)
  from space 17920K, 0% used [0x00000007bdd00000,0x00000007bdd00000,0x00000007bee80000)
  to   space 17920K, 0% used [0x00000007bee80000,0x00000007bee80000,0x00000007c0000000)
 ParOldGen       total 349696K, used 161398K [0x00000007a0000000, 0x00000007b5580000, 0x00000007b5580000)
  object space 349696K, 46% used [0x00000007a0000000,0x00000007a9d9da18,0x00000007b5580000)
 Metaspace       used 5446K, capacity 5616K, committed 5760K, reserved 1056768K
  class space    used 579K, capacity 630K, committed 640K, reserved 1048576K
2018-07-25T18:08:14.204-0800: 16.484: [GC (Allocation Failure) [PSYoungGen: 129324K->9861K(155648K)] 290723K->223343K(505344K), 0.0058593 secs] [Times: user=0.04 sys=0.00, real=0.01 secs] 
Heap after GC invocations=175 (full 3):
 PSYoungGen      total 155648K, used 9861K [0x00000007b5580000, 0x00000007c0000000, 0x00000007c0000000)
  eden space 137728K, 0% used [0x00000007b5580000,0x00000007b5580000,0x00000007bdc00000)
  from space 17920K, 55% used [0x00000007bee80000,0x00000007bf821698,0x00000007c0000000)
  to   space 18432K, 0% used [0x00000007bdc00000,0x00000007bdc00000,0x00000007bee00000)
 ParOldGen       total 349696K, used 213481K [0x00000007a0000000, 0x00000007b5580000, 0x00000007b5580000)
  object space 349696K, 61% used [0x00000007a0000000,0x00000007ad07a7c8,0x00000007b5580000)
 Metaspace       used 5446K, capacity 5616K, committed 5760K, reserved 1056768K
  class space    used 579K, capacity 630K, committed 640K, reserved 1048576K
}
{Heap before GC invocations=176 (full 3):
 PSYoungGen      total 155648K, used 142564K [0x00000007b5580000, 0x00000007c0000000, 0x00000007c0000000)
  eden space 137728K, 96% used [0x00000007b5580000,0x00000007bd717b30,0x00000007bdc00000)
  from space 17920K, 55% used [0x00000007bee80000,0x00000007bf821698,0x00000007c0000000)
  to   space 18432K, 0% used [0x00000007bdc00000,0x00000007bdc00000,0x00000007bee00000)
 ParOldGen       total 349696K, used 213481K [0x00000007a0000000, 0x00000007b5580000, 0x00000007b5580000)
  object space 349696K, 61% used [0x00000007a0000000,0x00000007ad07a7c8,0x00000007b5580000)
 Metaspace       used 5446K, capacity 5616K, committed 5760K, reserved 1056768K
  class space    used 579K, capacity 630K, committed 640K, reserved 1048576K
2018-07-25T18:08:14.299-0800: 16.580: [GC (Allocation Failure) [PSYoungGen: 142564K->64K(156160K)] 356046K->213545K(505856K), 0.0015262 secs] [Times: user=0.01 sys=0.00, real=0.01 secs] 
Heap after GC invocations=176 (full 3):
 PSYoungGen      total 156160K, used 64K [0x00000007b5580000, 0x00000007c0000000, 0x00000007c0000000)
  eden space 137728K, 0% used [0x00000007b5580000,0x00000007b5580000,0x00000007bdc00000)
  from space 18432K, 0% used [0x00000007bdc00000,0x00000007bdc10000,0x00000007bee00000)
  to   space 17920K, 0% used [0x00000007bee80000,0x00000007bee80000,0x00000007c0000000)
 ParOldGen       total 349696K, used 213481K [0x00000007a0000000, 0x00000007b5580000, 0x00000007b5580000)
  object space 349696K, 61% used [0x00000007a0000000,0x00000007ad07a7c8,0x00000007b5580000)
 Metaspace       used 5446K, capacity 5616K, committed 5760K, reserved 1056768K
  class space    used 579K, capacity 630K, committed 640K, reserved 1048576K
}
{Heap before GC invocations=177 (full 3):
 PSYoungGen      total 156160K, used 129584K [0x00000007b5580000, 0x00000007c0000000, 0x00000007c0000000)
  eden space 137728K, 94% used [0x00000007b5580000,0x00000007bd3fc388,0x00000007bdc00000)
  from space 18432K, 0% used [0x00000007bdc00000,0x00000007bdc10000,0x00000007bee00000)
  to   space 17920K, 0% used [0x00000007bee80000,0x00000007bee80000,0x00000007c0000000)
 ParOldGen       total 349696K, used 213481K [0x00000007a0000000, 0x00000007b5580000, 0x00000007b5580000)
  object space 349696K, 61% used [0x00000007a0000000,0x00000007ad07a7c8,0x00000007b5580000)
 Metaspace       used 5446K, capacity 5616K, committed 5760K, reserved 1056768K
  class space    used 579K, capacity 630K, committed 640K, reserved 1048576K
2018-07-25T18:08:14.331-0800: 16.611: [GC (Allocation Failure) [PSYoungGen: 129584K->9797K(155648K)] 343066K->275383K(505344K), 0.0077646 secs] [Times: user=0.05 sys=0.00, real=0.00 secs] 
Heap after GC invocations=177 (full 3):
 PSYoungGen      total 155648K, used 9797K [0x00000007b5580000, 0x00000007c0000000, 0x00000007c0000000)
  eden space 137728K, 0% used [0x00000007b5580000,0x00000007b5580000,0x00000007bdc00000)
  from space 17920K, 54% used [0x00000007bee80000,0x00000007bf811698,0x00000007c0000000)
  to   space 18432K, 0% used [0x00000007bdc00000,0x00000007bdc00000,0x00000007bee00000)
 ParOldGen       total 349696K, used 265585K [0x00000007a0000000, 0x00000007b5580000, 0x00000007b5580000)
  object space 349696K, 75% used [0x00000007a0000000,0x00000007b035c590,0x00000007b5580000)
 Metaspace       used 5446K, capacity 5616K, committed 5760K, reserved 1056768K
  class space    used 579K, capacity 630K, committed 640K, reserved 1048576K
}
{Heap before GC invocations=178 (full 3):
 PSYoungGen      total 155648K, used 139365K [0x00000007b5580000, 0x00000007c0000000, 0x00000007c0000000)
  eden space 137728K, 94% used [0x00000007b5580000,0x00000007bd407f50,0x00000007bdc00000)
  from space 17920K, 54% used [0x00000007bee80000,0x00000007bf811698,0x00000007c0000000)
  to   space 18432K, 0% used [0x00000007bdc00000,0x00000007bdc00000,0x00000007bee00000)
 ParOldGen       total 349696K, used 265585K [0x00000007a0000000, 0x00000007b5580000, 0x00000007b5580000)
  object space 349696K, 75% used [0x00000007a0000000,0x00000007b035c590,0x00000007b5580000)
 Metaspace       used 5446K, capacity 5616K, committed 5760K, reserved 1056768K
  class space    used 579K, capacity 630K, committed 640K, reserved 1048576K
2018-07-25T18:08:14.443-0800: 16.724: [GC (Allocation Failure) [PSYoungGen: 139365K->9861K(156160K)] 404950K->301488K(505856K), 0.0043981 secs] [Times: user=0.03 sys=0.00, real=0.00 secs] 
Heap after GC invocations=178 (full 3):
 PSYoungGen      total 156160K, used 9861K [0x00000007b5580000, 0x00000007c0000000, 0x00000007c0000000)
  eden space 137728K, 0% used [0x00000007b5580000,0x00000007b5580000,0x00000007bdc00000)
  from space 18432K, 53% used [0x00000007bdc00000,0x00000007be5a1698,0x00000007bee00000)
  to   space 18432K, 0% used [0x00000007bee00000,0x00000007bee00000,0x00000007c0000000)
 ParOldGen       total 349696K, used 291627K [0x00000007a0000000, 0x00000007b5580000, 0x00000007b5580000)
  object space 349696K, 83% used [0x00000007a0000000,0x00000007b1ccac58,0x00000007b5580000)
 Metaspace       used 5446K, capacity 5616K, committed 5760K, reserved 1056768K
  class space    used 579K, capacity 630K, committed 640K, reserved 1048576K
}
{Heap before GC invocations=179 (full 4):
 PSYoungGen      total 156160K, used 9861K [0x00000007b5580000, 0x00000007c0000000, 0x00000007c0000000)
  eden space 137728K, 0% used [0x00000007b5580000,0x00000007b5580000,0x00000007bdc00000)
  from space 18432K, 53% used [0x00000007bdc00000,0x00000007be5a1698,0x00000007bee00000)
  to   space 18432K, 0% used [0x00000007bee00000,0x00000007bee00000,0x00000007c0000000)
 ParOldGen       total 349696K, used 291627K [0x00000007a0000000, 0x00000007b5580000, 0x00000007b5580000)
  object space 349696K, 83% used [0x00000007a0000000,0x00000007b1ccac58,0x00000007b5580000)
 Metaspace       used 5446K, capacity 5616K, committed 5760K, reserved 1056768K
  class space    used 579K, capacity 630K, committed 640K, reserved 1048576K
2018-07-25T18:08:14.448-0800: 16.728: [Full GC (Ergonomics) [PSYoungGen: 9861K->0K(156160K)] [ParOldGen: 291627K->47588K(349696K)] 301488K->47588K(505856K), [Metaspace: 5446K->5446K(1056768K)], 0.0079155 secs] [Times: user=0.04 sys=0.00, real=0.01 secs] 
Heap after GC invocations=179 (full 4):
 PSYoungGen      total 156160K, used 0K [0x00000007b5580000, 0x00000007c0000000, 0x00000007c0000000)
  eden space 137728K, 0% used [0x00000007b5580000,0x00000007b5580000,0x00000007bdc00000)
  from space 18432K, 0% used [0x00000007bdc00000,0x00000007bdc00000,0x00000007bee00000)
  to   space 18432K, 0% used [0x00000007bee00000,0x00000007bee00000,0x00000007c0000000)
 ParOldGen       total 349696K, used 47588K [0x00000007a0000000, 0x00000007b5580000, 0x00000007b5580000)
  object space 349696K, 13% used [0x00000007a0000000,0x00000007a2e79268,0x00000007b5580000)
 Metaspace       used 5446K, capacity 5616K, committed 5760K, reserved 1056768K
  class space    used 579K, capacity 630K, committed 640K, reserved 1048576K
}
{Heap before GC invocations=180 (full 4):
 PSYoungGen      total 156160K, used 106520K [0x00000007b5580000, 0x00000007c0000000, 0x00000007c0000000)
  eden space 137728K, 77% used [0x00000007b5580000,0x00000007bbd860b0,0x00000007bdc00000)
  from space 18432K, 0% used [0x00000007bdc00000,0x00000007bdc00000,0x00000007bee00000)
  to   space 18432K, 0% used [0x00000007bee00000,0x00000007bee00000,0x00000007c0000000)
 ParOldGen       total 349696K, used 47588K [0x00000007a0000000, 0x00000007b5580000, 0x00000007b5580000)
  object space 349696K, 13% used [0x00000007a0000000,0x00000007a2e79268,0x00000007b5580000)
 Metaspace       used 5446K, capacity 5616K, committed 5760K, reserved 1056768K
  class space    used 579K, capacity 630K, committed 640K, reserved 1048576K
2018-07-25T18:08:14.468-0800: 16.748: [GC (Allocation Failure) [PSYoungGen: 106520K->0K(156160K)] 154108K->125713K(505856K), 0.0089289 secs] [Times: user=0.07 sys=0.00, real=0.01 secs] 
Heap after GC invocations=180 (full 4):
 PSYoungGen      total 156160K, used 0K [0x00000007b5580000, 0x00000007c0000000, 0x00000007c0000000)
  eden space 137728K, 0% used [0x00000007b5580000,0x00000007b5580000,0x00000007bdc00000)
  from space 18432K, 0% used [0x00000007bee00000,0x00000007bee00000,0x00000007c0000000)
  to   space 18432K, 0% used [0x00000007bdc00000,0x00000007bdc00000,0x00000007bee00000)
 ParOldGen       total 349696K, used 125713K [0x00000007a0000000, 0x00000007b5580000, 0x00000007b5580000)
  object space 349696K, 35% used [0x00000007a0000000,0x00000007a7ac4708,0x00000007b5580000)
 Metaspace       used 5446K, capacity 5616K, committed 5760K, reserved 1056768K
  class space    used 579K, capacity 630K, committed 640K, reserved 1048576K
}
{Heap before GC invocations=181 (full 4):
 PSYoungGen      total 156160K, used 128954K [0x00000007b5580000, 0x00000007c0000000, 0x00000007c0000000)
  eden space 137728K, 93% used [0x00000007b5580000,0x00000007bd36e9f0,0x00000007bdc00000)
  from space 18432K, 0% used [0x00000007bee00000,0x00000007bee00000,0x00000007c0000000)
  to   space 18432K, 0% used [0x00000007bdc00000,0x00000007bdc00000,0x00000007bee00000)
 ParOldGen       total 349696K, used 125713K [0x00000007a0000000, 0x00000007b5580000, 0x00000007b5580000)
  object space 349696K, 35% used [0x00000007a0000000,0x00000007a7ac4708,0x00000007b5580000)
 Metaspace       used 5446K, capacity 5616K, committed 5760K, reserved 1056768K
  class space    used 579K, capacity 630K, committed 640K, reserved 1048576K
2018-07-25T18:08:14.584-0800: 16.864: [GC (Allocation Failure) [PSYoungGen: 128954K->9861K(147968K)] 254668K->187658K(497664K), 0.0056110 secs] [Times: user=0.04 sys=0.00, real=0.00 secs] 
Heap after GC invocations=181 (full 4):
 PSYoungGen      total 147968K, used 9861K [0x00000007b5580000, 0x00000007c0000000, 0x00000007c0000000)
  eden space 137728K, 0% used [0x00000007b5580000,0x00000007b5580000,0x00000007bdc00000)
  from space 10240K, 96% used [0x00000007bdc00000,0x00000007be5a1698,0x00000007be600000)
  to   space 18944K, 0% used [0x00000007bed80000,0x00000007bed80000,0x00000007c0000000)
 ParOldGen       total 349696K, used 177797K [0x00000007a0000000, 0x00000007b5580000, 0x00000007b5580000)
  object space 349696K, 50% used [0x00000007a0000000,0x00000007aada14b8,0x00000007b5580000)
 Metaspace       used 5446K, capacity 5616K, committed 5760K, reserved 1056768K
  class space    used 579K, capacity 630K, committed 640K, reserved 1048576K
}
{Heap before GC invocations=182 (full 4):
 PSYoungGen      total 147968K, used 142335K [0x00000007b5580000, 0x00000007c0000000, 0x00000007c0000000)
  eden space 137728K, 96% used [0x00000007b5580000,0x00000007bd6de5d0,0x00000007bdc00000)
  from space 10240K, 96% used [0x00000007bdc00000,0x00000007be5a1698,0x00000007be600000)
  to   space 18944K, 0% used [0x00000007bed80000,0x00000007bed80000,0x00000007c0000000)
 ParOldGen       total 349696K, used 177797K [0x00000007a0000000, 0x00000007b5580000, 0x00000007b5580000)
  object space 349696K, 50% used [0x00000007a0000000,0x00000007aada14b8,0x00000007b5580000)
 Metaspace       used 5446K, capacity 5616K, committed 5760K, reserved 1056768K
  class space    used 579K, capacity 630K, committed 640K, reserved 1048576K
2018-07-25T18:08:14.681-0800: 16.962: [GC (Allocation Failure) [PSYoungGen: 142335K->64K(156160K)] 320132K->177861K(505856K), 0.0012237 secs] [Times: user=0.01 sys=0.01, real=0.00 secs] 
Heap after GC invocations=182 (full 4):
 PSYoungGen      total 156160K, used 64K [0x00000007b5580000, 0x00000007c0000000, 0x00000007c0000000)
  eden space 137216K, 0% used [0x00000007b5580000,0x00000007b5580000,0x00000007bdb80000)
  from space 18944K, 0% used [0x00000007bed80000,0x00000007bed90000,0x00000007c0000000)
  to   space 18432K, 0% used [0x00000007bdb80000,0x00000007bdb80000,0x00000007bed80000)
 ParOldGen       total 349696K, used 177797K [0x00000007a0000000, 0x00000007b5580000, 0x00000007b5580000)
  object space 349696K, 50% used [0x00000007a0000000,0x00000007aada14b8,0x00000007b5580000)
 Metaspace       used 5446K, capacity 5616K, committed 5760K, reserved 1056768K
  class space    used 579K, capacity 630K, committed 640K, reserved 1048576K
}
{Heap before GC invocations=183 (full 4):
 PSYoungGen      total 156160K, used 129428K [0x00000007b5580000, 0x00000007c0000000, 0x00000007c0000000)
  eden space 137216K, 94% used [0x00000007b5580000,0x00000007bd3d51f0,0x00000007bdb80000)
  from space 18944K, 0% used [0x00000007bed80000,0x00000007bed90000,0x00000007c0000000)
  to   space 18432K, 0% used [0x00000007bdb80000,0x00000007bdb80000,0x00000007bed80000)
 ParOldGen       total 349696K, used 177797K [0x00000007a0000000, 0x00000007b5580000, 0x00000007b5580000)
  object space 349696K, 50% used [0x00000007a0000000,0x00000007aada14b8,0x00000007b5580000)
 Metaspace       used 5446K, capacity 5616K, committed 5760K, reserved 1056768K
  class space    used 579K, capacity 630K, committed 640K, reserved 1048576K
2018-07-25T18:08:14.717-0800: 16.997: [GC (Allocation Failure) [PSYoungGen: 129428K->9797K(155648K)] 307225K->239699K(505344K), 0.0082577 secs] [Times: user=0.06 sys=0.00, real=0.01 secs] 
Heap after GC invocations=183 (full 4):
 PSYoungGen      total 155648K, used 9797K [0x00000007b5580000, 0x00000007c0000000, 0x00000007c0000000)
  eden space 137216K, 0% used [0x00000007b5580000,0x00000007b5580000,0x00000007bdb80000)
  from space 18432K, 53% used [0x00000007bdb80000,0x00000007be511698,0x00000007bed80000)
  to   space 18944K, 0% used [0x00000007bed80000,0x00000007bed80000,0x00000007c0000000)
 ParOldGen       total 349696K, used 229901K [0x00000007a0000000, 0x00000007b5580000, 0x00000007b5580000)
  object space 349696K, 65% used [0x00000007a0000000,0x00000007ae083688,0x00000007b5580000)
 Metaspace       used 5446K, capacity 5616K, committed 5760K, reserved 1056768K
  class space    used 579K, capacity 630K, committed 640K, reserved 1048576K
}
{Heap before GC invocations=184 (full 4):
 PSYoungGen      total 155648K, used 139261K [0x00000007b5580000, 0x00000007c0000000, 0x00000007c0000000)
  eden space 137216K, 94% used [0x00000007b5580000,0x00000007bd3edf50,0x00000007bdb80000)
  from space 18432K, 53% used [0x00000007bdb80000,0x00000007be511698,0x00000007bed80000)
  to   space 18944K, 0% used [0x00000007bed80000,0x00000007bed80000,0x00000007c0000000)
 ParOldGen       total 349696K, used 229901K [0x00000007a0000000, 0x00000007b5580000, 0x00000007b5580000)
  object space 349696K, 65% used [0x00000007a0000000,0x00000007ae083688,0x00000007b5580000)
 Metaspace       used 5446K, capacity 5616K, committed 5760K, reserved 1056768K
  class space    used 579K, capacity 630K, committed 640K, reserved 1048576K
2018-07-25T18:08:14.831-0800: 17.111: [GC (Allocation Failure) [PSYoungGen: 139261K->9861K(155648K)] 369163K->265804K(505344K), 0.0045895 secs] [Times: user=0.03 sys=0.00, real=0.00 secs] 
Heap after GC invocations=184 (full 4):
 PSYoungGen      total 155648K, used 9861K [0x00000007b5580000, 0x00000007c0000000, 0x00000007c0000000)
  eden space 136704K, 0% used [0x00000007b5580000,0x00000007b5580000,0x00000007bdb00000)
  from space 18944K, 52% used [0x00000007bed80000,0x00000007bf721698,0x00000007c0000000)
  to   space 18944K, 0% used [0x00000007bdb00000,0x00000007bdb00000,0x00000007bed80000)
 ParOldGen       total 349696K, used 255943K [0x00000007a0000000, 0x00000007b5580000, 0x00000007b5580000)
  object space 349696K, 73% used [0x00000007a0000000,0x00000007af9f1d50,0x00000007b5580000)
 Metaspace       used 5446K, capacity 5616K, committed 5760K, reserved 1056768K
  class space    used 579K, capacity 630K, committed 640K, reserved 1048576K
}
{Heap before GC invocations=185 (full 4):
 PSYoungGen      total 155648K, used 116303K [0x00000007b5580000, 0x00000007c0000000, 0x00000007c0000000)
  eden space 136704K, 77% used [0x00000007b5580000,0x00000007bbd72890,0x00000007bdb00000)
  from space 18944K, 52% used [0x00000007bed80000,0x00000007bf721698,0x00000007c0000000)
  to   space 18944K, 0% used [0x00000007bdb00000,0x00000007bdb00000,0x00000007bed80000)
 ParOldGen       total 349696K, used 255943K [0x00000007a0000000, 0x00000007b5580000, 0x00000007b5580000)
  object space 349696K, 73% used [0x00000007a0000000,0x00000007af9f1d50,0x00000007b5580000)
 Metaspace       used 5446K, capacity 5616K, committed 5760K, reserved 1056768K
  class space    used 579K, capacity 630K, committed 640K, reserved 1048576K
2018-07-25T18:08:14.852-0800: 17.132: [GC (Allocation Failure) [PSYoungGen: 116303K->0K(155648K)] 372247K->291772K(505344K), 0.0059257 secs] [Times: user=0.04 sys=0.00, real=0.00 secs] 
Heap after GC invocations=185 (full 4):
 PSYoungGen      total 155648K, used 0K [0x00000007b5580000, 0x00000007c0000000, 0x00000007c0000000)
  eden space 136704K, 0% used [0x00000007b5580000,0x00000007b5580000,0x00000007bdb00000)
  from space 18944K, 0% used [0x00000007bdb00000,0x00000007bdb00000,0x00000007bed80000)
  to   space 18944K, 0% used [0x00000007bed80000,0x00000007bed80000,0x00000007c0000000)
 ParOldGen       total 349696K, used 291772K [0x00000007a0000000, 0x00000007b5580000, 0x00000007b5580000)
  object space 349696K, 83% used [0x00000007a0000000,0x00000007b1cef080,0x00000007b5580000)
 Metaspace       used 5446K, capacity 5616K, committed 5760K, reserved 1056768K
  class space    used 579K, capacity 630K, committed 640K, reserved 1048576K
}
{Heap before GC invocations=186 (full 5):
 PSYoungGen      total 155648K, used 0K [0x00000007b5580000, 0x00000007c0000000, 0x00000007c0000000)
  eden space 136704K, 0% used [0x00000007b5580000,0x00000007b5580000,0x00000007bdb00000)
  from space 18944K, 0% used [0x00000007bdb00000,0x00000007bdb00000,0x00000007bed80000)
  to   space 18944K, 0% used [0x00000007bed80000,0x00000007bed80000,0x00000007c0000000)
 ParOldGen       total 349696K, used 291772K [0x00000007a0000000, 0x00000007b5580000, 0x00000007b5580000)
  object space 349696K, 83% used [0x00000007a0000000,0x00000007b1cef080,0x00000007b5580000)
 Metaspace       used 5446K, capacity 5616K, committed 5760K, reserved 1056768K
  class space    used 579K, capacity 630K, committed 640K, reserved 1048576K
2018-07-25T18:08:14.858-0800: 17.139: [Full GC (Ergonomics) [PSYoungGen: 0K->0K(155648K)] [ParOldGen: 291772K->47589K(349696K)] 291772K->47589K(505344K), [Metaspace: 5446K->5446K(1056768K)], 0.0084281 secs] [Times: user=0.04 sys=0.00, real=0.01 secs] 
Heap after GC invocations=186 (full 5):
 PSYoungGen      total 155648K, used 0K [0x00000007b5580000, 0x00000007c0000000, 0x00000007c0000000)
  eden space 136704K, 0% used [0x00000007b5580000,0x00000007b5580000,0x00000007bdb00000)
  from space 18944K, 0% used [0x00000007bdb00000,0x00000007bdb00000,0x00000007bed80000)
  to   space 18944K, 0% used [0x00000007bed80000,0x00000007bed80000,0x00000007c0000000)
 ParOldGen       total 349696K, used 47589K [0x00000007a0000000, 0x00000007b5580000, 0x00000007b5580000)
  object space 349696K, 13% used [0x00000007a0000000,0x00000007a2e79650,0x00000007b5580000)
 Metaspace       used 5446K, capacity 5616K, committed 5760K, reserved 1056768K
  class space    used 579K, capacity 630K, committed 640K, reserved 1048576K
}
{Heap before GC invocations=187 (full 5):
 PSYoungGen      total 155648K, used 129252K [0x00000007b5580000, 0x00000007c0000000, 0x00000007c0000000)
  eden space 136704K, 94% used [0x00000007b5580000,0x00000007bd3b9178,0x00000007bdb00000)
  from space 18944K, 0% used [0x00000007bdb00000,0x00000007bdb00000,0x00000007bed80000)
  to   space 18944K, 0% used [0x00000007bed80000,0x00000007bed80000,0x00000007c0000000)
 ParOldGen       total 349696K, used 47589K [0x00000007a0000000, 0x00000007b5580000, 0x00000007b5580000)
  object space 349696K, 13% used [0x00000007a0000000,0x00000007a2e79650,0x00000007b5580000)
 Metaspace       used 5446K, capacity 5616K, committed 5760K, reserved 1056768K
  class space    used 579K, capacity 630K, committed 640K, reserved 1048576K
2018-07-25T18:08:14.976-0800: 17.256: [GC (Allocation Failure) [PSYoungGen: 129252K->9925K(155648K)] 176841K->109598K(505344K), 0.0056966 secs] [Times: user=0.04 sys=0.00, real=0.01 secs] 
Heap after GC invocations=187 (full 5):
 PSYoungGen      total 155648K, used 9925K [0x00000007b5580000, 0x00000007c0000000, 0x00000007c0000000)
  eden space 136704K, 0% used [0x00000007b5580000,0x00000007b5580000,0x00000007bdb00000)
  from space 18944K, 52% used [0x00000007bed80000,0x00000007bf731698,0x00000007c0000000)
  to   space 18944K, 0% used [0x00000007bdb00000,0x00000007bdb00000,0x00000007bed80000)
 ParOldGen       total 349696K, used 99673K [0x00000007a0000000, 0x00000007b5580000, 0x00000007b5580000)
  object space 349696K, 28% used [0x00000007a0000000,0x00000007a6156400,0x00000007b5580000)
 Metaspace       used 5446K, capacity 5616K, committed 5760K, reserved 1056768K
  class space    used 579K, capacity 630K, committed 640K, reserved 1048576K
}
{Heap before GC invocations=188 (full 5):
 PSYoungGen      total 155648K, used 142568K [0x00000007b5580000, 0x00000007c0000000, 0x00000007c0000000)
  eden space 136704K, 97% used [0x00000007b5580000,0x00000007bd708b90,0x00000007bdb00000)
  from space 18944K, 52% used [0x00000007bed80000,0x00000007bf731698,0x00000007c0000000)
  to   space 18944K, 0% used [0x00000007bdb00000,0x00000007bdb00000,0x00000007bed80000)
 ParOldGen       total 349696K, used 99673K [0x00000007a0000000, 0x00000007b5580000, 0x00000007b5580000)
  object space 349696K, 28% used [0x00000007a0000000,0x00000007a6156400,0x00000007b5580000)
 Metaspace       used 5446K, capacity 5616K, committed 5760K, reserved 1056768K
  class space    used 579K, capacity 630K, committed 640K, reserved 1048576K
2018-07-25T18:08:15.073-0800: 17.354: [GC (Allocation Failure) [PSYoungGen: 142568K->128K(155648K)] 242241K->99801K(505344K), 0.0011373 secs] [Times: user=0.01 sys=0.00, real=0.00 secs] 
Heap after GC invocations=188 (full 5):
 PSYoungGen      total 155648K, used 128K [0x00000007b5580000, 0x00000007c0000000, 0x00000007c0000000)
  eden space 136704K, 0% used [0x00000007b5580000,0x00000007b5580000,0x00000007bdb00000)
  from space 18944K, 0% used [0x00000007bdb00000,0x00000007bdb20000,0x00000007bed80000)
  to   space 18944K, 0% used [0x00000007bed80000,0x00000007bed80000,0x00000007c0000000)
 ParOldGen       total 349696K, used 99673K [0x00000007a0000000, 0x00000007b5580000, 0x00000007b5580000)
  object space 349696K, 28% used [0x00000007a0000000,0x00000007a6156400,0x00000007b5580000)
 Metaspace       used 5446K, capacity 5616K, committed 5760K, reserved 1056768K
  class space    used 579K, capacity 630K, committed 640K, reserved 1048576K
}
{Heap before GC invocations=189 (full 5):
 PSYoungGen      total 155648K, used 129603K [0x00000007b5580000, 0x00000007c0000000, 0x00000007c0000000)
  eden space 136704K, 94% used [0x00000007b5580000,0x00000007bd3f0d90,0x00000007bdb00000)
  from space 18944K, 0% used [0x00000007bdb00000,0x00000007bdb20000,0x00000007bed80000)
  to   space 18944K, 0% used [0x00000007bed80000,0x00000007bed80000,0x00000007c0000000)
 ParOldGen       total 349696K, used 99673K [0x00000007a0000000, 0x00000007b5580000, 0x00000007b5580000)
  object space 349696K, 28% used [0x00000007a0000000,0x00000007a6156400,0x00000007b5580000)
 Metaspace       used 5446K, capacity 5616K, committed 5760K, reserved 1056768K
  class space    used 579K, capacity 630K, committed 640K, reserved 1048576K
2018-07-25T18:08:15.108-0800: 17.389: [GC (Allocation Failure) [PSYoungGen: 129603K->9797K(155648K)] 229276K->161586K(505344K), 0.0072377 secs] [Times: user=0.05 sys=0.00, real=0.01 secs] 
Heap after GC invocations=189 (full 5):
 PSYoungGen      total 155648K, used 9797K [0x00000007b5580000, 0x00000007c0000000, 0x00000007c0000000)
  eden space 136704K, 0% used [0x00000007b5580000,0x00000007b5580000,0x00000007bdb00000)
  from space 18944K, 51% used [0x00000007bed80000,0x00000007bf711698,0x00000007c0000000)
  to   space 18944K, 0% used [0x00000007bdb00000,0x00000007bdb00000,0x00000007bed80000)
 ParOldGen       total 349696K, used 151788K [0x00000007a0000000, 0x00000007b5580000, 0x00000007b5580000)
  object space 349696K, 43% used [0x00000007a0000000,0x00000007a943b198,0x00000007b5580000)
 Metaspace       used 5446K, capacity 5616K, committed 5760K, reserved 1056768K
  class space    used 579K, capacity 630K, committed 640K, reserved 1048576K
}
{Heap before GC invocations=190 (full 5):
 PSYoungGen      total 155648K, used 139329K [0x00000007b5580000, 0x00000007c0000000, 0x00000007c0000000)
  eden space 136704K, 94% used [0x00000007b5580000,0x00000007bd3fee80,0x00000007bdb00000)
  from space 18944K, 51% used [0x00000007bed80000,0x00000007bf711698,0x00000007c0000000)
  to   space 18944K, 0% used [0x00000007bdb00000,0x00000007bdb00000,0x00000007bed80000)
 ParOldGen       total 349696K, used 151788K [0x00000007a0000000, 0x00000007b5580000, 0x00000007b5580000)
  object space 349696K, 43% used [0x00000007a0000000,0x00000007a943b198,0x00000007b5580000)
 Metaspace       used 5446K, capacity 5616K, committed 5760K, reserved 1056768K
  class space    used 579K, capacity 630K, committed 640K, reserved 1048576K
2018-07-25T18:08:15.225-0800: 17.505: [GC (Allocation Failure) [PSYoungGen: 139329K->9861K(146944K)] 291117K->187691K(496640K), 0.0045086 secs] [Times: user=0.03 sys=0.00, real=0.00 secs] 
Heap after GC invocations=190 (full 5):
 PSYoungGen      total 146944K, used 9861K [0x00000007b5580000, 0x00000007c0000000, 0x00000007c0000000)
  eden space 136704K, 0% used [0x00000007b5580000,0x00000007b5580000,0x00000007bdb00000)
  from space 10240K, 96% used [0x00000007bdb00000,0x00000007be4a1698,0x00000007be500000)
  to   space 19456K, 0% used [0x00000007bed00000,0x00000007bed00000,0x00000007c0000000)
 ParOldGen       total 349696K, used 177830K [0x00000007a0000000, 0x00000007b5580000, 0x00000007b5580000)
  object space 349696K, 50% used [0x00000007a0000000,0x00000007aada9860,0x00000007b5580000)
 Metaspace       used 5446K, capacity 5616K, committed 5760K, reserved 1056768K
  class space    used 579K, capacity 630K, committed 640K, reserved 1048576K
}
{Heap before GC invocations=191 (full 5):
 PSYoungGen      total 146944K, used 116353K [0x00000007b5580000, 0x00000007c0000000, 0x00000007c0000000)
  eden space 136704K, 77% used [0x00000007b5580000,0x00000007bbd7efd8,0x00000007bdb00000)
  from space 10240K, 96% used [0x00000007bdb00000,0x00000007be4a1698,0x00000007be500000)
  to   space 19456K, 0% used [0x00000007bed00000,0x00000007bed00000,0x00000007c0000000)
 ParOldGen       total 349696K, used 177830K [0x00000007a0000000, 0x00000007b5580000, 0x00000007b5580000)
  object space 349696K, 50% used [0x00000007a0000000,0x00000007aada9860,0x00000007b5580000)
 Metaspace       used 5446K, capacity 5616K, committed 5760K, reserved 1056768K
  class space    used 579K, capacity 630K, committed 640K, reserved 1048576K
2018-07-25T18:08:15.246-0800: 17.526: [GC (Allocation Failure) [PSYoungGen: 116353K->0K(155648K)] 294183K->213659K(505344K), 0.0043816 secs] [Times: user=0.03 sys=0.00, real=0.01 secs] 
Heap after GC invocations=191 (full 5):
 PSYoungGen      total 155648K, used 0K [0x00000007b5580000, 0x00000007c0000000, 0x00000007c0000000)
  eden space 136192K, 0% used [0x00000007b5580000,0x00000007b5580000,0x00000007bda80000)
  from space 19456K, 0% used [0x00000007bed00000,0x00000007bed00000,0x00000007c0000000)
  to   space 18944K, 0% used [0x00000007bda80000,0x00000007bda80000,0x00000007bed00000)
 ParOldGen       total 349696K, used 213659K [0x00000007a0000000, 0x00000007b5580000, 0x00000007b5580000)
  object space 349696K, 61% used [0x00000007a0000000,0x00000007ad0a6f98,0x00000007b5580000)
 Metaspace       used 5446K, capacity 5616K, committed 5760K, reserved 1056768K
  class space    used 579K, capacity 630K, committed 640K, reserved 1048576K
}
{Heap before GC invocations=192 (full 5):
 PSYoungGen      total 155648K, used 129275K [0x00000007b5580000, 0x00000007c0000000, 0x00000007c0000000)
  eden space 136192K, 94% used [0x00000007b5580000,0x00000007bd3beeb0,0x00000007bda80000)
  from space 19456K, 0% used [0x00000007bed00000,0x00000007bed00000,0x00000007c0000000)
  to   space 18944K, 0% used [0x00000007bda80000,0x00000007bda80000,0x00000007bed00000)
 ParOldGen       total 349696K, used 213659K [0x00000007a0000000, 0x00000007b5580000, 0x00000007b5580000)
  object space 349696K, 61% used [0x00000007a0000000,0x00000007ad0a6f98,0x00000007b5580000)
 Metaspace       used 5446K, capacity 5616K, committed 5760K, reserved 1056768K
  class space    used 579K, capacity 630K, committed 640K, reserved 1048576K
2018-07-25T18:08:15.360-0800: 17.641: [GC (Allocation Failure) [PSYoungGen: 129275K->9893K(155136K)] 342935K->275636K(504832K), 0.0065963 secs] [Times: user=0.05 sys=0.00, real=0.00 secs] 
Heap after GC invocations=192 (full 5):
 PSYoungGen      total 155136K, used 9893K [0x00000007b5580000, 0x00000007c0000000, 0x00000007c0000000)
  eden space 136192K, 0% used [0x00000007b5580000,0x00000007b5580000,0x00000007bda80000)
  from space 18944K, 52% used [0x00000007bda80000,0x00000007be429698,0x00000007bed00000)
  to   space 19456K, 0% used [0x00000007bed00000,0x00000007bed00000,0x00000007c0000000)
 ParOldGen       total 349696K, used 265743K [0x00000007a0000000, 0x00000007b5580000, 0x00000007b5580000)
  object space 349696K, 75% used [0x00000007a0000000,0x00000007b0383d48,0x00000007b5580000)
 Metaspace       used 5446K, capacity 5616K, committed 5760K, reserved 1056768K
  class space    used 579K, capacity 630K, committed 640K, reserved 1048576K
}
{Heap before GC invocations=193 (full 5):
 PSYoungGen      total 155136K, used 142565K [0x00000007b5580000, 0x00000007c0000000, 0x00000007c0000000)
  eden space 136192K, 97% used [0x00000007b5580000,0x00000007bd70fde8,0x00000007bda80000)
  from space 18944K, 52% used [0x00000007bda80000,0x00000007be429698,0x00000007bed00000)
  to   space 19456K, 0% used [0x00000007bed00000,0x00000007bed00000,0x00000007c0000000)
 ParOldGen       total 349696K, used 265743K [0x00000007a0000000, 0x00000007b5580000, 0x00000007b5580000)
  object space 349696K, 75% used [0x00000007a0000000,0x00000007b0383d48,0x00000007b5580000)
 Metaspace       used 5446K, capacity 5616K, committed 5760K, reserved 1056768K
  class space    used 579K, capacity 630K, committed 640K, reserved 1048576K
2018-07-25T18:08:15.459-0800: 17.739: [GC (Allocation Failure) [PSYoungGen: 142565K->64K(155648K)] 408308K->265807K(505344K), 0.0011621 secs] [Times: user=0.01 sys=0.00, real=0.01 secs] 
Heap after GC invocations=193 (full 5):
 PSYoungGen      total 155648K, used 64K [0x00000007b5580000, 0x00000007c0000000, 0x00000007c0000000)
  eden space 136192K, 0% used [0x00000007b5580000,0x00000007b5580000,0x00000007bda80000)
  from space 19456K, 0% used [0x00000007bed00000,0x00000007bed10000,0x00000007c0000000)
  to   space 18944K, 0% used [0x00000007bda80000,0x00000007bda80000,0x00000007bed00000)
 ParOldGen       total 349696K, used 265743K [0x00000007a0000000, 0x00000007b5580000, 0x00000007b5580000)
  object space 349696K, 75% used [0x00000007a0000000,0x00000007b0383d48,0x00000007b5580000)
 Metaspace       used 5446K, capacity 5616K, committed 5760K, reserved 1056768K
  class space    used 579K, capacity 630K, committed 640K, reserved 1048576K
}
{Heap before GC invocations=194 (full 5):
 PSYoungGen      total 155648K, used 129554K [0x00000007b5580000, 0x00000007c0000000, 0x00000007c0000000)
  eden space 136192K, 95% used [0x00000007b5580000,0x00000007bd3f4918,0x00000007bda80000)
  from space 19456K, 0% used [0x00000007bed00000,0x00000007bed10000,0x00000007c0000000)
  to   space 18944K, 0% used [0x00000007bda80000,0x00000007bda80000,0x00000007bed00000)
 ParOldGen       total 349696K, used 265743K [0x00000007a0000000, 0x00000007b5580000, 0x00000007b5580000)
  object space 349696K, 75% used [0x00000007a0000000,0x00000007b0383d48,0x00000007b5580000)
 Metaspace       used 5446K, capacity 5616K, committed 5760K, reserved 1056768K
  class space    used 579K, capacity 630K, committed 640K, reserved 1048576K
2018-07-25T18:08:15.494-0800: 17.775: [GC (Allocation Failure) [PSYoungGen: 129554K->9797K(155136K)] 395297K->327640K(504832K), 0.0074757 secs] [Times: user=0.06 sys=0.00, real=0.01 secs] 
Heap after GC invocations=194 (full 5):
 PSYoungGen      total 155136K, used 9797K [0x00000007b5580000, 0x00000007c0000000, 0x00000007c0000000)
  eden space 136192K, 0% used [0x00000007b5580000,0x00000007b5580000,0x00000007bda80000)
  from space 18944K, 51% used [0x00000007bda80000,0x00000007be411698,0x00000007bed00000)
  to   space 19456K, 0% used [0x00000007bed00000,0x00000007bed00000,0x00000007c0000000)
 ParOldGen       total 349696K, used 317842K [0x00000007a0000000, 0x00000007b5580000, 0x00000007b5580000)
  object space 349696K, 90% used [0x00000007a0000000,0x00000007b3664ae0,0x00000007b5580000)
 Metaspace       used 5446K, capacity 5616K, committed 5760K, reserved 1056768K
  class space    used 579K, capacity 630K, committed 640K, reserved 1048576K
}
{Heap before GC invocations=195 (full 6):
 PSYoungGen      total 155136K, used 9797K [0x00000007b5580000, 0x00000007c0000000, 0x00000007c0000000)
  eden space 136192K, 0% used [0x00000007b5580000,0x00000007b5580000,0x00000007bda80000)
  from space 18944K, 51% used [0x00000007bda80000,0x00000007be411698,0x00000007bed00000)
  to   space 19456K, 0% used [0x00000007bed00000,0x00000007bed00000,0x00000007c0000000)
 ParOldGen       total 349696K, used 317842K [0x00000007a0000000, 0x00000007b5580000, 0x00000007b5580000)
  object space 349696K, 90% used [0x00000007a0000000,0x00000007b3664ae0,0x00000007b5580000)
 Metaspace       used 5446K, capacity 5616K, committed 5760K, reserved 1056768K
  class space    used 579K, capacity 630K, committed 640K, reserved 1048576K
2018-07-25T18:08:15.502-0800: 17.782: [Full GC (Ergonomics) [PSYoungGen: 9797K->0K(155136K)] [ParOldGen: 317842K->73632K(349696K)] 327640K->73632K(504832K), [Metaspace: 5446K->5446K(1056768K)], 0.0102951 secs] [Times: user=0.05 sys=0.00, real=0.01 secs] 
Heap after GC invocations=195 (full 6):
 PSYoungGen      total 155136K, used 0K [0x00000007b5580000, 0x00000007c0000000, 0x00000007c0000000)
  eden space 136192K, 0% used [0x00000007b5580000,0x00000007b5580000,0x00000007bda80000)
  from space 18944K, 0% used [0x00000007bda80000,0x00000007bda80000,0x00000007bed00000)
  to   space 19456K, 0% used [0x00000007bed00000,0x00000007bed00000,0x00000007c0000000)
 ParOldGen       total 349696K, used 73632K [0x00000007a0000000, 0x00000007b5580000, 0x00000007b5580000)
  object space 349696K, 21% used [0x00000007a0000000,0x00000007a47e83b0,0x00000007b5580000)
 Metaspace       used 5446K, capacity 5616K, committed 5760K, reserved 1056768K
  class space    used 579K, capacity 630K, committed 640K, reserved 1048576K
}
{Heap before GC invocations=196 (full 6):
 PSYoungGen      total 155136K, used 129537K [0x00000007b5580000, 0x00000007c0000000, 0x00000007c0000000)
  eden space 136192K, 95% used [0x00000007b5580000,0x00000007bd4006d0,0x00000007bda80000)
  from space 18944K, 0% used [0x00000007bda80000,0x00000007bda80000,0x00000007bed00000)
  to   space 19456K, 0% used [0x00000007bed00000,0x00000007bed00000,0x00000007c0000000)
 ParOldGen       total 349696K, used 73632K [0x00000007a0000000, 0x00000007b5580000, 0x00000007b5580000)
  object space 349696K, 21% used [0x00000007a0000000,0x00000007a47e83b0,0x00000007b5580000)
 Metaspace       used 5446K, capacity 5616K, committed 5760K, reserved 1056768K
  class space    used 579K, capacity 630K, committed 640K, reserved 1048576K
2018-07-25T18:08:15.626-0800: 17.906: [GC (Allocation Failure) [PSYoungGen: 129537K->9861K(155136K)] 203170K->135578K(504832K), 0.0065429 secs] [Times: user=0.04 sys=0.01, real=0.01 secs] 
Heap after GC invocations=196 (full 6):
 PSYoungGen      total 155136K, used 9861K [0x00000007b5580000, 0x00000007c0000000, 0x00000007c0000000)
  eden space 135680K, 0% used [0x00000007b5580000,0x00000007b5580000,0x00000007bda00000)
  from space 19456K, 50% used [0x00000007bed00000,0x00000007bf6a1698,0x00000007c0000000)
  to   space 19456K, 0% used [0x00000007bda00000,0x00000007bda00000,0x00000007bed00000)
 ParOldGen       total 349696K, used 125716K [0x00000007a0000000, 0x00000007b5580000, 0x00000007b5580000)
  object space 349696K, 35% used [0x00000007a0000000,0x00000007a7ac5180,0x00000007b5580000)
 Metaspace       used 5446K, capacity 5616K, committed 5760K, reserved 1056768K
  class space    used 579K, capacity 630K, committed 640K, reserved 1048576K
}
{Heap before GC invocations=197 (full 6):
 PSYoungGen      total 155136K, used 116346K [0x00000007b5580000, 0x00000007c0000000, 0x00000007c0000000)
  eden space 135680K, 78% used [0x00000007b5580000,0x00000007bbd7d2d0,0x00000007bda00000)
  from space 19456K, 50% used [0x00000007bed00000,0x00000007bf6a1698,0x00000007c0000000)
  to   space 19456K, 0% used [0x00000007bda00000,0x00000007bda00000,0x00000007bed00000)
 ParOldGen       total 349696K, used 125716K [0x00000007a0000000, 0x00000007b5580000, 0x00000007b5580000)
  object space 349696K, 35% used [0x00000007a0000000,0x00000007a7ac5180,0x00000007b5580000)
 Metaspace       used 5446K, capacity 5616K, committed 5760K, reserved 1056768K
  class space    used 579K, capacity 630K, committed 640K, reserved 1048576K
2018-07-25T18:08:15.650-0800: 17.930: [GC (Allocation Failure) [PSYoungGen: 116346K->0K(155136K)] 242062K->161547K(504832K), 0.0046614 secs] [Times: user=0.03 sys=0.00, real=0.00 secs] 
Heap after GC invocations=197 (full 6):
 PSYoungGen      total 155136K, used 0K [0x00000007b5580000, 0x00000007c0000000, 0x00000007c0000000)
  eden space 135680K, 0% used [0x00000007b5580000,0x00000007b5580000,0x00000007bda00000)
  from space 19456K, 0% used [0x00000007bda00000,0x00000007bda00000,0x00000007bed00000)
  to   space 19456K, 0% used [0x00000007bed00000,0x00000007bed00000,0x00000007c0000000)
 ParOldGen       total 349696K, used 161547K [0x00000007a0000000, 0x00000007b5580000, 0x00000007b5580000)
  object space 349696K, 46% used [0x00000007a0000000,0x00000007a9dc2f20,0x00000007b5580000)
 Metaspace       used 5446K, capacity 5616K, committed 5760K, reserved 1056768K
  class space    used 579K, capacity 630K, committed 640K, reserved 1048576K
}
{Heap before GC invocations=198 (full 6):
 PSYoungGen      total 155136K, used 129273K [0x00000007b5580000, 0x00000007c0000000, 0x00000007c0000000)
  eden space 135680K, 95% used [0x00000007b5580000,0x00000007bd3be688,0x00000007bda00000)
  from space 19456K, 0% used [0x00000007bda00000,0x00000007bda00000,0x00000007bed00000)
  to   space 19456K, 0% used [0x00000007bed00000,0x00000007bed00000,0x00000007c0000000)
 ParOldGen       total 349696K, used 161547K [0x00000007a0000000, 0x00000007b5580000, 0x00000007b5580000)
  object space 349696K, 46% used [0x00000007a0000000,0x00000007a9dc2f20,0x00000007b5580000)
 Metaspace       used 5446K, capacity 5616K, committed 5760K, reserved 1056768K
  class space    used 579K, capacity 630K, committed 640K, reserved 1048576K
2018-07-25T18:08:15.764-0800: 18.044: [GC (Allocation Failure) [PSYoungGen: 129273K->9861K(155136K)] 290821K->223492K(504832K), 0.0112653 secs] [Times: user=0.08 sys=0.00, real=0.01 secs] 
Heap after GC invocations=198 (full 6):
 PSYoungGen      total 155136K, used 9861K [0x00000007b5580000, 0x00000007c0000000, 0x00000007c0000000)
  eden space 135680K, 0% used [0x00000007b5580000,0x00000007b5580000,0x00000007bda00000)
  from space 19456K, 50% used [0x00000007bed00000,0x00000007bf6a1698,0x00000007c0000000)
  to   space 19456K, 0% used [0x00000007bda00000,0x00000007bda00000,0x00000007bed00000)
 ParOldGen       total 349696K, used 213631K [0x00000007a0000000, 0x00000007b5580000, 0x00000007b5580000)
  object space 349696K, 61% used [0x00000007a0000000,0x00000007ad09fcd0,0x00000007b5580000)
 Metaspace       used 5446K, capacity 5616K, committed 5760K, reserved 1056768K
  class space    used 579K, capacity 630K, committed 640K, reserved 1048576K
}
{Heap before GC invocations=199 (full 6):
 PSYoungGen      total 155136K, used 142528K [0x00000007b5580000, 0x00000007c0000000, 0x00000007c0000000)
  eden space 135680K, 97% used [0x00000007b5580000,0x00000007bd70ea40,0x00000007bda00000)
  from space 19456K, 50% used [0x00000007bed00000,0x00000007bf6a1698,0x00000007c0000000)
  to   space 19456K, 0% used [0x00000007bda00000,0x00000007bda00000,0x00000007bed00000)
 ParOldGen       total 349696K, used 213631K [0x00000007a0000000, 0x00000007b5580000, 0x00000007b5580000)
  object space 349696K, 61% used [0x00000007a0000000,0x00000007ad09fcd0,0x00000007b5580000)
 Metaspace       used 5446K, capacity 5616K, committed 5760K, reserved 1056768K
  class space    used 579K, capacity 630K, committed 640K, reserved 1048576K
2018-07-25T18:08:15.877-0800: 18.158: [GC (Allocation Failure) [PSYoungGen: 142528K->64K(155136K)] 356159K->213695K(504832K), 0.0013320 secs] [Times: user=0.00 sys=0.00, real=0.00 secs] 
Heap after GC invocations=199 (full 6):
 PSYoungGen      total 155136K, used 64K [0x00000007b5580000, 0x00000007c0000000, 0x00000007c0000000)
  eden space 135680K, 0% used [0x00000007b5580000,0x00000007b5580000,0x00000007bda00000)
  from space 19456K, 0% used [0x00000007bda00000,0x00000007bda10000,0x00000007bed00000)
  to   space 19456K, 0% used [0x00000007bed00000,0x00000007bed00000,0x00000007c0000000)
 ParOldGen       total 349696K, used 213631K [0x00000007a0000000, 0x00000007b5580000, 0x00000007b5580000)
  object space 349696K, 61% used [0x00000007a0000000,0x00000007ad09fcd0,0x00000007b5580000)
 Metaspace       used 5446K, capacity 5616K, committed 5760K, reserved 1056768K
  class space    used 579K, capacity 630K, committed 640K, reserved 1048576K
}
{Heap before GC invocations=200 (full 6):
 PSYoungGen      total 155136K, used 129547K [0x00000007b5580000, 0x00000007c0000000, 0x00000007c0000000)
  eden space 135680K, 95% used [0x00000007b5580000,0x00000007bd3f2e88,0x00000007bda00000)
  from space 19456K, 0% used [0x00000007bda00000,0x00000007bda10000,0x00000007bed00000)
  to   space 19456K, 0% used [0x00000007bed00000,0x00000007bed00000,0x00000007c0000000)
 ParOldGen       total 349696K, used 213631K [0x00000007a0000000, 0x00000007b5580000, 0x00000007b5580000)
  object space 349696K, 61% used [0x00000007a0000000,0x00000007ad09fcd0,0x00000007b5580000)
 Metaspace       used 5446K, capacity 5616K, committed 5760K, reserved 1056768K
  class space    used 579K, capacity 630K, committed 640K, reserved 1048576K
2018-07-25T18:08:15.907-0800: 18.187: [GC (Allocation Failure) [PSYoungGen: 129547K->9797K(155136K)] 343178K->275536K(504832K), 0.0078952 secs] [Times: user=0.06 sys=0.00, real=0.01 secs] 
Heap after GC invocations=200 (full 6):
 PSYoungGen      total 155136K, used 9797K [0x00000007b5580000, 0x00000007c0000000, 0x00000007c0000000)
  eden space 135680K, 0% used [0x00000007b5580000,0x00000007b5580000,0x00000007bda00000)
  from space 19456K, 50% used [0x00000007bed00000,0x00000007bf691698,0x00000007c0000000)
  to   space 19456K, 0% used [0x00000007bda00000,0x00000007bda00000,0x00000007bed00000)
 ParOldGen       total 349696K, used 265738K [0x00000007a0000000, 0x00000007b5580000, 0x00000007b5580000)
  object space 349696K, 75% used [0x00000007a0000000,0x00000007b0382ab8,0x00000007b5580000)
 Metaspace       used 5446K, capacity 5616K, committed 5760K, reserved 1056768K
  class space    used 579K, capacity 630K, committed 640K, reserved 1048576K
}
{Heap before GC invocations=201 (full 6):
 PSYoungGen      total 155136K, used 139327K [0x00000007b5580000, 0x00000007c0000000, 0x00000007c0000000)
  eden space 135680K, 95% used [0x00000007b5580000,0x00000007bd3fe7c8,0x00000007bda00000)
  from space 19456K, 50% used [0x00000007bed00000,0x00000007bf691698,0x00000007c0000000)
  to   space 19456K, 0% used [0x00000007bda00000,0x00000007bda00000,0x00000007bed00000)
 ParOldGen       total 349696K, used 265738K [0x00000007a0000000, 0x00000007b5580000, 0x00000007b5580000)
  object space 349696K, 75% used [0x00000007a0000000,0x00000007b0382ab8,0x00000007b5580000)
 Metaspace       used 5446K, capacity 5616K, committed 5760K, reserved 1056768K
  class space    used 579K, capacity 630K, committed 640K, reserved 1048576K
2018-07-25T18:08:16.021-0800: 18.301: [GC (Allocation Failure) [PSYoungGen: 139327K->9829K(155136K)] 405066K->301610K(504832K), 0.0043915 secs] [Times: user=0.03 sys=0.00, real=0.00 secs] 
Heap after GC invocations=201 (full 6):
 PSYoungGen      total 155136K, used 9829K [0x00000007b5580000, 0x00000007c0000000, 0x00000007c0000000)
  eden space 135680K, 0% used [0x00000007b5580000,0x00000007b5580000,0x00000007bda00000)
  from space 19456K, 50% used [0x00000007bda00000,0x00000007be399698,0x00000007bed00000)
  to   space 19456K, 0% used [0x00000007bed00000,0x00000007bed00000,0x00000007c0000000)
 ParOldGen       total 349696K, used 291780K [0x00000007a0000000, 0x00000007b5580000, 0x00000007b5580000)
  object space 349696K, 83% used [0x00000007a0000000,0x00000007b1cf1180,0x00000007b5580000)
 Metaspace       used 5446K, capacity 5616K, committed 5760K, reserved 1056768K
  class space    used 579K, capacity 630K, committed 640K, reserved 1048576K
}
{Heap before GC invocations=202 (full 7):
 PSYoungGen      total 155136K, used 9829K [0x00000007b5580000, 0x00000007c0000000, 0x00000007c0000000)
  eden space 135680K, 0% used [0x00000007b5580000,0x00000007b5580000,0x00000007bda00000)
  from space 19456K, 50% used [0x00000007bda00000,0x00000007be399698,0x00000007bed00000)
  to   space 19456K, 0% used [0x00000007bed00000,0x00000007bed00000,0x00000007c0000000)
 ParOldGen       total 349696K, used 291780K [0x00000007a0000000, 0x00000007b5580000, 0x00000007b5580000)
  object space 349696K, 83% used [0x00000007a0000000,0x00000007b1cf1180,0x00000007b5580000)
 Metaspace       used 5446K, capacity 5616K, committed 5760K, reserved 1056768K
  class space    used 579K, capacity 630K, committed 640K, reserved 1048576K
2018-07-25T18:08:16.026-0800: 18.306: [Full GC (Ergonomics) [PSYoungGen: 9829K->0K(155136K)] [ParOldGen: 291780K->47592K(349696K)] 301610K->47592K(504832K), [Metaspace: 5446K->5446K(1056768K)], 0.0075272 secs] [Times: user=0.03 sys=0.00, real=0.01 secs] 
Heap after GC invocations=202 (full 7):
 PSYoungGen      total 155136K, used 0K [0x00000007b5580000, 0x00000007c0000000, 0x00000007c0000000)
  eden space 135680K, 0% used [0x00000007b5580000,0x00000007b5580000,0x00000007bda00000)
  from space 19456K, 0% used [0x00000007bda00000,0x00000007bda00000,0x00000007bed00000)
  to   space 19456K, 0% used [0x00000007bed00000,0x00000007bed00000,0x00000007c0000000)
 ParOldGen       total 349696K, used 47592K [0x00000007a0000000, 0x00000007b5580000, 0x00000007b5580000)
  object space 349696K, 13% used [0x00000007a0000000,0x00000007a2e7a288,0x00000007b5580000)
 Metaspace       used 5446K, capacity 5616K, committed 5760K, reserved 1056768K
  class space    used 579K, capacity 630K, committed 640K, reserved 1048576K
}
{Heap before GC invocations=203 (full 7):
 PSYoungGen      total 155136K, used 106486K [0x00000007b5580000, 0x00000007c0000000, 0x00000007c0000000)
  eden space 135680K, 78% used [0x00000007b5580000,0x00000007bbd7d810,0x00000007bda00000)
  from space 19456K, 0% used [0x00000007bda00000,0x00000007bda00000,0x00000007bed00000)
  to   space 19456K, 0% used [0x00000007bed00000,0x00000007bed00000,0x00000007c0000000)
 ParOldGen       total 349696K, used 47592K [0x00000007a0000000, 0x00000007b5580000, 0x00000007b5580000)
  object space 349696K, 13% used [0x00000007a0000000,0x00000007a2e7a288,0x00000007b5580000)
 Metaspace       used 5446K, capacity 5616K, committed 5760K, reserved 1056768K
  class space    used 579K, capacity 630K, committed 640K, reserved 1048576K
2018-07-25T18:08:16.046-0800: 18.326: [GC (Allocation Failure) [PSYoungGen: 106486K->0K(155136K)] 154078K->125717K(504832K), 0.0104205 secs] [Times: user=0.08 sys=0.00, real=0.01 secs] 
Heap after GC invocations=203 (full 7):
 PSYoungGen      total 155136K, used 0K [0x00000007b5580000, 0x00000007c0000000, 0x00000007c0000000)
  eden space 135680K, 0% used [0x00000007b5580000,0x00000007b5580000,0x00000007bda00000)
  from space 19456K, 0% used [0x00000007bed00000,0x00000007bed00000,0x00000007c0000000)
  to   space 19456K, 0% used [0x00000007bda00000,0x00000007bda00000,0x00000007bed00000)
 ParOldGen       total 349696K, used 125717K [0x00000007a0000000, 0x00000007b5580000, 0x00000007b5580000)
  object space 349696K, 35% used [0x00000007a0000000,0x00000007a7ac5728,0x00000007b5580000)
 Metaspace       used 5446K, capacity 5616K, committed 5760K, reserved 1056768K
  class space    used 579K, capacity 630K, committed 640K, reserved 1048576K
}
{Heap before GC invocations=204 (full 7):
 PSYoungGen      total 155136K, used 128925K [0x00000007b5580000, 0x00000007c0000000, 0x00000007c0000000)
  eden space 135680K, 95% used [0x00000007b5580000,0x00000007bd3675b0,0x00000007bda00000)
  from space 19456K, 0% used [0x00000007bed00000,0x00000007bed00000,0x00000007c0000000)
  to   space 19456K, 0% used [0x00000007bda00000,0x00000007bda00000,0x00000007bed00000)
 ParOldGen       total 349696K, used 125717K [0x00000007a0000000, 0x00000007b5580000, 0x00000007b5580000)
  object space 349696K, 35% used [0x00000007a0000000,0x00000007a7ac5728,0x00000007b5580000)
 Metaspace       used 5446K, capacity 5616K, committed 5760K, reserved 1056768K
  class space    used 579K, capacity 630K, committed 640K, reserved 1048576K
2018-07-25T18:08:16.167-0800: 18.447: [GC (Allocation Failure) [PSYoungGen: 128925K->9893K(155136K)] 254643K->187694K(504832K), 0.0061671 secs] [Times: user=0.05 sys=0.00, real=0.01 secs] 
Heap after GC invocations=204 (full 7):
 PSYoungGen      total 155136K, used 9893K [0x00000007b5580000, 0x00000007c0000000, 0x00000007c0000000)
  eden space 135680K, 0% used [0x00000007b5580000,0x00000007b5580000,0x00000007bda00000)
  from space 19456K, 50% used [0x00000007bda00000,0x00000007be3a9698,0x00000007bed00000)
  to   space 19456K, 0% used [0x00000007bed00000,0x00000007bed00000,0x00000007c0000000)
 ParOldGen       total 349696K, used 177801K [0x00000007a0000000, 0x00000007b5580000, 0x00000007b5580000)
  object space 349696K, 50% used [0x00000007a0000000,0x00000007aada24d8,0x00000007b5580000)
 Metaspace       used 5446K, capacity 5616K, committed 5760K, reserved 1056768K
  class space    used 579K, capacity 630K, committed 640K, reserved 1048576K
}
{Heap before GC invocations=205 (full 7):
 PSYoungGen      total 155136K, used 142333K [0x00000007b5580000, 0x00000007c0000000, 0x00000007c0000000)
  eden space 135680K, 97% used [0x00000007b5580000,0x00000007bd6d60e8,0x00000007bda00000)
  from space 19456K, 50% used [0x00000007bda00000,0x00000007be3a9698,0x00000007bed00000)
  to   space 19456K, 0% used [0x00000007bed00000,0x00000007bed00000,0x00000007c0000000)
 ParOldGen       total 349696K, used 177801K [0x00000007a0000000, 0x00000007b5580000, 0x00000007b5580000)
  object space 349696K, 50% used [0x00000007a0000000,0x00000007aada24d8,0x00000007b5580000)
 Metaspace       used 5446K, capacity 5616K, committed 5760K, reserved 1056768K
  class space    used 579K, capacity 630K, committed 640K, reserved 1048576K
2018-07-25T18:08:16.277-0800: 18.558: [GC (Allocation Failure) [PSYoungGen: 142333K->96K(155136K)] 320135K->177897K(504832K), 0.0012306 secs] [Times: user=0.01 sys=0.00, real=0.00 secs] 
Heap after GC invocations=205 (full 7):
 PSYoungGen      total 155136K, used 96K [0x00000007b5580000, 0x00000007c0000000, 0x00000007c0000000)
  eden space 135680K, 0% used [0x00000007b5580000,0x00000007b5580000,0x00000007bda00000)
  from space 19456K, 0% used [0x00000007bed00000,0x00000007bed18000,0x00000007c0000000)
  to   space 19456K, 0% used [0x00000007bda00000,0x00000007bda00000,0x00000007bed00000)
 ParOldGen       total 349696K, used 177801K [0x00000007a0000000, 0x00000007b5580000, 0x00000007b5580000)
  object space 349696K, 50% used [0x00000007a0000000,0x00000007aada24d8,0x00000007b5580000)
 Metaspace       used 5446K, capacity 5616K, committed 5760K, reserved 1056768K
  class space    used 579K, capacity 630K, committed 640K, reserved 1048576K
}
{Heap before GC invocations=206 (full 7):
 PSYoungGen      total 155136K, used 129434K [0x00000007b5580000, 0x00000007c0000000, 0x00000007c0000000)
  eden space 135680K, 95% used [0x00000007b5580000,0x00000007bd3ce890,0x00000007bda00000)
  from space 19456K, 0% used [0x00000007bed00000,0x00000007bed18000,0x00000007c0000000)
  to   space 19456K, 0% used [0x00000007bda00000,0x00000007bda00000,0x00000007bed00000)
 ParOldGen       total 349696K, used 177801K [0x00000007a0000000, 0x00000007b5580000, 0x00000007b5580000)
  object space 349696K, 50% used [0x00000007a0000000,0x00000007aada24d8,0x00000007b5580000)
 Metaspace       used 5446K, capacity 5616K, committed 5760K, reserved 1056768K
  class space    used 579K, capacity 630K, committed 640K, reserved 1048576K
2018-07-25T18:08:16.312-0800: 18.592: [GC (Allocation Failure) [PSYoungGen: 129434K->9797K(155136K)] 307235K->239707K(504832K), 0.0076761 secs] [Times: user=0.06 sys=0.00, real=0.00 secs] 
Heap after GC invocations=206 (full 7):
 PSYoungGen      total 155136K, used 9797K [0x00000007b5580000, 0x00000007c0000000, 0x00000007c0000000)
  eden space 135680K, 0% used [0x00000007b5580000,0x00000007b5580000,0x00000007bda00000)
  from space 19456K, 50% used [0x00000007bda00000,0x00000007be391698,0x00000007bed00000)
  to   space 19456K, 0% used [0x00000007bed00000,0x00000007bed00000,0x00000007c0000000)
 ParOldGen       total 349696K, used 229909K [0x00000007a0000000, 0x00000007b5580000, 0x00000007b5580000)
  object space 349696K, 65% used [0x00000007a0000000,0x00000007ae0856c8,0x00000007b5580000)
 Metaspace       used 5446K, capacity 5616K, committed 5760K, reserved 1056768K
  class space    used 579K, capacity 630K, committed 640K, reserved 1048576K
}
{Heap before GC invocations=207 (full 7):
 PSYoungGen      total 155136K, used 139234K [0x00000007b5580000, 0x00000007c0000000, 0x00000007c0000000)
  eden space 135680K, 95% used [0x00000007b5580000,0x00000007bd3e71d0,0x00000007bda00000)
  from space 19456K, 50% used [0x00000007bda00000,0x00000007be391698,0x00000007bed00000)
  to   space 19456K, 0% used [0x00000007bed00000,0x00000007bed00000,0x00000007c0000000)
 ParOldGen       total 349696K, used 229909K [0x00000007a0000000, 0x00000007b5580000, 0x00000007b5580000)
  object space 349696K, 65% used [0x00000007a0000000,0x00000007ae0856c8,0x00000007b5580000)
 Metaspace       used 5446K, capacity 5616K, committed 5760K, reserved 1056768K
  class space    used 579K, capacity 630K, committed 640K, reserved 1048576K
2018-07-25T18:08:16.423-0800: 18.704: [GC (Allocation Failure) [PSYoungGen: 139234K->9861K(155136K)] 369143K->265813K(504832K), 0.0045539 secs] [Times: user=0.03 sys=0.00, real=0.00 secs] 
Heap after GC invocations=207 (full 7):
 PSYoungGen      total 155136K, used 9861K [0x00000007b5580000, 0x00000007c0000000, 0x00000007c0000000)
  eden space 135680K, 0% used [0x00000007b5580000,0x00000007b5580000,0x00000007bda00000)
  from space 19456K, 50% used [0x00000007bed00000,0x00000007bf6a1698,0x00000007c0000000)
  to   space 19456K, 0% used [0x00000007bda00000,0x00000007bda00000,0x00000007bed00000)
 ParOldGen       total 349696K, used 255951K [0x00000007a0000000, 0x00000007b5580000, 0x00000007b5580000)
  object space 349696K, 73% used [0x00000007a0000000,0x00000007af9f3d90,0x00000007b5580000)
 Metaspace       used 5446K, capacity 5616K, committed 5760K, reserved 1056768K
  class space    used 579K, capacity 630K, committed 640K, reserved 1048576K
}
{Heap before GC invocations=208 (full 7):
 PSYoungGen      total 155136K, used 116287K [0x00000007b5580000, 0x00000007c0000000, 0x00000007c0000000)
  eden space 135680K, 78% used [0x00000007b5580000,0x00000007bbd6e6d8,0x00000007bda00000)
  from space 19456K, 50% used [0x00000007bed00000,0x00000007bf6a1698,0x00000007c0000000)
  to   space 19456K, 0% used [0x00000007bda00000,0x00000007bda00000,0x00000007bed00000)
 ParOldGen       total 349696K, used 255951K [0x00000007a0000000, 0x00000007b5580000, 0x00000007b5580000)
  object space 349696K, 73% used [0x00000007a0000000,0x00000007af9f3d90,0x00000007b5580000)
 Metaspace       used 5446K, capacity 5616K, committed 5760K, reserved 1056768K
  class space    used 579K, capacity 630K, committed 640K, reserved 1048576K
2018-07-25T18:08:16.440-0800: 18.721: [GC (Allocation Failure) [PSYoungGen: 116287K->0K(155136K)] 372238K->291784K(504832K), 0.0061516 secs] [Times: user=0.04 sys=0.00, real=0.00 secs] 
Heap after GC invocations=208 (full 7):
 PSYoungGen      total 155136K, used 0K [0x00000007b5580000, 0x00000007c0000000, 0x00000007c0000000)
  eden space 135680K, 0% used [0x00000007b5580000,0x00000007b5580000,0x00000007bda00000)
  from space 19456K, 0% used [0x00000007bda00000,0x00000007bda00000,0x00000007bed00000)
  to   space 19456K, 0% used [0x00000007bed00000,0x00000007bed00000,0x00000007c0000000)
 ParOldGen       total 349696K, used 291784K [0x00000007a0000000, 0x00000007b5580000, 0x00000007b5580000)
  object space 349696K, 83% used [0x00000007a0000000,0x00000007b1cf20e0,0x00000007b5580000)
 Metaspace       used 5446K, capacity 5616K, committed 5760K, reserved 1056768K
  class space    used 579K, capacity 630K, committed 640K, reserved 1048576K
}
{Heap before GC invocations=209 (full 8):
 PSYoungGen      total 155136K, used 0K [0x00000007b5580000, 0x00000007c0000000, 0x00000007c0000000)
  eden space 135680K, 0% used [0x00000007b5580000,0x00000007b5580000,0x00000007bda00000)
  from space 19456K, 0% used [0x00000007bda00000,0x00000007bda00000,0x00000007bed00000)
  to   space 19456K, 0% used [0x00000007bed00000,0x00000007bed00000,0x00000007c0000000)
 ParOldGen       total 349696K, used 291784K [0x00000007a0000000, 0x00000007b5580000, 0x00000007b5580000)
  object space 349696K, 83% used [0x00000007a0000000,0x00000007b1cf20e0,0x00000007b5580000)
 Metaspace       used 5446K, capacity 5616K, committed 5760K, reserved 1056768K
  class space    used 579K, capacity 630K, committed 640K, reserved 1048576K
2018-07-25T18:08:16.447-0800: 18.727: [Full GC (Ergonomics) [PSYoungGen: 0K->0K(155136K)] [ParOldGen: 291784K->47593K(349696K)] 291784K->47593K(504832K), [Metaspace: 5446K->5446K(1056768K)], 0.0082979 secs] [Times: user=0.04 sys=0.00, real=0.01 secs] 
Heap after GC invocations=209 (full 8):
 PSYoungGen      total 155136K, used 0K [0x00000007b5580000, 0x00000007c0000000, 0x00000007c0000000)
  eden space 135680K, 0% used [0x00000007b5580000,0x00000007b5580000,0x00000007bda00000)
  from space 19456K, 0% used [0x00000007bda00000,0x00000007bda00000,0x00000007bed00000)
  to   space 19456K, 0% used [0x00000007bed00000,0x00000007bed00000,0x00000007c0000000)
 ParOldGen       total 349696K, used 47593K [0x00000007a0000000, 0x00000007b5580000, 0x00000007b5580000)
  object space 349696K, 13% used [0x00000007a0000000,0x00000007a2e7a670,0x00000007b5580000)
 Metaspace       used 5446K, capacity 5616K, committed 5760K, reserved 1056768K
  class space    used 579K, capacity 630K, committed 640K, reserved 1048576K
}
{Heap before GC invocations=210 (full 8):
 PSYoungGen      total 155136K, used 129235K [0x00000007b5580000, 0x00000007c0000000, 0x00000007c0000000)
  eden space 135680K, 95% used [0x00000007b5580000,0x00000007bd3b4f40,0x00000007bda00000)
  from space 19456K, 0% used [0x00000007bda00000,0x00000007bda00000,0x00000007bed00000)
  to   space 19456K, 0% used [0x00000007bed00000,0x00000007bed00000,0x00000007c0000000)
 ParOldGen       total 349696K, used 47593K [0x00000007a0000000, 0x00000007b5580000, 0x00000007b5580000)
  object space 349696K, 13% used [0x00000007a0000000,0x00000007a2e7a670,0x00000007b5580000)
 Metaspace       used 5446K, capacity 5616K, committed 5760K, reserved 1056768K
  class space    used 579K, capacity 630K, committed 640K, reserved 1048576K
2018-07-25T18:08:16.566-0800: 18.847: [GC (Allocation Failure) [PSYoungGen: 129235K->9893K(155136K)] 176829K->109570K(504832K), 0.0060663 secs] [Times: user=0.04 sys=0.00, real=0.01 secs] 
Heap after GC invocations=210 (full 8):
 PSYoungGen      total 155136K, used 9893K [0x00000007b5580000, 0x00000007c0000000, 0x00000007c0000000)
  eden space 135680K, 0% used [0x00000007b5580000,0x00000007b5580000,0x00000007bda00000)
  from space 19456K, 50% used [0x00000007bed00000,0x00000007bf6a9698,0x00000007c0000000)
  to   space 19456K, 0% used [0x00000007bda00000,0x00000007bda00000,0x00000007bed00000)
 ParOldGen       total 349696K, used 99677K [0x00000007a0000000, 0x00000007b5580000, 0x00000007b5580000)
  object space 349696K, 28% used [0x00000007a0000000,0x00000007a6157420,0x00000007b5580000)
 Metaspace       used 5446K, capacity 5616K, committed 5760K, reserved 1056768K
  class space    used 579K, capacity 630K, committed 640K, reserved 1048576K
}
{Heap before GC invocations=211 (full 8):
 PSYoungGen      total 155136K, used 142518K [0x00000007b5580000, 0x00000007c0000000, 0x00000007c0000000)
  eden space 135680K, 97% used [0x00000007b5580000,0x00000007bd7044d8,0x00000007bda00000)
  from space 19456K, 50% used [0x00000007bed00000,0x00000007bf6a9698,0x00000007c0000000)
  to   space 19456K, 0% used [0x00000007bda00000,0x00000007bda00000,0x00000007bed00000)
 ParOldGen       total 349696K, used 99677K [0x00000007a0000000, 0x00000007b5580000, 0x00000007b5580000)
  object space 349696K, 28% used [0x00000007a0000000,0x00000007a6157420,0x00000007b5580000)
 Metaspace       used 5446K, capacity 5616K, committed 5760K, reserved 1056768K
  class space    used 579K, capacity 630K, committed 640K, reserved 1048576K
2018-07-25T18:08:16.665-0800: 18.945: [GC (Allocation Failure) [PSYoungGen: 142518K->64K(155136K)] 242195K->99741K(504832K), 0.0013449 secs] [Times: user=0.01 sys=0.01, real=0.00 secs] 
Heap after GC invocations=211 (full 8):
 PSYoungGen      total 155136K, used 64K [0x00000007b5580000, 0x00000007c0000000, 0x00000007c0000000)
  eden space 135680K, 0% used [0x00000007b5580000,0x00000007b5580000,0x00000007bda00000)
  from space 19456K, 0% used [0x00000007bda00000,0x00000007bda10000,0x00000007bed00000)
  to   space 19456K, 0% used [0x00000007bed00000,0x00000007bed00000,0x00000007c0000000)
 ParOldGen       total 349696K, used 99677K [0x00000007a0000000, 0x00000007b5580000, 0x00000007b5580000)
  object space 349696K, 28% used [0x00000007a0000000,0x00000007a6157420,0x00000007b5580000)
 Metaspace       used 5446K, capacity 5616K, committed 5760K, reserved 1056768K
  class space    used 579K, capacity 630K, committed 640K, reserved 1048576K
}
{Heap before GC invocations=212 (full 8):
 PSYoungGen      total 155136K, used 129521K [0x00000007b5580000, 0x00000007c0000000, 0x00000007c0000000)
  eden space 135680K, 95% used [0x00000007b5580000,0x00000007bd3ec460,0x00000007bda00000)
  from space 19456K, 0% used [0x00000007bda00000,0x00000007bda10000,0x00000007bed00000)
  to   space 19456K, 0% used [0x00000007bed00000,0x00000007bed00000,0x00000007c0000000)
 ParOldGen       total 349696K, used 99677K [0x00000007a0000000, 0x00000007b5580000, 0x00000007b5580000)
  object space 349696K, 28% used [0x00000007a0000000,0x00000007a6157420,0x00000007b5580000)
 Metaspace       used 5446K, capacity 5616K, committed 5760K, reserved 1056768K
  class space    used 579K, capacity 630K, committed 640K, reserved 1048576K
2018-07-25T18:08:16.696-0800: 18.977: [GC (Allocation Failure) [PSYoungGen: 129521K->9797K(155136K)] 229198K->161584K(504832K), 0.0106651 secs] [Times: user=0.08 sys=0.00, real=0.01 secs] 
Heap after GC invocations=212 (full 8):
 PSYoungGen      total 155136K, used 9797K [0x00000007b5580000, 0x00000007c0000000, 0x00000007c0000000)
  eden space 135680K, 0% used [0x00000007b5580000,0x00000007b5580000,0x00000007bda00000)
  from space 19456K, 50% used [0x00000007bed00000,0x00000007bf691698,0x00000007c0000000)
  to   space 19456K, 0% used [0x00000007bda00000,0x00000007bda00000,0x00000007bed00000)
 ParOldGen       total 349696K, used 151786K [0x00000007a0000000, 0x00000007b5580000, 0x00000007b5580000)
  object space 349696K, 43% used [0x00000007a0000000,0x00000007a943aa18,0x00000007b5580000)
 Metaspace       used 5446K, capacity 5616K, committed 5760K, reserved 1056768K
  class space    used 579K, capacity 630K, committed 640K, reserved 1048576K
}
{Heap before GC invocations=213 (full 8):
 PSYoungGen      total 155136K, used 139310K [0x00000007b5580000, 0x00000007c0000000, 0x00000007c0000000)
  eden space 135680K, 95% used [0x00000007b5580000,0x00000007bd3fa3d0,0x00000007bda00000)
  from space 19456K, 50% used [0x00000007bed00000,0x00000007bf691698,0x00000007c0000000)
  to   space 19456K, 0% used [0x00000007bda00000,0x00000007bda00000,0x00000007bed00000)
 ParOldGen       total 349696K, used 151786K [0x00000007a0000000, 0x00000007b5580000, 0x00000007b5580000)
  object space 349696K, 43% used [0x00000007a0000000,0x00000007a943aa18,0x00000007b5580000)
 Metaspace       used 5446K, capacity 5616K, committed 5760K, reserved 1056768K
  class space    used 579K, capacity 630K, committed 640K, reserved 1048576K
2018-07-25T18:08:16.822-0800: 19.103: [GC (Allocation Failure) [PSYoungGen: 139310K->9861K(155136K)] 291097K->187689K(504832K), 0.0043901 secs] [Times: user=0.03 sys=0.00, real=0.00 secs] 
Heap after GC invocations=213 (full 8):
 PSYoungGen      total 155136K, used 9861K [0x00000007b5580000, 0x00000007c0000000, 0x00000007c0000000)
  eden space 135680K, 0% used [0x00000007b5580000,0x00000007b5580000,0x00000007bda00000)
  from space 19456K, 50% used [0x00000007bda00000,0x00000007be3a1698,0x00000007bed00000)
  to   space 19456K, 0% used [0x00000007bed00000,0x00000007bed00000,0x00000007c0000000)
 ParOldGen       total 349696K, used 177828K [0x00000007a0000000, 0x00000007b5580000, 0x00000007b5580000)
  object space 349696K, 50% used [0x00000007a0000000,0x00000007aada90e0,0x00000007b5580000)
 Metaspace       used 5446K, capacity 5616K, committed 5760K, reserved 1056768K
  class space    used 579K, capacity 630K, committed 640K, reserved 1048576K
}
{Heap before GC invocations=214 (full 8):
 PSYoungGen      total 155136K, used 116336K [0x00000007b5580000, 0x00000007c0000000, 0x00000007c0000000)
  eden space 135680K, 78% used [0x00000007b5580000,0x00000007bbd7ac38,0x00000007bda00000)
  from space 19456K, 50% used [0x00000007bda00000,0x00000007be3a1698,0x00000007bed00000)
  to   space 19456K, 0% used [0x00000007bed00000,0x00000007bed00000,0x00000007c0000000)
 ParOldGen       total 349696K, used 177828K [0x00000007a0000000, 0x00000007b5580000, 0x00000007b5580000)
  object space 349696K, 50% used [0x00000007a0000000,0x00000007aada90e0,0x00000007b5580000)
 Metaspace       used 5446K, capacity 5616K, committed 5760K, reserved 1056768K
  class space    used 579K, capacity 630K, committed 640K, reserved 1048576K
2018-07-25T18:08:16.839-0800: 19.120: [GC (Allocation Failure) [PSYoungGen: 116336K->0K(155136K)] 294164K->213662K(504832K), 0.0054275 secs] [Times: user=0.04 sys=0.00, real=0.01 secs] 
Heap after GC invocations=214 (full 8):
 PSYoungGen      total 155136K, used 0K [0x00000007b5580000, 0x00000007c0000000, 0x00000007c0000000)
  eden space 135680K, 0% used [0x00000007b5580000,0x00000007b5580000,0x00000007bda00000)
  from space 19456K, 0% used [0x00000007bed00000,0x00000007bed00000,0x00000007c0000000)
  to   space 19456K, 0% used [0x00000007bda00000,0x00000007bda00000,0x00000007bed00000)
 ParOldGen       total 349696K, used 213662K [0x00000007a0000000, 0x00000007b5580000, 0x00000007b5580000)
  object space 349696K, 61% used [0x00000007a0000000,0x00000007ad0a7838,0x00000007b5580000)
 Metaspace       used 5446K, capacity 5616K, committed 5760K, reserved 1056768K
  class space    used 579K, capacity 630K, committed 640K, reserved 1048576K
}
{Heap before GC invocations=215 (full 8):
 PSYoungGen      total 155136K, used 129267K [0x00000007b5580000, 0x00000007c0000000, 0x00000007c0000000)
  eden space 135680K, 95% used [0x00000007b5580000,0x00000007bd3bce28,0x00000007bda00000)
  from space 19456K, 0% used [0x00000007bed00000,0x00000007bed00000,0x00000007c0000000)
  to   space 19456K, 0% used [0x00000007bda00000,0x00000007bda00000,0x00000007bed00000)
 ParOldGen       total 349696K, used 213662K [0x00000007a0000000, 0x00000007b5580000, 0x00000007b5580000)
  object space 349696K, 61% used [0x00000007a0000000,0x00000007ad0a7838,0x00000007b5580000)
 Metaspace       used 5446K, capacity 5616K, committed 5760K, reserved 1056768K
  class space    used 579K, capacity 630K, committed 640K, reserved 1048576K
2018-07-25T18:08:16.952-0800: 19.232: [GC (Allocation Failure) [PSYoungGen: 129267K->9861K(155136K)] 342929K->275607K(504832K), 0.0060727 secs] [Times: user=0.05 sys=0.00, real=0.00 secs] 
Heap after GC invocations=215 (full 8):
 PSYoungGen      total 155136K, used 9861K [0x00000007b5580000, 0x00000007c0000000, 0x00000007c0000000)
  eden space 135680K, 0% used [0x00000007b5580000,0x00000007b5580000,0x00000007bda00000)
  from space 19456K, 50% used [0x00000007bda00000,0x00000007be3a1698,0x00000007bed00000)
  to   space 19456K, 0% used [0x00000007bed00000,0x00000007bed00000,0x00000007c0000000)
 ParOldGen       total 349696K, used 265745K [0x00000007a0000000, 0x00000007b5580000, 0x00000007b5580000)
  object space 349696K, 75% used [0x00000007a0000000,0x00000007b03845e8,0x00000007b5580000)
 Metaspace       used 5446K, capacity 5616K, committed 5760K, reserved 1056768K
  class space    used 579K, capacity 630K, committed 640K, reserved 1048576K
}
{Heap before GC invocations=216 (full 8):
 PSYoungGen      total 155136K, used 142524K [0x00000007b5580000, 0x00000007c0000000, 0x00000007c0000000)
  eden space 135680K, 97% used [0x00000007b5580000,0x00000007bd70da70,0x00000007bda00000)
  from space 19456K, 50% used [0x00000007bda00000,0x00000007be3a1698,0x00000007bed00000)
  to   space 19456K, 0% used [0x00000007bed00000,0x00000007bed00000,0x00000007c0000000)
 ParOldGen       total 349696K, used 265745K [0x00000007a0000000, 0x00000007b5580000, 0x00000007b5580000)
  object space 349696K, 75% used [0x00000007a0000000,0x00000007b03845e8,0x00000007b5580000)
 Metaspace       used 5446K, capacity 5616K, committed 5760K, reserved 1056768K
  class space    used 579K, capacity 630K, committed 640K, reserved 1048576K
2018-07-25T18:08:17.052-0800: 19.332: [GC (Allocation Failure) [PSYoungGen: 142524K->64K(155136K)] 408269K->265809K(504832K), 0.0013410 secs] [Times: user=0.01 sys=0.00, real=0.00 secs] 
Heap after GC invocations=216 (full 8):
 PSYoungGen      total 155136K, used 64K [0x00000007b5580000, 0x00000007c0000000, 0x00000007c0000000)
  eden space 135680K, 0% used [0x00000007b5580000,0x00000007b5580000,0x00000007bda00000)
  from space 19456K, 0% used [0x00000007bed00000,0x00000007bed10000,0x00000007c0000000)
  to   space 19456K, 0% used [0x00000007bda00000,0x00000007bda00000,0x00000007bed00000)
 ParOldGen       total 349696K, used 265745K [0x00000007a0000000, 0x00000007b5580000, 0x00000007b5580000)
  object space 349696K, 75% used [0x00000007a0000000,0x00000007b03845e8,0x00000007b5580000)
 Metaspace       used 5446K, capacity 5616K, committed 5760K, reserved 1056768K
  class space    used 579K, capacity 630K, committed 640K, reserved 1048576K
}
{Heap before GC invocations=217 (full 8):
 PSYoungGen      total 155136K, used 129545K [0x00000007b5580000, 0x00000007c0000000, 0x00000007c0000000)
  eden space 135680K, 95% used [0x00000007b5580000,0x00000007bd3f24b8,0x00000007bda00000)
  from space 19456K, 0% used [0x00000007bed00000,0x00000007bed10000,0x00000007c0000000)
  to   space 19456K, 0% used [0x00000007bda00000,0x00000007bda00000,0x00000007bed00000)
 ParOldGen       total 349696K, used 265745K [0x00000007a0000000, 0x00000007b5580000, 0x00000007b5580000)
  object space 349696K, 75% used [0x00000007a0000000,0x00000007b03845e8,0x00000007b5580000)
 Metaspace       used 5447K, capacity 5616K, committed 5760K, reserved 1056768K
  class space    used 579K, capacity 630K, committed 640K, reserved 1048576K
2018-07-25T18:08:17.082-0800: 19.363: [GC (Allocation Failure) [PSYoungGen: 129545K->9797K(155136K)] 395290K->327653K(504832K), 0.0076253 secs] [Times: user=0.05 sys=0.00, real=0.01 secs] 
Heap after GC invocations=217 (full 8):
 PSYoungGen      total 155136K, used 9797K [0x00000007b5580000, 0x00000007c0000000, 0x00000007c0000000)
  eden space 135680K, 0% used [0x00000007b5580000,0x00000007b5580000,0x00000007bda00000)
  from space 19456K, 50% used [0x00000007bda00000,0x00000007be391698,0x00000007bed00000)
  to   space 19456K, 0% used [0x00000007bed00000,0x00000007bed00000,0x00000007c0000000)
 ParOldGen       total 349696K, used 317855K [0x00000007a0000000, 0x00000007b5580000, 0x00000007b5580000)
  object space 349696K, 90% used [0x00000007a0000000,0x00000007b3667fe8,0x00000007b5580000)
 Metaspace       used 5447K, capacity 5616K, committed 5760K, reserved 1056768K
  class space    used 579K, capacity 630K, committed 640K, reserved 1048576K
}
{Heap before GC invocations=218 (full 9):
 PSYoungGen      total 155136K, used 9797K [0x00000007b5580000, 0x00000007c0000000, 0x00000007c0000000)
  eden space 135680K, 0% used [0x00000007b5580000,0x00000007b5580000,0x00000007bda00000)
  from space 19456K, 50% used [0x00000007bda00000,0x00000007be391698,0x00000007bed00000)
  to   space 19456K, 0% used [0x00000007bed00000,0x00000007bed00000,0x00000007c0000000)
 ParOldGen       total 349696K, used 317855K [0x00000007a0000000, 0x00000007b5580000, 0x00000007b5580000)
  object space 349696K, 90% used [0x00000007a0000000,0x00000007b3667fe8,0x00000007b5580000)
 Metaspace       used 5447K, capacity 5616K, committed 5760K, reserved 1056768K
  class space    used 579K, capacity 630K, committed 640K, reserved 1048576K
2018-07-25T18:08:17.090-0800: 19.370: [Full GC (Ergonomics) [PSYoungGen: 9797K->0K(155136K)] [ParOldGen: 317855K->73636K(349696K)] 327653K->73636K(504832K), [Metaspace: 5447K->5447K(1056768K)], 0.0103523 secs] [Times: user=0.06 sys=0.00, real=0.01 secs] 
Heap after GC invocations=218 (full 9):
 PSYoungGen      total 155136K, used 0K [0x00000007b5580000, 0x00000007c0000000, 0x00000007c0000000)
  eden space 135680K, 0% used [0x00000007b5580000,0x00000007b5580000,0x00000007bda00000)
  from space 19456K, 0% used [0x00000007bda00000,0x00000007bda00000,0x00000007bed00000)
  to   space 19456K, 0% used [0x00000007bed00000,0x00000007bed00000,0x00000007c0000000)
 ParOldGen       total 349696K, used 73636K [0x00000007a0000000, 0x00000007b5580000, 0x00000007b5580000)
  object space 349696K, 21% used [0x00000007a0000000,0x00000007a47e93d0,0x00000007b5580000)
 Metaspace       used 5447K, capacity 5616K, committed 5760K, reserved 1056768K
  class space    used 579K, capacity 630K, committed 640K, reserved 1048576K
}
{Heap before GC invocations=219 (full 9):
 PSYoungGen      total 155136K, used 129528K [0x00000007b5580000, 0x00000007c0000000, 0x00000007c0000000)
  eden space 135680K, 95% used [0x00000007b5580000,0x00000007bd3fe1d0,0x00000007bda00000)
  from space 19456K, 0% used [0x00000007bda00000,0x00000007bda00000,0x00000007bed00000)
  to   space 19456K, 0% used [0x00000007bed00000,0x00000007bed00000,0x00000007c0000000)
 ParOldGen       total 349696K, used 73636K [0x00000007a0000000, 0x00000007b5580000, 0x00000007b5580000)
  object space 349696K, 21% used [0x00000007a0000000,0x00000007a47e93d0,0x00000007b5580000)
 Metaspace       used 5447K, capacity 5616K, committed 5760K, reserved 1056768K
  class space    used 579K, capacity 630K, committed 640K, reserved 1048576K
2018-07-25T18:08:17.217-0800: 19.497: [GC (Allocation Failure) [PSYoungGen: 129528K->9829K(155136K)] 203165K->135550K(504832K), 0.0107844 secs] [Times: user=0.07 sys=0.00, real=0.01 secs] 
Heap after GC invocations=219 (full 9):
 PSYoungGen      total 155136K, used 9829K [0x00000007b5580000, 0x00000007c0000000, 0x00000007c0000000)
  eden space 135680K, 0% used [0x00000007b5580000,0x00000007b5580000,0x00000007bda00000)
  from space 19456K, 50% used [0x00000007bed00000,0x00000007bf699698,0x00000007c0000000)
  to   space 19456K, 0% used [0x00000007bda00000,0x00000007bda00000,0x00000007bed00000)
 ParOldGen       total 349696K, used 125720K [0x00000007a0000000, 0x00000007b5580000, 0x00000007b5580000)
  object space 349696K, 35% used [0x00000007a0000000,0x00000007a7ac61a0,0x00000007b5580000)
 Metaspace       used 5447K, capacity 5616K, committed 5760K, reserved 1056768K
  class space    used 579K, capacity 630K, committed 640K, reserved 1048576K
}
{Heap before GC invocations=220 (full 9):
 PSYoungGen      total 155136K, used 116314K [0x00000007b5580000, 0x00000007c0000000, 0x00000007c0000000)
  eden space 135680K, 78% used [0x00000007b5580000,0x00000007bbd7d438,0x00000007bda00000)
  from space 19456K, 50% used [0x00000007bed00000,0x00000007bf699698,0x00000007c0000000)
  to   space 19456K, 0% used [0x00000007bda00000,0x00000007bda00000,0x00000007bed00000)
 ParOldGen       total 349696K, used 125720K [0x00000007a0000000, 0x00000007b5580000, 0x00000007b5580000)
  object space 349696K, 35% used [0x00000007a0000000,0x00000007a7ac61a0,0x00000007b5580000)
 Metaspace       used 5447K, capacity 5616K, committed 5760K, reserved 1056768K
  class space    used 579K, capacity 630K, committed 640K, reserved 1048576K
2018-07-25T18:08:17.241-0800: 19.522: [GC (Allocation Failure) [PSYoungGen: 116314K->0K(155136K)] 242035K->161563K(504832K), 0.0053168 secs] [Times: user=0.04 sys=0.00, real=0.00 secs] 
Heap after GC invocations=220 (full 9):
 PSYoungGen      total 155136K, used 0K [0x00000007b5580000, 0x00000007c0000000, 0x00000007c0000000)
  eden space 135680K, 0% used [0x00000007b5580000,0x00000007b5580000,0x00000007bda00000)
  from space 19456K, 0% used [0x00000007bda00000,0x00000007bda00000,0x00000007bed00000)
  to   space 19456K, 0% used [0x00000007bed00000,0x00000007bed00000,0x00000007c0000000)
 ParOldGen       total 349696K, used 161563K [0x00000007a0000000, 0x00000007b5580000, 0x00000007b5580000)
  object space 349696K, 46% used [0x00000007a0000000,0x00000007a9dc6d00,0x00000007b5580000)
 Metaspace       used 5447K, capacity 5616K, committed 5760K, reserved 1056768K
  class space    used 579K, capacity 630K, committed 640K, reserved 1048576K
}
{Heap before GC invocations=221 (full 9):
 PSYoungGen      total 155136K, used 129274K [0x00000007b5580000, 0x00000007c0000000, 0x00000007c0000000)
  eden space 135680K, 95% used [0x00000007b5580000,0x00000007bd3be800,0x00000007bda00000)
  from space 19456K, 0% used [0x00000007bda00000,0x00000007bda00000,0x00000007bed00000)
  to   space 19456K, 0% used [0x00000007bed00000,0x00000007bed00000,0x00000007c0000000)
 ParOldGen       total 349696K, used 161563K [0x00000007a0000000, 0x00000007b5580000, 0x00000007b5580000)
  object space 349696K, 46% used [0x00000007a0000000,0x00000007a9dc6d00,0x00000007b5580000)
 Metaspace       used 5447K, capacity 5616K, committed 5760K, reserved 1056768K
  class space    used 579K, capacity 630K, committed 640K, reserved 1048576K
2018-07-25T18:08:17.360-0800: 19.641: [GC (Allocation Failure) [PSYoungGen: 129274K->9893K(155136K)] 290837K->223540K(504832K), 0.0061671 secs] [Times: user=0.04 sys=0.00, real=0.00 secs] 
Heap after GC invocations=221 (full 9):
 PSYoungGen      total 155136K, used 9893K [0x00000007b5580000, 0x00000007c0000000, 0x00000007c0000000)
  eden space 135680K, 0% used [0x00000007b5580000,0x00000007b5580000,0x00000007bda00000)
  from space 19456K, 50% used [0x00000007bed00000,0x00000007bf6a9698,0x00000007c0000000)
  to   space 19456K, 0% used [0x00000007bda00000,0x00000007bda00000,0x00000007bed00000)
 ParOldGen       total 349696K, used 213646K [0x00000007a0000000, 0x00000007b5580000, 0x00000007b5580000)
  object space 349696K, 61% used [0x00000007a0000000,0x00000007ad0a3ab0,0x00000007b5580000)
 Metaspace       used 5447K, capacity 5616K, committed 5760K, reserved 1056768K
  class space    used 579K, capacity 630K, committed 640K, reserved 1048576K
}
{Heap before GC invocations=222 (full 9):
 PSYoungGen      total 155136K, used 142560K [0x00000007b5580000, 0x00000007c0000000, 0x00000007c0000000)
  eden space 135680K, 97% used [0x00000007b5580000,0x00000007bd70eb38,0x00000007bda00000)
  from space 19456K, 50% used [0x00000007bed00000,0x00000007bf6a9698,0x00000007c0000000)
  to   space 19456K, 0% used [0x00000007bda00000,0x00000007bda00000,0x00000007bed00000)
 ParOldGen       total 349696K, used 213646K [0x00000007a0000000, 0x00000007b5580000, 0x00000007b5580000)
  object space 349696K, 61% used [0x00000007a0000000,0x00000007ad0a3ab0,0x00000007b5580000)
 Metaspace       used 5447K, capacity 5616K, committed 5760K, reserved 1056768K
  class space    used 579K, capacity 630K, committed 640K, reserved 1048576K
2018-07-25T18:08:17.458-0800: 19.738: [GC (Allocation Failure) [PSYoungGen: 142560K->64K(155136K)] 356207K->213710K(504832K), 0.0015895 secs] [Times: user=0.00 sys=0.00, real=0.01 secs] 
Heap after GC invocations=222 (full 9):
 PSYoungGen      total 155136K, used 64K [0x00000007b5580000, 0x00000007c0000000, 0x00000007c0000000)
  eden space 135680K, 0% used [0x00000007b5580000,0x00000007b5580000,0x00000007bda00000)
  from space 19456K, 0% used [0x00000007bda00000,0x00000007bda10000,0x00000007bed00000)
  to   space 19456K, 0% used [0x00000007bed00000,0x00000007bed00000,0x00000007c0000000)
 ParOldGen       total 349696K, used 213646K [0x00000007a0000000, 0x00000007b5580000, 0x00000007b5580000)
  object space 349696K, 61% used [0x00000007a0000000,0x00000007ad0a3ab0,0x00000007b5580000)
 Metaspace       used 5447K, capacity 5616K, committed 5760K, reserved 1056768K
  class space    used 579K, capacity 630K, committed 640K, reserved 1048576K
}
{Heap before GC invocations=223 (full 9):
 PSYoungGen      total 155136K, used 129547K [0x00000007b5580000, 0x00000007c0000000, 0x00000007c0000000)
  eden space 135680K, 95% used [0x00000007b5580000,0x00000007bd3f2f98,0x00000007bda00000)
  from space 19456K, 0% used [0x00000007bda00000,0x00000007bda10000,0x00000007bed00000)
  to   space 19456K, 0% used [0x00000007bed00000,0x00000007bed00000,0x00000007c0000000)
 ParOldGen       total 349696K, used 213646K [0x00000007a0000000, 0x00000007b5580000, 0x00000007b5580000)
  object space 349696K, 61% used [0x00000007a0000000,0x00000007ad0a3ab0,0x00000007b5580000)
 Metaspace       used 5447K, capacity 5616K, committed 5760K, reserved 1056768K
  class space    used 579K, capacity 630K, committed 640K, reserved 1048576K
2018-07-25T18:08:17.489-0800: 19.769: [GC (Allocation Failure) [PSYoungGen: 129547K->9797K(155136K)] 343194K->275555K(504832K), 0.0085537 secs] [Times: user=0.06 sys=0.00, real=0.01 secs] 
Heap after GC invocations=223 (full 9):
 PSYoungGen      total 155136K, used 9797K [0x00000007b5580000, 0x00000007c0000000, 0x00000007c0000000)
  eden space 135680K, 0% used [0x00000007b5580000,0x00000007b5580000,0x00000007bda00000)
  from space 19456K, 50% used [0x00000007bed00000,0x00000007bf691698,0x00000007c0000000)
  to   space 19456K, 0% used [0x00000007bda00000,0x00000007bda00000,0x00000007bed00000)
 ParOldGen       total 349696K, used 265758K [0x00000007a0000000, 0x00000007b5580000, 0x00000007b5580000)
  object space 349696K, 75% used [0x00000007a0000000,0x00000007b03878b8,0x00000007b5580000)
 Metaspace       used 5447K, capacity 5616K, committed 5760K, reserved 1056768K
  class space    used 579K, capacity 630K, committed 640K, reserved 1048576K
}
{Heap before GC invocations=224 (full 9):
 PSYoungGen      total 155136K, used 139327K [0x00000007b5580000, 0x00000007c0000000, 0x00000007c0000000)
  eden space 135680K, 95% used [0x00000007b5580000,0x00000007bd3fe8f0,0x00000007bda00000)
  from space 19456K, 50% used [0x00000007bed00000,0x00000007bf691698,0x00000007c0000000)
  to   space 19456K, 0% used [0x00000007bda00000,0x00000007bda00000,0x00000007bed00000)
 ParOldGen       total 349696K, used 265758K [0x00000007a0000000, 0x00000007b5580000, 0x00000007b5580000)
  object space 349696K, 75% used [0x00000007a0000000,0x00000007b03878b8,0x00000007b5580000)
 Metaspace       used 5447K, capacity 5616K, committed 5760K, reserved 1056768K
  class space    used 579K, capacity 630K, committed 640K, reserved 1048576K
2018-07-25T18:08:17.607-0800: 19.887: [GC (Allocation Failure) [PSYoungGen: 139327K->9861K(155136K)] 405086K->301661K(504832K), 0.0049721 secs] [Times: user=0.03 sys=0.01, real=0.01 secs] 
Heap after GC invocations=224 (full 9):
 PSYoungGen      total 155136K, used 9861K [0x00000007b5580000, 0x00000007c0000000, 0x00000007c0000000)
  eden space 135680K, 0% used [0x00000007b5580000,0x00000007b5580000,0x00000007bda00000)
  from space 19456K, 50% used [0x00000007bda00000,0x00000007be3a1698,0x00000007bed00000)
  to   space 19456K, 0% used [0x00000007bed00000,0x00000007bed00000,0x00000007c0000000)
 ParOldGen       total 349696K, used 291799K [0x00000007a0000000, 0x00000007b5580000, 0x00000007b5580000)
  object space 349696K, 83% used [0x00000007a0000000,0x00000007b1cf5f80,0x00000007b5580000)
 Metaspace       used 5447K, capacity 5616K, committed 5760K, reserved 1056768K
  class space    used 579K, capacity 630K, committed 640K, reserved 1048576K
}
{Heap before GC invocations=225 (full 10):
 PSYoungGen      total 155136K, used 9861K [0x00000007b5580000, 0x00000007c0000000, 0x00000007c0000000)
  eden space 135680K, 0% used [0x00000007b5580000,0x00000007b5580000,0x00000007bda00000)
  from space 19456K, 50% used [0x00000007bda00000,0x00000007be3a1698,0x00000007bed00000)
  to   space 19456K, 0% used [0x00000007bed00000,0x00000007bed00000,0x00000007c0000000)
 ParOldGen       total 349696K, used 291799K [0x00000007a0000000, 0x00000007b5580000, 0x00000007b5580000)
  object space 349696K, 83% used [0x00000007a0000000,0x00000007b1cf5f80,0x00000007b5580000)
 Metaspace       used 5447K, capacity 5616K, committed 5760K, reserved 1056768K
  class space    used 579K, capacity 630K, committed 640K, reserved 1048576K
2018-07-25T18:08:17.612-0800: 19.892: [Full GC (Ergonomics) [PSYoungGen: 9861K->0K(155136K)] [ParOldGen: 291799K->47596K(349696K)] 301661K->47596K(504832K), [Metaspace: 5447K->5447K(1056768K)], 0.0074325 secs] [Times: user=0.04 sys=0.00, real=0.00 secs] 
Heap after GC invocations=225 (full 10):
 PSYoungGen      total 155136K, used 0K [0x00000007b5580000, 0x00000007c0000000, 0x00000007c0000000)
  eden space 135680K, 0% used [0x00000007b5580000,0x00000007b5580000,0x00000007bda00000)
  from space 19456K, 0% used [0x00000007bda00000,0x00000007bda00000,0x00000007bed00000)
  to   space 19456K, 0% used [0x00000007bed00000,0x00000007bed00000,0x00000007c0000000)
 ParOldGen       total 349696K, used 47596K [0x00000007a0000000, 0x00000007b5580000, 0x00000007b5580000)
  object space 349696K, 13% used [0x00000007a0000000,0x00000007a2e7b2a8,0x00000007b5580000)
 Metaspace       used 5447K, capacity 5616K, committed 5760K, reserved 1056768K
  class space    used 579K, capacity 630K, committed 640K, reserved 1048576K
}
{Heap before GC invocations=226 (full 10):
 PSYoungGen      total 155136K, used 106486K [0x00000007b5580000, 0x00000007c0000000, 0x00000007c0000000)
  eden space 135680K, 78% used [0x00000007b5580000,0x00000007bbd7d8d0,0x00000007bda00000)
  from space 19456K, 0% used [0x00000007bda00000,0x00000007bda00000,0x00000007bed00000)
  to   space 19456K, 0% used [0x00000007bed00000,0x00000007bed00000,0x00000007c0000000)
 ParOldGen       total 349696K, used 47596K [0x00000007a0000000, 0x00000007b5580000, 0x00000007b5580000)
  object space 349696K, 13% used [0x00000007a0000000,0x00000007a2e7b2a8,0x00000007b5580000)
 Metaspace       used 5447K, capacity 5616K, committed 5760K, reserved 1056768K
  class space    used 579K, capacity 630K, committed 640K, reserved 1048576K
2018-07-25T18:08:17.632-0800: 19.912: [GC (Allocation Failure) [PSYoungGen: 106486K->0K(155136K)] 154082K->125721K(504832K), 0.0091967 secs] [Times: user=0.07 sys=0.00, real=0.01 secs] 
Heap after GC invocations=226 (full 10):
 PSYoungGen      total 155136K, used 0K [0x00000007b5580000, 0x00000007c0000000, 0x00000007c0000000)
  eden space 135680K, 0% used [0x00000007b5580000,0x00000007b5580000,0x00000007bda00000)
  from space 19456K, 0% used [0x00000007bed00000,0x00000007bed00000,0x00000007c0000000)
  to   space 19456K, 0% used [0x00000007bda00000,0x00000007bda00000,0x00000007bed00000)
 ParOldGen       total 349696K, used 125721K [0x00000007a0000000, 0x00000007b5580000, 0x00000007b5580000)
  object space 349696K, 35% used [0x00000007a0000000,0x00000007a7ac6748,0x00000007b5580000)
 Metaspace       used 5447K, capacity 5616K, committed 5760K, reserved 1056768K
  class space    used 579K, capacity 630K, committed 640K, reserved 1048576K
}
{Heap before GC invocations=227 (full 10):
 PSYoungGen      total 155136K, used 128925K [0x00000007b5580000, 0x00000007c0000000, 0x00000007c0000000)
  eden space 135680K, 95% used [0x00000007b5580000,0x00000007bd367628,0x00000007bda00000)
  from space 19456K, 0% used [0x00000007bed00000,0x00000007bed00000,0x00000007c0000000)
  to   space 19456K, 0% used [0x00000007bda00000,0x00000007bda00000,0x00000007bed00000)
 ParOldGen       total 349696K, used 125721K [0x00000007a0000000, 0x00000007b5580000, 0x00000007b5580000)
  object space 349696K, 35% used [0x00000007a0000000,0x00000007a7ac6748,0x00000007b5580000)
 Metaspace       used 5447K, capacity 5616K, committed 5760K, reserved 1056768K
  class space    used 579K, capacity 630K, committed 640K, reserved 1048576K
2018-07-25T18:08:17.759-0800: 20.040: [GC (Allocation Failure) [PSYoungGen: 128925K->9893K(155136K)] 254647K->187698K(504832K), 0.0051084 secs] [Times: user=0.03 sys=0.00, real=0.01 secs] 
Heap after GC invocations=227 (full 10):
 PSYoungGen      total 155136K, used 9893K [0x00000007b5580000, 0x00000007c0000000, 0x00000007c0000000)
  eden space 135680K, 0% used [0x00000007b5580000,0x00000007b5580000,0x00000007bda00000)
  from space 19456K, 50% used [0x00000007bda00000,0x00000007be3a9698,0x00000007bed00000)
  to   space 19456K, 0% used [0x00000007bed00000,0x00000007bed00000,0x00000007c0000000)
 ParOldGen       total 349696K, used 177805K [0x00000007a0000000, 0x00000007b5580000, 0x00000007b5580000)
  object space 349696K, 50% used [0x00000007a0000000,0x00000007aada34f8,0x00000007b5580000)
 Metaspace       used 5447K, capacity 5616K, committed 5760K, reserved 1056768K
  class space    used 579K, capacity 630K, committed 640K, reserved 1048576K
}
{Heap before GC invocations=228 (full 10):
 PSYoungGen      total 155136K, used 142333K [0x00000007b5580000, 0x00000007c0000000, 0x00000007c0000000)
  eden space 135680K, 97% used [0x00000007b5580000,0x00000007bd6d6138,0x00000007bda00000)
  from space 19456K, 50% used [0x00000007bda00000,0x00000007be3a9698,0x00000007bed00000)
  to   space 19456K, 0% used [0x00000007bed00000,0x00000007bed00000,0x00000007c0000000)
 ParOldGen       total 349696K, used 177805K [0x00000007a0000000, 0x00000007b5580000, 0x00000007b5580000)
  object space 349696K, 50% used [0x00000007a0000000,0x00000007aada34f8,0x00000007b5580000)
 Metaspace       used 5447K, capacity 5616K, committed 5760K, reserved 1056768K
  class space    used 579K, capacity 630K, committed 640K, reserved 1048576K
2018-07-25T18:08:17.858-0800: 20.138: [GC (Allocation Failure) [PSYoungGen: 142333K->64K(155136K)] 320139K->177869K(504832K), 0.0012387 secs] [Times: user=0.00 sys=0.00, real=0.00 secs] 
Heap after GC invocations=228 (full 10):
 PSYoungGen      total 155136K, used 64K [0x00000007b5580000, 0x00000007c0000000, 0x00000007c0000000)
  eden space 135680K, 0% used [0x00000007b5580000,0x00000007b5580000,0x00000007bda00000)
  from space 19456K, 0% used [0x00000007bed00000,0x00000007bed10000,0x00000007c0000000)
  to   space 19456K, 0% used [0x00000007bda00000,0x00000007bda00000,0x00000007bed00000)
 ParOldGen       total 349696K, used 177805K [0x00000007a0000000, 0x00000007b5580000, 0x00000007b5580000)
  object space 349696K, 50% used [0x00000007a0000000,0x00000007aada34f8,0x00000007b5580000)
 Metaspace       used 5447K, capacity 5616K, committed 5760K, reserved 1056768K
  class space    used 579K, capacity 630K, committed 640K, reserved 1048576K
}
{Heap before GC invocations=229 (full 10):
 PSYoungGen      total 155136K, used 129402K [0x00000007b5580000, 0x00000007c0000000, 0x00000007c0000000)
  eden space 135680K, 95% used [0x00000007b5580000,0x00000007bd3ce938,0x00000007bda00000)
  from space 19456K, 0% used [0x00000007bed00000,0x00000007bed10000,0x00000007c0000000)
  to   space 19456K, 0% used [0x00000007bda00000,0x00000007bda00000,0x00000007bed00000)
 ParOldGen       total 349696K, used 177805K [0x00000007a0000000, 0x00000007b5580000, 0x00000007b5580000)
  object space 349696K, 50% used [0x00000007a0000000,0x00000007aada34f8,0x00000007b5580000)
 Metaspace       used 5447K, capacity 5616K, committed 5760K, reserved 1056768K
  class space    used 579K, capacity 630K, committed 640K, reserved 1048576K
2018-07-25T18:08:17.888-0800: 20.168: [GC (Allocation Failure) [PSYoungGen: 129402K->9797K(155136K)] 307207K->239715K(504832K), 0.0080366 secs] [Times: user=0.06 sys=0.00, real=0.01 secs] 
Heap after GC invocations=229 (full 10):
 PSYoungGen      total 155136K, used 9797K [0x00000007b5580000, 0x00000007c0000000, 0x00000007c0000000)
  eden space 135680K, 0% used [0x00000007b5580000,0x00000007b5580000,0x00000007bda00000)
  from space 19456K, 50% used [0x00000007bda00000,0x00000007be391698,0x00000007bed00000)
  to   space 19456K, 0% used [0x00000007bed00000,0x00000007bed00000,0x00000007c0000000)
 ParOldGen       total 349696K, used 229917K [0x00000007a0000000, 0x00000007b5580000, 0x00000007b5580000)
  object space 349696K, 65% used [0x00000007a0000000,0x00000007ae087708,0x00000007b5580000)
 Metaspace       used 5447K, capacity 5616K, committed 5760K, reserved 1056768K
  class space    used 579K, capacity 630K, committed 640K, reserved 1048576K
}
{Heap before GC invocations=230 (full 10):
 PSYoungGen      total 155136K, used 139234K [0x00000007b5580000, 0x00000007c0000000, 0x00000007c0000000)
  eden space 135680K, 95% used [0x00000007b5580000,0x00000007bd3e72b0,0x00000007bda00000)
  from space 19456K, 50% used [0x00000007bda00000,0x00000007be391698,0x00000007bed00000)
  to   space 19456K, 0% used [0x00000007bed00000,0x00000007bed00000,0x00000007c0000000)
 ParOldGen       total 349696K, used 229917K [0x00000007a0000000, 0x00000007b5580000, 0x00000007b5580000)
  object space 349696K, 65% used [0x00000007a0000000,0x00000007ae087708,0x00000007b5580000)
 Metaspace       used 5447K, capacity 5616K, committed 5760K, reserved 1056768K
  class space    used 579K, capacity 630K, committed 640K, reserved 1048576K
2018-07-25T18:08:18.008-0800: 20.289: [GC (Allocation Failure) [PSYoungGen: 139234K->9861K(155136K)] 369152K->265821K(504832K), 0.0046192 secs] [Times: user=0.03 sys=0.00, real=0.01 secs] 
Heap after GC invocations=230 (full 10):
 PSYoungGen      total 155136K, used 9861K [0x00000007b5580000, 0x00000007c0000000, 0x00000007c0000000)
  eden space 135680K, 0% used [0x00000007b5580000,0x00000007b5580000,0x00000007bda00000)
  from space 19456K, 50% used [0x00000007bed00000,0x00000007bf6a1698,0x00000007c0000000)
  to   space 19456K, 0% used [0x00000007bda00000,0x00000007bda00000,0x00000007bed00000)
 ParOldGen       total 349696K, used 255959K [0x00000007a0000000, 0x00000007b5580000, 0x00000007b5580000)
  object space 349696K, 73% used [0x00000007a0000000,0x00000007af9f5dd0,0x00000007b5580000)
 Metaspace       used 5447K, capacity 5616K, committed 5760K, reserved 1056768K
  class space    used 579K, capacity 630K, committed 640K, reserved 1048576K
}
{Heap before GC invocations=231 (full 10):
 PSYoungGen      total 155136K, used 116287K [0x00000007b5580000, 0x00000007c0000000, 0x00000007c0000000)
  eden space 135680K, 78% used [0x00000007b5580000,0x00000007bbd6e768,0x00000007bda00000)
  from space 19456K, 50% used [0x00000007bed00000,0x00000007bf6a1698,0x00000007c0000000)
  to   space 19456K, 0% used [0x00000007bda00000,0x00000007bda00000,0x00000007bed00000)
 ParOldGen       total 349696K, used 255959K [0x00000007a0000000, 0x00000007b5580000, 0x00000007b5580000)
  object space 349696K, 73% used [0x00000007a0000000,0x00000007af9f5dd0,0x00000007b5580000)
 Metaspace       used 5447K, capacity 5616K, committed 5760K, reserved 1056768K
  class space    used 579K, capacity 630K, committed 640K, reserved 1048576K
2018-07-25T18:08:18.027-0800: 20.307: [GC (Allocation Failure) [PSYoungGen: 116287K->0K(155136K)] 372246K->291796K(504832K), 0.0056514 secs] [Times: user=0.03 sys=0.00, real=0.01 secs] 
Heap after GC invocations=231 (full 10):
 PSYoungGen      total 155136K, used 0K [0x00000007b5580000, 0x00000007c0000000, 0x00000007c0000000)
  eden space 135680K, 0% used [0x00000007b5580000,0x00000007b5580000,0x00000007bda00000)
  from space 19456K, 0% used [0x00000007bda00000,0x00000007bda00000,0x00000007bed00000)
  to   space 19456K, 0% used [0x00000007bed00000,0x00000007bed00000,0x00000007c0000000)
 ParOldGen       total 349696K, used 291796K [0x00000007a0000000, 0x00000007b5580000, 0x00000007b5580000)
  object space 349696K, 83% used [0x00000007a0000000,0x00000007b1cf5140,0x00000007b5580000)
 Metaspace       used 5447K, capacity 5616K, committed 5760K, reserved 1056768K
  class space    used 579K, capacity 630K, committed 640K, reserved 1048576K
}
{Heap before GC invocations=232 (full 11):
 PSYoungGen      total 155136K, used 0K [0x00000007b5580000, 0x00000007c0000000, 0x00000007c0000000)
  eden space 135680K, 0% used [0x00000007b5580000,0x00000007b5580000,0x00000007bda00000)
  from space 19456K, 0% used [0x00000007bda00000,0x00000007bda00000,0x00000007bed00000)
  to   space 19456K, 0% used [0x00000007bed00000,0x00000007bed00000,0x00000007c0000000)
 ParOldGen       total 349696K, used 291796K [0x00000007a0000000, 0x00000007b5580000, 0x00000007b5580000)
  object space 349696K, 83% used [0x00000007a0000000,0x00000007b1cf5140,0x00000007b5580000)
 Metaspace       used 5447K, capacity 5616K, committed 5760K, reserved 1056768K
  class space    used 579K, capacity 630K, committed 640K, reserved 1048576K
2018-07-25T18:08:18.033-0800: 20.313: [Full GC (Ergonomics) [PSYoungGen: 0K->0K(155136K)] [ParOldGen: 291796K->47597K(349696K)] 291796K->47597K(504832K), [Metaspace: 5447K->5447K(1056768K)], 0.0094000 secs] [Times: user=0.04 sys=0.00, real=0.01 secs] 
Heap after GC invocations=232 (full 11):
 PSYoungGen      total 155136K, used 0K [0x00000007b5580000, 0x00000007c0000000, 0x00000007c0000000)
  eden space 135680K, 0% used [0x00000007b5580000,0x00000007b5580000,0x00000007bda00000)
  from space 19456K, 0% used [0x00000007bda00000,0x00000007bda00000,0x00000007bed00000)
  to   space 19456K, 0% used [0x00000007bed00000,0x00000007bed00000,0x00000007c0000000)
 ParOldGen       total 349696K, used 47597K [0x00000007a0000000, 0x00000007b5580000, 0x00000007b5580000)
  object space 349696K, 13% used [0x00000007a0000000,0x00000007a2e7b690,0x00000007b5580000)
 Metaspace       used 5447K, capacity 5616K, committed 5760K, reserved 1056768K
  class space    used 579K, capacity 630K, committed 640K, reserved 1048576K
}
{Heap before GC invocations=233 (full 11):
 PSYoungGen      total 155136K, used 129236K [0x00000007b5580000, 0x00000007c0000000, 0x00000007c0000000)
  eden space 135680K, 95% used [0x00000007b5580000,0x00000007bd3b5028,0x00000007bda00000)
  from space 19456K, 0% used [0x00000007bda00000,0x00000007bda00000,0x00000007bed00000)
  to   space 19456K, 0% used [0x00000007bed00000,0x00000007bed00000,0x00000007c0000000)
 ParOldGen       total 349696K, used 47597K [0x00000007a0000000, 0x00000007b5580000, 0x00000007b5580000)
  object space 349696K, 13% used [0x00000007a0000000,0x00000007a2e7b690,0x00000007b5580000)
 Metaspace       used 5447K, capacity 5616K, committed 5760K, reserved 1056768K
  class space    used 579K, capacity 630K, committed 640K, reserved 1048576K
2018-07-25T18:08:18.159-0800: 20.439: [GC (Allocation Failure) [PSYoungGen: 129236K->9893K(155136K)] 176833K->109574K(504832K), 0.0060896 secs] [Times: user=0.04 sys=0.00, real=0.01 secs] 
Heap after GC invocations=233 (full 11):
 PSYoungGen      total 155136K, used 9893K [0x00000007b5580000, 0x00000007c0000000, 0x00000007c0000000)
  eden space 135680K, 0% used [0x00000007b5580000,0x00000007b5580000,0x00000007bda00000)
  from space 19456K, 50% used [0x00000007bed00000,0x00000007bf6a9698,0x00000007c0000000)
  to   space 19456K, 0% used [0x00000007bda00000,0x00000007bda00000,0x00000007bed00000)
 ParOldGen       total 349696K, used 99681K [0x00000007a0000000, 0x00000007b5580000, 0x00000007b5580000)
  object space 349696K, 28% used [0x00000007a0000000,0x00000007a6158440,0x00000007b5580000)
 Metaspace       used 5447K, capacity 5616K, committed 5760K, reserved 1056768K
  class space    used 579K, capacity 630K, committed 640K, reserved 1048576K
}
{Heap before GC invocations=234 (full 11):
 PSYoungGen      total 155136K, used 142519K [0x00000007b5580000, 0x00000007c0000000, 0x00000007c0000000)
  eden space 135680K, 97% used [0x00000007b5580000,0x00000007bd704570,0x00000007bda00000)
  from space 19456K, 50% used [0x00000007bed00000,0x00000007bf6a9698,0x00000007c0000000)
  to   space 19456K, 0% used [0x00000007bda00000,0x00000007bda00000,0x00000007bed00000)
 ParOldGen       total 349696K, used 99681K [0x00000007a0000000, 0x00000007b5580000, 0x00000007b5580000)
  object space 349696K, 28% used [0x00000007a0000000,0x00000007a6158440,0x00000007b5580000)
 Metaspace       used 5447K, capacity 5616K, committed 5760K, reserved 1056768K
  class space    used 579K, capacity 630K, committed 640K, reserved 1048576K
2018-07-25T18:08:18.261-0800: 20.541: [GC (Allocation Failure) [PSYoungGen: 142519K->128K(155136K)] 242200K->99809K(504832K), 0.0010678 secs] [Times: user=0.00 sys=0.00, real=0.00 secs] 
Heap after GC invocations=234 (full 11):
 PSYoungGen      total 155136K, used 128K [0x00000007b5580000, 0x00000007c0000000, 0x00000007c0000000)
  eden space 135680K, 0% used [0x00000007b5580000,0x00000007b5580000,0x00000007bda00000)
  from space 19456K, 0% used [0x00000007bda00000,0x00000007bda20000,0x00000007bed00000)
  to   space 19456K, 0% used [0x00000007bed00000,0x00000007bed00000,0x00000007c0000000)
 ParOldGen       total 349696K, used 99681K [0x00000007a0000000, 0x00000007b5580000, 0x00000007b5580000)
  object space 349696K, 28% used [0x00000007a0000000,0x00000007a6158440,0x00000007b5580000)
 Metaspace       used 5447K, capacity 5616K, committed 5760K, reserved 1056768K
  class space    used 579K, capacity 630K, committed 640K, reserved 1048576K
}
{Heap before GC invocations=235 (full 11):
 PSYoungGen      total 155136K, used 129585K [0x00000007b5580000, 0x00000007c0000000, 0x00000007c0000000)
  eden space 135680K, 95% used [0x00000007b5580000,0x00000007bd3ec540,0x00000007bda00000)
  from space 19456K, 0% used [0x00000007bda00000,0x00000007bda20000,0x00000007bed00000)
  to   space 19456K, 0% used [0x00000007bed00000,0x00000007bed00000,0x00000007c0000000)
 ParOldGen       total 349696K, used 99681K [0x00000007a0000000, 0x00000007b5580000, 0x00000007b5580000)
  object space 349696K, 28% used [0x00000007a0000000,0x00000007a6158440,0x00000007b5580000)
 Metaspace       used 5447K, capacity 5616K, committed 5760K, reserved 1056768K
  class space    used 579K, capacity 630K, committed 640K, reserved 1048576K
2018-07-25T18:08:18.295-0800: 20.575: [GC (Allocation Failure) [PSYoungGen: 129585K->9797K(155136K)] 229266K->161608K(504832K), 0.0069888 secs] [Times: user=0.05 sys=0.00, real=0.01 secs] 
Heap after GC invocations=235 (full 11):
 PSYoungGen      total 155136K, used 9797K [0x00000007b5580000, 0x00000007c0000000, 0x00000007c0000000)
  eden space 135680K, 0% used [0x00000007b5580000,0x00000007b5580000,0x00000007bda00000)
  from space 19456K, 50% used [0x00000007bed00000,0x00000007bf691698,0x00000007c0000000)
  to   space 19456K, 0% used [0x00000007bda00000,0x00000007bda00000,0x00000007bed00000)
 ParOldGen       total 349696K, used 151810K [0x00000007a0000000, 0x00000007b5580000, 0x00000007b5580000)
  object space 349696K, 43% used [0x00000007a0000000,0x00000007a9440a58,0x00000007b5580000)
 Metaspace       used 5447K, capacity 5616K, committed 5760K, reserved 1056768K
  class space    used 579K, capacity 630K, committed 640K, reserved 1048576K
}
{Heap before GC invocations=236 (full 11):
 PSYoungGen      total 155136K, used 139310K [0x00000007b5580000, 0x00000007c0000000, 0x00000007c0000000)
  eden space 135680K, 95% used [0x00000007b5580000,0x00000007bd3fa4d0,0x00000007bda00000)
  from space 19456K, 50% used [0x00000007bed00000,0x00000007bf691698,0x00000007c0000000)
  to   space 19456K, 0% used [0x00000007bda00000,0x00000007bda00000,0x00000007bed00000)
 ParOldGen       total 349696K, used 151810K [0x00000007a0000000, 0x00000007b5580000, 0x00000007b5580000)
  object space 349696K, 43% used [0x00000007a0000000,0x00000007a9440a58,0x00000007b5580000)
 Metaspace       used 5447K, capacity 5616K, committed 5760K, reserved 1056768K
  class space    used 579K, capacity 630K, committed 640K, reserved 1048576K
2018-07-25T18:08:18.412-0800: 20.693: [GC (Allocation Failure) [PSYoungGen: 139310K->9861K(155136K)] 291121K->187713K(504832K), 0.0043648 secs] [Times: user=0.03 sys=0.00, real=0.00 secs] 
Heap after GC invocations=236 (full 11):
 PSYoungGen      total 155136K, used 9861K [0x00000007b5580000, 0x00000007c0000000, 0x00000007c0000000)
  eden space 135680K, 0% used [0x00000007b5580000,0x00000007b5580000,0x00000007bda00000)
  from space 19456K, 50% used [0x00000007bda00000,0x00000007be3a1698,0x00000007bed00000)
  to   space 19456K, 0% used [0x00000007bed00000,0x00000007bed00000,0x00000007c0000000)
 ParOldGen       total 349696K, used 177852K [0x00000007a0000000, 0x00000007b5580000, 0x00000007b5580000)
  object space 349696K, 50% used [0x00000007a0000000,0x00000007aadaf120,0x00000007b5580000)
 Metaspace       used 5447K, capacity 5616K, committed 5760K, reserved 1056768K
  class space    used 579K, capacity 630K, committed 640K, reserved 1048576K
}
{Heap before GC invocations=237 (full 11):
 PSYoungGen      total 155136K, used 116336K [0x00000007b5580000, 0x00000007c0000000, 0x00000007c0000000)
  eden space 135680K, 78% used [0x00000007b5580000,0x00000007bbd7acd8,0x00000007bda00000)
  from space 19456K, 50% used [0x00000007bda00000,0x00000007be3a1698,0x00000007bed00000)
  to   space 19456K, 0% used [0x00000007bed00000,0x00000007bed00000,0x00000007c0000000)
 ParOldGen       total 349696K, used 177852K [0x00000007a0000000, 0x00000007b5580000, 0x00000007b5580000)
  object space 349696K, 50% used [0x00000007a0000000,0x00000007aadaf120,0x00000007b5580000)
 Metaspace       used 5447K, capacity 5616K, committed 5760K, reserved 1056768K
  class space    used 579K, capacity 630K, committed 640K, reserved 1048576K
2018-07-25T18:08:18.433-0800: 20.714: [GC (Allocation Failure) [PSYoungGen: 116336K->0K(155136K)] 294189K->213690K(504832K), 0.0043198 secs] [Times: user=0.04 sys=0.00, real=0.00 secs] 
Heap after GC invocations=237 (full 11):
 PSYoungGen      total 155136K, used 0K [0x00000007b5580000, 0x00000007c0000000, 0x00000007c0000000)
  eden space 135680K, 0% used [0x00000007b5580000,0x00000007b5580000,0x00000007bda00000)
  from space 19456K, 0% used [0x00000007bed00000,0x00000007bed00000,0x00000007c0000000)
  to   space 19456K, 0% used [0x00000007bda00000,0x00000007bda00000,0x00000007bed00000)
 ParOldGen       total 349696K, used 213690K [0x00000007a0000000, 0x00000007b5580000, 0x00000007b5580000)
  object space 349696K, 61% used [0x00000007a0000000,0x00000007ad0ae898,0x00000007b5580000)
 Metaspace       used 5447K, capacity 5616K, committed 5760K, reserved 1056768K
  class space    used 579K, capacity 630K, committed 640K, reserved 1048576K
}
{Heap before GC invocations=238 (full 11):
 PSYoungGen      total 155136K, used 129267K [0x00000007b5580000, 0x00000007c0000000, 0x00000007c0000000)
  eden space 135680K, 95% used [0x00000007b5580000,0x00000007bd3bcf28,0x00000007bda00000)
  from space 19456K, 0% used [0x00000007bed00000,0x00000007bed00000,0x00000007c0000000)
  to   space 19456K, 0% used [0x00000007bda00000,0x00000007bda00000,0x00000007bed00000)
 ParOldGen       total 349696K, used 213690K [0x00000007a0000000, 0x00000007b5580000, 0x00000007b5580000)
  object space 349696K, 61% used [0x00000007a0000000,0x00000007ad0ae898,0x00000007b5580000)
 Metaspace       used 5447K, capacity 5616K, committed 5760K, reserved 1056768K
  class space    used 579K, capacity 630K, committed 640K, reserved 1048576K
2018-07-25T18:08:18.544-0800: 20.824: [GC (Allocation Failure) [PSYoungGen: 129267K->9861K(155136K)] 342957K->275635K(504832K), 0.0058451 secs] [Times: user=0.04 sys=0.01, real=0.00 secs] 
Heap after GC invocations=238 (full 11):
 PSYoungGen      total 155136K, used 9861K [0x00000007b5580000, 0x00000007c0000000, 0x00000007c0000000)
  eden space 135680K, 0% used [0x00000007b5580000,0x00000007b5580000,0x00000007bda00000)
  from space 19456K, 50% used [0x00000007bda00000,0x00000007be3a1698,0x00000007bed00000)
  to   space 19456K, 0% used [0x00000007bed00000,0x00000007bed00000,0x00000007c0000000)
 ParOldGen       total 349696K, used 265773K [0x00000007a0000000, 0x00000007b5580000, 0x00000007b5580000)
  object space 349696K, 76% used [0x00000007a0000000,0x00000007b038b648,0x00000007b5580000)
 Metaspace       used 5447K, capacity 5616K, committed 5760K, reserved 1056768K
  class space    used 579K, capacity 630K, committed 640K, reserved 1048576K
}
{Heap before GC invocations=239 (full 11):
 PSYoungGen      total 155136K, used 142524K [0x00000007b5580000, 0x00000007c0000000, 0x00000007c0000000)
  eden space 135680K, 97% used [0x00000007b5580000,0x00000007bd70db10,0x00000007bda00000)
  from space 19456K, 50% used [0x00000007bda00000,0x00000007be3a1698,0x00000007bed00000)
  to   space 19456K, 0% used [0x00000007bed00000,0x00000007bed00000,0x00000007c0000000)
 ParOldGen       total 349696K, used 265773K [0x00000007a0000000, 0x00000007b5580000, 0x00000007b5580000)
  object space 349696K, 76% used [0x00000007a0000000,0x00000007b038b648,0x00000007b5580000)
 Metaspace       used 5447K, capacity 5616K, committed 5760K, reserved 1056768K
  class space    used 579K, capacity 630K, committed 640K, reserved 1048576K
2018-07-25T18:08:18.647-0800: 20.928: [GC (Allocation Failure) [PSYoungGen: 142524K->64K(155136K)] 408297K->265837K(504832K), 0.0012264 secs] [Times: user=0.01 sys=0.00, real=0.00 secs] 
Heap after GC invocations=239 (full 11):
 PSYoungGen      total 155136K, used 64K [0x00000007b5580000, 0x00000007c0000000, 0x00000007c0000000)
  eden space 135680K, 0% used [0x00000007b5580000,0x00000007b5580000,0x00000007bda00000)
  from space 19456K, 0% used [0x00000007bed00000,0x00000007bed10000,0x00000007c0000000)
  to   space 19456K, 0% used [0x00000007bda00000,0x00000007bda00000,0x00000007bed00000)
 ParOldGen       total 349696K, used 265773K [0x00000007a0000000, 0x00000007b5580000, 0x00000007b5580000)
  object space 349696K, 76% used [0x00000007a0000000,0x00000007b038b648,0x00000007b5580000)
 Metaspace       used 5447K, capacity 5616K, committed 5760K, reserved 1056768K
  class space    used 579K, capacity 630K, committed 640K, reserved 1048576K
}
{Heap before GC invocations=240 (full 11):
 PSYoungGen      total 155136K, used 129545K [0x00000007b5580000, 0x00000007c0000000, 0x00000007c0000000)
  eden space 135680K, 95% used [0x00000007b5580000,0x00000007bd3f2590,0x00000007bda00000)
  from space 19456K, 0% used [0x00000007bed00000,0x00000007bed10000,0x00000007c0000000)
  to   space 19456K, 0% used [0x00000007bda00000,0x00000007bda00000,0x00000007bed00000)
 ParOldGen       total 349696K, used 265773K [0x00000007a0000000, 0x00000007b5580000, 0x00000007b5580000)
  object space 349696K, 76% used [0x00000007a0000000,0x00000007b038b648,0x00000007b5580000)
 Metaspace       used 5447K, capacity 5616K, committed 5760K, reserved 1056768K
  class space    used 579K, capacity 630K, committed 640K, reserved 1048576K
2018-07-25T18:08:18.681-0800: 20.962: [GC (Allocation Failure) [PSYoungGen: 129545K->9797K(155136K)] 395318K->327685K(504832K), 0.0090268 secs] [Times: user=0.06 sys=0.00, real=0.01 secs] 
Heap after GC invocations=240 (full 11):
 PSYoungGen      total 155136K, used 9797K [0x00000007b5580000, 0x00000007c0000000, 0x00000007c0000000)
  eden space 135680K, 0% used [0x00000007b5580000,0x00000007b5580000,0x00000007bda00000)
  from space 19456K, 50% used [0x00000007bda00000,0x00000007be391698,0x00000007bed00000)
  to   space 19456K, 0% used [0x00000007bed00000,0x00000007bed00000,0x00000007c0000000)
 ParOldGen       total 349696K, used 317888K [0x00000007a0000000, 0x00000007b5580000, 0x00000007b5580000)
  object space 349696K, 90% used [0x00000007a0000000,0x00000007b3670068,0x00000007b5580000)
 Metaspace       used 5447K, capacity 5616K, committed 5760K, reserved 1056768K
  class space    used 579K, capacity 630K, committed 640K, reserved 1048576K
}
{Heap before GC invocations=241 (full 12):
 PSYoungGen      total 155136K, used 9797K [0x00000007b5580000, 0x00000007c0000000, 0x00000007c0000000)
  eden space 135680K, 0% used [0x00000007b5580000,0x00000007b5580000,0x00000007bda00000)
  from space 19456K, 50% used [0x00000007bda00000,0x00000007be391698,0x00000007bed00000)
  to   space 19456K, 0% used [0x00000007bed00000,0x00000007bed00000,0x00000007c0000000)
 ParOldGen       total 349696K, used 317888K [0x00000007a0000000, 0x00000007b5580000, 0x00000007b5580000)
  object space 349696K, 90% used [0x00000007a0000000,0x00000007b3670068,0x00000007b5580000)
 Metaspace       used 5447K, capacity 5616K, committed 5760K, reserved 1056768K
  class space    used 579K, capacity 630K, committed 640K, reserved 1048576K
2018-07-25T18:08:18.691-0800: 20.971: [Full GC (Ergonomics) [PSYoungGen: 9797K->0K(155136K)] [ParOldGen: 317888K->73640K(349696K)] 327685K->73640K(504832K), [Metaspace: 5447K->5447K(1056768K)], 0.0123478 secs] [Times: user=0.06 sys=0.00, real=0.01 secs] 
Heap after GC invocations=241 (full 12):
 PSYoungGen      total 155136K, used 0K [0x00000007b5580000, 0x00000007c0000000, 0x00000007c0000000)
  eden space 135680K, 0% used [0x00000007b5580000,0x00000007b5580000,0x00000007bda00000)
  from space 19456K, 0% used [0x00000007bda00000,0x00000007bda00000,0x00000007bed00000)
  to   space 19456K, 0% used [0x00000007bed00000,0x00000007bed00000,0x00000007c0000000)
 ParOldGen       total 349696K, used 73640K [0x00000007a0000000, 0x00000007b5580000, 0x00000007b5580000)
  object space 349696K, 21% used [0x00000007a0000000,0x00000007a47ea3f0,0x00000007b5580000)
 Metaspace       used 5447K, capacity 5616K, committed 5760K, reserved 1056768K
  class space    used 579K, capacity 630K, committed 640K, reserved 1048576K
}
{Heap before GC invocations=242 (full 12):
 PSYoungGen      total 155136K, used 129528K [0x00000007b5580000, 0x00000007c0000000, 0x00000007c0000000)
  eden space 135680K, 95% used [0x00000007b5580000,0x00000007bd3fe2d8,0x00000007bda00000)
  from space 19456K, 0% used [0x00000007bda00000,0x00000007bda00000,0x00000007bed00000)
  to   space 19456K, 0% used [0x00000007bed00000,0x00000007bed00000,0x00000007c0000000)
 ParOldGen       total 349696K, used 73640K [0x00000007a0000000, 0x00000007b5580000, 0x00000007b5580000)
  object space 349696K, 21% used [0x00000007a0000000,0x00000007a47ea3f0,0x00000007b5580000)
 Metaspace       used 5447K, capacity 5616K, committed 5760K, reserved 1056768K
  class space    used 579K, capacity 630K, committed 640K, reserved 1048576K
2018-07-25T18:08:18.820-0800: 21.101: [GC (Allocation Failure) [PSYoungGen: 129528K->9829K(155136K)] 203169K->135554K(504832K), 0.0072490 secs] [Times: user=0.05 sys=0.00, real=0.00 secs] 
Heap after GC invocations=242 (full 12):
 PSYoungGen      total 155136K, used 9829K [0x00000007b5580000, 0x00000007c0000000, 0x00000007c0000000)
  eden space 135680K, 0% used [0x00000007b5580000,0x00000007b5580000,0x00000007bda00000)
  from space 19456K, 50% used [0x00000007bed00000,0x00000007bf699698,0x00000007c0000000)
  to   space 19456K, 0% used [0x00000007bda00000,0x00000007bda00000,0x00000007bed00000)
 ParOldGen       total 349696K, used 125724K [0x00000007a0000000, 0x00000007b5580000, 0x00000007b5580000)
  object space 349696K, 35% used [0x00000007a0000000,0x00000007a7ac71c0,0x00000007b5580000)
 Metaspace       used 5447K, capacity 5616K, committed 5760K, reserved 1056768K
  class space    used 579K, capacity 630K, committed 640K, reserved 1048576K
}
{Heap before GC invocations=243 (full 12):
 PSYoungGen      total 155136K, used 116314K [0x00000007b5580000, 0x00000007c0000000, 0x00000007c0000000)
  eden space 135680K, 78% used [0x00000007b5580000,0x00000007bbd7d4e0,0x00000007bda00000)
  from space 19456K, 50% used [0x00000007bed00000,0x00000007bf699698,0x00000007c0000000)
  to   space 19456K, 0% used [0x00000007bda00000,0x00000007bda00000,0x00000007bed00000)
 ParOldGen       total 349696K, used 125724K [0x00000007a0000000, 0x00000007b5580000, 0x00000007b5580000)
  object space 349696K, 35% used [0x00000007a0000000,0x00000007a7ac71c0,0x00000007b5580000)
 Metaspace       used 5447K, capacity 5616K, committed 5760K, reserved 1056768K
  class space    used 579K, capacity 630K, committed 640K, reserved 1048576K
2018-07-25T18:08:18.842-0800: 21.122: [GC (Allocation Failure) [PSYoungGen: 116314K->0K(155136K)] 242039K->161571K(504832K), 0.0053536 secs] [Times: user=0.04 sys=0.00, real=0.00 secs] 
Heap after GC invocations=243 (full 12):
 PSYoungGen      total 155136K, used 0K [0x00000007b5580000, 0x00000007c0000000, 0x00000007c0000000)
  eden space 135680K, 0% used [0x00000007b5580000,0x00000007b5580000,0x00000007bda00000)
  from space 19456K, 0% used [0x00000007bda00000,0x00000007bda00000,0x00000007bed00000)
  to   space 19456K, 0% used [0x00000007bed00000,0x00000007bed00000,0x00000007c0000000)
 ParOldGen       total 349696K, used 161571K [0x00000007a0000000, 0x00000007b5580000, 0x00000007b5580000)
  object space 349696K, 46% used [0x00000007a0000000,0x00000007a9dc8d40,0x00000007b5580000)
 Metaspace       used 5447K, capacity 5616K, committed 5760K, reserved 1056768K
  class space    used 579K, capacity 630K, committed 640K, reserved 1048576K
}
{Heap before GC invocations=244 (full 12):
 PSYoungGen      total 155136K, used 129274K [0x00000007b5580000, 0x00000007c0000000, 0x00000007c0000000)
  eden space 135680K, 95% used [0x00000007b5580000,0x00000007bd3be900,0x00000007bda00000)
  from space 19456K, 0% used [0x00000007bda00000,0x00000007bda00000,0x00000007bed00000)
  to   space 19456K, 0% used [0x00000007bed00000,0x00000007bed00000,0x00000007c0000000)
 ParOldGen       total 349696K, used 161571K [0x00000007a0000000, 0x00000007b5580000, 0x00000007b5580000)
  object space 349696K, 46% used [0x00000007a0000000,0x00000007a9dc8d40,0x00000007b5580000)
 Metaspace       used 5447K, capacity 5616K, committed 5760K, reserved 1056768K
  class space    used 579K, capacity 630K, committed 640K, reserved 1048576K
2018-07-25T18:08:18.965-0800: 21.246: [GC (Allocation Failure) [PSYoungGen: 129274K->9893K(155136K)] 290845K->223548K(504832K), 0.0068948 secs] [Times: user=0.04 sys=0.00, real=0.01 secs] 
Heap after GC invocations=244 (full 12):
 PSYoungGen      total 155136K, used 9893K [0x00000007b5580000, 0x00000007c0000000, 0x00000007c0000000)
  eden space 135680K, 0% used [0x00000007b5580000,0x00000007b5580000,0x00000007bda00000)
  from space 19456K, 50% used [0x00000007bed00000,0x00000007bf6a9698,0x00000007c0000000)
  to   space 19456K, 0% used [0x00000007bda00000,0x00000007bda00000,0x00000007bed00000)
 ParOldGen       total 349696K, used 213654K [0x00000007a0000000, 0x00000007b5580000, 0x00000007b5580000)
  object space 349696K, 61% used [0x00000007a0000000,0x00000007ad0a5af0,0x00000007b5580000)
 Metaspace       used 5447K, capacity 5616K, committed 5760K, reserved 1056768K
  class space    used 579K, capacity 630K, committed 640K, reserved 1048576K
}
{Heap before GC invocations=245 (full 12):
 PSYoungGen      total 155136K, used 142560K [0x00000007b5580000, 0x00000007c0000000, 0x00000007c0000000)
  eden space 135680K, 97% used [0x00000007b5580000,0x00000007bd70ebe0,0x00000007bda00000)
  from space 19456K, 50% used [0x00000007bed00000,0x00000007bf6a9698,0x00000007c0000000)
  to   space 19456K, 0% used [0x00000007bda00000,0x00000007bda00000,0x00000007bed00000)
 ParOldGen       total 349696K, used 213654K [0x00000007a0000000, 0x00000007b5580000, 0x00000007b5580000)
  object space 349696K, 61% used [0x00000007a0000000,0x00000007ad0a5af0,0x00000007b5580000)
 Metaspace       used 5447K, capacity 5616K, committed 5760K, reserved 1056768K
  class space    used 579K, capacity 630K, committed 640K, reserved 1048576K
2018-07-25T18:08:19.071-0800: 21.352: [GC (Allocation Failure) [PSYoungGen: 142560K->64K(155136K)] 356215K->213718K(504832K), 0.0013809 secs] [Times: user=0.01 sys=0.00, real=0.00 secs] 
Heap after GC invocations=245 (full 12):
 PSYoungGen      total 155136K, used 64K [0x00000007b5580000, 0x00000007c0000000, 0x00000007c0000000)
  eden space 135680K, 0% used [0x00000007b5580000,0x00000007b5580000,0x00000007bda00000)
  from space 19456K, 0% used [0x00000007bda00000,0x00000007bda10000,0x00000007bed00000)
  to   space 19456K, 0% used [0x00000007bed00000,0x00000007bed00000,0x00000007c0000000)
 ParOldGen       total 349696K, used 213654K [0x00000007a0000000, 0x00000007b5580000, 0x00000007b5580000)
  object space 349696K, 61% used [0x00000007a0000000,0x00000007ad0a5af0,0x00000007b5580000)
 Metaspace       used 5447K, capacity 5616K, committed 5760K, reserved 1056768K
  class space    used 579K, capacity 630K, committed 640K, reserved 1048576K
}
{Heap before GC invocations=246 (full 12):
 PSYoungGen      total 155136K, used 129548K [0x00000007b5580000, 0x00000007c0000000, 0x00000007c0000000)
  eden space 135680K, 95% used [0x00000007b5580000,0x00000007bd3f3080,0x00000007bda00000)
  from space 19456K, 0% used [0x00000007bda00000,0x00000007bda10000,0x00000007bed00000)
  to   space 19456K, 0% used [0x00000007bed00000,0x00000007bed00000,0x00000007c0000000)
 ParOldGen       total 349696K, used 213654K [0x00000007a0000000, 0x00000007b5580000, 0x00000007b5580000)
  object space 349696K, 61% used [0x00000007a0000000,0x00000007ad0a5af0,0x00000007b5580000)
 Metaspace       used 5447K, capacity 5616K, committed 5760K, reserved 1056768K
  class space    used 579K, capacity 630K, committed 640K, reserved 1048576K
2018-07-25T18:08:19.103-0800: 21.384: [GC (Allocation Failure) [PSYoungGen: 129548K->9797K(155136K)] 343202K->275567K(504832K), 0.0087127 secs] [Times: user=0.06 sys=0.00, real=0.01 secs] 
Heap after GC invocations=246 (full 12):
 PSYoungGen      total 155136K, used 9797K [0x00000007b5580000, 0x00000007c0000000, 0x00000007c0000000)
  eden space 135680K, 0% used [0x00000007b5580000,0x00000007b5580000,0x00000007bda00000)
  from space 19456K, 50% used [0x00000007bed00000,0x00000007bf691698,0x00000007c0000000)
  to   space 19456K, 0% used [0x00000007bda00000,0x00000007bda00000,0x00000007bed00000)
 ParOldGen       total 349696K, used 265770K [0x00000007a0000000, 0x00000007b5580000, 0x00000007b5580000)
  object space 349696K, 76% used [0x00000007a0000000,0x00000007b038a918,0x00000007b5580000)
 Metaspace       used 5447K, capacity 5616K, committed 5760K, reserved 1056768K
  class space    used 579K, capacity 630K, committed 640K, reserved 1048576K
}
{Heap before GC invocations=247 (full 12):
 PSYoungGen      total 155136K, used 139328K [0x00000007b5580000, 0x00000007c0000000, 0x00000007c0000000)
  eden space 135680K, 95% used [0x00000007b5580000,0x00000007bd3fea00,0x00000007bda00000)
  from space 19456K, 50% used [0x00000007bed00000,0x00000007bf691698,0x00000007c0000000)
  to   space 19456K, 0% used [0x00000007bda00000,0x00000007bda00000,0x00000007bed00000)
 ParOldGen       total 349696K, used 265770K [0x00000007a0000000, 0x00000007b5580000, 0x00000007b5580000)
  object space 349696K, 76% used [0x00000007a0000000,0x00000007b038a918,0x00000007b5580000)
 Metaspace       used 5447K, capacity 5616K, committed 5760K, reserved 1056768K
  class space    used 579K, capacity 630K, committed 640K, reserved 1048576K
2018-07-25T18:08:19.224-0800: 21.504: [GC (Allocation Failure) [PSYoungGen: 139328K->9829K(155136K)] 405098K->301641K(504832K), 0.0051639 secs] [Times: user=0.03 sys=0.01, real=0.00 secs] 
Heap after GC invocations=247 (full 12):
 PSYoungGen      total 155136K, used 9829K [0x00000007b5580000, 0x00000007c0000000, 0x00000007c0000000)
  eden space 135680K, 0% used [0x00000007b5580000,0x00000007b5580000,0x00000007bda00000)
  from space 19456K, 50% used [0x00000007bda00000,0x00000007be399698,0x00000007bed00000)
  to   space 19456K, 0% used [0x00000007bed00000,0x00000007bed00000,0x00000007c0000000)
 ParOldGen       total 349696K, used 291811K [0x00000007a0000000, 0x00000007b5580000, 0x00000007b5580000)
  object space 349696K, 83% used [0x00000007a0000000,0x00000007b1cf8fe0,0x00000007b5580000)
 Metaspace       used 5447K, capacity 5616K, committed 5760K, reserved 1056768K
  class space    used 579K, capacity 630K, committed 640K, reserved 1048576K
}
{Heap before GC invocations=248 (full 13):
 PSYoungGen      total 155136K, used 9829K [0x00000007b5580000, 0x00000007c0000000, 0x00000007c0000000)
  eden space 135680K, 0% used [0x00000007b5580000,0x00000007b5580000,0x00000007bda00000)
  from space 19456K, 50% used [0x00000007bda00000,0x00000007be399698,0x00000007bed00000)
  to   space 19456K, 0% used [0x00000007bed00000,0x00000007bed00000,0x00000007c0000000)
 ParOldGen       total 349696K, used 291811K [0x00000007a0000000, 0x00000007b5580000, 0x00000007b5580000)
  object space 349696K, 83% used [0x00000007a0000000,0x00000007b1cf8fe0,0x00000007b5580000)
 Metaspace       used 5447K, capacity 5616K, committed 5760K, reserved 1056768K
  class space    used 579K, capacity 630K, committed 640K, reserved 1048576K
2018-07-25T18:08:19.229-0800: 21.510: [Full GC (Ergonomics) [PSYoungGen: 9829K->0K(155136K)] [ParOldGen: 291811K->47600K(349696K)] 301641K->47600K(504832K), [Metaspace: 5447K->5447K(1056768K)], 0.0080619 secs] [Times: user=0.03 sys=0.00, real=0.01 secs] 
Heap after GC invocations=248 (full 13):
 PSYoungGen      total 155136K, used 0K [0x00000007b5580000, 0x00000007c0000000, 0x00000007c0000000)
  eden space 135680K, 0% used [0x00000007b5580000,0x00000007b5580000,0x00000007bda00000)
  from space 19456K, 0% used [0x00000007bda00000,0x00000007bda00000,0x00000007bed00000)
  to   space 19456K, 0% used [0x00000007bed00000,0x00000007bed00000,0x00000007c0000000)
 ParOldGen       total 349696K, used 47600K [0x00000007a0000000, 0x00000007b5580000, 0x00000007b5580000)
  object space 349696K, 13% used [0x00000007a0000000,0x00000007a2e7c2c8,0x00000007b5580000)
 Metaspace       used 5447K, capacity 5616K, committed 5760K, reserved 1056768K
  class space    used 579K, capacity 630K, committed 640K, reserved 1048576K
}
{Heap before GC invocations=249 (full 13):
 PSYoungGen      total 155136K, used 106486K [0x00000007b5580000, 0x00000007c0000000, 0x00000007c0000000)
  eden space 135680K, 78% used [0x00000007b5580000,0x00000007bbd7d978,0x00000007bda00000)
  from space 19456K, 0% used [0x00000007bda00000,0x00000007bda00000,0x00000007bed00000)
  to   space 19456K, 0% used [0x00000007bed00000,0x00000007bed00000,0x00000007c0000000)
 ParOldGen       total 349696K, used 47600K [0x00000007a0000000, 0x00000007b5580000, 0x00000007b5580000)
  object space 349696K, 13% used [0x00000007a0000000,0x00000007a2e7c2c8,0x00000007b5580000)
 Metaspace       used 5447K, capacity 5616K, committed 5760K, reserved 1056768K
  class space    used 579K, capacity 630K, committed 640K, reserved 1048576K
2018-07-25T18:08:19.251-0800: 21.532: [GC (Allocation Failure) [PSYoungGen: 106486K->0K(155136K)] 154087K->125725K(504832K), 0.0102632 secs] [Times: user=0.07 sys=0.00, real=0.01 secs] 
Heap after GC invocations=249 (full 13):
 PSYoungGen      total 155136K, used 0K [0x00000007b5580000, 0x00000007c0000000, 0x00000007c0000000)
  eden space 135680K, 0% used [0x00000007b5580000,0x00000007b5580000,0x00000007bda00000)
  from space 19456K, 0% used [0x00000007bed00000,0x00000007bed00000,0x00000007c0000000)
  to   space 19456K, 0% used [0x00000007bda00000,0x00000007bda00000,0x00000007bed00000)
 ParOldGen       total 349696K, used 125725K [0x00000007a0000000, 0x00000007b5580000, 0x00000007b5580000)
  object space 349696K, 35% used [0x00000007a0000000,0x00000007a7ac7768,0x00000007b5580000)
 Metaspace       used 5447K, capacity 5616K, committed 5760K, reserved 1056768K
  class space    used 579K, capacity 630K, committed 640K, reserved 1048576K
}
{Heap before GC invocations=250 (full 13):
 PSYoungGen      total 155136K, used 128925K [0x00000007b5580000, 0x00000007c0000000, 0x00000007c0000000)
  eden space 135680K, 95% used [0x00000007b5580000,0x00000007bd367698,0x00000007bda00000)
  from space 19456K, 0% used [0x00000007bed00000,0x00000007bed00000,0x00000007c0000000)
  to   space 19456K, 0% used [0x00000007bda00000,0x00000007bda00000,0x00000007bed00000)
 ParOldGen       total 349696K, used 125725K [0x00000007a0000000, 0x00000007b5580000, 0x00000007b5580000)
  object space 349696K, 35% used [0x00000007a0000000,0x00000007a7ac7768,0x00000007b5580000)
 Metaspace       used 5447K, capacity 5616K, committed 5760K, reserved 1056768K
  class space    used 579K, capacity 630K, committed 640K, reserved 1048576K
2018-07-25T18:08:19.388-0800: 21.668: [GC (Allocation Failure) [PSYoungGen: 128925K->9893K(155136K)] 254651K->187702K(504832K), 0.0059636 secs] [Times: user=0.04 sys=0.00, real=0.01 secs] 
Heap after GC invocations=250 (full 13):
 PSYoungGen      total 155136K, used 9893K [0x00000007b5580000, 0x00000007c0000000, 0x00000007c0000000)
  eden space 135680K, 0% used [0x00000007b5580000,0x00000007b5580000,0x00000007bda00000)
  from space 19456K, 50% used [0x00000007bda00000,0x00000007be3a9698,0x00000007bed00000)
  to   space 19456K, 0% used [0x00000007bed00000,0x00000007bed00000,0x00000007c0000000)
 ParOldGen       total 349696K, used 177809K [0x00000007a0000000, 0x00000007b5580000, 0x00000007b5580000)
  object space 349696K, 50% used [0x00000007a0000000,0x00000007aada4518,0x00000007b5580000)
 Metaspace       used 5447K, capacity 5616K, committed 5760K, reserved 1056768K
  class space    used 579K, capacity 630K, committed 640K, reserved 1048576K
}
{Heap before GC invocations=251 (full 13):
 PSYoungGen      total 155136K, used 142334K [0x00000007b5580000, 0x00000007c0000000, 0x00000007c0000000)
  eden space 135680K, 97% used [0x00000007b5580000,0x00000007bd6d6180,0x00000007bda00000)
  from space 19456K, 50% used [0x00000007bda00000,0x00000007be3a9698,0x00000007bed00000)
  to   space 19456K, 0% used [0x00000007bed00000,0x00000007bed00000,0x00000007c0000000)
 ParOldGen       total 349696K, used 177809K [0x00000007a0000000, 0x00000007b5580000, 0x00000007b5580000)
  object space 349696K, 50% used [0x00000007a0000000,0x00000007aada4518,0x00000007b5580000)
 Metaspace       used 5447K, capacity 5616K, committed 5760K, reserved 1056768K
  class space    used 579K, capacity 630K, committed 640K, reserved 1048576K
2018-07-25T18:08:19.494-0800: 21.774: [GC (Allocation Failure) [PSYoungGen: 142334K->64K(155136K)] 320143K->177873K(504832K), 0.0011462 secs] [Times: user=0.00 sys=0.00, real=0.00 secs] 
Heap after GC invocations=251 (full 13):
 PSYoungGen      total 155136K, used 64K [0x00000007b5580000, 0x00000007c0000000, 0x00000007c0000000)
  eden space 135680K, 0% used [0x00000007b5580000,0x00000007b5580000,0x00000007bda00000)
  from space 19456K, 0% used [0x00000007bed00000,0x00000007bed10000,0x00000007c0000000)
  to   space 19456K, 0% used [0x00000007bda00000,0x00000007bda00000,0x00000007bed00000)
 ParOldGen       total 349696K, used 177809K [0x00000007a0000000, 0x00000007b5580000, 0x00000007b5580000)
  object space 349696K, 50% used [0x00000007a0000000,0x00000007aada4518,0x00000007b5580000)
 Metaspace       used 5447K, capacity 5616K, committed 5760K, reserved 1056768K
  class space    used 579K, capacity 630K, committed 640K, reserved 1048576K
}
{Heap before GC invocations=252 (full 13):
 PSYoungGen      total 155136K, used 129402K [0x00000007b5580000, 0x00000007c0000000, 0x00000007c0000000)
  eden space 135680K, 95% used [0x00000007b5580000,0x00000007bd3ce9d8,0x00000007bda00000)
  from space 19456K, 0% used [0x00000007bed00000,0x00000007bed10000,0x00000007c0000000)
  to   space 19456K, 0% used [0x00000007bda00000,0x00000007bda00000,0x00000007bed00000)
 ParOldGen       total 349696K, used 177809K [0x00000007a0000000, 0x00000007b5580000, 0x00000007b5580000)
  object space 349696K, 50% used [0x00000007a0000000,0x00000007aada4518,0x00000007b5580000)
 Metaspace       used 5447K, capacity 5616K, committed 5760K, reserved 1056768K
  class space    used 579K, capacity 630K, committed 640K, reserved 1048576K
2018-07-25T18:08:19.527-0800: 21.808: [GC (Allocation Failure) [PSYoungGen: 129402K->9797K(155136K)] 307211K->239723K(504832K), 0.0096166 secs] [Times: user=0.07 sys=0.00, real=0.01 secs] 
Heap after GC invocations=252 (full 13):
 PSYoungGen      total 155136K, used 9797K [0x00000007b5580000, 0x00000007c0000000, 0x00000007c0000000)
  eden space 135680K, 0% used [0x00000007b5580000,0x00000007b5580000,0x00000007bda00000)
  from space 19456K, 50% used [0x00000007bda00000,0x00000007be391698,0x00000007bed00000)
  to   space 19456K, 0% used [0x00000007bed00000,0x00000007bed00000,0x00000007c0000000)
 ParOldGen       total 349696K, used 229925K [0x00000007a0000000, 0x00000007b5580000, 0x00000007b5580000)
  object space 349696K, 65% used [0x00000007a0000000,0x00000007ae089748,0x00000007b5580000)
 Metaspace       used 5447K, capacity 5616K, committed 5760K, reserved 1056768K
  class space    used 579K, capacity 630K, committed 640K, reserved 1048576K
}
{Heap before GC invocations=253 (full 13):
 PSYoungGen      total 155136K, used 139234K [0x00000007b5580000, 0x00000007c0000000, 0x00000007c0000000)
  eden space 135680K, 95% used [0x00000007b5580000,0x00000007bd3e7398,0x00000007bda00000)
  from space 19456K, 50% used [0x00000007bda00000,0x00000007be391698,0x00000007bed00000)
  to   space 19456K, 0% used [0x00000007bed00000,0x00000007bed00000,0x00000007c0000000)
 ParOldGen       total 349696K, used 229925K [0x00000007a0000000, 0x00000007b5580000, 0x00000007b5580000)
  object space 349696K, 65% used [0x00000007a0000000,0x00000007ae089748,0x00000007b5580000)
 Metaspace       used 5447K, capacity 5616K, committed 5760K, reserved 1056768K
  class space    used 579K, capacity 630K, committed 640K, reserved 1048576K
2018-07-25T18:08:19.650-0800: 21.931: [GC (Allocation Failure) [PSYoungGen: 139234K->9847K(155136K)] 369160K->265814K(504832K), 0.0047046 secs] [Times: user=0.04 sys=0.00, real=0.00 secs] 
Heap after GC invocations=253 (full 13):
 PSYoungGen      total 155136K, used 9847K [0x00000007b5580000, 0x00000007c0000000, 0x00000007c0000000)
  eden space 135680K, 0% used [0x00000007b5580000,0x00000007b5580000,0x00000007bda00000)
  from space 19456K, 50% used [0x00000007bed00000,0x00000007bf69dc88,0x00000007c0000000)
  to   space 19456K, 0% used [0x00000007bda00000,0x00000007bda00000,0x00000007bed00000)
 ParOldGen       total 349696K, used 255967K [0x00000007a0000000, 0x00000007b5580000, 0x00000007b5580000)
  object space 349696K, 73% used [0x00000007a0000000,0x00000007af9f7e10,0x00000007b5580000)
 Metaspace       used 5447K, capacity 5616K, committed 5760K, reserved 1056768K
  class space    used 579K, capacity 630K, committed 640K, reserved 1048576K
}
{Heap before GC invocations=254 (full 13):
 PSYoungGen      total 155136K, used 116273K [0x00000007b5580000, 0x00000007c0000000, 0x00000007c0000000)
  eden space 135680K, 78% used [0x00000007b5580000,0x00000007bbd6e7f8,0x00000007bda00000)
  from space 19456K, 50% used [0x00000007bed00000,0x00000007bf69dc88,0x00000007c0000000)
  to   space 19456K, 0% used [0x00000007bda00000,0x00000007bda00000,0x00000007bed00000)
 ParOldGen       total 349696K, used 255967K [0x00000007a0000000, 0x00000007b5580000, 0x00000007b5580000)
  object space 349696K, 73% used [0x00000007a0000000,0x00000007af9f7e10,0x00000007b5580000)
 Metaspace       used 5447K, capacity 5616K, committed 5760K, reserved 1056768K
  class space    used 579K, capacity 630K, committed 640K, reserved 1048576K
2018-07-25T18:08:19.667-0800: 21.948: [GC (Allocation Failure) [PSYoungGen: 116273K->0K(155136K)] 372240K->291808K(504832K), 0.0055344 secs] [Times: user=0.04 sys=0.00, real=0.01 secs] 
Heap after GC invocations=254 (full 13):
 PSYoungGen      total 155136K, used 0K [0x00000007b5580000, 0x00000007c0000000, 0x00000007c0000000)
  eden space 135680K, 0% used [0x00000007b5580000,0x00000007b5580000,0x00000007bda00000)
  from space 19456K, 0% used [0x00000007bda00000,0x00000007bda00000,0x00000007bed00000)
  to   space 19456K, 0% used [0x00000007bed00000,0x00000007bed00000,0x00000007c0000000)
 ParOldGen       total 349696K, used 291808K [0x00000007a0000000, 0x00000007b5580000, 0x00000007b5580000)
  object space 349696K, 83% used [0x00000007a0000000,0x00000007b1cf81a0,0x00000007b5580000)
 Metaspace       used 5447K, capacity 5616K, committed 5760K, reserved 1056768K
  class space    used 579K, capacity 630K, committed 640K, reserved 1048576K
}
{Heap before GC invocations=255 (full 14):
 PSYoungGen      total 155136K, used 0K [0x00000007b5580000, 0x00000007c0000000, 0x00000007c0000000)
  eden space 135680K, 0% used [0x00000007b5580000,0x00000007b5580000,0x00000007bda00000)
  from space 19456K, 0% used [0x00000007bda00000,0x00000007bda00000,0x00000007bed00000)
  to   space 19456K, 0% used [0x00000007bed00000,0x00000007bed00000,0x00000007c0000000)
 ParOldGen       total 349696K, used 291808K [0x00000007a0000000, 0x00000007b5580000, 0x00000007b5580000)
  object space 349696K, 83% used [0x00000007a0000000,0x00000007b1cf81a0,0x00000007b5580000)
 Metaspace       used 5447K, capacity 5616K, committed 5760K, reserved 1056768K
  class space    used 579K, capacity 630K, committed 640K, reserved 1048576K
2018-07-25T18:08:19.673-0800: 21.953: [Full GC (Ergonomics) [PSYoungGen: 0K->0K(155136K)] [ParOldGen: 291808K->47601K(349696K)] 291808K->47601K(504832K), [Metaspace: 5447K->5447K(1056768K)], 0.0084460 secs] [Times: user=0.04 sys=0.00, real=0.01 secs] 
Heap after GC invocations=255 (full 14):
 PSYoungGen      total 155136K, used 0K [0x00000007b5580000, 0x00000007c0000000, 0x00000007c0000000)
  eden space 135680K, 0% used [0x00000007b5580000,0x00000007b5580000,0x00000007bda00000)
  from space 19456K, 0% used [0x00000007bda00000,0x00000007bda00000,0x00000007bed00000)
  to   space 19456K, 0% used [0x00000007bed00000,0x00000007bed00000,0x00000007c0000000)
 ParOldGen       total 349696K, used 47601K [0x00000007a0000000, 0x00000007b5580000, 0x00000007b5580000)
  object space 349696K, 13% used [0x00000007a0000000,0x00000007a2e7c6b0,0x00000007b5580000)
 Metaspace       used 5447K, capacity 5616K, committed 5760K, reserved 1056768K
  class space    used 579K, capacity 630K, committed 640K, reserved 1048576K
}
{Heap before GC invocations=256 (full 14):
 PSYoungGen      total 155136K, used 129236K [0x00000007b5580000, 0x00000007c0000000, 0x00000007c0000000)
  eden space 135680K, 95% used [0x00000007b5580000,0x00000007bd3b5120,0x00000007bda00000)
  from space 19456K, 0% used [0x00000007bda00000,0x00000007bda00000,0x00000007bed00000)
  to   space 19456K, 0% used [0x00000007bed00000,0x00000007bed00000,0x00000007c0000000)
 ParOldGen       total 349696K, used 47601K [0x00000007a0000000, 0x00000007b5580000, 0x00000007b5580000)
  object space 349696K, 13% used [0x00000007a0000000,0x00000007a2e7c6b0,0x00000007b5580000)
 Metaspace       used 5447K, capacity 5616K, committed 5760K, reserved 1056768K
  class space    used 579K, capacity 630K, committed 640K, reserved 1048576K
2018-07-25T18:08:19.797-0800: 22.078: [GC (Allocation Failure) [PSYoungGen: 129236K->9861K(155136K)] 176837K->109546K(504832K), 0.0066847 secs] [Times: user=0.05 sys=0.00, real=0.01 secs] 
Heap after GC invocations=256 (full 14):
 PSYoungGen      total 155136K, used 9861K [0x00000007b5580000, 0x00000007c0000000, 0x00000007c0000000)
  eden space 135680K, 0% used [0x00000007b5580000,0x00000007b5580000,0x00000007bda00000)
  from space 19456K, 50% used [0x00000007bed00000,0x00000007bf6a1698,0x00000007c0000000)
  to   space 19456K, 0% used [0x00000007bda00000,0x00000007bda00000,0x00000007bed00000)
 ParOldGen       total 349696K, used 99685K [0x00000007a0000000, 0x00000007b5580000, 0x00000007b5580000)
  object space 349696K, 28% used [0x00000007a0000000,0x00000007a6159460,0x00000007b5580000)
 Metaspace       used 5447K, capacity 5616K, committed 5760K, reserved 1056768K
  class space    used 579K, capacity 630K, committed 640K, reserved 1048576K
}
{Heap before GC invocations=257 (full 14):
 PSYoungGen      total 155136K, used 142487K [0x00000007b5580000, 0x00000007c0000000, 0x00000007c0000000)
  eden space 135680K, 97% used [0x00000007b5580000,0x00000007bd704608,0x00000007bda00000)
  from space 19456K, 50% used [0x00000007bed00000,0x00000007bf6a1698,0x00000007c0000000)
  to   space 19456K, 0% used [0x00000007bda00000,0x00000007bda00000,0x00000007bed00000)
 ParOldGen       total 349696K, used 99685K [0x00000007a0000000, 0x00000007b5580000, 0x00000007b5580000)
  object space 349696K, 28% used [0x00000007a0000000,0x00000007a6159460,0x00000007b5580000)
 Metaspace       used 5447K, capacity 5616K, committed 5760K, reserved 1056768K
  class space    used 579K, capacity 630K, committed 640K, reserved 1048576K
2018-07-25T18:08:19.909-0800: 22.189: [GC (Allocation Failure) [PSYoungGen: 142487K->114K(155136K)] 242172K->99799K(504832K), 0.0012538 secs] [Times: user=0.01 sys=0.00, real=0.01 secs] 
Heap after GC invocations=257 (full 14):
 PSYoungGen      total 155136K, used 114K [0x00000007b5580000, 0x00000007c0000000, 0x00000007c0000000)
  eden space 135680K, 0% used [0x00000007b5580000,0x00000007b5580000,0x00000007bda00000)
  from space 19456K, 0% used [0x00000007bda00000,0x00000007bda1c8a0,0x00000007bed00000)
  to   space 19456K, 0% used [0x00000007bed00000,0x00000007bed00000,0x00000007c0000000)
 ParOldGen       total 349696K, used 99685K [0x00000007a0000000, 0x00000007b5580000, 0x00000007b5580000)
  object space 349696K, 28% used [0x00000007a0000000,0x00000007a6159460,0x00000007b5580000)
 Metaspace       used 5447K, capacity 5616K, committed 5760K, reserved 1056768K
  class space    used 579K, capacity 630K, committed 640K, reserved 1048576K
}
{Heap before GC invocations=258 (full 14):
 PSYoungGen      total 155136K, used 129571K [0x00000007b5580000, 0x00000007c0000000, 0x00000007c0000000)
  eden space 135680K, 95% used [0x00000007b5580000,0x00000007bd3ec618,0x00000007bda00000)
  from space 19456K, 0% used [0x00000007bda00000,0x00000007bda1c8a0,0x00000007bed00000)
  to   space 19456K, 0% used [0x00000007bed00000,0x00000007bed00000,0x00000007c0000000)
 ParOldGen       total 349696K, used 99685K [0x00000007a0000000, 0x00000007b5580000, 0x00000007b5580000)
  object space 349696K, 28% used [0x00000007a0000000,0x00000007a6159460,0x00000007b5580000)
 Metaspace       used 5447K, capacity 5616K, committed 5760K, reserved 1056768K
  class space    used 579K, capacity 630K, committed 640K, reserved 1048576K
2018-07-25T18:08:19.938-0800: 22.218: [GC (Allocation Failure) [PSYoungGen: 129571K->9797K(155136K)] 229256K->161616K(504832K), 0.0073836 secs] [Times: user=0.06 sys=0.00, real=0.01 secs] 
Heap after GC invocations=258 (full 14):
 PSYoungGen      total 155136K, used 9797K [0x00000007b5580000, 0x00000007c0000000, 0x00000007c0000000)
  eden space 135680K, 0% used [0x00000007b5580000,0x00000007b5580000,0x00000007bda00000)
  from space 19456K, 50% used [0x00000007bed00000,0x00000007bf691698,0x00000007c0000000)
  to   space 19456K, 0% used [0x00000007bda00000,0x00000007bda00000,0x00000007bed00000)
 ParOldGen       total 349696K, used 151818K [0x00000007a0000000, 0x00000007b5580000, 0x00000007b5580000)
  object space 349696K, 43% used [0x00000007a0000000,0x00000007a9442a98,0x00000007b5580000)
 Metaspace       used 5447K, capacity 5616K, committed 5760K, reserved 1056768K
  class space    used 579K, capacity 630K, committed 640K, reserved 1048576K
}
{Heap before GC invocations=259 (full 14):
 PSYoungGen      total 155136K, used 139311K [0x00000007b5580000, 0x00000007c0000000, 0x00000007c0000000)
  eden space 135680K, 95% used [0x00000007b5580000,0x00000007bd3fa5d8,0x00000007bda00000)
  from space 19456K, 50% used [0x00000007bed00000,0x00000007bf691698,0x00000007c0000000)
  to   space 19456K, 0% used [0x00000007bda00000,0x00000007bda00000,0x00000007bed00000)
 ParOldGen       total 349696K, used 151818K [0x00000007a0000000, 0x00000007b5580000, 0x00000007b5580000)
  object space 349696K, 43% used [0x00000007a0000000,0x00000007a9442a98,0x00000007b5580000)
 Metaspace       used 5447K, capacity 5616K, committed 5760K, reserved 1056768K
  class space    used 579K, capacity 630K, committed 640K, reserved 1048576K
2018-07-25T18:08:20.052-0800: 22.332: [GC (Allocation Failure) [PSYoungGen: 139311K->9861K(155136K)] 291129K->187721K(504832K), 0.0044957 secs] [Times: user=0.04 sys=0.00, real=0.00 secs] 
Heap after GC invocations=259 (full 14):
 PSYoungGen      total 155136K, used 9861K [0x00000007b5580000, 0x00000007c0000000, 0x00000007c0000000)
  eden space 135680K, 0% used [0x00000007b5580000,0x00000007b5580000,0x00000007bda00000)
  from space 19456K, 50% used [0x00000007bda00000,0x00000007be3a1698,0x00000007bed00000)
  to   space 19456K, 0% used [0x00000007bed00000,0x00000007bed00000,0x00000007c0000000)
 ParOldGen       total 349696K, used 177860K [0x00000007a0000000, 0x00000007b5580000, 0x00000007b5580000)
  object space 349696K, 50% used [0x00000007a0000000,0x00000007aadb1160,0x00000007b5580000)
 Metaspace       used 5447K, capacity 5616K, committed 5760K, reserved 1056768K
  class space    used 579K, capacity 630K, committed 640K, reserved 1048576K
}
{Heap before GC invocations=260 (full 14):
 PSYoungGen      total 155136K, used 116337K [0x00000007b5580000, 0x00000007c0000000, 0x00000007c0000000)
  eden space 135680K, 78% used [0x00000007b5580000,0x00000007bbd7ad80,0x00000007bda00000)
  from space 19456K, 50% used [0x00000007bda00000,0x00000007be3a1698,0x00000007bed00000)
  to   space 19456K, 0% used [0x00000007bed00000,0x00000007bed00000,0x00000007c0000000)
 ParOldGen       total 349696K, used 177860K [0x00000007a0000000, 0x00000007b5580000, 0x00000007b5580000)
  object space 349696K, 50% used [0x00000007a0000000,0x00000007aadb1160,0x00000007b5580000)
 Metaspace       used 5447K, capacity 5616K, committed 5760K, reserved 1056768K
  class space    used 579K, capacity 630K, committed 640K, reserved 1048576K
2018-07-25T18:08:20.072-0800: 22.352: [GC (Allocation Failure) [PSYoungGen: 116337K->0K(155136K)] 294197K->213702K(504832K), 0.0051465 secs] [Times: user=0.04 sys=0.00, real=0.00 secs] 
Heap after GC invocations=260 (full 14):
 PSYoungGen      total 155136K, used 0K [0x00000007b5580000, 0x00000007c0000000, 0x00000007c0000000)
  eden space 135680K, 0% used [0x00000007b5580000,0x00000007b5580000,0x00000007bda00000)
  from space 19456K, 0% used [0x00000007bed00000,0x00000007bed00000,0x00000007c0000000)
  to   space 19456K, 0% used [0x00000007bda00000,0x00000007bda00000,0x00000007bed00000)
 ParOldGen       total 349696K, used 213702K [0x00000007a0000000, 0x00000007b5580000, 0x00000007b5580000)
  object space 349696K, 61% used [0x00000007a0000000,0x00000007ad0b18f8,0x00000007b5580000)
 Metaspace       used 5447K, capacity 5616K, committed 5760K, reserved 1056768K
  class space    used 579K, capacity 630K, committed 640K, reserved 1048576K
}
{Heap before GC invocations=261 (full 14):
 PSYoungGen      total 155136K, used 129268K [0x00000007b5580000, 0x00000007c0000000, 0x00000007c0000000)
  eden space 135680K, 95% used [0x00000007b5580000,0x00000007bd3bd028,0x00000007bda00000)
  from space 19456K, 0% used [0x00000007bed00000,0x00000007bed00000,0x00000007c0000000)
  to   space 19456K, 0% used [0x00000007bda00000,0x00000007bda00000,0x00000007bed00000)
 ParOldGen       total 349696K, used 213702K [0x00000007a0000000, 0x00000007b5580000, 0x00000007b5580000)
  object space 349696K, 61% used [0x00000007a0000000,0x00000007ad0b18f8,0x00000007b5580000)
 Metaspace       used 5447K, capacity 5616K, committed 5760K, reserved 1056768K
  class space    used 579K, capacity 630K, committed 640K, reserved 1048576K
2018-07-25T18:08:20.185-0800: 22.466: [GC (Allocation Failure) [PSYoungGen: 129268K->9829K(155136K)] 342970K->275615K(504832K), 0.0056604 secs] [Times: user=0.04 sys=0.00, real=0.01 secs] 
Heap after GC invocations=261 (full 14):
 PSYoungGen      total 155136K, used 9829K [0x00000007b5580000, 0x00000007c0000000, 0x00000007c0000000)
  eden space 135680K, 0% used [0x00000007b5580000,0x00000007b5580000,0x00000007bda00000)
  from space 19456K, 50% used [0x00000007bda00000,0x00000007be399698,0x00000007bed00000)
  to   space 19456K, 0% used [0x00000007bed00000,0x00000007bed00000,0x00000007c0000000)
 ParOldGen       total 349696K, used 265785K [0x00000007a0000000, 0x00000007b5580000, 0x00000007b5580000)
  object space 349696K, 76% used [0x00000007a0000000,0x00000007b038e6a8,0x00000007b5580000)
 Metaspace       used 5447K, capacity 5616K, committed 5760K, reserved 1056768K
  class space    used 579K, capacity 630K, committed 640K, reserved 1048576K
}
{Heap before GC invocations=262 (full 14):
 PSYoungGen      total 155136K, used 142492K [0x00000007b5580000, 0x00000007c0000000, 0x00000007c0000000)
  eden space 135680K, 97% used [0x00000007b5580000,0x00000007bd70dbb8,0x00000007bda00000)
  from space 19456K, 50% used [0x00000007bda00000,0x00000007be399698,0x00000007bed00000)
  to   space 19456K, 0% used [0x00000007bed00000,0x00000007bed00000,0x00000007c0000000)
 ParOldGen       total 349696K, used 265785K [0x00000007a0000000, 0x00000007b5580000, 0x00000007b5580000)
  object space 349696K, 76% used [0x00000007a0000000,0x00000007b038e6a8,0x00000007b5580000)
 Metaspace       used 5447K, capacity 5616K, committed 5760K, reserved 1056768K
  class space    used 579K, capacity 630K, committed 640K, reserved 1048576K
2018-07-25T18:08:20.282-0800: 22.562: [GC (Allocation Failure) [PSYoungGen: 142492K->32K(155136K)] 408278K->265817K(504832K), 0.0018045 secs] [Times: user=0.01 sys=0.00, real=0.00 secs] 
Heap after GC invocations=262 (full 14):
 PSYoungGen      total 155136K, used 32K [0x00000007b5580000, 0x00000007c0000000, 0x00000007c0000000)
  eden space 135680K, 0% used [0x00000007b5580000,0x00000007b5580000,0x00000007bda00000)
  from space 19456K, 0% used [0x00000007bed00000,0x00000007bed08000,0x00000007c0000000)
  to   space 19456K, 0% used [0x00000007bda00000,0x00000007bda00000,0x00000007bed00000)
 ParOldGen       total 349696K, used 265785K [0x00000007a0000000, 0x00000007b5580000, 0x00000007b5580000)
  object space 349696K, 76% used [0x00000007a0000000,0x00000007b038e6a8,0x00000007b5580000)
 Metaspace       used 5447K, capacity 5616K, committed 5760K, reserved 1056768K
  class space    used 579K, capacity 630K, committed 640K, reserved 1048576K
}
{Heap before GC invocations=263 (full 14):
 PSYoungGen      total 155136K, used 129513K [0x00000007b5580000, 0x00000007c0000000, 0x00000007c0000000)
  eden space 135680K, 95% used [0x00000007b5580000,0x00000007bd3f2670,0x00000007bda00000)
  from space 19456K, 0% used [0x00000007bed00000,0x00000007bed08000,0x00000007c0000000)
  to   space 19456K, 0% used [0x00000007bda00000,0x00000007bda00000,0x00000007bed00000)
 ParOldGen       total 349696K, used 265785K [0x00000007a0000000, 0x00000007b5580000, 0x00000007b5580000)
  object space 349696K, 76% used [0x00000007a0000000,0x00000007b038e6a8,0x00000007b5580000)
 Metaspace       used 5447K, capacity 5616K, committed 5760K, reserved 1056768K
  class space    used 579K, capacity 630K, committed 640K, reserved 1048576K
2018-07-25T18:08:20.317-0800: 22.597: [GC (Allocation Failure) [PSYoungGen: 129513K->9797K(155136K)] 395299K->327701K(504832K), 0.0079038 secs] [Times: user=0.06 sys=0.00, real=0.01 secs] 
Heap after GC invocations=263 (full 14):
 PSYoungGen      total 155136K, used 9797K [0x00000007b5580000, 0x00000007c0000000, 0x00000007c0000000)
  eden space 135680K, 0% used [0x00000007b5580000,0x00000007b5580000,0x00000007bda00000)
  from space 19456K, 50% used [0x00000007bda00000,0x00000007be391698,0x00000007bed00000)
  to   space 19456K, 0% used [0x00000007bed00000,0x00000007bed00000,0x00000007c0000000)
 ParOldGen       total 349696K, used 317904K [0x00000007a0000000, 0x00000007b5580000, 0x00000007b5580000)
  object space 349696K, 90% used [0x00000007a0000000,0x00000007b36740e8,0x00000007b5580000)
 Metaspace       used 5447K, capacity 5616K, committed 5760K, reserved 1056768K
  class space    used 579K, capacity 630K, committed 640K, reserved 1048576K
}
{Heap before GC invocations=264 (full 15):
 PSYoungGen      total 155136K, used 9797K [0x00000007b5580000, 0x00000007c0000000, 0x00000007c0000000)
  eden space 135680K, 0% used [0x00000007b5580000,0x00000007b5580000,0x00000007bda00000)
  from space 19456K, 50% used [0x00000007bda00000,0x00000007be391698,0x00000007bed00000)
  to   space 19456K, 0% used [0x00000007bed00000,0x00000007bed00000,0x00000007c0000000)
 ParOldGen       total 349696K, used 317904K [0x00000007a0000000, 0x00000007b5580000, 0x00000007b5580000)
  object space 349696K, 90% used [0x00000007a0000000,0x00000007b36740e8,0x00000007b5580000)
 Metaspace       used 5447K, capacity 5616K, committed 5760K, reserved 1056768K
  class space    used 579K, capacity 630K, committed 640K, reserved 1048576K
2018-07-25T18:08:20.325-0800: 22.605: [Full GC (Ergonomics) [PSYoungGen: 9797K->0K(155136K)] [ParOldGen: 317904K->73645K(349696K)] 327701K->73645K(504832K), [Metaspace: 5447K->5447K(1056768K)], 0.0134248 secs] [Times: user=0.07 sys=0.00, real=0.01 secs] 
Heap after GC invocations=264 (full 15):
 PSYoungGen      total 155136K, used 0K [0x00000007b5580000, 0x00000007c0000000, 0x00000007c0000000)
  eden space 135680K, 0% used [0x00000007b5580000,0x00000007b5580000,0x00000007bda00000)
  from space 19456K, 0% used [0x00000007bda00000,0x00000007bda00000,0x00000007bed00000)
  to   space 19456K, 0% used [0x00000007bed00000,0x00000007bed00000,0x00000007c0000000)
 ParOldGen       total 349696K, used 73645K [0x00000007a0000000, 0x00000007b5580000, 0x00000007b5580000)
  object space 349696K, 21% used [0x00000007a0000000,0x00000007a47eb410,0x00000007b5580000)
 Metaspace       used 5447K, capacity 5616K, committed 5760K, reserved 1056768K
  class space    used 579K, capacity 630K, committed 640K, reserved 1048576K
}
{Heap before GC invocations=265 (full 15):
 PSYoungGen      total 155136K, used 129528K [0x00000007b5580000, 0x00000007c0000000, 0x00000007c0000000)
  eden space 135680K, 95% used [0x00000007b5580000,0x00000007bd3fe3e0,0x00000007bda00000)
  from space 19456K, 0% used [0x00000007bda00000,0x00000007bda00000,0x00000007bed00000)
  to   space 19456K, 0% used [0x00000007bed00000,0x00000007bed00000,0x00000007c0000000)
 ParOldGen       total 349696K, used 73645K [0x00000007a0000000, 0x00000007b5580000, 0x00000007b5580000)
  object space 349696K, 21% used [0x00000007a0000000,0x00000007a47eb410,0x00000007b5580000)
 Metaspace       used 5447K, capacity 5616K, committed 5760K, reserved 1056768K
  class space    used 579K, capacity 630K, committed 640K, reserved 1048576K
2018-07-25T18:08:20.456-0800: 22.736: [GC (Allocation Failure) [PSYoungGen: 129528K->9861K(155136K)] 203173K->135590K(504832K), 0.0067185 secs] [Times: user=0.05 sys=0.00, real=0.01 secs] 
Heap after GC invocations=265 (full 15):
 PSYoungGen      total 155136K, used 9861K [0x00000007b5580000, 0x00000007c0000000, 0x00000007c0000000)
  eden space 135680K, 0% used [0x00000007b5580000,0x00000007b5580000,0x00000007bda00000)
  from space 19456K, 50% used [0x00000007bed00000,0x00000007bf6a1698,0x00000007c0000000)
  to   space 19456K, 0% used [0x00000007bda00000,0x00000007bda00000,0x00000007bed00000)
 ParOldGen       total 349696K, used 125728K [0x00000007a0000000, 0x00000007b5580000, 0x00000007b5580000)
  object space 349696K, 35% used [0x00000007a0000000,0x00000007a7ac81e0,0x00000007b5580000)
 Metaspace       used 5447K, capacity 5616K, committed 5760K, reserved 1056768K
  class space    used 579K, capacity 630K, committed 640K, reserved 1048576K
}
{Heap before GC invocations=266 (full 15):
 PSYoungGen      total 155136K, used 116347K [0x00000007b5580000, 0x00000007c0000000, 0x00000007c0000000)
  eden space 135680K, 78% used [0x00000007b5580000,0x00000007bbd7d588,0x00000007bda00000)
  from space 19456K, 50% used [0x00000007bed00000,0x00000007bf6a1698,0x00000007c0000000)
  to   space 19456K, 0% used [0x00000007bda00000,0x00000007bda00000,0x00000007bed00000)
 ParOldGen       total 349696K, used 125728K [0x00000007a0000000, 0x00000007b5580000, 0x00000007b5580000)
  object space 349696K, 35% used [0x00000007a0000000,0x00000007a7ac81e0,0x00000007b5580000)
 Metaspace       used 5447K, capacity 5616K, committed 5760K, reserved 1056768K
  class space    used 579K, capacity 630K, committed 640K, reserved 1048576K
2018-07-25T18:08:20.479-0800: 22.760: [GC (Allocation Failure) [PSYoungGen: 116347K->0K(155136K)] 242075K->161579K(504832K), 0.0046176 secs] [Times: user=0.03 sys=0.00, real=0.01 secs] 
Heap after GC invocations=266 (full 15):
 PSYoungGen      total 155136K, used 0K [0x00000007b5580000, 0x00000007c0000000, 0x00000007c0000000)
  eden space 135680K, 0% used [0x00000007b5580000,0x00000007b5580000,0x00000007bda00000)
  from space 19456K, 0% used [0x00000007bda00000,0x00000007bda00000,0x00000007bed00000)
  to   space 19456K, 0% used [0x00000007bed00000,0x00000007bed00000,0x00000007c0000000)
 ParOldGen       total 349696K, used 161579K [0x00000007a0000000, 0x00000007b5580000, 0x00000007b5580000)
  object space 349696K, 46% used [0x00000007a0000000,0x00000007a9dcad80,0x00000007b5580000)
 Metaspace       used 5447K, capacity 5616K, committed 5760K, reserved 1056768K
  class space    used 579K, capacity 630K, committed 640K, reserved 1048576K
}
{Heap before GC invocations=267 (full 15):
 PSYoungGen      total 155136K, used 129274K [0x00000007b5580000, 0x00000007c0000000, 0x00000007c0000000)
  eden space 135680K, 95% used [0x00000007b5580000,0x00000007bd3bea00,0x00000007bda00000)
  from space 19456K, 0% used [0x00000007bda00000,0x00000007bda00000,0x00000007bed00000)
  to   space 19456K, 0% used [0x00000007bed00000,0x00000007bed00000,0x00000007c0000000)
 ParOldGen       total 349696K, used 161579K [0x00000007a0000000, 0x00000007b5580000, 0x00000007b5580000)
  object space 349696K, 46% used [0x00000007a0000000,0x00000007a9dcad80,0x00000007b5580000)
 Metaspace       used 5447K, capacity 5616K, committed 5760K, reserved 1056768K
  class space    used 579K, capacity 630K, committed 640K, reserved 1048576K
2018-07-25T18:08:20.593-0800: 22.873: [GC (Allocation Failure) [PSYoungGen: 129274K->9881K(155136K)] 290853K->223544K(504832K), 0.0062499 secs] [Times: user=0.04 sys=0.00, real=0.00 secs] 
Heap after GC invocations=267 (full 15):
 PSYoungGen      total 155136K, used 9881K [0x00000007b5580000, 0x00000007c0000000, 0x00000007c0000000)
  eden space 135680K, 0% used [0x00000007b5580000,0x00000007b5580000,0x00000007bda00000)
  from space 19456K, 50% used [0x00000007bed00000,0x00000007bf6a65f0,0x00000007c0000000)
  to   space 19456K, 0% used [0x00000007bda00000,0x00000007bda00000,0x00000007bed00000)
 ParOldGen       total 349696K, used 213662K [0x00000007a0000000, 0x00000007b5580000, 0x00000007b5580000)
  object space 349696K, 61% used [0x00000007a0000000,0x00000007ad0a7b30,0x00000007b5580000)
 Metaspace       used 5447K, capacity 5616K, committed 5760K, reserved 1056768K
  class space    used 579K, capacity 630K, committed 640K, reserved 1048576K
}
{Heap before GC invocations=268 (full 15):
 PSYoungGen      total 155136K, used 142548K [0x00000007b5580000, 0x00000007c0000000, 0x00000007c0000000)
  eden space 135680K, 97% used [0x00000007b5580000,0x00000007bd70ec88,0x00000007bda00000)
  from space 19456K, 50% used [0x00000007bed00000,0x00000007bf6a65f0,0x00000007c0000000)
  to   space 19456K, 0% used [0x00000007bda00000,0x00000007bda00000,0x00000007bed00000)
 ParOldGen       total 349696K, used 213662K [0x00000007a0000000, 0x00000007b5580000, 0x00000007b5580000)
  object space 349696K, 61% used [0x00000007a0000000,0x00000007ad0a7b30,0x00000007b5580000)
 Metaspace       used 5447K, capacity 5616K, committed 5760K, reserved 1056768K
  class space    used 579K, capacity 630K, committed 640K, reserved 1048576K
2018-07-25T18:08:20.692-0800: 22.972: [GC (Allocation Failure) [PSYoungGen: 142548K->64K(155136K)] 356211K->213726K(504832K), 0.0013662 secs] [Times: user=0.00 sys=0.00, real=0.00 secs] 
Heap after GC invocations=268 (full 15):
 PSYoungGen      total 155136K, used 64K [0x00000007b5580000, 0x00000007c0000000, 0x00000007c0000000)
  eden space 135680K, 0% used [0x00000007b5580000,0x00000007b5580000,0x00000007bda00000)
  from space 19456K, 0% used [0x00000007bda00000,0x00000007bda10000,0x00000007bed00000)
  to   space 19456K, 0% used [0x00000007bed00000,0x00000007bed00000,0x00000007c0000000)
 ParOldGen       total 349696K, used 213662K [0x00000007a0000000, 0x00000007b5580000, 0x00000007b5580000)
  object space 349696K, 61% used [0x00000007a0000000,0x00000007ad0a7b30,0x00000007b5580000)
 Metaspace       used 5447K, capacity 5616K, committed 5760K, reserved 1056768K
  class space    used 579K, capacity 630K, committed 640K, reserved 1048576K
}
{Heap before GC invocations=269 (full 15):
 PSYoungGen      total 155136K, used 129548K [0x00000007b5580000, 0x00000007c0000000, 0x00000007c0000000)
  eden space 135680K, 95% used [0x00000007b5580000,0x00000007bd3f3160,0x00000007bda00000)
  from space 19456K, 0% used [0x00000007bda00000,0x00000007bda10000,0x00000007bed00000)
  to   space 19456K, 0% used [0x00000007bed00000,0x00000007bed00000,0x00000007c0000000)
 ParOldGen       total 349696K, used 213662K [0x00000007a0000000, 0x00000007b5580000, 0x00000007b5580000)
  object space 349696K, 61% used [0x00000007a0000000,0x00000007ad0a7b30,0x00000007b5580000)
 Metaspace       used 5447K, capacity 5616K, committed 5760K, reserved 1056768K
  class space    used 579K, capacity 630K, committed 640K, reserved 1048576K
2018-07-25T18:08:20.724-0800: 23.004: [GC (Allocation Failure) [PSYoungGen: 129548K->9797K(155136K)] 343211K->275580K(504832K), 0.0078127 secs] [Times: user=0.06 sys=0.00, real=0.01 secs] 
Heap after GC invocations=269 (full 15):
 PSYoungGen      total 155136K, used 9797K [0x00000007b5580000, 0x00000007c0000000, 0x00000007c0000000)
  eden space 135680K, 0% used [0x00000007b5580000,0x00000007b5580000,0x00000007bda00000)
  from space 19456K, 50% used [0x00000007bed00000,0x00000007bf691698,0x00000007c0000000)
  to   space 19456K, 0% used [0x00000007bda00000,0x00000007bda00000,0x00000007bed00000)
 ParOldGen       total 349696K, used 265782K [0x00000007a0000000, 0x00000007b5580000, 0x00000007b5580000)
  object space 349696K, 76% used [0x00000007a0000000,0x00000007b038d978,0x00000007b5580000)
 Metaspace       used 5447K, capacity 5616K, committed 5760K, reserved 1056768K
  class space    used 579K, capacity 630K, committed 640K, reserved 1048576K
}
{Heap before GC invocations=270 (full 15):
 PSYoungGen      total 155136K, used 139328K [0x00000007b5580000, 0x00000007c0000000, 0x00000007c0000000)
  eden space 135680K, 95% used [0x00000007b5580000,0x00000007bd3feb08,0x00000007bda00000)
  from space 19456K, 50% used [0x00000007bed00000,0x00000007bf691698,0x00000007c0000000)
  to   space 19456K, 0% used [0x00000007bda00000,0x00000007bda00000,0x00000007bed00000)
 ParOldGen       total 349696K, used 265782K [0x00000007a0000000, 0x00000007b5580000, 0x00000007b5580000)
  object space 349696K, 76% used [0x00000007a0000000,0x00000007b038d978,0x00000007b5580000)
 Metaspace       used 5447K, capacity 5616K, committed 5760K, reserved 1056768K
  class space    used 579K, capacity 630K, committed 640K, reserved 1048576K
2018-07-25T18:08:20.837-0800: 23.118: [GC (Allocation Failure) [PSYoungGen: 139328K->9861K(155136K)] 405110K->301685K(504832K), 0.0061997 secs] [Times: user=0.04 sys=0.00, real=0.01 secs] 
Heap after GC invocations=270 (full 15):
 PSYoungGen      total 155136K, used 9861K [0x00000007b5580000, 0x00000007c0000000, 0x00000007c0000000)
  eden space 135680K, 0% used [0x00000007b5580000,0x00000007b5580000,0x00000007bda00000)
  from space 19456K, 50% used [0x00000007bda00000,0x00000007be3a1698,0x00000007bed00000)
  to   space 19456K, 0% used [0x00000007bed00000,0x00000007bed00000,0x00000007c0000000)
 ParOldGen       total 349696K, used 291824K [0x00000007a0000000, 0x00000007b5580000, 0x00000007b5580000)
  object space 349696K, 83% used [0x00000007a0000000,0x00000007b1cfc040,0x00000007b5580000)
 Metaspace       used 5447K, capacity 5616K, committed 5760K, reserved 1056768K
  class space    used 579K, capacity 630K, committed 640K, reserved 1048576K
}
{Heap before GC invocations=271 (full 16):
 PSYoungGen      total 155136K, used 9861K [0x00000007b5580000, 0x00000007c0000000, 0x00000007c0000000)
  eden space 135680K, 0% used [0x00000007b5580000,0x00000007b5580000,0x00000007bda00000)
  from space 19456K, 50% used [0x00000007bda00000,0x00000007be3a1698,0x00000007bed00000)
  to   space 19456K, 0% used [0x00000007bed00000,0x00000007bed00000,0x00000007c0000000)
 ParOldGen       total 349696K, used 291824K [0x00000007a0000000, 0x00000007b5580000, 0x00000007b5580000)
  object space 349696K, 83% used [0x00000007a0000000,0x00000007b1cfc040,0x00000007b5580000)
 Metaspace       used 5447K, capacity 5616K, committed 5760K, reserved 1056768K
  class space    used 579K, capacity 630K, committed 640K, reserved 1048576K
2018-07-25T18:08:20.844-0800: 23.124: [Full GC (Ergonomics) [PSYoungGen: 9861K->0K(155136K)] [ParOldGen: 291824K->47604K(349696K)] 301685K->47604K(504832K), [Metaspace: 5447K->5447K(1056768K)], 0.0110403 secs] [Times: user=0.06 sys=0.01, real=0.01 secs] 
Heap after GC invocations=271 (full 16):
 PSYoungGen      total 155136K, used 0K [0x00000007b5580000, 0x00000007c0000000, 0x00000007c0000000)
  eden space 135680K, 0% used [0x00000007b5580000,0x00000007b5580000,0x00000007bda00000)
  from space 19456K, 0% used [0x00000007bda00000,0x00000007bda00000,0x00000007bed00000)
  to   space 19456K, 0% used [0x00000007bed00000,0x00000007bed00000,0x00000007c0000000)
 ParOldGen       total 349696K, used 47604K [0x00000007a0000000, 0x00000007b5580000, 0x00000007b5580000)
  object space 349696K, 13% used [0x00000007a0000000,0x00000007a2e7d2e8,0x00000007b5580000)
 Metaspace       used 5447K, capacity 5616K, committed 5760K, reserved 1056768K
  class space    used 579K, capacity 630K, committed 640K, reserved 1048576K
}
{Heap before GC invocations=272 (full 16):
 PSYoungGen      total 155136K, used 106486K [0x00000007b5580000, 0x00000007c0000000, 0x00000007c0000000)
  eden space 135680K, 78% used [0x00000007b5580000,0x00000007bbd7da28,0x00000007bda00000)
  from space 19456K, 0% used [0x00000007bda00000,0x00000007bda00000,0x00000007bed00000)
  to   space 19456K, 0% used [0x00000007bed00000,0x00000007bed00000,0x00000007c0000000)
 ParOldGen       total 349696K, used 47604K [0x00000007a0000000, 0x00000007b5580000, 0x00000007b5580000)
  object space 349696K, 13% used [0x00000007a0000000,0x00000007a2e7d2e8,0x00000007b5580000)
 Metaspace       used 5447K, capacity 5616K, committed 5760K, reserved 1056768K
  class space    used 579K, capacity 630K, committed 640K, reserved 1048576K
2018-07-25T18:08:20.872-0800: 23.153: [GC (Allocation Failure) [PSYoungGen: 106486K->0K(155136K)] 154091K->125729K(504832K), 0.0098078 secs] [Times: user=0.08 sys=0.00, real=0.01 secs] 
Heap after GC invocations=272 (full 16):
 PSYoungGen      total 155136K, used 0K [0x00000007b5580000, 0x00000007c0000000, 0x00000007c0000000)
  eden space 135680K, 0% used [0x00000007b5580000,0x00000007b5580000,0x00000007bda00000)
  from space 19456K, 0% used [0x00000007bed00000,0x00000007bed00000,0x00000007c0000000)
  to   space 19456K, 0% used [0x00000007bda00000,0x00000007bda00000,0x00000007bed00000)
 ParOldGen       total 349696K, used 125729K [0x00000007a0000000, 0x00000007b5580000, 0x00000007b5580000)
  object space 349696K, 35% used [0x00000007a0000000,0x00000007a7ac8788,0x00000007b5580000)
 Metaspace       used 5447K, capacity 5616K, committed 5760K, reserved 1056768K
  class space    used 579K, capacity 630K, committed 640K, reserved 1048576K
}
{Heap before GC invocations=273 (full 16):
 PSYoungGen      total 155136K, used 128925K [0x00000007b5580000, 0x00000007c0000000, 0x00000007c0000000)
  eden space 135680K, 95% used [0x00000007b5580000,0x00000007bd367708,0x00000007bda00000)
  from space 19456K, 0% used [0x00000007bed00000,0x00000007bed00000,0x00000007c0000000)
  to   space 19456K, 0% used [0x00000007bda00000,0x00000007bda00000,0x00000007bed00000)
 ParOldGen       total 349696K, used 125729K [0x00000007a0000000, 0x00000007b5580000, 0x00000007b5580000)
  object space 349696K, 35% used [0x00000007a0000000,0x00000007a7ac8788,0x00000007b5580000)
 Metaspace       used 5447K, capacity 5616K, committed 5760K, reserved 1056768K
  class space    used 579K, capacity 630K, committed 640K, reserved 1048576K
2018-07-25T18:08:20.993-0800: 23.274: [GC (Allocation Failure) [PSYoungGen: 128925K->9861K(155136K)] 254655K->187674K(504832K), 0.0061523 secs] [Times: user=0.04 sys=0.00, real=0.00 secs] 
Heap after GC invocations=273 (full 16):
 PSYoungGen      total 155136K, used 9861K [0x00000007b5580000, 0x00000007c0000000, 0x00000007c0000000)
  eden space 135680K, 0% used [0x00000007b5580000,0x00000007b5580000,0x00000007bda00000)
  from space 19456K, 50% used [0x00000007bda00000,0x00000007be3a1698,0x00000007bed00000)
  to   space 19456K, 0% used [0x00000007bed00000,0x00000007bed00000,0x00000007c0000000)
 ParOldGen       total 349696K, used 177813K [0x00000007a0000000, 0x00000007b5580000, 0x00000007b5580000)
  object space 349696K, 50% used [0x00000007a0000000,0x00000007aada5538,0x00000007b5580000)
 Metaspace       used 5447K, capacity 5616K, committed 5760K, reserved 1056768K
  class space    used 579K, capacity 630K, committed 640K, reserved 1048576K
}
{Heap before GC invocations=274 (full 16):
 PSYoungGen      total 155136K, used 142302K [0x00000007b5580000, 0x00000007c0000000, 0x00000007c0000000)
  eden space 135680K, 97% used [0x00000007b5580000,0x00000007bd6d61c8,0x00000007bda00000)
  from space 19456K, 50% used [0x00000007bda00000,0x00000007be3a1698,0x00000007bed00000)
  to   space 19456K, 0% used [0x00000007bed00000,0x00000007bed00000,0x00000007c0000000)
 ParOldGen       total 349696K, used 177813K [0x00000007a0000000, 0x00000007b5580000, 0x00000007b5580000)
  object space 349696K, 50% used [0x00000007a0000000,0x00000007aada5538,0x00000007b5580000)
 Metaspace       used 5447K, capacity 5616K, committed 5760K, reserved 1056768K
  class space    used 579K, capacity 630K, committed 640K, reserved 1048576K
2018-07-25T18:08:21.092-0800: 23.372: [GC (Allocation Failure) [PSYoungGen: 142302K->96K(155136K)] 320115K->177909K(504832K), 0.0012698 secs] [Times: user=0.01 sys=0.00, real=0.00 secs] 
Heap after GC invocations=274 (full 16):
 PSYoungGen      total 155136K, used 96K [0x00000007b5580000, 0x00000007c0000000, 0x00000007c0000000)
  eden space 135680K, 0% used [0x00000007b5580000,0x00000007b5580000,0x00000007bda00000)
  from space 19456K, 0% used [0x00000007bed00000,0x00000007bed18000,0x00000007c0000000)
  to   space 19456K, 0% used [0x00000007bda00000,0x00000007bda00000,0x00000007bed00000)
 ParOldGen       total 349696K, used 177813K [0x00000007a0000000, 0x00000007b5580000, 0x00000007b5580000)
  object space 349696K, 50% used [0x00000007a0000000,0x00000007aada5538,0x00000007b5580000)
 Metaspace       used 5447K, capacity 5616K, committed 5760K, reserved 1056768K
  class space    used 579K, capacity 630K, committed 640K, reserved 1048576K
}
{Heap before GC invocations=275 (full 16):
 PSYoungGen      total 155136K, used 129434K [0x00000007b5580000, 0x00000007c0000000, 0x00000007c0000000)
  eden space 135680K, 95% used [0x00000007b5580000,0x00000007bd3cea80,0x00000007bda00000)
  from space 19456K, 0% used [0x00000007bed00000,0x00000007bed18000,0x00000007c0000000)
  to   space 19456K, 0% used [0x00000007bda00000,0x00000007bda00000,0x00000007bed00000)
 ParOldGen       total 349696K, used 177813K [0x00000007a0000000, 0x00000007b5580000, 0x00000007b5580000)
  object space 349696K, 50% used [0x00000007a0000000,0x00000007aada5538,0x00000007b5580000)
 Metaspace       used 5447K, capacity 5616K, committed 5760K, reserved 1056768K
  class space    used 579K, capacity 630K, committed 640K, reserved 1048576K
2018-07-25T18:08:21.125-0800: 23.405: [GC (Allocation Failure) [PSYoungGen: 129434K->9797K(155136K)] 307247K->239731K(504832K), 0.0076986 secs] [Times: user=0.06 sys=0.00, real=0.01 secs] 
Heap after GC invocations=275 (full 16):
 PSYoungGen      total 155136K, used 9797K [0x00000007b5580000, 0x00000007c0000000, 0x00000007c0000000)
  eden space 135680K, 0% used [0x00000007b5580000,0x00000007b5580000,0x00000007bda00000)
  from space 19456K, 50% used [0x00000007bda00000,0x00000007be391698,0x00000007bed00000)
  to   space 19456K, 0% used [0x00000007bed00000,0x00000007bed00000,0x00000007c0000000)
 ParOldGen       total 349696K, used 229933K [0x00000007a0000000, 0x00000007b5580000, 0x00000007b5580000)
  object space 349696K, 65% used [0x00000007a0000000,0x00000007ae08b788,0x00000007b5580000)
 Metaspace       used 5447K, capacity 5616K, committed 5760K, reserved 1056768K
  class space    used 579K, capacity 630K, committed 640K, reserved 1048576K
}
{Heap before GC invocations=276 (full 16):
 PSYoungGen      total 155136K, used 139234K [0x00000007b5580000, 0x00000007c0000000, 0x00000007c0000000)
  eden space 135680K, 95% used [0x00000007b5580000,0x00000007bd3e7480,0x00000007bda00000)
  from space 19456K, 50% used [0x00000007bda00000,0x00000007be391698,0x00000007bed00000)
  to   space 19456K, 0% used [0x00000007bed00000,0x00000007bed00000,0x00000007c0000000)
 ParOldGen       total 349696K, used 229933K [0x00000007a0000000, 0x00000007b5580000, 0x00000007b5580000)
  object space 349696K, 65% used [0x00000007a0000000,0x00000007ae08b788,0x00000007b5580000)
 Metaspace       used 5447K, capacity 5616K, committed 5760K, reserved 1056768K
  class space    used 579K, capacity 630K, committed 640K, reserved 1048576K
2018-07-25T18:08:21.237-0800: 23.517: [GC (Allocation Failure) [PSYoungGen: 139234K->9893K(155136K)] 369168K->265869K(504832K), 0.0044756 secs] [Times: user=0.03 sys=0.00, real=0.01 secs] 
Heap after GC invocations=276 (full 16):
 PSYoungGen      total 155136K, used 9893K [0x00000007b5580000, 0x00000007c0000000, 0x00000007c0000000)
  eden space 135680K, 0% used [0x00000007b5580000,0x00000007b5580000,0x00000007bda00000)
  from space 19456K, 50% used [0x00000007bed00000,0x00000007bf6a9698,0x00000007c0000000)
  to   space 19456K, 0% used [0x00000007bda00000,0x00000007bda00000,0x00000007bed00000)
 ParOldGen       total 349696K, used 255975K [0x00000007a0000000, 0x00000007b5580000, 0x00000007b5580000)
  object space 349696K, 73% used [0x00000007a0000000,0x00000007af9f9e50,0x00000007b5580000)
 Metaspace       used 5447K, capacity 5616K, committed 5760K, reserved 1056768K
  class space    used 579K, capacity 630K, committed 640K, reserved 1048576K
}
{Heap before GC invocations=277 (full 16):
 PSYoungGen      total 155136K, used 116319K [0x00000007b5580000, 0x00000007c0000000, 0x00000007c0000000)
  eden space 135680K, 78% used [0x00000007b5580000,0x00000007bbd6e890,0x00000007bda00000)
  from space 19456K, 50% used [0x00000007bed00000,0x00000007bf6a9698,0x00000007c0000000)
  to   space 19456K, 0% used [0x00000007bda00000,0x00000007bda00000,0x00000007bed00000)
 ParOldGen       total 349696K, used 255975K [0x00000007a0000000, 0x00000007b5580000, 0x00000007b5580000)
  object space 349696K, 73% used [0x00000007a0000000,0x00000007af9f9e50,0x00000007b5580000)
 Metaspace       used 5447K, capacity 5616K, committed 5760K, reserved 1056768K
  class space    used 579K, capacity 630K, committed 640K, reserved 1048576K
2018-07-25T18:08:21.254-0800: 23.534: [GC (Allocation Failure) [PSYoungGen: 116319K->0K(155136K)] 372295K->291820K(504832K), 0.0058335 secs] [Times: user=0.05 sys=0.00, real=0.01 secs] 
Heap after GC invocations=277 (full 16):
 PSYoungGen      total 155136K, used 0K [0x00000007b5580000, 0x00000007c0000000, 0x00000007c0000000)
  eden space 135680K, 0% used [0x00000007b5580000,0x00000007b5580000,0x00000007bda00000)
  from space 19456K, 0% used [0x00000007bda00000,0x00000007bda00000,0x00000007bed00000)
  to   space 19456K, 0% used [0x00000007bed00000,0x00000007bed00000,0x00000007c0000000)
 ParOldGen       total 349696K, used 291820K [0x00000007a0000000, 0x00000007b5580000, 0x00000007b5580000)
  object space 349696K, 83% used [0x00000007a0000000,0x00000007b1cfb200,0x00000007b5580000)
 Metaspace       used 5447K, capacity 5616K, committed 5760K, reserved 1056768K
  class space    used 579K, capacity 630K, committed 640K, reserved 1048576K
}
{Heap before GC invocations=278 (full 17):
 PSYoungGen      total 155136K, used 0K [0x00000007b5580000, 0x00000007c0000000, 0x00000007c0000000)
  eden space 135680K, 0% used [0x00000007b5580000,0x00000007b5580000,0x00000007bda00000)
  from space 19456K, 0% used [0x00000007bda00000,0x00000007bda00000,0x00000007bed00000)
  to   space 19456K, 0% used [0x00000007bed00000,0x00000007bed00000,0x00000007c0000000)
 ParOldGen       total 349696K, used 291820K [0x00000007a0000000, 0x00000007b5580000, 0x00000007b5580000)
  object space 349696K, 83% used [0x00000007a0000000,0x00000007b1cfb200,0x00000007b5580000)
 Metaspace       used 5447K, capacity 5616K, committed 5760K, reserved 1056768K
  class space    used 579K, capacity 630K, committed 640K, reserved 1048576K
2018-07-25T18:08:21.260-0800: 23.540: [Full GC (Ergonomics) [PSYoungGen: 0K->0K(155136K)] [ParOldGen: 291820K->47606K(349696K)] 291820K->47606K(504832K), [Metaspace: 5447K->5447K(1056768K)], 0.0082629 secs] [Times: user=0.04 sys=0.00, real=0.00 secs] 
Heap after GC invocations=278 (full 17):
 PSYoungGen      total 155136K, used 0K [0x00000007b5580000, 0x00000007c0000000, 0x00000007c0000000)
  eden space 135680K, 0% used [0x00000007b5580000,0x00000007b5580000,0x00000007bda00000)
  from space 19456K, 0% used [0x00000007bda00000,0x00000007bda00000,0x00000007bed00000)
  to   space 19456K, 0% used [0x00000007bed00000,0x00000007bed00000,0x00000007c0000000)
 ParOldGen       total 349696K, used 47606K [0x00000007a0000000, 0x00000007b5580000, 0x00000007b5580000)
  object space 349696K, 13% used [0x00000007a0000000,0x00000007a2e7d8c8,0x00000007b5580000)
 Metaspace       used 5447K, capacity 5616K, committed 5760K, reserved 1056768K
  class space    used 579K, capacity 630K, committed 640K, reserved 1048576K
}
{Heap before GC invocations=279 (full 17):
 PSYoungGen      total 155136K, used 129236K [0x00000007b5580000, 0x00000007c0000000, 0x00000007c0000000)
  eden space 135680K, 95% used [0x00000007b5580000,0x00000007bd3b5210,0x00000007bda00000)
  from space 19456K, 0% used [0x00000007bda00000,0x00000007bda00000,0x00000007bed00000)
  to   space 19456K, 0% used [0x00000007bed00000,0x00000007bed00000,0x00000007c0000000)
 ParOldGen       total 349696K, used 47606K [0x00000007a0000000, 0x00000007b5580000, 0x00000007b5580000)
  object space 349696K, 13% used [0x00000007a0000000,0x00000007a2e7d8c8,0x00000007b5580000)
 Metaspace       used 5447K, capacity 5616K, committed 5760K, reserved 1056768K
  class space    used 579K, capacity 630K, committed 640K, reserved 1048576K
2018-07-25T18:08:21.383-0800: 23.664: [GC (Allocation Failure) [PSYoungGen: 129236K->9893K(155136K)] 176842K->109583K(504832K), 0.0059748 secs] [Times: user=0.04 sys=0.00, real=0.00 secs] 
Heap after GC invocations=279 (full 17):
 PSYoungGen      total 155136K, used 9893K [0x00000007b5580000, 0x00000007c0000000, 0x00000007c0000000)
  eden space 135680K, 0% used [0x00000007b5580000,0x00000007b5580000,0x00000007bda00000)
  from space 19456K, 50% used [0x00000007bed00000,0x00000007bf6a9698,0x00000007c0000000)
  to   space 19456K, 0% used [0x00000007bda00000,0x00000007bda00000,0x00000007bed00000)
 ParOldGen       total 349696K, used 99689K [0x00000007a0000000, 0x00000007b5580000, 0x00000007b5580000)
  object space 349696K, 28% used [0x00000007a0000000,0x00000007a615a678,0x00000007b5580000)
 Metaspace       used 5447K, capacity 5616K, committed 5760K, reserved 1056768K
  class space    used 579K, capacity 630K, committed 640K, reserved 1048576K
}
{Heap before GC invocations=280 (full 17):
 PSYoungGen      total 155136K, used 142519K [0x00000007b5580000, 0x00000007c0000000, 0x00000007c0000000)
  eden space 135680K, 97% used [0x00000007b5580000,0x00000007bd7046a8,0x00000007bda00000)
  from space 19456K, 50% used [0x00000007bed00000,0x00000007bf6a9698,0x00000007c0000000)
  to   space 19456K, 0% used [0x00000007bda00000,0x00000007bda00000,0x00000007bed00000)
 ParOldGen       total 349696K, used 99689K [0x00000007a0000000, 0x00000007b5580000, 0x00000007b5580000)
  object space 349696K, 28% used [0x00000007a0000000,0x00000007a615a678,0x00000007b5580000)
 Metaspace       used 5447K, capacity 5616K, committed 5760K, reserved 1056768K
  class space    used 579K, capacity 630K, committed 640K, reserved 1048576K
2018-07-25T18:08:21.483-0800: 23.764: [GC (Allocation Failure) [PSYoungGen: 142519K->128K(155136K)] 242208K->99817K(504832K), 0.0011635 secs] [Times: user=0.00 sys=0.00, real=0.00 secs] 
Heap after GC invocations=280 (full 17):
 PSYoungGen      total 155136K, used 128K [0x00000007b5580000, 0x00000007c0000000, 0x00000007c0000000)
  eden space 135680K, 0% used [0x00000007b5580000,0x00000007b5580000,0x00000007bda00000)
  from space 19456K, 0% used [0x00000007bda00000,0x00000007bda20000,0x00000007bed00000)
  to   space 19456K, 0% used [0x00000007bed00000,0x00000007bed00000,0x00000007c0000000)
 ParOldGen       total 349696K, used 99689K [0x00000007a0000000, 0x00000007b5580000, 0x00000007b5580000)
  object space 349696K, 28% used [0x00000007a0000000,0x00000007a615a678,0x00000007b5580000)
 Metaspace       used 5447K, capacity 5616K, committed 5760K, reserved 1056768K
  class space    used 579K, capacity 630K, committed 640K, reserved 1048576K
}
{Heap before GC invocations=281 (full 17):
 PSYoungGen      total 155136K, used 129585K [0x00000007b5580000, 0x00000007c0000000, 0x00000007c0000000)
  eden space 135680K, 95% used [0x00000007b5580000,0x00000007bd3ec6f0,0x00000007bda00000)
  from space 19456K, 0% used [0x00000007bda00000,0x00000007bda20000,0x00000007bed00000)
  to   space 19456K, 0% used [0x00000007bed00000,0x00000007bed00000,0x00000007c0000000)
 ParOldGen       total 349696K, used 99689K [0x00000007a0000000, 0x00000007b5580000, 0x00000007b5580000)
  object space 349696K, 28% used [0x00000007a0000000,0x00000007a615a678,0x00000007b5580000)
 Metaspace       used 5447K, capacity 5616K, committed 5760K, reserved 1056768K
  class space    used 579K, capacity 630K, committed 640K, reserved 1048576K
2018-07-25T18:08:21.513-0800: 23.793: [GC (Allocation Failure) [PSYoungGen: 129585K->9797K(155136K)] 229275K->161624K(504832K), 0.0079441 secs] [Times: user=0.06 sys=0.00, real=0.01 secs] 
Heap after GC invocations=281 (full 17):
 PSYoungGen      total 155136K, used 9797K [0x00000007b5580000, 0x00000007c0000000, 0x00000007c0000000)
  eden space 135680K, 0% used [0x00000007b5580000,0x00000007b5580000,0x00000007bda00000)
  from space 19456K, 50% used [0x00000007bed00000,0x00000007bf691698,0x00000007c0000000)
  to   space 19456K, 0% used [0x00000007bda00000,0x00000007bda00000,0x00000007bed00000)
 ParOldGen       total 349696K, used 151827K [0x00000007a0000000, 0x00000007b5580000, 0x00000007b5580000)
  object space 349696K, 43% used [0x00000007a0000000,0x00000007a9444cd0,0x00000007b5580000)
 Metaspace       used 5447K, capacity 5616K, committed 5760K, reserved 1056768K
  class space    used 579K, capacity 630K, committed 640K, reserved 1048576K
}
{Heap before GC invocations=282 (full 17):
 PSYoungGen      total 155136K, used 139311K [0x00000007b5580000, 0x00000007c0000000, 0x00000007c0000000)
  eden space 135680K, 95% used [0x00000007b5580000,0x00000007bd3fa6d8,0x00000007bda00000)
  from space 19456K, 50% used [0x00000007bed00000,0x00000007bf691698,0x00000007c0000000)
  to   space 19456K, 0% used [0x00000007bda00000,0x00000007bda00000,0x00000007bed00000)
 ParOldGen       total 349696K, used 151827K [0x00000007a0000000, 0x00000007b5580000, 0x00000007b5580000)
  object space 349696K, 43% used [0x00000007a0000000,0x00000007a9444cd0,0x00000007b5580000)
 Metaspace       used 5447K, capacity 5616K, committed 5760K, reserved 1056768K
  class space    used 579K, capacity 630K, committed 640K, reserved 1048576K
2018-07-25T18:08:21.628-0800: 23.908: [GC (Allocation Failure) [PSYoungGen: 139311K->9861K(155136K)] 291138K->187730K(504832K), 0.0045979 secs] [Times: user=0.03 sys=0.00, real=0.01 secs] 
Heap after GC invocations=282 (full 17):
 PSYoungGen      total 155136K, used 9861K [0x00000007b5580000, 0x00000007c0000000, 0x00000007c0000000)
  eden space 135680K, 0% used [0x00000007b5580000,0x00000007b5580000,0x00000007bda00000)
  from space 19456K, 50% used [0x00000007bda00000,0x00000007be3a1698,0x00000007bed00000)
  to   space 19456K, 0% used [0x00000007bed00000,0x00000007bed00000,0x00000007c0000000)
 ParOldGen       total 349696K, used 177868K [0x00000007a0000000, 0x00000007b5580000, 0x00000007b5580000)
  object space 349696K, 50% used [0x00000007a0000000,0x00000007aadb3398,0x00000007b5580000)
 Metaspace       used 5447K, capacity 5616K, committed 5760K, reserved 1056768K
  class space    used 579K, capacity 630K, committed 640K, reserved 1048576K
}
{Heap before GC invocations=283 (full 17):
 PSYoungGen      total 155136K, used 116337K [0x00000007b5580000, 0x00000007c0000000, 0x00000007c0000000)
  eden space 135680K, 78% used [0x00000007b5580000,0x00000007bbd7ae30,0x00000007bda00000)
  from space 19456K, 50% used [0x00000007bda00000,0x00000007be3a1698,0x00000007bed00000)
  to   space 19456K, 0% used [0x00000007bed00000,0x00000007bed00000,0x00000007c0000000)
 ParOldGen       total 349696K, used 177868K [0x00000007a0000000, 0x00000007b5580000, 0x00000007b5580000)
  object space 349696K, 50% used [0x00000007a0000000,0x00000007aadb3398,0x00000007b5580000)
 Metaspace       used 5447K, capacity 5616K, committed 5760K, reserved 1056768K
  class space    used 579K, capacity 630K, committed 640K, reserved 1048576K
2018-07-25T18:08:21.644-0800: 23.925: [GC (Allocation Failure) [PSYoungGen: 116337K->0K(155136K)] 294206K->213714K(504832K), 0.0056628 secs] [Times: user=0.04 sys=0.01, real=0.01 secs] 
Heap after GC invocations=283 (full 17):
 PSYoungGen      total 155136K, used 0K [0x00000007b5580000, 0x00000007c0000000, 0x00000007c0000000)
  eden space 135680K, 0% used [0x00000007b5580000,0x00000007b5580000,0x00000007bda00000)
  from space 19456K, 0% used [0x00000007bed00000,0x00000007bed00000,0x00000007c0000000)
  to   space 19456K, 0% used [0x00000007bda00000,0x00000007bda00000,0x00000007bed00000)
 ParOldGen       total 349696K, used 213714K [0x00000007a0000000, 0x00000007b5580000, 0x00000007b5580000)
  object space 349696K, 61% used [0x00000007a0000000,0x00000007ad0b4b50,0x00000007b5580000)
 Metaspace       used 5447K, capacity 5616K, committed 5760K, reserved 1056768K
  class space    used 579K, capacity 630K, committed 640K, reserved 1048576K
}
{Heap before GC invocations=284 (full 17):
 PSYoungGen      total 155136K, used 129268K [0x00000007b5580000, 0x00000007c0000000, 0x00000007c0000000)
  eden space 135680K, 95% used [0x00000007b5580000,0x00000007bd3bd128,0x00000007bda00000)
  from space 19456K, 0% used [0x00000007bed00000,0x00000007bed00000,0x00000007c0000000)
  to   space 19456K, 0% used [0x00000007bda00000,0x00000007bda00000,0x00000007bed00000)
 ParOldGen       total 349696K, used 213714K [0x00000007a0000000, 0x00000007b5580000, 0x00000007b5580000)
  object space 349696K, 61% used [0x00000007a0000000,0x00000007ad0b4b50,0x00000007b5580000)
 Metaspace       used 5447K, capacity 5616K, committed 5760K, reserved 1056768K
  class space    used 579K, capacity 630K, committed 640K, reserved 1048576K
2018-07-25T18:08:21.758-0800: 24.039: [GC (Allocation Failure) [PSYoungGen: 129268K->9852K(155136K)] 342983K->275650K(504832K), 0.0058521 secs] [Times: user=0.04 sys=0.00, real=0.01 secs] 
Heap after GC invocations=284 (full 17):
 PSYoungGen      total 155136K, used 9852K [0x00000007b5580000, 0x00000007c0000000, 0x00000007c0000000)
  eden space 135680K, 0% used [0x00000007b5580000,0x00000007b5580000,0x00000007bda00000)
  from space 19456K, 50% used [0x00000007bda00000,0x00000007be39f208,0x00000007bed00000)
  to   space 19456K, 0% used [0x00000007bed00000,0x00000007bed00000,0x00000007c0000000)
 ParOldGen       total 349696K, used 265798K [0x00000007a0000000, 0x00000007b5580000, 0x00000007b5580000)
  object space 349696K, 76% used [0x00000007a0000000,0x00000007b0391900,0x00000007b5580000)
 Metaspace       used 5447K, capacity 5616K, committed 5760K, reserved 1056768K
  class space    used 579K, capacity 630K, committed 640K, reserved 1048576K
}
{Heap before GC invocations=285 (full 17):
 PSYoungGen      total 155136K, used 142515K [0x00000007b5580000, 0x00000007c0000000, 0x00000007c0000000)
  eden space 135680K, 97% used [0x00000007b5580000,0x00000007bd70dc60,0x00000007bda00000)
  from space 19456K, 50% used [0x00000007bda00000,0x00000007be39f208,0x00000007bed00000)
  to   space 19456K, 0% used [0x00000007bed00000,0x00000007bed00000,0x00000007c0000000)
 ParOldGen       total 349696K, used 265798K [0x00000007a0000000, 0x00000007b5580000, 0x00000007b5580000)
  object space 349696K, 76% used [0x00000007a0000000,0x00000007b0391900,0x00000007b5580000)
 Metaspace       used 5447K, capacity 5616K, committed 5760K, reserved 1056768K
  class space    used 579K, capacity 630K, committed 640K, reserved 1048576K
2018-07-25T18:08:21.858-0800: 24.138: [GC (Allocation Failure) [PSYoungGen: 142515K->64K(155136K)] 408313K->265862K(504832K), 0.0017313 secs] [Times: user=0.01 sys=0.00, real=0.01 secs] 
Heap after GC invocations=285 (full 17):
 PSYoungGen      total 155136K, used 64K [0x00000007b5580000, 0x00000007c0000000, 0x00000007c0000000)
  eden space 135680K, 0% used [0x00000007b5580000,0x00000007b5580000,0x00000007bda00000)
  from space 19456K, 0% used [0x00000007bed00000,0x00000007bed10000,0x00000007c0000000)
  to   space 19456K, 0% used [0x00000007bda00000,0x00000007bda00000,0x00000007bed00000)
 ParOldGen       total 349696K, used 265798K [0x00000007a0000000, 0x00000007b5580000, 0x00000007b5580000)
  object space 349696K, 76% used [0x00000007a0000000,0x00000007b0391900,0x00000007b5580000)
 Metaspace       used 5447K, capacity 5616K, committed 5760K, reserved 1056768K
  class space    used 579K, capacity 630K, committed 640K, reserved 1048576K
}
{Heap before GC invocations=286 (full 17):
 PSYoungGen      total 155136K, used 129545K [0x00000007b5580000, 0x00000007c0000000, 0x00000007c0000000)
  eden space 135680K, 95% used [0x00000007b5580000,0x00000007bd3f2758,0x00000007bda00000)
  from space 19456K, 0% used [0x00000007bed00000,0x00000007bed10000,0x00000007c0000000)
  to   space 19456K, 0% used [0x00000007bda00000,0x00000007bda00000,0x00000007bed00000)
 ParOldGen       total 349696K, used 265798K [0x00000007a0000000, 0x00000007b5580000, 0x00000007b5580000)
  object space 349696K, 76% used [0x00000007a0000000,0x00000007b0391900,0x00000007b5580000)
 Metaspace       used 5447K, capacity 5616K, committed 5760K, reserved 1056768K
  class space    used 579K, capacity 630K, committed 640K, reserved 1048576K
2018-07-25T18:08:21.891-0800: 24.172: [GC (Allocation Failure) [PSYoungGen: 129545K->9797K(155136K)] 395344K->327718K(504832K), 0.0074627 secs] [Times: user=0.05 sys=0.00, real=0.00 secs] 
Heap after GC invocations=286 (full 17):
 PSYoungGen      total 155136K, used 9797K [0x00000007b5580000, 0x00000007c0000000, 0x00000007c0000000)
  eden space 135680K, 0% used [0x00000007b5580000,0x00000007b5580000,0x00000007bda00000)
  from space 19456K, 50% used [0x00000007bda00000,0x00000007be391698,0x00000007bed00000)
  to   space 19456K, 0% used [0x00000007bed00000,0x00000007bed00000,0x00000007c0000000)
 ParOldGen       total 349696K, used 317920K [0x00000007a0000000, 0x00000007b5580000, 0x00000007b5580000)
  object space 349696K, 90% used [0x00000007a0000000,0x00000007b3678360,0x00000007b5580000)
 Metaspace       used 5447K, capacity 5616K, committed 5760K, reserved 1056768K
  class space    used 579K, capacity 630K, committed 640K, reserved 1048576K
}
{Heap before GC invocations=287 (full 18):
 PSYoungGen      total 155136K, used 9797K [0x00000007b5580000, 0x00000007c0000000, 0x00000007c0000000)
  eden space 135680K, 0% used [0x00000007b5580000,0x00000007b5580000,0x00000007bda00000)
  from space 19456K, 50% used [0x00000007bda00000,0x00000007be391698,0x00000007bed00000)
  to   space 19456K, 0% used [0x00000007bed00000,0x00000007bed00000,0x00000007c0000000)
 ParOldGen       total 349696K, used 317920K [0x00000007a0000000, 0x00000007b5580000, 0x00000007b5580000)
  object space 349696K, 90% used [0x00000007a0000000,0x00000007b3678360,0x00000007b5580000)
 Metaspace       used 5447K, capacity 5616K, committed 5760K, reserved 1056768K
  class space    used 579K, capacity 630K, committed 640K, reserved 1048576K
2018-07-25T18:08:21.899-0800: 24.179: [Full GC (Ergonomics) [PSYoungGen: 9797K->0K(155136K)] [ParOldGen: 317920K->73649K(349696K)] 327718K->73649K(504832K), [Metaspace: 5447K->5447K(1056768K)], 0.0117600 secs] [Times: user=0.07 sys=0.00, real=0.02 secs] 
Heap after GC invocations=287 (full 18):
 PSYoungGen      total 155136K, used 0K [0x00000007b5580000, 0x00000007c0000000, 0x00000007c0000000)
  eden space 135680K, 0% used [0x00000007b5580000,0x00000007b5580000,0x00000007bda00000)
  from space 19456K, 0% used [0x00000007bda00000,0x00000007bda00000,0x00000007bed00000)
  to   space 19456K, 0% used [0x00000007bed00000,0x00000007bed00000,0x00000007c0000000)
 ParOldGen       total 349696K, used 73649K [0x00000007a0000000, 0x00000007b5580000, 0x00000007b5580000)
  object space 349696K, 21% used [0x00000007a0000000,0x00000007a47ec628,0x00000007b5580000)
 Metaspace       used 5447K, capacity 5616K, committed 5760K, reserved 1056768K
  class space    used 579K, capacity 630K, committed 640K, reserved 1048576K
}
{Heap before GC invocations=288 (full 18):
 PSYoungGen      total 155136K, used 129529K [0x00000007b5580000, 0x00000007c0000000, 0x00000007c0000000)
  eden space 135680K, 95% used [0x00000007b5580000,0x00000007bd3fe4f0,0x00000007bda00000)
  from space 19456K, 0% used [0x00000007bda00000,0x00000007bda00000,0x00000007bed00000)
  to   space 19456K, 0% used [0x00000007bed00000,0x00000007bed00000,0x00000007c0000000)
 ParOldGen       total 349696K, used 73649K [0x00000007a0000000, 0x00000007b5580000, 0x00000007b5580000)
  object space 349696K, 21% used [0x00000007a0000000,0x00000007a47ec628,0x00000007b5580000)
 Metaspace       used 5447K, capacity 5616K, committed 5760K, reserved 1056768K
  class space    used 579K, capacity 630K, committed 640K, reserved 1048576K
2018-07-25T18:08:22.024-0800: 24.305: [GC (Allocation Failure) [PSYoungGen: 129529K->9861K(155136K)] 203178K->135594K(504832K), 0.0067415 secs] [Times: user=0.05 sys=0.00, real=0.01 secs] 
Heap after GC invocations=288 (full 18):
 PSYoungGen      total 155136K, used 9861K [0x00000007b5580000, 0x00000007c0000000, 0x00000007c0000000)
  eden space 135680K, 0% used [0x00000007b5580000,0x00000007b5580000,0x00000007bda00000)
  from space 19456K, 50% used [0x00000007bed00000,0x00000007bf6a1698,0x00000007c0000000)
  to   space 19456K, 0% used [0x00000007bda00000,0x00000007bda00000,0x00000007bed00000)
 ParOldGen       total 349696K, used 125732K [0x00000007a0000000, 0x00000007b5580000, 0x00000007b5580000)
  object space 349696K, 35% used [0x00000007a0000000,0x00000007a7ac93f8,0x00000007b5580000)
 Metaspace       used 5447K, capacity 5616K, committed 5760K, reserved 1056768K
  class space    used 579K, capacity 630K, committed 640K, reserved 1048576K
}
{Heap before GC invocations=289 (full 18):
 PSYoungGen      total 155136K, used 116347K [0x00000007b5580000, 0x00000007c0000000, 0x00000007c0000000)
  eden space 135680K, 78% used [0x00000007b5580000,0x00000007bbd7d638,0x00000007bda00000)
  from space 19456K, 50% used [0x00000007bed00000,0x00000007bf6a1698,0x00000007c0000000)
  to   space 19456K, 0% used [0x00000007bda00000,0x00000007bda00000,0x00000007bed00000)
 ParOldGen       total 349696K, used 125732K [0x00000007a0000000, 0x00000007b5580000, 0x00000007b5580000)
  object space 349696K, 35% used [0x00000007a0000000,0x00000007a7ac93f8,0x00000007b5580000)
 Metaspace       used 5447K, capacity 5616K, committed 5760K, reserved 1056768K
  class space    used 579K, capacity 630K, committed 640K, reserved 1048576K
2018-07-25T18:08:22.044-0800: 24.324: [GC (Allocation Failure) [PSYoungGen: 116347K->0K(155136K)] 242080K->161579K(504832K), 0.0050674 secs] [Times: user=0.04 sys=0.00, real=0.00 secs] 
Heap after GC invocations=289 (full 18):
 PSYoungGen      total 155136K, used 0K [0x00000007b5580000, 0x00000007c0000000, 0x00000007c0000000)
  eden space 135680K, 0% used [0x00000007b5580000,0x00000007b5580000,0x00000007bda00000)
  from space 19456K, 0% used [0x00000007bda00000,0x00000007bda00000,0x00000007bed00000)
  to   space 19456K, 0% used [0x00000007bed00000,0x00000007bed00000,0x00000007c0000000)
 ParOldGen       total 349696K, used 161579K [0x00000007a0000000, 0x00000007b5580000, 0x00000007b5580000)
  object space 349696K, 46% used [0x00000007a0000000,0x00000007a9dcafb8,0x00000007b5580000)
 Metaspace       used 5447K, capacity 5616K, committed 5760K, reserved 1056768K
  class space    used 579K, capacity 630K, committed 640K, reserved 1048576K
}
{Heap before GC invocations=290 (full 18):
 PSYoungGen      total 155136K, used 129274K [0x00000007b5580000, 0x00000007c0000000, 0x00000007c0000000)
  eden space 135680K, 95% used [0x00000007b5580000,0x00000007bd3beb08,0x00000007bda00000)
  from space 19456K, 0% used [0x00000007bda00000,0x00000007bda00000,0x00000007bed00000)
  to   space 19456K, 0% used [0x00000007bed00000,0x00000007bed00000,0x00000007c0000000)
 ParOldGen       total 349696K, used 161579K [0x00000007a0000000, 0x00000007b5580000, 0x00000007b5580000)
  object space 349696K, 46% used [0x00000007a0000000,0x00000007a9dcafb8,0x00000007b5580000)
 Metaspace       used 5447K, capacity 5616K, committed 5760K, reserved 1056768K
  class space    used 579K, capacity 630K, committed 640K, reserved 1048576K
2018-07-25T18:08:22.161-0800: 24.442: [GC (Allocation Failure) [PSYoungGen: 129274K->9885K(155136K)] 290854K->223548K(504832K), 0.0058115 secs] [Times: user=0.04 sys=0.00, real=0.00 secs] 
Heap after GC invocations=290 (full 18):
 PSYoungGen      total 155136K, used 9885K [0x00000007b5580000, 0x00000007c0000000, 0x00000007c0000000)
  eden space 135680K, 0% used [0x00000007b5580000,0x00000007b5580000,0x00000007bda00000)
  from space 19456K, 50% used [0x00000007bed00000,0x00000007bf6a7610,0x00000007c0000000)
  to   space 19456K, 0% used [0x00000007bda00000,0x00000007bda00000,0x00000007bed00000)
 ParOldGen       total 349696K, used 213663K [0x00000007a0000000, 0x00000007b5580000, 0x00000007b5580000)
  object space 349696K, 61% used [0x00000007a0000000,0x00000007ad0a7d68,0x00000007b5580000)
 Metaspace       used 5447K, capacity 5616K, committed 5760K, reserved 1056768K
  class space    used 579K, capacity 630K, committed 640K, reserved 1048576K
}
{Heap before GC invocations=291 (full 18):
 PSYoungGen      total 155136K, used 142552K [0x00000007b5580000, 0x00000007c0000000, 0x00000007c0000000)
  eden space 135680K, 97% used [0x00000007b5580000,0x00000007bd70ed30,0x00000007bda00000)
  from space 19456K, 50% used [0x00000007bed00000,0x00000007bf6a7610,0x00000007c0000000)
  to   space 19456K, 0% used [0x00000007bda00000,0x00000007bda00000,0x00000007bed00000)
 ParOldGen       total 349696K, used 213663K [0x00000007a0000000, 0x00000007b5580000, 0x00000007b5580000)
  object space 349696K, 61% used [0x00000007a0000000,0x00000007ad0a7d68,0x00000007b5580000)
 Metaspace       used 5447K, capacity 5616K, committed 5760K, reserved 1056768K
  class space    used 579K, capacity 630K, committed 640K, reserved 1048576K
2018-07-25T18:08:22.259-0800: 24.539: [GC (Allocation Failure) [PSYoungGen: 142552K->88K(155136K)] 356216K->213751K(504832K), 0.0015820 secs] [Times: user=0.01 sys=0.00, real=0.01 secs] 
Heap after GC invocations=291 (full 18):
 PSYoungGen      total 155136K, used 88K [0x00000007b5580000, 0x00000007c0000000, 0x00000007c0000000)
  eden space 135680K, 0% used [0x00000007b5580000,0x00000007b5580000,0x00000007bda00000)
  from space 19456K, 0% used [0x00000007bda00000,0x00000007bda160d0,0x00000007bed00000)
  to   space 19456K, 0% used [0x00000007bed00000,0x00000007bed00000,0x00000007c0000000)
 ParOldGen       total 349696K, used 213663K [0x00000007a0000000, 0x00000007b5580000, 0x00000007b5580000)
  object space 349696K, 61% used [0x00000007a0000000,0x00000007ad0a7d68,0x00000007b5580000)
 Metaspace       used 5447K, capacity 5616K, committed 5760K, reserved 1056768K
  class space    used 579K, capacity 630K, committed 640K, reserved 1048576K
}
{Heap before GC invocations=292 (full 18):
 PSYoungGen      total 155136K, used 129572K [0x00000007b5580000, 0x00000007c0000000, 0x00000007c0000000)
  eden space 135680K, 95% used [0x00000007b5580000,0x00000007bd3f3240,0x00000007bda00000)
  from space 19456K, 0% used [0x00000007bda00000,0x00000007bda160d0,0x00000007bed00000)
  to   space 19456K, 0% used [0x00000007bed00000,0x00000007bed00000,0x00000007c0000000)
 ParOldGen       total 349696K, used 213663K [0x00000007a0000000, 0x00000007b5580000, 0x00000007b5580000)
  object space 349696K, 61% used [0x00000007a0000000,0x00000007ad0a7d68,0x00000007b5580000)
 Metaspace       used 5447K, capacity 5616K, committed 5760K, reserved 1056768K
  class space    used 579K, capacity 630K, committed 640K, reserved 1048576K
2018-07-25T18:08:22.289-0800: 24.569: [GC (Allocation Failure) [PSYoungGen: 129572K->9797K(155136K)] 343236K->275584K(504832K), 0.0078903 secs] [Times: user=0.06 sys=0.00, real=0.01 secs] 
Heap after GC invocations=292 (full 18):
 PSYoungGen      total 155136K, used 9797K [0x00000007b5580000, 0x00000007c0000000, 0x00000007c0000000)
  eden space 135680K, 0% used [0x00000007b5580000,0x00000007b5580000,0x00000007bda00000)
  from space 19456K, 50% used [0x00000007bed00000,0x00000007bf691698,0x00000007c0000000)
  to   space 19456K, 0% used [0x00000007bda00000,0x00000007bda00000,0x00000007bed00000)
 ParOldGen       total 349696K, used 265786K [0x00000007a0000000, 0x00000007b5580000, 0x00000007b5580000)
  object space 349696K, 76% used [0x00000007a0000000,0x00000007b038ebd0,0x00000007b5580000)
 Metaspace       used 5447K, capacity 5616K, committed 5760K, reserved 1056768K
  class space    used 579K, capacity 630K, committed 640K, reserved 1048576K
}
{Heap before GC invocations=293 (full 18):
 PSYoungGen      total 155136K, used 139328K [0x00000007b5580000, 0x00000007c0000000, 0x00000007c0000000)
  eden space 135680K, 95% used [0x00000007b5580000,0x00000007bd3fec10,0x00000007bda00000)
  from space 19456K, 50% used [0x00000007bed00000,0x00000007bf691698,0x00000007c0000000)
  to   space 19456K, 0% used [0x00000007bda00000,0x00000007bda00000,0x00000007bed00000)
 ParOldGen       total 349696K, used 265786K [0x00000007a0000000, 0x00000007b5580000, 0x00000007b5580000)
  object space 349696K, 76% used [0x00000007a0000000,0x00000007b038ebd0,0x00000007b5580000)
 Metaspace       used 5447K, capacity 5616K, committed 5760K, reserved 1056768K
  class space    used 579K, capacity 630K, committed 640K, reserved 1048576K
2018-07-25T18:08:22.404-0800: 24.684: [GC (Allocation Failure) [PSYoungGen: 139328K->9829K(155136K)] 405115K->301658K(504832K), 0.0046216 secs] [Times: user=0.03 sys=0.00, real=0.00 secs] 
Heap after GC invocations=293 (full 18):
 PSYoungGen      total 155136K, used 9829K [0x00000007b5580000, 0x00000007c0000000, 0x00000007c0000000)
  eden space 135680K, 0% used [0x00000007b5580000,0x00000007b5580000,0x00000007bda00000)
  from space 19456K, 50% used [0x00000007bda00000,0x00000007be399698,0x00000007bed00000)
  to   space 19456K, 0% used [0x00000007bed00000,0x00000007bed00000,0x00000007c0000000)
 ParOldGen       total 349696K, used 291828K [0x00000007a0000000, 0x00000007b5580000, 0x00000007b5580000)
  object space 349696K, 83% used [0x00000007a0000000,0x00000007b1cfd298,0x00000007b5580000)
 Metaspace       used 5447K, capacity 5616K, committed 5760K, reserved 1056768K
  class space    used 579K, capacity 630K, committed 640K, reserved 1048576K
}
{Heap before GC invocations=294 (full 19):
 PSYoungGen      total 155136K, used 9829K [0x00000007b5580000, 0x00000007c0000000, 0x00000007c0000000)
  eden space 135680K, 0% used [0x00000007b5580000,0x00000007b5580000,0x00000007bda00000)
  from space 19456K, 50% used [0x00000007bda00000,0x00000007be399698,0x00000007bed00000)
  to   space 19456K, 0% used [0x00000007bed00000,0x00000007bed00000,0x00000007c0000000)
 ParOldGen       total 349696K, used 291828K [0x00000007a0000000, 0x00000007b5580000, 0x00000007b5580000)
  object space 349696K, 83% used [0x00000007a0000000,0x00000007b1cfd298,0x00000007b5580000)
 Metaspace       used 5447K, capacity 5616K, committed 5760K, reserved 1056768K
  class space    used 579K, capacity 630K, committed 640K, reserved 1048576K
2018-07-25T18:08:22.408-0800: 24.689: [Full GC (Ergonomics) [PSYoungGen: 9829K->0K(155136K)] [ParOldGen: 291828K->47609K(349696K)] 301658K->47609K(504832K), [Metaspace: 5447K->5447K(1056768K)], 0.0080447 secs] [Times: user=0.04 sys=0.00, real=0.01 secs] 
Heap after GC invocations=294 (full 19):
 PSYoungGen      total 155136K, used 0K [0x00000007b5580000, 0x00000007c0000000, 0x00000007c0000000)
  eden space 135680K, 0% used [0x00000007b5580000,0x00000007b5580000,0x00000007bda00000)
  from space 19456K, 0% used [0x00000007bda00000,0x00000007bda00000,0x00000007bed00000)
  to   space 19456K, 0% used [0x00000007bed00000,0x00000007bed00000,0x00000007c0000000)
 ParOldGen       total 349696K, used 47609K [0x00000007a0000000, 0x00000007b5580000, 0x00000007b5580000)
  object space 349696K, 13% used [0x00000007a0000000,0x00000007a2e7e500,0x00000007b5580000)
 Metaspace       used 5447K, capacity 5616K, committed 5760K, reserved 1056768K
  class space    used 579K, capacity 630K, committed 640K, reserved 1048576K
}
{Heap before GC invocations=295 (full 19):
 PSYoungGen      total 155136K, used 106486K [0x00000007b5580000, 0x00000007c0000000, 0x00000007c0000000)
  eden space 135680K, 78% used [0x00000007b5580000,0x00000007bbd7dad0,0x00000007bda00000)
  from space 19456K, 0% used [0x00000007bda00000,0x00000007bda00000,0x00000007bed00000)
  to   space 19456K, 0% used [0x00000007bed00000,0x00000007bed00000,0x00000007c0000000)
 ParOldGen       total 349696K, used 47609K [0x00000007a0000000, 0x00000007b5580000, 0x00000007b5580000)
  object space 349696K, 13% used [0x00000007a0000000,0x00000007a2e7e500,0x00000007b5580000)
 Metaspace       used 5447K, capacity 5616K, committed 5760K, reserved 1056768K
  class space    used 579K, capacity 630K, committed 640K, reserved 1048576K
2018-07-25T18:08:22.435-0800: 24.716: [GC (Allocation Failure) [PSYoungGen: 106486K->0K(155136K)] 154095K->125734K(504832K), 0.0093425 secs] [Times: user=0.07 sys=0.00, real=0.01 secs] 
Heap after GC invocations=295 (full 19):
 PSYoungGen      total 155136K, used 0K [0x00000007b5580000, 0x00000007c0000000, 0x00000007c0000000)
  eden space 135680K, 0% used [0x00000007b5580000,0x00000007b5580000,0x00000007bda00000)
  from space 19456K, 0% used [0x00000007bed00000,0x00000007bed00000,0x00000007c0000000)
  to   space 19456K, 0% used [0x00000007bda00000,0x00000007bda00000,0x00000007bed00000)
 ParOldGen       total 349696K, used 125734K [0x00000007a0000000, 0x00000007b5580000, 0x00000007b5580000)
  object space 349696K, 35% used [0x00000007a0000000,0x00000007a7ac99a0,0x00000007b5580000)
 Metaspace       used 5447K, capacity 5616K, committed 5760K, reserved 1056768K
  class space    used 579K, capacity 630K, committed 640K, reserved 1048576K
}
{Heap before GC invocations=296 (full 19):
 PSYoungGen      total 155136K, used 128925K [0x00000007b5580000, 0x00000007c0000000, 0x00000007c0000000)
  eden space 135680K, 95% used [0x00000007b5580000,0x00000007bd367778,0x00000007bda00000)
  from space 19456K, 0% used [0x00000007bed00000,0x00000007bed00000,0x00000007c0000000)
  to   space 19456K, 0% used [0x00000007bda00000,0x00000007bda00000,0x00000007bed00000)
 ParOldGen       total 349696K, used 125734K [0x00000007a0000000, 0x00000007b5580000, 0x00000007b5580000)
  object space 349696K, 35% used [0x00000007a0000000,0x00000007a7ac99a0,0x00000007b5580000)
 Metaspace       used 5447K, capacity 5616K, committed 5760K, reserved 1056768K
  class space    used 579K, capacity 630K, committed 640K, reserved 1048576K
2018-07-25T18:08:22.556-0800: 24.837: [GC (Allocation Failure) [PSYoungGen: 128925K->9854K(155136K)] 254660K->187672K(504832K), 0.0052225 secs] [Times: user=0.04 sys=0.00, real=0.01 secs] 
Heap after GC invocations=296 (full 19):
 PSYoungGen      total 155136K, used 9854K [0x00000007b5580000, 0x00000007c0000000, 0x00000007c0000000)
  eden space 135680K, 0% used [0x00000007b5580000,0x00000007b5580000,0x00000007bda00000)
  from space 19456K, 50% used [0x00000007bda00000,0x00000007be39fa18,0x00000007bed00000)
  to   space 19456K, 0% used [0x00000007bed00000,0x00000007bed00000,0x00000007c0000000)
 ParOldGen       total 349696K, used 177817K [0x00000007a0000000, 0x00000007b5580000, 0x00000007b5580000)
  object space 349696K, 50% used [0x00000007a0000000,0x00000007aada6750,0x00000007b5580000)
 Metaspace       used 5447K, capacity 5616K, committed 5760K, reserved 1056768K
  class space    used 579K, capacity 630K, committed 640K, reserved 1048576K
}
{Heap before GC invocations=297 (full 19):
 PSYoungGen      total 155136K, used 142295K [0x00000007b5580000, 0x00000007c0000000, 0x00000007c0000000)
  eden space 135680K, 97% used [0x00000007b5580000,0x00000007bd6d6210,0x00000007bda00000)
  from space 19456K, 50% used [0x00000007bda00000,0x00000007be39fa18,0x00000007bed00000)
  to   space 19456K, 0% used [0x00000007bed00000,0x00000007bed00000,0x00000007c0000000)
 ParOldGen       total 349696K, used 177817K [0x00000007a0000000, 0x00000007b5580000, 0x00000007b5580000)
  object space 349696K, 50% used [0x00000007a0000000,0x00000007aada6750,0x00000007b5580000)
 Metaspace       used 5447K, capacity 5616K, committed 5760K, reserved 1056768K
  class space    used 579K, capacity 630K, committed 640K, reserved 1048576K
2018-07-25T18:08:22.652-0800: 24.932: [GC (Allocation Failure) [PSYoungGen: 142295K->64K(155136K)] 320112K->177881K(504832K), 0.0011111 secs] [Times: user=0.01 sys=0.00, real=0.00 secs] 
Heap after GC invocations=297 (full 19):
 PSYoungGen      total 155136K, used 64K [0x00000007b5580000, 0x00000007c0000000, 0x00000007c0000000)
  eden space 135680K, 0% used [0x00000007b5580000,0x00000007b5580000,0x00000007bda00000)
  from space 19456K, 0% used [0x00000007bed00000,0x00000007bed10000,0x00000007c0000000)
  to   space 19456K, 0% used [0x00000007bda00000,0x00000007bda00000,0x00000007bed00000)
 ParOldGen       total 349696K, used 177817K [0x00000007a0000000, 0x00000007b5580000, 0x00000007b5580000)
  object space 349696K, 50% used [0x00000007a0000000,0x00000007aada6750,0x00000007b5580000)
 Metaspace       used 5447K, capacity 5616K, committed 5760K, reserved 1056768K
  class space    used 579K, capacity 630K, committed 640K, reserved 1048576K
}
{Heap before GC invocations=298 (full 19):
 PSYoungGen      total 155136K, used 129402K [0x00000007b5580000, 0x00000007c0000000, 0x00000007c0000000)
  eden space 135680K, 95% used [0x00000007b5580000,0x00000007bd3ceb28,0x00000007bda00000)
  from space 19456K, 0% used [0x00000007bed00000,0x00000007bed10000,0x00000007c0000000)
  to   space 19456K, 0% used [0x00000007bda00000,0x00000007bda00000,0x00000007bed00000)
 ParOldGen       total 349696K, used 177817K [0x00000007a0000000, 0x00000007b5580000, 0x00000007b5580000)
  object space 349696K, 50% used [0x00000007a0000000,0x00000007aada6750,0x00000007b5580000)
 Metaspace       used 5447K, capacity 5616K, committed 5760K, reserved 1056768K
  class space    used 579K, capacity 630K, committed 640K, reserved 1048576K
2018-07-25T18:08:22.684-0800: 24.965: [GC (Allocation Failure) [PSYoungGen: 129402K->9797K(155136K)] 307220K->239740K(504832K), 0.0079498 secs] [Times: user=0.06 sys=0.01, real=0.01 secs] 
Heap after GC invocations=298 (full 19):
 PSYoungGen      total 155136K, used 9797K [0x00000007b5580000, 0x00000007c0000000, 0x00000007c0000000)
  eden space 135680K, 0% used [0x00000007b5580000,0x00000007b5580000,0x00000007bda00000)
  from space 19456K, 50% used [0x00000007bda00000,0x00000007be391698,0x00000007bed00000)
  to   space 19456K, 0% used [0x00000007bed00000,0x00000007bed00000,0x00000007c0000000)
 ParOldGen       total 349696K, used 229942K [0x00000007a0000000, 0x00000007b5580000, 0x00000007b5580000)
  object space 349696K, 65% used [0x00000007a0000000,0x00000007ae08d9c0,0x00000007b5580000)
 Metaspace       used 5447K, capacity 5616K, committed 5760K, reserved 1056768K
  class space    used 579K, capacity 630K, committed 640K, reserved 1048576K
}
{Heap before GC invocations=299 (full 19):
 PSYoungGen      total 155136K, used 139234K [0x00000007b5580000, 0x00000007c0000000, 0x00000007c0000000)
  eden space 135680K, 95% used [0x00000007b5580000,0x00000007bd3e7558,0x00000007bda00000)
  from space 19456K, 50% used [0x00000007bda00000,0x00000007be391698,0x00000007bed00000)
  to   space 19456K, 0% used [0x00000007bed00000,0x00000007bed00000,0x00000007c0000000)
 ParOldGen       total 349696K, used 229942K [0x00000007a0000000, 0x00000007b5580000, 0x00000007b5580000)
  object space 349696K, 65% used [0x00000007a0000000,0x00000007ae08d9c0,0x00000007b5580000)
 Metaspace       used 5447K, capacity 5616K, committed 5760K, reserved 1056768K
  class space    used 579K, capacity 630K, committed 640K, reserved 1048576K
2018-07-25T18:08:22.806-0800: 25.087: [GC (Allocation Failure) [PSYoungGen: 139234K->9919K(155136K)] 369177K->265903K(504832K), 0.0044437 secs] [Times: user=0.04 sys=0.00, real=0.01 secs] 
Heap after GC invocations=299 (full 19):
 PSYoungGen      total 155136K, used 9919K [0x00000007b5580000, 0x00000007c0000000, 0x00000007c0000000)
  eden space 135680K, 0% used [0x00000007b5580000,0x00000007b5580000,0x00000007bda00000)
  from space 19456K, 50% used [0x00000007bed00000,0x00000007bf6afcc8,0x00000007c0000000)
  to   space 19456K, 0% used [0x00000007bda00000,0x00000007bda00000,0x00000007bed00000)
 ParOldGen       total 349696K, used 255984K [0x00000007a0000000, 0x00000007b5580000, 0x00000007b5580000)
  object space 349696K, 73% used [0x00000007a0000000,0x00000007af9fc088,0x00000007b5580000)
 Metaspace       used 5447K, capacity 5616K, committed 5760K, reserved 1056768K
  class space    used 579K, capacity 630K, committed 640K, reserved 1048576K
}
{Heap before GC invocations=300 (full 19):
 PSYoungGen      total 155136K, used 116345K [0x00000007b5580000, 0x00000007c0000000, 0x00000007c0000000)
  eden space 135680K, 78% used [0x00000007b5580000,0x00000007bbd6e920,0x00000007bda00000)
  from space 19456K, 50% used [0x00000007bed00000,0x00000007bf6afcc8,0x00000007c0000000)
  to   space 19456K, 0% used [0x00000007bda00000,0x00000007bda00000,0x00000007bed00000)
 ParOldGen       total 349696K, used 255984K [0x00000007a0000000, 0x00000007b5580000, 0x00000007b5580000)
  object space 349696K, 73% used [0x00000007a0000000,0x00000007af9fc088,0x00000007b5580000)
 Metaspace       used 5447K, capacity 5616K, committed 5760K, reserved 1056768K
  class space    used 579K, capacity 630K, committed 640K, reserved 1048576K
2018-07-25T18:08:22.824-0800: 25.104: [GC (Allocation Failure) [PSYoungGen: 116345K->0K(155136K)] 372329K->291833K(504832K), 0.0053495 secs] [Times: user=0.04 sys=0.00, real=0.00 secs] 
Heap after GC invocations=300 (full 19):
 PSYoungGen      total 155136K, used 0K [0x00000007b5580000, 0x00000007c0000000, 0x00000007c0000000)
  eden space 135680K, 0% used [0x00000007b5580000,0x00000007b5580000,0x00000007bda00000)
  from space 19456K, 0% used [0x00000007bda00000,0x00000007bda00000,0x00000007bed00000)
  to   space 19456K, 0% used [0x00000007bed00000,0x00000007bed00000,0x00000007c0000000)
 ParOldGen       total 349696K, used 291833K [0x00000007a0000000, 0x00000007b5580000, 0x00000007b5580000)
  object space 349696K, 83% used [0x00000007a0000000,0x00000007b1cfe458,0x00000007b5580000)
 Metaspace       used 5447K, capacity 5616K, committed 5760K, reserved 1056768K
  class space    used 579K, capacity 630K, committed 640K, reserved 1048576K
}
{Heap before GC invocations=301 (full 20):
 PSYoungGen      total 155136K, used 0K [0x00000007b5580000, 0x00000007c0000000, 0x00000007c0000000)
  eden space 135680K, 0% used [0x00000007b5580000,0x00000007b5580000,0x00000007bda00000)
  from space 19456K, 0% used [0x00000007bda00000,0x00000007bda00000,0x00000007bed00000)
  to   space 19456K, 0% used [0x00000007bed00000,0x00000007bed00000,0x00000007c0000000)
 ParOldGen       total 349696K, used 291833K [0x00000007a0000000, 0x00000007b5580000, 0x00000007b5580000)
  object space 349696K, 83% used [0x00000007a0000000,0x00000007b1cfe458,0x00000007b5580000)
 Metaspace       used 5447K, capacity 5616K, committed 5760K, reserved 1056768K
  class space    used 579K, capacity 630K, committed 640K, reserved 1048576K
2018-07-25T18:08:22.829-0800: 25.109: [Full GC (Ergonomics) [PSYoungGen: 0K->0K(155136K)] [ParOldGen: 291833K->47610K(349696K)] 291833K->47610K(504832K), [Metaspace: 5447K->5447K(1056768K)], 0.0090573 secs] [Times: user=0.04 sys=0.00, real=0.01 secs] 
Heap after GC invocations=301 (full 20):
 PSYoungGen      total 155136K, used 0K [0x00000007b5580000, 0x00000007c0000000, 0x00000007c0000000)
  eden space 135680K, 0% used [0x00000007b5580000,0x00000007b5580000,0x00000007bda00000)
  from space 19456K, 0% used [0x00000007bda00000,0x00000007bda00000,0x00000007bed00000)
  to   space 19456K, 0% used [0x00000007bed00000,0x00000007bed00000,0x00000007c0000000)
 ParOldGen       total 349696K, used 47610K [0x00000007a0000000, 0x00000007b5580000, 0x00000007b5580000)
  object space 349696K, 13% used [0x00000007a0000000,0x00000007a2e7e8e8,0x00000007b5580000)
 Metaspace       used 5447K, capacity 5616K, committed 5760K, reserved 1056768K
  class space    used 579K, capacity 630K, committed 640K, reserved 1048576K
}
{Heap before GC invocations=302 (full 20):
 PSYoungGen      total 155136K, used 129236K [0x00000007b5580000, 0x00000007c0000000, 0x00000007c0000000)
  eden space 135680K, 95% used [0x00000007b5580000,0x00000007bd3b5300,0x00000007bda00000)
  from space 19456K, 0% used [0x00000007bda00000,0x00000007bda00000,0x00000007bed00000)
  to   space 19456K, 0% used [0x00000007bed00000,0x00000007bed00000,0x00000007c0000000)
 ParOldGen       total 349696K, used 47610K [0x00000007a0000000, 0x00000007b5580000, 0x00000007b5580000)
  object space 349696K, 13% used [0x00000007a0000000,0x00000007a2e7e8e8,0x00000007b5580000)
 Metaspace       used 5447K, capacity 5616K, committed 5760K, reserved 1056768K
  class space    used 579K, capacity 630K, committed 640K, reserved 1048576K
2018-07-25T18:08:22.952-0800: 25.232: [GC (Allocation Failure) [PSYoungGen: 129236K->9887K(155136K)] 176846K->109581K(504832K), 0.0053334 secs] [Times: user=0.04 sys=0.00, real=0.00 secs] 
Heap after GC invocations=302 (full 20):
 PSYoungGen      total 155136K, used 9887K [0x00000007b5580000, 0x00000007c0000000, 0x00000007c0000000)
  eden space 135680K, 0% used [0x00000007b5580000,0x00000007b5580000,0x00000007bda00000)
  from space 19456K, 50% used [0x00000007bed00000,0x00000007bf6a7e20,0x00000007c0000000)
  to   space 19456K, 0% used [0x00000007bda00000,0x00000007bda00000,0x00000007bed00000)
 ParOldGen       total 349696K, used 99693K [0x00000007a0000000, 0x00000007b5580000, 0x00000007b5580000)
  object space 349696K, 28% used [0x00000007a0000000,0x00000007a615b698,0x00000007b5580000)
 Metaspace       used 5447K, capacity 5616K, committed 5760K, reserved 1056768K
  class space    used 579K, capacity 630K, committed 640K, reserved 1048576K
}
{Heap before GC invocations=303 (full 20):
 PSYoungGen      total 155136K, used 142513K [0x00000007b5580000, 0x00000007c0000000, 0x00000007c0000000)
  eden space 135680K, 97% used [0x00000007b5580000,0x00000007bd704740,0x00000007bda00000)
  from space 19456K, 50% used [0x00000007bed00000,0x00000007bf6a7e20,0x00000007c0000000)
  to   space 19456K, 0% used [0x00000007bda00000,0x00000007bda00000,0x00000007bed00000)
 ParOldGen       total 349696K, used 99693K [0x00000007a0000000, 0x00000007b5580000, 0x00000007b5580000)
  object space 349696K, 28% used [0x00000007a0000000,0x00000007a615b698,0x00000007b5580000)
 Metaspace       used 5447K, capacity 5616K, committed 5760K, reserved 1056768K
  class space    used 579K, capacity 630K, committed 640K, reserved 1048576K
2018-07-25T18:08:23.051-0800: 25.332: [GC (Allocation Failure) [PSYoungGen: 142513K->96K(155136K)] 242206K->99789K(504832K), 0.0011485 secs] [Times: user=0.01 sys=0.00, real=0.00 secs] 
Heap after GC invocations=303 (full 20):
 PSYoungGen      total 155136K, used 96K [0x00000007b5580000, 0x00000007c0000000, 0x00000007c0000000)
  eden space 135680K, 0% used [0x00000007b5580000,0x00000007b5580000,0x00000007bda00000)
  from space 19456K, 0% used [0x00000007bda00000,0x00000007bda18000,0x00000007bed00000)
  to   space 19456K, 0% used [0x00000007bed00000,0x00000007bed00000,0x00000007c0000000)
 ParOldGen       total 349696K, used 99693K [0x00000007a0000000, 0x00000007b5580000, 0x00000007b5580000)
  object space 349696K, 28% used [0x00000007a0000000,0x00000007a615b698,0x00000007b5580000)
 Metaspace       used 5447K, capacity 5616K, committed 5760K, reserved 1056768K
  class space    used 579K, capacity 630K, committed 640K, reserved 1048576K
}
{Heap before GC invocations=304 (full 20):
 PSYoungGen      total 155136K, used 129553K [0x00000007b5580000, 0x00000007c0000000, 0x00000007c0000000)
  eden space 135680K, 95% used [0x00000007b5580000,0x00000007bd3ec7d0,0x00000007bda00000)
  from space 19456K, 0% used [0x00000007bda00000,0x00000007bda18000,0x00000007bed00000)
  to   space 19456K, 0% used [0x00000007bed00000,0x00000007bed00000,0x00000007c0000000)
 ParOldGen       total 349696K, used 99693K [0x00000007a0000000, 0x00000007b5580000, 0x00000007b5580000)
  object space 349696K, 28% used [0x00000007a0000000,0x00000007a615b698,0x00000007b5580000)
 Metaspace       used 5447K, capacity 5616K, committed 5760K, reserved 1056768K
  class space    used 579K, capacity 630K, committed 640K, reserved 1048576K
2018-07-25T18:08:23.081-0800: 25.361: [GC (Allocation Failure) [PSYoungGen: 129553K->9797K(155136K)] 229247K->161632K(504832K), 0.0081217 secs] [Times: user=0.06 sys=0.00, real=0.00 secs] 
Heap after GC invocations=304 (full 20):
 PSYoungGen      total 155136K, used 9797K [0x00000007b5580000, 0x00000007c0000000, 0x00000007c0000000)
  eden space 135680K, 0% used [0x00000007b5580000,0x00000007b5580000,0x00000007bda00000)
  from space 19456K, 50% used [0x00000007bed00000,0x00000007bf691698,0x00000007c0000000)
  to   space 19456K, 0% used [0x00000007bda00000,0x00000007bda00000,0x00000007bed00000)
 ParOldGen       total 349696K, used 151835K [0x00000007a0000000, 0x00000007b5580000, 0x00000007b5580000)
  object space 349696K, 43% used [0x00000007a0000000,0x00000007a9446d10,0x00000007b5580000)
 Metaspace       used 5447K, capacity 5616K, committed 5760K, reserved 1056768K
  class space    used 579K, capacity 630K, committed 640K, reserved 1048576K
}
{Heap before GC invocations=305 (full 20):
 PSYoungGen      total 155136K, used 139311K [0x00000007b5580000, 0x00000007c0000000, 0x00000007c0000000)
  eden space 135680K, 95% used [0x00000007b5580000,0x00000007bd3fa7e0,0x00000007bda00000)
  from space 19456K, 50% used [0x00000007bed00000,0x00000007bf691698,0x00000007c0000000)
  to   space 19456K, 0% used [0x00000007bda00000,0x00000007bda00000,0x00000007bed00000)
 ParOldGen       total 349696K, used 151835K [0x00000007a0000000, 0x00000007b5580000, 0x00000007b5580000)
  object space 349696K, 43% used [0x00000007a0000000,0x00000007a9446d10,0x00000007b5580000)
 Metaspace       used 5447K, capacity 5616K, committed 5760K, reserved 1056768K
  class space    used 579K, capacity 630K, committed 640K, reserved 1048576K
2018-07-25T18:08:23.198-0800: 25.479: [GC (Allocation Failure) [PSYoungGen: 139311K->9861K(155136K)] 291146K->187738K(504832K), 0.0046898 secs] [Times: user=0.03 sys=0.00, real=0.01 secs] 
Heap after GC invocations=305 (full 20):
 PSYoungGen      total 155136K, used 9861K [0x00000007b5580000, 0x00000007c0000000, 0x00000007c0000000)
  eden space 135680K, 0% used [0x00000007b5580000,0x00000007b5580000,0x00000007bda00000)
  from space 19456K, 50% used [0x00000007bda00000,0x00000007be3a1698,0x00000007bed00000)
  to   space 19456K, 0% used [0x00000007bed00000,0x00000007bed00000,0x00000007c0000000)
 ParOldGen       total 349696K, used 177876K [0x00000007a0000000, 0x00000007b5580000, 0x00000007b5580000)
  object space 349696K, 50% used [0x00000007a0000000,0x00000007aadb53d8,0x00000007b5580000)
 Metaspace       used 5447K, capacity 5616K, committed 5760K, reserved 1056768K
  class space    used 579K, capacity 630K, committed 640K, reserved 1048576K
}
{Heap before GC invocations=306 (full 20):
 PSYoungGen      total 155136K, used 116337K [0x00000007b5580000, 0x00000007c0000000, 0x00000007c0000000)
  eden space 135680K, 78% used [0x00000007b5580000,0x00000007bbd7aed8,0x00000007bda00000)
  from space 19456K, 50% used [0x00000007bda00000,0x00000007be3a1698,0x00000007bed00000)
  to   space 19456K, 0% used [0x00000007bed00000,0x00000007bed00000,0x00000007c0000000)
 ParOldGen       total 349696K, used 177876K [0x00000007a0000000, 0x00000007b5580000, 0x00000007b5580000)
  object space 349696K, 50% used [0x00000007a0000000,0x00000007aadb53d8,0x00000007b5580000)
 Metaspace       used 5447K, capacity 5616K, committed 5760K, reserved 1056768K
  class space    used 579K, capacity 630K, committed 640K, reserved 1048576K
2018-07-25T18:08:23.219-0800: 25.500: [GC (Allocation Failure) [PSYoungGen: 116337K->0K(155136K)] 294214K->213726K(504832K), 0.0056225 secs] [Times: user=0.04 sys=0.00, real=0.01 secs] 
Heap after GC invocations=306 (full 20):
 PSYoungGen      total 155136K, used 0K [0x00000007b5580000, 0x00000007c0000000, 0x00000007c0000000)
  eden space 135680K, 0% used [0x00000007b5580000,0x00000007b5580000,0x00000007bda00000)
  from space 19456K, 0% used [0x00000007bed00000,0x00000007bed00000,0x00000007c0000000)
  to   space 19456K, 0% used [0x00000007bda00000,0x00000007bda00000,0x00000007bed00000)
 ParOldGen       total 349696K, used 213726K [0x00000007a0000000, 0x00000007b5580000, 0x00000007b5580000)
  object space 349696K, 61% used [0x00000007a0000000,0x00000007ad0b7bb0,0x00000007b5580000)
 Metaspace       used 5447K, capacity 5616K, committed 5760K, reserved 1056768K
  class space    used 579K, capacity 630K, committed 640K, reserved 1048576K
}
{Heap before GC invocations=307 (full 20):
 PSYoungGen      total 155136K, used 129268K [0x00000007b5580000, 0x00000007c0000000, 0x00000007c0000000)
  eden space 135680K, 95% used [0x00000007b5580000,0x00000007bd3bd228,0x00000007bda00000)
  from space 19456K, 0% used [0x00000007bed00000,0x00000007bed00000,0x00000007c0000000)
  to   space 19456K, 0% used [0x00000007bda00000,0x00000007bda00000,0x00000007bed00000)
 ParOldGen       total 349696K, used 213726K [0x00000007a0000000, 0x00000007b5580000, 0x00000007b5580000)
  object space 349696K, 61% used [0x00000007a0000000,0x00000007ad0b7bb0,0x00000007b5580000)
 Metaspace       used 5447K, capacity 5616K, committed 5760K, reserved 1056768K
  class space    used 579K, capacity 630K, committed 640K, reserved 1048576K
2018-07-25T18:08:23.333-0800: 25.613: [GC (Allocation Failure) [PSYoungGen: 129268K->9861K(155136K)] 342995K->275671K(504832K), 0.0060573 secs] [Times: user=0.04 sys=0.00, real=0.00 secs] 
Heap after GC invocations=307 (full 20):
 PSYoungGen      total 155136K, used 9861K [0x00000007b5580000, 0x00000007c0000000, 0x00000007c0000000)
  eden space 135680K, 0% used [0x00000007b5580000,0x00000007b5580000,0x00000007bda00000)
  from space 19456K, 50% used [0x00000007bda00000,0x00000007be3a1698,0x00000007bed00000)
  to   space 19456K, 0% used [0x00000007bed00000,0x00000007bed00000,0x00000007c0000000)
 ParOldGen       total 349696K, used 265810K [0x00000007a0000000, 0x00000007b5580000, 0x00000007b5580000)
  object space 349696K, 76% used [0x00000007a0000000,0x00000007b0394960,0x00000007b5580000)
 Metaspace       used 5447K, capacity 5616K, committed 5760K, reserved 1056768K
  class space    used 579K, capacity 630K, committed 640K, reserved 1048576K
}
{Heap before GC invocations=308 (full 20):
 PSYoungGen      total 155136K, used 142524K [0x00000007b5580000, 0x00000007c0000000, 0x00000007c0000000)
  eden space 135680K, 97% used [0x00000007b5580000,0x00000007bd70dd08,0x00000007bda00000)
  from space 19456K, 50% used [0x00000007bda00000,0x00000007be3a1698,0x00000007bed00000)
  to   space 19456K, 0% used [0x00000007bed00000,0x00000007bed00000,0x00000007c0000000)
 ParOldGen       total 349696K, used 265810K [0x00000007a0000000, 0x00000007b5580000, 0x00000007b5580000)
  object space 349696K, 76% used [0x00000007a0000000,0x00000007b0394960,0x00000007b5580000)
 Metaspace       used 5447K, capacity 5616K, committed 5760K, reserved 1056768K
  class space    used 579K, capacity 630K, committed 640K, reserved 1048576K
2018-07-25T18:08:23.432-0800: 25.713: [GC (Allocation Failure) [PSYoungGen: 142524K->64K(155136K)] 408335K->265874K(504832K), 0.0016753 secs] [Times: user=0.01 sys=0.00, real=0.00 secs] 
Heap after GC invocations=308 (full 20):
 PSYoungGen      total 155136K, used 64K [0x00000007b5580000, 0x00000007c0000000, 0x00000007c0000000)
  eden space 135680K, 0% used [0x00000007b5580000,0x00000007b5580000,0x00000007bda00000)
  from space 19456K, 0% used [0x00000007bed00000,0x00000007bed10000,0x00000007c0000000)
  to   space 19456K, 0% used [0x00000007bda00000,0x00000007bda00000,0x00000007bed00000)
 ParOldGen       total 349696K, used 265810K [0x00000007a0000000, 0x00000007b5580000, 0x00000007b5580000)
  object space 349696K, 76% used [0x00000007a0000000,0x00000007b0394960,0x00000007b5580000)
 Metaspace       used 5447K, capacity 5616K, committed 5760K, reserved 1056768K
  class space    used 579K, capacity 630K, committed 640K, reserved 1048576K
}
{Heap before GC invocations=309 (full 20):
 PSYoungGen      total 155136K, used 129546K [0x00000007b5580000, 0x00000007c0000000, 0x00000007c0000000)
  eden space 135680K, 95% used [0x00000007b5580000,0x00000007bd3f2838,0x00000007bda00000)
  from space 19456K, 0% used [0x00000007bed00000,0x00000007bed10000,0x00000007c0000000)
  to   space 19456K, 0% used [0x00000007bda00000,0x00000007bda00000,0x00000007bed00000)
 ParOldGen       total 349696K, used 265810K [0x00000007a0000000, 0x00000007b5580000, 0x00000007b5580000)
  object space 349696K, 76% used [0x00000007a0000000,0x00000007b0394960,0x00000007b5580000)
 Metaspace       used 5447K, capacity 5616K, committed 5760K, reserved 1056768K
  class space    used 579K, capacity 630K, committed 640K, reserved 1048576K
2018-07-25T18:08:23.462-0800: 25.743: [GC (Allocation Failure) [PSYoungGen: 129546K->9797K(155136K)] 395356K->327734K(504832K), 0.0069374 secs] [Times: user=0.06 sys=0.00, real=0.00 secs] 
Heap after GC invocations=309 (full 20):
 PSYoungGen      total 155136K, used 9797K [0x00000007b5580000, 0x00000007c0000000, 0x00000007c0000000)
  eden space 135680K, 0% used [0x00000007b5580000,0x00000007b5580000,0x00000007bda00000)
  from space 19456K, 50% used [0x00000007bda00000,0x00000007be391698,0x00000007bed00000)
  to   space 19456K, 0% used [0x00000007bed00000,0x00000007bed00000,0x00000007c0000000)
 ParOldGen       total 349696K, used 317936K [0x00000007a0000000, 0x00000007b5580000, 0x00000007b5580000)
  object space 349696K, 90% used [0x00000007a0000000,0x00000007b367c3e0,0x00000007b5580000)
 Metaspace       used 5447K, capacity 5616K, committed 5760K, reserved 1056768K
  class space    used 579K, capacity 630K, committed 640K, reserved 1048576K
}
{Heap before GC invocations=310 (full 21):
 PSYoungGen      total 155136K, used 9797K [0x00000007b5580000, 0x00000007c0000000, 0x00000007c0000000)
  eden space 135680K, 0% used [0x00000007b5580000,0x00000007b5580000,0x00000007bda00000)
  from space 19456K, 50% used [0x00000007bda00000,0x00000007be391698,0x00000007bed00000)
  to   space 19456K, 0% used [0x00000007bed00000,0x00000007bed00000,0x00000007c0000000)
 ParOldGen       total 349696K, used 317936K [0x00000007a0000000, 0x00000007b5580000, 0x00000007b5580000)
  object space 349696K, 90% used [0x00000007a0000000,0x00000007b367c3e0,0x00000007b5580000)
 Metaspace       used 5447K, capacity 5616K, committed 5760K, reserved 1056768K
  class space    used 579K, capacity 630K, committed 640K, reserved 1048576K
2018-07-25T18:08:23.469-0800: 25.750: [Full GC (Ergonomics) [PSYoungGen: 9797K->0K(155136K)] [ParOldGen: 317936K->73653K(349696K)] 327734K->73653K(504832K), [Metaspace: 5447K->5447K(1056768K)], 0.0104203 secs] [Times: user=0.05 sys=0.00, real=0.02 secs] 
Heap after GC invocations=310 (full 21):
 PSYoungGen      total 155136K, used 0K [0x00000007b5580000, 0x00000007c0000000, 0x00000007c0000000)
  eden space 135680K, 0% used [0x00000007b5580000,0x00000007b5580000,0x00000007bda00000)
  from space 19456K, 0% used [0x00000007bda00000,0x00000007bda00000,0x00000007bed00000)
  to   space 19456K, 0% used [0x00000007bed00000,0x00000007bed00000,0x00000007c0000000)
 ParOldGen       total 349696K, used 73653K [0x00000007a0000000, 0x00000007b5580000, 0x00000007b5580000)
  object space 349696K, 21% used [0x00000007a0000000,0x00000007a47ed648,0x00000007b5580000)
 Metaspace       used 5447K, capacity 5616K, committed 5760K, reserved 1056768K
  class space    used 579K, capacity 630K, committed 640K, reserved 1048576K
}
{Heap before GC invocations=311 (full 21):
 PSYoungGen      total 155136K, used 129529K [0x00000007b5580000, 0x00000007c0000000, 0x00000007c0000000)
  eden space 135680K, 95% used [0x00000007b5580000,0x00000007bd3fe5f8,0x00000007bda00000)
  from space 19456K, 0% used [0x00000007bda00000,0x00000007bda00000,0x00000007bed00000)
  to   space 19456K, 0% used [0x00000007bed00000,0x00000007bed00000,0x00000007c0000000)
 ParOldGen       total 349696K, used 73653K [0x00000007a0000000, 0x00000007b5580000, 0x00000007b5580000)
  object space 349696K, 21% used [0x00000007a0000000,0x00000007a47ed648,0x00000007b5580000)
 Metaspace       used 5447K, capacity 5616K, committed 5760K, reserved 1056768K
  class space    used 579K, capacity 630K, committed 640K, reserved 1048576K
2018-07-25T18:08:23.592-0800: 25.873: [GC (Allocation Failure) [PSYoungGen: 129529K->9861K(155136K)] 203183K->135598K(504832K), 0.0069618 secs] [Times: user=0.05 sys=0.00, real=0.00 secs] 
Heap after GC invocations=311 (full 21):
 PSYoungGen      total 155136K, used 9861K [0x00000007b5580000, 0x00000007c0000000, 0x00000007c0000000)
  eden space 135680K, 0% used [0x00000007b5580000,0x00000007b5580000,0x00000007bda00000)
  from space 19456K, 50% used [0x00000007bed00000,0x00000007bf6a1698,0x00000007c0000000)
  to   space 19456K, 0% used [0x00000007bda00000,0x00000007bda00000,0x00000007bed00000)
 ParOldGen       total 349696K, used 125737K [0x00000007a0000000, 0x00000007b5580000, 0x00000007b5580000)
  object space 349696K, 35% used [0x00000007a0000000,0x00000007a7aca418,0x00000007b5580000)
 Metaspace       used 5447K, capacity 5616K, committed 5760K, reserved 1056768K
  class space    used 579K, capacity 630K, committed 640K, reserved 1048576K
}
{Heap before GC invocations=312 (full 21):
 PSYoungGen      total 155136K, used 116347K [0x00000007b5580000, 0x00000007c0000000, 0x00000007c0000000)
  eden space 135680K, 78% used [0x00000007b5580000,0x00000007bbd7d6e0,0x00000007bda00000)
  from space 19456K, 50% used [0x00000007bed00000,0x00000007bf6a1698,0x00000007c0000000)
  to   space 19456K, 0% used [0x00000007bda00000,0x00000007bda00000,0x00000007bed00000)
 ParOldGen       total 349696K, used 125737K [0x00000007a0000000, 0x00000007b5580000, 0x00000007b5580000)
  object space 349696K, 35% used [0x00000007a0000000,0x00000007a7aca418,0x00000007b5580000)
 Metaspace       used 5447K, capacity 5616K, committed 5760K, reserved 1056768K
  class space    used 579K, capacity 630K, committed 640K, reserved 1048576K
2018-07-25T18:08:23.611-0800: 25.892: [GC (Allocation Failure) [PSYoungGen: 116347K->0K(155136K)] 242084K->161595K(504832K), 0.0052382 secs] [Times: user=0.04 sys=0.00, real=0.00 secs] 
Heap after GC invocations=312 (full 21):
 PSYoungGen      total 155136K, used 0K [0x00000007b5580000, 0x00000007c0000000, 0x00000007c0000000)
  eden space 135680K, 0% used [0x00000007b5580000,0x00000007b5580000,0x00000007bda00000)
  from space 19456K, 0% used [0x00000007bda00000,0x00000007bda00000,0x00000007bed00000)
  to   space 19456K, 0% used [0x00000007bed00000,0x00000007bed00000,0x00000007c0000000)
 ParOldGen       total 349696K, used 161595K [0x00000007a0000000, 0x00000007b5580000, 0x00000007b5580000)
  object space 349696K, 46% used [0x00000007a0000000,0x00000007a9dceff8,0x00000007b5580000)
 Metaspace       used 5447K, capacity 5616K, committed 5760K, reserved 1056768K
  class space    used 579K, capacity 630K, committed 640K, reserved 1048576K
}
{Heap before GC invocations=313 (full 21):
 PSYoungGen      total 155136K, used 129275K [0x00000007b5580000, 0x00000007c0000000, 0x00000007c0000000)
  eden space 135680K, 95% used [0x00000007b5580000,0x00000007bd3bec08,0x00000007bda00000)
  from space 19456K, 0% used [0x00000007bda00000,0x00000007bda00000,0x00000007bed00000)
  to   space 19456K, 0% used [0x00000007bed00000,0x00000007bed00000,0x00000007c0000000)
 ParOldGen       total 349696K, used 161595K [0x00000007a0000000, 0x00000007b5580000, 0x00000007b5580000)
  object space 349696K, 46% used [0x00000007a0000000,0x00000007a9dceff8,0x00000007b5580000)
 Metaspace       used 5447K, capacity 5616K, committed 5760K, reserved 1056768K
  class space    used 579K, capacity 630K, committed 640K, reserved 1048576K
2018-07-25T18:08:23.725-0800: 26.006: [GC (Allocation Failure) [PSYoungGen: 129275K->9893K(155136K)] 290871K->223573K(504832K), 0.0055606 secs] [Times: user=0.04 sys=0.01, real=0.01 secs] 
Heap after GC invocations=313 (full 21):
 PSYoungGen      total 155136K, used 9893K [0x00000007b5580000, 0x00000007c0000000, 0x00000007c0000000)
  eden space 135680K, 0% used [0x00000007b5580000,0x00000007b5580000,0x00000007bda00000)
  from space 19456K, 50% used [0x00000007bed00000,0x00000007bf6a9698,0x00000007c0000000)
  to   space 19456K, 0% used [0x00000007bda00000,0x00000007bda00000,0x00000007bed00000)
 ParOldGen       total 349696K, used 213679K [0x00000007a0000000, 0x00000007b5580000, 0x00000007b5580000)
  object space 349696K, 61% used [0x00000007a0000000,0x00000007ad0abda8,0x00000007b5580000)
 Metaspace       used 5447K, capacity 5616K, committed 5760K, reserved 1056768K
  class space    used 579K, capacity 630K, committed 640K, reserved 1048576K
}
{Heap before GC invocations=314 (full 21):
 PSYoungGen      total 155136K, used 142561K [0x00000007b5580000, 0x00000007c0000000, 0x00000007c0000000)
  eden space 135680K, 97% used [0x00000007b5580000,0x00000007bd70edd0,0x00000007bda00000)
  from space 19456K, 50% used [0x00000007bed00000,0x00000007bf6a9698,0x00000007c0000000)
  to   space 19456K, 0% used [0x00000007bda00000,0x00000007bda00000,0x00000007bed00000)
 ParOldGen       total 349696K, used 213679K [0x00000007a0000000, 0x00000007b5580000, 0x00000007b5580000)
  object space 349696K, 61% used [0x00000007a0000000,0x00000007ad0abda8,0x00000007b5580000)
 Metaspace       used 5447K, capacity 5616K, committed 5760K, reserved 1056768K
  class space    used 579K, capacity 630K, committed 640K, reserved 1048576K
2018-07-25T18:08:23.825-0800: 26.105: [GC (Allocation Failure) [PSYoungGen: 142561K->64K(155136K)] 356240K->213743K(504832K), 0.0013199 secs] [Times: user=0.01 sys=0.00, real=0.00 secs] 
Heap after GC invocations=314 (full 21):
 PSYoungGen      total 155136K, used 64K [0x00000007b5580000, 0x00000007c0000000, 0x00000007c0000000)
  eden space 135680K, 0% used [0x00000007b5580000,0x00000007b5580000,0x00000007bda00000)
  from space 19456K, 0% used [0x00000007bda00000,0x00000007bda10000,0x00000007bed00000)
  to   space 19456K, 0% used [0x00000007bed00000,0x00000007bed00000,0x00000007c0000000)
 ParOldGen       total 349696K, used 213679K [0x00000007a0000000, 0x00000007b5580000, 0x00000007b5580000)
  object space 349696K, 61% used [0x00000007a0000000,0x00000007ad0abda8,0x00000007b5580000)
 Metaspace       used 5447K, capacity 5616K, committed 5760K, reserved 1056768K
  class space    used 579K, capacity 630K, committed 640K, reserved 1048576K
}
{Heap before GC invocations=315 (full 21):
 PSYoungGen      total 155136K, used 129548K [0x00000007b5580000, 0x00000007c0000000, 0x00000007c0000000)
  eden space 135680K, 95% used [0x00000007b5580000,0x00000007bd3f3320,0x00000007bda00000)
  from space 19456K, 0% used [0x00000007bda00000,0x00000007bda10000,0x00000007bed00000)
  to   space 19456K, 0% used [0x00000007bed00000,0x00000007bed00000,0x00000007c0000000)
 ParOldGen       total 349696K, used 213679K [0x00000007a0000000, 0x00000007b5580000, 0x00000007b5580000)
  object space 349696K, 61% used [0x00000007a0000000,0x00000007ad0abda8,0x00000007b5580000)
 Metaspace       used 5447K, capacity 5616K, committed 5760K, reserved 1056768K
  class space    used 579K, capacity 630K, committed 640K, reserved 1048576K
2018-07-25T18:08:23.855-0800: 26.135: [GC (Allocation Failure) [PSYoungGen: 129548K->9797K(155136K)] 343228K->275604K(504832K), 0.0080396 secs] [Times: user=0.06 sys=0.00, real=0.01 secs] 
Heap after GC invocations=315 (full 21):
 PSYoungGen      total 155136K, used 9797K [0x00000007b5580000, 0x00000007c0000000, 0x00000007c0000000)
  eden space 135680K, 0% used [0x00000007b5580000,0x00000007b5580000,0x00000007bda00000)
  from space 19456K, 50% used [0x00000007bed00000,0x00000007bf691698,0x00000007c0000000)
  to   space 19456K, 0% used [0x00000007bda00000,0x00000007bda00000,0x00000007bed00000)
 ParOldGen       total 349696K, used 265807K [0x00000007a0000000, 0x00000007b5580000, 0x00000007b5580000)
  object space 349696K, 76% used [0x00000007a0000000,0x00000007b0393c30,0x00000007b5580000)
 Metaspace       used 5447K, capacity 5616K, committed 5760K, reserved 1056768K
  class space    used 579K, capacity 630K, committed 640K, reserved 1048576K
}
{Heap before GC invocations=316 (full 21):
 PSYoungGen      total 155136K, used 139328K [0x00000007b5580000, 0x00000007c0000000, 0x00000007c0000000)
  eden space 135680K, 95% used [0x00000007b5580000,0x00000007bd3fed20,0x00000007bda00000)
  from space 19456K, 50% used [0x00000007bed00000,0x00000007bf691698,0x00000007c0000000)
  to   space 19456K, 0% used [0x00000007bda00000,0x00000007bda00000,0x00000007bed00000)
 ParOldGen       total 349696K, used 265807K [0x00000007a0000000, 0x00000007b5580000, 0x00000007b5580000)
  object space 349696K, 76% used [0x00000007a0000000,0x00000007b0393c30,0x00000007b5580000)
 Metaspace       used 5447K, capacity 5616K, committed 5760K, reserved 1056768K
  class space    used 579K, capacity 630K, committed 640K, reserved 1048576K
2018-07-25T18:08:23.971-0800: 26.252: [GC (Allocation Failure) [PSYoungGen: 139328K->9829K(155136K)] 405135K->301678K(504832K), 0.0045386 secs] [Times: user=0.03 sys=0.00, real=0.00 secs] 
Heap after GC invocations=316 (full 21):
 PSYoungGen      total 155136K, used 9829K [0x00000007b5580000, 0x00000007c0000000, 0x00000007c0000000)
  eden space 135680K, 0% used [0x00000007b5580000,0x00000007b5580000,0x00000007bda00000)
  from space 19456K, 50% used [0x00000007bda00000,0x00000007be399698,0x00000007bed00000)
  to   space 19456K, 0% used [0x00000007bed00000,0x00000007bed00000,0x00000007c0000000)
 ParOldGen       total 349696K, used 291848K [0x00000007a0000000, 0x00000007b5580000, 0x00000007b5580000)
  object space 349696K, 83% used [0x00000007a0000000,0x00000007b1d022f8,0x00000007b5580000)
 Metaspace       used 5447K, capacity 5616K, committed 5760K, reserved 1056768K
  class space    used 579K, capacity 630K, committed 640K, reserved 1048576K
}
{Heap before GC invocations=317 (full 22):
 PSYoungGen      total 155136K, used 9829K [0x00000007b5580000, 0x00000007c0000000, 0x00000007c0000000)
  eden space 135680K, 0% used [0x00000007b5580000,0x00000007b5580000,0x00000007bda00000)
  from space 19456K, 50% used [0x00000007bda00000,0x00000007be399698,0x00000007bed00000)
  to   space 19456K, 0% used [0x00000007bed00000,0x00000007bed00000,0x00000007c0000000)
 ParOldGen       total 349696K, used 291848K [0x00000007a0000000, 0x00000007b5580000, 0x00000007b5580000)
  object space 349696K, 83% used [0x00000007a0000000,0x00000007b1d022f8,0x00000007b5580000)
 Metaspace       used 5447K, capacity 5616K, committed 5760K, reserved 1056768K
  class space    used 579K, capacity 630K, committed 640K, reserved 1048576K
2018-07-25T18:08:23.976-0800: 26.257: [Full GC (Ergonomics) [PSYoungGen: 9829K->0K(155136K)] [ParOldGen: 291848K->47613K(349696K)] 301678K->47613K(504832K), [Metaspace: 5447K->5447K(1056768K)], 0.0074819 secs] [Times: user=0.03 sys=0.00, real=0.01 secs] 
Heap after GC invocations=317 (full 22):
 PSYoungGen      total 155136K, used 0K [0x00000007b5580000, 0x00000007c0000000, 0x00000007c0000000)
  eden space 135680K, 0% used [0x00000007b5580000,0x00000007b5580000,0x00000007bda00000)
  from space 19456K, 0% used [0x00000007bda00000,0x00000007bda00000,0x00000007bed00000)
  to   space 19456K, 0% used [0x00000007bed00000,0x00000007bed00000,0x00000007c0000000)
 ParOldGen       total 349696K, used 47613K [0x00000007a0000000, 0x00000007b5580000, 0x00000007b5580000)
  object space 349696K, 13% used [0x00000007a0000000,0x00000007a2e7f520,0x00000007b5580000)
 Metaspace       used 5447K, capacity 5616K, committed 5760K, reserved 1056768K
  class space    used 579K, capacity 630K, committed 640K, reserved 1048576K
}
{Heap before GC invocations=318 (full 22):
 PSYoungGen      total 155136K, used 106486K [0x00000007b5580000, 0x00000007c0000000, 0x00000007c0000000)
  eden space 135680K, 78% used [0x00000007b5580000,0x00000007bbd7db80,0x00000007bda00000)
  from space 19456K, 0% used [0x00000007bda00000,0x00000007bda00000,0x00000007bed00000)
  to   space 19456K, 0% used [0x00000007bed00000,0x00000007bed00000,0x00000007c0000000)
 ParOldGen       total 349696K, used 47613K [0x00000007a0000000, 0x00000007b5580000, 0x00000007b5580000)
  object space 349696K, 13% used [0x00000007a0000000,0x00000007a2e7f520,0x00000007b5580000)
 Metaspace       used 5447K, capacity 5616K, committed 5760K, reserved 1056768K
  class space    used 579K, capacity 630K, committed 640K, reserved 1048576K
2018-07-25T18:08:23.996-0800: 26.277: [GC (Allocation Failure) [PSYoungGen: 106486K->0K(155136K)] 154100K->125738K(504832K), 0.0092040 secs] [Times: user=0.07 sys=0.00, real=0.01 secs] 
Heap after GC invocations=318 (full 22):
 PSYoungGen      total 155136K, used 0K [0x00000007b5580000, 0x00000007c0000000, 0x00000007c0000000)
  eden space 135680K, 0% used [0x00000007b5580000,0x00000007b5580000,0x00000007bda00000)
  from space 19456K, 0% used [0x00000007bed00000,0x00000007bed00000,0x00000007c0000000)
  to   space 19456K, 0% used [0x00000007bda00000,0x00000007bda00000,0x00000007bed00000)
 ParOldGen       total 349696K, used 125738K [0x00000007a0000000, 0x00000007b5580000, 0x00000007b5580000)
  object space 349696K, 35% used [0x00000007a0000000,0x00000007a7aca9c0,0x00000007b5580000)
 Metaspace       used 5447K, capacity 5616K, committed 5760K, reserved 1056768K
  class space    used 579K, capacity 630K, committed 640K, reserved 1048576K
}
{Heap before GC invocations=319 (full 22):
 PSYoungGen      total 155136K, used 128925K [0x00000007b5580000, 0x00000007c0000000, 0x00000007c0000000)
  eden space 135680K, 95% used [0x00000007b5580000,0x00000007bd3677e8,0x00000007bda00000)
  from space 19456K, 0% used [0x00000007bed00000,0x00000007bed00000,0x00000007c0000000)
  to   space 19456K, 0% used [0x00000007bda00000,0x00000007bda00000,0x00000007bed00000)
 ParOldGen       total 349696K, used 125738K [0x00000007a0000000, 0x00000007b5580000, 0x00000007b5580000)
  object space 349696K, 35% used [0x00000007a0000000,0x00000007a7aca9c0,0x00000007b5580000)
 Metaspace       used 5447K, capacity 5616K, committed 5760K, reserved 1056768K
  class space    used 579K, capacity 630K, committed 640K, reserved 1048576K
2018-07-25T18:08:24.119-0800: 26.400: [GC (Allocation Failure) [PSYoungGen: 128925K->9893K(155136K)] 254664K->187715K(504832K), 0.0059222 secs] [Times: user=0.04 sys=0.00, real=0.01 secs] 
Heap after GC invocations=319 (full 22):
 PSYoungGen      total 155136K, used 9893K [0x00000007b5580000, 0x00000007c0000000, 0x00000007c0000000)
  eden space 135680K, 0% used [0x00000007b5580000,0x00000007b5580000,0x00000007bda00000)
  from space 19456K, 50% used [0x00000007bda00000,0x00000007be3a9698,0x00000007bed00000)
  to   space 19456K, 0% used [0x00000007bed00000,0x00000007bed00000,0x00000007c0000000)
 ParOldGen       total 349696K, used 177821K [0x00000007a0000000, 0x00000007b5580000, 0x00000007b5580000)
  object space 349696K, 50% used [0x00000007a0000000,0x00000007aada7770,0x00000007b5580000)
 Metaspace       used 5447K, capacity 5616K, committed 5760K, reserved 1056768K
  class space    used 579K, capacity 630K, committed 640K, reserved 1048576K
}
{Heap before GC invocations=320 (full 22):
 PSYoungGen      total 155136K, used 142334K [0x00000007b5580000, 0x00000007c0000000, 0x00000007c0000000)
  eden space 135680K, 97% used [0x00000007b5580000,0x00000007bd6d6258,0x00000007bda00000)
  from space 19456K, 50% used [0x00000007bda00000,0x00000007be3a9698,0x00000007bed00000)
  to   space 19456K, 0% used [0x00000007bed00000,0x00000007bed00000,0x00000007c0000000)
 ParOldGen       total 349696K, used 177821K [0x00000007a0000000, 0x00000007b5580000, 0x00000007b5580000)
  object space 349696K, 50% used [0x00000007a0000000,0x00000007aada7770,0x00000007b5580000)
 Metaspace       used 5447K, capacity 5616K, committed 5760K, reserved 1056768K
  class space    used 579K, capacity 630K, committed 640K, reserved 1048576K
2018-07-25T18:08:24.218-0800: 26.498: [GC (Allocation Failure) [PSYoungGen: 142334K->96K(155136K)] 320156K->177917K(504832K), 0.0012518 secs] [Times: user=0.00 sys=0.00, real=0.00 secs] 
Heap after GC invocations=320 (full 22):
 PSYoungGen      total 155136K, used 96K [0x00000007b5580000, 0x00000007c0000000, 0x00000007c0000000)
  eden space 135680K, 0% used [0x00000007b5580000,0x00000007b5580000,0x00000007bda00000)
  from space 19456K, 0% used [0x00000007bed00000,0x00000007bed18000,0x00000007c0000000)
  to   space 19456K, 0% used [0x00000007bda00000,0x00000007bda00000,0x00000007bed00000)
 ParOldGen       total 349696K, used 177821K [0x00000007a0000000, 0x00000007b5580000, 0x00000007b5580000)
  object space 349696K, 50% used [0x00000007a0000000,0x00000007aada7770,0x00000007b5580000)
 Metaspace       used 5447K, capacity 5616K, committed 5760K, reserved 1056768K
  class space    used 579K, capacity 630K, committed 640K, reserved 1048576K
}
{Heap before GC invocations=321 (full 22):
 PSYoungGen      total 155136K, used 129434K [0x00000007b5580000, 0x00000007c0000000, 0x00000007c0000000)
  eden space 135680K, 95% used [0x00000007b5580000,0x00000007bd3cebc8,0x00000007bda00000)
  from space 19456K, 0% used [0x00000007bed00000,0x00000007bed18000,0x00000007c0000000)
  to   space 19456K, 0% used [0x00000007bda00000,0x00000007bda00000,0x00000007bed00000)
 ParOldGen       total 349696K, used 177821K [0x00000007a0000000, 0x00000007b5580000, 0x00000007b5580000)
  object space 349696K, 50% used [0x00000007a0000000,0x00000007aada7770,0x00000007b5580000)
 Metaspace       used 5447K, capacity 5616K, committed 5760K, reserved 1056768K
  class space    used 579K, capacity 630K, committed 640K, reserved 1048576K
2018-07-25T18:08:24.247-0800: 26.528: [GC (Allocation Failure) [PSYoungGen: 129434K->9797K(155136K)] 307256K->239748K(504832K), 0.0081230 secs] [Times: user=0.06 sys=0.00, real=0.01 secs] 
Heap after GC invocations=321 (full 22):
 PSYoungGen      total 155136K, used 9797K [0x00000007b5580000, 0x00000007c0000000, 0x00000007c0000000)
  eden space 135680K, 0% used [0x00000007b5580000,0x00000007b5580000,0x00000007bda00000)
  from space 19456K, 50% used [0x00000007bda00000,0x00000007be391698,0x00000007bed00000)
  to   space 19456K, 0% used [0x00000007bed00000,0x00000007bed00000,0x00000007c0000000)
 ParOldGen       total 349696K, used 229950K [0x00000007a0000000, 0x00000007b5580000, 0x00000007b5580000)
  object space 349696K, 65% used [0x00000007a0000000,0x00000007ae08fa00,0x00000007b5580000)
 Metaspace       used 5447K, capacity 5616K, committed 5760K, reserved 1056768K
  class space    used 579K, capacity 630K, committed 640K, reserved 1048576K
}
{Heap before GC invocations=322 (full 22):
 PSYoungGen      total 155136K, used 139235K [0x00000007b5580000, 0x00000007c0000000, 0x00000007c0000000)
  eden space 135680K, 95% used [0x00000007b5580000,0x00000007bd3e7640,0x00000007bda00000)
  from space 19456K, 50% used [0x00000007bda00000,0x00000007be391698,0x00000007bed00000)
  to   space 19456K, 0% used [0x00000007bed00000,0x00000007bed00000,0x00000007c0000000)
 ParOldGen       total 349696K, used 229950K [0x00000007a0000000, 0x00000007b5580000, 0x00000007b5580000)
  object space 349696K, 65% used [0x00000007a0000000,0x00000007ae08fa00,0x00000007b5580000)
 Metaspace       used 5447K, capacity 5616K, committed 5760K, reserved 1056768K
  class space    used 579K, capacity 630K, committed 640K, reserved 1048576K
2018-07-25T18:08:24.362-0800: 26.643: [GC (Allocation Failure) [PSYoungGen: 139235K->9893K(155136K)] 369185K->265885K(504832K), 0.0041498 secs] [Times: user=0.02 sys=0.00, real=0.00 secs] 
Heap after GC invocations=322 (full 22):
 PSYoungGen      total 155136K, used 9893K [0x00000007b5580000, 0x00000007c0000000, 0x00000007c0000000)
  eden space 135680K, 0% used [0x00000007b5580000,0x00000007b5580000,0x00000007bda00000)
  from space 19456K, 50% used [0x00000007bed00000,0x00000007bf6a9698,0x00000007c0000000)
  to   space 19456K, 0% used [0x00000007bda00000,0x00000007bda00000,0x00000007bed00000)
 ParOldGen       total 349696K, used 255992K [0x00000007a0000000, 0x00000007b5580000, 0x00000007b5580000)
  object space 349696K, 73% used [0x00000007a0000000,0x00000007af9fe0c8,0x00000007b5580000)
 Metaspace       used 5447K, capacity 5616K, committed 5760K, reserved 1056768K
  class space    used 579K, capacity 630K, committed 640K, reserved 1048576K
}
{Heap before GC invocations=323 (full 22):
 PSYoungGen      total 155136K, used 116320K [0x00000007b5580000, 0x00000007c0000000, 0x00000007c0000000)
  eden space 135680K, 78% used [0x00000007b5580000,0x00000007bbd6e9b8,0x00000007bda00000)
  from space 19456K, 50% used [0x00000007bed00000,0x00000007bf6a9698,0x00000007c0000000)
  to   space 19456K, 0% used [0x00000007bda00000,0x00000007bda00000,0x00000007bed00000)
 ParOldGen       total 349696K, used 255992K [0x00000007a0000000, 0x00000007b5580000, 0x00000007b5580000)
  object space 349696K, 73% used [0x00000007a0000000,0x00000007af9fe0c8,0x00000007b5580000)
 Metaspace       used 5447K, capacity 5616K, committed 5760K, reserved 1056768K
  class space    used 579K, capacity 630K, committed 640K, reserved 1048576K
2018-07-25T18:08:24.380-0800: 26.661: [GC (Allocation Failure) [PSYoungGen: 116320K->0K(155136K)] 372312K->291845K(504832K), 0.0053789 secs] [Times: user=0.04 sys=0.00, real=0.00 secs] 
Heap after GC invocations=323 (full 22):
 PSYoungGen      total 155136K, used 0K [0x00000007b5580000, 0x00000007c0000000, 0x00000007c0000000)
  eden space 135680K, 0% used [0x00000007b5580000,0x00000007b5580000,0x00000007bda00000)
  from space 19456K, 0% used [0x00000007bda00000,0x00000007bda00000,0x00000007bed00000)
  to   space 19456K, 0% used [0x00000007bed00000,0x00000007bed00000,0x00000007c0000000)
 ParOldGen       total 349696K, used 291845K [0x00000007a0000000, 0x00000007b5580000, 0x00000007b5580000)
  object space 349696K, 83% used [0x00000007a0000000,0x00000007b1d014b8,0x00000007b5580000)
 Metaspace       used 5447K, capacity 5616K, committed 5760K, reserved 1056768K
  class space    used 579K, capacity 630K, committed 640K, reserved 1048576K
}
{Heap before GC invocations=324 (full 23):
 PSYoungGen      total 155136K, used 0K [0x00000007b5580000, 0x00000007c0000000, 0x00000007c0000000)
  eden space 135680K, 0% used [0x00000007b5580000,0x00000007b5580000,0x00000007bda00000)
  from space 19456K, 0% used [0x00000007bda00000,0x00000007bda00000,0x00000007bed00000)
  to   space 19456K, 0% used [0x00000007bed00000,0x00000007bed00000,0x00000007c0000000)
 ParOldGen       total 349696K, used 291845K [0x00000007a0000000, 0x00000007b5580000, 0x00000007b5580000)
  object space 349696K, 83% used [0x00000007a0000000,0x00000007b1d014b8,0x00000007b5580000)
 Metaspace       used 5447K, capacity 5616K, committed 5760K, reserved 1056768K
  class space    used 579K, capacity 630K, committed 640K, reserved 1048576K
2018-07-25T18:08:24.386-0800: 26.666: [Full GC (Ergonomics) [PSYoungGen: 0K->0K(155136K)] [ParOldGen: 291845K->47614K(349696K)] 291845K->47614K(504832K), [Metaspace: 5447K->5447K(1056768K)], 0.0106043 secs] [Times: user=0.05 sys=0.00, real=0.01 secs] 
Heap after GC invocations=324 (full 23):
 PSYoungGen      total 155136K, used 0K [0x00000007b5580000, 0x00000007c0000000, 0x00000007c0000000)
  eden space 135680K, 0% used [0x00000007b5580000,0x00000007b5580000,0x00000007bda00000)
  from space 19456K, 0% used [0x00000007bda00000,0x00000007bda00000,0x00000007bed00000)
  to   space 19456K, 0% used [0x00000007bed00000,0x00000007bed00000,0x00000007c0000000)
 ParOldGen       total 349696K, used 47614K [0x00000007a0000000, 0x00000007b5580000, 0x00000007b5580000)
  object space 349696K, 13% used [0x00000007a0000000,0x00000007a2e7f908,0x00000007b5580000)
 Metaspace       used 5447K, capacity 5616K, committed 5760K, reserved 1056768K
  class space    used 579K, capacity 630K, committed 640K, reserved 1048576K
}
{Heap before GC invocations=325 (full 23):
 PSYoungGen      total 155136K, used 129236K [0x00000007b5580000, 0x00000007c0000000, 0x00000007c0000000)
  eden space 135680K, 95% used [0x00000007b5580000,0x00000007bd3b53f8,0x00000007bda00000)
  from space 19456K, 0% used [0x00000007bda00000,0x00000007bda00000,0x00000007bed00000)
  to   space 19456K, 0% used [0x00000007bed00000,0x00000007bed00000,0x00000007c0000000)
 ParOldGen       total 349696K, used 47614K [0x00000007a0000000, 0x00000007b5580000, 0x00000007b5580000)
  object space 349696K, 13% used [0x00000007a0000000,0x00000007a2e7f908,0x00000007b5580000)
 Metaspace       used 5448K, capacity 5616K, committed 5760K, reserved 1056768K
  class space    used 579K, capacity 630K, committed 640K, reserved 1048576K
2018-07-25T18:08:24.528-0800: 26.809: [GC (Allocation Failure) [PSYoungGen: 129236K->9891K(155136K)] 176851K->109589K(504832K), 0.0061911 secs] [Times: user=0.04 sys=0.00, real=0.01 secs] 
Heap after GC invocations=325 (full 23):
 PSYoungGen      total 155136K, used 9891K [0x00000007b5580000, 0x00000007c0000000, 0x00000007c0000000)
  eden space 135680K, 0% used [0x00000007b5580000,0x00000007b5580000,0x00000007bda00000)
  from space 19456K, 50% used [0x00000007bed00000,0x00000007bf6a8e40,0x00000007c0000000)
  to   space 19456K, 0% used [0x00000007bda00000,0x00000007bda00000,0x00000007bed00000)
 ParOldGen       total 349696K, used 99697K [0x00000007a0000000, 0x00000007b5580000, 0x00000007b5580000)
  object space 349696K, 28% used [0x00000007a0000000,0x00000007a615c6b8,0x00000007b5580000)
 Metaspace       used 5448K, capacity 5616K, committed 5760K, reserved 1056768K
  class space    used 579K, capacity 630K, committed 640K, reserved 1048576K
}
{Heap before GC invocations=326 (full 23):
 PSYoungGen      total 155136K, used 142517K [0x00000007b5580000, 0x00000007c0000000, 0x00000007c0000000)
  eden space 135680K, 97% used [0x00000007b5580000,0x00000007bd7047e0,0x00000007bda00000)
  from space 19456K, 50% used [0x00000007bed00000,0x00000007bf6a8e40,0x00000007c0000000)
  to   space 19456K, 0% used [0x00000007bda00000,0x00000007bda00000,0x00000007bed00000)
 ParOldGen       total 349696K, used 99697K [0x00000007a0000000, 0x00000007b5580000, 0x00000007b5580000)
  object space 349696K, 28% used [0x00000007a0000000,0x00000007a615c6b8,0x00000007b5580000)
 Metaspace       used 5448K, capacity 5616K, committed 5760K, reserved 1056768K
  class space    used 579K, capacity 630K, committed 640K, reserved 1048576K
2018-07-25T18:08:24.637-0800: 26.918: [GC (Allocation Failure) [PSYoungGen: 142517K->158K(155136K)] 242215K->99855K(504832K), 0.0010462 secs] [Times: user=0.00 sys=0.00, real=0.00 secs] 
Heap after GC invocations=326 (full 23):
 PSYoungGen      total 155136K, used 158K [0x00000007b5580000, 0x00000007c0000000, 0x00000007c0000000)
  eden space 135680K, 0% used [0x00000007b5580000,0x00000007b5580000,0x00000007bda00000)
  from space 19456K, 0% used [0x00000007bda00000,0x00000007bda27900,0x00000007bed00000)
  to   space 19456K, 0% used [0x00000007bed00000,0x00000007bed00000,0x00000007c0000000)
 ParOldGen       total 349696K, used 99697K [0x00000007a0000000, 0x00000007b5580000, 0x00000007b5580000)
  object space 349696K, 28% used [0x00000007a0000000,0x00000007a615c6b8,0x00000007b5580000)
 Metaspace       used 5448K, capacity 5616K, committed 5760K, reserved 1056768K
  class space    used 579K, capacity 630K, committed 640K, reserved 1048576K
}
{Heap before GC invocations=327 (full 23):
 PSYoungGen      total 155136K, used 129616K [0x00000007b5580000, 0x00000007c0000000, 0x00000007c0000000)
  eden space 135680K, 95% used [0x00000007b5580000,0x00000007bd3ec8a8,0x00000007bda00000)
  from space 19456K, 0% used [0x00000007bda00000,0x00000007bda27900,0x00000007bed00000)
  to   space 19456K, 0% used [0x00000007bed00000,0x00000007bed00000,0x00000007c0000000)
 ParOldGen       total 349696K, used 99697K [0x00000007a0000000, 0x00000007b5580000, 0x00000007b5580000)
  object space 349696K, 28% used [0x00000007a0000000,0x00000007a615c6b8,0x00000007b5580000)
 Metaspace       used 5448K, capacity 5616K, committed 5760K, reserved 1056768K
  class space    used 579K, capacity 630K, committed 640K, reserved 1048576K
2018-07-25T18:08:24.672-0800: 26.952: [GC (Allocation Failure) [PSYoungGen: 129616K->9797K(155136K)] 229314K->161640K(504832K), 0.0090847 secs] [Times: user=0.06 sys=0.00, real=0.01 secs] 
Heap after GC invocations=327 (full 23):
 PSYoungGen      total 155136K, used 9797K [0x00000007b5580000, 0x00000007c0000000, 0x00000007c0000000)
  eden space 135680K, 0% used [0x00000007b5580000,0x00000007b5580000,0x00000007bda00000)
  from space 19456K, 50% used [0x00000007bed00000,0x00000007bf691698,0x00000007c0000000)
  to   space 19456K, 0% used [0x00000007bda00000,0x00000007bda00000,0x00000007bed00000)
 ParOldGen       total 349696K, used 151843K [0x00000007a0000000, 0x00000007b5580000, 0x00000007b5580000)
  object space 349696K, 43% used [0x00000007a0000000,0x00000007a9448d50,0x00000007b5580000)
 Metaspace       used 5448K, capacity 5616K, committed 5760K, reserved 1056768K
  class space    used 579K, capacity 630K, committed 640K, reserved 1048576K
}
{Heap before GC invocations=328 (full 23):
 PSYoungGen      total 155136K, used 139311K [0x00000007b5580000, 0x00000007c0000000, 0x00000007c0000000)
  eden space 135680K, 95% used [0x00000007b5580000,0x00000007bd3fa8e8,0x00000007bda00000)
  from space 19456K, 50% used [0x00000007bed00000,0x00000007bf691698,0x00000007c0000000)
  to   space 19456K, 0% used [0x00000007bda00000,0x00000007bda00000,0x00000007bed00000)
 ParOldGen       total 349696K, used 151843K [0x00000007a0000000, 0x00000007b5580000, 0x00000007b5580000)
  object space 349696K, 43% used [0x00000007a0000000,0x00000007a9448d50,0x00000007b5580000)
 Metaspace       used 5448K, capacity 5616K, committed 5760K, reserved 1056768K
  class space    used 579K, capacity 630K, committed 640K, reserved 1048576K
2018-07-25T18:08:24.794-0800: 27.075: [GC (Allocation Failure) [PSYoungGen: 139311K->9829K(155136K)] 291155K->187714K(504832K), 0.0050699 secs] [Times: user=0.03 sys=0.00, real=0.00 secs] 
Heap after GC invocations=328 (full 23):
 PSYoungGen      total 155136K, used 9829K [0x00000007b5580000, 0x00000007c0000000, 0x00000007c0000000)
  eden space 135680K, 0% used [0x00000007b5580000,0x00000007b5580000,0x00000007bda00000)
  from space 19456K, 50% used [0x00000007bda00000,0x00000007be399698,0x00000007bed00000)
  to   space 19456K, 0% used [0x00000007bed00000,0x00000007bed00000,0x00000007c0000000)
 ParOldGen       total 349696K, used 177885K [0x00000007a0000000, 0x00000007b5580000, 0x00000007b5580000)
  object space 349696K, 50% used [0x00000007a0000000,0x00000007aadb7418,0x00000007b5580000)
 Metaspace       used 5448K, capacity 5616K, committed 5760K, reserved 1056768K
  class space    used 579K, capacity 630K, committed 640K, reserved 1048576K
}
{Heap before GC invocations=329 (full 23):
 PSYoungGen      total 155136K, used 116305K [0x00000007b5580000, 0x00000007c0000000, 0x00000007c0000000)
  eden space 135680K, 78% used [0x00000007b5580000,0x00000007bbd7af80,0x00000007bda00000)
  from space 19456K, 50% used [0x00000007bda00000,0x00000007be399698,0x00000007bed00000)
  to   space 19456K, 0% used [0x00000007bed00000,0x00000007bed00000,0x00000007c0000000)
 ParOldGen       total 349696K, used 177885K [0x00000007a0000000, 0x00000007b5580000, 0x00000007b5580000)
  object space 349696K, 50% used [0x00000007a0000000,0x00000007aadb7418,0x00000007b5580000)
 Metaspace       used 5448K, capacity 5616K, committed 5760K, reserved 1056768K
  class space    used 579K, capacity 630K, committed 640K, reserved 1048576K
2018-07-25T18:08:24.819-0800: 27.100: [GC (Allocation Failure) [PSYoungGen: 116305K->0K(155136K)] 294190K->213739K(504832K), 0.0066944 secs] [Times: user=0.05 sys=0.00, real=0.01 secs] 
Heap after GC invocations=329 (full 23):
 PSYoungGen      total 155136K, used 0K [0x00000007b5580000, 0x00000007c0000000, 0x00000007c0000000)
  eden space 135680K, 0% used [0x00000007b5580000,0x00000007b5580000,0x00000007bda00000)
  from space 19456K, 0% used [0x00000007bed00000,0x00000007bed00000,0x00000007c0000000)
  to   space 19456K, 0% used [0x00000007bda00000,0x00000007bda00000,0x00000007bed00000)
 ParOldGen       total 349696K, used 213739K [0x00000007a0000000, 0x00000007b5580000, 0x00000007b5580000)
  object space 349696K, 61% used [0x00000007a0000000,0x00000007ad0bac10,0x00000007b5580000)
 Metaspace       used 5448K, capacity 5616K, committed 5760K, reserved 1056768K
  class space    used 579K, capacity 630K, committed 640K, reserved 1048576K
}
{Heap before GC invocations=330 (full 23):
 PSYoungGen      total 155136K, used 129268K [0x00000007b5580000, 0x00000007c0000000, 0x00000007c0000000)
  eden space 135680K, 95% used [0x00000007b5580000,0x00000007bd3bd328,0x00000007bda00000)
  from space 19456K, 0% used [0x00000007bed00000,0x00000007bed00000,0x00000007c0000000)
  to   space 19456K, 0% used [0x00000007bda00000,0x00000007bda00000,0x00000007bed00000)
 ParOldGen       total 349696K, used 213739K [0x00000007a0000000, 0x00000007b5580000, 0x00000007b5580000)
  object space 349696K, 61% used [0x00000007a0000000,0x00000007ad0bac10,0x00000007b5580000)
 Metaspace       used 5448K, capacity 5616K, committed 5760K, reserved 1056768K
  class space    used 579K, capacity 630K, committed 640K, reserved 1048576K
2018-07-25T18:08:24.945-0800: 27.225: [GC (Allocation Failure) [PSYoungGen: 129268K->9860K(155136K)] 343007K->275683K(504832K), 0.0073498 secs] [Times: user=0.05 sys=0.00, real=0.01 secs] 
Heap after GC invocations=330 (full 23):
 PSYoungGen      total 155136K, used 9860K [0x00000007b5580000, 0x00000007c0000000, 0x00000007c0000000)
  eden space 135680K, 0% used [0x00000007b5580000,0x00000007b5580000,0x00000007bda00000)
  from space 19456K, 50% used [0x00000007bda00000,0x00000007be3a1248,0x00000007bed00000)
  to   space 19456K, 0% used [0x00000007bed00000,0x00000007bed00000,0x00000007c0000000)
 ParOldGen       total 349696K, used 265822K [0x00000007a0000000, 0x00000007b5580000, 0x00000007b5580000)
  object space 349696K, 76% used [0x00000007a0000000,0x00000007b03979c0,0x00000007b5580000)
 Metaspace       used 5448K, capacity 5616K, committed 5760K, reserved 1056768K
  class space    used 579K, capacity 630K, committed 640K, reserved 1048576K
}
{Heap before GC invocations=331 (full 23):
 PSYoungGen      total 155136K, used 142523K [0x00000007b5580000, 0x00000007c0000000, 0x00000007c0000000)
  eden space 135680K, 97% used [0x00000007b5580000,0x00000007bd70dda8,0x00000007bda00000)
  from space 19456K, 50% used [0x00000007bda00000,0x00000007be3a1248,0x00000007bed00000)
  to   space 19456K, 0% used [0x00000007bed00000,0x00000007bed00000,0x00000007c0000000)
 ParOldGen       total 349696K, used 265822K [0x00000007a0000000, 0x00000007b5580000, 0x00000007b5580000)
  object space 349696K, 76% used [0x00000007a0000000,0x00000007b03979c0,0x00000007b5580000)
 Metaspace       used 5448K, capacity 5616K, committed 5760K, reserved 1056768K
  class space    used 579K, capacity 630K, committed 640K, reserved 1048576K
2018-07-25T18:08:25.051-0800: 27.332: [GC (Allocation Failure) [PSYoungGen: 142523K->96K(155136K)] 408346K->265918K(504832K), 0.0016856 secs] [Times: user=0.01 sys=0.00, real=0.00 secs] 
Heap after GC invocations=331 (full 23):
 PSYoungGen      total 155136K, used 96K [0x00000007b5580000, 0x00000007c0000000, 0x00000007c0000000)
  eden space 135680K, 0% used [0x00000007b5580000,0x00000007b5580000,0x00000007bda00000)
  from space 19456K, 0% used [0x00000007bed00000,0x00000007bed18000,0x00000007c0000000)
  to   space 19456K, 0% used [0x00000007bda00000,0x00000007bda00000,0x00000007bed00000)
 ParOldGen       total 349696K, used 265822K [0x00000007a0000000, 0x00000007b5580000, 0x00000007b5580000)
  object space 349696K, 76% used [0x00000007a0000000,0x00000007b03979c0,0x00000007b5580000)
 Metaspace       used 5448K, capacity 5616K, committed 5760K, reserved 1056768K
  class space    used 579K, capacity 630K, committed 640K, reserved 1048576K
}
{Heap before GC invocations=332 (full 23):
 PSYoungGen      total 155136K, used 129578K [0x00000007b5580000, 0x00000007c0000000, 0x00000007c0000000)
  eden space 135680K, 95% used [0x00000007b5580000,0x00000007bd3f2918,0x00000007bda00000)
  from space 19456K, 0% used [0x00000007bed00000,0x00000007bed18000,0x00000007c0000000)
  to   space 19456K, 0% used [0x00000007bda00000,0x00000007bda00000,0x00000007bed00000)
 ParOldGen       total 349696K, used 265822K [0x00000007a0000000, 0x00000007b5580000, 0x00000007b5580000)
  object space 349696K, 76% used [0x00000007a0000000,0x00000007b03979c0,0x00000007b5580000)
 Metaspace       used 5448K, capacity 5616K, committed 5760K, reserved 1056768K
  class space    used 579K, capacity 630K, committed 640K, reserved 1048576K
2018-07-25T18:08:25.086-0800: 27.367: [GC (Allocation Failure) [PSYoungGen: 129578K->9797K(155136K)] 395400K->327750K(504832K), 0.0083557 secs] [Times: user=0.06 sys=0.00, real=0.01 secs] 
Heap after GC invocations=332 (full 23):
 PSYoungGen      total 155136K, used 9797K [0x00000007b5580000, 0x00000007c0000000, 0x00000007c0000000)
  eden space 135680K, 0% used [0x00000007b5580000,0x00000007b5580000,0x00000007bda00000)
  from space 19456K, 50% used [0x00000007bda00000,0x00000007be391698,0x00000007bed00000)
  to   space 19456K, 0% used [0x00000007bed00000,0x00000007bed00000,0x00000007c0000000)
 ParOldGen       total 349696K, used 317953K [0x00000007a0000000, 0x00000007b5580000, 0x00000007b5580000)
  object space 349696K, 90% used [0x00000007a0000000,0x00000007b3680460,0x00000007b5580000)
 Metaspace       used 5448K, capacity 5616K, committed 5760K, reserved 1056768K
  class space    used 579K, capacity 630K, committed 640K, reserved 1048576K
}
{Heap before GC invocations=333 (full 24):
 PSYoungGen      total 155136K, used 9797K [0x00000007b5580000, 0x00000007c0000000, 0x00000007c0000000)
  eden space 135680K, 0% used [0x00000007b5580000,0x00000007b5580000,0x00000007bda00000)
  from space 19456K, 50% used [0x00000007bda00000,0x00000007be391698,0x00000007bed00000)
  to   space 19456K, 0% used [0x00000007bed00000,0x00000007bed00000,0x00000007c0000000)
 ParOldGen       total 349696K, used 317953K [0x00000007a0000000, 0x00000007b5580000, 0x00000007b5580000)
  object space 349696K, 90% used [0x00000007a0000000,0x00000007b3680460,0x00000007b5580000)
 Metaspace       used 5448K, capacity 5616K, committed 5760K, reserved 1056768K
  class space    used 579K, capacity 630K, committed 640K, reserved 1048576K
2018-07-25T18:08:25.095-0800: 27.375: [Full GC (Ergonomics) [PSYoungGen: 9797K->0K(155136K)] [ParOldGen: 317953K->73512K(349696K)] 327750K->73512K(504832K), [Metaspace: 5448K->5448K(1056768K)], 0.0113367 secs] [Times: user=0.06 sys=0.00, real=0.01 secs] 
Heap after GC invocations=333 (full 24):
 PSYoungGen      total 155136K, used 0K [0x00000007b5580000, 0x00000007c0000000, 0x00000007c0000000)
  eden space 135680K, 0% used [0x00000007b5580000,0x00000007b5580000,0x00000007bda00000)
  from space 19456K, 0% used [0x00000007bda00000,0x00000007bda00000,0x00000007bed00000)
  to   space 19456K, 0% used [0x00000007bed00000,0x00000007bed00000,0x00000007c0000000)
 ParOldGen       total 349696K, used 73512K [0x00000007a0000000, 0x00000007b5580000, 0x00000007b5580000)
  object space 349696K, 21% used [0x00000007a0000000,0x00000007a47ca180,0x00000007b5580000)
 Metaspace       used 5448K, capacity 5616K, committed 5760K, reserved 1056768K
  class space    used 579K, capacity 630K, committed 640K, reserved 1048576K
}
{Heap before GC invocations=334 (full 24):
 PSYoungGen      total 155136K, used 129529K [0x00000007b5580000, 0x00000007c0000000, 0x00000007c0000000)
  eden space 135680K, 95% used [0x00000007b5580000,0x00000007bd3fe700,0x00000007bda00000)
  from space 19456K, 0% used [0x00000007bda00000,0x00000007bda00000,0x00000007bed00000)
  to   space 19456K, 0% used [0x00000007bed00000,0x00000007bed00000,0x00000007c0000000)
 ParOldGen       total 349696K, used 73512K [0x00000007a0000000, 0x00000007b5580000, 0x00000007b5580000)
  object space 349696K, 21% used [0x00000007a0000000,0x00000007a47ca180,0x00000007b5580000)
 Metaspace       used 5448K, capacity 5616K, committed 5760K, reserved 1056768K
  class space    used 579K, capacity 630K, committed 640K, reserved 1048576K
2018-07-25T18:08:25.221-0800: 27.501: [GC (Allocation Failure) [PSYoungGen: 129529K->9893K(155136K)] 203042K->135489K(504832K), 0.0065761 secs] [Times: user=0.04 sys=0.00, real=0.00 secs] 
Heap after GC invocations=334 (full 24):
 PSYoungGen      total 155136K, used 9893K [0x00000007b5580000, 0x00000007c0000000, 0x00000007c0000000)
  eden space 135680K, 0% used [0x00000007b5580000,0x00000007b5580000,0x00000007bda00000)
  from space 19456K, 50% used [0x00000007bed00000,0x00000007bf6a94f8,0x00000007c0000000)
  to   space 19456K, 0% used [0x00000007bda00000,0x00000007bda00000,0x00000007bed00000)
 ParOldGen       total 349696K, used 125595K [0x00000007a0000000, 0x00000007b5580000, 0x00000007b5580000)
  object space 349696K, 35% used [0x00000007a0000000,0x00000007a7aa6f50,0x00000007b5580000)
 Metaspace       used 5448K, capacity 5616K, committed 5760K, reserved 1056768K
  class space    used 579K, capacity 630K, committed 640K, reserved 1048576K
}
{Heap before GC invocations=335 (full 24):
 PSYoungGen      total 155136K, used 116379K [0x00000007b5580000, 0x00000007c0000000, 0x00000007c0000000)
  eden space 135680K, 78% used [0x00000007b5580000,0x00000007bbd7d790,0x00000007bda00000)
  from space 19456K, 50% used [0x00000007bed00000,0x00000007bf6a94f8,0x00000007c0000000)
  to   space 19456K, 0% used [0x00000007bda00000,0x00000007bda00000,0x00000007bed00000)
 ParOldGen       total 349696K, used 125595K [0x00000007a0000000, 0x00000007b5580000, 0x00000007b5580000)
  object space 349696K, 35% used [0x00000007a0000000,0x00000007a7aa6f50,0x00000007b5580000)
 Metaspace       used 5448K, capacity 5616K, committed 5760K, reserved 1056768K
  class space    used 579K, capacity 630K, committed 640K, reserved 1048576K
2018-07-25T18:08:25.240-0800: 27.521: [GC (Allocation Failure) [PSYoungGen: 116379K->0K(155136K)] 241974K->161450K(504832K), 0.0054240 secs] [Times: user=0.04 sys=0.00, real=0.00 secs] 
Heap after GC invocations=335 (full 24):
 PSYoungGen      total 155136K, used 0K [0x00000007b5580000, 0x00000007c0000000, 0x00000007c0000000)
  eden space 135680K, 0% used [0x00000007b5580000,0x00000007b5580000,0x00000007bda00000)
  from space 19456K, 0% used [0x00000007bda00000,0x00000007bda00000,0x00000007bed00000)
  to   space 19456K, 0% used [0x00000007bed00000,0x00000007bed00000,0x00000007c0000000)
 ParOldGen       total 349696K, used 161450K [0x00000007a0000000, 0x00000007b5580000, 0x00000007b5580000)
  object space 349696K, 46% used [0x00000007a0000000,0x00000007a9daab50,0x00000007b5580000)
 Metaspace       used 5448K, capacity 5616K, committed 5760K, reserved 1056768K
  class space    used 579K, capacity 630K, committed 640K, reserved 1048576K
}
{Heap before GC invocations=336 (full 24):
 PSYoungGen      total 155136K, used 129275K [0x00000007b5580000, 0x00000007c0000000, 0x00000007c0000000)
  eden space 135680K, 95% used [0x00000007b5580000,0x00000007bd3bed08,0x00000007bda00000)
  from space 19456K, 0% used [0x00000007bda00000,0x00000007bda00000,0x00000007bed00000)
  to   space 19456K, 0% used [0x00000007bed00000,0x00000007bed00000,0x00000007c0000000)
 ParOldGen       total 349696K, used 161450K [0x00000007a0000000, 0x00000007b5580000, 0x00000007b5580000)
  object space 349696K, 46% used [0x00000007a0000000,0x00000007a9daab50,0x00000007b5580000)
 Metaspace       used 5448K, capacity 5616K, committed 5760K, reserved 1056768K
  class space    used 579K, capacity 630K, committed 640K, reserved 1048576K
2018-07-25T18:08:25.363-0800: 27.643: [GC (Allocation Failure) [PSYoungGen: 129275K->9861K(155136K)] 290726K->223395K(504832K), 0.0064483 secs] [Times: user=0.05 sys=0.01, real=0.01 secs] 
Heap after GC invocations=336 (full 24):
 PSYoungGen      total 155136K, used 9861K [0x00000007b5580000, 0x00000007c0000000, 0x00000007c0000000)
  eden space 135680K, 0% used [0x00000007b5580000,0x00000007b5580000,0x00000007bda00000)
  from space 19456K, 50% used [0x00000007bed00000,0x00000007bf6a1650,0x00000007c0000000)
  to   space 19456K, 0% used [0x00000007bda00000,0x00000007bda00000,0x00000007bed00000)
 ParOldGen       total 349696K, used 213534K [0x00000007a0000000, 0x00000007b5580000, 0x00000007b5580000)
  object space 349696K, 61% used [0x00000007a0000000,0x00000007ad087900,0x00000007b5580000)
 Metaspace       used 5448K, capacity 5616K, committed 5760K, reserved 1056768K
  class space    used 579K, capacity 630K, committed 640K, reserved 1048576K
}
{Heap before GC invocations=337 (full 24):
 PSYoungGen      total 155136K, used 142529K [0x00000007b5580000, 0x00000007c0000000, 0x00000007c0000000)
  eden space 135680K, 97% used [0x00000007b5580000,0x00000007bd70ee80,0x00000007bda00000)
  from space 19456K, 50% used [0x00000007bed00000,0x00000007bf6a1650,0x00000007c0000000)
  to   space 19456K, 0% used [0x00000007bda00000,0x00000007bda00000,0x00000007bed00000)
 ParOldGen       total 349696K, used 213534K [0x00000007a0000000, 0x00000007b5580000, 0x00000007b5580000)
  object space 349696K, 61% used [0x00000007a0000000,0x00000007ad087900,0x00000007b5580000)
 Metaspace       used 5448K, capacity 5616K, committed 5760K, reserved 1056768K
  class space    used 579K, capacity 630K, committed 640K, reserved 1048576K
2018-07-25T18:08:25.469-0800: 27.749: [GC (Allocation Failure) [PSYoungGen: 142529K->96K(155136K)] 356063K->213630K(504832K), 0.0013555 secs] [Times: user=0.00 sys=0.00, real=0.01 secs] 
Heap after GC invocations=337 (full 24):
 PSYoungGen      total 155136K, used 96K [0x00000007b5580000, 0x00000007c0000000, 0x00000007c0000000)
  eden space 135680K, 0% used [0x00000007b5580000,0x00000007b5580000,0x00000007bda00000)
  from space 19456K, 0% used [0x00000007bda00000,0x00000007bda18110,0x00000007bed00000)
  to   space 19456K, 0% used [0x00000007bed00000,0x00000007bed00000,0x00000007c0000000)
 ParOldGen       total 349696K, used 213534K [0x00000007a0000000, 0x00000007b5580000, 0x00000007b5580000)
  object space 349696K, 61% used [0x00000007a0000000,0x00000007ad087900,0x00000007b5580000)
 Metaspace       used 5448K, capacity 5616K, committed 5760K, reserved 1056768K
  class space    used 579K, capacity 630K, committed 640K, reserved 1048576K
}
{Heap before GC invocations=338 (full 24):
 PSYoungGen      total 155136K, used 129581K [0x00000007b5580000, 0x00000007c0000000, 0x00000007c0000000)
  eden space 135680K, 95% used [0x00000007b5580000,0x00000007bd3f3400,0x00000007bda00000)
  from space 19456K, 0% used [0x00000007bda00000,0x00000007bda18110,0x00000007bed00000)
  to   space 19456K, 0% used [0x00000007bed00000,0x00000007bed00000,0x00000007c0000000)
 ParOldGen       total 349696K, used 213534K [0x00000007a0000000, 0x00000007b5580000, 0x00000007b5580000)
  object space 349696K, 61% used [0x00000007a0000000,0x00000007ad087900,0x00000007b5580000)
 Metaspace       used 5448K, capacity 5616K, committed 5760K, reserved 1056768K
  class space    used 579K, capacity 630K, committed 640K, reserved 1048576K
2018-07-25T18:08:25.500-0800: 27.781: [GC (Allocation Failure) [PSYoungGen: 129581K->9797K(155136K)] 343115K->275463K(504832K), 0.0069873 secs] [Times: user=0.06 sys=0.00, real=0.00 secs] 
Heap after GC invocations=338 (full 24):
 PSYoungGen      total 155136K, used 9797K [0x00000007b5580000, 0x00000007c0000000, 0x00000007c0000000)
  eden space 135680K, 0% used [0x00000007b5580000,0x00000007b5580000,0x00000007bda00000)
  from space 19456K, 50% used [0x00000007bed00000,0x00000007bf691698,0x00000007c0000000)
  to   space 19456K, 0% used [0x00000007bda00000,0x00000007bda00000,0x00000007bed00000)
 ParOldGen       total 349696K, used 265665K [0x00000007a0000000, 0x00000007b5580000, 0x00000007b5580000)
  object space 349696K, 75% used [0x00000007a0000000,0x00000007b03707a8,0x00000007b5580000)
 Metaspace       used 5448K, capacity 5616K, committed 5760K, reserved 1056768K
  class space    used 579K, capacity 630K, committed 640K, reserved 1048576K
}
{Heap before GC invocations=339 (full 24):
 PSYoungGen      total 155136K, used 139329K [0x00000007b5580000, 0x00000007c0000000, 0x00000007c0000000)
  eden space 135680K, 95% used [0x00000007b5580000,0x00000007bd3fee28,0x00000007bda00000)
  from space 19456K, 50% used [0x00000007bed00000,0x00000007bf691698,0x00000007c0000000)
  to   space 19456K, 0% used [0x00000007bda00000,0x00000007bda00000,0x00000007bed00000)
 ParOldGen       total 349696K, used 265665K [0x00000007a0000000, 0x00000007b5580000, 0x00000007b5580000)
  object space 349696K, 75% used [0x00000007a0000000,0x00000007b03707a8,0x00000007b5580000)
 Metaspace       used 5448K, capacity 5616K, committed 5760K, reserved 1056768K
  class space    used 579K, capacity 630K, committed 640K, reserved 1048576K
2018-07-25T18:08:25.621-0800: 27.901: [GC (Allocation Failure) [PSYoungGen: 139329K->9862K(155136K)] 404995K->301569K(504832K), 0.0054910 secs] [Times: user=0.03 sys=0.00, real=0.00 secs] 
Heap after GC invocations=339 (full 24):
 PSYoungGen      total 155136K, used 9862K [0x00000007b5580000, 0x00000007c0000000, 0x00000007c0000000)
  eden space 135680K, 0% used [0x00000007b5580000,0x00000007b5580000,0x00000007bda00000)
  from space 19456K, 50% used [0x00000007bda00000,0x00000007be3a1900,0x00000007bed00000)
  to   space 19456K, 0% used [0x00000007bed00000,0x00000007bed00000,0x00000007c0000000)
 ParOldGen       total 349696K, used 291707K [0x00000007a0000000, 0x00000007b5580000, 0x00000007b5580000)
  object space 349696K, 83% used [0x00000007a0000000,0x00000007b1cdee70,0x00000007b5580000)
 Metaspace       used 5448K, capacity 5616K, committed 5760K, reserved 1056768K
  class space    used 579K, capacity 630K, committed 640K, reserved 1048576K
}
{Heap before GC invocations=340 (full 25):
 PSYoungGen      total 155136K, used 9862K [0x00000007b5580000, 0x00000007c0000000, 0x00000007c0000000)
  eden space 135680K, 0% used [0x00000007b5580000,0x00000007b5580000,0x00000007bda00000)
  from space 19456K, 50% used [0x00000007bda00000,0x00000007be3a1900,0x00000007bed00000)
  to   space 19456K, 0% used [0x00000007bed00000,0x00000007bed00000,0x00000007c0000000)
 ParOldGen       total 349696K, used 291707K [0x00000007a0000000, 0x00000007b5580000, 0x00000007b5580000)
  object space 349696K, 83% used [0x00000007a0000000,0x00000007b1cdee70,0x00000007b5580000)
 Metaspace       used 5448K, capacity 5616K, committed 5760K, reserved 1056768K
  class space    used 579K, capacity 630K, committed 640K, reserved 1048576K
2018-07-25T18:08:25.626-0800: 27.907: [Full GC (Ergonomics) [PSYoungGen: 9862K->0K(155136K)] [ParOldGen: 291707K->47616K(349696K)] 301569K->47616K(504832K), [Metaspace: 5448K->5448K(1056768K)], 0.0085245 secs] [Times: user=0.03 sys=0.00, real=0.01 secs] 
Heap after GC invocations=340 (full 25):
 PSYoungGen      total 155136K, used 0K [0x00000007b5580000, 0x00000007c0000000, 0x00000007c0000000)
  eden space 135680K, 0% used [0x00000007b5580000,0x00000007b5580000,0x00000007bda00000)
  from space 19456K, 0% used [0x00000007bda00000,0x00000007bda00000,0x00000007bed00000)
  to   space 19456K, 0% used [0x00000007bed00000,0x00000007bed00000,0x00000007c0000000)
 ParOldGen       total 349696K, used 47616K [0x00000007a0000000, 0x00000007b5580000, 0x00000007b5580000)
  object space 349696K, 13% used [0x00000007a0000000,0x00000007a2e80348,0x00000007b5580000)
 Metaspace       used 5448K, capacity 5616K, committed 5760K, reserved 1056768K
  class space    used 579K, capacity 630K, committed 640K, reserved 1048576K
}
{Heap before GC invocations=341 (full 25):
 PSYoungGen      total 155136K, used 106487K [0x00000007b5580000, 0x00000007c0000000, 0x00000007c0000000)
  eden space 135680K, 78% used [0x00000007b5580000,0x00000007bbd7dc28,0x00000007bda00000)
  from space 19456K, 0% used [0x00000007bda00000,0x00000007bda00000,0x00000007bed00000)
  to   space 19456K, 0% used [0x00000007bed00000,0x00000007bed00000,0x00000007c0000000)
 ParOldGen       total 349696K, used 47616K [0x00000007a0000000, 0x00000007b5580000, 0x00000007b5580000)
  object space 349696K, 13% used [0x00000007a0000000,0x00000007a2e80348,0x00000007b5580000)
 Metaspace       used 5448K, capacity 5616K, committed 5760K, reserved 1056768K
  class space    used 579K, capacity 630K, committed 640K, reserved 1048576K
2018-07-25T18:08:25.662-0800: 27.942: [GC (Allocation Failure) [PSYoungGen: 106487K->0K(155136K)] 154103K->125741K(504832K), 0.0117309 secs] [Times: user=0.07 sys=0.00, real=0.01 secs] 
Heap after GC invocations=341 (full 25):
 PSYoungGen      total 155136K, used 0K [0x00000007b5580000, 0x00000007c0000000, 0x00000007c0000000)
  eden space 135680K, 0% used [0x00000007b5580000,0x00000007b5580000,0x00000007bda00000)
  from space 19456K, 0% used [0x00000007bed00000,0x00000007bed00000,0x00000007c0000000)
  to   space 19456K, 0% used [0x00000007bda00000,0x00000007bda00000,0x00000007bed00000)
 ParOldGen       total 349696K, used 125741K [0x00000007a0000000, 0x00000007b5580000, 0x00000007b5580000)
  object space 349696K, 35% used [0x00000007a0000000,0x00000007a7acb7e8,0x00000007b5580000)
 Metaspace       used 5448K, capacity 5616K, committed 5760K, reserved 1056768K
  class space    used 579K, capacity 630K, committed 640K, reserved 1048576K
}
{Heap before GC invocations=342 (full 25):
 PSYoungGen      total 155136K, used 128926K [0x00000007b5580000, 0x00000007c0000000, 0x00000007c0000000)
  eden space 135680K, 95% used [0x00000007b5580000,0x00000007bd367850,0x00000007bda00000)
  from space 19456K, 0% used [0x00000007bed00000,0x00000007bed00000,0x00000007c0000000)
  to   space 19456K, 0% used [0x00000007bda00000,0x00000007bda00000,0x00000007bed00000)
 ParOldGen       total 349696K, used 125741K [0x00000007a0000000, 0x00000007b5580000, 0x00000007b5580000)
  object space 349696K, 35% used [0x00000007a0000000,0x00000007a7acb7e8,0x00000007b5580000)
 Metaspace       used 5448K, capacity 5616K, committed 5760K, reserved 1056768K
  class space    used 579K, capacity 630K, committed 640K, reserved 1048576K
2018-07-25T18:08:25.804-0800: 28.084: [GC (Allocation Failure) [PSYoungGen: 128926K->9862K(155136K)] 254668K->187687K(504832K), 0.0099726 secs] [Times: user=0.06 sys=0.00, real=0.01 secs] 
Heap after GC invocations=342 (full 25):
 PSYoungGen      total 155136K, used 9862K [0x00000007b5580000, 0x00000007c0000000, 0x00000007c0000000)
  eden space 135680K, 0% used [0x00000007b5580000,0x00000007b5580000,0x00000007bda00000)
  from space 19456K, 50% used [0x00000007bda00000,0x00000007be3a1a58,0x00000007bed00000)
  to   space 19456K, 0% used [0x00000007bed00000,0x00000007bed00000,0x00000007c0000000)
 ParOldGen       total 349696K, used 177825K [0x00000007a0000000, 0x00000007b5580000, 0x00000007b5580000)
  object space 349696K, 50% used [0x00000007a0000000,0x00000007aada8598,0x00000007b5580000)
 Metaspace       used 5448K, capacity 5616K, committed 5760K, reserved 1056768K
  class space    used 579K, capacity 630K, committed 640K, reserved 1048576K
}
{Heap before GC invocations=343 (full 25):
 PSYoungGen      total 155136K, used 142303K [0x00000007b5580000, 0x00000007c0000000, 0x00000007c0000000)
  eden space 135680K, 97% used [0x00000007b5580000,0x00000007bd6d62a0,0x00000007bda00000)
  from space 19456K, 50% used [0x00000007bda00000,0x00000007be3a1a58,0x00000007bed00000)
  to   space 19456K, 0% used [0x00000007bed00000,0x00000007bed00000,0x00000007c0000000)
 ParOldGen       total 349696K, used 177825K [0x00000007a0000000, 0x00000007b5580000, 0x00000007b5580000)
  object space 349696K, 50% used [0x00000007a0000000,0x00000007aada8598,0x00000007b5580000)
 Metaspace       used 5448K, capacity 5616K, committed 5760K, reserved 1056768K
  class space    used 579K, capacity 630K, committed 640K, reserved 1048576K
2018-07-25T18:08:25.937-0800: 28.218: [GC (Allocation Failure) [PSYoungGen: 142303K->65K(155136K)] 320128K->177890K(504832K), 0.0049826 secs] [Times: user=0.00 sys=0.00, real=0.01 secs] 
Heap after GC invocations=343 (full 25):
 PSYoungGen      total 155136K, used 65K [0x00000007b5580000, 0x00000007c0000000, 0x00000007c0000000)
  eden space 135680K, 0% used [0x00000007b5580000,0x00000007b5580000,0x00000007bda00000)
  from space 19456K, 0% used [0x00000007bed00000,0x00000007bed10518,0x00000007c0000000)
  to   space 19456K, 0% used [0x00000007bda00000,0x00000007bda00000,0x00000007bed00000)
 ParOldGen       total 349696K, used 177825K [0x00000007a0000000, 0x00000007b5580000, 0x00000007b5580000)
  object space 349696K, 50% used [0x00000007a0000000,0x00000007aada8598,0x00000007b5580000)
 Metaspace       used 5448K, capacity 5616K, committed 5760K, reserved 1056768K
  class space    used 579K, capacity 630K, committed 640K, reserved 1048576K
}
{Heap before GC invocations=344 (full 25):
 PSYoungGen      total 155136K, used 129404K [0x00000007b5580000, 0x00000007c0000000, 0x00000007c0000000)
  eden space 135680K, 95% used [0x00000007b5580000,0x00000007bd3cec70,0x00000007bda00000)
  from space 19456K, 0% used [0x00000007bed00000,0x00000007bed10518,0x00000007c0000000)
  to   space 19456K, 0% used [0x00000007bda00000,0x00000007bda00000,0x00000007bed00000)
 ParOldGen       total 349696K, used 177825K [0x00000007a0000000, 0x00000007b5580000, 0x00000007b5580000)
  object space 349696K, 50% used [0x00000007a0000000,0x00000007aada8598,0x00000007b5580000)
 Metaspace       used 5448K, capacity 5616K, committed 5760K, reserved 1056768K
  class space    used 579K, capacity 630K, committed 640K, reserved 1048576K
2018-07-25T18:08:25.974-0800: 28.254: [GC (Allocation Failure) [PSYoungGen: 129404K->9797K(155136K)] 307229K->239755K(504832K), 0.0090456 secs] [Times: user=0.07 sys=0.01, real=0.01 secs] 
Heap after GC invocations=344 (full 25):
 PSYoungGen      total 155136K, used 9797K [0x00000007b5580000, 0x00000007c0000000, 0x00000007c0000000)
  eden space 135680K, 0% used [0x00000007b5580000,0x00000007b5580000,0x00000007bda00000)
  from space 19456K, 50% used [0x00000007bda00000,0x00000007be391698,0x00000007bed00000)
  to   space 19456K, 0% used [0x00000007bed00000,0x00000007bed00000,0x00000007c0000000)
 ParOldGen       total 349696K, used 229958K [0x00000007a0000000, 0x00000007b5580000, 0x00000007b5580000)
  object space 349696K, 65% used [0x00000007a0000000,0x00000007ae091848,0x00000007b5580000)
 Metaspace       used 5448K, capacity 5616K, committed 5760K, reserved 1056768K
  class space    used 579K, capacity 630K, committed 640K, reserved 1048576K
}
{Heap before GC invocations=345 (full 25):
 PSYoungGen      total 155136K, used 139235K [0x00000007b5580000, 0x00000007c0000000, 0x00000007c0000000)
  eden space 135680K, 95% used [0x00000007b5580000,0x00000007bd3e7720,0x00000007bda00000)
  from space 19456K, 50% used [0x00000007bda00000,0x00000007be391698,0x00000007bed00000)
  to   space 19456K, 0% used [0x00000007bed00000,0x00000007bed00000,0x00000007c0000000)
 ParOldGen       total 349696K, used 229958K [0x00000007a0000000, 0x00000007b5580000, 0x00000007b5580000)
  object space 349696K, 65% used [0x00000007a0000000,0x00000007ae091848,0x00000007b5580000)
 Metaspace       used 5451K, capacity 5616K, committed 5760K, reserved 1056768K
  class space    used 579K, capacity 630K, committed 640K, reserved 1048576K
2018-07-25T18:08:26.095-0800: 28.375: [GC (Allocation Failure) [PSYoungGen: 139235K->9863K(155136K)] 369193K->265863K(504832K), 0.0047235 secs] [Times: user=0.04 sys=0.00, real=0.01 secs] 
Heap after GC invocations=345 (full 25):
 PSYoungGen      total 155136K, used 9863K [0x00000007b5580000, 0x00000007c0000000, 0x00000007c0000000)
  eden space 135680K, 0% used [0x00000007b5580000,0x00000007b5580000,0x00000007bda00000)
  from space 19456K, 50% used [0x00000007bed00000,0x00000007bf6a1d08,0x00000007c0000000)
  to   space 19456K, 0% used [0x00000007bda00000,0x00000007bda00000,0x00000007bed00000)
 ParOldGen       total 349696K, used 255999K [0x00000007a0000000, 0x00000007b5580000, 0x00000007b5580000)
  object space 349696K, 73% used [0x00000007a0000000,0x00000007af9fff10,0x00000007b5580000)
 Metaspace       used 5451K, capacity 5616K, committed 5760K, reserved 1056768K
  class space    used 579K, capacity 630K, committed 640K, reserved 1048576K
}
{Heap before GC invocations=346 (full 25):
 PSYoungGen      total 155136K, used 116289K [0x00000007b5580000, 0x00000007c0000000, 0x00000007c0000000)
  eden space 135680K, 78% used [0x00000007b5580000,0x00000007bbd6ea48,0x00000007bda00000)
  from space 19456K, 50% used [0x00000007bed00000,0x00000007bf6a1d08,0x00000007c0000000)
  to   space 19456K, 0% used [0x00000007bda00000,0x00000007bda00000,0x00000007bed00000)
 ParOldGen       total 349696K, used 255999K [0x00000007a0000000, 0x00000007b5580000, 0x00000007b5580000)
  object space 349696K, 73% used [0x00000007a0000000,0x00000007af9fff10,0x00000007b5580000)
 Metaspace       used 5451K, capacity 5616K, committed 5760K, reserved 1056768K
  class space    used 579K, capacity 630K, committed 640K, reserved 1048576K
2018-07-25T18:08:26.117-0800: 28.397: [GC (Allocation Failure) [PSYoungGen: 116289K->0K(155136K)] 372289K->291856K(504832K), 0.0060606 secs] [Times: user=0.04 sys=0.00, real=0.01 secs] 
Heap after GC invocations=346 (full 25):
 PSYoungGen      total 155136K, used 0K [0x00000007b5580000, 0x00000007c0000000, 0x00000007c0000000)
  eden space 135680K, 0% used [0x00000007b5580000,0x00000007b5580000,0x00000007bda00000)
  from space 19456K, 0% used [0x00000007bda00000,0x00000007bda00000,0x00000007bed00000)
  to   space 19456K, 0% used [0x00000007bed00000,0x00000007bed00000,0x00000007c0000000)
 ParOldGen       total 349696K, used 291856K [0x00000007a0000000, 0x00000007b5580000, 0x00000007b5580000)
  object space 349696K, 83% used [0x00000007a0000000,0x00000007b1d04320,0x00000007b5580000)
 Metaspace       used 5451K, capacity 5616K, committed 5760K, reserved 1056768K
  class space    used 579K, capacity 630K, committed 640K, reserved 1048576K
}
{Heap before GC invocations=347 (full 26):
 PSYoungGen      total 155136K, used 0K [0x00000007b5580000, 0x00000007c0000000, 0x00000007c0000000)
  eden space 135680K, 0% used [0x00000007b5580000,0x00000007b5580000,0x00000007bda00000)
  from space 19456K, 0% used [0x00000007bda00000,0x00000007bda00000,0x00000007bed00000)
  to   space 19456K, 0% used [0x00000007bed00000,0x00000007bed00000,0x00000007c0000000)
 ParOldGen       total 349696K, used 291856K [0x00000007a0000000, 0x00000007b5580000, 0x00000007b5580000)
  object space 349696K, 83% used [0x00000007a0000000,0x00000007b1d04320,0x00000007b5580000)
 Metaspace       used 5451K, capacity 5616K, committed 5760K, reserved 1056768K
  class space    used 579K, capacity 630K, committed 640K, reserved 1048576K
2018-07-25T18:08:26.123-0800: 28.403: [Full GC (Ergonomics) [PSYoungGen: 0K->0K(155136K)] [ParOldGen: 291856K->47617K(349696K)] 291856K->47617K(504832K), [Metaspace: 5451K->5451K(1056768K)], 0.0086971 secs] [Times: user=0.04 sys=0.00, real=0.01 secs] 
Heap after GC invocations=347 (full 26):
 PSYoungGen      total 155136K, used 0K [0x00000007b5580000, 0x00000007c0000000, 0x00000007c0000000)
  eden space 135680K, 0% used [0x00000007b5580000,0x00000007b5580000,0x00000007bda00000)
  from space 19456K, 0% used [0x00000007bda00000,0x00000007bda00000,0x00000007bed00000)
  to   space 19456K, 0% used [0x00000007bed00000,0x00000007bed00000,0x00000007c0000000)
 ParOldGen       total 349696K, used 47617K [0x00000007a0000000, 0x00000007b5580000, 0x00000007b5580000)
  object space 349696K, 13% used [0x00000007a0000000,0x00000007a2e80730,0x00000007b5580000)
 Metaspace       used 5451K, capacity 5616K, committed 5760K, reserved 1056768K
  class space    used 579K, capacity 630K, committed 640K, reserved 1048576K
}
{Heap before GC invocations=348 (full 26):
 PSYoungGen      total 155136K, used 129237K [0x00000007b5580000, 0x00000007c0000000, 0x00000007c0000000)
  eden space 135680K, 95% used [0x00000007b5580000,0x00000007bd3b54e8,0x00000007bda00000)
  from space 19456K, 0% used [0x00000007bda00000,0x00000007bda00000,0x00000007bed00000)
  to   space 19456K, 0% used [0x00000007bed00000,0x00000007bed00000,0x00000007c0000000)
 ParOldGen       total 349696K, used 47617K [0x00000007a0000000, 0x00000007b5580000, 0x00000007b5580000)
  object space 349696K, 13% used [0x00000007a0000000,0x00000007a2e80730,0x00000007b5580000)
 Metaspace       used 5451K, capacity 5616K, committed 5760K, reserved 1056768K
  class space    used 579K, capacity 630K, committed 640K, reserved 1048576K
2018-07-25T18:08:26.263-0800: 28.544: [GC (Allocation Failure) [PSYoungGen: 129237K->9863K(155136K)] 176855K->109564K(504832K), 0.0099944 secs] [Times: user=0.06 sys=0.00, real=0.01 secs] 
Heap after GC invocations=348 (full 26):
 PSYoungGen      total 155136K, used 9863K [0x00000007b5580000, 0x00000007c0000000, 0x00000007c0000000)
  eden space 135680K, 0% used [0x00000007b5580000,0x00000007b5580000,0x00000007bda00000)
  from space 19456K, 50% used [0x00000007bed00000,0x00000007bf6a1e60,0x00000007c0000000)
  to   space 19456K, 0% used [0x00000007bda00000,0x00000007bda00000,0x00000007bed00000)
 ParOldGen       total 349696K, used 99701K [0x00000007a0000000, 0x00000007b5580000, 0x00000007b5580000)
  object space 349696K, 28% used [0x00000007a0000000,0x00000007a615d4e0,0x00000007b5580000)
 Metaspace       used 5451K, capacity 5616K, committed 5760K, reserved 1056768K
  class space    used 579K, capacity 630K, committed 640K, reserved 1048576K
}
{Heap before GC invocations=349 (full 26):
 PSYoungGen      total 155136K, used 142489K [0x00000007b5580000, 0x00000007c0000000, 0x00000007c0000000)
  eden space 135680K, 97% used [0x00000007b5580000,0x00000007bd704878,0x00000007bda00000)
  from space 19456K, 50% used [0x00000007bed00000,0x00000007bf6a1e60,0x00000007c0000000)
  to   space 19456K, 0% used [0x00000007bda00000,0x00000007bda00000,0x00000007bed00000)
 ParOldGen       total 349696K, used 99701K [0x00000007a0000000, 0x00000007b5580000, 0x00000007b5580000)
  object space 349696K, 28% used [0x00000007a0000000,0x00000007a615d4e0,0x00000007b5580000)
 Metaspace       used 5451K, capacity 5616K, committed 5760K, reserved 1056768K
  class space    used 579K, capacity 630K, committed 640K, reserved 1048576K
2018-07-25T18:08:26.391-0800: 28.671: [GC (Allocation Failure) [PSYoungGen: 142489K->98K(155136K)] 242190K->99799K(504832K), 0.0013576 secs] [Times: user=0.01 sys=0.00, real=0.00 secs] 
Heap after GC invocations=349 (full 26):
 PSYoungGen      total 155136K, used 98K [0x00000007b5580000, 0x00000007c0000000, 0x00000007c0000000)
  eden space 135680K, 0% used [0x00000007b5580000,0x00000007b5580000,0x00000007bda00000)
  from space 19456K, 0% used [0x00000007bda00000,0x00000007bda18920,0x00000007bed00000)
  to   space 19456K, 0% used [0x00000007bed00000,0x00000007bed00000,0x00000007c0000000)
 ParOldGen       total 349696K, used 99701K [0x00000007a0000000, 0x00000007b5580000, 0x00000007b5580000)
  object space 349696K, 28% used [0x00000007a0000000,0x00000007a615d4e0,0x00000007b5580000)
 Metaspace       used 5451K, capacity 5616K, committed 5760K, reserved 1056768K
  class space    used 579K, capacity 630K, committed 640K, reserved 1048576K
}
{Heap before GC invocations=350 (full 26):
 PSYoungGen      total 155136K, used 129556K [0x00000007b5580000, 0x00000007c0000000, 0x00000007c0000000)
  eden space 135680K, 95% used [0x00000007b5580000,0x00000007bd3ec980,0x00000007bda00000)
  from space 19456K, 0% used [0x00000007bda00000,0x00000007bda18920,0x00000007bed00000)
  to   space 19456K, 0% used [0x00000007bed00000,0x00000007bed00000,0x00000007c0000000)
 ParOldGen       total 349696K, used 99701K [0x00000007a0000000, 0x00000007b5580000, 0x00000007b5580000)
  object space 349696K, 28% used [0x00000007a0000000,0x00000007a615d4e0,0x00000007b5580000)
 Metaspace       used 5451K, capacity 5616K, committed 5760K, reserved 1056768K
  class space    used 579K, capacity 630K, committed 640K, reserved 1048576K
2018-07-25T18:08:26.437-0800: 28.718: [GC (Allocation Failure) [PSYoungGen: 129556K->9797K(155136K)] 229257K->161632K(504832K), 0.0131377 secs] [Times: user=0.08 sys=0.00, real=0.02 secs] 
Heap after GC invocations=350 (full 26):
 PSYoungGen      total 155136K, used 9797K [0x00000007b5580000, 0x00000007c0000000, 0x00000007c0000000)
  eden space 135680K, 0% used [0x00000007b5580000,0x00000007b5580000,0x00000007bda00000)
  from space 19456K, 50% used [0x00000007bed00000,0x00000007bf691698,0x00000007c0000000)
  to   space 19456K, 0% used [0x00000007bda00000,0x00000007bda00000,0x00000007bed00000)
 ParOldGen       total 349696K, used 151834K [0x00000007a0000000, 0x00000007b5580000, 0x00000007b5580000)
  object space 349696K, 43% used [0x00000007a0000000,0x00000007a9446b98,0x00000007b5580000)
 Metaspace       used 5451K, capacity 5616K, committed 5760K, reserved 1056768K
  class space    used 579K, capacity 630K, committed 640K, reserved 1048576K
}
{Heap before GC invocations=351 (full 26):
 PSYoungGen      total 155136K, used 139312K [0x00000007b5580000, 0x00000007c0000000, 0x00000007c0000000)
  eden space 135680K, 95% used [0x00000007b5580000,0x00000007bd3fa9e8,0x00000007bda00000)
  from space 19456K, 50% used [0x00000007bed00000,0x00000007bf691698,0x00000007c0000000)
  to   space 19456K, 0% used [0x00000007bda00000,0x00000007bda00000,0x00000007bed00000)
 ParOldGen       total 349696K, used 151834K [0x00000007a0000000, 0x00000007b5580000, 0x00000007b5580000)
  object space 349696K, 43% used [0x00000007a0000000,0x00000007a9446b98,0x00000007b5580000)
 Metaspace       used 5451K, capacity 5616K, committed 5760K, reserved 1056768K
  class space    used 579K, capacity 630K, committed 640K, reserved 1048576K
2018-07-25T18:08:26.584-0800: 28.865: [GC (Allocation Failure) [PSYoungGen: 139312K->9896K(155136K)] 291147K->187772K(504832K), 0.0065335 secs] [Times: user=0.04 sys=0.00, real=0.01 secs] 
Heap after GC invocations=351 (full 26):
 PSYoungGen      total 155136K, used 9896K [0x00000007b5580000, 0x00000007c0000000, 0x00000007c0000000)
  eden space 135680K, 0% used [0x00000007b5580000,0x00000007b5580000,0x00000007bda00000)
  from space 19456K, 50% used [0x00000007bda00000,0x00000007be3aa110,0x00000007bed00000)
  to   space 19456K, 0% used [0x00000007bed00000,0x00000007bed00000,0x00000007c0000000)
 ParOldGen       total 349696K, used 177876K [0x00000007a0000000, 0x00000007b5580000, 0x00000007b5580000)
  object space 349696K, 50% used [0x00000007a0000000,0x00000007aadb5260,0x00000007b5580000)
 Metaspace       used 5451K, capacity 5616K, committed 5760K, reserved 1056768K
  class space    used 579K, capacity 630K, committed 640K, reserved 1048576K
}
{Heap before GC invocations=352 (full 26):
 PSYoungGen      total 155136K, used 116372K [0x00000007b5580000, 0x00000007c0000000, 0x00000007c0000000)
  eden space 135680K, 78% used [0x00000007b5580000,0x00000007bbd7b028,0x00000007bda00000)
  from space 19456K, 50% used [0x00000007bda00000,0x00000007be3aa110,0x00000007bed00000)
  to   space 19456K, 0% used [0x00000007bed00000,0x00000007bed00000,0x00000007c0000000)
 ParOldGen       total 349696K, used 177876K [0x00000007a0000000, 0x00000007b5580000, 0x00000007b5580000)
  object space 349696K, 50% used [0x00000007a0000000,0x00000007aadb5260,0x00000007b5580000)
 Metaspace       used 5451K, capacity 5616K, committed 5760K, reserved 1056768K
  class space    used 579K, capacity 630K, committed 640K, reserved 1048576K
2018-07-25T18:08:26.626-0800: 28.907: [GC (Allocation Failure) [PSYoungGen: 116372K->0K(155136K)] 294248K->213734K(504832K), 0.0059379 secs] [Times: user=0.03 sys=0.00, real=0.01 secs] 
Heap after GC invocations=352 (full 26):
 PSYoungGen      total 155136K, used 0K [0x00000007b5580000, 0x00000007c0000000, 0x00000007c0000000)
  eden space 135680K, 0% used [0x00000007b5580000,0x00000007b5580000,0x00000007bda00000)
  from space 19456K, 0% used [0x00000007bed00000,0x00000007bed00000,0x00000007c0000000)
  to   space 19456K, 0% used [0x00000007bda00000,0x00000007bda00000,0x00000007bed00000)
 ParOldGen       total 349696K, used 213734K [0x00000007a0000000, 0x00000007b5580000, 0x00000007b5580000)
  object space 349696K, 61% used [0x00000007a0000000,0x00000007ad0b9a78,0x00000007b5580000)
 Metaspace       used 5451K, capacity 5616K, committed 5760K, reserved 1056768K
  class space    used 579K, capacity 630K, committed 640K, reserved 1048576K
}
{Heap before GC invocations=353 (full 26):
 PSYoungGen      total 155136K, used 129269K [0x00000007b5580000, 0x00000007c0000000, 0x00000007c0000000)
  eden space 135680K, 95% used [0x00000007b5580000,0x00000007bd3bd428,0x00000007bda00000)
  from space 19456K, 0% used [0x00000007bed00000,0x00000007bed00000,0x00000007c0000000)
  to   space 19456K, 0% used [0x00000007bda00000,0x00000007bda00000,0x00000007bed00000)
 ParOldGen       total 349696K, used 213734K [0x00000007a0000000, 0x00000007b5580000, 0x00000007b5580000)
  object space 349696K, 61% used [0x00000007a0000000,0x00000007ad0b9a78,0x00000007b5580000)
 Metaspace       used 5451K, capacity 5616K, committed 5760K, reserved 1056768K
  class space    used 579K, capacity 630K, committed 640K, reserved 1048576K
2018-07-25T18:08:26.773-0800: 29.054: [GC (Allocation Failure) [PSYoungGen: 129269K->9896K(155136K)] 343003K->275714K(504832K), 0.0141595 secs] [Times: user=0.09 sys=0.00, real=0.01 secs] 
Heap after GC invocations=353 (full 26):
 PSYoungGen      total 155136K, used 9896K [0x00000007b5580000, 0x00000007c0000000, 0x00000007c0000000)
  eden space 135680K, 0% used [0x00000007b5580000,0x00000007b5580000,0x00000007bda00000)
  from space 19456K, 50% used [0x00000007bda00000,0x00000007be3aa268,0x00000007bed00000)
  to   space 19456K, 0% used [0x00000007bed00000,0x00000007bed00000,0x00000007c0000000)
 ParOldGen       total 349696K, used 265818K [0x00000007a0000000, 0x00000007b5580000, 0x00000007b5580000)
  object space 349696K, 76% used [0x00000007a0000000,0x00000007b0396828,0x00000007b5580000)
 Metaspace       used 5451K, capacity 5616K, committed 5760K, reserved 1056768K
  class space    used 579K, capacity 630K, committed 640K, reserved 1048576K
}
{Heap before GC invocations=354 (full 26):
 PSYoungGen      total 155136K, used 142560K [0x00000007b5580000, 0x00000007c0000000, 0x00000007c0000000)
  eden space 135680K, 97% used [0x00000007b5580000,0x00000007bd70de50,0x00000007bda00000)
  from space 19456K, 50% used [0x00000007bda00000,0x00000007be3aa268,0x00000007bed00000)
  to   space 19456K, 0% used [0x00000007bed00000,0x00000007bed00000,0x00000007c0000000)
 ParOldGen       total 349696K, used 265818K [0x00000007a0000000, 0x00000007b5580000, 0x00000007b5580000)
  object space 349696K, 76% used [0x00000007a0000000,0x00000007b0396828,0x00000007b5580000)
 Metaspace       used 5451K, capacity 5616K, committed 5760K, reserved 1056768K
  class space    used 579K, capacity 630K, committed 640K, reserved 1048576K
2018-07-25T18:08:26.893-0800: 29.174: [GC (Allocation Failure) [PSYoungGen: 142560K->99K(155136K)] 408378K->265917K(504832K), 0.0015620 secs] [Times: user=0.01 sys=0.00, real=0.00 secs] 
Heap after GC invocations=354 (full 26):
 PSYoungGen      total 155136K, used 99K [0x00000007b5580000, 0x00000007c0000000, 0x00000007c0000000)
  eden space 135680K, 0% used [0x00000007b5580000,0x00000007b5580000,0x00000007bda00000)
  from space 19456K, 0% used [0x00000007bed00000,0x00000007bed18d28,0x00000007c0000000)
  to   space 19456K, 0% used [0x00000007bda00000,0x00000007bda00000,0x00000007bed00000)
 ParOldGen       total 349696K, used 265818K [0x00000007a0000000, 0x00000007b5580000, 0x00000007b5580000)
  object space 349696K, 76% used [0x00000007a0000000,0x00000007b0396828,0x00000007b5580000)
 Metaspace       used 5451K, capacity 5616K, committed 5760K, reserved 1056768K
  class space    used 579K, capacity 630K, committed 640K, reserved 1048576K
}
{Heap before GC invocations=355 (full 26):
 PSYoungGen      total 155136K, used 129581K [0x00000007b5580000, 0x00000007c0000000, 0x00000007c0000000)
  eden space 135680K, 95% used [0x00000007b5580000,0x00000007bd3f29f8,0x00000007bda00000)
  from space 19456K, 0% used [0x00000007bed00000,0x00000007bed18d28,0x00000007c0000000)
  to   space 19456K, 0% used [0x00000007bda00000,0x00000007bda00000,0x00000007bed00000)
 ParOldGen       total 349696K, used 265818K [0x00000007a0000000, 0x00000007b5580000, 0x00000007b5580000)
  object space 349696K, 76% used [0x00000007a0000000,0x00000007b0396828,0x00000007b5580000)
 Metaspace       used 5451K, capacity 5616K, committed 5760K, reserved 1056768K
  class space    used 579K, capacity 630K, committed 640K, reserved 1048576K
2018-07-25T18:08:26.926-0800: 29.206: [GC (Allocation Failure) [PSYoungGen: 129581K->9797K(155136K)] 395399K->327750K(504832K), 0.0086361 secs] [Times: user=0.06 sys=0.00, real=0.01 secs] 
Heap after GC invocations=355 (full 26):
 PSYoungGen      total 155136K, used 9797K [0x00000007b5580000, 0x00000007c0000000, 0x00000007c0000000)
  eden space 135680K, 0% used [0x00000007b5580000,0x00000007b5580000,0x00000007bda00000)
  from space 19456K, 50% used [0x00000007bda00000,0x00000007be391698,0x00000007bed00000)
  to   space 19456K, 0% used [0x00000007bed00000,0x00000007bed00000,0x00000007c0000000)
 ParOldGen       total 349696K, used 317952K [0x00000007a0000000, 0x00000007b5580000, 0x00000007b5580000)
  object space 349696K, 90% used [0x00000007a0000000,0x00000007b36802e8,0x00000007b5580000)
 Metaspace       used 5451K, capacity 5616K, committed 5760K, reserved 1056768K
  class space    used 579K, capacity 630K, committed 640K, reserved 1048576K
}
{Heap before GC invocations=356 (full 27):
 PSYoungGen      total 155136K, used 9797K [0x00000007b5580000, 0x00000007c0000000, 0x00000007c0000000)
  eden space 135680K, 0% used [0x00000007b5580000,0x00000007b5580000,0x00000007bda00000)
  from space 19456K, 50% used [0x00000007bda00000,0x00000007be391698,0x00000007bed00000)
  to   space 19456K, 0% used [0x00000007bed00000,0x00000007bed00000,0x00000007c0000000)
 ParOldGen       total 349696K, used 317952K [0x00000007a0000000, 0x00000007b5580000, 0x00000007b5580000)
  object space 349696K, 90% used [0x00000007a0000000,0x00000007b36802e8,0x00000007b5580000)
 Metaspace       used 5451K, capacity 5616K, committed 5760K, reserved 1056768K
  class space    used 579K, capacity 630K, committed 640K, reserved 1048576K
2018-07-25T18:08:26.935-0800: 29.215: [Full GC (Ergonomics) [PSYoungGen: 9797K->0K(155136K)] [ParOldGen: 317952K->73661K(349696K)] 327750K->73661K(504832K), [Metaspace: 5451K->5451K(1056768K)], 0.0115425 secs] [Times: user=0.06 sys=0.00, real=0.01 secs] 
Heap after GC invocations=356 (full 27):
 PSYoungGen      total 155136K, used 0K [0x00000007b5580000, 0x00000007c0000000, 0x00000007c0000000)
  eden space 135680K, 0% used [0x00000007b5580000,0x00000007b5580000,0x00000007bda00000)
  from space 19456K, 0% used [0x00000007bda00000,0x00000007bda00000,0x00000007bed00000)
  to   space 19456K, 0% used [0x00000007bed00000,0x00000007bed00000,0x00000007c0000000)
 ParOldGen       total 349696K, used 73661K [0x00000007a0000000, 0x00000007b5580000, 0x00000007b5580000)
  object space 349696K, 21% used [0x00000007a0000000,0x00000007a47ef490,0x00000007b5580000)
 Metaspace       used 5451K, capacity 5616K, committed 5760K, reserved 1056768K
  class space    used 579K, capacity 630K, committed 640K, reserved 1048576K
}
{Heap before GC invocations=357 (full 27):
 PSYoungGen      total 155136K, used 129530K [0x00000007b5580000, 0x00000007c0000000, 0x00000007c0000000)
  eden space 135680K, 95% used [0x00000007b5580000,0x00000007bd3fe808,0x00000007bda00000)
  from space 19456K, 0% used [0x00000007bda00000,0x00000007bda00000,0x00000007bed00000)
  to   space 19456K, 0% used [0x00000007bed00000,0x00000007bed00000,0x00000007c0000000)
 ParOldGen       total 349696K, used 73661K [0x00000007a0000000, 0x00000007b5580000, 0x00000007b5580000)
  object space 349696K, 21% used [0x00000007a0000000,0x00000007a47ef490,0x00000007b5580000)
 Metaspace       used 5451K, capacity 5616K, committed 5760K, reserved 1056768K
  class space    used 579K, capacity 630K, committed 640K, reserved 1048576K
2018-07-25T18:08:27.067-0800: 29.347: [GC (Allocation Failure) [PSYoungGen: 129530K->9865K(155136K)] 203191K->135609K(504832K), 0.0069035 secs] [Times: user=0.05 sys=0.00, real=0.01 secs] 
Heap after GC invocations=357 (full 27):
 PSYoungGen      total 155136K, used 9865K [0x00000007b5580000, 0x00000007c0000000, 0x00000007c0000000)
  eden space 135680K, 0% used [0x00000007b5580000,0x00000007b5580000,0x00000007bda00000)
  from space 19456K, 50% used [0x00000007bed00000,0x00000007bf6a2518,0x00000007c0000000)
  to   space 19456K, 0% used [0x00000007bda00000,0x00000007bda00000,0x00000007bed00000)
 ParOldGen       total 349696K, used 125744K [0x00000007a0000000, 0x00000007b5580000, 0x00000007b5580000)
  object space 349696K, 35% used [0x00000007a0000000,0x00000007a7acc260,0x00000007b5580000)
 Metaspace       used 5451K, capacity 5616K, committed 5760K, reserved 1056768K
  class space    used 579K, capacity 630K, committed 640K, reserved 1048576K
}
{Heap before GC invocations=358 (full 27):
 PSYoungGen      total 155136K, used 116351K [0x00000007b5580000, 0x00000007c0000000, 0x00000007c0000000)
  eden space 135680K, 78% used [0x00000007b5580000,0x00000007bbd7d838,0x00000007bda00000)
  from space 19456K, 50% used [0x00000007bed00000,0x00000007bf6a2518,0x00000007c0000000)
  to   space 19456K, 0% used [0x00000007bda00000,0x00000007bda00000,0x00000007bed00000)
 ParOldGen       total 349696K, used 125744K [0x00000007a0000000, 0x00000007b5580000, 0x00000007b5580000)
  object space 349696K, 35% used [0x00000007a0000000,0x00000007a7acc260,0x00000007b5580000)
 Metaspace       used 5451K, capacity 5616K, committed 5760K, reserved 1056768K
  class space    used 579K, capacity 630K, committed 640K, reserved 1048576K
2018-07-25T18:08:27.091-0800: 29.371: [GC (Allocation Failure) [PSYoungGen: 116351K->0K(155136K)] 242095K->161611K(504832K), 0.0047158 secs] [Times: user=0.03 sys=0.01, real=0.00 secs] 
Heap after GC invocations=358 (full 27):
 PSYoungGen      total 155136K, used 0K [0x00000007b5580000, 0x00000007c0000000, 0x00000007c0000000)
  eden space 135680K, 0% used [0x00000007b5580000,0x00000007b5580000,0x00000007bda00000)
  from space 19456K, 0% used [0x00000007bda00000,0x00000007bda00000,0x00000007bed00000)
  to   space 19456K, 0% used [0x00000007bed00000,0x00000007bed00000,0x00000007c0000000)
 ParOldGen       total 349696K, used 161611K [0x00000007a0000000, 0x00000007b5580000, 0x00000007b5580000)
  object space 349696K, 46% used [0x00000007a0000000,0x00000007a9dd2e80,0x00000007b5580000)
 Metaspace       used 5451K, capacity 5616K, committed 5760K, reserved 1056768K
  class space    used 579K, capacity 630K, committed 640K, reserved 1048576K
}
{Heap before GC invocations=359 (full 27):
 PSYoungGen      total 155136K, used 129275K [0x00000007b5580000, 0x00000007c0000000, 0x00000007c0000000)
  eden space 135680K, 95% used [0x00000007b5580000,0x00000007bd3bee08,0x00000007bda00000)
  from space 19456K, 0% used [0x00000007bda00000,0x00000007bda00000,0x00000007bed00000)
  to   space 19456K, 0% used [0x00000007bed00000,0x00000007bed00000,0x00000007c0000000)
 ParOldGen       total 349696K, used 161611K [0x00000007a0000000, 0x00000007b5580000, 0x00000007b5580000)
  object space 349696K, 46% used [0x00000007a0000000,0x00000007a9dd2e80,0x00000007b5580000)
 Metaspace       used 5451K, capacity 5616K, committed 5760K, reserved 1056768K
  class space    used 579K, capacity 630K, committed 640K, reserved 1048576K
2018-07-25T18:08:27.204-0800: 29.485: [GC (Allocation Failure) [PSYoungGen: 129275K->9865K(155136K)] 290887K->223560K(504832K), 0.0066508 secs] [Times: user=0.05 sys=0.00, real=0.01 secs] 
Heap after GC invocations=359 (full 27):
 PSYoungGen      total 155136K, used 9865K [0x00000007b5580000, 0x00000007c0000000, 0x00000007c0000000)
  eden space 135680K, 0% used [0x00000007b5580000,0x00000007b5580000,0x00000007bda00000)
  from space 19456K, 50% used [0x00000007bed00000,0x00000007bf6a2670,0x00000007c0000000)
  to   space 19456K, 0% used [0x00000007bda00000,0x00000007bda00000,0x00000007bed00000)
 ParOldGen       total 349696K, used 213695K [0x00000007a0000000, 0x00000007b5580000, 0x00000007b5580000)
  object space 349696K, 61% used [0x00000007a0000000,0x00000007ad0afc30,0x00000007b5580000)
 Metaspace       used 5451K, capacity 5616K, committed 5760K, reserved 1056768K
  class space    used 579K, capacity 630K, committed 640K, reserved 1048576K
}
{Heap before GC invocations=360 (full 27):
 PSYoungGen      total 155136K, used 142533K [0x00000007b5580000, 0x00000007c0000000, 0x00000007c0000000)
  eden space 135680K, 97% used [0x00000007b5580000,0x00000007bd70ef20,0x00000007bda00000)
  from space 19456K, 50% used [0x00000007bed00000,0x00000007bf6a2670,0x00000007c0000000)
  to   space 19456K, 0% used [0x00000007bda00000,0x00000007bda00000,0x00000007bed00000)
 ParOldGen       total 349696K, used 213695K [0x00000007a0000000, 0x00000007b5580000, 0x00000007b5580000)
  object space 349696K, 61% used [0x00000007a0000000,0x00000007ad0afc30,0x00000007b5580000)
 Metaspace       used 5451K, capacity 5616K, committed 5760K, reserved 1056768K
  class space    used 579K, capacity 630K, committed 640K, reserved 1048576K
2018-07-25T18:08:27.305-0800: 29.586: [GC (Allocation Failure) [PSYoungGen: 142533K->100K(155136K)] 356228K->213795K(504832K), 0.0014575 secs] [Times: user=0.01 sys=0.00, real=0.00 secs] 
Heap after GC invocations=360 (full 27):
 PSYoungGen      total 155136K, used 100K [0x00000007b5580000, 0x00000007c0000000, 0x00000007c0000000)
  eden space 135680K, 0% used [0x00000007b5580000,0x00000007b5580000,0x00000007bda00000)
  from space 19456K, 0% used [0x00000007bda00000,0x00000007bda19130,0x00000007bed00000)
  to   space 19456K, 0% used [0x00000007bed00000,0x00000007bed00000,0x00000007c0000000)
 ParOldGen       total 349696K, used 213695K [0x00000007a0000000, 0x00000007b5580000, 0x00000007b5580000)
  object space 349696K, 61% used [0x00000007a0000000,0x00000007ad0afc30,0x00000007b5580000)
 Metaspace       used 5451K, capacity 5616K, committed 5760K, reserved 1056768K
  class space    used 579K, capacity 630K, committed 640K, reserved 1048576K
}
{Heap before GC invocations=361 (full 27):
 PSYoungGen      total 155136K, used 129585K [0x00000007b5580000, 0x00000007c0000000, 0x00000007c0000000)
  eden space 135680K, 95% used [0x00000007b5580000,0x00000007bd3f34e8,0x00000007bda00000)
  from space 19456K, 0% used [0x00000007bda00000,0x00000007bda19130,0x00000007bed00000)
  to   space 19456K, 0% used [0x00000007bed00000,0x00000007bed00000,0x00000007c0000000)
 ParOldGen       total 349696K, used 213695K [0x00000007a0000000, 0x00000007b5580000, 0x00000007b5580000)
  object space 349696K, 61% used [0x00000007a0000000,0x00000007ad0afc30,0x00000007b5580000)
 Metaspace       used 5451K, capacity 5616K, committed 5760K, reserved 1056768K
  class space    used 579K, capacity 630K, committed 640K, reserved 1048576K
2018-07-25T18:08:27.340-0800: 29.620: [GC (Allocation Failure) [PSYoungGen: 129585K->9797K(155136K)] 343280K->275628K(504832K), 0.0114229 secs] [Times: user=0.09 sys=0.00, real=0.01 secs] 
Heap after GC invocations=361 (full 27):
 PSYoungGen      total 155136K, used 9797K [0x00000007b5580000, 0x00000007c0000000, 0x00000007c0000000)
  eden space 135680K, 0% used [0x00000007b5580000,0x00000007b5580000,0x00000007bda00000)
  from space 19456K, 50% used [0x00000007bed00000,0x00000007bf691698,0x00000007c0000000)
  to   space 19456K, 0% used [0x00000007bda00000,0x00000007bda00000,0x00000007bed00000)
 ParOldGen       total 349696K, used 265830K [0x00000007a0000000, 0x00000007b5580000, 0x00000007b5580000)
  object space 349696K, 76% used [0x00000007a0000000,0x00000007b0399af8,0x00000007b5580000)
 Metaspace       used 5451K, capacity 5616K, committed 5760K, reserved 1056768K
  class space    used 579K, capacity 630K, committed 640K, reserved 1048576K
}
{Heap before GC invocations=362 (full 27):
 PSYoungGen      total 155136K, used 139329K [0x00000007b5580000, 0x00000007c0000000, 0x00000007c0000000)
  eden space 135680K, 95% used [0x00000007b5580000,0x00000007bd3fef30,0x00000007bda00000)
  from space 19456K, 50% used [0x00000007bed00000,0x00000007bf691698,0x00000007c0000000)
  to   space 19456K, 0% used [0x00000007bda00000,0x00000007bda00000,0x00000007bed00000)
 ParOldGen       total 349696K, used 265830K [0x00000007a0000000, 0x00000007b5580000, 0x00000007b5580000)
  object space 349696K, 76% used [0x00000007a0000000,0x00000007b0399af8,0x00000007b5580000)
 Metaspace       used 5451K, capacity 5616K, committed 5760K, reserved 1056768K
  class space    used 579K, capacity 630K, committed 640K, reserved 1048576K
2018-07-25T18:08:27.463-0800: 29.744: [GC (Allocation Failure) [PSYoungGen: 139329K->9898K(155136K)] 405160K->301770K(504832K), 0.0075667 secs] [Times: user=0.05 sys=0.00, real=0.01 secs] 
Heap after GC invocations=362 (full 27):
 PSYoungGen      total 155136K, used 9898K [0x00000007b5580000, 0x00000007c0000000, 0x00000007c0000000)
  eden space 135680K, 0% used [0x00000007b5580000,0x00000007b5580000,0x00000007bda00000)
  from space 19456K, 50% used [0x00000007bda00000,0x00000007be3aa920,0x00000007bed00000)
  to   space 19456K, 0% used [0x00000007bed00000,0x00000007bed00000,0x00000007c0000000)
 ParOldGen       total 349696K, used 291872K [0x00000007a0000000, 0x00000007b5580000, 0x00000007b5580000)
  object space 349696K, 83% used [0x00000007a0000000,0x00000007b1d081c0,0x00000007b5580000)
 Metaspace       used 5451K, capacity 5616K, committed 5760K, reserved 1056768K
  class space    used 579K, capacity 630K, committed 640K, reserved 1048576K
}
{Heap before GC invocations=363 (full 28):
 PSYoungGen      total 155136K, used 9898K [0x00000007b5580000, 0x00000007c0000000, 0x00000007c0000000)
  eden space 135680K, 0% used [0x00000007b5580000,0x00000007b5580000,0x00000007bda00000)
  from space 19456K, 50% used [0x00000007bda00000,0x00000007be3aa920,0x00000007bed00000)
  to   space 19456K, 0% used [0x00000007bed00000,0x00000007bed00000,0x00000007c0000000)
 ParOldGen       total 349696K, used 291872K [0x00000007a0000000, 0x00000007b5580000, 0x00000007b5580000)
  object space 349696K, 83% used [0x00000007a0000000,0x00000007b1d081c0,0x00000007b5580000)
 Metaspace       used 5451K, capacity 5616K, committed 5760K, reserved 1056768K
  class space    used 579K, capacity 630K, committed 640K, reserved 1048576K
2018-07-25T18:08:27.471-0800: 29.752: [Full GC (Ergonomics) [PSYoungGen: 9898K->0K(155136K)] [ParOldGen: 291872K->47620K(349696K)] 301770K->47620K(504832K), [Metaspace: 5451K->5451K(1056768K)], 0.0125974 secs] [Times: user=0.05 sys=0.00, real=0.01 secs] 
Heap after GC invocations=363 (full 28):
 PSYoungGen      total 155136K, used 0K [0x00000007b5580000, 0x00000007c0000000, 0x00000007c0000000)
  eden space 135680K, 0% used [0x00000007b5580000,0x00000007b5580000,0x00000007bda00000)
  from space 19456K, 0% used [0x00000007bda00000,0x00000007bda00000,0x00000007bed00000)
  to   space 19456K, 0% used [0x00000007bed00000,0x00000007bed00000,0x00000007c0000000)
 ParOldGen       total 349696K, used 47620K [0x00000007a0000000, 0x00000007b5580000, 0x00000007b5580000)
  object space 349696K, 13% used [0x00000007a0000000,0x00000007a2e81368,0x00000007b5580000)
 Metaspace       used 5451K, capacity 5616K, committed 5760K, reserved 1056768K
  class space    used 579K, capacity 630K, committed 640K, reserved 1048576K
}
{Heap before GC invocations=364 (full 28):
 PSYoungGen      total 155136K, used 106487K [0x00000007b5580000, 0x00000007c0000000, 0x00000007c0000000)
  eden space 135680K, 78% used [0x00000007b5580000,0x00000007bbd7dcd8,0x00000007bda00000)
  from space 19456K, 0% used [0x00000007bda00000,0x00000007bda00000,0x00000007bed00000)
  to   space 19456K, 0% used [0x00000007bed00000,0x00000007bed00000,0x00000007c0000000)
 ParOldGen       total 349696K, used 47620K [0x00000007a0000000, 0x00000007b5580000, 0x00000007b5580000)
  object space 349696K, 13% used [0x00000007a0000000,0x00000007a2e81368,0x00000007b5580000)
 Metaspace       used 5451K, capacity 5616K, committed 5760K, reserved 1056768K
  class space    used 579K, capacity 630K, committed 640K, reserved 1048576K
2018-07-25T18:08:27.499-0800: 29.780: [GC (Allocation Failure) [PSYoungGen: 106487K->0K(155136K)] 154108K->125746K(504832K), 0.0102007 secs] [Times: user=0.07 sys=0.00, real=0.02 secs] 
Heap after GC invocations=364 (full 28):
 PSYoungGen      total 155136K, used 0K [0x00000007b5580000, 0x00000007c0000000, 0x00000007c0000000)
  eden space 135680K, 0% used [0x00000007b5580000,0x00000007b5580000,0x00000007bda00000)
  from space 19456K, 0% used [0x00000007bed00000,0x00000007bed00000,0x00000007c0000000)
  to   space 19456K, 0% used [0x00000007bda00000,0x00000007bda00000,0x00000007bed00000)
 ParOldGen       total 349696K, used 125746K [0x00000007a0000000, 0x00000007b5580000, 0x00000007b5580000)
  object space 349696K, 35% used [0x00000007a0000000,0x00000007a7acc808,0x00000007b5580000)
 Metaspace       used 5451K, capacity 5616K, committed 5760K, reserved 1056768K
  class space    used 579K, capacity 630K, committed 640K, reserved 1048576K
}
{Heap before GC invocations=365 (full 28):
 PSYoungGen      total 155136K, used 128926K [0x00000007b5580000, 0x00000007c0000000, 0x00000007c0000000)
  eden space 135680K, 95% used [0x00000007b5580000,0x00000007bd3678c0,0x00000007bda00000)
  from space 19456K, 0% used [0x00000007bed00000,0x00000007bed00000,0x00000007c0000000)
  to   space 19456K, 0% used [0x00000007bda00000,0x00000007bda00000,0x00000007bed00000)
 ParOldGen       total 349696K, used 125746K [0x00000007a0000000, 0x00000007b5580000, 0x00000007b5580000)
  object space 349696K, 35% used [0x00000007a0000000,0x00000007a7acc808,0x00000007b5580000)
 Metaspace       used 5451K, capacity 5616K, committed 5760K, reserved 1056768K
  class space    used 579K, capacity 630K, committed 640K, reserved 1048576K
2018-07-25T18:08:27.638-0800: 29.918: [GC (Allocation Failure) [PSYoungGen: 128926K->9866K(155136K)] 254672K->187696K(504832K), 0.0061647 secs] [Times: user=0.04 sys=0.00, real=0.01 secs] 
Heap after GC invocations=365 (full 28):
 PSYoungGen      total 155136K, used 9866K [0x00000007b5580000, 0x00000007c0000000, 0x00000007c0000000)
  eden space 135680K, 0% used [0x00000007b5580000,0x00000007b5580000,0x00000007bda00000)
  from space 19456K, 50% used [0x00000007bda00000,0x00000007be3a2a78,0x00000007bed00000)
  to   space 19456K, 0% used [0x00000007bed00000,0x00000007bed00000,0x00000007c0000000)
 ParOldGen       total 349696K, used 177829K [0x00000007a0000000, 0x00000007b5580000, 0x00000007b5580000)
  object space 349696K, 50% used [0x00000007a0000000,0x00000007aada95b8,0x00000007b5580000)
 Metaspace       used 5451K, capacity 5616K, committed 5760K, reserved 1056768K
  class space    used 579K, capacity 630K, committed 640K, reserved 1048576K
}
{Heap before GC invocations=366 (full 28):
 PSYoungGen      total 155136K, used 142307K [0x00000007b5580000, 0x00000007c0000000, 0x00000007c0000000)
  eden space 135680K, 97% used [0x00000007b5580000,0x00000007bd6d62e8,0x00000007bda00000)
  from space 19456K, 50% used [0x00000007bda00000,0x00000007be3a2a78,0x00000007bed00000)
  to   space 19456K, 0% used [0x00000007bed00000,0x00000007bed00000,0x00000007c0000000)
 ParOldGen       total 349696K, used 177829K [0x00000007a0000000, 0x00000007b5580000, 0x00000007b5580000)
  object space 349696K, 50% used [0x00000007a0000000,0x00000007aada95b8,0x00000007b5580000)
 Metaspace       used 5451K, capacity 5616K, committed 5760K, reserved 1056768K
  class space    used 579K, capacity 630K, committed 640K, reserved 1048576K
2018-07-25T18:08:27.743-0800: 30.023: [GC (Allocation Failure) [PSYoungGen: 142307K->101K(155136K)] 320136K->177930K(504832K), 0.0018533 secs] [Times: user=0.01 sys=0.00, real=0.00 secs] 
Heap after GC invocations=366 (full 28):
 PSYoungGen      total 155136K, used 101K [0x00000007b5580000, 0x00000007c0000000, 0x00000007c0000000)
  eden space 135680K, 0% used [0x00000007b5580000,0x00000007b5580000,0x00000007bda00000)
  from space 19456K, 0% used [0x00000007bed00000,0x00000007bed19538,0x00000007c0000000)
  to   space 19456K, 0% used [0x00000007bda00000,0x00000007bda00000,0x00000007bed00000)
 ParOldGen       total 349696K, used 177829K [0x00000007a0000000, 0x00000007b5580000, 0x00000007b5580000)
  object space 349696K, 50% used [0x00000007a0000000,0x00000007aada95b8,0x00000007b5580000)
 Metaspace       used 5451K, capacity 5616K, committed 5760K, reserved 1056768K
  class space    used 579K, capacity 630K, committed 640K, reserved 1048576K
}
{Heap before GC invocations=367 (full 28):
 PSYoungGen      total 155136K, used 129440K [0x00000007b5580000, 0x00000007c0000000, 0x00000007c0000000)
  eden space 135680K, 95% used [0x00000007b5580000,0x00000007bd3ced10,0x00000007bda00000)
  from space 19456K, 0% used [0x00000007bed00000,0x00000007bed19538,0x00000007c0000000)
  to   space 19456K, 0% used [0x00000007bda00000,0x00000007bda00000,0x00000007bed00000)
 ParOldGen       total 349696K, used 177829K [0x00000007a0000000, 0x00000007b5580000, 0x00000007b5580000)
  object space 349696K, 50% used [0x00000007a0000000,0x00000007aada95b8,0x00000007b5580000)
 Metaspace       used 5451K, capacity 5616K, committed 5760K, reserved 1056768K
  class space    used 579K, capacity 630K, committed 640K, reserved 1048576K
2018-07-25T18:08:27.784-0800: 30.065: [GC (Allocation Failure) [PSYoungGen: 129440K->9797K(155136K)] 307270K->239763K(504832K), 0.0086192 secs] [Times: user=0.05 sys=0.01, real=0.01 secs] 
Heap after GC invocations=367 (full 28):
 PSYoungGen      total 155136K, used 9797K [0x00000007b5580000, 0x00000007c0000000, 0x00000007c0000000)
  eden space 135680K, 0% used [0x00000007b5580000,0x00000007b5580000,0x00000007bda00000)
  from space 19456K, 50% used [0x00000007bda00000,0x00000007be391698,0x00000007bed00000)
  to   space 19456K, 0% used [0x00000007bed00000,0x00000007bed00000,0x00000007c0000000)
 ParOldGen       total 349696K, used 229966K [0x00000007a0000000, 0x00000007b5580000, 0x00000007b5580000)
  object space 349696K, 65% used [0x00000007a0000000,0x00000007ae093888,0x00000007b5580000)
 Metaspace       used 5451K, capacity 5616K, committed 5760K, reserved 1056768K
  class space    used 579K, capacity 630K, committed 640K, reserved 1048576K
}
{Heap before GC invocations=368 (full 28):
 PSYoungGen      total 155136K, used 139235K [0x00000007b5580000, 0x00000007c0000000, 0x00000007c0000000)
  eden space 135680K, 95% used [0x00000007b5580000,0x00000007bd3e7808,0x00000007bda00000)
  from space 19456K, 50% used [0x00000007bda00000,0x00000007be391698,0x00000007bed00000)
  to   space 19456K, 0% used [0x00000007bed00000,0x00000007bed00000,0x00000007c0000000)
 ParOldGen       total 349696K, used 229966K [0x00000007a0000000, 0x00000007b5580000, 0x00000007b5580000)
  object space 349696K, 65% used [0x00000007a0000000,0x00000007ae093888,0x00000007b5580000)
 Metaspace       used 5451K, capacity 5616K, committed 5760K, reserved 1056768K
  class space    used 579K, capacity 630K, committed 640K, reserved 1048576K
2018-07-25T18:08:27.925-0800: 30.206: [GC (Allocation Failure) [PSYoungGen: 139235K->9899K(155136K)] 369201K->265907K(504832K), 0.0043377 secs] [Times: user=0.03 sys=0.00, real=0.01 secs] 
Heap after GC invocations=368 (full 28):
 PSYoungGen      total 155136K, used 9899K [0x00000007b5580000, 0x00000007c0000000, 0x00000007c0000000)
  eden space 135680K, 0% used [0x00000007b5580000,0x00000007b5580000,0x00000007bda00000)
  from space 19456K, 50% used [0x00000007bed00000,0x00000007bf6aad28,0x00000007c0000000)
  to   space 19456K, 0% used [0x00000007bda00000,0x00000007bda00000,0x00000007bed00000)
 ParOldGen       total 349696K, used 256007K [0x00000007a0000000, 0x00000007b5580000, 0x00000007b5580000)
  object space 349696K, 73% used [0x00000007a0000000,0x00000007afa01f50,0x00000007b5580000)
 Metaspace       used 5451K, capacity 5616K, committed 5760K, reserved 1056768K
  class space    used 579K, capacity 630K, committed 640K, reserved 1048576K
}
{Heap before GC invocations=369 (full 28):
 PSYoungGen      total 155136K, used 116326K [0x00000007b5580000, 0x00000007c0000000, 0x00000007c0000000)
  eden space 135680K, 78% used [0x00000007b5580000,0x00000007bbd6ead8,0x00000007bda00000)
  from space 19456K, 50% used [0x00000007bed00000,0x00000007bf6aad28,0x00000007c0000000)
  to   space 19456K, 0% used [0x00000007bda00000,0x00000007bda00000,0x00000007bed00000)
 ParOldGen       total 349696K, used 256007K [0x00000007a0000000, 0x00000007b5580000, 0x00000007b5580000)
  object space 349696K, 73% used [0x00000007a0000000,0x00000007afa01f50,0x00000007b5580000)
 Metaspace       used 5451K, capacity 5616K, committed 5760K, reserved 1056768K
  class space    used 579K, capacity 630K, committed 640K, reserved 1048576K
2018-07-25T18:08:27.943-0800: 30.223: [GC (Allocation Failure) [PSYoungGen: 116326K->0K(155136K)] 372333K->291876K(504832K), 0.0058939 secs] [Times: user=0.04 sys=0.00, real=0.00 secs] 
Heap after GC invocations=369 (full 28):
 PSYoungGen      total 155136K, used 0K [0x00000007b5580000, 0x00000007c0000000, 0x00000007c0000000)
  eden space 135680K, 0% used [0x00000007b5580000,0x00000007b5580000,0x00000007bda00000)
  from space 19456K, 0% used [0x00000007bda00000,0x00000007bda00000,0x00000007bed00000)
  to   space 19456K, 0% used [0x00000007bed00000,0x00000007bed00000,0x00000007c0000000)
 ParOldGen       total 349696K, used 291876K [0x00000007a0000000, 0x00000007b5580000, 0x00000007b5580000)
  object space 349696K, 83% used [0x00000007a0000000,0x00000007b1d09380,0x00000007b5580000)
 Metaspace       used 5451K, capacity 5616K, committed 5760K, reserved 1056768K
  class space    used 579K, capacity 630K, committed 640K, reserved 1048576K
}
{Heap before GC invocations=370 (full 29):
 PSYoungGen      total 155136K, used 0K [0x00000007b5580000, 0x00000007c0000000, 0x00000007c0000000)
  eden space 135680K, 0% used [0x00000007b5580000,0x00000007b5580000,0x00000007bda00000)
  from space 19456K, 0% used [0x00000007bda00000,0x00000007bda00000,0x00000007bed00000)
  to   space 19456K, 0% used [0x00000007bed00000,0x00000007bed00000,0x00000007c0000000)
 ParOldGen       total 349696K, used 291876K [0x00000007a0000000, 0x00000007b5580000, 0x00000007b5580000)
  object space 349696K, 83% used [0x00000007a0000000,0x00000007b1d09380,0x00000007b5580000)
 Metaspace       used 5451K, capacity 5616K, committed 5760K, reserved 1056768K
  class space    used 579K, capacity 630K, committed 640K, reserved 1048576K
2018-07-25T18:08:27.949-0800: 30.229: [Full GC (Ergonomics) [PSYoungGen: 0K->0K(155136K)] [ParOldGen: 291876K->47621K(349696K)] 291876K->47621K(504832K), [Metaspace: 5451K->5451K(1056768K)], 0.0086480 secs] [Times: user=0.04 sys=0.00, real=0.01 secs] 
Heap after GC invocations=370 (full 29):
 PSYoungGen      total 155136K, used 0K [0x00000007b5580000, 0x00000007c0000000, 0x00000007c0000000)
  eden space 135680K, 0% used [0x00000007b5580000,0x00000007b5580000,0x00000007bda00000)
  from space 19456K, 0% used [0x00000007bda00000,0x00000007bda00000,0x00000007bed00000)
  to   space 19456K, 0% used [0x00000007bed00000,0x00000007bed00000,0x00000007c0000000)
 ParOldGen       total 349696K, used 47621K [0x00000007a0000000, 0x00000007b5580000, 0x00000007b5580000)
  object space 349696K, 13% used [0x00000007a0000000,0x00000007a2e81750,0x00000007b5580000)
 Metaspace       used 5451K, capacity 5616K, committed 5760K, reserved 1056768K
  class space    used 579K, capacity 630K, committed 640K, reserved 1048576K
}
{Heap before GC invocations=371 (full 29):
 PSYoungGen      total 155136K, used 129237K [0x00000007b5580000, 0x00000007c0000000, 0x00000007c0000000)
  eden space 135680K, 95% used [0x00000007b5580000,0x00000007bd3b55d8,0x00000007bda00000)
  from space 19456K, 0% used [0x00000007bda00000,0x00000007bda00000,0x00000007bed00000)
  to   space 19456K, 0% used [0x00000007bed00000,0x00000007bed00000,0x00000007c0000000)
 ParOldGen       total 349696K, used 47621K [0x00000007a0000000, 0x00000007b5580000, 0x00000007b5580000)
  object space 349696K, 13% used [0x00000007a0000000,0x00000007a2e81750,0x00000007b5580000)
 Metaspace       used 5451K, capacity 5616K, committed 5760K, reserved 1056768K
  class space    used 579K, capacity 630K, committed 640K, reserved 1048576K
2018-07-25T18:08:28.074-0800: 30.355: [GC (Allocation Failure) [PSYoungGen: 129237K->9931K(155136K)] 176859K->109636K(504832K), 0.0057543 secs] [Times: user=0.04 sys=0.00, real=0.01 secs] 
Heap after GC invocations=371 (full 29):
 PSYoungGen      total 155136K, used 9931K [0x00000007b5580000, 0x00000007c0000000, 0x00000007c0000000)
  eden space 135680K, 0% used [0x00000007b5580000,0x00000007b5580000,0x00000007bda00000)
  from space 19456K, 51% used [0x00000007bed00000,0x00000007bf6b2e80,0x00000007c0000000)
  to   space 19456K, 0% used [0x00000007bda00000,0x00000007bda00000,0x00000007bed00000)
 ParOldGen       total 349696K, used 99705K [0x00000007a0000000, 0x00000007b5580000, 0x00000007b5580000)
  object space 349696K, 28% used [0x00000007a0000000,0x00000007a615e500,0x00000007b5580000)
 Metaspace       used 5451K, capacity 5616K, committed 5760K, reserved 1056768K
  class space    used 579K, capacity 630K, committed 640K, reserved 1048576K
}
{Heap before GC invocations=372 (full 29):
 PSYoungGen      total 155136K, used 142557K [0x00000007b5580000, 0x00000007c0000000, 0x00000007c0000000)
  eden space 135680K, 97% used [0x00000007b5580000,0x00000007bd704910,0x00000007bda00000)
  from space 19456K, 51% used [0x00000007bed00000,0x00000007bf6b2e80,0x00000007c0000000)
  to   space 19456K, 0% used [0x00000007bda00000,0x00000007bda00000,0x00000007bed00000)
 ParOldGen       total 349696K, used 99705K [0x00000007a0000000, 0x00000007b5580000, 0x00000007b5580000)
  object space 349696K, 28% used [0x00000007a0000000,0x00000007a615e500,0x00000007b5580000)
 Metaspace       used 5451K, capacity 5616K, committed 5760K, reserved 1056768K
  class space    used 579K, capacity 630K, committed 640K, reserved 1048576K
2018-07-25T18:08:28.174-0800: 30.454: [GC (Allocation Failure) [PSYoungGen: 142557K->166K(155136K)] 242263K->99871K(504832K), 0.0011080 secs] [Times: user=0.00 sys=0.00, real=0.00 secs] 
Heap after GC invocations=372 (full 29):
 PSYoungGen      total 155136K, used 166K [0x00000007b5580000, 0x00000007c0000000, 0x00000007c0000000)
  eden space 135680K, 0% used [0x00000007b5580000,0x00000007b5580000,0x00000007bda00000)
  from space 19456K, 0% used [0x00000007bda00000,0x00000007bda29940,0x00000007bed00000)
  to   space 19456K, 0% used [0x00000007bed00000,0x00000007bed00000,0x00000007c0000000)
 ParOldGen       total 349696K, used 99705K [0x00000007a0000000, 0x00000007b5580000, 0x00000007b5580000)
  object space 349696K, 28% used [0x00000007a0000000,0x00000007a615e500,0x00000007b5580000)
 Metaspace       used 5451K, capacity 5616K, committed 5760K, reserved 1056768K
  class space    used 579K, capacity 630K, committed 640K, reserved 1048576K
}
{Heap before GC invocations=373 (full 29):
 PSYoungGen      total 155136K, used 129624K [0x00000007b5580000, 0x00000007c0000000, 0x00000007c0000000)
  eden space 135680K, 95% used [0x00000007b5580000,0x00000007bd3eca58,0x00000007bda00000)
  from space 19456K, 0% used [0x00000007bda00000,0x00000007bda29940,0x00000007bed00000)
  to   space 19456K, 0% used [0x00000007bed00000,0x00000007bed00000,0x00000007c0000000)
 ParOldGen       total 349696K, used 99705K [0x00000007a0000000, 0x00000007b5580000, 0x00000007b5580000)
  object space 349696K, 28% used [0x00000007a0000000,0x00000007a615e500,0x00000007b5580000)
 Metaspace       used 5451K, capacity 5616K, committed 5760K, reserved 1056768K
  class space    used 579K, capacity 630K, committed 640K, reserved 1048576K
2018-07-25T18:08:28.204-0800: 30.485: [GC (Allocation Failure) [PSYoungGen: 129624K->9797K(155136K)] 229330K->161656K(504832K), 0.0067910 secs] [Times: user=0.05 sys=0.00, real=0.01 secs] 
Heap after GC invocations=373 (full 29):
 PSYoungGen      total 155136K, used 9797K [0x00000007b5580000, 0x00000007c0000000, 0x00000007c0000000)
  eden space 135680K, 0% used [0x00000007b5580000,0x00000007b5580000,0x00000007bda00000)
  from space 19456K, 50% used [0x00000007bed00000,0x00000007bf691698,0x00000007c0000000)
  to   space 19456K, 0% used [0x00000007bda00000,0x00000007bda00000,0x00000007bed00000)
 ParOldGen       total 349696K, used 151858K [0x00000007a0000000, 0x00000007b5580000, 0x00000007b5580000)
  object space 349696K, 43% used [0x00000007a0000000,0x00000007a944cbd8,0x00000007b5580000)
 Metaspace       used 5451K, capacity 5616K, committed 5760K, reserved 1056768K
  class space    used 579K, capacity 630K, committed 640K, reserved 1048576K
}
{Heap before GC invocations=374 (full 29):
 PSYoungGen      total 155136K, used 139312K [0x00000007b5580000, 0x00000007c0000000, 0x00000007c0000000)
  eden space 135680K, 95% used [0x00000007b5580000,0x00000007bd3faaf0,0x00000007bda00000)
  from space 19456K, 50% used [0x00000007bed00000,0x00000007bf691698,0x00000007c0000000)
  to   space 19456K, 0% used [0x00000007bda00000,0x00000007bda00000,0x00000007bed00000)
 ParOldGen       total 349696K, used 151858K [0x00000007a0000000, 0x00000007b5580000, 0x00000007b5580000)
  object space 349696K, 43% used [0x00000007a0000000,0x00000007a944cbd8,0x00000007b5580000)
 Metaspace       used 5451K, capacity 5616K, committed 5760K, reserved 1056768K
  class space    used 579K, capacity 630K, committed 640K, reserved 1048576K
2018-07-25T18:08:28.324-0800: 30.604: [GC (Allocation Failure) [PSYoungGen: 139312K->9900K(155136K)] 291171K->187800K(504832K), 0.0046932 secs] [Times: user=0.03 sys=0.00, real=0.00 secs] 
Heap after GC invocations=374 (full 29):
 PSYoungGen      total 155136K, used 9900K [0x00000007b5580000, 0x00000007c0000000, 0x00000007c0000000)
  eden space 135680K, 0% used [0x00000007b5580000,0x00000007b5580000,0x00000007bda00000)
  from space 19456K, 50% used [0x00000007bda00000,0x00000007be3ab130,0x00000007bed00000)
  to   space 19456K, 0% used [0x00000007bed00000,0x00000007bed00000,0x00000007c0000000)
 ParOldGen       total 349696K, used 177900K [0x00000007a0000000, 0x00000007b5580000, 0x00000007b5580000)
  object space 349696K, 50% used [0x00000007a0000000,0x00000007aadbb2a0,0x00000007b5580000)
 Metaspace       used 5451K, capacity 5616K, committed 5760K, reserved 1056768K
  class space    used 579K, capacity 630K, committed 640K, reserved 1048576K
}
{Heap before GC invocations=375 (full 29):
 PSYoungGen      total 155136K, used 116376K [0x00000007b5580000, 0x00000007c0000000, 0x00000007c0000000)
  eden space 135680K, 78% used [0x00000007b5580000,0x00000007bbd7b0d0,0x00000007bda00000)
  from space 19456K, 50% used [0x00000007bda00000,0x00000007be3ab130,0x00000007bed00000)
  to   space 19456K, 0% used [0x00000007bed00000,0x00000007bed00000,0x00000007c0000000)
 ParOldGen       total 349696K, used 177900K [0x00000007a0000000, 0x00000007b5580000, 0x00000007b5580000)
  object space 349696K, 50% used [0x00000007a0000000,0x00000007aadbb2a0,0x00000007b5580000)
 Metaspace       used 5451K, capacity 5616K, committed 5760K, reserved 1056768K
  class space    used 579K, capacity 630K, committed 640K, reserved 1048576K
2018-07-25T18:08:28.347-0800: 30.627: [GC (Allocation Failure) [PSYoungGen: 116376K->0K(155136K)] 294277K->213762K(504832K), 0.0049540 secs] [Times: user=0.04 sys=0.00, real=0.01 secs] 
Heap after GC invocations=375 (full 29):
 PSYoungGen      total 155136K, used 0K [0x00000007b5580000, 0x00000007c0000000, 0x00000007c0000000)
  eden space 135680K, 0% used [0x00000007b5580000,0x00000007b5580000,0x00000007bda00000)
  from space 19456K, 0% used [0x00000007bed00000,0x00000007bed00000,0x00000007c0000000)
  to   space 19456K, 0% used [0x00000007bda00000,0x00000007bda00000,0x00000007bed00000)
 ParOldGen       total 349696K, used 213762K [0x00000007a0000000, 0x00000007b5580000, 0x00000007b5580000)
  object space 349696K, 61% used [0x00000007a0000000,0x00000007ad0c0ad8,0x00000007b5580000)
 Metaspace       used 5451K, capacity 5616K, committed 5760K, reserved 1056768K
  class space    used 579K, capacity 630K, committed 640K, reserved 1048576K
}
{Heap before GC invocations=376 (full 29):
 PSYoungGen      total 155136K, used 129269K [0x00000007b5580000, 0x00000007c0000000, 0x00000007c0000000)
  eden space 135680K, 95% used [0x00000007b5580000,0x00000007bd3bd520,0x00000007bda00000)
  from space 19456K, 0% used [0x00000007bed00000,0x00000007bed00000,0x00000007c0000000)
  to   space 19456K, 0% used [0x00000007bda00000,0x00000007bda00000,0x00000007bed00000)
 ParOldGen       total 349696K, used 213762K [0x00000007a0000000, 0x00000007b5580000, 0x00000007b5580000)
  object space 349696K, 61% used [0x00000007a0000000,0x00000007ad0c0ad8,0x00000007b5580000)
 Metaspace       used 5451K, capacity 5616K, committed 5760K, reserved 1056768K
  class space    used 579K, capacity 630K, committed 640K, reserved 1048576K
2018-07-25T18:08:28.468-0800: 30.749: [GC (Allocation Failure) [PSYoungGen: 129269K->9900K(155136K)] 343031K->275746K(504832K), 0.0074306 secs] [Times: user=0.04 sys=0.00, real=0.01 secs] 
Heap after GC invocations=376 (full 29):
 PSYoungGen      total 155136K, used 9900K [0x00000007b5580000, 0x00000007c0000000, 0x00000007c0000000)
  eden space 135680K, 0% used [0x00000007b5580000,0x00000007b5580000,0x00000007bda00000)
  from space 19456K, 50% used [0x00000007bda00000,0x00000007be3ab288,0x00000007bed00000)
  to   space 19456K, 0% used [0x00000007bed00000,0x00000007bed00000,0x00000007c0000000)
 ParOldGen       total 349696K, used 265846K [0x00000007a0000000, 0x00000007b5580000, 0x00000007b5580000)
  object space 349696K, 76% used [0x00000007a0000000,0x00000007b039d888,0x00000007b5580000)
 Metaspace       used 5451K, capacity 5616K, committed 5760K, reserved 1056768K
  class space    used 579K, capacity 630K, committed 640K, reserved 1048576K
}
{Heap before GC invocations=377 (full 29):
 PSYoungGen      total 155136K, used 142564K [0x00000007b5580000, 0x00000007c0000000, 0x00000007c0000000)
  eden space 135680K, 97% used [0x00000007b5580000,0x00000007bd70def8,0x00000007bda00000)
  from space 19456K, 50% used [0x00000007bda00000,0x00000007be3ab288,0x00000007bed00000)
  to   space 19456K, 0% used [0x00000007bed00000,0x00000007bed00000,0x00000007c0000000)
 ParOldGen       total 349696K, used 265846K [0x00000007a0000000, 0x00000007b5580000, 0x00000007b5580000)
  object space 349696K, 76% used [0x00000007a0000000,0x00000007b039d888,0x00000007b5580000)
 Metaspace       used 5451K, capacity 5616K, committed 5760K, reserved 1056768K
  class space    used 579K, capacity 630K, committed 640K, reserved 1048576K
2018-07-25T18:08:28.580-0800: 30.861: [GC (Allocation Failure) [PSYoungGen: 142564K->103K(155136K)] 408410K->265949K(504832K), 0.0017737 secs] [Times: user=0.01 sys=0.00, real=0.00 secs] 
Heap after GC invocations=377 (full 29):
 PSYoungGen      total 155136K, used 103K [0x00000007b5580000, 0x00000007c0000000, 0x00000007c0000000)
  eden space 135680K, 0% used [0x00000007b5580000,0x00000007b5580000,0x00000007bda00000)
  from space 19456K, 0% used [0x00000007bed00000,0x00000007bed19d48,0x00000007c0000000)
  to   space 19456K, 0% used [0x00000007bda00000,0x00000007bda00000,0x00000007bed00000)
 ParOldGen       total 349696K, used 265846K [0x00000007a0000000, 0x00000007b5580000, 0x00000007b5580000)
  object space 349696K, 76% used [0x00000007a0000000,0x00000007b039d888,0x00000007b5580000)
 Metaspace       used 5451K, capacity 5616K, committed 5760K, reserved 1056768K
  class space    used 579K, capacity 630K, committed 640K, reserved 1048576K
}
{Heap before GC invocations=378 (full 29):
 PSYoungGen      total 155136K, used 129586K [0x00000007b5580000, 0x00000007c0000000, 0x00000007c0000000)
  eden space 135680K, 95% used [0x00000007b5580000,0x00000007bd3f2ad8,0x00000007bda00000)
  from space 19456K, 0% used [0x00000007bed00000,0x00000007bed19d48,0x00000007c0000000)
  to   space 19456K, 0% used [0x00000007bda00000,0x00000007bda00000,0x00000007bed00000)
 ParOldGen       total 349696K, used 265846K [0x00000007a0000000, 0x00000007b5580000, 0x00000007b5580000)
  object space 349696K, 76% used [0x00000007a0000000,0x00000007b039d888,0x00000007b5580000)
 Metaspace       used 5451K, capacity 5616K, committed 5760K, reserved 1056768K
  class space    used 579K, capacity 630K, committed 640K, reserved 1048576K
2018-07-25T18:08:28.616-0800: 30.897: [GC (Allocation Failure) [PSYoungGen: 129586K->9797K(155136K)] 395432K->327782K(504832K), 0.0082457 secs] [Times: user=0.06 sys=0.00, real=0.01 secs] 
Heap after GC invocations=378 (full 29):
 PSYoungGen      total 155136K, used 9797K [0x00000007b5580000, 0x00000007c0000000, 0x00000007c0000000)
  eden space 135680K, 0% used [0x00000007b5580000,0x00000007b5580000,0x00000007bda00000)
  from space 19456K, 50% used [0x00000007bda00000,0x00000007be391698,0x00000007bed00000)
  to   space 19456K, 0% used [0x00000007bed00000,0x00000007bed00000,0x00000007c0000000)
 ParOldGen       total 349696K, used 317984K [0x00000007a0000000, 0x00000007b5580000, 0x00000007b5580000)
  object space 349696K, 90% used [0x00000007a0000000,0x00000007b3688368,0x00000007b5580000)
 Metaspace       used 5451K, capacity 5616K, committed 5760K, reserved 1056768K
  class space    used 579K, capacity 630K, committed 640K, reserved 1048576K
}
{Heap before GC invocations=379 (full 30):
 PSYoungGen      total 155136K, used 9797K [0x00000007b5580000, 0x00000007c0000000, 0x00000007c0000000)
  eden space 135680K, 0% used [0x00000007b5580000,0x00000007b5580000,0x00000007bda00000)
  from space 19456K, 50% used [0x00000007bda00000,0x00000007be391698,0x00000007bed00000)
  to   space 19456K, 0% used [0x00000007bed00000,0x00000007bed00000,0x00000007c0000000)
 ParOldGen       total 349696K, used 317984K [0x00000007a0000000, 0x00000007b5580000, 0x00000007b5580000)
  object space 349696K, 90% used [0x00000007a0000000,0x00000007b3688368,0x00000007b5580000)
 Metaspace       used 5451K, capacity 5616K, committed 5760K, reserved 1056768K
  class space    used 579K, capacity 630K, committed 640K, reserved 1048576K
2018-07-25T18:08:28.625-0800: 30.905: [Full GC (Ergonomics) [PSYoungGen: 9797K->0K(155136K)] [ParOldGen: 317984K->73665K(349696K)] 327782K->73665K(504832K), [Metaspace: 5451K->5451K(1056768K)], 0.0103161 secs] [Times: user=0.05 sys=0.00, real=0.01 secs] 
Heap after GC invocations=379 (full 30):
 PSYoungGen      total 155136K, used 0K [0x00000007b5580000, 0x00000007c0000000, 0x00000007c0000000)
  eden space 135680K, 0% used [0x00000007b5580000,0x00000007b5580000,0x00000007bda00000)
  from space 19456K, 0% used [0x00000007bda00000,0x00000007bda00000,0x00000007bed00000)
  to   space 19456K, 0% used [0x00000007bed00000,0x00000007bed00000,0x00000007c0000000)
 ParOldGen       total 349696K, used 73665K [0x00000007a0000000, 0x00000007b5580000, 0x00000007b5580000)
  object space 349696K, 21% used [0x00000007a0000000,0x00000007a47f04b0,0x00000007b5580000)
 Metaspace       used 5451K, capacity 5616K, committed 5760K, reserved 1056768K
  class space    used 579K, capacity 630K, committed 640K, reserved 1048576K
}
{Heap before GC invocations=380 (full 30):
 PSYoungGen      total 155136K, used 129530K [0x00000007b5580000, 0x00000007c0000000, 0x00000007c0000000)
  eden space 135680K, 95% used [0x00000007b5580000,0x00000007bd3fe918,0x00000007bda00000)
  from space 19456K, 0% used [0x00000007bda00000,0x00000007bda00000,0x00000007bed00000)
  to   space 19456K, 0% used [0x00000007bed00000,0x00000007bed00000,0x00000007c0000000)
 ParOldGen       total 349696K, used 73665K [0x00000007a0000000, 0x00000007b5580000, 0x00000007b5580000)
  object space 349696K, 21% used [0x00000007a0000000,0x00000007a47f04b0,0x00000007b5580000)
 Metaspace       used 5451K, capacity 5616K, committed 5760K, reserved 1056768K
  class space    used 579K, capacity 630K, committed 640K, reserved 1048576K
2018-07-25T18:08:28.748-0800: 31.029: [GC (Allocation Failure) [PSYoungGen: 129530K->9869K(155136K)] 203195K->135617K(504832K), 0.0063958 secs] [Times: user=0.05 sys=0.00, real=0.01 secs] 
Heap after GC invocations=380 (full 30):
 PSYoungGen      total 155136K, used 9869K [0x00000007b5580000, 0x00000007c0000000, 0x00000007c0000000)
  eden space 135680K, 0% used [0x00000007b5580000,0x00000007b5580000,0x00000007bda00000)
  from space 19456K, 50% used [0x00000007bed00000,0x00000007bf6a3538,0x00000007c0000000)
  to   space 19456K, 0% used [0x00000007bda00000,0x00000007bda00000,0x00000007bed00000)
 ParOldGen       total 349696K, used 125748K [0x00000007a0000000, 0x00000007b5580000, 0x00000007b5580000)
  object space 349696K, 35% used [0x00000007a0000000,0x00000007a7acd280,0x00000007b5580000)
 Metaspace       used 5451K, capacity 5616K, committed 5760K, reserved 1056768K
  class space    used 579K, capacity 630K, committed 640K, reserved 1048576K
}
{Heap before GC invocations=381 (full 30):
 PSYoungGen      total 155136K, used 116355K [0x00000007b5580000, 0x00000007c0000000, 0x00000007c0000000)
  eden space 135680K, 78% used [0x00000007b5580000,0x00000007bbd7d8e0,0x00000007bda00000)
  from space 19456K, 50% used [0x00000007bed00000,0x00000007bf6a3538,0x00000007c0000000)
  to   space 19456K, 0% used [0x00000007bda00000,0x00000007bda00000,0x00000007bed00000)
 ParOldGen       total 349696K, used 125748K [0x00000007a0000000, 0x00000007b5580000, 0x00000007b5580000)
  object space 349696K, 35% used [0x00000007a0000000,0x00000007a7acd280,0x00000007b5580000)
 Metaspace       used 5451K, capacity 5616K, committed 5760K, reserved 1056768K
  class space    used 579K, capacity 630K, committed 640K, reserved 1048576K
2018-07-25T18:08:28.770-0800: 31.051: [GC (Allocation Failure) [PSYoungGen: 116355K->0K(155136K)] 242104K->161611K(504832K), 0.0046906 secs] [Times: user=0.04 sys=0.00, real=0.00 secs] 
Heap after GC invocations=381 (full 30):
 PSYoungGen      total 155136K, used 0K [0x00000007b5580000, 0x00000007c0000000, 0x00000007c0000000)
  eden space 135680K, 0% used [0x00000007b5580000,0x00000007b5580000,0x00000007bda00000)
  from space 19456K, 0% used [0x00000007bda00000,0x00000007bda00000,0x00000007bed00000)
  to   space 19456K, 0% used [0x00000007bed00000,0x00000007bed00000,0x00000007c0000000)
 ParOldGen       total 349696K, used 161611K [0x00000007a0000000, 0x00000007b5580000, 0x00000007b5580000)
  object space 349696K, 46% used [0x00000007a0000000,0x00000007a9dd2ec0,0x00000007b5580000)
 Metaspace       used 5451K, capacity 5616K, committed 5760K, reserved 1056768K
  class space    used 579K, capacity 630K, committed 640K, reserved 1048576K
}
{Heap before GC invocations=382 (full 30):
 PSYoungGen      total 155136K, used 129275K [0x00000007b5580000, 0x00000007c0000000, 0x00000007c0000000)
  eden space 135680K, 95% used [0x00000007b5580000,0x00000007bd3bef08,0x00000007bda00000)
  from space 19456K, 0% used [0x00000007bda00000,0x00000007bda00000,0x00000007bed00000)
  to   space 19456K, 0% used [0x00000007bed00000,0x00000007bed00000,0x00000007c0000000)
 ParOldGen       total 349696K, used 161611K [0x00000007a0000000, 0x00000007b5580000, 0x00000007b5580000)
  object space 349696K, 46% used [0x00000007a0000000,0x00000007a9dd2ec0,0x00000007b5580000)
 Metaspace       used 5451K, capacity 5616K, committed 5760K, reserved 1056768K
  class space    used 579K, capacity 630K, committed 640K, reserved 1048576K
2018-07-25T18:08:28.886-0800: 31.166: [GC (Allocation Failure) [PSYoungGen: 129275K->9869K(155136K)] 290887K->223564K(504832K), 0.0071257 secs] [Times: user=0.05 sys=0.00, real=0.01 secs] 
Heap after GC invocations=382 (full 30):
 PSYoungGen      total 155136K, used 9869K [0x00000007b5580000, 0x00000007c0000000, 0x00000007c0000000)
  eden space 135680K, 0% used [0x00000007b5580000,0x00000007b5580000,0x00000007bda00000)
  from space 19456K, 50% used [0x00000007bed00000,0x00000007bf6a3690,0x00000007c0000000)
  to   space 19456K, 0% used [0x00000007bda00000,0x00000007bda00000,0x00000007bed00000)
 ParOldGen       total 349696K, used 213695K [0x00000007a0000000, 0x00000007b5580000, 0x00000007b5580000)
  object space 349696K, 61% used [0x00000007a0000000,0x00000007ad0afc70,0x00000007b5580000)
 Metaspace       used 5451K, capacity 5616K, committed 5760K, reserved 1056768K
  class space    used 579K, capacity 630K, committed 640K, reserved 1048576K
}
{Heap before GC invocations=383 (full 30):
 PSYoungGen      total 155136K, used 142537K [0x00000007b5580000, 0x00000007c0000000, 0x00000007c0000000)
  eden space 135680K, 97% used [0x00000007b5580000,0x00000007bd70efc8,0x00000007bda00000)
  from space 19456K, 50% used [0x00000007bed00000,0x00000007bf6a3690,0x00000007c0000000)
  to   space 19456K, 0% used [0x00000007bda00000,0x00000007bda00000,0x00000007bed00000)
 ParOldGen       total 349696K, used 213695K [0x00000007a0000000, 0x00000007b5580000, 0x00000007b5580000)
  object space 349696K, 61% used [0x00000007a0000000,0x00000007ad0afc70,0x00000007b5580000)
 Metaspace       used 5451K, capacity 5616K, committed 5760K, reserved 1056768K
  class space    used 579K, capacity 630K, committed 640K, reserved 1048576K
2018-07-25T18:08:28.988-0800: 31.268: [GC (Allocation Failure) [PSYoungGen: 142537K->104K(155136K)] 356232K->213799K(504832K), 0.0017886 secs] [Times: user=0.01 sys=0.00, real=0.01 secs] 
Heap after GC invocations=383 (full 30):
 PSYoungGen      total 155136K, used 104K [0x00000007b5580000, 0x00000007c0000000, 0x00000007c0000000)
  eden space 135680K, 0% used [0x00000007b5580000,0x00000007b5580000,0x00000007bda00000)
  from space 19456K, 0% used [0x00000007bda00000,0x00000007bda1a150,0x00000007bed00000)
  to   space 19456K, 0% used [0x00000007bed00000,0x00000007bed00000,0x00000007c0000000)
 ParOldGen       total 349696K, used 213695K [0x00000007a0000000, 0x00000007b5580000, 0x00000007b5580000)
  object space 349696K, 61% used [0x00000007a0000000,0x00000007ad0afc70,0x00000007b5580000)
 Metaspace       used 5451K, capacity 5616K, committed 5760K, reserved 1056768K
  class space    used 579K, capacity 630K, committed 640K, reserved 1048576K
}
{Heap before GC invocations=384 (full 30):
 PSYoungGen      total 155136K, used 129589K [0x00000007b5580000, 0x00000007c0000000, 0x00000007c0000000)
  eden space 135680K, 95% used [0x00000007b5580000,0x00000007bd3f35c8,0x00000007bda00000)
  from space 19456K, 0% used [0x00000007bda00000,0x00000007bda1a150,0x00000007bed00000)
  to   space 19456K, 0% used [0x00000007bed00000,0x00000007bed00000,0x00000007c0000000)
 ParOldGen       total 349696K, used 213695K [0x00000007a0000000, 0x00000007b5580000, 0x00000007b5580000)
  object space 349696K, 61% used [0x00000007a0000000,0x00000007ad0afc70,0x00000007b5580000)
 Metaspace       used 5451K, capacity 5616K, committed 5760K, reserved 1056768K
  class space    used 579K, capacity 630K, committed 640K, reserved 1048576K
2018-07-25T18:08:29.022-0800: 31.303: [GC (Allocation Failure) [PSYoungGen: 129589K->9797K(155136K)] 343284K->275632K(504832K), 0.0089476 secs] [Times: user=0.07 sys=0.00, real=0.01 secs] 
Heap after GC invocations=384 (full 30):
 PSYoungGen      total 155136K, used 9797K [0x00000007b5580000, 0x00000007c0000000, 0x00000007c0000000)
  eden space 135680K, 0% used [0x00000007b5580000,0x00000007b5580000,0x00000007bda00000)
  from space 19456K, 50% used [0x00000007bed00000,0x00000007bf691698,0x00000007c0000000)
  to   space 19456K, 0% used [0x00000007bda00000,0x00000007bda00000,0x00000007bed00000)
 ParOldGen       total 349696K, used 265834K [0x00000007a0000000, 0x00000007b5580000, 0x00000007b5580000)
  object space 349696K, 76% used [0x00000007a0000000,0x00000007b039ab58,0x00000007b5580000)
 Metaspace       used 5451K, capacity 5616K, committed 5760K, reserved 1056768K
  class space    used 579K, capacity 630K, committed 640K, reserved 1048576K
}
{Heap before GC invocations=385 (full 30):
 PSYoungGen      total 155136K, used 139329K [0x00000007b5580000, 0x00000007c0000000, 0x00000007c0000000)
  eden space 135680K, 95% used [0x00000007b5580000,0x00000007bd3ff038,0x00000007bda00000)
  from space 19456K, 50% used [0x00000007bed00000,0x00000007bf691698,0x00000007c0000000)
  to   space 19456K, 0% used [0x00000007bda00000,0x00000007bda00000,0x00000007bed00000)
 ParOldGen       total 349696K, used 265834K [0x00000007a0000000, 0x00000007b5580000, 0x00000007b5580000)
  object space 349696K, 76% used [0x00000007a0000000,0x00000007b039ab58,0x00000007b5580000)
 Metaspace       used 5451K, capacity 5616K, committed 5760K, reserved 1056768K
  class space    used 579K, capacity 630K, committed 640K, reserved 1048576K
2018-07-25T18:08:29.150-0800: 31.430: [GC (Allocation Failure) [PSYoungGen: 139329K->9902K(155136K)] 405164K->301778K(504832K), 0.0045294 secs] [Times: user=0.03 sys=0.00, real=0.00 secs] 
Heap after GC invocations=385 (full 30):
 PSYoungGen      total 155136K, used 9902K [0x00000007b5580000, 0x00000007c0000000, 0x00000007c0000000)
  eden space 135680K, 0% used [0x00000007b5580000,0x00000007b5580000,0x00000007bda00000)
  from space 19456K, 50% used [0x00000007bda00000,0x00000007be3ab940,0x00000007bed00000)
  to   space 19456K, 0% used [0x00000007bed00000,0x00000007bed00000,0x00000007c0000000)
 ParOldGen       total 349696K, used 291876K [0x00000007a0000000, 0x00000007b5580000, 0x00000007b5580000)
  object space 349696K, 83% used [0x00000007a0000000,0x00000007b1d09220,0x00000007b5580000)
 Metaspace       used 5451K, capacity 5616K, committed 5760K, reserved 1056768K
  class space    used 579K, capacity 630K, committed 640K, reserved 1048576K
}
{Heap before GC invocations=386 (full 31):
 PSYoungGen      total 155136K, used 9902K [0x00000007b5580000, 0x00000007c0000000, 0x00000007c0000000)
  eden space 135680K, 0% used [0x00000007b5580000,0x00000007b5580000,0x00000007bda00000)
  from space 19456K, 50% used [0x00000007bda00000,0x00000007be3ab940,0x00000007bed00000)
  to   space 19456K, 0% used [0x00000007bed00000,0x00000007bed00000,0x00000007c0000000)
 ParOldGen       total 349696K, used 291876K [0x00000007a0000000, 0x00000007b5580000, 0x00000007b5580000)
  object space 349696K, 83% used [0x00000007a0000000,0x00000007b1d09220,0x00000007b5580000)
 Metaspace       used 5451K, capacity 5616K, committed 5760K, reserved 1056768K
  class space    used 579K, capacity 630K, committed 640K, reserved 1048576K
2018-07-25T18:08:29.154-0800: 31.435: [Full GC (Ergonomics) [PSYoungGen: 9902K->0K(155136K)] [ParOldGen: 291876K->47624K(349696K)] 301778K->47624K(504832K), [Metaspace: 5451K->5451K(1056768K)], 0.0075669 secs] [Times: user=0.04 sys=0.00, real=0.01 secs] 
Heap after GC invocations=386 (full 31):
 PSYoungGen      total 155136K, used 0K [0x00000007b5580000, 0x00000007c0000000, 0x00000007c0000000)
  eden space 135680K, 0% used [0x00000007b5580000,0x00000007b5580000,0x00000007bda00000)
  from space 19456K, 0% used [0x00000007bda00000,0x00000007bda00000,0x00000007bed00000)
  to   space 19456K, 0% used [0x00000007bed00000,0x00000007bed00000,0x00000007c0000000)
 ParOldGen       total 349696K, used 47624K [0x00000007a0000000, 0x00000007b5580000, 0x00000007b5580000)
  object space 349696K, 13% used [0x00000007a0000000,0x00000007a2e82388,0x00000007b5580000)
 Metaspace       used 5451K, capacity 5616K, committed 5760K, reserved 1056768K
  class space    used 579K, capacity 630K, committed 640K, reserved 1048576K
}
{Heap before GC invocations=387 (full 31):
 PSYoungGen      total 155136K, used 106487K [0x00000007b5580000, 0x00000007c0000000, 0x00000007c0000000)
  eden space 135680K, 78% used [0x00000007b5580000,0x00000007bbd7dd80,0x00000007bda00000)
  from space 19456K, 0% used [0x00000007bda00000,0x00000007bda00000,0x00000007bed00000)
  to   space 19456K, 0% used [0x00000007bed00000,0x00000007bed00000,0x00000007c0000000)
 ParOldGen       total 349696K, used 47624K [0x00000007a0000000, 0x00000007b5580000, 0x00000007b5580000)
  object space 349696K, 13% used [0x00000007a0000000,0x00000007a2e82388,0x00000007b5580000)
 Metaspace       used 5451K, capacity 5616K, committed 5760K, reserved 1056768K
  class space    used 579K, capacity 630K, committed 640K, reserved 1048576K
2018-07-25T18:08:29.175-0800: 31.455: [GC (Allocation Failure) [PSYoungGen: 106487K->0K(155136K)] 154112K->125750K(504832K), 0.0090502 secs] [Times: user=0.06 sys=0.00, real=0.01 secs] 
Heap after GC invocations=387 (full 31):
 PSYoungGen      total 155136K, used 0K [0x00000007b5580000, 0x00000007c0000000, 0x00000007c0000000)
  eden space 135680K, 0% used [0x00000007b5580000,0x00000007b5580000,0x00000007bda00000)
  from space 19456K, 0% used [0x00000007bed00000,0x00000007bed00000,0x00000007c0000000)
  to   space 19456K, 0% used [0x00000007bda00000,0x00000007bda00000,0x00000007bed00000)
 ParOldGen       total 349696K, used 125750K [0x00000007a0000000, 0x00000007b5580000, 0x00000007b5580000)
  object space 349696K, 35% used [0x00000007a0000000,0x00000007a7acd828,0x00000007b5580000)
 Metaspace       used 5451K, capacity 5616K, committed 5760K, reserved 1056768K
  class space    used 579K, capacity 630K, committed 640K, reserved 1048576K
}
{Heap before GC invocations=388 (full 31):
 PSYoungGen      total 155136K, used 128926K [0x00000007b5580000, 0x00000007c0000000, 0x00000007c0000000)
  eden space 135680K, 95% used [0x00000007b5580000,0x00000007bd367930,0x00000007bda00000)
  from space 19456K, 0% used [0x00000007bed00000,0x00000007bed00000,0x00000007c0000000)
  to   space 19456K, 0% used [0x00000007bda00000,0x00000007bda00000,0x00000007bed00000)
 ParOldGen       total 349696K, used 125750K [0x00000007a0000000, 0x00000007b5580000, 0x00000007b5580000)
  object space 349696K, 35% used [0x00000007a0000000,0x00000007a7acd828,0x00000007b5580000)
 Metaspace       used 5451K, capacity 5616K, committed 5760K, reserved 1056768K
  class space    used 579K, capacity 630K, committed 640K, reserved 1048576K
2018-07-25T18:08:29.300-0800: 31.581: [GC (Allocation Failure) [PSYoungGen: 128926K->9870K(155136K)] 254676K->187704K(504832K), 0.0064901 secs] [Times: user=0.04 sys=0.00, real=0.00 secs] 
Heap after GC invocations=388 (full 31):
 PSYoungGen      total 155136K, used 9870K [0x00000007b5580000, 0x00000007c0000000, 0x00000007c0000000)
  eden space 135680K, 0% used [0x00000007b5580000,0x00000007b5580000,0x00000007bda00000)
  from space 19456K, 50% used [0x00000007bda00000,0x00000007be3a3a98,0x00000007bed00000)
  to   space 19456K, 0% used [0x00000007bed00000,0x00000007bed00000,0x00000007c0000000)
 ParOldGen       total 349696K, used 177833K [0x00000007a0000000, 0x00000007b5580000, 0x00000007b5580000)
  object space 349696K, 50% used [0x00000007a0000000,0x00000007aadaa5d8,0x00000007b5580000)
 Metaspace       used 5451K, capacity 5616K, committed 5760K, reserved 1056768K
  class space    used 579K, capacity 630K, committed 640K, reserved 1048576K
}
{Heap before GC invocations=389 (full 31):
 PSYoungGen      total 155136K, used 142311K [0x00000007b5580000, 0x00000007c0000000, 0x00000007c0000000)
  eden space 135680K, 97% used [0x00000007b5580000,0x00000007bd6d6330,0x00000007bda00000)
  from space 19456K, 50% used [0x00000007bda00000,0x00000007be3a3a98,0x00000007bed00000)
  to   space 19456K, 0% used [0x00000007bed00000,0x00000007bed00000,0x00000007c0000000)
 ParOldGen       total 349696K, used 177833K [0x00000007a0000000, 0x00000007b5580000, 0x00000007b5580000)
  object space 349696K, 50% used [0x00000007a0000000,0x00000007aadaa5d8,0x00000007b5580000)
 Metaspace       used 5451K, capacity 5616K, committed 5760K, reserved 1056768K
  class space    used 579K, capacity 630K, committed 640K, reserved 1048576K
2018-07-25T18:08:29.409-0800: 31.690: [GC (Allocation Failure) [PSYoungGen: 142311K->137K(155136K)] 320144K->177970K(504832K), 0.0011234 secs] [Times: user=0.01 sys=0.00, real=0.01 secs] 
Heap after GC invocations=389 (full 31):
 PSYoungGen      total 155136K, used 137K [0x00000007b5580000, 0x00000007c0000000, 0x00000007c0000000)
  eden space 135680K, 0% used [0x00000007b5580000,0x00000007b5580000,0x00000007bda00000)
  from space 19456K, 0% used [0x00000007bed00000,0x00000007bed22558,0x00000007c0000000)
  to   space 19456K, 0% used [0x00000007bda00000,0x00000007bda00000,0x00000007bed00000)
 ParOldGen       total 349696K, used 177833K [0x00000007a0000000, 0x00000007b5580000, 0x00000007b5580000)
  object space 349696K, 50% used [0x00000007a0000000,0x00000007aadaa5d8,0x00000007b5580000)
 Metaspace       used 5451K, capacity 5616K, committed 5760K, reserved 1056768K
  class space    used 579K, capacity 630K, committed 640K, reserved 1048576K
}
{Heap before GC invocations=390 (full 31):
 PSYoungGen      total 155136K, used 129476K [0x00000007b5580000, 0x00000007c0000000, 0x00000007c0000000)
  eden space 135680K, 95% used [0x00000007b5580000,0x00000007bd3cedb8,0x00000007bda00000)
  from space 19456K, 0% used [0x00000007bed00000,0x00000007bed22558,0x00000007c0000000)
  to   space 19456K, 0% used [0x00000007bda00000,0x00000007bda00000,0x00000007bed00000)
 ParOldGen       total 349696K, used 177833K [0x00000007a0000000, 0x00000007b5580000, 0x00000007b5580000)
  object space 349696K, 50% used [0x00000007a0000000,0x00000007aadaa5d8,0x00000007b5580000)
 Metaspace       used 5451K, capacity 5616K, committed 5760K, reserved 1056768K
  class space    used 579K, capacity 630K, committed 640K, reserved 1048576K
2018-07-25T18:08:29.442-0800: 31.723: [GC (Allocation Failure) [PSYoungGen: 129476K->9797K(155136K)] 307310K->239771K(504832K), 0.0082474 secs] [Times: user=0.06 sys=0.00, real=0.01 secs] 
Heap after GC invocations=390 (full 31):
 PSYoungGen      total 155136K, used 9797K [0x00000007b5580000, 0x00000007c0000000, 0x00000007c0000000)
  eden space 135680K, 0% used [0x00000007b5580000,0x00000007b5580000,0x00000007bda00000)
  from space 19456K, 50% used [0x00000007bda00000,0x00000007be391698,0x00000007bed00000)
  to   space 19456K, 0% used [0x00000007bed00000,0x00000007bed00000,0x00000007c0000000)
 ParOldGen       total 349696K, used 229974K [0x00000007a0000000, 0x00000007b5580000, 0x00000007b5580000)
  object space 349696K, 65% used [0x00000007a0000000,0x00000007ae0958c8,0x00000007b5580000)
 Metaspace       used 5451K, capacity 5616K, committed 5760K, reserved 1056768K
  class space    used 579K, capacity 630K, committed 640K, reserved 1048576K
}
{Heap before GC invocations=391 (full 31):
 PSYoungGen      total 155136K, used 139235K [0x00000007b5580000, 0x00000007c0000000, 0x00000007c0000000)
  eden space 135680K, 95% used [0x00000007b5580000,0x00000007bd3e78e8,0x00000007bda00000)
  from space 19456K, 50% used [0x00000007bda00000,0x00000007be391698,0x00000007bed00000)
  to   space 19456K, 0% used [0x00000007bed00000,0x00000007bed00000,0x00000007c0000000)
 ParOldGen       total 349696K, used 229974K [0x00000007a0000000, 0x00000007b5580000, 0x00000007b5580000)
  object space 349696K, 65% used [0x00000007a0000000,0x00000007ae0958c8,0x00000007b5580000)
 Metaspace       used 5451K, capacity 5616K, committed 5760K, reserved 1056768K
  class space    used 579K, capacity 630K, committed 640K, reserved 1048576K
2018-07-25T18:08:29.559-0800: 31.839: [GC (Allocation Failure) [PSYoungGen: 139235K->9903K(155136K)] 369210K->265919K(504832K), 0.0072840 secs] [Times: user=0.05 sys=0.00, real=0.01 secs] 
Heap after GC invocations=391 (full 31):
 PSYoungGen      total 155136K, used 9903K [0x00000007b5580000, 0x00000007c0000000, 0x00000007c0000000)
  eden space 135680K, 0% used [0x00000007b5580000,0x00000007b5580000,0x00000007bda00000)
  from space 19456K, 50% used [0x00000007bed00000,0x00000007bf6abd48,0x00000007c0000000)
  to   space 19456K, 0% used [0x00000007bda00000,0x00000007bda00000,0x00000007bed00000)
 ParOldGen       total 349696K, used 256015K [0x00000007a0000000, 0x00000007b5580000, 0x00000007b5580000)
  object space 349696K, 73% used [0x00000007a0000000,0x00000007afa03f90,0x00000007b5580000)
 Metaspace       used 5451K, capacity 5616K, committed 5760K, reserved 1056768K
  class space    used 579K, capacity 630K, committed 640K, reserved 1048576K
}
{Heap before GC invocations=392 (full 31):
 PSYoungGen      total 155136K, used 116330K [0x00000007b5580000, 0x00000007c0000000, 0x00000007c0000000)
  eden space 135680K, 78% used [0x00000007b5580000,0x00000007bbd6eb68,0x00000007bda00000)
  from space 19456K, 50% used [0x00000007bed00000,0x00000007bf6abd48,0x00000007c0000000)
  to   space 19456K, 0% used [0x00000007bda00000,0x00000007bda00000,0x00000007bed00000)
 ParOldGen       total 349696K, used 256015K [0x00000007a0000000, 0x00000007b5580000, 0x00000007b5580000)
  object space 349696K, 73% used [0x00000007a0000000,0x00000007afa03f90,0x00000007b5580000)
 Metaspace       used 5451K, capacity 5616K, committed 5760K, reserved 1056768K
  class space    used 579K, capacity 630K, committed 640K, reserved 1048576K
2018-07-25T18:08:29.579-0800: 31.860: [GC (Allocation Failure) [PSYoungGen: 116330K->0K(155136K)] 372346K->291888K(504832K), 0.0054052 secs] [Times: user=0.04 sys=0.00, real=0.01 secs] 
Heap after GC invocations=392 (full 31):
 PSYoungGen      total 155136K, used 0K [0x00000007b5580000, 0x00000007c0000000, 0x00000007c0000000)
  eden space 135680K, 0% used [0x00000007b5580000,0x00000007b5580000,0x00000007bda00000)
  from space 19456K, 0% used [0x00000007bda00000,0x00000007bda00000,0x00000007bed00000)
  to   space 19456K, 0% used [0x00000007bed00000,0x00000007bed00000,0x00000007c0000000)
 ParOldGen       total 349696K, used 291888K [0x00000007a0000000, 0x00000007b5580000, 0x00000007b5580000)
  object space 349696K, 83% used [0x00000007a0000000,0x00000007b1d0c3e0,0x00000007b5580000)
 Metaspace       used 5451K, capacity 5616K, committed 5760K, reserved 1056768K
  class space    used 579K, capacity 630K, committed 640K, reserved 1048576K
}
{Heap before GC invocations=393 (full 32):
 PSYoungGen      total 155136K, used 0K [0x00000007b5580000, 0x00000007c0000000, 0x00000007c0000000)
  eden space 135680K, 0% used [0x00000007b5580000,0x00000007b5580000,0x00000007bda00000)
  from space 19456K, 0% used [0x00000007bda00000,0x00000007bda00000,0x00000007bed00000)
  to   space 19456K, 0% used [0x00000007bed00000,0x00000007bed00000,0x00000007c0000000)
 ParOldGen       total 349696K, used 291888K [0x00000007a0000000, 0x00000007b5580000, 0x00000007b5580000)
  object space 349696K, 83% used [0x00000007a0000000,0x00000007b1d0c3e0,0x00000007b5580000)
 Metaspace       used 5451K, capacity 5616K, committed 5760K, reserved 1056768K
  class space    used 579K, capacity 630K, committed 640K, reserved 1048576K
2018-07-25T18:08:29.585-0800: 31.865: [Full GC (Ergonomics) [PSYoungGen: 0K->0K(155136K)] [ParOldGen: 291888K->47625K(349696K)] 291888K->47625K(504832K), [Metaspace: 5451K->5451K(1056768K)], 0.0085307 secs] [Times: user=0.04 sys=0.00, real=0.01 secs] 
Heap after GC invocations=393 (full 32):
 PSYoungGen      total 155136K, used 0K [0x00000007b5580000, 0x00000007c0000000, 0x00000007c0000000)
  eden space 135680K, 0% used [0x00000007b5580000,0x00000007b5580000,0x00000007bda00000)
  from space 19456K, 0% used [0x00000007bda00000,0x00000007bda00000,0x00000007bed00000)
  to   space 19456K, 0% used [0x00000007bed00000,0x00000007bed00000,0x00000007c0000000)
 ParOldGen       total 349696K, used 47625K [0x00000007a0000000, 0x00000007b5580000, 0x00000007b5580000)
  object space 349696K, 13% used [0x00000007a0000000,0x00000007a2e82770,0x00000007b5580000)
 Metaspace       used 5451K, capacity 5616K, committed 5760K, reserved 1056768K
  class space    used 579K, capacity 630K, committed 640K, reserved 1048576K
}
{Heap before GC invocations=394 (full 32):
 PSYoungGen      total 155136K, used 129237K [0x00000007b5580000, 0x00000007c0000000, 0x00000007c0000000)
  eden space 135680K, 95% used [0x00000007b5580000,0x00000007bd3b56c8,0x00000007bda00000)
  from space 19456K, 0% used [0x00000007bda00000,0x00000007bda00000,0x00000007bed00000)
  to   space 19456K, 0% used [0x00000007bed00000,0x00000007bed00000,0x00000007c0000000)
 ParOldGen       total 349696K, used 47625K [0x00000007a0000000, 0x00000007b5580000, 0x00000007b5580000)
  object space 349696K, 13% used [0x00000007a0000000,0x00000007a2e82770,0x00000007b5580000)
 Metaspace       used 5451K, capacity 5616K, committed 5760K, reserved 1056768K
  class space    used 579K, capacity 630K, committed 640K, reserved 1048576K
2018-07-25T18:08:29.721-0800: 32.001: [GC (Allocation Failure) [PSYoungGen: 129237K->9935K(155136K)] 176863K->109644K(504832K), 0.0093079 secs] [Times: user=0.06 sys=0.00, real=0.01 secs] 
Heap after GC invocations=394 (full 32):
 PSYoungGen      total 155136K, used 9935K [0x00000007b5580000, 0x00000007c0000000, 0x00000007c0000000)
  eden space 135680K, 0% used [0x00000007b5580000,0x00000007b5580000,0x00000007bda00000)
  from space 19456K, 51% used [0x00000007bed00000,0x00000007bf6b3ea0,0x00000007c0000000)
  to   space 19456K, 0% used [0x00000007bda00000,0x00000007bda00000,0x00000007bed00000)
 ParOldGen       total 349696K, used 99709K [0x00000007a0000000, 0x00000007b5580000, 0x00000007b5580000)
  object space 349696K, 28% used [0x00000007a0000000,0x00000007a615f520,0x00000007b5580000)
 Metaspace       used 5451K, capacity 5616K, committed 5760K, reserved 1056768K
  class space    used 579K, capacity 630K, committed 640K, reserved 1048576K
}
{Heap before GC invocations=395 (full 32):
 PSYoungGen      total 155136K, used 142562K [0x00000007b5580000, 0x00000007c0000000, 0x00000007c0000000)
  eden space 135680K, 97% used [0x00000007b5580000,0x00000007bd7049b0,0x00000007bda00000)
  from space 19456K, 51% used [0x00000007bed00000,0x00000007bf6b3ea0,0x00000007c0000000)
  to   space 19456K, 0% used [0x00000007bda00000,0x00000007bda00000,0x00000007bed00000)
 ParOldGen       total 349696K, used 99709K [0x00000007a0000000, 0x00000007b5580000, 0x00000007b5580000)
  object space 349696K, 28% used [0x00000007a0000000,0x00000007a615f520,0x00000007b5580000)
 Metaspace       used 5451K, capacity 5616K, committed 5760K, reserved 1056768K
  class space    used 579K, capacity 630K, committed 640K, reserved 1048576K
2018-07-25T18:08:29.845-0800: 32.126: [GC (Allocation Failure) [PSYoungGen: 142562K->170K(155136K)] 242271K->99879K(504832K), 0.0008360 secs] [Times: user=0.01 sys=0.00, real=0.00 secs] 
Heap after GC invocations=395 (full 32):
 PSYoungGen      total 155136K, used 170K [0x00000007b5580000, 0x00000007c0000000, 0x00000007c0000000)
  eden space 135680K, 0% used [0x00000007b5580000,0x00000007b5580000,0x00000007bda00000)
  from space 19456K, 0% used [0x00000007bda00000,0x00000007bda2a960,0x00000007bed00000)
  to   space 19456K, 0% used [0x00000007bed00000,0x00000007bed00000,0x00000007c0000000)
 ParOldGen       total 349696K, used 99709K [0x00000007a0000000, 0x00000007b5580000, 0x00000007b5580000)
  object space 349696K, 28% used [0x00000007a0000000,0x00000007a615f520,0x00000007b5580000)
 Metaspace       used 5451K, capacity 5616K, committed 5760K, reserved 1056768K
  class space    used 579K, capacity 630K, committed 640K, reserved 1048576K
}
{Heap before GC invocations=396 (full 32):
 PSYoungGen      total 155136K, used 129629K [0x00000007b5580000, 0x00000007c0000000, 0x00000007c0000000)
  eden space 135680K, 95% used [0x00000007b5580000,0x00000007bd3ecb38,0x00000007bda00000)
  from space 19456K, 0% used [0x00000007bda00000,0x00000007bda2a960,0x00000007bed00000)
  to   space 19456K, 0% used [0x00000007bed00000,0x00000007bed00000,0x00000007c0000000)
 ParOldGen       total 349696K, used 99709K [0x00000007a0000000, 0x00000007b5580000, 0x00000007b5580000)
  object space 349696K, 28% used [0x00000007a0000000,0x00000007a615f520,0x00000007b5580000)
 Metaspace       used 5451K, capacity 5616K, committed 5760K, reserved 1056768K
  class space    used 579K, capacity 630K, committed 640K, reserved 1048576K
2018-07-25T18:08:29.891-0800: 32.171: [GC (Allocation Failure) [PSYoungGen: 129629K->9797K(155136K)] 229338K->161664K(504832K), 0.0141469 secs] [Times: user=0.09 sys=0.00, real=0.01 secs] 
Heap after GC invocations=396 (full 32):
 PSYoungGen      total 155136K, used 9797K [0x00000007b5580000, 0x00000007c0000000, 0x00000007c0000000)
  eden space 135680K, 0% used [0x00000007b5580000,0x00000007b5580000,0x00000007bda00000)
  from space 19456K, 50% used [0x00000007bed00000,0x00000007bf691698,0x00000007c0000000)
  to   space 19456K, 0% used [0x00000007bda00000,0x00000007bda00000,0x00000007bed00000)
 ParOldGen       total 349696K, used 151867K [0x00000007a0000000, 0x00000007b5580000, 0x00000007b5580000)
  object space 349696K, 43% used [0x00000007a0000000,0x00000007a944ec18,0x00000007b5580000)
 Metaspace       used 5451K, capacity 5616K, committed 5760K, reserved 1056768K
  class space    used 579K, capacity 630K, committed 640K, reserved 1048576K
}
{Heap before GC invocations=397 (full 32):
 PSYoungGen      total 155136K, used 139312K [0x00000007b5580000, 0x00000007c0000000, 0x00000007c0000000)
  eden space 135680K, 95% used [0x00000007b5580000,0x00000007bd3fabf8,0x00000007bda00000)
  from space 19456K, 50% used [0x00000007bed00000,0x00000007bf691698,0x00000007c0000000)
  to   space 19456K, 0% used [0x00000007bda00000,0x00000007bda00000,0x00000007bed00000)
 ParOldGen       total 349696K, used 151867K [0x00000007a0000000, 0x00000007b5580000, 0x00000007b5580000)
  object space 349696K, 43% used [0x00000007a0000000,0x00000007a944ec18,0x00000007b5580000)
 Metaspace       used 5451K, capacity 5616K, committed 5760K, reserved 1056768K
  class space    used 579K, capacity 630K, committed 640K, reserved 1048576K
2018-07-25T18:08:30.058-0800: 32.338: [GC (Allocation Failure) [PSYoungGen: 139312K->9872K(155136K)] 291179K->187781K(504832K), 0.0097938 secs] [Times: user=0.05 sys=0.00, real=0.01 secs] 
Heap after GC invocations=397 (full 32):
 PSYoungGen      total 155136K, used 9872K [0x00000007b5580000, 0x00000007c0000000, 0x00000007c0000000)
  eden space 135680K, 0% used [0x00000007b5580000,0x00000007b5580000,0x00000007bda00000)
  from space 19456K, 50% used [0x00000007bda00000,0x00000007be3a4150,0x00000007bed00000)
  to   space 19456K, 0% used [0x00000007bed00000,0x00000007bed00000,0x00000007c0000000)
 ParOldGen       total 349696K, used 177908K [0x00000007a0000000, 0x00000007b5580000, 0x00000007b5580000)
  object space 349696K, 50% used [0x00000007a0000000,0x00000007aadbd2e0,0x00000007b5580000)
 Metaspace       used 5451K, capacity 5616K, committed 5760K, reserved 1056768K
  class space    used 579K, capacity 630K, committed 640K, reserved 1048576K
}
{Heap before GC invocations=398 (full 32):
 PSYoungGen      total 155136K, used 116348K [0x00000007b5580000, 0x00000007c0000000, 0x00000007c0000000)
  eden space 135680K, 78% used [0x00000007b5580000,0x00000007bbd7b178,0x00000007bda00000)
  from space 19456K, 50% used [0x00000007bda00000,0x00000007be3a4150,0x00000007bed00000)
  to   space 19456K, 0% used [0x00000007bed00000,0x00000007bed00000,0x00000007c0000000)
 ParOldGen       total 349696K, used 177908K [0x00000007a0000000, 0x00000007b5580000, 0x00000007b5580000)
  object space 349696K, 50% used [0x00000007a0000000,0x00000007aadbd2e0,0x00000007b5580000)
 Metaspace       used 5451K, capacity 5616K, committed 5760K, reserved 1056768K
  class space    used 579K, capacity 630K, committed 640K, reserved 1048576K
2018-07-25T18:08:30.091-0800: 32.372: [GC (Allocation Failure) [PSYoungGen: 116348K->0K(155136K)] 294257K->213774K(504832K), 0.0096322 secs] [Times: user=0.04 sys=0.00, real=0.01 secs] 
Heap after GC invocations=398 (full 32):
 PSYoungGen      total 155136K, used 0K [0x00000007b5580000, 0x00000007c0000000, 0x00000007c0000000)
  eden space 135680K, 0% used [0x00000007b5580000,0x00000007b5580000,0x00000007bda00000)
  from space 19456K, 0% used [0x00000007bed00000,0x00000007bed00000,0x00000007c0000000)
  to   space 19456K, 0% used [0x00000007bda00000,0x00000007bda00000,0x00000007bed00000)
 ParOldGen       total 349696K, used 213774K [0x00000007a0000000, 0x00000007b5580000, 0x00000007b5580000)
  object space 349696K, 61% used [0x00000007a0000000,0x00000007ad0c3b38,0x00000007b5580000)
 Metaspace       used 5451K, capacity 5616K, committed 5760K, reserved 1056768K
  class space    used 579K, capacity 630K, committed 640K, reserved 1048576K
}
{Heap before GC invocations=399 (full 32):
 PSYoungGen      total 155136K, used 129269K [0x00000007b5580000, 0x00000007c0000000, 0x00000007c0000000)
  eden space 135680K, 95% used [0x00000007b5580000,0x00000007bd3bd628,0x00000007bda00000)
  from space 19456K, 0% used [0x00000007bed00000,0x00000007bed00000,0x00000007c0000000)
  to   space 19456K, 0% used [0x00000007bda00000,0x00000007bda00000,0x00000007bed00000)
 ParOldGen       total 349696K, used 213774K [0x00000007a0000000, 0x00000007b5580000, 0x00000007b5580000)
  object space 349696K, 61% used [0x00000007a0000000,0x00000007ad0c3b38,0x00000007b5580000)
 Metaspace       used 5451K, capacity 5616K, committed 5760K, reserved 1056768K
  class space    used 579K, capacity 630K, committed 640K, reserved 1048576K
2018-07-25T18:08:30.233-0800: 32.513: [GC (Allocation Failure) [PSYoungGen: 129269K->9872K(155136K)] 343044K->275730K(504832K), 0.0115341 secs] [Times: user=0.08 sys=0.00, real=0.01 secs] 
Heap after GC invocations=399 (full 32):
 PSYoungGen      total 155136K, used 9872K [0x00000007b5580000, 0x00000007c0000000, 0x00000007c0000000)
  eden space 135680K, 0% used [0x00000007b5580000,0x00000007b5580000,0x00000007bda00000)
  from space 19456K, 50% used [0x00000007bda00000,0x00000007be3a42a8,0x00000007bed00000)
  to   space 19456K, 0% used [0x00000007bed00000,0x00000007bed00000,0x00000007c0000000)
 ParOldGen       total 349696K, used 265858K [0x00000007a0000000, 0x00000007b5580000, 0x00000007b5580000)
  object space 349696K, 76% used [0x00000007a0000000,0x00000007b03a08e8,0x00000007b5580000)
 Metaspace       used 5451K, capacity 5616K, committed 5760K, reserved 1056768K
  class space    used 579K, capacity 630K, committed 640K, reserved 1048576K
}
{Heap before GC invocations=400 (full 32):
 PSYoungGen      total 155136K, used 142536K [0x00000007b5580000, 0x00000007c0000000, 0x00000007c0000000)
  eden space 135680K, 97% used [0x00000007b5580000,0x00000007bd70df98,0x00000007bda00000)
  from space 19456K, 50% used [0x00000007bda00000,0x00000007be3a42a8,0x00000007bed00000)
  to   space 19456K, 0% used [0x00000007bed00000,0x00000007bed00000,0x00000007c0000000)
 ParOldGen       total 349696K, used 265858K [0x00000007a0000000, 0x00000007b5580000, 0x00000007b5580000)
  object space 349696K, 76% used [0x00000007a0000000,0x00000007b03a08e8,0x00000007b5580000)
 Metaspace       used 5451K, capacity 5616K, committed 5760K, reserved 1056768K
  class space    used 579K, capacity 630K, committed 640K, reserved 1048576K
2018-07-25T18:08:30.358-0800: 32.638: [GC (Allocation Failure) [PSYoungGen: 142536K->75K(155136K)] 408394K->265933K(504832K), 0.0017697 secs] [Times: user=0.01 sys=0.00, real=0.01 secs] 
Heap after GC invocations=400 (full 32):
 PSYoungGen      total 155136K, used 75K [0x00000007b5580000, 0x00000007c0000000, 0x00000007c0000000)
  eden space 135680K, 0% used [0x00000007b5580000,0x00000007b5580000,0x00000007bda00000)
  from space 19456K, 0% used [0x00000007bed00000,0x00000007bed12d68,0x00000007c0000000)
  to   space 19456K, 0% used [0x00000007bda00000,0x00000007bda00000,0x00000007bed00000)
 ParOldGen       total 349696K, used 265858K [0x00000007a0000000, 0x00000007b5580000, 0x00000007b5580000)
  object space 349696K, 76% used [0x00000007a0000000,0x00000007b03a08e8,0x00000007b5580000)
 Metaspace       used 5451K, capacity 5616K, committed 5760K, reserved 1056768K
  class space    used 579K, capacity 630K, committed 640K, reserved 1048576K
}
{Heap before GC invocations=401 (full 32):
 PSYoungGen      total 155136K, used 129558K [0x00000007b5580000, 0x00000007c0000000, 0x00000007c0000000)
  eden space 135680K, 95% used [0x00000007b5580000,0x00000007bd3f2bb8,0x00000007bda00000)
  from space 19456K, 0% used [0x00000007bed00000,0x00000007bed12d68,0x00000007c0000000)
  to   space 19456K, 0% used [0x00000007bda00000,0x00000007bda00000,0x00000007bed00000)
 ParOldGen       total 349696K, used 265858K [0x00000007a0000000, 0x00000007b5580000, 0x00000007b5580000)
  object space 349696K, 76% used [0x00000007a0000000,0x00000007b03a08e8,0x00000007b5580000)
 Metaspace       used 5451K, capacity 5616K, committed 5760K, reserved 1056768K
  class space    used 579K, capacity 630K, committed 640K, reserved 1048576K
2018-07-25T18:08:30.397-0800: 32.678: [GC (Allocation Failure) [PSYoungGen: 129558K->9797K(155136K)] 395416K->327798K(504832K), 0.0132304 secs] [Times: user=0.09 sys=0.00, real=0.02 secs] 
Heap after GC invocations=401 (full 32):
 PSYoungGen      total 155136K, used 9797K [0x00000007b5580000, 0x00000007c0000000, 0x00000007c0000000)
  eden space 135680K, 0% used [0x00000007b5580000,0x00000007b5580000,0x00000007bda00000)
  from space 19456K, 50% used [0x00000007bda00000,0x00000007be391698,0x00000007bed00000)
  to   space 19456K, 0% used [0x00000007bed00000,0x00000007bed00000,0x00000007c0000000)
 ParOldGen       total 349696K, used 318000K [0x00000007a0000000, 0x00000007b5580000, 0x00000007b5580000)
  object space 349696K, 90% used [0x00000007a0000000,0x00000007b368c3e8,0x00000007b5580000)
 Metaspace       used 5451K, capacity 5616K, committed 5760K, reserved 1056768K
  class space    used 579K, capacity 630K, committed 640K, reserved 1048576K
}
{Heap before GC invocations=402 (full 33):
 PSYoungGen      total 155136K, used 9797K [0x00000007b5580000, 0x00000007c0000000, 0x00000007c0000000)
  eden space 135680K, 0% used [0x00000007b5580000,0x00000007b5580000,0x00000007bda00000)
  from space 19456K, 50% used [0x00000007bda00000,0x00000007be391698,0x00000007bed00000)
  to   space 19456K, 0% used [0x00000007bed00000,0x00000007bed00000,0x00000007c0000000)
 ParOldGen       total 349696K, used 318000K [0x00000007a0000000, 0x00000007b5580000, 0x00000007b5580000)
  object space 349696K, 90% used [0x00000007a0000000,0x00000007b368c3e8,0x00000007b5580000)
 Metaspace       used 5451K, capacity 5616K, committed 5760K, reserved 1056768K
  class space    used 579K, capacity 630K, committed 640K, reserved 1048576K
2018-07-25T18:08:30.411-0800: 32.691: [Full GC (Ergonomics) [PSYoungGen: 9797K->0K(155136K)] [ParOldGen: 318000K->73669K(349696K)] 327798K->73669K(504832K), [Metaspace: 5451K->5451K(1056768K)], 0.0170660 secs] [Times: user=0.09 sys=0.01, real=0.01 secs] 
Heap after GC invocations=402 (full 33):
 PSYoungGen      total 155136K, used 0K [0x00000007b5580000, 0x00000007c0000000, 0x00000007c0000000)
  eden space 135680K, 0% used [0x00000007b5580000,0x00000007b5580000,0x00000007bda00000)
  from space 19456K, 0% used [0x00000007bda00000,0x00000007bda00000,0x00000007bed00000)
  to   space 19456K, 0% used [0x00000007bed00000,0x00000007bed00000,0x00000007c0000000)
 ParOldGen       total 349696K, used 73669K [0x00000007a0000000, 0x00000007b5580000, 0x00000007b5580000)
  object space 349696K, 21% used [0x00000007a0000000,0x00000007a47f14d0,0x00000007b5580000)
 Metaspace       used 5451K, capacity 5616K, committed 5760K, reserved 1056768K
  class space    used 579K, capacity 630K, committed 640K, reserved 1048576K
}
{Heap before GC invocations=403 (full 33):
 PSYoungGen      total 155136K, used 129530K [0x00000007b5580000, 0x00000007c0000000, 0x00000007c0000000)
  eden space 135680K, 95% used [0x00000007b5580000,0x00000007bd3fea20,0x00000007bda00000)
  from space 19456K, 0% used [0x00000007bda00000,0x00000007bda00000,0x00000007bed00000)
  to   space 19456K, 0% used [0x00000007bed00000,0x00000007bed00000,0x00000007c0000000)
 ParOldGen       total 349696K, used 73669K [0x00000007a0000000, 0x00000007b5580000, 0x00000007b5580000)
  object space 349696K, 21% used [0x00000007a0000000,0x00000007a47f14d0,0x00000007b5580000)
 Metaspace       used 5451K, capacity 5616K, committed 5760K, reserved 1056768K
  class space    used 579K, capacity 630K, committed 640K, reserved 1048576K
2018-07-25T18:08:30.550-0800: 32.831: [GC (Allocation Failure) [PSYoungGen: 129530K->9873K(155136K)] 203199K->135625K(504832K), 0.0066536 secs] [Times: user=0.05 sys=0.00, real=0.00 secs] 
Heap after GC invocations=403 (full 33):
 PSYoungGen      total 155136K, used 9873K [0x00000007b5580000, 0x00000007c0000000, 0x00000007c0000000)
  eden space 135680K, 0% used [0x00000007b5580000,0x00000007b5580000,0x00000007bda00000)
  from space 19456K, 50% used [0x00000007bed00000,0x00000007bf6a4558,0x00000007c0000000)
  to   space 19456K, 0% used [0x00000007bda00000,0x00000007bda00000,0x00000007bed00000)
 ParOldGen       total 349696K, used 125752K [0x00000007a0000000, 0x00000007b5580000, 0x00000007b5580000)
  object space 349696K, 35% used [0x00000007a0000000,0x00000007a7ace2a0,0x00000007b5580000)
 Metaspace       used 5451K, capacity 5616K, committed 5760K, reserved 1056768K
  class space    used 579K, capacity 630K, committed 640K, reserved 1048576K
}
{Heap before GC invocations=404 (full 33):
 PSYoungGen      total 155136K, used 116359K [0x00000007b5580000, 0x00000007c0000000, 0x00000007c0000000)
  eden space 135680K, 78% used [0x00000007b5580000,0x00000007bbd7d990,0x00000007bda00000)
  from space 19456K, 50% used [0x00000007bed00000,0x00000007bf6a4558,0x00000007c0000000)
  to   space 19456K, 0% used [0x00000007bda00000,0x00000007bda00000,0x00000007bed00000)
 ParOldGen       total 349696K, used 125752K [0x00000007a0000000, 0x00000007b5580000, 0x00000007b5580000)
  object space 349696K, 35% used [0x00000007a0000000,0x00000007a7ace2a0,0x00000007b5580000)
 Metaspace       used 5451K, capacity 5616K, committed 5760K, reserved 1056768K
  class space    used 579K, capacity 630K, committed 640K, reserved 1048576K
2018-07-25T18:08:30.574-0800: 32.854: [GC (Allocation Failure) [PSYoungGen: 116359K->0K(155136K)] 242112K->161627K(504832K), 0.0093094 secs] [Times: user=0.06 sys=0.00, real=0.01 secs] 
Heap after GC invocations=404 (full 33):
 PSYoungGen      total 155136K, used 0K [0x00000007b5580000, 0x00000007c0000000, 0x00000007c0000000)
  eden space 135680K, 0% used [0x00000007b5580000,0x00000007b5580000,0x00000007bda00000)
  from space 19456K, 0% used [0x00000007bda00000,0x00000007bda00000,0x00000007bed00000)
  to   space 19456K, 0% used [0x00000007bed00000,0x00000007bed00000,0x00000007c0000000)
 ParOldGen       total 349696K, used 161627K [0x00000007a0000000, 0x00000007b5580000, 0x00000007b5580000)
  object space 349696K, 46% used [0x00000007a0000000,0x00000007a9dd6f00,0x00000007b5580000)
 Metaspace       used 5451K, capacity 5616K, committed 5760K, reserved 1056768K
  class space    used 579K, capacity 630K, committed 640K, reserved 1048576K
}
{Heap before GC invocations=405 (full 33):
 PSYoungGen      total 155136K, used 129276K [0x00000007b5580000, 0x00000007c0000000, 0x00000007c0000000)
  eden space 135680K, 95% used [0x00000007b5580000,0x00000007bd3bf008,0x00000007bda00000)
  from space 19456K, 0% used [0x00000007bda00000,0x00000007bda00000,0x00000007bed00000)
  to   space 19456K, 0% used [0x00000007bed00000,0x00000007bed00000,0x00000007c0000000)
 ParOldGen       total 349696K, used 161627K [0x00000007a0000000, 0x00000007b5580000, 0x00000007b5580000)
  object space 349696K, 46% used [0x00000007a0000000,0x00000007a9dd6f00,0x00000007b5580000)
 Metaspace       used 5451K, capacity 5616K, committed 5760K, reserved 1056768K
  class space    used 579K, capacity 630K, committed 640K, reserved 1048576K
2018-07-25T18:08:30.699-0800: 32.979: [GC (Allocation Failure) [PSYoungGen: 129276K->9937K(155136K)] 290903K->223648K(504832K), 0.0063693 secs] [Times: user=0.05 sys=0.00, real=0.01 secs] 
Heap after GC invocations=405 (full 33):
 PSYoungGen      total 155136K, used 9937K [0x00000007b5580000, 0x00000007c0000000, 0x00000007c0000000)
  eden space 135680K, 0% used [0x00000007b5580000,0x00000007b5580000,0x00000007bda00000)
  from space 19456K, 51% used [0x00000007bed00000,0x00000007bf6b46b0,0x00000007c0000000)
  to   space 19456K, 0% used [0x00000007bda00000,0x00000007bda00000,0x00000007bed00000)
 ParOldGen       total 349696K, used 213711K [0x00000007a0000000, 0x00000007b5580000, 0x00000007b5580000)
  object space 349696K, 61% used [0x00000007a0000000,0x00000007ad0b3cb0,0x00000007b5580000)
 Metaspace       used 5451K, capacity 5616K, committed 5760K, reserved 1056768K
  class space    used 579K, capacity 630K, committed 640K, reserved 1048576K
}
{Heap before GC invocations=406 (full 33):
 PSYoungGen      total 155136K, used 142605K [0x00000007b5580000, 0x00000007c0000000, 0x00000007c0000000)
  eden space 135680K, 97% used [0x00000007b5580000,0x00000007bd70f070,0x00000007bda00000)
  from space 19456K, 51% used [0x00000007bed00000,0x00000007bf6b46b0,0x00000007c0000000)
  to   space 19456K, 0% used [0x00000007bda00000,0x00000007bda00000,0x00000007bed00000)
 ParOldGen       total 349696K, used 213711K [0x00000007a0000000, 0x00000007b5580000, 0x00000007b5580000)
  object space 349696K, 61% used [0x00000007a0000000,0x00000007ad0b3cb0,0x00000007b5580000)
 Metaspace       used 5451K, capacity 5616K, committed 5760K, reserved 1056768K
  class space    used 579K, capacity 630K, committed 640K, reserved 1048576K
2018-07-25T18:08:30.800-0800: 33.081: [GC (Allocation Failure) [PSYoungGen: 142605K->108K(155136K)] 356316K->213819K(504832K), 0.0013232 secs] [Times: user=0.01 sys=0.00, real=0.00 secs] 
Heap after GC invocations=406 (full 33):
 PSYoungGen      total 155136K, used 108K [0x00000007b5580000, 0x00000007c0000000, 0x00000007c0000000)
  eden space 135680K, 0% used [0x00000007b5580000,0x00000007b5580000,0x00000007bda00000)
  from space 19456K, 0% used [0x00000007bda00000,0x00000007bda1b170,0x00000007bed00000)
  to   space 19456K, 0% used [0x00000007bed00000,0x00000007bed00000,0x00000007c0000000)
 ParOldGen       total 349696K, used 213711K [0x00000007a0000000, 0x00000007b5580000, 0x00000007b5580000)
  object space 349696K, 61% used [0x00000007a0000000,0x00000007ad0b3cb0,0x00000007b5580000)
 Metaspace       used 5451K, capacity 5616K, committed 5760K, reserved 1056768K
  class space    used 579K, capacity 630K, committed 640K, reserved 1048576K
}
{Heap before GC invocations=407 (full 33):
 PSYoungGen      total 155136K, used 129594K [0x00000007b5580000, 0x00000007c0000000, 0x00000007c0000000)
  eden space 135680K, 95% used [0x00000007b5580000,0x00000007bd3f36a8,0x00000007bda00000)
  from space 19456K, 0% used [0x00000007bda00000,0x00000007bda1b170,0x00000007bed00000)
  to   space 19456K, 0% used [0x00000007bed00000,0x00000007bed00000,0x00000007c0000000)
 ParOldGen       total 349696K, used 213711K [0x00000007a0000000, 0x00000007b5580000, 0x00000007b5580000)
  object space 349696K, 61% used [0x00000007a0000000,0x00000007ad0b3cb0,0x00000007b5580000)
 Metaspace       used 5451K, capacity 5616K, committed 5760K, reserved 1056768K
  class space    used 579K, capacity 630K, committed 640K, reserved 1048576K
2018-07-25T18:08:30.837-0800: 33.117: [GC (Allocation Failure) [PSYoungGen: 129594K->9797K(155136K)] 343305K->275652K(504832K), 0.0093329 secs] [Times: user=0.07 sys=0.00, real=0.01 secs] 
Heap after GC invocations=407 (full 33):
 PSYoungGen      total 155136K, used 9797K [0x00000007b5580000, 0x00000007c0000000, 0x00000007c0000000)
  eden space 135680K, 0% used [0x00000007b5580000,0x00000007b5580000,0x00000007bda00000)
  from space 19456K, 50% used [0x00000007bed00000,0x00000007bf691698,0x00000007c0000000)
  to   space 19456K, 0% used [0x00000007bda00000,0x00000007bda00000,0x00000007bed00000)
 ParOldGen       total 349696K, used 265854K [0x00000007a0000000, 0x00000007b5580000, 0x00000007b5580000)
  object space 349696K, 76% used [0x00000007a0000000,0x00000007b039fbb8,0x00000007b5580000)
 Metaspace       used 5451K, capacity 5616K, committed 5760K, reserved 1056768K
  class space    used 579K, capacity 630K, committed 640K, reserved 1048576K
}
{Heap before GC invocations=408 (full 33):
 PSYoungGen      total 155136K, used 139329K [0x00000007b5580000, 0x00000007c0000000, 0x00000007c0000000)
  eden space 135680K, 95% used [0x00000007b5580000,0x00000007bd3ff140,0x00000007bda00000)
  from space 19456K, 50% used [0x00000007bed00000,0x00000007bf691698,0x00000007c0000000)
  to   space 19456K, 0% used [0x00000007bda00000,0x00000007bda00000,0x00000007bed00000)
 ParOldGen       total 349696K, used 265854K [0x00000007a0000000, 0x00000007b5580000, 0x00000007b5580000)
  object space 349696K, 76% used [0x00000007a0000000,0x00000007b039fbb8,0x00000007b5580000)
 Metaspace       used 5451K, capacity 5616K, committed 5760K, reserved 1056768K
  class space    used 579K, capacity 630K, committed 640K, reserved 1048576K
2018-07-25T18:08:30.961-0800: 33.241: [GC (Allocation Failure) [PSYoungGen: 139329K->9874K(155136K)] 405184K->301770K(504832K), 0.0050415 secs] [Times: user=0.04 sys=0.00, real=0.00 secs] 
Heap after GC invocations=408 (full 33):
 PSYoungGen      total 155136K, used 9874K [0x00000007b5580000, 0x00000007c0000000, 0x00000007c0000000)
  eden space 135680K, 0% used [0x00000007b5580000,0x00000007b5580000,0x00000007bda00000)
  from space 19456K, 50% used [0x00000007bda00000,0x00000007be3a4960,0x00000007bed00000)
  to   space 19456K, 0% used [0x00000007bed00000,0x00000007bed00000,0x00000007c0000000)
 ParOldGen       total 349696K, used 291896K [0x00000007a0000000, 0x00000007b5580000, 0x00000007b5580000)
  object space 349696K, 83% used [0x00000007a0000000,0x00000007b1d0e280,0x00000007b5580000)
 Metaspace       used 5451K, capacity 5616K, committed 5760K, reserved 1056768K
  class space    used 579K, capacity 630K, committed 640K, reserved 1048576K
}
{Heap before GC invocations=409 (full 34):
 PSYoungGen      total 155136K, used 9874K [0x00000007b5580000, 0x00000007c0000000, 0x00000007c0000000)
  eden space 135680K, 0% used [0x00000007b5580000,0x00000007b5580000,0x00000007bda00000)
  from space 19456K, 50% used [0x00000007bda00000,0x00000007be3a4960,0x00000007bed00000)
  to   space 19456K, 0% used [0x00000007bed00000,0x00000007bed00000,0x00000007c0000000)
 ParOldGen       total 349696K, used 291896K [0x00000007a0000000, 0x00000007b5580000, 0x00000007b5580000)
  object space 349696K, 83% used [0x00000007a0000000,0x00000007b1d0e280,0x00000007b5580000)
 Metaspace       used 5451K, capacity 5616K, committed 5760K, reserved 1056768K
  class space    used 579K, capacity 630K, committed 640K, reserved 1048576K
2018-07-25T18:08:30.966-0800: 33.247: [Full GC (Ergonomics) [PSYoungGen: 9874K->0K(155136K)] [ParOldGen: 291896K->47628K(349696K)] 301770K->47628K(504832K), [Metaspace: 5451K->5451K(1056768K)], 0.0076490 secs] [Times: user=0.03 sys=0.00, real=0.01 secs] 
Heap after GC invocations=409 (full 34):
 PSYoungGen      total 155136K, used 0K [0x00000007b5580000, 0x00000007c0000000, 0x00000007c0000000)
  eden space 135680K, 0% used [0x00000007b5580000,0x00000007b5580000,0x00000007bda00000)
  from space 19456K, 0% used [0x00000007bda00000,0x00000007bda00000,0x00000007bed00000)
  to   space 19456K, 0% used [0x00000007bed00000,0x00000007bed00000,0x00000007c0000000)
 ParOldGen       total 349696K, used 47628K [0x00000007a0000000, 0x00000007b5580000, 0x00000007b5580000)
  object space 349696K, 13% used [0x00000007a0000000,0x00000007a2e833a8,0x00000007b5580000)
 Metaspace       used 5451K, capacity 5616K, committed 5760K, reserved 1056768K
  class space    used 579K, capacity 630K, committed 640K, reserved 1048576K
}
{Heap before GC invocations=410 (full 34):
 PSYoungGen      total 155136K, used 106487K [0x00000007b5580000, 0x00000007c0000000, 0x00000007c0000000)
  eden space 135680K, 78% used [0x00000007b5580000,0x00000007bbd7de28,0x00000007bda00000)
  from space 19456K, 0% used [0x00000007bda00000,0x00000007bda00000,0x00000007bed00000)
  to   space 19456K, 0% used [0x00000007bed00000,0x00000007bed00000,0x00000007c0000000)
 ParOldGen       total 349696K, used 47628K [0x00000007a0000000, 0x00000007b5580000, 0x00000007b5580000)
  object space 349696K, 13% used [0x00000007a0000000,0x00000007a2e833a8,0x00000007b5580000)
 Metaspace       used 5451K, capacity 5616K, committed 5760K, reserved 1056768K
  class space    used 579K, capacity 630K, committed 640K, reserved 1048576K
2018-07-25T18:08:30.987-0800: 33.267: [GC (Allocation Failure) [PSYoungGen: 106487K->0K(155136K)] 154116K->125754K(504832K), 0.0107637 secs] [Times: user=0.08 sys=0.00, real=0.01 secs] 
Heap after GC invocations=410 (full 34):
 PSYoungGen      total 155136K, used 0K [0x00000007b5580000, 0x00000007c0000000, 0x00000007c0000000)
  eden space 135680K, 0% used [0x00000007b5580000,0x00000007b5580000,0x00000007bda00000)
  from space 19456K, 0% used [0x00000007bed00000,0x00000007bed00000,0x00000007c0000000)
  to   space 19456K, 0% used [0x00000007bda00000,0x00000007bda00000,0x00000007bed00000)
 ParOldGen       total 349696K, used 125754K [0x00000007a0000000, 0x00000007b5580000, 0x00000007b5580000)
  object space 349696K, 35% used [0x00000007a0000000,0x00000007a7ace848,0x00000007b5580000)
 Metaspace       used 5451K, capacity 5616K, committed 5760K, reserved 1056768K
  class space    used 579K, capacity 630K, committed 640K, reserved 1048576K
}
{Heap before GC invocations=411 (full 34):
 PSYoungGen      total 155136K, used 128926K [0x00000007b5580000, 0x00000007c0000000, 0x00000007c0000000)
  eden space 135680K, 95% used [0x00000007b5580000,0x00000007bd3679a0,0x00000007bda00000)
  from space 19456K, 0% used [0x00000007bed00000,0x00000007bed00000,0x00000007c0000000)
  to   space 19456K, 0% used [0x00000007bda00000,0x00000007bda00000,0x00000007bed00000)
 ParOldGen       total 349696K, used 125754K [0x00000007a0000000, 0x00000007b5580000, 0x00000007b5580000)
  object space 349696K, 35% used [0x00000007a0000000,0x00000007a7ace848,0x00000007b5580000)
 Metaspace       used 5451K, capacity 5616K, committed 5760K, reserved 1056768K
  class space    used 579K, capacity 630K, committed 640K, reserved 1048576K
2018-07-25T18:08:31.113-0800: 33.394: [GC (Allocation Failure) [PSYoungGen: 128926K->9874K(155136K)] 254680K->187712K(504832K), 0.0055804 secs] [Times: user=0.04 sys=0.00, real=0.00 secs] 
Heap after GC invocations=411 (full 34):
 PSYoungGen      total 155136K, used 9874K [0x00000007b5580000, 0x00000007c0000000, 0x00000007c0000000)
  eden space 135680K, 0% used [0x00000007b5580000,0x00000007b5580000,0x00000007bda00000)
  from space 19456K, 50% used [0x00000007bda00000,0x00000007be3a4ab8,0x00000007bed00000)
  to   space 19456K, 0% used [0x00000007bed00000,0x00000007bed00000,0x00000007c0000000)
 ParOldGen       total 349696K, used 177837K [0x00000007a0000000, 0x00000007b5580000, 0x00000007b5580000)
  object space 349696K, 50% used [0x00000007a0000000,0x00000007aadab5f8,0x00000007b5580000)
 Metaspace       used 5451K, capacity 5616K, committed 5760K, reserved 1056768K
  class space    used 579K, capacity 630K, committed 640K, reserved 1048576K
}
{Heap before GC invocations=412 (full 34):
 PSYoungGen      total 155136K, used 142315K [0x00000007b5580000, 0x00000007c0000000, 0x00000007c0000000)
  eden space 135680K, 97% used [0x00000007b5580000,0x00000007bd6d6378,0x00000007bda00000)
  from space 19456K, 50% used [0x00000007bda00000,0x00000007be3a4ab8,0x00000007bed00000)
  to   space 19456K, 0% used [0x00000007bed00000,0x00000007bed00000,0x00000007c0000000)
 ParOldGen       total 349696K, used 177837K [0x00000007a0000000, 0x00000007b5580000, 0x00000007b5580000)
  object space 349696K, 50% used [0x00000007a0000000,0x00000007aadab5f8,0x00000007b5580000)
 Metaspace       used 5451K, capacity 5616K, committed 5760K, reserved 1056768K
  class space    used 579K, capacity 630K, committed 640K, reserved 1048576K
2018-07-25T18:08:31.213-0800: 33.494: [GC (Allocation Failure) [PSYoungGen: 142315K->141K(155136K)] 320153K->177978K(504832K), 0.0011375 secs] [Times: user=0.00 sys=0.00, real=0.00 secs] 
Heap after GC invocations=412 (full 34):
 PSYoungGen      total 155136K, used 141K [0x00000007b5580000, 0x00000007c0000000, 0x00000007c0000000)
  eden space 135680K, 0% used [0x00000007b5580000,0x00000007b5580000,0x00000007bda00000)
  from space 19456K, 0% used [0x00000007bed00000,0x00000007bed23578,0x00000007c0000000)
  to   space 19456K, 0% used [0x00000007bda00000,0x00000007bda00000,0x00000007bed00000)
 ParOldGen       total 349696K, used 177837K [0x00000007a0000000, 0x00000007b5580000, 0x00000007b5580000)
  object space 349696K, 50% used [0x00000007a0000000,0x00000007aadab5f8,0x00000007b5580000)
 Metaspace       used 5451K, capacity 5616K, committed 5760K, reserved 1056768K
  class space    used 579K, capacity 630K, committed 640K, reserved 1048576K
}
{Heap before GC invocations=413 (full 34):
 PSYoungGen      total 155136K, used 129480K [0x00000007b5580000, 0x00000007c0000000, 0x00000007c0000000)
  eden space 135680K, 95% used [0x00000007b5580000,0x00000007bd3cee60,0x00000007bda00000)
  from space 19456K, 0% used [0x00000007bed00000,0x00000007bed23578,0x00000007c0000000)
  to   space 19456K, 0% used [0x00000007bda00000,0x00000007bda00000,0x00000007bed00000)
 ParOldGen       total 349696K, used 177837K [0x00000007a0000000, 0x00000007b5580000, 0x00000007b5580000)
  object space 349696K, 50% used [0x00000007a0000000,0x00000007aadab5f8,0x00000007b5580000)
 Metaspace       used 5451K, capacity 5616K, committed 5760K, reserved 1056768K
  class space    used 579K, capacity 630K, committed 640K, reserved 1048576K
2018-07-25T18:08:31.244-0800: 33.524: [GC (Allocation Failure) [PSYoungGen: 129480K->9797K(155136K)] 307318K->239779K(504832K), 0.0080375 secs] [Times: user=0.06 sys=0.00, real=0.01 secs] 
Heap after GC invocations=413 (full 34):
 PSYoungGen      total 155136K, used 9797K [0x00000007b5580000, 0x00000007c0000000, 0x00000007c0000000)
  eden space 135680K, 0% used [0x00000007b5580000,0x00000007b5580000,0x00000007bda00000)
  from space 19456K, 50% used [0x00000007bda00000,0x00000007be391698,0x00000007bed00000)
  to   space 19456K, 0% used [0x00000007bed00000,0x00000007bed00000,0x00000007c0000000)
 ParOldGen       total 349696K, used 229982K [0x00000007a0000000, 0x00000007b5580000, 0x00000007b5580000)
  object space 349696K, 65% used [0x00000007a0000000,0x00000007ae097908,0x00000007b5580000)
 Metaspace       used 5451K, capacity 5616K, committed 5760K, reserved 1056768K
  class space    used 579K, capacity 630K, committed 640K, reserved 1048576K
}
{Heap before GC invocations=414 (full 34):
 PSYoungGen      total 155136K, used 139236K [0x00000007b5580000, 0x00000007c0000000, 0x00000007c0000000)
  eden space 135680K, 95% used [0x00000007b5580000,0x00000007bd3e79d0,0x00000007bda00000)
  from space 19456K, 50% used [0x00000007bda00000,0x00000007be391698,0x00000007bed00000)
  to   space 19456K, 0% used [0x00000007bed00000,0x00000007bed00000,0x00000007c0000000)
 ParOldGen       total 349696K, used 229982K [0x00000007a0000000, 0x00000007b5580000, 0x00000007b5580000)
  object space 349696K, 65% used [0x00000007a0000000,0x00000007ae097908,0x00000007b5580000)
 Metaspace       used 5451K, capacity 5616K, committed 5760K, reserved 1056768K
  class space    used 579K, capacity 630K, committed 640K, reserved 1048576K
2018-07-25T18:08:31.363-0800: 33.644: [GC (Allocation Failure) [PSYoungGen: 139236K->9875K(155136K)] 369218K->265899K(504832K), 0.0046456 secs] [Times: user=0.03 sys=0.00, real=0.00 secs] 
Heap after GC invocations=414 (full 34):
 PSYoungGen      total 155136K, used 9875K [0x00000007b5580000, 0x00000007c0000000, 0x00000007c0000000)
  eden space 135680K, 0% used [0x00000007b5580000,0x00000007b5580000,0x00000007bda00000)
  from space 19456K, 50% used [0x00000007bed00000,0x00000007bf6a4d68,0x00000007c0000000)
  to   space 19456K, 0% used [0x00000007bda00000,0x00000007bda00000,0x00000007bed00000)
 ParOldGen       total 349696K, used 256023K [0x00000007a0000000, 0x00000007b5580000, 0x00000007b5580000)
  object space 349696K, 73% used [0x00000007a0000000,0x00000007afa05fd0,0x00000007b5580000)
 Metaspace       used 5451K, capacity 5616K, committed 5760K, reserved 1056768K
  class space    used 579K, capacity 630K, committed 640K, reserved 1048576K
}
{Heap before GC invocations=415 (full 34):
 PSYoungGen      total 155136K, used 116302K [0x00000007b5580000, 0x00000007c0000000, 0x00000007c0000000)
  eden space 135680K, 78% used [0x00000007b5580000,0x00000007bbd6ec00,0x00000007bda00000)
  from space 19456K, 50% used [0x00000007bed00000,0x00000007bf6a4d68,0x00000007c0000000)
  to   space 19456K, 0% used [0x00000007bda00000,0x00000007bda00000,0x00000007bed00000)
 ParOldGen       total 349696K, used 256023K [0x00000007a0000000, 0x00000007b5580000, 0x00000007b5580000)
  object space 349696K, 73% used [0x00000007a0000000,0x00000007afa05fd0,0x00000007b5580000)
 Metaspace       used 5451K, capacity 5616K, committed 5760K, reserved 1056768K
  class space    used 579K, capacity 630K, committed 640K, reserved 1048576K
2018-07-25T18:08:31.381-0800: 33.661: [GC (Allocation Failure) [PSYoungGen: 116302K->0K(155136K)] 372326K->291901K(504832K), 0.0054937 secs] [Times: user=0.03 sys=0.00, real=0.00 secs] 
Heap after GC invocations=415 (full 34):
 PSYoungGen      total 155136K, used 0K [0x00000007b5580000, 0x00000007c0000000, 0x00000007c0000000)
  eden space 135680K, 0% used [0x00000007b5580000,0x00000007b5580000,0x00000007bda00000)
  from space 19456K, 0% used [0x00000007bda00000,0x00000007bda00000,0x00000007bed00000)
  to   space 19456K, 0% used [0x00000007bed00000,0x00000007bed00000,0x00000007c0000000)
 ParOldGen       total 349696K, used 291901K [0x00000007a0000000, 0x00000007b5580000, 0x00000007b5580000)
  object space 349696K, 83% used [0x00000007a0000000,0x00000007b1d0f440,0x00000007b5580000)
 Metaspace       used 5451K, capacity 5616K, committed 5760K, reserved 1056768K
  class space    used 579K, capacity 630K, committed 640K, reserved 1048576K
}
{Heap before GC invocations=416 (full 35):
 PSYoungGen      total 155136K, used 0K [0x00000007b5580000, 0x00000007c0000000, 0x00000007c0000000)
  eden space 135680K, 0% used [0x00000007b5580000,0x00000007b5580000,0x00000007bda00000)
  from space 19456K, 0% used [0x00000007bda00000,0x00000007bda00000,0x00000007bed00000)
  to   space 19456K, 0% used [0x00000007bed00000,0x00000007bed00000,0x00000007c0000000)
 ParOldGen       total 349696K, used 291901K [0x00000007a0000000, 0x00000007b5580000, 0x00000007b5580000)
  object space 349696K, 83% used [0x00000007a0000000,0x00000007b1d0f440,0x00000007b5580000)
 Metaspace       used 5451K, capacity 5616K, committed 5760K, reserved 1056768K
  class space    used 579K, capacity 630K, committed 640K, reserved 1048576K
2018-07-25T18:08:31.386-0800: 33.667: [Full GC (Ergonomics) [PSYoungGen: 0K->0K(155136K)] [ParOldGen: 291901K->47629K(349696K)] 291901K->47629K(504832K), [Metaspace: 5451K->5451K(1056768K)], 0.0083493 secs] [Times: user=0.04 sys=0.00, real=0.01 secs] 
Heap after GC invocations=416 (full 35):
 PSYoungGen      total 155136K, used 0K [0x00000007b5580000, 0x00000007c0000000, 0x00000007c0000000)
  eden space 135680K, 0% used [0x00000007b5580000,0x00000007b5580000,0x00000007bda00000)
  from space 19456K, 0% used [0x00000007bda00000,0x00000007bda00000,0x00000007bed00000)
  to   space 19456K, 0% used [0x00000007bed00000,0x00000007bed00000,0x00000007c0000000)
 ParOldGen       total 349696K, used 47629K [0x00000007a0000000, 0x00000007b5580000, 0x00000007b5580000)
  object space 349696K, 13% used [0x00000007a0000000,0x00000007a2e83790,0x00000007b5580000)
 Metaspace       used 5451K, capacity 5616K, committed 5760K, reserved 1056768K
  class space    used 579K, capacity 630K, committed 640K, reserved 1048576K
}
{Heap before GC invocations=417 (full 35):
 PSYoungGen      total 155136K, used 129237K [0x00000007b5580000, 0x00000007c0000000, 0x00000007c0000000)
  eden space 135680K, 95% used [0x00000007b5580000,0x00000007bd3b57b8,0x00000007bda00000)
  from space 19456K, 0% used [0x00000007bda00000,0x00000007bda00000,0x00000007bed00000)
  to   space 19456K, 0% used [0x00000007bed00000,0x00000007bed00000,0x00000007c0000000)
 ParOldGen       total 349696K, used 47629K [0x00000007a0000000, 0x00000007b5580000, 0x00000007b5580000)
  object space 349696K, 13% used [0x00000007a0000000,0x00000007a2e83790,0x00000007b5580000)
 Metaspace       used 5451K, capacity 5616K, committed 5760K, reserved 1056768K
  class space    used 579K, capacity 630K, committed 640K, reserved 1048576K
2018-07-25T18:08:31.507-0800: 33.787: [GC (Allocation Failure) [PSYoungGen: 129237K->9939K(155136K)] 176867K->109653K(504832K), 0.0057850 secs] [Times: user=0.04 sys=0.00, real=0.01 secs] 
Heap after GC invocations=417 (full 35):
 PSYoungGen      total 155136K, used 9939K [0x00000007b5580000, 0x00000007c0000000, 0x00000007c0000000)
  eden space 135680K, 0% used [0x00000007b5580000,0x00000007b5580000,0x00000007bda00000)
  from space 19456K, 51% used [0x00000007bed00000,0x00000007bf6b4ec0,0x00000007c0000000)
  to   space 19456K, 0% used [0x00000007bda00000,0x00000007bda00000,0x00000007bed00000)
 ParOldGen       total 349696K, used 99713K [0x00000007a0000000, 0x00000007b5580000, 0x00000007b5580000)
  object space 349696K, 28% used [0x00000007a0000000,0x00000007a6160540,0x00000007b5580000)
 Metaspace       used 5451K, capacity 5616K, committed 5760K, reserved 1056768K
  class space    used 579K, capacity 630K, committed 640K, reserved 1048576K
}
{Heap before GC invocations=418 (full 35):
 PSYoungGen      total 155136K, used 142566K [0x00000007b5580000, 0x00000007c0000000, 0x00000007c0000000)
  eden space 135680K, 97% used [0x00000007b5580000,0x00000007bd704a48,0x00000007bda00000)
  from space 19456K, 51% used [0x00000007bed00000,0x00000007bf6b4ec0,0x00000007c0000000)
  to   space 19456K, 0% used [0x00000007bda00000,0x00000007bda00000,0x00000007bed00000)
 ParOldGen       total 349696K, used 99713K [0x00000007a0000000, 0x00000007b5580000, 0x00000007b5580000)
  object space 349696K, 28% used [0x00000007a0000000,0x00000007a6160540,0x00000007b5580000)
 Metaspace       used 5451K, capacity 5616K, committed 5760K, reserved 1056768K
  class space    used 579K, capacity 630K, committed 640K, reserved 1048576K
2018-07-25T18:08:31.606-0800: 33.886: [GC (Allocation Failure) [PSYoungGen: 142566K->174K(155136K)] 242279K->99887K(504832K), 0.0012094 secs] [Times: user=0.01 sys=0.00, real=0.00 secs] 
Heap after GC invocations=418 (full 35):
 PSYoungGen      total 155136K, used 174K [0x00000007b5580000, 0x00000007c0000000, 0x00000007c0000000)
  eden space 135680K, 0% used [0x00000007b5580000,0x00000007b5580000,0x00000007bda00000)
  from space 19456K, 0% used [0x00000007bda00000,0x00000007bda2b980,0x00000007bed00000)
  to   space 19456K, 0% used [0x00000007bed00000,0x00000007bed00000,0x00000007c0000000)
 ParOldGen       total 349696K, used 99713K [0x00000007a0000000, 0x00000007b5580000, 0x00000007b5580000)
  object space 349696K, 28% used [0x00000007a0000000,0x00000007a6160540,0x00000007b5580000)
 Metaspace       used 5451K, capacity 5616K, committed 5760K, reserved 1056768K
  class space    used 579K, capacity 630K, committed 640K, reserved 1048576K
}
{Heap before GC invocations=419 (full 35):
 PSYoungGen      total 155136K, used 129633K [0x00000007b5580000, 0x00000007c0000000, 0x00000007c0000000)
  eden space 135680K, 95% used [0x00000007b5580000,0x00000007bd3ecc10,0x00000007bda00000)
  from space 19456K, 0% used [0x00000007bda00000,0x00000007bda2b980,0x00000007bed00000)
  to   space 19456K, 0% used [0x00000007bed00000,0x00000007bed00000,0x00000007c0000000)
 ParOldGen       total 349696K, used 99713K [0x00000007a0000000, 0x00000007b5580000, 0x00000007b5580000)
  object space 349696K, 28% used [0x00000007a0000000,0x00000007a6160540,0x00000007b5580000)
 Metaspace       used 5451K, capacity 5616K, committed 5760K, reserved 1056768K
  class space    used 579K, capacity 630K, committed 640K, reserved 1048576K
2018-07-25T18:08:31.638-0800: 33.919: [GC (Allocation Failure) [PSYoungGen: 129633K->9797K(155136K)] 229346K->161672K(504832K), 0.0072334 secs] [Times: user=0.05 sys=0.00, real=0.01 secs] 
Heap after GC invocations=419 (full 35):
 PSYoungGen      total 155136K, used 9797K [0x00000007b5580000, 0x00000007c0000000, 0x00000007c0000000)
  eden space 135680K, 0% used [0x00000007b5580000,0x00000007b5580000,0x00000007bda00000)
  from space 19456K, 50% used [0x00000007bed00000,0x00000007bf691698,0x00000007c0000000)
  to   space 19456K, 0% used [0x00000007bda00000,0x00000007bda00000,0x00000007bed00000)
 ParOldGen       total 349696K, used 151875K [0x00000007a0000000, 0x00000007b5580000, 0x00000007b5580000)
  object space 349696K, 43% used [0x00000007a0000000,0x00000007a9450c58,0x00000007b5580000)
 Metaspace       used 5451K, capacity 5616K, committed 5760K, reserved 1056768K
  class space    used 579K, capacity 630K, committed 640K, reserved 1048576K
}
{Heap before GC invocations=420 (full 35):
 PSYoungGen      total 155136K, used 139312K [0x00000007b5580000, 0x00000007c0000000, 0x00000007c0000000)
  eden space 135680K, 95% used [0x00000007b5580000,0x00000007bd3facf8,0x00000007bda00000)
  from space 19456K, 50% used [0x00000007bed00000,0x00000007bf691698,0x00000007c0000000)
  to   space 19456K, 0% used [0x00000007bda00000,0x00000007bda00000,0x00000007bed00000)
 ParOldGen       total 349696K, used 151875K [0x00000007a0000000, 0x00000007b5580000, 0x00000007b5580000)
  object space 349696K, 43% used [0x00000007a0000000,0x00000007a9450c58,0x00000007b5580000)
 Metaspace       used 5451K, capacity 5616K, committed 5760K, reserved 1056768K
  class space    used 579K, capacity 630K, committed 640K, reserved 1048576K
2018-07-25T18:08:31.753-0800: 34.034: [GC (Allocation Failure) [PSYoungGen: 139312K->9908K(155136K)] 291187K->187825K(504832K), 0.0047471 secs] [Times: user=0.03 sys=0.00, real=0.00 secs] 
Heap after GC invocations=420 (full 35):
 PSYoungGen      total 155136K, used 9908K [0x00000007b5580000, 0x00000007c0000000, 0x00000007c0000000)
  eden space 135680K, 0% used [0x00000007b5580000,0x00000007b5580000,0x00000007bda00000)
  from space 19456K, 50% used [0x00000007bda00000,0x00000007be3ad170,0x00000007bed00000)
  to   space 19456K, 0% used [0x00000007bed00000,0x00000007bed00000,0x00000007c0000000)
 ParOldGen       total 349696K, used 177916K [0x00000007a0000000, 0x00000007b5580000, 0x00000007b5580000)
  object space 349696K, 50% used [0x00000007a0000000,0x00000007aadbf320,0x00000007b5580000)
 Metaspace       used 5451K, capacity 5616K, committed 5760K, reserved 1056768K
  class space    used 579K, capacity 630K, committed 640K, reserved 1048576K
}
{Heap before GC invocations=421 (full 35):
 PSYoungGen      total 155136K, used 116384K [0x00000007b5580000, 0x00000007c0000000, 0x00000007c0000000)
  eden space 135680K, 78% used [0x00000007b5580000,0x00000007bbd7b220,0x00000007bda00000)
  from space 19456K, 50% used [0x00000007bda00000,0x00000007be3ad170,0x00000007bed00000)
  to   space 19456K, 0% used [0x00000007bed00000,0x00000007bed00000,0x00000007c0000000)
 ParOldGen       total 349696K, used 177916K [0x00000007a0000000, 0x00000007b5580000, 0x00000007b5580000)
  object space 349696K, 50% used [0x00000007a0000000,0x00000007aadbf320,0x00000007b5580000)
 Metaspace       used 5451K, capacity 5616K, committed 5760K, reserved 1056768K
  class space    used 579K, capacity 630K, committed 640K, reserved 1048576K
2018-07-25T18:08:31.773-0800: 34.053: [GC (Allocation Failure) [PSYoungGen: 116384K->0K(155136K)] 294301K->213786K(504832K), 0.0044125 secs] [Times: user=0.04 sys=0.00, real=0.00 secs] 
Heap after GC invocations=421 (full 35):
 PSYoungGen      total 155136K, used 0K [0x00000007b5580000, 0x00000007c0000000, 0x00000007c0000000)
  eden space 135680K, 0% used [0x00000007b5580000,0x00000007b5580000,0x00000007bda00000)
  from space 19456K, 0% used [0x00000007bed00000,0x00000007bed00000,0x00000007c0000000)
  to   space 19456K, 0% used [0x00000007bda00000,0x00000007bda00000,0x00000007bed00000)
 ParOldGen       total 349696K, used 213786K [0x00000007a0000000, 0x00000007b5580000, 0x00000007b5580000)
  object space 349696K, 61% used [0x00000007a0000000,0x00000007ad0c6b98,0x00000007b5580000)
 Metaspace       used 5451K, capacity 5616K, committed 5760K, reserved 1056768K
  class space    used 579K, capacity 630K, committed 640K, reserved 1048576K
}
{Heap before GC invocations=422 (full 35):
 PSYoungGen      total 155136K, used 129269K [0x00000007b5580000, 0x00000007c0000000, 0x00000007c0000000)
  eden space 135680K, 95% used [0x00000007b5580000,0x00000007bd3bd720,0x00000007bda00000)
  from space 19456K, 0% used [0x00000007bed00000,0x00000007bed00000,0x00000007c0000000)
  to   space 19456K, 0% used [0x00000007bda00000,0x00000007bda00000,0x00000007bed00000)
 ParOldGen       total 349696K, used 213786K [0x00000007a0000000, 0x00000007b5580000, 0x00000007b5580000)
  object space 349696K, 61% used [0x00000007a0000000,0x00000007ad0c6b98,0x00000007b5580000)
 Metaspace       used 5451K, capacity 5616K, committed 5760K, reserved 1056768K
  class space    used 579K, capacity 630K, committed 640K, reserved 1048576K
2018-07-25T18:08:31.887-0800: 34.167: [GC (Allocation Failure) [PSYoungGen: 129269K->9940K(155136K)] 343056K->275811K(504832K), 0.0057958 secs] [Times: user=0.04 sys=0.00, real=0.01 secs] 
Heap after GC invocations=422 (full 35):
 PSYoungGen      total 155136K, used 9940K [0x00000007b5580000, 0x00000007c0000000, 0x00000007c0000000)
  eden space 135680K, 0% used [0x00000007b5580000,0x00000007b5580000,0x00000007bda00000)
  from space 19456K, 51% used [0x00000007bda00000,0x00000007be3b52c8,0x00000007bed00000)
  to   space 19456K, 0% used [0x00000007bed00000,0x00000007bed00000,0x00000007c0000000)
 ParOldGen       total 349696K, used 265870K [0x00000007a0000000, 0x00000007b5580000, 0x00000007b5580000)
  object space 349696K, 76% used [0x00000007a0000000,0x00000007b03a3948,0x00000007b5580000)
 Metaspace       used 5451K, capacity 5616K, committed 5760K, reserved 1056768K
  class space    used 579K, capacity 630K, committed 640K, reserved 1048576K
}
{Heap before GC invocations=423 (full 35):
 PSYoungGen      total 155136K, used 142604K [0x00000007b5580000, 0x00000007c0000000, 0x00000007c0000000)
  eden space 135680K, 97% used [0x00000007b5580000,0x00000007bd70e040,0x00000007bda00000)
  from space 19456K, 51% used [0x00000007bda00000,0x00000007be3b52c8,0x00000007bed00000)
  to   space 19456K, 0% used [0x00000007bed00000,0x00000007bed00000,0x00000007c0000000)
 ParOldGen       total 349696K, used 265870K [0x00000007a0000000, 0x00000007b5580000, 0x00000007b5580000)
  object space 349696K, 76% used [0x00000007a0000000,0x00000007b03a3948,0x00000007b5580000)
 Metaspace       used 5451K, capacity 5616K, committed 5760K, reserved 1056768K
  class space    used 579K, capacity 630K, committed 640K, reserved 1048576K
2018-07-25T18:08:31.997-0800: 34.277: [GC (Allocation Failure) [PSYoungGen: 142604K->111K(155136K)] 408475K->265981K(504832K), 0.0016349 secs] [Times: user=0.01 sys=0.00, real=0.00 secs] 
Heap after GC invocations=423 (full 35):
 PSYoungGen      total 155136K, used 111K [0x00000007b5580000, 0x00000007c0000000, 0x00000007c0000000)
  eden space 135680K, 0% used [0x00000007b5580000,0x00000007b5580000,0x00000007bda00000)
  from space 19456K, 0% used [0x00000007bed00000,0x00000007bed1bd88,0x00000007c0000000)
  to   space 19456K, 0% used [0x00000007bda00000,0x00000007bda00000,0x00000007bed00000)
 ParOldGen       total 349696K, used 265870K [0x00000007a0000000, 0x00000007b5580000, 0x00000007b5580000)
  object space 349696K, 76% used [0x00000007a0000000,0x00000007b03a3948,0x00000007b5580000)
 Metaspace       used 5451K, capacity 5616K, committed 5760K, reserved 1056768K
  class space    used 579K, capacity 630K, committed 640K, reserved 1048576K
}
{Heap before GC invocations=424 (full 35):
 PSYoungGen      total 155136K, used 129594K [0x00000007b5580000, 0x00000007c0000000, 0x00000007c0000000)
  eden space 135680K, 95% used [0x00000007b5580000,0x00000007bd3f2c98,0x00000007bda00000)
  from space 19456K, 0% used [0x00000007bed00000,0x00000007bed1bd88,0x00000007c0000000)
  to   space 19456K, 0% used [0x00000007bda00000,0x00000007bda00000,0x00000007bed00000)
 ParOldGen       total 349696K, used 265870K [0x00000007a0000000, 0x00000007b5580000, 0x00000007b5580000)
  object space 349696K, 76% used [0x00000007a0000000,0x00000007b03a3948,0x00000007b5580000)
 Metaspace       used 5451K, capacity 5616K, committed 5760K, reserved 1056768K
  class space    used 579K, capacity 630K, committed 640K, reserved 1048576K
2018-07-25T18:08:32.034-0800: 34.314: [GC (Allocation Failure) [PSYoungGen: 129594K->9797K(155136K)] 395464K->327814K(504832K), 0.0124194 secs] [Times: user=0.10 sys=0.00, real=0.01 secs] 
Heap after GC invocations=424 (full 35):
 PSYoungGen      total 155136K, used 9797K [0x00000007b5580000, 0x00000007c0000000, 0x00000007c0000000)
  eden space 135680K, 0% used [0x00000007b5580000,0x00000007b5580000,0x00000007bda00000)
  from space 19456K, 50% used [0x00000007bda00000,0x00000007be391698,0x00000007bed00000)
  to   space 19456K, 0% used [0x00000007bed00000,0x00000007bed00000,0x00000007c0000000)
 ParOldGen       total 349696K, used 318017K [0x00000007a0000000, 0x00000007b5580000, 0x00000007b5580000)
  object space 349696K, 90% used [0x00000007a0000000,0x00000007b3690468,0x00000007b5580000)
 Metaspace       used 5451K, capacity 5616K, committed 5760K, reserved 1056768K
  class space    used 579K, capacity 630K, committed 640K, reserved 1048576K
}
{Heap before GC invocations=425 (full 36):
 PSYoungGen      total 155136K, used 9797K [0x00000007b5580000, 0x00000007c0000000, 0x00000007c0000000)
  eden space 135680K, 0% used [0x00000007b5580000,0x00000007b5580000,0x00000007bda00000)
  from space 19456K, 50% used [0x00000007bda00000,0x00000007be391698,0x00000007bed00000)
  to   space 19456K, 0% used [0x00000007bed00000,0x00000007bed00000,0x00000007c0000000)
 ParOldGen       total 349696K, used 318017K [0x00000007a0000000, 0x00000007b5580000, 0x00000007b5580000)
  object space 349696K, 90% used [0x00000007a0000000,0x00000007b3690468,0x00000007b5580000)
 Metaspace       used 5451K, capacity 5616K, committed 5760K, reserved 1056768K
  class space    used 579K, capacity 630K, committed 640K, reserved 1048576K
2018-07-25T18:08:32.046-0800: 34.327: [Full GC (Ergonomics) [PSYoungGen: 9797K->0K(155136K)] [ParOldGen: 318017K->73673K(349696K)] 327814K->73673K(504832K), [Metaspace: 5451K->5451K(1056768K)], 0.0115907 secs] [Times: user=0.06 sys=0.00, real=0.01 secs] 
Heap after GC invocations=425 (full 36):
 PSYoungGen      total 155136K, used 0K [0x00000007b5580000, 0x00000007c0000000, 0x00000007c0000000)
  eden space 135680K, 0% used [0x00000007b5580000,0x00000007b5580000,0x00000007bda00000)
  from space 19456K, 0% used [0x00000007bda00000,0x00000007bda00000,0x00000007bed00000)
  to   space 19456K, 0% used [0x00000007bed00000,0x00000007bed00000,0x00000007c0000000)
 ParOldGen       total 349696K, used 73673K [0x00000007a0000000, 0x00000007b5580000, 0x00000007b5580000)
  object space 349696K, 21% used [0x00000007a0000000,0x00000007a47f24f0,0x00000007b5580000)
 Metaspace       used 5451K, capacity 5616K, committed 5760K, reserved 1056768K
  class space    used 579K, capacity 630K, committed 640K, reserved 1048576K
}
{Heap before GC invocations=426 (full 36):
 PSYoungGen      total 155136K, used 129530K [0x00000007b5580000, 0x00000007c0000000, 0x00000007c0000000)
  eden space 135680K, 95% used [0x00000007b5580000,0x00000007bd3feb28,0x00000007bda00000)
  from space 19456K, 0% used [0x00000007bda00000,0x00000007bda00000,0x00000007bed00000)
  to   space 19456K, 0% used [0x00000007bed00000,0x00000007bed00000,0x00000007c0000000)
 ParOldGen       total 349696K, used 73673K [0x00000007a0000000, 0x00000007b5580000, 0x00000007b5580000)
  object space 349696K, 21% used [0x00000007a0000000,0x00000007a47f24f0,0x00000007b5580000)
 Metaspace       used 5451K, capacity 5616K, committed 5760K, reserved 1056768K
  class space    used 579K, capacity 630K, committed 640K, reserved 1048576K
2018-07-25T18:08:32.175-0800: 34.456: [GC (Allocation Failure) [PSYoungGen: 129530K->9909K(154112K)] 203204K->135666K(503808K), 0.0071516 secs] [Times: user=0.05 sys=0.00, real=0.01 secs] 
Heap after GC invocations=426 (full 36):
 PSYoungGen      total 154112K, used 9909K [0x00000007b5580000, 0x00000007c0000000, 0x00000007c0000000)
  eden space 134656K, 0% used [0x00000007b5580000,0x00000007b5580000,0x00000007bd900000)
  from space 19456K, 50% used [0x00000007bed00000,0x00000007bf6ad578,0x00000007c0000000)
  to   space 19968K, 0% used [0x00000007bd900000,0x00000007bd900000,0x00000007bec80000)
 ParOldGen       total 349696K, used 125756K [0x00000007a0000000, 0x00000007b5580000, 0x00000007b5580000)
  object space 349696K, 35% used [0x00000007a0000000,0x00000007a7acf2c0,0x00000007b5580000)
 Metaspace       used 5451K, capacity 5616K, committed 5760K, reserved 1056768K
  class space    used 579K, capacity 630K, committed 640K, reserved 1048576K
}
{Heap before GC invocations=427 (full 36):
 PSYoungGen      total 154112K, used 116378K [0x00000007b5580000, 0x00000007c0000000, 0x00000007c0000000)
  eden space 134656K, 79% used [0x00000007b5580000,0x00000007bbd79430,0x00000007bd900000)
  from space 19456K, 50% used [0x00000007bed00000,0x00000007bf6ad578,0x00000007c0000000)
  to   space 19968K, 0% used [0x00000007bd900000,0x00000007bd900000,0x00000007bec80000)
 ParOldGen       total 349696K, used 125756K [0x00000007a0000000, 0x00000007b5580000, 0x00000007b5580000)
  object space 349696K, 35% used [0x00000007a0000000,0x00000007a7acf2c0,0x00000007b5580000)
 Metaspace       used 5451K, capacity 5616K, committed 5760K, reserved 1056768K
  class space    used 579K, capacity 630K, committed 640K, reserved 1048576K
2018-07-25T18:08:32.195-0800: 34.476: [GC (Allocation Failure) [PSYoungGen: 116378K->0K(154624K)] 242135K->161635K(504320K), 0.0049035 secs] [Times: user=0.04 sys=0.01, real=0.01 secs] 
Heap after GC invocations=427 (full 36):
 PSYoungGen      total 154624K, used 0K [0x00000007b5580000, 0x00000007c0000000, 0x00000007c0000000)
  eden space 134656K, 0% used [0x00000007b5580000,0x00000007b5580000,0x00000007bd900000)
  from space 19968K, 0% used [0x00000007bd900000,0x00000007bd900000,0x00000007bec80000)
  to   space 19456K, 0% used [0x00000007bed00000,0x00000007bed00000,0x00000007c0000000)
 ParOldGen       total 349696K, used 161635K [0x00000007a0000000, 0x00000007b5580000, 0x00000007b5580000)
  object space 349696K, 46% used [0x00000007a0000000,0x00000007a9dd8f40,0x00000007b5580000)
 Metaspace       used 5451K, capacity 5616K, committed 5760K, reserved 1056768K
  class space    used 579K, capacity 630K, committed 640K, reserved 1048576K
}
{Heap before GC invocations=428 (full 36):
 PSYoungGen      total 154624K, used 129258K [0x00000007b5580000, 0x00000007c0000000, 0x00000007c0000000)
  eden space 134656K, 95% used [0x00000007b5580000,0x00000007bd3bab70,0x00000007bd900000)
  from space 19968K, 0% used [0x00000007bd900000,0x00000007bd900000,0x00000007bec80000)
  to   space 19456K, 0% used [0x00000007bed00000,0x00000007bed00000,0x00000007c0000000)
 ParOldGen       total 349696K, used 161635K [0x00000007a0000000, 0x00000007b5580000, 0x00000007b5580000)
  object space 349696K, 46% used [0x00000007a0000000,0x00000007a9dd8f40,0x00000007b5580000)
 Metaspace       used 5451K, capacity 5616K, committed 5760K, reserved 1056768K
  class space    used 579K, capacity 630K, committed 640K, reserved 1048576K
2018-07-25T18:08:32.310-0800: 34.591: [GC (Allocation Failure) [PSYoungGen: 129258K->9909K(155136K)] 290894K->223628K(504832K), 0.0075328 secs] [Times: user=0.05 sys=0.00, real=0.00 secs] 
Heap after GC invocations=428 (full 36):
 PSYoungGen      total 155136K, used 9909K [0x00000007b5580000, 0x00000007c0000000, 0x00000007c0000000)
  eden space 135680K, 0% used [0x00000007b5580000,0x00000007b5580000,0x00000007bda00000)
  from space 19456K, 50% used [0x00000007bed00000,0x00000007bf6ad6d0,0x00000007c0000000)
  to   space 19456K, 0% used [0x00000007bda00000,0x00000007bda00000,0x00000007bed00000)
 ParOldGen       total 349696K, used 213719K [0x00000007a0000000, 0x00000007b5580000, 0x00000007b5580000)
  object space 349696K, 61% used [0x00000007a0000000,0x00000007ad0b5cf0,0x00000007b5580000)
 Metaspace       used 5451K, capacity 5616K, committed 5760K, reserved 1056768K
  class space    used 579K, capacity 630K, committed 640K, reserved 1048576K
}
{Heap before GC invocations=429 (full 36):
 PSYoungGen      total 155136K, used 142578K [0x00000007b5580000, 0x00000007c0000000, 0x00000007c0000000)
  eden space 135680K, 97% used [0x00000007b5580000,0x00000007bd70f170,0x00000007bda00000)
  from space 19456K, 50% used [0x00000007bed00000,0x00000007bf6ad6d0,0x00000007c0000000)
  to   space 19456K, 0% used [0x00000007bda00000,0x00000007bda00000,0x00000007bed00000)
 ParOldGen       total 349696K, used 213719K [0x00000007a0000000, 0x00000007b5580000, 0x00000007b5580000)
  object space 349696K, 61% used [0x00000007a0000000,0x00000007ad0b5cf0,0x00000007b5580000)
 Metaspace       used 5451K, capacity 5616K, committed 5760K, reserved 1056768K
  class space    used 579K, capacity 630K, committed 640K, reserved 1048576K
2018-07-25T18:08:32.421-0800: 34.701: [GC (Allocation Failure) [PSYoungGen: 142578K->112K(155136K)] 356297K->213831K(504832K), 0.0012685 secs] [Times: user=0.00 sys=0.00, real=0.00 secs] 
Heap after GC invocations=429 (full 36):
 PSYoungGen      total 155136K, used 112K [0x00000007b5580000, 0x00000007c0000000, 0x00000007c0000000)
  eden space 135680K, 0% used [0x00000007b5580000,0x00000007b5580000,0x00000007bda00000)
  from space 19456K, 0% used [0x00000007bda00000,0x00000007bda1c190,0x00000007bed00000)
  to   space 19456K, 0% used [0x00000007bed00000,0x00000007bed00000,0x00000007c0000000)
 ParOldGen       total 349696K, used 213719K [0x00000007a0000000, 0x00000007b5580000, 0x00000007b5580000)
  object space 349696K, 61% used [0x00000007a0000000,0x00000007ad0b5cf0,0x00000007b5580000)
 Metaspace       used 5451K, capacity 5616K, committed 5760K, reserved 1056768K
  class space    used 579K, capacity 630K, committed 640K, reserved 1048576K
}
{Heap before GC invocations=430 (full 36):
 PSYoungGen      total 155136K, used 129598K [0x00000007b5580000, 0x00000007c0000000, 0x00000007c0000000)
  eden space 135680K, 95% used [0x00000007b5580000,0x00000007bd3f37c0,0x00000007bda00000)
  from space 19456K, 0% used [0x00000007bda00000,0x00000007bda1c190,0x00000007bed00000)
  to   space 19456K, 0% used [0x00000007bed00000,0x00000007bed00000,0x00000007c0000000)
 ParOldGen       total 349696K, used 213719K [0x00000007a0000000, 0x00000007b5580000, 0x00000007b5580000)
  object space 349696K, 61% used [0x00000007a0000000,0x00000007ad0b5cf0,0x00000007b5580000)
 Metaspace       used 5451K, capacity 5616K, committed 5760K, reserved 1056768K
  class space    used 579K, capacity 630K, committed 640K, reserved 1048576K
2018-07-25T18:08:32.450-0800: 34.731: [GC (Allocation Failure) [PSYoungGen: 129598K->9797K(155136K)] 343317K->275664K(504832K), 0.0077259 secs] [Times: user=0.06 sys=0.00, real=0.00 secs] 
Heap after GC invocations=430 (full 36):
 PSYoungGen      total 155136K, used 9797K [0x00000007b5580000, 0x00000007c0000000, 0x00000007c0000000)
  eden space 135680K, 0% used [0x00000007b5580000,0x00000007b5580000,0x00000007bda00000)
  from space 19456K, 50% used [0x00000007bed00000,0x00000007bf691698,0x00000007c0000000)
  to   space 19456K, 0% used [0x00000007bda00000,0x00000007bda00000,0x00000007bed00000)
 ParOldGen       total 349696K, used 265867K [0x00000007a0000000, 0x00000007b5580000, 0x00000007b5580000)
  object space 349696K, 76% used [0x00000007a0000000,0x00000007b03a2c18,0x00000007b5580000)
 Metaspace       used 5451K, capacity 5616K, committed 5760K, reserved 1056768K
  class space    used 579K, capacity 630K, committed 640K, reserved 1048576K
}
{Heap before GC invocations=431 (full 36):
 PSYoungGen      total 155136K, used 139330K [0x00000007b5580000, 0x00000007c0000000, 0x00000007c0000000)
  eden space 135680K, 95% used [0x00000007b5580000,0x00000007bd3ff270,0x00000007bda00000)
  from space 19456K, 50% used [0x00000007bed00000,0x00000007bf691698,0x00000007c0000000)
  to   space 19456K, 0% used [0x00000007bda00000,0x00000007bda00000,0x00000007bed00000)
 ParOldGen       total 349696K, used 265867K [0x00000007a0000000, 0x00000007b5580000, 0x00000007b5580000)
  object space 349696K, 76% used [0x00000007a0000000,0x00000007b03a2c18,0x00000007b5580000)
 Metaspace       used 5451K, capacity 5616K, committed 5760K, reserved 1056768K
  class space    used 579K, capacity 630K, committed 640K, reserved 1048576K
2018-07-25T18:08:32.564-0800: 34.844: [GC (Allocation Failure) [PSYoungGen: 139330K->9878K(155136K)] 405197K->301787K(504832K), 0.0045149 secs] [Times: user=0.04 sys=0.00, real=0.00 secs] 
Heap after GC invocations=431 (full 36):
 PSYoungGen      total 155136K, used 9878K [0x00000007b5580000, 0x00000007c0000000, 0x00000007c0000000)
  eden space 135680K, 0% used [0x00000007b5580000,0x00000007b5580000,0x00000007bda00000)
  from space 19456K, 50% used [0x00000007bda00000,0x00000007be3a5980,0x00000007bed00000)
  to   space 19456K, 0% used [0x00000007bed00000,0x00000007bed00000,0x00000007c0000000)
 ParOldGen       total 349696K, used 291908K [0x00000007a0000000, 0x00000007b5580000, 0x00000007b5580000)
  object space 349696K, 83% used [0x00000007a0000000,0x00000007b1d112e0,0x00000007b5580000)
 Metaspace       used 5451K, capacity 5616K, committed 5760K, reserved 1056768K
  class space    used 579K, capacity 630K, committed 640K, reserved 1048576K
}
{Heap before GC invocations=432 (full 37):
 PSYoungGen      total 155136K, used 9878K [0x00000007b5580000, 0x00000007c0000000, 0x00000007c0000000)
  eden space 135680K, 0% used [0x00000007b5580000,0x00000007b5580000,0x00000007bda00000)
  from space 19456K, 50% used [0x00000007bda00000,0x00000007be3a5980,0x00000007bed00000)
  to   space 19456K, 0% used [0x00000007bed00000,0x00000007bed00000,0x00000007c0000000)
 ParOldGen       total 349696K, used 291908K [0x00000007a0000000, 0x00000007b5580000, 0x00000007b5580000)
  object space 349696K, 83% used [0x00000007a0000000,0x00000007b1d112e0,0x00000007b5580000)
 Metaspace       used 5451K, capacity 5616K, committed 5760K, reserved 1056768K
  class space    used 579K, capacity 630K, committed 640K, reserved 1048576K
2018-07-25T18:08:32.568-0800: 34.849: [Full GC (Ergonomics) [PSYoungGen: 9878K->0K(155136K)] [ParOldGen: 291908K->47632K(349696K)] 301787K->47632K(504832K), [Metaspace: 5451K->5451K(1056768K)], 0.0076794 secs] [Times: user=0.03 sys=0.00, real=0.01 secs] 
Heap after GC invocations=432 (full 37):
 PSYoungGen      total 155136K, used 0K [0x00000007b5580000, 0x00000007c0000000, 0x00000007c0000000)
  eden space 135680K, 0% used [0x00000007b5580000,0x00000007b5580000,0x00000007bda00000)
  from space 19456K, 0% used [0x00000007bda00000,0x00000007bda00000,0x00000007bed00000)
  to   space 19456K, 0% used [0x00000007bed00000,0x00000007bed00000,0x00000007c0000000)
 ParOldGen       total 349696K, used 47632K [0x00000007a0000000, 0x00000007b5580000, 0x00000007b5580000)
  object space 349696K, 13% used [0x00000007a0000000,0x00000007a2e843c8,0x00000007b5580000)
 Metaspace       used 5451K, capacity 5616K, committed 5760K, reserved 1056768K
  class space    used 579K, capacity 630K, committed 640K, reserved 1048576K
}
{Heap before GC invocations=433 (full 37):
 PSYoungGen      total 155136K, used 106487K [0x00000007b5580000, 0x00000007c0000000, 0x00000007c0000000)
  eden space 135680K, 78% used [0x00000007b5580000,0x00000007bbd7def0,0x00000007bda00000)
  from space 19456K, 0% used [0x00000007bda00000,0x00000007bda00000,0x00000007bed00000)
  to   space 19456K, 0% used [0x00000007bed00000,0x00000007bed00000,0x00000007c0000000)
 ParOldGen       total 349696K, used 47632K [0x00000007a0000000, 0x00000007b5580000, 0x00000007b5580000)
  object space 349696K, 13% used [0x00000007a0000000,0x00000007a2e843c8,0x00000007b5580000)
 Metaspace       used 5451K, capacity 5616K, committed 5760K, reserved 1056768K
  class space    used 579K, capacity 630K, committed 640K, reserved 1048576K
2018-07-25T18:08:32.589-0800: 34.869: [GC (Allocation Failure) [PSYoungGen: 106487K->0K(155136K)] 154120K->125758K(504832K), 0.0093971 secs] [Times: user=0.07 sys=0.00, real=0.01 secs] 
Heap after GC invocations=433 (full 37):
 PSYoungGen      total 155136K, used 0K [0x00000007b5580000, 0x00000007c0000000, 0x00000007c0000000)
  eden space 135680K, 0% used [0x00000007b5580000,0x00000007b5580000,0x00000007bda00000)
  from space 19456K, 0% used [0x00000007bed00000,0x00000007bed00000,0x00000007c0000000)
  to   space 19456K, 0% used [0x00000007bda00000,0x00000007bda00000,0x00000007bed00000)
 ParOldGen       total 349696K, used 125758K [0x00000007a0000000, 0x00000007b5580000, 0x00000007b5580000)
  object space 349696K, 35% used [0x00000007a0000000,0x00000007a7acf868,0x00000007b5580000)
 Metaspace       used 5451K, capacity 5616K, committed 5760K, reserved 1056768K
  class space    used 579K, capacity 630K, committed 640K, reserved 1048576K
}
{Heap before GC invocations=434 (full 37):
 PSYoungGen      total 155136K, used 128926K [0x00000007b5580000, 0x00000007c0000000, 0x00000007c0000000)
  eden space 135680K, 95% used [0x00000007b5580000,0x00000007bd367a20,0x00000007bda00000)
  from space 19456K, 0% used [0x00000007bed00000,0x00000007bed00000,0x00000007c0000000)
  to   space 19456K, 0% used [0x00000007bda00000,0x00000007bda00000,0x00000007bed00000)
 ParOldGen       total 349696K, used 125758K [0x00000007a0000000, 0x00000007b5580000, 0x00000007b5580000)
  object space 349696K, 35% used [0x00000007a0000000,0x00000007a7acf868,0x00000007b5580000)
 Metaspace       used 5451K, capacity 5616K, committed 5760K, reserved 1056768K
  class space    used 579K, capacity 630K, committed 640K, reserved 1048576K
2018-07-25T18:08:32.708-0800: 34.989: [GC (Allocation Failure) [PSYoungGen: 128926K->9910K(155136K)] 254684K->187752K(504832K), 0.0057201 secs] [Times: user=0.04 sys=0.00, real=0.01 secs] 
Heap after GC invocations=434 (full 37):
 PSYoungGen      total 155136K, used 9910K [0x00000007b5580000, 0x00000007c0000000, 0x00000007c0000000)
  eden space 135680K, 0% used [0x00000007b5580000,0x00000007b5580000,0x00000007bda00000)
  from space 19456K, 50% used [0x00000007bda00000,0x00000007be3adad8,0x00000007bed00000)
  to   space 19456K, 0% used [0x00000007bed00000,0x00000007bed00000,0x00000007c0000000)
 ParOldGen       total 349696K, used 177841K [0x00000007a0000000, 0x00000007b5580000, 0x00000007b5580000)
  object space 349696K, 50% used [0x00000007a0000000,0x00000007aadac618,0x00000007b5580000)
 Metaspace       used 5451K, capacity 5616K, committed 5760K, reserved 1056768K
  class space    used 579K, capacity 630K, committed 640K, reserved 1048576K
}
{Heap before GC invocations=435 (full 37):
 PSYoungGen      total 155136K, used 142351K [0x00000007b5580000, 0x00000007c0000000, 0x00000007c0000000)
  eden space 135680K, 97% used [0x00000007b5580000,0x00000007bd6d63c8,0x00000007bda00000)
  from space 19456K, 50% used [0x00000007bda00000,0x00000007be3adad8,0x00000007bed00000)
  to   space 19456K, 0% used [0x00000007bed00000,0x00000007bed00000,0x00000007c0000000)
 ParOldGen       total 349696K, used 177841K [0x00000007a0000000, 0x00000007b5580000, 0x00000007b5580000)
  object space 349696K, 50% used [0x00000007a0000000,0x00000007aadac618,0x00000007b5580000)
 Metaspace       used 5451K, capacity 5616K, committed 5760K, reserved 1056768K
  class space    used 579K, capacity 630K, committed 640K, reserved 1048576K
2018-07-25T18:08:32.804-0800: 35.084: [GC (Allocation Failure) [PSYoungGen: 142351K->145K(155136K)] 320193K->177986K(504832K), 0.0010425 secs] [Times: user=0.01 sys=0.00, real=0.00 secs] 
Heap after GC invocations=435 (full 37):
 PSYoungGen      total 155136K, used 145K [0x00000007b5580000, 0x00000007c0000000, 0x00000007c0000000)
  eden space 135680K, 0% used [0x00000007b5580000,0x00000007b5580000,0x00000007bda00000)
  from space 19456K, 0% used [0x00000007bed00000,0x00000007bed24598,0x00000007c0000000)
  to   space 19456K, 0% used [0x00000007bda00000,0x00000007bda00000,0x00000007bed00000)
 ParOldGen       total 349696K, used 177841K [0x00000007a0000000, 0x00000007b5580000, 0x00000007b5580000)
  object space 349696K, 50% used [0x00000007a0000000,0x00000007aadac618,0x00000007b5580000)
 Metaspace       used 5451K, capacity 5616K, committed 5760K, reserved 1056768K
  class space    used 579K, capacity 630K, committed 640K, reserved 1048576K
}
{Heap before GC invocations=436 (full 37):
 PSYoungGen      total 155136K, used 129485K [0x00000007b5580000, 0x00000007c0000000, 0x00000007c0000000)
  eden space 135680K, 95% used [0x00000007b5580000,0x00000007bd3cef08,0x00000007bda00000)
  from space 19456K, 0% used [0x00000007bed00000,0x00000007bed24598,0x00000007c0000000)
  to   space 19456K, 0% used [0x00000007bda00000,0x00000007bda00000,0x00000007bed00000)
 ParOldGen       total 349696K, used 177841K [0x00000007a0000000, 0x00000007b5580000, 0x00000007b5580000)
  object space 349696K, 50% used [0x00000007a0000000,0x00000007aadac618,0x00000007b5580000)
 Metaspace       used 5451K, capacity 5616K, committed 5760K, reserved 1056768K
  class space    used 579K, capacity 630K, committed 640K, reserved 1048576K
2018-07-25T18:08:32.833-0800: 35.114: [GC (Allocation Failure) [PSYoungGen: 129485K->9797K(155136K)] 307326K->239787K(504832K), 0.0077757 secs] [Times: user=0.06 sys=0.00, real=0.01 secs] 
Heap after GC invocations=436 (full 37):
 PSYoungGen      total 155136K, used 9797K [0x00000007b5580000, 0x00000007c0000000, 0x00000007c0000000)
  eden space 135680K, 0% used [0x00000007b5580000,0x00000007b5580000,0x00000007bda00000)
  from space 19456K, 50% used [0x00000007bda00000,0x00000007be391698,0x00000007bed00000)
  to   space 19456K, 0% used [0x00000007bed00000,0x00000007bed00000,0x00000007c0000000)
 ParOldGen       total 349696K, used 229990K [0x00000007a0000000, 0x00000007b5580000, 0x00000007b5580000)
  object space 349696K, 65% used [0x00000007a0000000,0x00000007ae099948,0x00000007b5580000)
 Metaspace       used 5451K, capacity 5616K, committed 5760K, reserved 1056768K
  class space    used 579K, capacity 630K, committed 640K, reserved 1048576K
}
{Heap before GC invocations=437 (full 37):
 PSYoungGen      total 155136K, used 139236K [0x00000007b5580000, 0x00000007c0000000, 0x00000007c0000000)
  eden space 135680K, 95% used [0x00000007b5580000,0x00000007bd3e7ab0,0x00000007bda00000)
  from space 19456K, 50% used [0x00000007bda00000,0x00000007be391698,0x00000007bed00000)
  to   space 19456K, 0% used [0x00000007bed00000,0x00000007bed00000,0x00000007c0000000)
 ParOldGen       total 349696K, used 229990K [0x00000007a0000000, 0x00000007b5580000, 0x00000007b5580000)
  object space 349696K, 65% used [0x00000007a0000000,0x00000007ae099948,0x00000007b5580000)
 Metaspace       used 5451K, capacity 5616K, committed 5760K, reserved 1056768K
  class space    used 579K, capacity 630K, committed 640K, reserved 1048576K
2018-07-25T18:08:32.948-0800: 35.228: [GC (Allocation Failure) [PSYoungGen: 139236K->9911K(155136K)] 369226K->265943K(504832K), 0.0044290 secs] [Times: user=0.03 sys=0.00, real=0.01 secs] 
Heap after GC invocations=437 (full 37):
 PSYoungGen      total 155136K, used 9911K [0x00000007b5580000, 0x00000007c0000000, 0x00000007c0000000)
  eden space 135680K, 0% used [0x00000007b5580000,0x00000007b5580000,0x00000007bda00000)
  from space 19456K, 50% used [0x00000007bed00000,0x00000007bf6add88,0x00000007c0000000)
  to   space 19456K, 0% used [0x00000007bda00000,0x00000007bda00000,0x00000007bed00000)
 ParOldGen       total 349696K, used 256032K [0x00000007a0000000, 0x00000007b5580000, 0x00000007b5580000)
  object space 349696K, 73% used [0x00000007a0000000,0x00000007afa08010,0x00000007b5580000)
 Metaspace       used 5451K, capacity 5616K, committed 5760K, reserved 1056768K
  class space    used 579K, capacity 630K, committed 640K, reserved 1048576K
}
{Heap before GC invocations=438 (full 37):
 PSYoungGen      total 155136K, used 116338K [0x00000007b5580000, 0x00000007c0000000, 0x00000007c0000000)
  eden space 135680K, 78% used [0x00000007b5580000,0x00000007bbd6ec90,0x00000007bda00000)
  from space 19456K, 50% used [0x00000007bed00000,0x00000007bf6add88,0x00000007c0000000)
  to   space 19456K, 0% used [0x00000007bda00000,0x00000007bda00000,0x00000007bed00000)
 ParOldGen       total 349696K, used 256032K [0x00000007a0000000, 0x00000007b5580000, 0x00000007b5580000)
  object space 349696K, 73% used [0x00000007a0000000,0x00000007afa08010,0x00000007b5580000)
 Metaspace       used 5451K, capacity 5616K, committed 5760K, reserved 1056768K
  class space    used 579K, capacity 630K, committed 640K, reserved 1048576K
2018-07-25T18:08:32.969-0800: 35.250: [GC (Allocation Failure) [PSYoungGen: 116338K->0K(155136K)] 372370K->291905K(504832K), 0.0047331 secs] [Times: user=0.03 sys=0.00, real=0.01 secs] 
Heap after GC invocations=438 (full 37):
 PSYoungGen      total 155136K, used 0K [0x00000007b5580000, 0x00000007c0000000, 0x00000007c0000000)
  eden space 135680K, 0% used [0x00000007b5580000,0x00000007b5580000,0x00000007bda00000)
  from space 19456K, 0% used [0x00000007bda00000,0x00000007bda00000,0x00000007bed00000)
  to   space 19456K, 0% used [0x00000007bed00000,0x00000007bed00000,0x00000007c0000000)
 ParOldGen       total 349696K, used 291905K [0x00000007a0000000, 0x00000007b5580000, 0x00000007b5580000)
  object space 349696K, 83% used [0x00000007a0000000,0x00000007b1d104a0,0x00000007b5580000)
 Metaspace       used 5451K, capacity 5616K, committed 5760K, reserved 1056768K
  class space    used 579K, capacity 630K, committed 640K, reserved 1048576K
}
{Heap before GC invocations=439 (full 38):
 PSYoungGen      total 155136K, used 0K [0x00000007b5580000, 0x00000007c0000000, 0x00000007c0000000)
  eden space 135680K, 0% used [0x00000007b5580000,0x00000007b5580000,0x00000007bda00000)
  from space 19456K, 0% used [0x00000007bda00000,0x00000007bda00000,0x00000007bed00000)
  to   space 19456K, 0% used [0x00000007bed00000,0x00000007bed00000,0x00000007c0000000)
 ParOldGen       total 349696K, used 291905K [0x00000007a0000000, 0x00000007b5580000, 0x00000007b5580000)
  object space 349696K, 83% used [0x00000007a0000000,0x00000007b1d104a0,0x00000007b5580000)
 Metaspace       used 5451K, capacity 5616K, committed 5760K, reserved 1056768K
  class space    used 579K, capacity 630K, committed 640K, reserved 1048576K
2018-07-25T18:08:32.974-0800: 35.255: [Full GC (Ergonomics) [PSYoungGen: 0K->0K(155136K)] [ParOldGen: 291905K->47633K(349696K)] 291905K->47633K(504832K), [Metaspace: 5451K->5451K(1056768K)], 0.0075336 secs] [Times: user=0.04 sys=0.00, real=0.01 secs] 
Heap after GC invocations=439 (full 38):
 PSYoungGen      total 155136K, used 0K [0x00000007b5580000, 0x00000007c0000000, 0x00000007c0000000)
  eden space 135680K, 0% used [0x00000007b5580000,0x00000007b5580000,0x00000007bda00000)
  from space 19456K, 0% used [0x00000007bda00000,0x00000007bda00000,0x00000007bed00000)
  to   space 19456K, 0% used [0x00000007bed00000,0x00000007bed00000,0x00000007c0000000)
 ParOldGen       total 349696K, used 47633K [0x00000007a0000000, 0x00000007b5580000, 0x00000007b5580000)
  object space 349696K, 13% used [0x00000007a0000000,0x00000007a2e847b0,0x00000007b5580000)
 Metaspace       used 5451K, capacity 5616K, committed 5760K, reserved 1056768K
  class space    used 579K, capacity 630K, committed 640K, reserved 1048576K
}
{Heap before GC invocations=440 (full 38):
 PSYoungGen      total 155136K, used 129238K [0x00000007b5580000, 0x00000007c0000000, 0x00000007c0000000)
  eden space 135680K, 95% used [0x00000007b5580000,0x00000007bd3b58b0,0x00000007bda00000)
  from space 19456K, 0% used [0x00000007bda00000,0x00000007bda00000,0x00000007bed00000)
  to   space 19456K, 0% used [0x00000007bed00000,0x00000007bed00000,0x00000007c0000000)
 ParOldGen       total 349696K, used 47633K [0x00000007a0000000, 0x00000007b5580000, 0x00000007b5580000)
  object space 349696K, 13% used [0x00000007a0000000,0x00000007a2e847b0,0x00000007b5580000)
 Metaspace       used 5451K, capacity 5616K, committed 5760K, reserved 1056768K
  class space    used 579K, capacity 630K, committed 640K, reserved 1048576K
2018-07-25T18:08:33.096-0800: 35.377: [GC (Allocation Failure) [PSYoungGen: 129238K->9943K(155136K)] 176872K->109661K(504832K), 0.0056935 secs] [Times: user=0.04 sys=0.00, real=0.01 secs] 
Heap after GC invocations=440 (full 38):
 PSYoungGen      total 155136K, used 9943K [0x00000007b5580000, 0x00000007c0000000, 0x00000007c0000000)
  eden space 135680K, 0% used [0x00000007b5580000,0x00000007b5580000,0x00000007bda00000)
  from space 19456K, 51% used [0x00000007bed00000,0x00000007bf6b5ee0,0x00000007c0000000)
  to   space 19456K, 0% used [0x00000007bda00000,0x00000007bda00000,0x00000007bed00000)
 ParOldGen       total 349696K, used 99717K [0x00000007a0000000, 0x00000007b5580000, 0x00000007b5580000)
  object space 349696K, 28% used [0x00000007a0000000,0x00000007a6161560,0x00000007b5580000)
 Metaspace       used 5451K, capacity 5616K, committed 5760K, reserved 1056768K
  class space    used 579K, capacity 630K, committed 640K, reserved 1048576K
}
{Heap before GC invocations=441 (full 38):
 PSYoungGen      total 155136K, used 142570K [0x00000007b5580000, 0x00000007c0000000, 0x00000007c0000000)
  eden space 135680K, 97% used [0x00000007b5580000,0x00000007bd704ae8,0x00000007bda00000)
  from space 19456K, 51% used [0x00000007bed00000,0x00000007bf6b5ee0,0x00000007c0000000)
  to   space 19456K, 0% used [0x00000007bda00000,0x00000007bda00000,0x00000007bed00000)
 ParOldGen       total 349696K, used 99717K [0x00000007a0000000, 0x00000007b5580000, 0x00000007b5580000)
  object space 349696K, 28% used [0x00000007a0000000,0x00000007a6161560,0x00000007b5580000)
 Metaspace       used 5451K, capacity 5616K, committed 5760K, reserved 1056768K
  class space    used 579K, capacity 630K, committed 640K, reserved 1048576K
2018-07-25T18:08:33.196-0800: 35.477: [GC (Allocation Failure) [PSYoungGen: 142570K->178K(155136K)] 242287K->99895K(504832K), 0.0011140 secs] [Times: user=0.00 sys=0.00, real=0.00 secs] 
Heap after GC invocations=441 (full 38):
 PSYoungGen      total 155136K, used 178K [0x00000007b5580000, 0x00000007c0000000, 0x00000007c0000000)
  eden space 135680K, 0% used [0x00000007b5580000,0x00000007b5580000,0x00000007bda00000)
  from space 19456K, 0% used [0x00000007bda00000,0x00000007bda2c9a0,0x00000007bed00000)
  to   space 19456K, 0% used [0x00000007bed00000,0x00000007bed00000,0x00000007c0000000)
 ParOldGen       total 349696K, used 99717K [0x00000007a0000000, 0x00000007b5580000, 0x00000007b5580000)
  object space 349696K, 28% used [0x00000007a0000000,0x00000007a6161560,0x00000007b5580000)
 Metaspace       used 5451K, capacity 5616K, committed 5760K, reserved 1056768K
  class space    used 579K, capacity 630K, committed 640K, reserved 1048576K
}
{Heap before GC invocations=442 (full 38):
 PSYoungGen      total 155136K, used 129637K [0x00000007b5580000, 0x00000007c0000000, 0x00000007c0000000)
  eden space 135680K, 95% used [0x00000007b5580000,0x00000007bd3ecce8,0x00000007bda00000)
  from space 19456K, 0% used [0x00000007bda00000,0x00000007bda2c9a0,0x00000007bed00000)
  to   space 19456K, 0% used [0x00000007bed00000,0x00000007bed00000,0x00000007c0000000)
 ParOldGen       total 349696K, used 99717K [0x00000007a0000000, 0x00000007b5580000, 0x00000007b5580000)
  object space 349696K, 28% used [0x00000007a0000000,0x00000007a6161560,0x00000007b5580000)
 Metaspace       used 5451K, capacity 5616K, committed 5760K, reserved 1056768K
  class space    used 579K, capacity 630K, committed 640K, reserved 1048576K
2018-07-25T18:08:33.226-0800: 35.506: [GC (Allocation Failure) [PSYoungGen: 129637K->9797K(155136K)] 229354K->161680K(504832K), 0.0068171 secs] [Times: user=0.05 sys=0.00, real=0.01 secs] 
Heap after GC invocations=442 (full 38):
 PSYoungGen      total 155136K, used 9797K [0x00000007b5580000, 0x00000007c0000000, 0x00000007c0000000)
  eden space 135680K, 0% used [0x00000007b5580000,0x00000007b5580000,0x00000007bda00000)
  from space 19456K, 50% used [0x00000007bed00000,0x00000007bf691698,0x00000007c0000000)
  to   space 19456K, 0% used [0x00000007bda00000,0x00000007bda00000,0x00000007bed00000)
 ParOldGen       total 349696K, used 151883K [0x00000007a0000000, 0x00000007b5580000, 0x00000007b5580000)
  object space 349696K, 43% used [0x00000007a0000000,0x00000007a9452c98,0x00000007b5580000)
 Metaspace       used 5451K, capacity 5616K, committed 5760K, reserved 1056768K
  class space    used 579K, capacity 630K, committed 640K, reserved 1048576K
}
{Heap before GC invocations=443 (full 38):
 PSYoungGen      total 155136K, used 139313K [0x00000007b5580000, 0x00000007c0000000, 0x00000007c0000000)
  eden space 135680K, 95% used [0x00000007b5580000,0x00000007bd3fae00,0x00000007bda00000)
  from space 19456K, 50% used [0x00000007bed00000,0x00000007bf691698,0x00000007c0000000)
  to   space 19456K, 0% used [0x00000007bda00000,0x00000007bda00000,0x00000007bed00000)
 ParOldGen       total 349696K, used 151883K [0x00000007a0000000, 0x00000007b5580000, 0x00000007b5580000)
  object space 349696K, 43% used [0x00000007a0000000,0x00000007a9452c98,0x00000007b5580000)
 Metaspace       used 5451K, capacity 5616K, committed 5760K, reserved 1056768K
  class space    used 579K, capacity 630K, committed 640K, reserved 1048576K
2018-07-25T18:08:33.339-0800: 35.619: [GC (Allocation Failure) [PSYoungGen: 139313K->9912K(145920K)] 291196K->187837K(495616K), 0.0042802 secs] [Times: user=0.03 sys=0.00, real=0.01 secs] 
Heap after GC invocations=443 (full 38):
 PSYoungGen      total 145920K, used 9912K [0x00000007b5580000, 0x00000007c0000000, 0x00000007c0000000)
  eden space 135680K, 0% used [0x00000007b5580000,0x00000007b5580000,0x00000007bda00000)
  from space 10240K, 96% used [0x00000007bda00000,0x00000007be3ae190,0x00000007be400000)
  to   space 19968K, 0% used [0x00000007bec80000,0x00000007bec80000,0x00000007c0000000)
 ParOldGen       total 349696K, used 177924K [0x00000007a0000000, 0x00000007b5580000, 0x00000007b5580000)
  object space 349696K, 50% used [0x00000007a0000000,0x00000007aadc1360,0x00000007b5580000)
 Metaspace       used 5451K, capacity 5616K, committed 5760K, reserved 1056768K
  class space    used 579K, capacity 630K, committed 640K, reserved 1048576K
}
{Heap before GC invocations=444 (full 38):
 PSYoungGen      total 145920K, used 116389K [0x00000007b5580000, 0x00000007c0000000, 0x00000007c0000000)
  eden space 135680K, 78% used [0x00000007b5580000,0x00000007bbd7b2c8,0x00000007bda00000)
  from space 10240K, 96% used [0x00000007bda00000,0x00000007be3ae190,0x00000007be400000)
  to   space 19968K, 0% used [0x00000007bec80000,0x00000007bec80000,0x00000007c0000000)
 ParOldGen       total 349696K, used 177924K [0x00000007a0000000, 0x00000007b5580000, 0x00000007b5580000)
  object space 349696K, 50% used [0x00000007a0000000,0x00000007aadc1360,0x00000007b5580000)
 Metaspace       used 5451K, capacity 5616K, committed 5760K, reserved 1056768K
  class space    used 579K, capacity 630K, committed 640K, reserved 1048576K
2018-07-25T18:08:33.356-0800: 35.636: [GC (Allocation Failure) [PSYoungGen: 116389K->0K(155136K)] 294313K->213798K(504832K), 0.0052020 secs] [Times: user=0.03 sys=0.00, real=0.01 secs] 
Heap after GC invocations=444 (full 38):
 PSYoungGen      total 155136K, used 0K [0x00000007b5580000, 0x00000007c0000000, 0x00000007c0000000)
  eden space 135168K, 0% used [0x00000007b5580000,0x00000007b5580000,0x00000007bd980000)
  from space 19968K, 0% used [0x00000007bec80000,0x00000007bec80000,0x00000007c0000000)
  to   space 19456K, 0% used [0x00000007bd980000,0x00000007bd980000,0x00000007bec80000)
 ParOldGen       total 349696K, used 213798K [0x00000007a0000000, 0x00000007b5580000, 0x00000007b5580000)
  object space 349696K, 61% used [0x00000007a0000000,0x00000007ad0c9bf8,0x00000007b5580000)
 Metaspace       used 5451K, capacity 5616K, committed 5760K, reserved 1056768K
  class space    used 579K, capacity 630K, committed 640K, reserved 1048576K
}
{Heap before GC invocations=445 (full 38):
 PSYoungGen      total 155136K, used 129261K [0x00000007b5580000, 0x00000007c0000000, 0x00000007c0000000)
  eden space 135168K, 95% used [0x00000007b5580000,0x00000007bd3bb530,0x00000007bd980000)
  from space 19968K, 0% used [0x00000007bec80000,0x00000007bec80000,0x00000007c0000000)
  to   space 19456K, 0% used [0x00000007bd980000,0x00000007bd980000,0x00000007bec80000)
 ParOldGen       total 349696K, used 213798K [0x00000007a0000000, 0x00000007b5580000, 0x00000007b5580000)
  object space 349696K, 61% used [0x00000007a0000000,0x00000007ad0c9bf8,0x00000007b5580000)
 Metaspace       used 5451K, capacity 5616K, committed 5760K, reserved 1056768K
  class space    used 579K, capacity 630K, committed 640K, reserved 1048576K
2018-07-25T18:08:33.469-0800: 35.749: [GC (Allocation Failure) [PSYoungGen: 129261K->9880K(154624K)] 343060K->275763K(504320K), 0.0060877 secs] [Times: user=0.05 sys=0.00, real=0.01 secs] 
Heap after GC invocations=445 (full 38):
 PSYoungGen      total 154624K, used 9880K [0x00000007b5580000, 0x00000007c0000000, 0x00000007c0000000)
  eden space 135168K, 0% used [0x00000007b5580000,0x00000007b5580000,0x00000007bd980000)
  from space 19456K, 50% used [0x00000007bd980000,0x00000007be3262e8,0x00000007bec80000)
  to   space 19456K, 0% used [0x00000007bed00000,0x00000007bed00000,0x00000007c0000000)
 ParOldGen       total 349696K, used 265882K [0x00000007a0000000, 0x00000007b5580000, 0x00000007b5580000)
  object space 349696K, 76% used [0x00000007a0000000,0x00000007b03a69a8,0x00000007b5580000)
 Metaspace       used 5451K, capacity 5616K, committed 5760K, reserved 1056768K
  class space    used 579K, capacity 630K, committed 640K, reserved 1048576K
}
{Heap before GC invocations=446 (full 38):
 PSYoungGen      total 154624K, used 142535K [0x00000007b5580000, 0x00000007c0000000, 0x00000007c0000000)
  eden space 135168K, 98% used [0x00000007b5580000,0x00000007bd70bbd8,0x00000007bd980000)
  from space 19456K, 50% used [0x00000007bd980000,0x00000007be3262e8,0x00000007bec80000)
  to   space 19456K, 0% used [0x00000007bed00000,0x00000007bed00000,0x00000007c0000000)
 ParOldGen       total 349696K, used 265882K [0x00000007a0000000, 0x00000007b5580000, 0x00000007b5580000)
  object space 349696K, 76% used [0x00000007a0000000,0x00000007b03a69a8,0x00000007b5580000)
 Metaspace       used 5451K, capacity 5616K, committed 5760K, reserved 1056768K
  class space    used 579K, capacity 630K, committed 640K, reserved 1048576K
2018-07-25T18:08:33.566-0800: 35.846: [GC (Allocation Failure) [PSYoungGen: 142535K->115K(155136K)] 408418K->265997K(504832K), 0.0015975 secs] [Times: user=0.01 sys=0.00, real=0.00 secs] 
Heap after GC invocations=446 (full 38):
 PSYoungGen      total 155136K, used 115K [0x00000007b5580000, 0x00000007c0000000, 0x00000007c0000000)
  eden space 135680K, 0% used [0x00000007b5580000,0x00000007b5580000,0x00000007bda00000)
  from space 19456K, 0% used [0x00000007bed00000,0x00000007bed1cda8,0x00000007c0000000)
  to   space 19456K, 0% used [0x00000007bda00000,0x00000007bda00000,0x00000007bed00000)
 ParOldGen       total 349696K, used 265882K [0x00000007a0000000, 0x00000007b5580000, 0x00000007b5580000)
  object space 349696K, 76% used [0x00000007a0000000,0x00000007b03a69a8,0x00000007b5580000)
 Metaspace       used 5451K, capacity 5616K, committed 5760K, reserved 1056768K
  class space    used 579K, capacity 630K, committed 640K, reserved 1048576K
}
{Heap before GC invocations=447 (full 38):
 PSYoungGen      total 155136K, used 129598K [0x00000007b5580000, 0x00000007c0000000, 0x00000007c0000000)
  eden space 135680K, 95% used [0x00000007b5580000,0x00000007bd3f2dc0,0x00000007bda00000)
  from space 19456K, 0% used [0x00000007bed00000,0x00000007bed1cda8,0x00000007c0000000)
  to   space 19456K, 0% used [0x00000007bda00000,0x00000007bda00000,0x00000007bed00000)
 ParOldGen       total 349696K, used 265882K [0x00000007a0000000, 0x00000007b5580000, 0x00000007b5580000)
  object space 349696K, 76% used [0x00000007a0000000,0x00000007b03a69a8,0x00000007b5580000)
 Metaspace       used 5451K, capacity 5616K, committed 5760K, reserved 1056768K
  class space    used 579K, capacity 630K, committed 640K, reserved 1048576K
2018-07-25T18:08:33.596-0800: 35.876: [GC (Allocation Failure) [PSYoungGen: 129598K->9797K(155136K)] 395481K->327830K(504832K), 0.0078237 secs] [Times: user=0.06 sys=0.00, real=0.01 secs] 
Heap after GC invocations=447 (full 38):
 PSYoungGen      total 155136K, used 9797K [0x00000007b5580000, 0x00000007c0000000, 0x00000007c0000000)
  eden space 135680K, 0% used [0x00000007b5580000,0x00000007b5580000,0x00000007bda00000)
  from space 19456K, 50% used [0x00000007bda00000,0x00000007be391698,0x00000007bed00000)
  to   space 19456K, 0% used [0x00000007bed00000,0x00000007bed00000,0x00000007c0000000)
 ParOldGen       total 349696K, used 318033K [0x00000007a0000000, 0x00000007b5580000, 0x00000007b5580000)
  object space 349696K, 90% used [0x00000007a0000000,0x00000007b36944e8,0x00000007b5580000)
 Metaspace       used 5451K, capacity 5616K, committed 5760K, reserved 1056768K
  class space    used 579K, capacity 630K, committed 640K, reserved 1048576K
}
{Heap before GC invocations=448 (full 39):
 PSYoungGen      total 155136K, used 9797K [0x00000007b5580000, 0x00000007c0000000, 0x00000007c0000000)
  eden space 135680K, 0% used [0x00000007b5580000,0x00000007b5580000,0x00000007bda00000)
  from space 19456K, 50% used [0x00000007bda00000,0x00000007be391698,0x00000007bed00000)
  to   space 19456K, 0% used [0x00000007bed00000,0x00000007bed00000,0x00000007c0000000)
 ParOldGen       total 349696K, used 318033K [0x00000007a0000000, 0x00000007b5580000, 0x00000007b5580000)
  object space 349696K, 90% used [0x00000007a0000000,0x00000007b36944e8,0x00000007b5580000)
 Metaspace       used 5451K, capacity 5616K, committed 5760K, reserved 1056768K
  class space    used 579K, capacity 630K, committed 640K, reserved 1048576K
2018-07-25T18:08:33.604-0800: 35.884: [Full GC (Ergonomics) [PSYoungGen: 9797K->0K(155136K)] [ParOldGen: 318033K->73677K(349696K)] 327830K->73677K(504832K), [Metaspace: 5451K->5451K(1056768K)], 0.0102051 secs] [Times: user=0.06 sys=0.00, real=0.01 secs] 
Heap after GC invocations=448 (full 39):
 PSYoungGen      total 155136K, used 0K [0x00000007b5580000, 0x00000007c0000000, 0x00000007c0000000)
  eden space 135680K, 0% used [0x00000007b5580000,0x00000007b5580000,0x00000007bda00000)
  from space 19456K, 0% used [0x00000007bda00000,0x00000007bda00000,0x00000007bed00000)
  to   space 19456K, 0% used [0x00000007bed00000,0x00000007bed00000,0x00000007c0000000)
 ParOldGen       total 349696K, used 73677K [0x00000007a0000000, 0x00000007b5580000, 0x00000007b5580000)
  object space 349696K, 21% used [0x00000007a0000000,0x00000007a47f3510,0x00000007b5580000)
 Metaspace       used 5451K, capacity 5616K, committed 5760K, reserved 1056768K
  class space    used 579K, capacity 630K, committed 640K, reserved 1048576K
}
{Heap before GC invocations=449 (full 39):
 PSYoungGen      total 155136K, used 129531K [0x00000007b5580000, 0x00000007c0000000, 0x00000007c0000000)
  eden space 135680K, 95% used [0x00000007b5580000,0x00000007bd3fec58,0x00000007bda00000)
  from space 19456K, 0% used [0x00000007bda00000,0x00000007bda00000,0x00000007bed00000)
  to   space 19456K, 0% used [0x00000007bed00000,0x00000007bed00000,0x00000007c0000000)
 ParOldGen       total 349696K, used 73677K [0x00000007a0000000, 0x00000007b5580000, 0x00000007b5580000)
  object space 349696K, 21% used [0x00000007a0000000,0x00000007a47f3510,0x00000007b5580000)
 Metaspace       used 5451K, capacity 5616K, committed 5760K, reserved 1056768K
  class space    used 579K, capacity 630K, committed 640K, reserved 1048576K
2018-07-25T18:08:33.728-0800: 36.008: [GC (Allocation Failure) [PSYoungGen: 129531K->9881K(155136K)] 203208K->135642K(504832K), 0.0070823 secs] [Times: user=0.05 sys=0.00, real=0.01 secs] 
Heap after GC invocations=449 (full 39):
 PSYoungGen      total 155136K, used 9881K [0x00000007b5580000, 0x00000007c0000000, 0x00000007c0000000)
  eden space 135680K, 0% used [0x00000007b5580000,0x00000007b5580000,0x00000007bda00000)
  from space 19456K, 50% used [0x00000007bed00000,0x00000007bf6a6598,0x00000007c0000000)
  to   space 19456K, 0% used [0x00000007bda00000,0x00000007bda00000,0x00000007bed00000)
 ParOldGen       total 349696K, used 125760K [0x00000007a0000000, 0x00000007b5580000, 0x00000007b5580000)
  object space 349696K, 35% used [0x00000007a0000000,0x00000007a7ad02e0,0x00000007b5580000)
 Metaspace       used 5451K, capacity 5616K, committed 5760K, reserved 1056768K
  class space    used 579K, capacity 630K, committed 640K, reserved 1048576K
}
{Heap before GC invocations=450 (full 39):
 PSYoungGen      total 155136K, used 116368K [0x00000007b5580000, 0x00000007c0000000, 0x00000007c0000000)
  eden space 135680K, 78% used [0x00000007b5580000,0x00000007bbd7db00,0x00000007bda00000)
  from space 19456K, 50% used [0x00000007bed00000,0x00000007bf6a6598,0x00000007c0000000)
  to   space 19456K, 0% used [0x00000007bda00000,0x00000007bda00000,0x00000007bed00000)
 ParOldGen       total 349696K, used 125760K [0x00000007a0000000, 0x00000007b5580000, 0x00000007b5580000)
  object space 349696K, 35% used [0x00000007a0000000,0x00000007a7ad02e0,0x00000007b5580000)
 Metaspace       used 5451K, capacity 5616K, committed 5760K, reserved 1056768K
  class space    used 579K, capacity 630K, committed 640K, reserved 1048576K
2018-07-25T18:08:33.747-0800: 36.028: [GC (Allocation Failure) [PSYoungGen: 116368K->0K(155136K)] 242128K->161643K(504832K), 0.0052222 secs] [Times: user=0.04 sys=0.00, real=0.01 secs] 
Heap after GC invocations=450 (full 39):
 PSYoungGen      total 155136K, used 0K [0x00000007b5580000, 0x00000007c0000000, 0x00000007c0000000)
  eden space 135680K, 0% used [0x00000007b5580000,0x00000007b5580000,0x00000007bda00000)
  from space 19456K, 0% used [0x00000007bda00000,0x00000007bda00000,0x00000007bed00000)
  to   space 19456K, 0% used [0x00000007bed00000,0x00000007bed00000,0x00000007c0000000)
 ParOldGen       total 349696K, used 161643K [0x00000007a0000000, 0x00000007b5580000, 0x00000007b5580000)
  object space 349696K, 46% used [0x00000007a0000000,0x00000007a9ddaf80,0x00000007b5580000)
 Metaspace       used 5451K, capacity 5616K, committed 5760K, reserved 1056768K
  class space    used 579K, capacity 630K, committed 640K, reserved 1048576K
}
{Heap before GC invocations=451 (full 39):
 PSYoungGen      total 155136K, used 129276K [0x00000007b5580000, 0x00000007c0000000, 0x00000007c0000000)
  eden space 135680K, 95% used [0x00000007b5580000,0x00000007bd3bf220,0x00000007bda00000)
  from space 19456K, 0% used [0x00000007bda00000,0x00000007bda00000,0x00000007bed00000)
  to   space 19456K, 0% used [0x00000007bed00000,0x00000007bed00000,0x00000007c0000000)
 ParOldGen       total 349696K, used 161643K [0x00000007a0000000, 0x00000007b5580000, 0x00000007b5580000)
  object space 349696K, 46% used [0x00000007a0000000,0x00000007a9ddaf80,0x00000007b5580000)
 Metaspace       used 5451K, capacity 5616K, committed 5760K, reserved 1056768K
  class space    used 579K, capacity 630K, committed 640K, reserved 1048576K
2018-07-25T18:08:33.860-0800: 36.140: [GC (Allocation Failure) [PSYoungGen: 129276K->9881K(155136K)] 290920K->223609K(504832K), 0.0063184 secs] [Times: user=0.05 sys=0.00, real=0.00 secs] 
Heap after GC invocations=451 (full 39):
 PSYoungGen      total 155136K, used 9881K [0x00000007b5580000, 0x00000007c0000000, 0x00000007c0000000)
  eden space 135680K, 0% used [0x00000007b5580000,0x00000007b5580000,0x00000007bda00000)
  from space 19456K, 50% used [0x00000007bed00000,0x00000007bf6a66f0,0x00000007c0000000)
  to   space 19456K, 0% used [0x00000007bda00000,0x00000007bda00000,0x00000007bed00000)
 ParOldGen       total 349696K, used 213727K [0x00000007a0000000, 0x00000007b5580000, 0x00000007b5580000)
  object space 349696K, 61% used [0x00000007a0000000,0x00000007ad0b7d30,0x00000007b5580000)
 Metaspace       used 5451K, capacity 5616K, committed 5760K, reserved 1056768K
  class space    used 579K, capacity 630K, committed 640K, reserved 1048576K
}
{Heap before GC invocations=452 (full 39):
 PSYoungGen      total 155136K, used 142550K [0x00000007b5580000, 0x00000007c0000000, 0x00000007c0000000)
  eden space 135680K, 97% used [0x00000007b5580000,0x00000007bd70f1c8,0x00000007bda00000)
  from space 19456K, 50% used [0x00000007bed00000,0x00000007bf6a66f0,0x00000007c0000000)
  to   space 19456K, 0% used [0x00000007bda00000,0x00000007bda00000,0x00000007bed00000)
 ParOldGen       total 349696K, used 213727K [0x00000007a0000000, 0x00000007b5580000, 0x00000007b5580000)
  object space 349696K, 61% used [0x00000007a0000000,0x00000007ad0b7d30,0x00000007b5580000)
 Metaspace       used 5451K, capacity 5616K, committed 5760K, reserved 1056768K
  class space    used 579K, capacity 630K, committed 640K, reserved 1048576K
2018-07-25T18:08:33.957-0800: 36.237: [GC (Allocation Failure) [PSYoungGen: 142550K->116K(155136K)] 356277K->213843K(504832K), 0.0014783 secs] [Times: user=0.01 sys=0.00, real=0.00 secs] 
Heap after GC invocations=452 (full 39):
 PSYoungGen      total 155136K, used 116K [0x00000007b5580000, 0x00000007c0000000, 0x00000007c0000000)
  eden space 135680K, 0% used [0x00000007b5580000,0x00000007b5580000,0x00000007bda00000)
  from space 19456K, 0% used [0x00000007bda00000,0x00000007bda1d1b0,0x00000007bed00000)
  to   space 19456K, 0% used [0x00000007bed00000,0x00000007bed00000,0x00000007c0000000)
 ParOldGen       total 349696K, used 213727K [0x00000007a0000000, 0x00000007b5580000, 0x00000007b5580000)
  object space 349696K, 61% used [0x00000007a0000000,0x00000007ad0b7d30,0x00000007b5580000)
 Metaspace       used 5451K, capacity 5616K, committed 5760K, reserved 1056768K
  class space    used 579K, capacity 630K, committed 640K, reserved 1048576K
}
{Heap before GC invocations=453 (full 39):
 PSYoungGen      total 155136K, used 129602K [0x00000007b5580000, 0x00000007c0000000, 0x00000007c0000000)
  eden space 135680K, 95% used [0x00000007b5580000,0x00000007bd3f3870,0x00000007bda00000)
  from space 19456K, 0% used [0x00000007bda00000,0x00000007bda1d1b0,0x00000007bed00000)
  to   space 19456K, 0% used [0x00000007bed00000,0x00000007bed00000,0x00000007c0000000)
 ParOldGen       total 349696K, used 213727K [0x00000007a0000000, 0x00000007b5580000, 0x00000007b5580000)
  object space 349696K, 61% used [0x00000007a0000000,0x00000007ad0b7d30,0x00000007b5580000)
 Metaspace       used 5451K, capacity 5616K, committed 5760K, reserved 1056768K
  class space    used 579K, capacity 630K, committed 640K, reserved 1048576K
2018-07-25T18:08:33.987-0800: 36.267: [GC (Allocation Failure) [PSYoungGen: 129602K->9797K(155136K)] 343329K->275676K(504832K), 0.0077357 secs] [Times: user=0.06 sys=0.00, real=0.01 secs] 
Heap after GC invocations=453 (full 39):
 PSYoungGen      total 155136K, used 9797K [0x00000007b5580000, 0x00000007c0000000, 0x00000007c0000000)
  eden space 135680K, 0% used [0x00000007b5580000,0x00000007b5580000,0x00000007bda00000)
  from space 19456K, 50% used [0x00000007bed00000,0x00000007bf691698,0x00000007c0000000)
  to   space 19456K, 0% used [0x00000007bda00000,0x00000007bda00000,0x00000007bed00000)
 ParOldGen       total 349696K, used 265879K [0x00000007a0000000, 0x00000007b5580000, 0x00000007b5580000)
  object space 349696K, 76% used [0x00000007a0000000,0x00000007b03a5c78,0x00000007b5580000)
 Metaspace       used 5451K, capacity 5616K, committed 5760K, reserved 1056768K
  class space    used 579K, capacity 630K, committed 640K, reserved 1048576K
}
{Heap before GC invocations=454 (full 39):
 PSYoungGen      total 155136K, used 139330K [0x00000007b5580000, 0x00000007c0000000, 0x00000007c0000000)
  eden space 135680K, 95% used [0x00000007b5580000,0x00000007bd3ff360,0x00000007bda00000)
  from space 19456K, 50% used [0x00000007bed00000,0x00000007bf691698,0x00000007c0000000)
  to   space 19456K, 0% used [0x00000007bda00000,0x00000007bda00000,0x00000007bed00000)
 ParOldGen       total 349696K, used 265879K [0x00000007a0000000, 0x00000007b5580000, 0x00000007b5580000)
  object space 349696K, 76% used [0x00000007a0000000,0x00000007b03a5c78,0x00000007b5580000)
 Metaspace       used 5451K, capacity 5616K, committed 5760K, reserved 1056768K
  class space    used 579K, capacity 630K, committed 640K, reserved 1048576K
2018-07-25T18:08:34.103-0800: 36.384: [GC (Allocation Failure) [PSYoungGen: 139330K->9914K(155136K)] 405209K->301835K(504832K), 0.0047480 secs] [Times: user=0.03 sys=0.00, real=0.00 secs] 
Heap after GC invocations=454 (full 39):
 PSYoungGen      total 155136K, used 9914K [0x00000007b5580000, 0x00000007c0000000, 0x00000007c0000000)
  eden space 135680K, 0% used [0x00000007b5580000,0x00000007b5580000,0x00000007bda00000)
  from space 19456K, 50% used [0x00000007bda00000,0x00000007be3ae9a0,0x00000007bed00000)
  to   space 19456K, 0% used [0x00000007bed00000,0x00000007bed00000,0x00000007c0000000)
 ParOldGen       total 349696K, used 291920K [0x00000007a0000000, 0x00000007b5580000, 0x00000007b5580000)
  object space 349696K, 83% used [0x00000007a0000000,0x00000007b1d14340,0x00000007b5580000)
 Metaspace       used 5451K, capacity 5616K, committed 5760K, reserved 1056768K
  class space    used 579K, capacity 630K, committed 640K, reserved 1048576K
}
{Heap before GC invocations=455 (full 40):
 PSYoungGen      total 155136K, used 9914K [0x00000007b5580000, 0x00000007c0000000, 0x00000007c0000000)
  eden space 135680K, 0% used [0x00000007b5580000,0x00000007b5580000,0x00000007bda00000)
  from space 19456K, 50% used [0x00000007bda00000,0x00000007be3ae9a0,0x00000007bed00000)
  to   space 19456K, 0% used [0x00000007bed00000,0x00000007bed00000,0x00000007c0000000)
 ParOldGen       total 349696K, used 291920K [0x00000007a0000000, 0x00000007b5580000, 0x00000007b5580000)
  object space 349696K, 83% used [0x00000007a0000000,0x00000007b1d14340,0x00000007b5580000)
 Metaspace       used 5451K, capacity 5616K, committed 5760K, reserved 1056768K
  class space    used 579K, capacity 630K, committed 640K, reserved 1048576K
2018-07-25T18:08:34.108-0800: 36.389: [Full GC (Ergonomics) [PSYoungGen: 9914K->0K(155136K)] [ParOldGen: 291920K->47636K(349696K)] 301835K->47636K(504832K), [Metaspace: 5451K->5451K(1056768K)], 0.0076164 secs] [Times: user=0.04 sys=0.00, real=0.01 secs] 
Heap after GC invocations=455 (full 40):
 PSYoungGen      total 155136K, used 0K [0x00000007b5580000, 0x00000007c0000000, 0x00000007c0000000)
  eden space 135680K, 0% used [0x00000007b5580000,0x00000007b5580000,0x00000007bda00000)
  from space 19456K, 0% used [0x00000007bda00000,0x00000007bda00000,0x00000007bed00000)
  to   space 19456K, 0% used [0x00000007bed00000,0x00000007bed00000,0x00000007c0000000)
 ParOldGen       total 349696K, used 47636K [0x00000007a0000000, 0x00000007b5580000, 0x00000007b5580000)
  object space 349696K, 13% used [0x00000007a0000000,0x00000007a2e853e8,0x00000007b5580000)
 Metaspace       used 5451K, capacity 5616K, committed 5760K, reserved 1056768K
  class space    used 579K, capacity 630K, committed 640K, reserved 1048576K
}
{Heap before GC invocations=456 (full 40):
 PSYoungGen      total 155136K, used 106487K [0x00000007b5580000, 0x00000007c0000000, 0x00000007c0000000)
  eden space 135680K, 78% used [0x00000007b5580000,0x00000007bbd7df88,0x00000007bda00000)
  from space 19456K, 0% used [0x00000007bda00000,0x00000007bda00000,0x00000007bed00000)
  to   space 19456K, 0% used [0x00000007bed00000,0x00000007bed00000,0x00000007c0000000)
 ParOldGen       total 349696K, used 47636K [0x00000007a0000000, 0x00000007b5580000, 0x00000007b5580000)
  object space 349696K, 13% used [0x00000007a0000000,0x00000007a2e853e8,0x00000007b5580000)
 Metaspace       used 5451K, capacity 5616K, committed 5760K, reserved 1056768K
  class space    used 579K, capacity 630K, committed 640K, reserved 1048576K
2018-07-25T18:08:34.129-0800: 36.410: [GC (Allocation Failure) [PSYoungGen: 106487K->0K(155136K)] 154124K->125762K(504832K), 0.0094093 secs] [Times: user=0.07 sys=0.00, real=0.01 secs] 
Heap after GC invocations=456 (full 40):
 PSYoungGen      total 155136K, used 0K [0x00000007b5580000, 0x00000007c0000000, 0x00000007c0000000)
  eden space 135680K, 0% used [0x00000007b5580000,0x00000007b5580000,0x00000007bda00000)
  from space 19456K, 0% used [0x00000007bed00000,0x00000007bed00000,0x00000007c0000000)
  to   space 19456K, 0% used [0x00000007bda00000,0x00000007bda00000,0x00000007bed00000)
 ParOldGen       total 349696K, used 125762K [0x00000007a0000000, 0x00000007b5580000, 0x00000007b5580000)
  object space 349696K, 35% used [0x00000007a0000000,0x00000007a7ad0888,0x00000007b5580000)
 Metaspace       used 5451K, capacity 5616K, committed 5760K, reserved 1056768K
  class space    used 579K, capacity 630K, committed 640K, reserved 1048576K
}
{Heap before GC invocations=457 (full 40):
 PSYoungGen      total 155136K, used 128926K [0x00000007b5580000, 0x00000007c0000000, 0x00000007c0000000)
  eden space 135680K, 95% used [0x00000007b5580000,0x00000007bd367a80,0x00000007bda00000)
  from space 19456K, 0% used [0x00000007bed00000,0x00000007bed00000,0x00000007c0000000)
  to   space 19456K, 0% used [0x00000007bda00000,0x00000007bda00000,0x00000007bed00000)
 ParOldGen       total 349696K, used 125762K [0x00000007a0000000, 0x00000007b5580000, 0x00000007b5580000)
  object space 349696K, 35% used [0x00000007a0000000,0x00000007a7ad0888,0x00000007b5580000)
 Metaspace       used 5451K, capacity 5616K, committed 5760K, reserved 1056768K
  class space    used 579K, capacity 630K, committed 640K, reserved 1048576K
2018-07-25T18:08:34.250-0800: 36.531: [GC (Allocation Failure) [PSYoungGen: 128926K->9882K(155136K)] 254688K->187728K(504832K), 0.0056374 secs] [Times: user=0.05 sys=0.00, real=0.00 secs] 
Heap after GC invocations=457 (full 40):
 PSYoungGen      total 155136K, used 9882K [0x00000007b5580000, 0x00000007c0000000, 0x00000007c0000000)
  eden space 135680K, 0% used [0x00000007b5580000,0x00000007b5580000,0x00000007bda00000)
  from space 19456K, 50% used [0x00000007bda00000,0x00000007be3a6af8,0x00000007bed00000)
  to   space 19456K, 0% used [0x00000007bed00000,0x00000007bed00000,0x00000007c0000000)
 ParOldGen       total 349696K, used 177845K [0x00000007a0000000, 0x00000007b5580000, 0x00000007b5580000)
  object space 349696K, 50% used [0x00000007a0000000,0x00000007aadad638,0x00000007b5580000)
 Metaspace       used 5451K, capacity 5616K, committed 5760K, reserved 1056768K
  class space    used 579K, capacity 630K, committed 640K, reserved 1048576K
}
{Heap before GC invocations=458 (full 40):
 PSYoungGen      total 155136K, used 142323K [0x00000007b5580000, 0x00000007c0000000, 0x00000007c0000000)
  eden space 135680K, 97% used [0x00000007b5580000,0x00000007bd6d6408,0x00000007bda00000)
  from space 19456K, 50% used [0x00000007bda00000,0x00000007be3a6af8,0x00000007bed00000)
  to   space 19456K, 0% used [0x00000007bed00000,0x00000007bed00000,0x00000007c0000000)
 ParOldGen       total 349696K, used 177845K [0x00000007a0000000, 0x00000007b5580000, 0x00000007b5580000)
  object space 349696K, 50% used [0x00000007a0000000,0x00000007aadad638,0x00000007b5580000)
 Metaspace       used 5451K, capacity 5616K, committed 5760K, reserved 1056768K
  class space    used 579K, capacity 630K, committed 640K, reserved 1048576K
2018-07-25T18:08:34.348-0800: 36.628: [GC (Allocation Failure) [PSYoungGen: 142323K->117K(155136K)] 320169K->177962K(504832K), 0.0009998 secs] [Times: user=0.00 sys=0.00, real=0.00 secs] 
Heap after GC invocations=458 (full 40):
 PSYoungGen      total 155136K, used 117K [0x00000007b5580000, 0x00000007c0000000, 0x00000007c0000000)
  eden space 135680K, 0% used [0x00000007b5580000,0x00000007b5580000,0x00000007bda00000)
  from space 19456K, 0% used [0x00000007bed00000,0x00000007bed1d5b8,0x00000007c0000000)
  to   space 19456K, 0% used [0x00000007bda00000,0x00000007bda00000,0x00000007bed00000)
 ParOldGen       total 349696K, used 177845K [0x00000007a0000000, 0x00000007b5580000, 0x00000007b5580000)
  object space 349696K, 50% used [0x00000007a0000000,0x00000007aadad638,0x00000007b5580000)
 Metaspace       used 5451K, capacity 5616K, committed 5760K, reserved 1056768K
  class space    used 579K, capacity 630K, committed 640K, reserved 1048576K
}
{Heap before GC invocations=459 (full 40):
 PSYoungGen      total 155136K, used 129457K [0x00000007b5580000, 0x00000007c0000000, 0x00000007c0000000)
  eden space 135680K, 95% used [0x00000007b5580000,0x00000007bd3cefa8,0x00000007bda00000)
  from space 19456K, 0% used [0x00000007bed00000,0x00000007bed1d5b8,0x00000007c0000000)
  to   space 19456K, 0% used [0x00000007bda00000,0x00000007bda00000,0x00000007bed00000)
 ParOldGen       total 349696K, used 177845K [0x00000007a0000000, 0x00000007b5580000, 0x00000007b5580000)
  object space 349696K, 50% used [0x00000007a0000000,0x00000007aadad638,0x00000007b5580000)
 Metaspace       used 5451K, capacity 5616K, committed 5760K, reserved 1056768K
  class space    used 579K, capacity 630K, committed 640K, reserved 1048576K
2018-07-25T18:08:34.377-0800: 36.657: [GC (Allocation Failure) [PSYoungGen: 129457K->9797K(155136K)] 307302K->239796K(504832K), 0.0079213 secs] [Times: user=0.06 sys=0.00, real=0.01 secs] 
Heap after GC invocations=459 (full 40):
 PSYoungGen      total 155136K, used 9797K [0x00000007b5580000, 0x00000007c0000000, 0x00000007c0000000)
  eden space 135680K, 0% used [0x00000007b5580000,0x00000007b5580000,0x00000007bda00000)
  from space 19456K, 50% used [0x00000007bda00000,0x00000007be391698,0x00000007bed00000)
  to   space 19456K, 0% used [0x00000007bed00000,0x00000007bed00000,0x00000007c0000000)
 ParOldGen       total 349696K, used 229998K [0x00000007a0000000, 0x00000007b5580000, 0x00000007b5580000)
  object space 349696K, 65% used [0x00000007a0000000,0x00000007ae09b988,0x00000007b5580000)
 Metaspace       used 5451K, capacity 5616K, committed 5760K, reserved 1056768K
  class space    used 579K, capacity 630K, committed 640K, reserved 1048576K
}
{Heap before GC invocations=460 (full 40):
 PSYoungGen      total 155136K, used 139236K [0x00000007b5580000, 0x00000007c0000000, 0x00000007c0000000)
  eden space 135680K, 95% used [0x00000007b5580000,0x00000007bd3e7b98,0x00000007bda00000)
  from space 19456K, 50% used [0x00000007bda00000,0x00000007be391698,0x00000007bed00000)
  to   space 19456K, 0% used [0x00000007bed00000,0x00000007bed00000,0x00000007c0000000)
 ParOldGen       total 349696K, used 229998K [0x00000007a0000000, 0x00000007b5580000, 0x00000007b5580000)
  object space 349696K, 65% used [0x00000007a0000000,0x00000007ae09b988,0x00000007b5580000)
 Metaspace       used 5451K, capacity 5616K, committed 5760K, reserved 1056768K
  class space    used 579K, capacity 630K, committed 640K, reserved 1048576K
2018-07-25T18:08:34.490-0800: 36.770: [GC (Allocation Failure) [PSYoungGen: 139236K->9883K(155136K)] 369234K->265923K(504832K), 0.0048705 secs] [Times: user=0.04 sys=0.00, real=0.00 secs] 
Heap after GC invocations=460 (full 40):
 PSYoungGen      total 155136K, used 9883K [0x00000007b5580000, 0x00000007c0000000, 0x00000007c0000000)
  eden space 135680K, 0% used [0x00000007b5580000,0x00000007b5580000,0x00000007bda00000)
  from space 19456K, 50% used [0x00000007bed00000,0x00000007bf6a6da8,0x00000007c0000000)
  to   space 19456K, 0% used [0x00000007bda00000,0x00000007bda00000,0x00000007bed00000)
 ParOldGen       total 349696K, used 256040K [0x00000007a0000000, 0x00000007b5580000, 0x00000007b5580000)
  object space 349696K, 73% used [0x00000007a0000000,0x00000007afa0a050,0x00000007b5580000)
 Metaspace       used 5451K, capacity 5616K, committed 5760K, reserved 1056768K
  class space    used 579K, capacity 630K, committed 640K, reserved 1048576K
}
{Heap before GC invocations=461 (full 40):
 PSYoungGen      total 155136K, used 116310K [0x00000007b5580000, 0x00000007c0000000, 0x00000007c0000000)
  eden space 135680K, 78% used [0x00000007b5580000,0x00000007bbd6ed20,0x00000007bda00000)
  from space 19456K, 50% used [0x00000007bed00000,0x00000007bf6a6da8,0x00000007c0000000)
  to   space 19456K, 0% used [0x00000007bda00000,0x00000007bda00000,0x00000007bed00000)
 ParOldGen       total 349696K, used 256040K [0x00000007a0000000, 0x00000007b5580000, 0x00000007b5580000)
  object space 349696K, 73% used [0x00000007a0000000,0x00000007afa0a050,0x00000007b5580000)
 Metaspace       used 5451K, capacity 5616K, committed 5760K, reserved 1056768K
  class space    used 579K, capacity 630K, committed 640K, reserved 1048576K
2018-07-25T18:08:34.506-0800: 36.787: [GC (Allocation Failure) [PSYoungGen: 116310K->0K(155136K)] 372350K->291917K(504832K), 0.0058259 secs] [Times: user=0.04 sys=0.00, real=0.01 secs] 
Heap after GC invocations=461 (full 40):
 PSYoungGen      total 155136K, used 0K [0x00000007b5580000, 0x00000007c0000000, 0x00000007c0000000)
  eden space 135680K, 0% used [0x00000007b5580000,0x00000007b5580000,0x00000007bda00000)
  from space 19456K, 0% used [0x00000007bda00000,0x00000007bda00000,0x00000007bed00000)
  to   space 19456K, 0% used [0x00000007bed00000,0x00000007bed00000,0x00000007c0000000)
 ParOldGen       total 349696K, used 291917K [0x00000007a0000000, 0x00000007b5580000, 0x00000007b5580000)
  object space 349696K, 83% used [0x00000007a0000000,0x00000007b1d13500,0x00000007b5580000)
 Metaspace       used 5451K, capacity 5616K, committed 5760K, reserved 1056768K
  class space    used 579K, capacity 630K, committed 640K, reserved 1048576K
}
{Heap before GC invocations=462 (full 41):
 PSYoungGen      total 155136K, used 0K [0x00000007b5580000, 0x00000007c0000000, 0x00000007c0000000)
  eden space 135680K, 0% used [0x00000007b5580000,0x00000007b5580000,0x00000007bda00000)
  from space 19456K, 0% used [0x00000007bda00000,0x00000007bda00000,0x00000007bed00000)
  to   space 19456K, 0% used [0x00000007bed00000,0x00000007bed00000,0x00000007c0000000)
 ParOldGen       total 349696K, used 291917K [0x00000007a0000000, 0x00000007b5580000, 0x00000007b5580000)
  object space 349696K, 83% used [0x00000007a0000000,0x00000007b1d13500,0x00000007b5580000)
 Metaspace       used 5451K, capacity 5616K, committed 5760K, reserved 1056768K
  class space    used 579K, capacity 630K, committed 640K, reserved 1048576K
2018-07-25T18:08:34.512-0800: 36.793: [Full GC (Ergonomics) [PSYoungGen: 0K->0K(155136K)] [ParOldGen: 291917K->47637K(349696K)] 291917K->47637K(504832K), [Metaspace: 5451K->5451K(1056768K)], 0.0078616 secs] [Times: user=0.04 sys=0.00, real=0.01 secs] 
Heap after GC invocations=462 (full 41):
 PSYoungGen      total 155136K, used 0K [0x00000007b5580000, 0x00000007c0000000, 0x00000007c0000000)
  eden space 135680K, 0% used [0x00000007b5580000,0x00000007b5580000,0x00000007bda00000)
  from space 19456K, 0% used [0x00000007bda00000,0x00000007bda00000,0x00000007bed00000)
  to   space 19456K, 0% used [0x00000007bed00000,0x00000007bed00000,0x00000007c0000000)
 ParOldGen       total 349696K, used 47637K [0x00000007a0000000, 0x00000007b5580000, 0x00000007b5580000)
  object space 349696K, 13% used [0x00000007a0000000,0x00000007a2e857d0,0x00000007b5580000)
 Metaspace       used 5451K, capacity 5616K, committed 5760K, reserved 1056768K
  class space    used 579K, capacity 630K, committed 640K, reserved 1048576K
}
{Heap before GC invocations=463 (full 41):
 PSYoungGen      total 155136K, used 129238K [0x00000007b5580000, 0x00000007c0000000, 0x00000007c0000000)
  eden space 135680K, 95% used [0x00000007b5580000,0x00000007bd3b59a0,0x00000007bda00000)
  from space 19456K, 0% used [0x00000007bda00000,0x00000007bda00000,0x00000007bed00000)
  to   space 19456K, 0% used [0x00000007bed00000,0x00000007bed00000,0x00000007c0000000)
 ParOldGen       total 349696K, used 47637K [0x00000007a0000000, 0x00000007b5580000, 0x00000007b5580000)
  object space 349696K, 13% used [0x00000007a0000000,0x00000007a2e857d0,0x00000007b5580000)
 Metaspace       used 5451K, capacity 5616K, committed 5760K, reserved 1056768K
  class space    used 579K, capacity 630K, committed 640K, reserved 1048576K
2018-07-25T18:08:34.631-0800: 36.912: [GC (Allocation Failure) [PSYoungGen: 129238K->9915K(155136K)] 176876K->109637K(504832K), 0.0061124 secs] [Times: user=0.05 sys=0.00, real=0.00 secs] 
Heap after GC invocations=463 (full 41):
 PSYoungGen      total 155136K, used 9915K [0x00000007b5580000, 0x00000007c0000000, 0x00000007c0000000)
  eden space 135680K, 0% used [0x00000007b5580000,0x00000007b5580000,0x00000007bda00000)
  from space 19456K, 50% used [0x00000007bed00000,0x00000007bf6aef00,0x00000007c0000000)
  to   space 19456K, 0% used [0x00000007bda00000,0x00000007bda00000,0x00000007bed00000)
 ParOldGen       total 349696K, used 99721K [0x00000007a0000000, 0x00000007b5580000, 0x00000007b5580000)
  object space 349696K, 28% used [0x00000007a0000000,0x00000007a6162580,0x00000007b5580000)
 Metaspace       used 5451K, capacity 5616K, committed 5760K, reserved 1056768K
  class space    used 579K, capacity 630K, committed 640K, reserved 1048576K
}
{Heap before GC invocations=464 (full 41):
 PSYoungGen      total 155136K, used 142542K [0x00000007b5580000, 0x00000007c0000000, 0x00000007c0000000)
  eden space 135680K, 97% used [0x00000007b5580000,0x00000007bd704b80,0x00000007bda00000)
  from space 19456K, 50% used [0x00000007bed00000,0x00000007bf6aef00,0x00000007c0000000)
  to   space 19456K, 0% used [0x00000007bda00000,0x00000007bda00000,0x00000007bed00000)
 ParOldGen       total 349696K, used 99721K [0x00000007a0000000, 0x00000007b5580000, 0x00000007b5580000)
  object space 349696K, 28% used [0x00000007a0000000,0x00000007a6162580,0x00000007b5580000)
 Metaspace       used 5451K, capacity 5616K, committed 5760K, reserved 1056768K
  class space    used 579K, capacity 630K, committed 640K, reserved 1048576K
2018-07-25T18:08:34.729-0800: 37.009: [GC (Allocation Failure) [PSYoungGen: 142542K->118K(155136K)] 242264K->99839K(504832K), 0.0009703 secs] [Times: user=0.00 sys=0.00, real=0.01 secs] 
Heap after GC invocations=464 (full 41):
 PSYoungGen      total 155136K, used 118K [0x00000007b5580000, 0x00000007c0000000, 0x00000007c0000000)
  eden space 135680K, 0% used [0x00000007b5580000,0x00000007b5580000,0x00000007bda00000)
  from space 19456K, 0% used [0x00000007bda00000,0x00000007bda1d9c0,0x00000007bed00000)
  to   space 19456K, 0% used [0x00000007bed00000,0x00000007bed00000,0x00000007c0000000)
 ParOldGen       total 349696K, used 99721K [0x00000007a0000000, 0x00000007b5580000, 0x00000007b5580000)
  object space 349696K, 28% used [0x00000007a0000000,0x00000007a6162580,0x00000007b5580000)
 Metaspace       used 5451K, capacity 5616K, committed 5760K, reserved 1056768K
  class space    used 579K, capacity 630K, committed 640K, reserved 1048576K
}
{Heap before GC invocations=465 (full 41):
 PSYoungGen      total 155136K, used 129577K [0x00000007b5580000, 0x00000007c0000000, 0x00000007c0000000)
  eden space 135680K, 95% used [0x00000007b5580000,0x00000007bd3ecdc0,0x00000007bda00000)
  from space 19456K, 0% used [0x00000007bda00000,0x00000007bda1d9c0,0x00000007bed00000)
  to   space 19456K, 0% used [0x00000007bed00000,0x00000007bed00000,0x00000007c0000000)
 ParOldGen       total 349696K, used 99721K [0x00000007a0000000, 0x00000007b5580000, 0x00000007b5580000)
  object space 349696K, 28% used [0x00000007a0000000,0x00000007a6162580,0x00000007b5580000)
 Metaspace       used 5451K, capacity 5616K, committed 5760K, reserved 1056768K
  class space    used 579K, capacity 630K, committed 640K, reserved 1048576K
2018-07-25T18:08:34.758-0800: 37.039: [GC (Allocation Failure) [PSYoungGen: 129577K->9797K(155136K)] 229299K->161688K(504832K), 0.0073539 secs] [Times: user=0.05 sys=0.00, real=0.01 secs] 
Heap after GC invocations=465 (full 41):
 PSYoungGen      total 155136K, used 9797K [0x00000007b5580000, 0x00000007c0000000, 0x00000007c0000000)
  eden space 135680K, 0% used [0x00000007b5580000,0x00000007b5580000,0x00000007bda00000)
  from space 19456K, 50% used [0x00000007bed00000,0x00000007bf691698,0x00000007c0000000)
  to   space 19456K, 0% used [0x00000007bda00000,0x00000007bda00000,0x00000007bed00000)
 ParOldGen       total 349696K, used 151891K [0x00000007a0000000, 0x00000007b5580000, 0x00000007b5580000)
  object space 349696K, 43% used [0x00000007a0000000,0x00000007a9454cd8,0x00000007b5580000)
 Metaspace       used 5451K, capacity 5616K, committed 5760K, reserved 1056768K
  class space    used 579K, capacity 630K, committed 640K, reserved 1048576K
}
{Heap before GC invocations=466 (full 41):
 PSYoungGen      total 155136K, used 139313K [0x00000007b5580000, 0x00000007c0000000, 0x00000007c0000000)
  eden space 135680K, 95% used [0x00000007b5580000,0x00000007bd3faf08,0x00000007bda00000)
  from space 19456K, 50% used [0x00000007bed00000,0x00000007bf691698,0x00000007c0000000)
  to   space 19456K, 0% used [0x00000007bda00000,0x00000007bda00000,0x00000007bed00000)
 ParOldGen       total 349696K, used 151891K [0x00000007a0000000, 0x00000007b5580000, 0x00000007b5580000)
  object space 349696K, 43% used [0x00000007a0000000,0x00000007a9454cd8,0x00000007b5580000)
 Metaspace       used 5451K, capacity 5616K, committed 5760K, reserved 1056768K
  class space    used 579K, capacity 630K, committed 640K, reserved 1048576K
2018-07-25T18:08:34.873-0800: 37.154: [GC (Allocation Failure) [PSYoungGen: 139313K->9884K(155136K)] 291204K->187817K(504832K), 0.0046595 secs] [Times: user=0.03 sys=0.00, real=0.00 secs] 
Heap after GC invocations=466 (full 41):
 PSYoungGen      total 155136K, used 9884K [0x00000007b5580000, 0x00000007c0000000, 0x00000007c0000000)
  eden space 135680K, 0% used [0x00000007b5580000,0x00000007b5580000,0x00000007bda00000)
  from space 19456K, 50% used [0x00000007bda00000,0x00000007be3a71b0,0x00000007bed00000)
  to   space 19456K, 0% used [0x00000007bed00000,0x00000007bed00000,0x00000007c0000000)
 ParOldGen       total 349696K, used 177932K [0x00000007a0000000, 0x00000007b5580000, 0x00000007b5580000)
  object space 349696K, 50% used [0x00000007a0000000,0x00000007aadc33a0,0x00000007b5580000)
 Metaspace       used 5451K, capacity 5616K, committed 5760K, reserved 1056768K
  class space    used 579K, capacity 630K, committed 640K, reserved 1048576K
}
{Heap before GC invocations=467 (full 41):
 PSYoungGen      total 155136K, used 116361K [0x00000007b5580000, 0x00000007c0000000, 0x00000007c0000000)
  eden space 135680K, 78% used [0x00000007b5580000,0x00000007bbd7b370,0x00000007bda00000)
  from space 19456K, 50% used [0x00000007bda00000,0x00000007be3a71b0,0x00000007bed00000)
  to   space 19456K, 0% used [0x00000007bed00000,0x00000007bed00000,0x00000007c0000000)
 ParOldGen       total 349696K, used 177932K [0x00000007a0000000, 0x00000007b5580000, 0x00000007b5580000)
  object space 349696K, 50% used [0x00000007a0000000,0x00000007aadc33a0,0x00000007b5580000)
 Metaspace       used 5451K, capacity 5616K, committed 5760K, reserved 1056768K
  class space    used 579K, capacity 630K, committed 640K, reserved 1048576K
2018-07-25T18:08:34.891-0800: 37.172: [GC (Allocation Failure) [PSYoungGen: 116361K->0K(155136K)] 294294K->213811K(504832K), 0.0049254 secs] [Times: user=0.04 sys=0.00, real=0.00 secs] 
Heap after GC invocations=467 (full 41):
 PSYoungGen      total 155136K, used 0K [0x00000007b5580000, 0x00000007c0000000, 0x00000007c0000000)
  eden space 135680K, 0% used [0x00000007b5580000,0x00000007b5580000,0x00000007bda00000)
  from space 19456K, 0% used [0x00000007bed00000,0x00000007bed00000,0x00000007c0000000)
  to   space 19456K, 0% used [0x00000007bda00000,0x00000007bda00000,0x00000007bed00000)
 ParOldGen       total 349696K, used 213811K [0x00000007a0000000, 0x00000007b5580000, 0x00000007b5580000)
  object space 349696K, 61% used [0x00000007a0000000,0x00000007ad0ccc58,0x00000007b5580000)
 Metaspace       used 5451K, capacity 5616K, committed 5760K, reserved 1056768K
  class space    used 579K, capacity 630K, committed 640K, reserved 1048576K
}
{Heap before GC invocations=468 (full 41):
 PSYoungGen      total 155136K, used 129270K [0x00000007b5580000, 0x00000007c0000000, 0x00000007c0000000)
  eden space 135680K, 95% used [0x00000007b5580000,0x00000007bd3bd928,0x00000007bda00000)
  from space 19456K, 0% used [0x00000007bed00000,0x00000007bed00000,0x00000007c0000000)
  to   space 19456K, 0% used [0x00000007bda00000,0x00000007bda00000,0x00000007bed00000)
 ParOldGen       total 349696K, used 213811K [0x00000007a0000000, 0x00000007b5580000, 0x00000007b5580000)
  object space 349696K, 61% used [0x00000007a0000000,0x00000007ad0ccc58,0x00000007b5580000)
 Metaspace       used 5451K, capacity 5616K, committed 5760K, reserved 1056768K
  class space    used 579K, capacity 630K, committed 640K, reserved 1048576K
2018-07-25T18:08:35.002-0800: 37.283: [GC (Allocation Failure) [PSYoungGen: 129270K->9948K(155136K)] 343081K->275843K(504832K), 0.0053003 secs] [Times: user=0.04 sys=0.00, real=0.00 secs] 
Heap after GC invocations=468 (full 41):
 PSYoungGen      total 155136K, used 9948K [0x00000007b5580000, 0x00000007c0000000, 0x00000007c0000000)
  eden space 135680K, 0% used [0x00000007b5580000,0x00000007b5580000,0x00000007bda00000)
  from space 19456K, 51% used [0x00000007bda00000,0x00000007be3b7308,0x00000007bed00000)
  to   space 19456K, 0% used [0x00000007bed00000,0x00000007bed00000,0x00000007c0000000)
 ParOldGen       total 349696K, used 265894K [0x00000007a0000000, 0x00000007b5580000, 0x00000007b5580000)
  object space 349696K, 76% used [0x00000007a0000000,0x00000007b03a9a08,0x00000007b5580000)
 Metaspace       used 5451K, capacity 5616K, committed 5760K, reserved 1056768K
  class space    used 579K, capacity 630K, committed 640K, reserved 1048576K
}
{Heap before GC invocations=469 (full 41):
 PSYoungGen      total 155136K, used 142613K [0x00000007b5580000, 0x00000007c0000000, 0x00000007c0000000)
  eden space 135680K, 97% used [0x00000007b5580000,0x00000007bd70e190,0x00000007bda00000)
  from space 19456K, 51% used [0x00000007bda00000,0x00000007be3b7308,0x00000007bed00000)
  to   space 19456K, 0% used [0x00000007bed00000,0x00000007bed00000,0x00000007c0000000)
 ParOldGen       total 349696K, used 265894K [0x00000007a0000000, 0x00000007b5580000, 0x00000007b5580000)
  object space 349696K, 76% used [0x00000007a0000000,0x00000007b03a9a08,0x00000007b5580000)
 Metaspace       used 5451K, capacity 5616K, committed 5760K, reserved 1056768K
  class space    used 579K, capacity 630K, committed 640K, reserved 1048576K
2018-07-25T18:08:35.099-0800: 37.379: [GC (Allocation Failure) [PSYoungGen: 142613K->119K(155136K)] 408507K->266013K(504832K), 0.0018026 secs] [Times: user=0.01 sys=0.00, real=0.01 secs] 
Heap after GC invocations=469 (full 41):
 PSYoungGen      total 155136K, used 119K [0x00000007b5580000, 0x00000007c0000000, 0x00000007c0000000)
  eden space 135680K, 0% used [0x00000007b5580000,0x00000007b5580000,0x00000007bda00000)
  from space 19456K, 0% used [0x00000007bed00000,0x00000007bed1ddc8,0x00000007c0000000)
  to   space 19456K, 0% used [0x00000007bda00000,0x00000007bda00000,0x00000007bed00000)
 ParOldGen       total 349696K, used 265894K [0x00000007a0000000, 0x00000007b5580000, 0x00000007b5580000)
  object space 349696K, 76% used [0x00000007a0000000,0x00000007b03a9a08,0x00000007b5580000)
 Metaspace       used 5451K, capacity 5616K, committed 5760K, reserved 1056768K
  class space    used 579K, capacity 630K, committed 640K, reserved 1048576K
}
{Heap before GC invocations=470 (full 41):
 PSYoungGen      total 155136K, used 129603K [0x00000007b5580000, 0x00000007c0000000, 0x00000007c0000000)
  eden space 135680K, 95% used [0x00000007b5580000,0x00000007bd3f2e60,0x00000007bda00000)
  from space 19456K, 0% used [0x00000007bed00000,0x00000007bed1ddc8,0x00000007c0000000)
  to   space 19456K, 0% used [0x00000007bda00000,0x00000007bda00000,0x00000007bed00000)
 ParOldGen       total 349696K, used 265894K [0x00000007a0000000, 0x00000007b5580000, 0x00000007b5580000)
  object space 349696K, 76% used [0x00000007a0000000,0x00000007b03a9a08,0x00000007b5580000)
 Metaspace       used 5451K, capacity 5616K, committed 5760K, reserved 1056768K
  class space    used 579K, capacity 630K, committed 640K, reserved 1048576K
2018-07-25T18:08:35.131-0800: 37.412: [GC (Allocation Failure) [PSYoungGen: 129603K->9797K(155136K)] 395497K->327847K(504832K), 0.0076067 secs] [Times: user=0.05 sys=0.00, real=0.00 secs] 
Heap after GC invocations=470 (full 41):
 PSYoungGen      total 155136K, used 9797K [0x00000007b5580000, 0x00000007c0000000, 0x00000007c0000000)
  eden space 135680K, 0% used [0x00000007b5580000,0x00000007b5580000,0x00000007bda00000)
  from space 19456K, 50% used [0x00000007bda00000,0x00000007be391698,0x00000007bed00000)
  to   space 19456K, 0% used [0x00000007bed00000,0x00000007bed00000,0x00000007c0000000)
 ParOldGen       total 349696K, used 318049K [0x00000007a0000000, 0x00000007b5580000, 0x00000007b5580000)
  object space 349696K, 90% used [0x00000007a0000000,0x00000007b3698568,0x00000007b5580000)
 Metaspace       used 5451K, capacity 5616K, committed 5760K, reserved 1056768K
  class space    used 579K, capacity 630K, committed 640K, reserved 1048576K
}
{Heap before GC invocations=471 (full 42):
 PSYoungGen      total 155136K, used 9797K [0x00000007b5580000, 0x00000007c0000000, 0x00000007c0000000)
  eden space 135680K, 0% used [0x00000007b5580000,0x00000007b5580000,0x00000007bda00000)
  from space 19456K, 50% used [0x00000007bda00000,0x00000007be391698,0x00000007bed00000)
  to   space 19456K, 0% used [0x00000007bed00000,0x00000007bed00000,0x00000007c0000000)
 ParOldGen       total 349696K, used 318049K [0x00000007a0000000, 0x00000007b5580000, 0x00000007b5580000)
  object space 349696K, 90% used [0x00000007a0000000,0x00000007b3698568,0x00000007b5580000)
 Metaspace       used 5451K, capacity 5616K, committed 5760K, reserved 1056768K
  class space    used 579K, capacity 630K, committed 640K, reserved 1048576K
2018-07-25T18:08:35.139-0800: 37.419: [Full GC (Ergonomics) [PSYoungGen: 9797K->0K(155136K)] [ParOldGen: 318049K->73681K(349696K)] 327847K->73681K(504832K), [Metaspace: 5451K->5451K(1056768K)], 0.0109705 secs] [Times: user=0.06 sys=0.00, real=0.02 secs] 
Heap after GC invocations=471 (full 42):
 PSYoungGen      total 155136K, used 0K [0x00000007b5580000, 0x00000007c0000000, 0x00000007c0000000)
  eden space 135680K, 0% used [0x00000007b5580000,0x00000007b5580000,0x00000007bda00000)
  from space 19456K, 0% used [0x00000007bda00000,0x00000007bda00000,0x00000007bed00000)
  to   space 19456K, 0% used [0x00000007bed00000,0x00000007bed00000,0x00000007c0000000)
 ParOldGen       total 349696K, used 73681K [0x00000007a0000000, 0x00000007b5580000, 0x00000007b5580000)
  object space 349696K, 21% used [0x00000007a0000000,0x00000007a47f4530,0x00000007b5580000)
 Metaspace       used 5451K, capacity 5616K, committed 5760K, reserved 1056768K
  class space    used 579K, capacity 630K, committed 640K, reserved 1048576K
}
{Heap before GC invocations=472 (full 42):
 PSYoungGen      total 155136K, used 129531K [0x00000007b5580000, 0x00000007c0000000, 0x00000007c0000000)
  eden space 135680K, 95% used [0x00000007b5580000,0x00000007bd3fed38,0x00000007bda00000)
  from space 19456K, 0% used [0x00000007bda00000,0x00000007bda00000,0x00000007bed00000)
  to   space 19456K, 0% used [0x00000007bed00000,0x00000007bed00000,0x00000007c0000000)
 ParOldGen       total 349696K, used 73681K [0x00000007a0000000, 0x00000007b5580000, 0x00000007b5580000)
  object space 349696K, 21% used [0x00000007a0000000,0x00000007a47f4530,0x00000007b5580000)
 Metaspace       used 5451K, capacity 5616K, committed 5760K, reserved 1056768K
  class space    used 579K, capacity 630K, committed 640K, reserved 1048576K
2018-07-25T18:08:35.263-0800: 37.543: [GC (Allocation Failure) [PSYoungGen: 129531K->9917K(154112K)] 203212K->135682K(503808K), 0.0076438 secs] [Times: user=0.06 sys=0.00, real=0.01 secs] 
Heap after GC invocations=472 (full 42):
 PSYoungGen      total 154112K, used 9917K [0x00000007b5580000, 0x00000007c0000000, 0x00000007c0000000)
  eden space 134656K, 0% used [0x00000007b5580000,0x00000007b5580000,0x00000007bd900000)
  from space 19456K, 50% used [0x00000007bed00000,0x00000007bf6af5b8,0x00000007c0000000)
  to   space 19968K, 0% used [0x00000007bd900000,0x00000007bd900000,0x00000007bec80000)
 ParOldGen       total 349696K, used 125764K [0x00000007a0000000, 0x00000007b5580000, 0x00000007b5580000)
  object space 349696K, 35% used [0x00000007a0000000,0x00000007a7ad1300,0x00000007b5580000)
 Metaspace       used 5451K, capacity 5616K, committed 5760K, reserved 1056768K
  class space    used 579K, capacity 630K, committed 640K, reserved 1048576K
}
{Heap before GC invocations=473 (full 42):
 PSYoungGen      total 154112K, used 116386K [0x00000007b5580000, 0x00000007c0000000, 0x00000007c0000000)
  eden space 134656K, 79% used [0x00000007b5580000,0x00000007bbd79588,0x00000007bd900000)
  from space 19456K, 50% used [0x00000007bed00000,0x00000007bf6af5b8,0x00000007c0000000)
  to   space 19968K, 0% used [0x00000007bd900000,0x00000007bd900000,0x00000007bec80000)
 ParOldGen       total 349696K, used 125764K [0x00000007a0000000, 0x00000007b5580000, 0x00000007b5580000)
  object space 349696K, 35% used [0x00000007a0000000,0x00000007a7ad1300,0x00000007b5580000)
 Metaspace       used 5451K, capacity 5616K, committed 5760K, reserved 1056768K
  class space    used 579K, capacity 630K, committed 640K, reserved 1048576K
2018-07-25T18:08:35.285-0800: 37.566: [GC (Allocation Failure) [PSYoungGen: 116386K->0K(154624K)] 242151K->161651K(504320K), 0.0043091 secs] [Times: user=0.03 sys=0.00, real=0.00 secs] 
Heap after GC invocations=473 (full 42):
 PSYoungGen      total 154624K, used 0K [0x00000007b5580000, 0x00000007c0000000, 0x00000007c0000000)
  eden space 134656K, 0% used [0x00000007b5580000,0x00000007b5580000,0x00000007bd900000)
  from space 19968K, 0% used [0x00000007bd900000,0x00000007bd900000,0x00000007bec80000)
  to   space 19456K, 0% used [0x00000007bed00000,0x00000007bed00000,0x00000007c0000000)
 ParOldGen       total 349696K, used 161651K [0x00000007a0000000, 0x00000007b5580000, 0x00000007b5580000)
  object space 349696K, 46% used [0x00000007a0000000,0x00000007a9ddcfc0,0x00000007b5580000)
 Metaspace       used 5451K, capacity 5616K, committed 5760K, reserved 1056768K
  class space    used 579K, capacity 630K, committed 640K, reserved 1048576K
}
{Heap before GC invocations=474 (full 42):
 PSYoungGen      total 154624K, used 129259K [0x00000007b5580000, 0x00000007c0000000, 0x00000007c0000000)
  eden space 134656K, 95% used [0x00000007b5580000,0x00000007bd3bad78,0x00000007bd900000)
  from space 19968K, 0% used [0x00000007bd900000,0x00000007bd900000,0x00000007bec80000)
  to   space 19456K, 0% used [0x00000007bed00000,0x00000007bed00000,0x00000007c0000000)
 ParOldGen       total 349696K, used 161651K [0x00000007a0000000, 0x00000007b5580000, 0x00000007b5580000)
  object space 349696K, 46% used [0x00000007a0000000,0x00000007a9ddcfc0,0x00000007b5580000)
 Metaspace       used 5451K, capacity 5616K, committed 5760K, reserved 1056768K
  class space    used 579K, capacity 630K, committed 640K, reserved 1048576K
2018-07-25T18:08:35.395-0800: 37.675: [GC (Allocation Failure) [PSYoungGen: 129259K->9917K(155136K)] 290911K->223653K(504832K), 0.0057883 secs] [Times: user=0.04 sys=0.01, real=0.01 secs] 
Heap after GC invocations=474 (full 42):
 PSYoungGen      total 155136K, used 9917K [0x00000007b5580000, 0x00000007c0000000, 0x00000007c0000000)
  eden space 135680K, 0% used [0x00000007b5580000,0x00000007b5580000,0x00000007bda00000)
  from space 19456K, 50% used [0x00000007bed00000,0x00000007bf6af710,0x00000007c0000000)
  to   space 19456K, 0% used [0x00000007bda00000,0x00000007bda00000,0x00000007bed00000)
 ParOldGen       total 349696K, used 213735K [0x00000007a0000000, 0x00000007b5580000, 0x00000007b5580000)
  object space 349696K, 61% used [0x00000007a0000000,0x00000007ad0b9d70,0x00000007b5580000)
 Metaspace       used 5451K, capacity 5616K, committed 5760K, reserved 1056768K
  class space    used 579K, capacity 630K, committed 640K, reserved 1048576K
}
{Heap before GC invocations=475 (full 42):
 PSYoungGen      total 155136K, used 142586K [0x00000007b5580000, 0x00000007c0000000, 0x00000007c0000000)
  eden space 135680K, 97% used [0x00000007b5580000,0x00000007bd70f2c0,0x00000007bda00000)
  from space 19456K, 50% used [0x00000007bed00000,0x00000007bf6af710,0x00000007c0000000)
  to   space 19456K, 0% used [0x00000007bda00000,0x00000007bda00000,0x00000007bed00000)
 ParOldGen       total 349696K, used 213735K [0x00000007a0000000, 0x00000007b5580000, 0x00000007b5580000)
  object space 349696K, 61% used [0x00000007a0000000,0x00000007ad0b9d70,0x00000007b5580000)
 Metaspace       used 5451K, capacity 5616K, committed 5760K, reserved 1056768K
  class space    used 579K, capacity 630K, committed 640K, reserved 1048576K
2018-07-25T18:08:35.492-0800: 37.773: [GC (Allocation Failure) [PSYoungGen: 142586K->120K(155136K)] 356321K->213855K(504832K), 0.0014551 secs] [Times: user=0.00 sys=0.00, real=0.00 secs] 
Heap after GC invocations=475 (full 42):
 PSYoungGen      total 155136K, used 120K [0x00000007b5580000, 0x00000007c0000000, 0x00000007c0000000)
  eden space 135680K, 0% used [0x00000007b5580000,0x00000007b5580000,0x00000007bda00000)
  from space 19456K, 0% used [0x00000007bda00000,0x00000007bda1e1d0,0x00000007bed00000)
  to   space 19456K, 0% used [0x00000007bed00000,0x00000007bed00000,0x00000007c0000000)
 ParOldGen       total 349696K, used 213735K [0x00000007a0000000, 0x00000007b5580000, 0x00000007b5580000)
  object space 349696K, 61% used [0x00000007a0000000,0x00000007ad0b9d70,0x00000007b5580000)
 Metaspace       used 5451K, capacity 5616K, committed 5760K, reserved 1056768K
  class space    used 579K, capacity 630K, committed 640K, reserved 1048576K
}
{Heap before GC invocations=476 (full 42):
 PSYoungGen      total 155136K, used 129606K [0x00000007b5580000, 0x00000007c0000000, 0x00000007c0000000)
  eden space 135680K, 95% used [0x00000007b5580000,0x00000007bd3f3988,0x00000007bda00000)
  from space 19456K, 0% used [0x00000007bda00000,0x00000007bda1e1d0,0x00000007bed00000)
  to   space 19456K, 0% used [0x00000007bed00000,0x00000007bed00000,0x00000007c0000000)
 ParOldGen       total 349696K, used 213735K [0x00000007a0000000, 0x00000007b5580000, 0x00000007b5580000)
  object space 349696K, 61% used [0x00000007a0000000,0x00000007ad0b9d70,0x00000007b5580000)
 Metaspace       used 5451K, capacity 5616K, committed 5760K, reserved 1056768K
  class space    used 579K, capacity 630K, committed 640K, reserved 1048576K
2018-07-25T18:08:35.523-0800: 37.803: [GC (Allocation Failure) [PSYoungGen: 129606K->9797K(155136K)] 343342K->275688K(504832K), 0.0076885 secs] [Times: user=0.06 sys=0.00, real=0.01 secs] 
Heap after GC invocations=476 (full 42):
 PSYoungGen      total 155136K, used 9797K [0x00000007b5580000, 0x00000007c0000000, 0x00000007c0000000)
  eden space 135680K, 0% used [0x00000007b5580000,0x00000007b5580000,0x00000007bda00000)
  from space 19456K, 50% used [0x00000007bed00000,0x00000007bf691698,0x00000007c0000000)
  to   space 19456K, 0% used [0x00000007bda00000,0x00000007bda00000,0x00000007bed00000)
 ParOldGen       total 349696K, used 265891K [0x00000007a0000000, 0x00000007b5580000, 0x00000007b5580000)
  object space 349696K, 76% used [0x00000007a0000000,0x00000007b03a8cd8,0x00000007b5580000)
 Metaspace       used 5451K, capacity 5616K, committed 5760K, reserved 1056768K
  class space    used 579K, capacity 630K, committed 640K, reserved 1048576K
}
{Heap before GC invocations=477 (full 42):
 PSYoungGen      total 155136K, used 139330K [0x00000007b5580000, 0x00000007c0000000, 0x00000007c0000000)
  eden space 135680K, 95% used [0x00000007b5580000,0x00000007bd3ff488,0x00000007bda00000)
  from space 19456K, 50% used [0x00000007bed00000,0x00000007bf691698,0x00000007c0000000)
  to   space 19456K, 0% used [0x00000007bda00000,0x00000007bda00000,0x00000007bed00000)
 ParOldGen       total 349696K, used 265891K [0x00000007a0000000, 0x00000007b5580000, 0x00000007b5580000)
  object space 349696K, 76% used [0x00000007a0000000,0x00000007b03a8cd8,0x00000007b5580000)
 Metaspace       used 5451K, capacity 5616K, committed 5760K, reserved 1056768K
  class space    used 579K, capacity 630K, committed 640K, reserved 1048576K
2018-07-25T18:08:35.636-0800: 37.916: [GC (Allocation Failure) [PSYoungGen: 139330K->9886K(145920K)] 405221K->301819K(495616K), 0.0046018 secs] [Times: user=0.04 sys=0.00, real=0.01 secs] 
Heap after GC invocations=477 (full 42):
 PSYoungGen      total 145920K, used 9886K [0x00000007b5580000, 0x00000007c0000000, 0x00000007c0000000)
  eden space 135680K, 0% used [0x00000007b5580000,0x00000007b5580000,0x00000007bda00000)
  from space 10240K, 96% used [0x00000007bda00000,0x00000007be3a79c0,0x00000007be400000)
  to   space 19968K, 0% used [0x00000007bec80000,0x00000007bec80000,0x00000007c0000000)
 ParOldGen       total 349696K, used 291932K [0x00000007a0000000, 0x00000007b5580000, 0x00000007b5580000)
  object space 349696K, 83% used [0x00000007a0000000,0x00000007b1d173a0,0x00000007b5580000)
 Metaspace       used 5451K, capacity 5616K, committed 5760K, reserved 1056768K
  class space    used 579K, capacity 630K, committed 640K, reserved 1048576K
}
{Heap before GC invocations=478 (full 43):
 PSYoungGen      total 145920K, used 9886K [0x00000007b5580000, 0x00000007c0000000, 0x00000007c0000000)
  eden space 135680K, 0% used [0x00000007b5580000,0x00000007b5580000,0x00000007bda00000)
  from space 10240K, 96% used [0x00000007bda00000,0x00000007be3a79c0,0x00000007be400000)
  to   space 19968K, 0% used [0x00000007bec80000,0x00000007bec80000,0x00000007c0000000)
 ParOldGen       total 349696K, used 291932K [0x00000007a0000000, 0x00000007b5580000, 0x00000007b5580000)
  object space 349696K, 83% used [0x00000007a0000000,0x00000007b1d173a0,0x00000007b5580000)
 Metaspace       used 5451K, capacity 5616K, committed 5760K, reserved 1056768K
  class space    used 579K, capacity 630K, committed 640K, reserved 1048576K
2018-07-25T18:08:35.640-0800: 37.921: [Full GC (Ergonomics) [PSYoungGen: 9886K->0K(145920K)] [ParOldGen: 291932K->47641K(349696K)] 301819K->47641K(495616K), [Metaspace: 5451K->5451K(1056768K)], 0.0077285 secs] [Times: user=0.03 sys=0.00, real=0.00 secs] 
Heap after GC invocations=478 (full 43):
 PSYoungGen      total 145920K, used 0K [0x00000007b5580000, 0x00000007c0000000, 0x00000007c0000000)
  eden space 135680K, 0% used [0x00000007b5580000,0x00000007b5580000,0x00000007bda00000)
  from space 10240K, 0% used [0x00000007bda00000,0x00000007bda00000,0x00000007be400000)
  to   space 19968K, 0% used [0x00000007bec80000,0x00000007bec80000,0x00000007c0000000)
 ParOldGen       total 349696K, used 47641K [0x00000007a0000000, 0x00000007b5580000, 0x00000007b5580000)
  object space 349696K, 13% used [0x00000007a0000000,0x00000007a2e86408,0x00000007b5580000)
 Metaspace       used 5451K, capacity 5616K, committed 5760K, reserved 1056768K
  class space    used 579K, capacity 630K, committed 640K, reserved 1048576K
}
{Heap before GC invocations=479 (full 43):
 PSYoungGen      total 145920K, used 106488K [0x00000007b5580000, 0x00000007c0000000, 0x00000007c0000000)
  eden space 135680K, 78% used [0x00000007b5580000,0x00000007bbd7e048,0x00000007bda00000)
  from space 10240K, 0% used [0x00000007bda00000,0x00000007bda00000,0x00000007be400000)
  to   space 19968K, 0% used [0x00000007bec80000,0x00000007bec80000,0x00000007c0000000)
 ParOldGen       total 349696K, used 47641K [0x00000007a0000000, 0x00000007b5580000, 0x00000007b5580000)
  object space 349696K, 13% used [0x00000007a0000000,0x00000007a2e86408,0x00000007b5580000)
 Metaspace       used 5451K, capacity 5616K, committed 5760K, reserved 1056768K
  class space    used 579K, capacity 630K, committed 640K, reserved 1048576K
2018-07-25T18:08:35.669-0800: 37.949: [GC (Allocation Failure) [PSYoungGen: 106488K->0K(155136K)] 154129K->125766K(504832K), 0.0092397 secs] [Times: user=0.07 sys=0.00, real=0.01 secs] 
Heap after GC invocations=479 (full 43):
 PSYoungGen      total 155136K, used 0K [0x00000007b5580000, 0x00000007c0000000, 0x00000007c0000000)
  eden space 135168K, 0% used [0x00000007b5580000,0x00000007b5580000,0x00000007bd980000)
  from space 19968K, 0% used [0x00000007bec80000,0x00000007bec80000,0x00000007c0000000)
  to   space 19456K, 0% used [0x00000007bd980000,0x00000007bd980000,0x00000007bec80000)
 ParOldGen       total 349696K, used 125766K [0x00000007a0000000, 0x00000007b5580000, 0x00000007b5580000)
  object space 349696K, 35% used [0x00000007a0000000,0x00000007a7ad18a8,0x00000007b5580000)
 Metaspace       used 5451K, capacity 5616K, committed 5760K, reserved 1056768K
  class space    used 579K, capacity 630K, committed 640K, reserved 1048576K
}
{Heap before GC invocations=480 (full 43):
 PSYoungGen      total 155136K, used 128919K [0x00000007b5580000, 0x00000007c0000000, 0x00000007c0000000)
  eden space 135168K, 95% used [0x00000007b5580000,0x00000007bd365d38,0x00000007bd980000)
  from space 19968K, 0% used [0x00000007bec80000,0x00000007bec80000,0x00000007c0000000)
  to   space 19456K, 0% used [0x00000007bd980000,0x00000007bd980000,0x00000007bec80000)
 ParOldGen       total 349696K, used 125766K [0x00000007a0000000, 0x00000007b5580000, 0x00000007b5580000)
  object space 349696K, 35% used [0x00000007a0000000,0x00000007a7ad18a8,0x00000007b5580000)
 Metaspace       used 5451K, capacity 5616K, committed 5760K, reserved 1056768K
  class space    used 579K, capacity 630K, committed 640K, reserved 1048576K
2018-07-25T18:08:35.786-0800: 38.067: [GC (Allocation Failure) [PSYoungGen: 128919K->9918K(154624K)] 254685K->187768K(504320K), 0.0058090 secs] [Times: user=0.04 sys=0.00, real=0.01 secs] 
Heap after GC invocations=480 (full 43):
 PSYoungGen      total 154624K, used 9918K [0x00000007b5580000, 0x00000007c0000000, 0x00000007c0000000)
  eden space 135168K, 0% used [0x00000007b5580000,0x00000007b5580000,0x00000007bd980000)
  from space 19456K, 50% used [0x00000007bd980000,0x00000007be32fb18,0x00000007bec80000)
  to   space 19456K, 0% used [0x00000007bed00000,0x00000007bed00000,0x00000007c0000000)
 ParOldGen       total 349696K, used 177849K [0x00000007a0000000, 0x00000007b5580000, 0x00000007b5580000)
  object space 349696K, 50% used [0x00000007a0000000,0x00000007aadae658,0x00000007b5580000)
 Metaspace       used 5451K, capacity 5616K, committed 5760K, reserved 1056768K
  class space    used 579K, capacity 630K, committed 640K, reserved 1048576K
}
{Heap before GC invocations=481 (full 43):
 PSYoungGen      total 154624K, used 142351K [0x00000007b5580000, 0x00000007c0000000, 0x00000007c0000000)
  eden space 135168K, 97% used [0x00000007b5580000,0x00000007bd6d42a8,0x00000007bd980000)
  from space 19456K, 50% used [0x00000007bd980000,0x00000007be32fb18,0x00000007bec80000)
  to   space 19456K, 0% used [0x00000007bed00000,0x00000007bed00000,0x00000007c0000000)
 ParOldGen       total 349696K, used 177849K [0x00000007a0000000, 0x00000007b5580000, 0x00000007b5580000)
  object space 349696K, 50% used [0x00000007a0000000,0x00000007aadae658,0x00000007b5580000)
 Metaspace       used 5451K, capacity 5616K, committed 5760K, reserved 1056768K
  class space    used 579K, capacity 630K, committed 640K, reserved 1048576K
2018-07-25T18:08:35.885-0800: 38.165: [GC (Allocation Failure) [PSYoungGen: 142351K->121K(155136K)] 320201K->177971K(504832K), 0.0011114 secs] [Times: user=0.01 sys=0.00, real=0.00 secs] 
Heap after GC invocations=481 (full 43):
 PSYoungGen      total 155136K, used 121K [0x00000007b5580000, 0x00000007c0000000, 0x00000007c0000000)
  eden space 135680K, 0% used [0x00000007b5580000,0x00000007b5580000,0x00000007bda00000)
  from space 19456K, 0% used [0x00000007bed00000,0x00000007bed1e5d8,0x00000007c0000000)
  to   space 19456K, 0% used [0x00000007bda00000,0x00000007bda00000,0x00000007bed00000)
 ParOldGen       total 349696K, used 177849K [0x00000007a0000000, 0x00000007b5580000, 0x00000007b5580000)
  object space 349696K, 50% used [0x00000007a0000000,0x00000007aadae658,0x00000007b5580000)
 Metaspace       used 5451K, capacity 5616K, committed 5760K, reserved 1056768K
  class space    used 579K, capacity 630K, committed 640K, reserved 1048576K
}
{Heap before GC invocations=482 (full 43):
 PSYoungGen      total 155136K, used 129461K [0x00000007b5580000, 0x00000007c0000000, 0x00000007c0000000)
  eden space 135680K, 95% used [0x00000007b5580000,0x00000007bd3cf090,0x00000007bda00000)
  from space 19456K, 0% used [0x00000007bed00000,0x00000007bed1e5d8,0x00000007c0000000)
  to   space 19456K, 0% used [0x00000007bda00000,0x00000007bda00000,0x00000007bed00000)
 ParOldGen       total 349696K, used 177849K [0x00000007a0000000, 0x00000007b5580000, 0x00000007b5580000)
  object space 349696K, 50% used [0x00000007a0000000,0x00000007aadae658,0x00000007b5580000)
 Metaspace       used 5451K, capacity 5616K, committed 5760K, reserved 1056768K
  class space    used 579K, capacity 630K, committed 640K, reserved 1048576K
2018-07-25T18:08:35.915-0800: 38.195: [GC (Allocation Failure) [PSYoungGen: 129461K->9797K(155136K)] 307311K->239804K(504832K), 0.0081702 secs] [Times: user=0.06 sys=0.00, real=0.01 secs] 
Heap after GC invocations=482 (full 43):
 PSYoungGen      total 155136K, used 9797K [0x00000007b5580000, 0x00000007c0000000, 0x00000007c0000000)
  eden space 135680K, 0% used [0x00000007b5580000,0x00000007b5580000,0x00000007bda00000)
  from space 19456K, 50% used [0x00000007bda00000,0x00000007be391698,0x00000007bed00000)
  to   space 19456K, 0% used [0x00000007bed00000,0x00000007bed00000,0x00000007c0000000)
 ParOldGen       total 349696K, used 230006K [0x00000007a0000000, 0x00000007b5580000, 0x00000007b5580000)
  object space 349696K, 65% used [0x00000007a0000000,0x00000007ae09d9c8,0x00000007b5580000)
 Metaspace       used 5451K, capacity 5616K, committed 5760K, reserved 1056768K
  class space    used 579K, capacity 630K, committed 640K, reserved 1048576K
}
{Heap before GC invocations=483 (full 43):
 PSYoungGen      total 155136K, used 139236K [0x00000007b5580000, 0x00000007c0000000, 0x00000007c0000000)
  eden space 135680K, 95% used [0x00000007b5580000,0x00000007bd3e7ca0,0x00000007bda00000)
  from space 19456K, 50% used [0x00000007bda00000,0x00000007be391698,0x00000007bed00000)
  to   space 19456K, 0% used [0x00000007bed00000,0x00000007bed00000,0x00000007c0000000)
 ParOldGen       total 349696K, used 230006K [0x00000007a0000000, 0x00000007b5580000, 0x00000007b5580000)
  object space 349696K, 65% used [0x00000007a0000000,0x00000007ae09d9c8,0x00000007b5580000)
 Metaspace       used 5451K, capacity 5616K, committed 5760K, reserved 1056768K
  class space    used 579K, capacity 630K, committed 640K, reserved 1048576K
2018-07-25T18:08:36.029-0800: 38.310: [GC (Allocation Failure) [PSYoungGen: 139236K->9919K(154112K)] 369243K->265967K(503808K), 0.0050784 secs] [Times: user=0.03 sys=0.00, real=0.01 secs] 
Heap after GC invocations=483 (full 43):
 PSYoungGen      total 154112K, used 9919K [0x00000007b5580000, 0x00000007c0000000, 0x00000007c0000000)
  eden space 134656K, 0% used [0x00000007b5580000,0x00000007b5580000,0x00000007bd900000)
  from space 19456K, 50% used [0x00000007bed00000,0x00000007bf6afdc8,0x00000007c0000000)
  to   space 19968K, 0% used [0x00000007bd900000,0x00000007bd900000,0x00000007bec80000)
 ParOldGen       total 349696K, used 256048K [0x00000007a0000000, 0x00000007b5580000, 0x00000007b5580000)
  object space 349696K, 73% used [0x00000007a0000000,0x00000007afa0c090,0x00000007b5580000)
 Metaspace       used 5451K, capacity 5616K, committed 5760K, reserved 1056768K
  class space    used 579K, capacity 630K, committed 640K, reserved 1048576K
}
{Heap before GC invocations=484 (full 43):
 PSYoungGen      total 154112K, used 116329K [0x00000007b5580000, 0x00000007c0000000, 0x00000007c0000000)
  eden space 134656K, 79% used [0x00000007b5580000,0x00000007bbd6a990,0x00000007bd900000)
  from space 19456K, 50% used [0x00000007bed00000,0x00000007bf6afdc8,0x00000007c0000000)
  to   space 19968K, 0% used [0x00000007bd900000,0x00000007bd900000,0x00000007bec80000)
 ParOldGen       total 349696K, used 256048K [0x00000007a0000000, 0x00000007b5580000, 0x00000007b5580000)
  object space 349696K, 73% used [0x00000007a0000000,0x00000007afa0c090,0x00000007b5580000)
 Metaspace       used 5451K, capacity 5616K, committed 5760K, reserved 1056768K
  class space    used 579K, capacity 630K, committed 640K, reserved 1048576K
2018-07-25T18:08:36.050-0800: 38.331: [GC (Allocation Failure) [PSYoungGen: 116329K->0K(154624K)] 372377K->291929K(504320K), 0.0054395 secs] [Times: user=0.04 sys=0.00, real=0.00 secs] 
Heap after GC invocations=484 (full 43):
 PSYoungGen      total 154624K, used 0K [0x00000007b5580000, 0x00000007c0000000, 0x00000007c0000000)
  eden space 134656K, 0% used [0x00000007b5580000,0x00000007b5580000,0x00000007bd900000)
  from space 19968K, 0% used [0x00000007bd900000,0x00000007bd900000,0x00000007bec80000)
  to   space 19456K, 0% used [0x00000007bed00000,0x00000007bed00000,0x00000007c0000000)
 ParOldGen       total 349696K, used 291929K [0x00000007a0000000, 0x00000007b5580000, 0x00000007b5580000)
  object space 349696K, 83% used [0x00000007a0000000,0x00000007b1d16560,0x00000007b5580000)
 Metaspace       used 5451K, capacity 5616K, committed 5760K, reserved 1056768K
  class space    used 579K, capacity 630K, committed 640K, reserved 1048576K
}
{Heap before GC invocations=485 (full 44):
 PSYoungGen      total 154624K, used 0K [0x00000007b5580000, 0x00000007c0000000, 0x00000007c0000000)
  eden space 134656K, 0% used [0x00000007b5580000,0x00000007b5580000,0x00000007bd900000)
  from space 19968K, 0% used [0x00000007bd900000,0x00000007bd900000,0x00000007bec80000)
  to   space 19456K, 0% used [0x00000007bed00000,0x00000007bed00000,0x00000007c0000000)
 ParOldGen       total 349696K, used 291929K [0x00000007a0000000, 0x00000007b5580000, 0x00000007b5580000)
  object space 349696K, 83% used [0x00000007a0000000,0x00000007b1d16560,0x00000007b5580000)
 Metaspace       used 5451K, capacity 5616K, committed 5760K, reserved 1056768K
  class space    used 579K, capacity 630K, committed 640K, reserved 1048576K
2018-07-25T18:08:36.056-0800: 38.336: [Full GC (Ergonomics) [PSYoungGen: 0K->0K(154624K)] [ParOldGen: 291929K->47641K(349696K)] 291929K->47641K(504320K), [Metaspace: 5451K->5451K(1056768K)], 0.0088025 secs] [Times: user=0.04 sys=0.00, real=0.01 secs] 
Heap after GC invocations=485 (full 44):
 PSYoungGen      total 154624K, used 0K [0x00000007b5580000, 0x00000007c0000000, 0x00000007c0000000)
  eden space 134656K, 0% used [0x00000007b5580000,0x00000007b5580000,0x00000007bd900000)
  from space 19968K, 0% used [0x00000007bd900000,0x00000007bd900000,0x00000007bec80000)
  to   space 19456K, 0% used [0x00000007bed00000,0x00000007bed00000,0x00000007c0000000)
 ParOldGen       total 349696K, used 47641K [0x00000007a0000000, 0x00000007b5580000, 0x00000007b5580000)
  object space 349696K, 13% used [0x00000007a0000000,0x00000007a2e867f0,0x00000007b5580000)
 Metaspace       used 5451K, capacity 5616K, committed 5760K, reserved 1056768K
  class space    used 579K, capacity 630K, committed 640K, reserved 1048576K
}
{Heap before GC invocations=486 (full 44):
 PSYoungGen      total 154624K, used 129221K [0x00000007b5580000, 0x00000007c0000000, 0x00000007c0000000)
  eden space 134656K, 95% used [0x00000007b5580000,0x00000007bd3b1628,0x00000007bd900000)
  from space 19968K, 0% used [0x00000007bd900000,0x00000007bd900000,0x00000007bec80000)
  to   space 19456K, 0% used [0x00000007bed00000,0x00000007bed00000,0x00000007c0000000)
 ParOldGen       total 349696K, used 47641K [0x00000007a0000000, 0x00000007b5580000, 0x00000007b5580000)
  object space 349696K, 13% used [0x00000007a0000000,0x00000007a2e867f0,0x00000007b5580000)
 Metaspace       used 5451K, capacity 5616K, committed 5760K, reserved 1056768K
  class space    used 579K, capacity 630K, committed 640K, reserved 1048576K
2018-07-25T18:08:36.179-0800: 38.459: [GC (Allocation Failure) [PSYoungGen: 129221K->9919K(155136K)] 176863K->109645K(504832K), 0.0075080 secs] [Times: user=0.06 sys=0.00, real=0.01 secs] 
Heap after GC invocations=486 (full 44):
 PSYoungGen      total 155136K, used 9919K [0x00000007b5580000, 0x00000007c0000000, 0x00000007c0000000)
  eden space 135680K, 0% used [0x00000007b5580000,0x00000007b5580000,0x00000007bda00000)
  from space 19456K, 50% used [0x00000007bed00000,0x00000007bf6aff20,0x00000007c0000000)
  to   space 19456K, 0% used [0x00000007bda00000,0x00000007bda00000,0x00000007bed00000)
 ParOldGen       total 349696K, used 99725K [0x00000007a0000000, 0x00000007b5580000, 0x00000007b5580000)
  object space 349696K, 28% used [0x00000007a0000000,0x00000007a61635a0,0x00000007b5580000)
 Metaspace       used 5451K, capacity 5616K, committed 5760K, reserved 1056768K
  class space    used 579K, capacity 630K, committed 640K, reserved 1048576K
}
{Heap before GC invocations=487 (full 44):
 PSYoungGen      total 155136K, used 142547K [0x00000007b5580000, 0x00000007c0000000, 0x00000007c0000000)
  eden space 135680K, 97% used [0x00000007b5580000,0x00000007bd704cf8,0x00000007bda00000)
  from space 19456K, 50% used [0x00000007bed00000,0x00000007bf6aff20,0x00000007c0000000)
  to   space 19456K, 0% used [0x00000007bda00000,0x00000007bda00000,0x00000007bed00000)
 ParOldGen       total 349696K, used 99725K [0x00000007a0000000, 0x00000007b5580000, 0x00000007b5580000)
  object space 349696K, 28% used [0x00000007a0000000,0x00000007a61635a0,0x00000007b5580000)
 Metaspace       used 5451K, capacity 5616K, committed 5760K, reserved 1056768K
  class space    used 579K, capacity 630K, committed 640K, reserved 1048576K
2018-07-25T18:08:36.283-0800: 38.563: [GC (Allocation Failure) [PSYoungGen: 142547K->154K(155136K)] 242272K->99879K(504832K), 0.0011366 secs] [Times: user=0.00 sys=0.00, real=0.00 secs] 
Heap after GC invocations=487 (full 44):
 PSYoungGen      total 155136K, used 154K [0x00000007b5580000, 0x00000007c0000000, 0x00000007c0000000)
  eden space 135680K, 0% used [0x00000007b5580000,0x00000007b5580000,0x00000007bda00000)
  from space 19456K, 0% used [0x00000007bda00000,0x00000007bda269e0,0x00000007bed00000)
  to   space 19456K, 0% used [0x00000007bed00000,0x00000007bed00000,0x00000007c0000000)
 ParOldGen       total 349696K, used 99725K [0x00000007a0000000, 0x00000007b5580000, 0x00000007b5580000)
  object space 349696K, 28% used [0x00000007a0000000,0x00000007a61635a0,0x00000007b5580000)
 Metaspace       used 5451K, capacity 5616K, committed 5760K, reserved 1056768K
  class space    used 579K, capacity 630K, committed 640K, reserved 1048576K
}
{Heap before GC invocations=488 (full 44):
 PSYoungGen      total 155136K, used 129614K [0x00000007b5580000, 0x00000007c0000000, 0x00000007c0000000)
  eden space 135680K, 95% used [0x00000007b5580000,0x00000007bd3ecf30,0x00000007bda00000)
  from space 19456K, 0% used [0x00000007bda00000,0x00000007bda269e0,0x00000007bed00000)
  to   space 19456K, 0% used [0x00000007bed00000,0x00000007bed00000,0x00000007c0000000)
 ParOldGen       total 349696K, used 99725K [0x00000007a0000000, 0x00000007b5580000, 0x00000007b5580000)
  object space 349696K, 28% used [0x00000007a0000000,0x00000007a61635a0,0x00000007b5580000)
 Metaspace       used 5451K, capacity 5616K, committed 5760K, reserved 1056768K
  class space    used 579K, capacity 630K, committed 640K, reserved 1048576K
2018-07-25T18:08:36.314-0800: 38.594: [GC (Allocation Failure) [PSYoungGen: 129614K->9797K(155136K)] 229339K->161688K(504832K), 0.0071037 secs] [Times: user=0.05 sys=0.00, real=0.01 secs] 
Heap after GC invocations=488 (full 44):
 PSYoungGen      total 155136K, used 9797K [0x00000007b5580000, 0x00000007c0000000, 0x00000007c0000000)
  eden space 135680K, 0% used [0x00000007b5580000,0x00000007b5580000,0x00000007bda00000)
  from space 19456K, 50% used [0x00000007bed00000,0x00000007bf691698,0x00000007c0000000)
  to   space 19456K, 0% used [0x00000007bda00000,0x00000007bda00000,0x00000007bed00000)
 ParOldGen       total 349696K, used 151891K [0x00000007a0000000, 0x00000007b5580000, 0x00000007b5580000)
  object space 349696K, 43% used [0x00000007a0000000,0x00000007a9454d18,0x00000007b5580000)
 Metaspace       used 5451K, capacity 5616K, committed 5760K, reserved 1056768K
  class space    used 579K, capacity 630K, committed 640K, reserved 1048576K
}
{Heap before GC invocations=489 (full 44):
 PSYoungGen      total 155136K, used 139313K [0x00000007b5580000, 0x00000007c0000000, 0x00000007c0000000)
  eden space 135680K, 95% used [0x00000007b5580000,0x00000007bd3fb068,0x00000007bda00000)
  from space 19456K, 50% used [0x00000007bed00000,0x00000007bf691698,0x00000007c0000000)
  to   space 19456K, 0% used [0x00000007bda00000,0x00000007bda00000,0x00000007bed00000)
 ParOldGen       total 349696K, used 151891K [0x00000007a0000000, 0x00000007b5580000, 0x00000007b5580000)
  object space 349696K, 43% used [0x00000007a0000000,0x00000007a9454d18,0x00000007b5580000)
 Metaspace       used 5451K, capacity 5616K, committed 5760K, reserved 1056768K
  class space    used 579K, capacity 630K, committed 640K, reserved 1048576K
2018-07-25T18:08:36.427-0800: 38.708: [GC (Allocation Failure) [PSYoungGen: 139313K->9888K(155136K)] 291205K->187821K(504832K), 0.0044560 secs] [Times: user=0.03 sys=0.01, real=0.01 secs] 
Heap after GC invocations=489 (full 44):
 PSYoungGen      total 155136K, used 9888K [0x00000007b5580000, 0x00000007c0000000, 0x00000007c0000000)
  eden space 135680K, 0% used [0x00000007b5580000,0x00000007b5580000,0x00000007bda00000)
  from space 19456K, 50% used [0x00000007bda00000,0x00000007be3a81d0,0x00000007bed00000)
  to   space 19456K, 0% used [0x00000007bed00000,0x00000007bed00000,0x00000007c0000000)
 ParOldGen       total 349696K, used 177932K [0x00000007a0000000, 0x00000007b5580000, 0x00000007b5580000)
  object space 349696K, 50% used [0x00000007a0000000,0x00000007aadc33e0,0x00000007b5580000)
 Metaspace       used 5451K, capacity 5616K, committed 5760K, reserved 1056768K
  class space    used 579K, capacity 630K, committed 640K, reserved 1048576K
}
{Heap before GC invocations=490 (full 44):
 PSYoungGen      total 155136K, used 116365K [0x00000007b5580000, 0x00000007c0000000, 0x00000007c0000000)
  eden space 135680K, 78% used [0x00000007b5580000,0x00000007bbd7b458,0x00000007bda00000)
  from space 19456K, 50% used [0x00000007bda00000,0x00000007be3a81d0,0x00000007bed00000)
  to   space 19456K, 0% used [0x00000007bed00000,0x00000007bed00000,0x00000007c0000000)
 ParOldGen       total 349696K, used 177932K [0x00000007a0000000, 0x00000007b5580000, 0x00000007b5580000)
  object space 349696K, 50% used [0x00000007a0000000,0x00000007aadc33e0,0x00000007b5580000)
 Metaspace       used 5451K, capacity 5616K, committed 5760K, reserved 1056768K
  class space    used 579K, capacity 630K, committed 640K, reserved 1048576K
2018-07-25T18:08:36.448-0800: 38.729: [GC (Allocation Failure) [PSYoungGen: 116365K->0K(155136K)] 294298K->213815K(504832K), 0.0043050 secs] [Times: user=0.03 sys=0.00, real=0.01 secs] 
Heap after GC invocations=490 (full 44):
 PSYoungGen      total 155136K, used 0K [0x00000007b5580000, 0x00000007c0000000, 0x00000007c0000000)
  eden space 135680K, 0% used [0x00000007b5580000,0x00000007b5580000,0x00000007bda00000)
  from space 19456K, 0% used [0x00000007bed00000,0x00000007bed00000,0x00000007c0000000)
  to   space 19456K, 0% used [0x00000007bda00000,0x00000007bda00000,0x00000007bed00000)
 ParOldGen       total 349696K, used 213815K [0x00000007a0000000, 0x00000007b5580000, 0x00000007b5580000)
  object space 349696K, 61% used [0x00000007a0000000,0x00000007ad0cdcb8,0x00000007b5580000)
 Metaspace       used 5451K, capacity 5616K, committed 5760K, reserved 1056768K
  class space    used 579K, capacity 630K, committed 640K, reserved 1048576K
}
{Heap before GC invocations=491 (full 44):
 PSYoungGen      total 155136K, used 129270K [0x00000007b5580000, 0x00000007c0000000, 0x00000007c0000000)
  eden space 135680K, 95% used [0x00000007b5580000,0x00000007bd3bda48,0x00000007bda00000)
  from space 19456K, 0% used [0x00000007bed00000,0x00000007bed00000,0x00000007c0000000)
  to   space 19456K, 0% used [0x00000007bda00000,0x00000007bda00000,0x00000007bed00000)
 ParOldGen       total 349696K, used 213815K [0x00000007a0000000, 0x00000007b5580000, 0x00000007b5580000)
  object space 349696K, 61% used [0x00000007a0000000,0x00000007ad0cdcb8,0x00000007b5580000)
 Metaspace       used 5451K, capacity 5616K, committed 5760K, reserved 1056768K
  class space    used 579K, capacity 630K, committed 640K, reserved 1048576K
2018-07-25T18:08:36.558-0800: 38.839: [GC (Allocation Failure) [PSYoungGen: 129270K->9952K(155136K)] 343085K->275851K(504832K), 0.0059424 secs] [Times: user=0.04 sys=0.00, real=0.01 secs] 
Heap after GC invocations=491 (full 44):
 PSYoungGen      total 155136K, used 9952K [0x00000007b5580000, 0x00000007c0000000, 0x00000007c0000000)
  eden space 135680K, 0% used [0x00000007b5580000,0x00000007b5580000,0x00000007bda00000)
  from space 19456K, 51% used [0x00000007bda00000,0x00000007be3b8328,0x00000007bed00000)
  to   space 19456K, 0% used [0x00000007bed00000,0x00000007bed00000,0x00000007c0000000)
 ParOldGen       total 349696K, used 265898K [0x00000007a0000000, 0x00000007b5580000, 0x00000007b5580000)
  object space 349696K, 76% used [0x00000007a0000000,0x00000007b03aaa68,0x00000007b5580000)
 Metaspace       used 5451K, capacity 5616K, committed 5760K, reserved 1056768K
  class space    used 579K, capacity 630K, committed 640K, reserved 1048576K
}
{Heap before GC invocations=492 (full 44):
 PSYoungGen      total 155136K, used 142617K [0x00000007b5580000, 0x00000007c0000000, 0x00000007c0000000)
  eden space 135680K, 97% used [0x00000007b5580000,0x00000007bd70e248,0x00000007bda00000)
  from space 19456K, 51% used [0x00000007bda00000,0x00000007be3b8328,0x00000007bed00000)
  to   space 19456K, 0% used [0x00000007bed00000,0x00000007bed00000,0x00000007c0000000)
 ParOldGen       total 349696K, used 265898K [0x00000007a0000000, 0x00000007b5580000, 0x00000007b5580000)
  object space 349696K, 76% used [0x00000007a0000000,0x00000007b03aaa68,0x00000007b5580000)
 Metaspace       used 5451K, capacity 5616K, committed 5760K, reserved 1056768K
  class space    used 579K, capacity 630K, committed 640K, reserved 1048576K
2018-07-25T18:08:36.655-0800: 38.935: [GC (Allocation Failure) [PSYoungGen: 142617K->123K(155136K)] 408515K->266022K(504832K), 0.0017034 secs] [Times: user=0.01 sys=0.00, real=0.00 secs] 
Heap after GC invocations=492 (full 44):
 PSYoungGen      total 155136K, used 123K [0x00000007b5580000, 0x00000007c0000000, 0x00000007c0000000)
  eden space 135680K, 0% used [0x00000007b5580000,0x00000007b5580000,0x00000007bda00000)
  from space 19456K, 0% used [0x00000007bed00000,0x00000007bed1ede8,0x00000007c0000000)
  to   space 19456K, 0% used [0x00000007bda00000,0x00000007bda00000,0x00000007bed00000)
 ParOldGen       total 349696K, used 265898K [0x00000007a0000000, 0x00000007b5580000, 0x00000007b5580000)
  object space 349696K, 76% used [0x00000007a0000000,0x00000007b03aaa68,0x00000007b5580000)
 Metaspace       used 5451K, capacity 5616K, committed 5760K, reserved 1056768K
  class space    used 579K, capacity 630K, committed 640K, reserved 1048576K
}
{Heap before GC invocations=493 (full 44):
 PSYoungGen      total 155136K, used 129607K [0x00000007b5580000, 0x00000007c0000000, 0x00000007c0000000)
  eden space 135680K, 95% used [0x00000007b5580000,0x00000007bd3f2f50,0x00000007bda00000)
  from space 19456K, 0% used [0x00000007bed00000,0x00000007bed1ede8,0x00000007c0000000)
  to   space 19456K, 0% used [0x00000007bda00000,0x00000007bda00000,0x00000007bed00000)
 ParOldGen       total 349696K, used 265898K [0x00000007a0000000, 0x00000007b5580000, 0x00000007b5580000)
  object space 349696K, 76% used [0x00000007a0000000,0x00000007b03aaa68,0x00000007b5580000)
 Metaspace       used 5451K, capacity 5616K, committed 5760K, reserved 1056768K
  class space    used 579K, capacity 630K, committed 640K, reserved 1048576K
2018-07-25T18:08:36.685-0800: 38.966: [GC (Allocation Failure) [PSYoungGen: 129607K->9797K(155136K)] 395505K->327855K(504832K), 0.0081685 secs] [Times: user=0.06 sys=0.00, real=0.01 secs] 
Heap after GC invocations=493 (full 44):
 PSYoungGen      total 155136K, used 9797K [0x00000007b5580000, 0x00000007c0000000, 0x00000007c0000000)
  eden space 135680K, 0% used [0x00000007b5580000,0x00000007b5580000,0x00000007bda00000)
  from space 19456K, 50% used [0x00000007bda00000,0x00000007be391698,0x00000007bed00000)
  to   space 19456K, 0% used [0x00000007bed00000,0x00000007bed00000,0x00000007c0000000)
 ParOldGen       total 349696K, used 318057K [0x00000007a0000000, 0x00000007b5580000, 0x00000007b5580000)
  object space 349696K, 90% used [0x00000007a0000000,0x00000007b369a5e8,0x00000007b5580000)
 Metaspace       used 5451K, capacity 5616K, committed 5760K, reserved 1056768K
  class space    used 579K, capacity 630K, committed 640K, reserved 1048576K
}
{Heap before GC invocations=494 (full 45):
 PSYoungGen      total 155136K, used 9797K [0x00000007b5580000, 0x00000007c0000000, 0x00000007c0000000)
  eden space 135680K, 0% used [0x00000007b5580000,0x00000007b5580000,0x00000007bda00000)
  from space 19456K, 50% used [0x00000007bda00000,0x00000007be391698,0x00000007bed00000)
  to   space 19456K, 0% used [0x00000007bed00000,0x00000007bed00000,0x00000007c0000000)
 ParOldGen       total 349696K, used 318057K [0x00000007a0000000, 0x00000007b5580000, 0x00000007b5580000)
  object space 349696K, 90% used [0x00000007a0000000,0x00000007b369a5e8,0x00000007b5580000)
 Metaspace       used 5451K, capacity 5616K, committed 5760K, reserved 1056768K
  class space    used 579K, capacity 630K, committed 640K, reserved 1048576K
2018-07-25T18:08:36.694-0800: 38.974: [Full GC (Ergonomics) [PSYoungGen: 9797K->0K(155136K)] [ParOldGen: 318057K->73540K(349696K)] 327855K->73540K(504832K), [Metaspace: 5451K->5451K(1056768K)], 0.0113999 secs] [Times: user=0.06 sys=0.00, real=0.01 secs] 
Heap after GC invocations=494 (full 45):
 PSYoungGen      total 155136K, used 0K [0x00000007b5580000, 0x00000007c0000000, 0x00000007c0000000)
  eden space 135680K, 0% used [0x00000007b5580000,0x00000007b5580000,0x00000007bda00000)
  from space 19456K, 0% used [0x00000007bda00000,0x00000007bda00000,0x00000007bed00000)
  to   space 19456K, 0% used [0x00000007bed00000,0x00000007bed00000,0x00000007c0000000)
 ParOldGen       total 349696K, used 73540K [0x00000007a0000000, 0x00000007b5580000, 0x00000007b5580000)
  object space 349696K, 21% used [0x00000007a0000000,0x00000007a47d1260,0x00000007b5580000)
 Metaspace       used 5451K, capacity 5616K, committed 5760K, reserved 1056768K
  class space    used 579K, capacity 630K, committed 640K, reserved 1048576K
}
{Heap before GC invocations=495 (full 45):
 PSYoungGen      total 155136K, used 129531K [0x00000007b5580000, 0x00000007c0000000, 0x00000007c0000000)
  eden space 135680K, 95% used [0x00000007b5580000,0x00000007bd3fee50,0x00000007bda00000)
  from space 19456K, 0% used [0x00000007bda00000,0x00000007bda00000,0x00000007bed00000)
  to   space 19456K, 0% used [0x00000007bed00000,0x00000007bed00000,0x00000007c0000000)
 ParOldGen       total 349696K, used 73540K [0x00000007a0000000, 0x00000007b5580000, 0x00000007b5580000)
  object space 349696K, 21% used [0x00000007a0000000,0x00000007a47d1260,0x00000007b5580000)
 Metaspace       used 5451K, capacity 5616K, committed 5760K, reserved 1056768K
  class space    used 579K, capacity 630K, committed 640K, reserved 1048576K
2018-07-25T18:08:36.824-0800: 39.104: [GC (Allocation Failure) [PSYoungGen: 129531K->9921K(154112K)] 203072K->135545K(503808K), 0.0063189 secs] [Times: user=0.04 sys=0.00, real=0.01 secs] 
Heap after GC invocations=495 (full 45):
 PSYoungGen      total 154112K, used 9921K [0x00000007b5580000, 0x00000007c0000000, 0x00000007c0000000)
  eden space 134656K, 0% used [0x00000007b5580000,0x00000007b5580000,0x00000007bd900000)
  from space 19456K, 50% used [0x00000007bed00000,0x00000007bf6b05d8,0x00000007c0000000)
  to   space 19968K, 0% used [0x00000007bd900000,0x00000007bd900000,0x00000007bec80000)
 ParOldGen       total 349696K, used 125624K [0x00000007a0000000, 0x00000007b5580000, 0x00000007b5580000)
  object space 349696K, 35% used [0x00000007a0000000,0x00000007a7aae030,0x00000007b5580000)
 Metaspace       used 5451K, capacity 5616K, committed 5760K, reserved 1056768K
  class space    used 579K, capacity 630K, committed 640K, reserved 1048576K
}
{Heap before GC invocations=496 (full 45):
 PSYoungGen      total 154112K, used 116391K [0x00000007b5580000, 0x00000007c0000000, 0x00000007c0000000)
  eden space 134656K, 79% used [0x00000007b5580000,0x00000007bbd79638,0x00000007bd900000)
  from space 19456K, 50% used [0x00000007bed00000,0x00000007bf6b05d8,0x00000007c0000000)
  to   space 19968K, 0% used [0x00000007bd900000,0x00000007bd900000,0x00000007bec80000)
 ParOldGen       total 349696K, used 125624K [0x00000007a0000000, 0x00000007b5580000, 0x00000007b5580000)
  object space 349696K, 35% used [0x00000007a0000000,0x00000007a7aae030,0x00000007b5580000)
 Metaspace       used 5451K, capacity 5616K, committed 5760K, reserved 1056768K
  class space    used 579K, capacity 630K, committed 640K, reserved 1048576K
2018-07-25T18:08:36.847-0800: 39.128: [GC (Allocation Failure) [PSYoungGen: 116391K->0K(154624K)] 242015K->161515K(504320K), 0.0049889 secs] [Times: user=0.04 sys=0.00, real=0.01 secs] 
Heap after GC invocations=496 (full 45):
 PSYoungGen      total 154624K, used 0K [0x00000007b5580000, 0x00000007c0000000, 0x00000007c0000000)
  eden space 134656K, 0% used [0x00000007b5580000,0x00000007b5580000,0x00000007bd900000)
  from space 19968K, 0% used [0x00000007bd900000,0x00000007bd900000,0x00000007bec80000)
  to   space 19456K, 0% used [0x00000007bed00000,0x00000007bed00000,0x00000007c0000000)
 ParOldGen       total 349696K, used 161515K [0x00000007a0000000, 0x00000007b5580000, 0x00000007b5580000)
  object space 349696K, 46% used [0x00000007a0000000,0x00000007a9dbad10,0x00000007b5580000)
 Metaspace       used 5451K, capacity 5616K, committed 5760K, reserved 1056768K
  class space    used 579K, capacity 630K, committed 640K, reserved 1048576K
}
{Heap before GC invocations=497 (full 45):
 PSYoungGen      total 154624K, used 129259K [0x00000007b5580000, 0x00000007c0000000, 0x00000007c0000000)
  eden space 134656K, 95% used [0x00000007b5580000,0x00000007bd3bae78,0x00000007bd900000)
  from space 19968K, 0% used [0x00000007bd900000,0x00000007bd900000,0x00000007bec80000)
  to   space 19456K, 0% used [0x00000007bed00000,0x00000007bed00000,0x00000007c0000000)
 ParOldGen       total 349696K, used 161515K [0x00000007a0000000, 0x00000007b5580000, 0x00000007b5580000)
  object space 349696K, 46% used [0x00000007a0000000,0x00000007a9dbad10,0x00000007b5580000)
 Metaspace       used 5451K, capacity 5616K, committed 5760K, reserved 1056768K
  class space    used 579K, capacity 630K, committed 640K, reserved 1048576K
2018-07-25T18:08:36.961-0800: 39.241: [GC (Allocation Failure) [PSYoungGen: 129259K->9889K(155136K)] 290774K->223488K(504832K), 0.0057546 secs] [Times: user=0.04 sys=0.00, real=0.00 secs] 
Heap after GC invocations=497 (full 45):
 PSYoungGen      total 155136K, used 9889K [0x00000007b5580000, 0x00000007c0000000, 0x00000007c0000000)
  eden space 135680K, 0% used [0x00000007b5580000,0x00000007b5580000,0x00000007bda00000)
  from space 19456K, 50% used [0x00000007bed00000,0x00000007bf6a8730,0x00000007c0000000)
  to   space 19456K, 0% used [0x00000007bda00000,0x00000007bda00000,0x00000007bed00000)
 ParOldGen       total 349696K, used 213598K [0x00000007a0000000, 0x00000007b5580000, 0x00000007b5580000)
  object space 349696K, 61% used [0x00000007a0000000,0x00000007ad097ac0,0x00000007b5580000)
 Metaspace       used 5451K, capacity 5616K, committed 5760K, reserved 1056768K
  class space    used 579K, capacity 630K, committed 640K, reserved 1048576K
}
{Heap before GC invocations=498 (full 45):
 PSYoungGen      total 155136K, used 142558K [0x00000007b5580000, 0x00000007c0000000, 0x00000007c0000000)
  eden space 135680K, 97% used [0x00000007b5580000,0x00000007bd70f368,0x00000007bda00000)
  from space 19456K, 50% used [0x00000007bed00000,0x00000007bf6a8730,0x00000007c0000000)
  to   space 19456K, 0% used [0x00000007bda00000,0x00000007bda00000,0x00000007bed00000)
 ParOldGen       total 349696K, used 213598K [0x00000007a0000000, 0x00000007b5580000, 0x00000007b5580000)
  object space 349696K, 61% used [0x00000007a0000000,0x00000007ad097ac0,0x00000007b5580000)
 Metaspace       used 5451K, capacity 5616K, committed 5760K, reserved 1056768K
  class space    used 579K, capacity 630K, committed 640K, reserved 1048576K
2018-07-25T18:08:37.058-0800: 39.339: [GC (Allocation Failure) [PSYoungGen: 142558K->124K(155136K)] 356157K->213723K(504832K), 0.0014260 secs] [Times: user=0.01 sys=0.00, real=0.01 secs] 
Heap after GC invocations=498 (full 45):
 PSYoungGen      total 155136K, used 124K [0x00000007b5580000, 0x00000007c0000000, 0x00000007c0000000)
  eden space 135680K, 0% used [0x00000007b5580000,0x00000007b5580000,0x00000007bda00000)
  from space 19456K, 0% used [0x00000007bda00000,0x00000007bda1f1f0,0x00000007bed00000)
  to   space 19456K, 0% used [0x00000007bed00000,0x00000007bed00000,0x00000007c0000000)
 ParOldGen       total 349696K, used 213598K [0x00000007a0000000, 0x00000007b5580000, 0x00000007b5580000)
  object space 349696K, 61% used [0x00000007a0000000,0x00000007ad097ac0,0x00000007b5580000)
 Metaspace       used 5451K, capacity 5616K, committed 5760K, reserved 1056768K
  class space    used 579K, capacity 630K, committed 640K, reserved 1048576K
}
{Heap before GC invocations=499 (full 45):
 PSYoungGen      total 155136K, used 129611K [0x00000007b5580000, 0x00000007c0000000, 0x00000007c0000000)
  eden space 135680K, 95% used [0x00000007b5580000,0x00000007bd3f3a68,0x00000007bda00000)
  from space 19456K, 0% used [0x00000007bda00000,0x00000007bda1f1f0,0x00000007bed00000)
  to   space 19456K, 0% used [0x00000007bed00000,0x00000007bed00000,0x00000007c0000000)
 ParOldGen       total 349696K, used 213598K [0x00000007a0000000, 0x00000007b5580000, 0x00000007b5580000)
  object space 349696K, 61% used [0x00000007a0000000,0x00000007ad097ac0,0x00000007b5580000)
 Metaspace       used 5451K, capacity 5616K, committed 5760K, reserved 1056768K
  class space    used 579K, capacity 630K, committed 640K, reserved 1048576K
2018-07-25T18:08:37.088-0800: 39.368: [GC (Allocation Failure) [PSYoungGen: 129611K->9797K(155136K)] 343209K->275556K(504832K), 0.0077258 secs] [Times: user=0.05 sys=0.00, real=0.01 secs] 
Heap after GC invocations=499 (full 45):
 PSYoungGen      total 155136K, used 9797K [0x00000007b5580000, 0x00000007c0000000, 0x00000007c0000000)
  eden space 135680K, 0% used [0x00000007b5580000,0x00000007b5580000,0x00000007bda00000)
  from space 19456K, 50% used [0x00000007bed00000,0x00000007bf691698,0x00000007c0000000)
  to   space 19456K, 0% used [0x00000007bda00000,0x00000007bda00000,0x00000007bed00000)
 ParOldGen       total 349696K, used 265758K [0x00000007a0000000, 0x00000007b5580000, 0x00000007b5580000)
  object space 349696K, 75% used [0x00000007a0000000,0x00000007b0387a48,0x00000007b5580000)
 Metaspace       used 5451K, capacity 5616K, committed 5760K, reserved 1056768K
  class space    used 579K, capacity 630K, committed 640K, reserved 1048576K
}
{Heap before GC invocations=500 (full 45):
 PSYoungGen      total 155136K, used 139331K [0x00000007b5580000, 0x00000007c0000000, 0x00000007c0000000)
  eden space 135680K, 95% used [0x00000007b5580000,0x00000007bd3ff590,0x00000007bda00000)
  from space 19456K, 50% used [0x00000007bed00000,0x00000007bf691698,0x00000007c0000000)
  to   space 19456K, 0% used [0x00000007bda00000,0x00000007bda00000,0x00000007bed00000)
 ParOldGen       total 349696K, used 265758K [0x00000007a0000000, 0x00000007b5580000, 0x00000007b5580000)
  object space 349696K, 75% used [0x00000007a0000000,0x00000007b0387a48,0x00000007b5580000)
 Metaspace       used 5451K, capacity 5616K, committed 5760K, reserved 1056768K
  class space    used 579K, capacity 630K, committed 640K, reserved 1048576K
2018-07-25T18:08:37.202-0800: 39.482: [GC (Allocation Failure) [PSYoungGen: 139331K->9890K(145920K)] 405089K->301690K(495616K), 0.0043644 secs] [Times: user=0.03 sys=0.00, real=0.00 secs] 
Heap after GC invocations=500 (full 45):
 PSYoungGen      total 145920K, used 9890K [0x00000007b5580000, 0x00000007c0000000, 0x00000007c0000000)
  eden space 135680K, 0% used [0x00000007b5580000,0x00000007b5580000,0x00000007bda00000)
  from space 10240K, 96% used [0x00000007bda00000,0x00000007be3a89e0,0x00000007be400000)
  to   space 19968K, 0% used [0x00000007bec80000,0x00000007bec80000,0x00000007c0000000)
 ParOldGen       total 349696K, used 291800K [0x00000007a0000000, 0x00000007b5580000, 0x00000007b5580000)
  object space 349696K, 83% used [0x00000007a0000000,0x00000007b1cf6110,0x00000007b5580000)
 Metaspace       used 5451K, capacity 5616K, committed 5760K, reserved 1056768K
  class space    used 579K, capacity 630K, committed 640K, reserved 1048576K
}
{Heap before GC invocations=501 (full 46):
 PSYoungGen      total 145920K, used 9890K [0x00000007b5580000, 0x00000007c0000000, 0x00000007c0000000)
  eden space 135680K, 0% used [0x00000007b5580000,0x00000007b5580000,0x00000007bda00000)
  from space 10240K, 96% used [0x00000007bda00000,0x00000007be3a89e0,0x00000007be400000)
  to   space 19968K, 0% used [0x00000007bec80000,0x00000007bec80000,0x00000007c0000000)
 ParOldGen       total 349696K, used 291800K [0x00000007a0000000, 0x00000007b5580000, 0x00000007b5580000)
  object space 349696K, 83% used [0x00000007a0000000,0x00000007b1cf6110,0x00000007b5580000)
 Metaspace       used 5451K, capacity 5616K, committed 5760K, reserved 1056768K
  class space    used 579K, capacity 630K, committed 640K, reserved 1048576K
2018-07-25T18:08:37.206-0800: 39.487: [Full GC (Ergonomics) [PSYoungGen: 9890K->0K(145920K)] [ParOldGen: 291800K->47645K(349696K)] 301690K->47645K(495616K), [Metaspace: 5451K->5451K(1056768K)], 0.0077851 secs] [Times: user=0.04 sys=0.00, real=0.01 secs] 
Heap after GC invocations=501 (full 46):
 PSYoungGen      total 145920K, used 0K [0x00000007b5580000, 0x00000007c0000000, 0x00000007c0000000)
  eden space 135680K, 0% used [0x00000007b5580000,0x00000007b5580000,0x00000007bda00000)
  from space 10240K, 0% used [0x00000007bda00000,0x00000007bda00000,0x00000007be400000)
  to   space 19968K, 0% used [0x00000007bec80000,0x00000007bec80000,0x00000007c0000000)
 ParOldGen       total 349696K, used 47645K [0x00000007a0000000, 0x00000007b5580000, 0x00000007b5580000)
  object space 349696K, 13% used [0x00000007a0000000,0x00000007a2e87428,0x00000007b5580000)
 Metaspace       used 5451K, capacity 5616K, committed 5760K, reserved 1056768K
  class space    used 579K, capacity 630K, committed 640K, reserved 1048576K
}
{Heap before GC invocations=502 (full 46):
 PSYoungGen      total 145920K, used 106488K [0x00000007b5580000, 0x00000007c0000000, 0x00000007c0000000)
  eden space 135680K, 78% used [0x00000007b5580000,0x00000007bbd7e0f0,0x00000007bda00000)
  from space 10240K, 0% used [0x00000007bda00000,0x00000007bda00000,0x00000007be400000)
  to   space 19968K, 0% used [0x00000007bec80000,0x00000007bec80000,0x00000007c0000000)
 ParOldGen       total 349696K, used 47645K [0x00000007a0000000, 0x00000007b5580000, 0x00000007b5580000)
  object space 349696K, 13% used [0x00000007a0000000,0x00000007a2e87428,0x00000007b5580000)
 Metaspace       used 5451K, capacity 5616K, committed 5760K, reserved 1056768K
  class space    used 579K, capacity 630K, committed 640K, reserved 1048576K
2018-07-25T18:08:37.227-0800: 39.508: [GC (Allocation Failure) [PSYoungGen: 106488K->0K(155136K)] 154133K->125770K(504832K), 0.0139086 secs] [Times: user=0.10 sys=0.00, real=0.02 secs] 
Heap after GC invocations=502 (full 46):
 PSYoungGen      total 155136K, used 0K [0x00000007b5580000, 0x00000007c0000000, 0x00000007c0000000)
  eden space 135168K, 0% used [0x00000007b5580000,0x00000007b5580000,0x00000007bd980000)
  from space 19968K, 0% used [0x00000007bec80000,0x00000007bec80000,0x00000007c0000000)
  to   space 19456K, 0% used [0x00000007bd980000,0x00000007bd980000,0x00000007bec80000)
 ParOldGen       total 349696K, used 125770K [0x00000007a0000000, 0x00000007b5580000, 0x00000007b5580000)
  object space 349696K, 35% used [0x00000007a0000000,0x00000007a7ad28c8,0x00000007b5580000)
 Metaspace       used 5451K, capacity 5616K, committed 5760K, reserved 1056768K
  class space    used 579K, capacity 630K, committed 640K, reserved 1048576K
}
{Heap before GC invocations=503 (full 46):
 PSYoungGen      total 155136K, used 128919K [0x00000007b5580000, 0x00000007c0000000, 0x00000007c0000000)
  eden space 135168K, 95% used [0x00000007b5580000,0x00000007bd365da0,0x00000007bd980000)
  from space 19968K, 0% used [0x00000007bec80000,0x00000007bec80000,0x00000007c0000000)
  to   space 19456K, 0% used [0x00000007bd980000,0x00000007bd980000,0x00000007bec80000)
 ParOldGen       total 349696K, used 125770K [0x00000007a0000000, 0x00000007b5580000, 0x00000007b5580000)
  object space 349696K, 35% used [0x00000007a0000000,0x00000007a7ad28c8,0x00000007b5580000)
 Metaspace       used 5451K, capacity 5616K, committed 5760K, reserved 1056768K
  class space    used 579K, capacity 630K, committed 640K, reserved 1048576K
2018-07-25T18:08:37.355-0800: 39.636: [GC (Allocation Failure) [PSYoungGen: 128919K->9922K(154624K)] 254689K->187776K(504320K), 0.0052501 secs] [Times: user=0.04 sys=0.00, real=0.01 secs] 
Heap after GC invocations=503 (full 46):
 PSYoungGen      total 154624K, used 9922K [0x00000007b5580000, 0x00000007c0000000, 0x00000007c0000000)
  eden space 135168K, 0% used [0x00000007b5580000,0x00000007b5580000,0x00000007bd980000)
  from space 19456K, 51% used [0x00000007bd980000,0x00000007be330b38,0x00000007bec80000)
  to   space 19456K, 0% used [0x00000007bed00000,0x00000007bed00000,0x00000007c0000000)
 ParOldGen       total 349696K, used 177853K [0x00000007a0000000, 0x00000007b5580000, 0x00000007b5580000)
  object space 349696K, 50% used [0x00000007a0000000,0x00000007aadaf678,0x00000007b5580000)
 Metaspace       used 5451K, capacity 5616K, committed 5760K, reserved 1056768K
  class space    used 579K, capacity 630K, committed 640K, reserved 1048576K
}
{Heap before GC invocations=504 (full 46):
 PSYoungGen      total 154624K, used 142355K [0x00000007b5580000, 0x00000007c0000000, 0x00000007c0000000)
  eden space 135168K, 97% used [0x00000007b5580000,0x00000007bd6d42f0,0x00000007bd980000)
  from space 19456K, 51% used [0x00000007bd980000,0x00000007be330b38,0x00000007bec80000)
  to   space 19456K, 0% used [0x00000007bed00000,0x00000007bed00000,0x00000007c0000000)
 ParOldGen       total 349696K, used 177853K [0x00000007a0000000, 0x00000007b5580000, 0x00000007b5580000)
  object space 349696K, 50% used [0x00000007a0000000,0x00000007aadaf678,0x00000007b5580000)
 Metaspace       used 5451K, capacity 5616K, committed 5760K, reserved 1056768K
  class space    used 579K, capacity 630K, committed 640K, reserved 1048576K
2018-07-25T18:08:37.454-0800: 39.735: [GC (Allocation Failure) [PSYoungGen: 142355K->125K(155136K)] 320209K->177979K(504832K), 0.0011402 secs] [Times: user=0.00 sys=0.00, real=0.00 secs] 
Heap after GC invocations=504 (full 46):
 PSYoungGen      total 155136K, used 125K [0x00000007b5580000, 0x00000007c0000000, 0x00000007c0000000)
  eden space 135680K, 0% used [0x00000007b5580000,0x00000007b5580000,0x00000007bda00000)
  from space 19456K, 0% used [0x00000007bed00000,0x00000007bed1f5f8,0x00000007c0000000)
  to   space 19456K, 0% used [0x00000007bda00000,0x00000007bda00000,0x00000007bed00000)
 ParOldGen       total 349696K, used 177853K [0x00000007a0000000, 0x00000007b5580000, 0x00000007b5580000)
  object space 349696K, 50% used [0x00000007a0000000,0x00000007aadaf678,0x00000007b5580000)
 Metaspace       used 5451K, capacity 5616K, committed 5760K, reserved 1056768K
  class space    used 579K, capacity 630K, committed 640K, reserved 1048576K
}
{Heap before GC invocations=505 (full 46):
 PSYoungGen      total 155136K, used 129465K [0x00000007b5580000, 0x00000007c0000000, 0x00000007c0000000)
  eden space 135680K, 95% used [0x00000007b5580000,0x00000007bd3cf130,0x00000007bda00000)
  from space 19456K, 0% used [0x00000007bed00000,0x00000007bed1f5f8,0x00000007c0000000)
  to   space 19456K, 0% used [0x00000007bda00000,0x00000007bda00000,0x00000007bed00000)
 ParOldGen       total 349696K, used 177853K [0x00000007a0000000, 0x00000007b5580000, 0x00000007b5580000)
  object space 349696K, 50% used [0x00000007a0000000,0x00000007aadaf678,0x00000007b5580000)
 Metaspace       used 5451K, capacity 5616K, committed 5760K, reserved 1056768K
  class space    used 579K, capacity 630K, committed 640K, reserved 1048576K
2018-07-25T18:08:37.488-0800: 39.768: [GC (Allocation Failure) [PSYoungGen: 129465K->9797K(155136K)] 307319K->239812K(504832K), 0.0077409 secs] [Times: user=0.05 sys=0.00, real=0.01 secs] 
Heap after GC invocations=505 (full 46):
 PSYoungGen      total 155136K, used 9797K [0x00000007b5580000, 0x00000007c0000000, 0x00000007c0000000)
  eden space 135680K, 0% used [0x00000007b5580000,0x00000007b5580000,0x00000007bda00000)
  from space 19456K, 50% used [0x00000007bda00000,0x00000007be391698,0x00000007bed00000)
  to   space 19456K, 0% used [0x00000007bed00000,0x00000007bed00000,0x00000007c0000000)
 ParOldGen       total 349696K, used 230014K [0x00000007a0000000, 0x00000007b5580000, 0x00000007b5580000)
  object space 349696K, 65% used [0x00000007a0000000,0x00000007ae09fa08,0x00000007b5580000)
 Metaspace       used 5451K, capacity 5616K, committed 5760K, reserved 1056768K
  class space    used 579K, capacity 630K, committed 640K, reserved 1048576K
}
{Heap before GC invocations=506 (full 46):
 PSYoungGen      total 155136K, used 139237K [0x00000007b5580000, 0x00000007c0000000, 0x00000007c0000000)
  eden space 135680K, 95% used [0x00000007b5580000,0x00000007bd3e7d88,0x00000007bda00000)
  from space 19456K, 50% used [0x00000007bda00000,0x00000007be391698,0x00000007bed00000)
  to   space 19456K, 0% used [0x00000007bed00000,0x00000007bed00000,0x00000007c0000000)
 ParOldGen       total 349696K, used 230014K [0x00000007a0000000, 0x00000007b5580000, 0x00000007b5580000)
  object space 349696K, 65% used [0x00000007a0000000,0x00000007ae09fa08,0x00000007b5580000)
 Metaspace       used 5451K, capacity 5616K, committed 5760K, reserved 1056768K
  class space    used 579K, capacity 630K, committed 640K, reserved 1048576K
2018-07-25T18:08:37.600-0800: 39.881: [GC (Allocation Failure) [PSYoungGen: 139237K->9891K(154112K)] 369251K->265947K(503808K), 0.0044135 secs] [Times: user=0.03 sys=0.00, real=0.00 secs] 
Heap after GC invocations=506 (full 46):
 PSYoungGen      total 154112K, used 9891K [0x00000007b5580000, 0x00000007c0000000, 0x00000007c0000000)
  eden space 134656K, 0% used [0x00000007b5580000,0x00000007b5580000,0x00000007bd900000)
  from space 19456K, 50% used [0x00000007bed00000,0x00000007bf6a8de8,0x00000007c0000000)
  to   space 19968K, 0% used [0x00000007bd900000,0x00000007bd900000,0x00000007bec80000)
 ParOldGen       total 349696K, used 256056K [0x00000007a0000000, 0x00000007b5580000, 0x00000007b5580000)
  object space 349696K, 73% used [0x00000007a0000000,0x00000007afa0e0d0,0x00000007b5580000)
 Metaspace       used 5451K, capacity 5616K, committed 5760K, reserved 1056768K
  class space    used 579K, capacity 630K, committed 640K, reserved 1048576K
}
{Heap before GC invocations=507 (full 46):
 PSYoungGen      total 154112K, used 116302K [0x00000007b5580000, 0x00000007c0000000, 0x00000007c0000000)
  eden space 134656K, 79% used [0x00000007b5580000,0x00000007bbd6aa20,0x00000007bd900000)
  from space 19456K, 50% used [0x00000007bed00000,0x00000007bf6a8de8,0x00000007c0000000)
  to   space 19968K, 0% used [0x00000007bd900000,0x00000007bd900000,0x00000007bec80000)
 ParOldGen       total 349696K, used 256056K [0x00000007a0000000, 0x00000007b5580000, 0x00000007b5580000)
  object space 349696K, 73% used [0x00000007a0000000,0x00000007afa0e0d0,0x00000007b5580000)
 Metaspace       used 5451K, capacity 5616K, committed 5760K, reserved 1056768K
  class space    used 579K, capacity 630K, committed 640K, reserved 1048576K
2018-07-25T18:08:37.617-0800: 39.897: [GC (Allocation Failure) [PSYoungGen: 116302K->0K(154624K)] 372358K->291941K(504320K), 0.0051710 secs] [Times: user=0.04 sys=0.00, real=0.01 secs] 
Heap after GC invocations=507 (full 46):
 PSYoungGen      total 154624K, used 0K [0x00000007b5580000, 0x00000007c0000000, 0x00000007c0000000)
  eden space 134656K, 0% used [0x00000007b5580000,0x00000007b5580000,0x00000007bd900000)
  from space 19968K, 0% used [0x00000007bd900000,0x00000007bd900000,0x00000007bec80000)
  to   space 19456K, 0% used [0x00000007bed00000,0x00000007bed00000,0x00000007c0000000)
 ParOldGen       total 349696K, used 291941K [0x00000007a0000000, 0x00000007b5580000, 0x00000007b5580000)
  object space 349696K, 83% used [0x00000007a0000000,0x00000007b1d195c0,0x00000007b5580000)
 Metaspace       used 5451K, capacity 5616K, committed 5760K, reserved 1056768K
  class space    used 579K, capacity 630K, committed 640K, reserved 1048576K
}
{Heap before GC invocations=508 (full 47):
 PSYoungGen      total 154624K, used 0K [0x00000007b5580000, 0x00000007c0000000, 0x00000007c0000000)
  eden space 134656K, 0% used [0x00000007b5580000,0x00000007b5580000,0x00000007bd900000)
  from space 19968K, 0% used [0x00000007bd900000,0x00000007bd900000,0x00000007bec80000)
  to   space 19456K, 0% used [0x00000007bed00000,0x00000007bed00000,0x00000007c0000000)
 ParOldGen       total 349696K, used 291941K [0x00000007a0000000, 0x00000007b5580000, 0x00000007b5580000)
  object space 349696K, 83% used [0x00000007a0000000,0x00000007b1d195c0,0x00000007b5580000)
 Metaspace       used 5451K, capacity 5616K, committed 5760K, reserved 1056768K
  class space    used 579K, capacity 630K, committed 640K, reserved 1048576K
2018-07-25T18:08:37.622-0800: 39.903: [Full GC (Ergonomics) [PSYoungGen: 0K->0K(154624K)] [ParOldGen: 291941K->47646K(349696K)] 291941K->47646K(504320K), [Metaspace: 5451K->5451K(1056768K)], 0.0080801 secs] [Times: user=0.04 sys=0.00, real=0.01 secs] 
Heap after GC invocations=508 (full 47):
 PSYoungGen      total 154624K, used 0K [0x00000007b5580000, 0x00000007c0000000, 0x00000007c0000000)
  eden space 134656K, 0% used [0x00000007b5580000,0x00000007b5580000,0x00000007bd900000)
  from space 19968K, 0% used [0x00000007bd900000,0x00000007bd900000,0x00000007bec80000)
  to   space 19456K, 0% used [0x00000007bed00000,0x00000007bed00000,0x00000007c0000000)
 ParOldGen       total 349696K, used 47646K [0x00000007a0000000, 0x00000007b5580000, 0x00000007b5580000)
  object space 349696K, 13% used [0x00000007a0000000,0x00000007a2e87810,0x00000007b5580000)
 Metaspace       used 5451K, capacity 5616K, committed 5760K, reserved 1056768K
  class space    used 579K, capacity 630K, committed 640K, reserved 1048576K
}
{Heap before GC invocations=509 (full 47):
 PSYoungGen      total 154624K, used 129221K [0x00000007b5580000, 0x00000007c0000000, 0x00000007c0000000)
  eden space 134656K, 95% used [0x00000007b5580000,0x00000007bd3b1718,0x00000007bd900000)
  from space 19968K, 0% used [0x00000007bd900000,0x00000007bd900000,0x00000007bec80000)
  to   space 19456K, 0% used [0x00000007bed00000,0x00000007bed00000,0x00000007c0000000)
 ParOldGen       total 349696K, used 47646K [0x00000007a0000000, 0x00000007b5580000, 0x00000007b5580000)
  object space 349696K, 13% used [0x00000007a0000000,0x00000007a2e87810,0x00000007b5580000)
 Metaspace       used 5451K, capacity 5616K, committed 5760K, reserved 1056768K
  class space    used 579K, capacity 630K, committed 640K, reserved 1048576K
2018-07-25T18:08:37.742-0800: 40.022: [GC (Allocation Failure) [PSYoungGen: 129221K->9955K(155136K)] 176867K->109685K(504832K), 0.0059922 secs] [Times: user=0.04 sys=0.00, real=0.00 secs] 
Heap after GC invocations=509 (full 47):
 PSYoungGen      total 155136K, used 9955K [0x00000007b5580000, 0x00000007c0000000, 0x00000007c0000000)
  eden space 135680K, 0% used [0x00000007b5580000,0x00000007b5580000,0x00000007bda00000)
  from space 19456K, 51% used [0x00000007bed00000,0x00000007bf6b8f40,0x00000007c0000000)
  to   space 19456K, 0% used [0x00000007bda00000,0x00000007bda00000,0x00000007bed00000)
 ParOldGen       total 349696K, used 99729K [0x00000007a0000000, 0x00000007b5580000, 0x00000007b5580000)
  object space 349696K, 28% used [0x00000007a0000000,0x00000007a61645c0,0x00000007b5580000)
 Metaspace       used 5451K, capacity 5616K, committed 5760K, reserved 1056768K
  class space    used 579K, capacity 630K, committed 640K, reserved 1048576K
}
{Heap before GC invocations=510 (full 47):
 PSYoungGen      total 155136K, used 142583K [0x00000007b5580000, 0x00000007c0000000, 0x00000007c0000000)
  eden space 135680K, 97% used [0x00000007b5580000,0x00000007bd704d98,0x00000007bda00000)
  from space 19456K, 51% used [0x00000007bed00000,0x00000007bf6b8f40,0x00000007c0000000)
  to   space 19456K, 0% used [0x00000007bda00000,0x00000007bda00000,0x00000007bed00000)
 ParOldGen       total 349696K, used 99729K [0x00000007a0000000, 0x00000007b5580000, 0x00000007b5580000)
  object space 349696K, 28% used [0x00000007a0000000,0x00000007a61645c0,0x00000007b5580000)
 Metaspace       used 5451K, capacity 5616K, committed 5760K, reserved 1056768K
  class space    used 579K, capacity 630K, committed 640K, reserved 1048576K
2018-07-25T18:08:37.851-0800: 40.132: [GC (Allocation Failure) [PSYoungGen: 142583K->126K(155136K)] 242312K->99855K(504832K), 0.0010603 secs] [Times: user=0.01 sys=0.00, real=0.00 secs] 
Heap after GC invocations=510 (full 47):
 PSYoungGen      total 155136K, used 126K [0x00000007b5580000, 0x00000007c0000000, 0x00000007c0000000)
  eden space 135680K, 0% used [0x00000007b5580000,0x00000007b5580000,0x00000007bda00000)
  from space 19456K, 0% used [0x00000007bda00000,0x00000007bda1fa00,0x00000007bed00000)
  to   space 19456K, 0% used [0x00000007bed00000,0x00000007bed00000,0x00000007c0000000)
 ParOldGen       total 349696K, used 99729K [0x00000007a0000000, 0x00000007b5580000, 0x00000007b5580000)
  object space 349696K, 28% used [0x00000007a0000000,0x00000007a61645c0,0x00000007b5580000)
 Metaspace       used 5451K, capacity 5616K, committed 5760K, reserved 1056768K
  class space    used 579K, capacity 630K, committed 640K, reserved 1048576K
}
{Heap before GC invocations=511 (full 47):
 PSYoungGen      total 155136K, used 129586K [0x00000007b5580000, 0x00000007c0000000, 0x00000007c0000000)
  eden space 135680K, 95% used [0x00000007b5580000,0x00000007bd3ed008,0x00000007bda00000)
  from space 19456K, 0% used [0x00000007bda00000,0x00000007bda1fa00,0x00000007bed00000)
  to   space 19456K, 0% used [0x00000007bed00000,0x00000007bed00000,0x00000007c0000000)
 ParOldGen       total 349696K, used 99729K [0x00000007a0000000, 0x00000007b5580000, 0x00000007b5580000)
  object space 349696K, 28% used [0x00000007a0000000,0x00000007a61645c0,0x00000007b5580000)
 Metaspace       used 5451K, capacity 5616K, committed 5760K, reserved 1056768K
  class space    used 579K, capacity 630K, committed 640K, reserved 1048576K
2018-07-25T18:08:37.881-0800: 40.161: [GC (Allocation Failure) [PSYoungGen: 129586K->9797K(155136K)] 229315K->161704K(504832K), 0.0068467 secs] [Times: user=0.05 sys=0.00, real=0.00 secs] 
Heap after GC invocations=511 (full 47):
 PSYoungGen      total 155136K, used 9797K [0x00000007b5580000, 0x00000007c0000000, 0x00000007c0000000)
  eden space 135680K, 0% used [0x00000007b5580000,0x00000007b5580000,0x00000007bda00000)
  from space 19456K, 50% used [0x00000007bed00000,0x00000007bf691698,0x00000007c0000000)
  to   space 19456K, 0% used [0x00000007bda00000,0x00000007bda00000,0x00000007bed00000)
 ParOldGen       total 349696K, used 151907K [0x00000007a0000000, 0x00000007b5580000, 0x00000007b5580000)
  object space 349696K, 43% used [0x00000007a0000000,0x00000007a9458d58,0x00000007b5580000)
 Metaspace       used 5451K, capacity 5616K, committed 5760K, reserved 1056768K
  class space    used 579K, capacity 630K, committed 640K, reserved 1048576K
}
{Heap before GC invocations=512 (full 47):
 PSYoungGen      total 155136K, used 139314K [0x00000007b5580000, 0x00000007c0000000, 0x00000007c0000000)
  eden space 135680K, 95% used [0x00000007b5580000,0x00000007bd3fb170,0x00000007bda00000)
  from space 19456K, 50% used [0x00000007bed00000,0x00000007bf691698,0x00000007c0000000)
  to   space 19456K, 0% used [0x00000007bda00000,0x00000007bda00000,0x00000007bed00000)
 ParOldGen       total 349696K, used 151907K [0x00000007a0000000, 0x00000007b5580000, 0x00000007b5580000)
  object space 349696K, 43% used [0x00000007a0000000,0x00000007a9458d58,0x00000007b5580000)
 Metaspace       used 5451K, capacity 5616K, committed 5760K, reserved 1056768K
  class space    used 579K, capacity 630K, committed 640K, reserved 1048576K
2018-07-25T18:08:37.994-0800: 40.274: [GC (Allocation Failure) [PSYoungGen: 139314K->9892K(145920K)] 291221K->187841K(495616K), 0.0045432 secs] [Times: user=0.03 sys=0.00, real=0.00 secs] 
Heap after GC invocations=512 (full 47):
 PSYoungGen      total 145920K, used 9892K [0x00000007b5580000, 0x00000007c0000000, 0x00000007c0000000)
  eden space 135680K, 0% used [0x00000007b5580000,0x00000007b5580000,0x00000007bda00000)
  from space 10240K, 96% used [0x00000007bda00000,0x00000007be3a91f0,0x00000007be400000)
  to   space 19968K, 0% used [0x00000007bec80000,0x00000007bec80000,0x00000007c0000000)
 ParOldGen       total 349696K, used 177949K [0x00000007a0000000, 0x00000007b5580000, 0x00000007b5580000)
  object space 349696K, 50% used [0x00000007a0000000,0x00000007aadc7420,0x00000007b5580000)
 Metaspace       used 5451K, capacity 5616K, committed 5760K, reserved 1056768K
  class space    used 579K, capacity 630K, committed 640K, reserved 1048576K
}
{Heap before GC invocations=513 (full 47):
 PSYoungGen      total 145920K, used 116369K [0x00000007b5580000, 0x00000007c0000000, 0x00000007c0000000)
  eden space 135680K, 78% used [0x00000007b5580000,0x00000007bbd7b500,0x00000007bda00000)
  from space 10240K, 96% used [0x00000007bda00000,0x00000007be3a91f0,0x00000007be400000)
  to   space 19968K, 0% used [0x00000007bec80000,0x00000007bec80000,0x00000007c0000000)
 ParOldGen       total 349696K, used 177949K [0x00000007a0000000, 0x00000007b5580000, 0x00000007b5580000)
  object space 349696K, 50% used [0x00000007a0000000,0x00000007aadc7420,0x00000007b5580000)
 Metaspace       used 5451K, capacity 5616K, committed 5760K, reserved 1056768K
  class space    used 579K, capacity 630K, committed 640K, reserved 1048576K
2018-07-25T18:08:38.015-0800: 40.296: [GC (Allocation Failure) [PSYoungGen: 116369K->0K(155136K)] 294318K->213835K(504832K), 0.0045615 secs] [Times: user=0.03 sys=0.00, real=0.01 secs] 
Heap after GC invocations=513 (full 47):
 PSYoungGen      total 155136K, used 0K [0x00000007b5580000, 0x00000007c0000000, 0x00000007c0000000)
  eden space 135168K, 0% used [0x00000007b5580000,0x00000007b5580000,0x00000007bd980000)
  from space 19968K, 0% used [0x00000007bec80000,0x00000007bec80000,0x00000007c0000000)
  to   space 19456K, 0% used [0x00000007bd980000,0x00000007bd980000,0x00000007bec80000)
 ParOldGen       total 349696K, used 213835K [0x00000007a0000000, 0x00000007b5580000, 0x00000007b5580000)
  object space 349696K, 61% used [0x00000007a0000000,0x00000007ad0d2d18,0x00000007b5580000)
 Metaspace       used 5451K, capacity 5616K, committed 5760K, reserved 1056768K
  class space    used 579K, capacity 630K, committed 640K, reserved 1048576K
}
{Heap before GC invocations=514 (full 47):
 PSYoungGen      total 155136K, used 129262K [0x00000007b5580000, 0x00000007c0000000, 0x00000007c0000000)
  eden space 135168K, 95% used [0x00000007b5580000,0x00000007bd3bb850,0x00000007bd980000)
  from space 19968K, 0% used [0x00000007bec80000,0x00000007bec80000,0x00000007c0000000)
  to   space 19456K, 0% used [0x00000007bd980000,0x00000007bd980000,0x00000007bec80000)
 ParOldGen       total 349696K, used 213835K [0x00000007a0000000, 0x00000007b5580000, 0x00000007b5580000)
  object space 349696K, 61% used [0x00000007a0000000,0x00000007ad0d2d18,0x00000007b5580000)
 Metaspace       used 5451K, capacity 5616K, committed 5760K, reserved 1056768K
  class space    used 579K, capacity 630K, committed 640K, reserved 1048576K
2018-07-25T18:08:38.127-0800: 40.408: [GC (Allocation Failure) [PSYoungGen: 129262K->9892K(154624K)] 343097K->275811K(504320K), 0.0071337 secs] [Times: user=0.05 sys=0.00, real=0.01 secs] 
Heap after GC invocations=514 (full 47):
 PSYoungGen      total 154624K, used 9892K [0x00000007b5580000, 0x00000007c0000000, 0x00000007c0000000)
  eden space 135168K, 0% used [0x00000007b5580000,0x00000007b5580000,0x00000007bd980000)
  from space 19456K, 50% used [0x00000007bd980000,0x00000007be329348,0x00000007bec80000)
  to   space 19456K, 0% used [0x00000007bed00000,0x00000007bed00000,0x00000007c0000000)
 ParOldGen       total 349696K, used 265918K [0x00000007a0000000, 0x00000007b5580000, 0x00000007b5580000)
  object space 349696K, 76% used [0x00000007a0000000,0x00000007b03afac8,0x00000007b5580000)
 Metaspace       used 5451K, capacity 5616K, committed 5760K, reserved 1056768K
  class space    used 579K, capacity 630K, committed 640K, reserved 1048576K
}
{Heap before GC invocations=515 (full 47):
 PSYoungGen      total 154624K, used 142548K [0x00000007b5580000, 0x00000007c0000000, 0x00000007c0000000)
  eden space 135168K, 98% used [0x00000007b5580000,0x00000007bd70bde0,0x00000007bd980000)
  from space 19456K, 50% used [0x00000007bd980000,0x00000007be329348,0x00000007bec80000)
  to   space 19456K, 0% used [0x00000007bed00000,0x00000007bed00000,0x00000007c0000000)
 ParOldGen       total 349696K, used 265918K [0x00000007a0000000, 0x00000007b5580000, 0x00000007b5580000)
  object space 349696K, 76% used [0x00000007a0000000,0x00000007b03afac8,0x00000007b5580000)
 Metaspace       used 5451K, capacity 5616K, committed 5760K, reserved 1056768K
  class space    used 579K, capacity 630K, committed 640K, reserved 1048576K
2018-07-25T18:08:38.230-0800: 40.511: [GC (Allocation Failure) [PSYoungGen: 142548K->127K(155136K)] 408466K->266046K(504832K), 0.0017285 secs] [Times: user=0.01 sys=0.00, real=0.00 secs] 
Heap after GC invocations=515 (full 47):
 PSYoungGen      total 155136K, used 127K [0x00000007b5580000, 0x00000007c0000000, 0x00000007c0000000)
  eden space 135680K, 0% used [0x00000007b5580000,0x00000007b5580000,0x00000007bda00000)
  from space 19456K, 0% used [0x00000007bed00000,0x00000007bed1fe08,0x00000007c0000000)
  to   space 19456K, 0% used [0x00000007bda00000,0x00000007bda00000,0x00000007bed00000)
 ParOldGen       total 349696K, used 265918K [0x00000007a0000000, 0x00000007b5580000, 0x00000007b5580000)
  object space 349696K, 76% used [0x00000007a0000000,0x00000007b03afac8,0x00000007b5580000)
 Metaspace       used 5451K, capacity 5616K, committed 5760K, reserved 1056768K
  class space    used 579K, capacity 630K, committed 640K, reserved 1048576K
}
{Heap before GC invocations=516 (full 47):
 PSYoungGen      total 155136K, used 129611K [0x00000007b5580000, 0x00000007c0000000, 0x00000007c0000000)
  eden space 135680K, 95% used [0x00000007b5580000,0x00000007bd3f3070,0x00000007bda00000)
  from space 19456K, 0% used [0x00000007bed00000,0x00000007bed1fe08,0x00000007c0000000)
  to   space 19456K, 0% used [0x00000007bda00000,0x00000007bda00000,0x00000007bed00000)
 ParOldGen       total 349696K, used 265918K [0x00000007a0000000, 0x00000007b5580000, 0x00000007b5580000)
  object space 349696K, 76% used [0x00000007a0000000,0x00000007b03afac8,0x00000007b5580000)
 Metaspace       used 5451K, capacity 5616K, committed 5760K, reserved 1056768K
  class space    used 579K, capacity 630K, committed 640K, reserved 1048576K
2018-07-25T18:08:38.266-0800: 40.547: [GC (Allocation Failure) [PSYoungGen: 129611K->9797K(155136K)] 395530K->327879K(504832K), 0.0120180 secs] [Times: user=0.09 sys=0.00, real=0.01 secs] 
Heap after GC invocations=516 (full 47):
 PSYoungGen      total 155136K, used 9797K [0x00000007b5580000, 0x00000007c0000000, 0x00000007c0000000)
  eden space 135680K, 0% used [0x00000007b5580000,0x00000007b5580000,0x00000007bda00000)
  from space 19456K, 50% used [0x00000007bda00000,0x00000007be391698,0x00000007bed00000)
  to   space 19456K, 0% used [0x00000007bed00000,0x00000007bed00000,0x00000007c0000000)
 ParOldGen       total 349696K, used 318081K [0x00000007a0000000, 0x00000007b5580000, 0x00000007b5580000)
  object space 349696K, 90% used [0x00000007a0000000,0x00000007b36a0668,0x00000007b5580000)
 Metaspace       used 5451K, capacity 5616K, committed 5760K, reserved 1056768K
  class space    used 579K, capacity 630K, committed 640K, reserved 1048576K
}
{Heap before GC invocations=517 (full 48):
 PSYoungGen      total 155136K, used 9797K [0x00000007b5580000, 0x00000007c0000000, 0x00000007c0000000)
  eden space 135680K, 0% used [0x00000007b5580000,0x00000007b5580000,0x00000007bda00000)
  from space 19456K, 50% used [0x00000007bda00000,0x00000007be391698,0x00000007bed00000)
  to   space 19456K, 0% used [0x00000007bed00000,0x00000007bed00000,0x00000007c0000000)
 ParOldGen       total 349696K, used 318081K [0x00000007a0000000, 0x00000007b5580000, 0x00000007b5580000)
  object space 349696K, 90% used [0x00000007a0000000,0x00000007b36a0668,0x00000007b5580000)
 Metaspace       used 5451K, capacity 5616K, committed 5760K, reserved 1056768K
  class space    used 579K, capacity 630K, committed 640K, reserved 1048576K
2018-07-25T18:08:38.278-0800: 40.559: [Full GC (Ergonomics) [PSYoungGen: 9797K->0K(155136K)] [ParOldGen: 318081K->73689K(349696K)] 327879K->73689K(504832K), [Metaspace: 5451K->5451K(1056768K)], 0.0117397 secs] [Times: user=0.07 sys=0.00, real=0.02 secs] 
Heap after GC invocations=517 (full 48):
 PSYoungGen      total 155136K, used 0K [0x00000007b5580000, 0x00000007c0000000, 0x00000007c0000000)
  eden space 135680K, 0% used [0x00000007b5580000,0x00000007b5580000,0x00000007bda00000)
  from space 19456K, 0% used [0x00000007bda00000,0x00000007bda00000,0x00000007bed00000)
  to   space 19456K, 0% used [0x00000007bed00000,0x00000007bed00000,0x00000007c0000000)
 ParOldGen       total 349696K, used 73689K [0x00000007a0000000, 0x00000007b5580000, 0x00000007b5580000)
  object space 349696K, 21% used [0x00000007a0000000,0x00000007a47f6570,0x00000007b5580000)
 Metaspace       used 5451K, capacity 5616K, committed 5760K, reserved 1056768K
  class space    used 579K, capacity 630K, committed 640K, reserved 1048576K
}
{Heap before GC invocations=518 (full 48):
 PSYoungGen      total 155136K, used 129531K [0x00000007b5580000, 0x00000007c0000000, 0x00000007c0000000)
  eden space 135680K, 95% used [0x00000007b5580000,0x00000007bd3fef80,0x00000007bda00000)
  from space 19456K, 0% used [0x00000007bda00000,0x00000007bda00000,0x00000007bed00000)
  to   space 19456K, 0% used [0x00000007bed00000,0x00000007bed00000,0x00000007c0000000)
 ParOldGen       total 349696K, used 73689K [0x00000007a0000000, 0x00000007b5580000, 0x00000007b5580000)
  object space 349696K, 21% used [0x00000007a0000000,0x00000007a47f6570,0x00000007b5580000)
 Metaspace       used 5451K, capacity 5616K, committed 5760K, reserved 1056768K
  class space    used 579K, capacity 630K, committed 640K, reserved 1048576K
2018-07-25T18:08:38.405-0800: 40.685: [GC (Allocation Failure) [PSYoungGen: 129531K->9893K(155136K)] 203221K->135666K(504832K), 0.0063203 secs] [Times: user=0.05 sys=0.00, real=0.01 secs] 
Heap after GC invocations=518 (full 48):
 PSYoungGen      total 155136K, used 9893K [0x00000007b5580000, 0x00000007c0000000, 0x00000007c0000000)
  eden space 135680K, 0% used [0x00000007b5580000,0x00000007b5580000,0x00000007bda00000)
  from space 19456K, 50% used [0x00000007bed00000,0x00000007bf6a95f8,0x00000007c0000000)
  to   space 19456K, 0% used [0x00000007bda00000,0x00000007bda00000,0x00000007bed00000)
 ParOldGen       total 349696K, used 125772K [0x00000007a0000000, 0x00000007b5580000, 0x00000007b5580000)
  object space 349696K, 35% used [0x00000007a0000000,0x00000007a7ad3340,0x00000007b5580000)
 Metaspace       used 5451K, capacity 5616K, committed 5760K, reserved 1056768K
  class space    used 579K, capacity 630K, committed 640K, reserved 1048576K
}
{Heap before GC invocations=519 (full 48):
 PSYoungGen      total 155136K, used 116380K [0x00000007b5580000, 0x00000007c0000000, 0x00000007c0000000)
  eden space 135680K, 78% used [0x00000007b5580000,0x00000007bbd7dd08,0x00000007bda00000)
  from space 19456K, 50% used [0x00000007bed00000,0x00000007bf6a95f8,0x00000007c0000000)
  to   space 19456K, 0% used [0x00000007bda00000,0x00000007bda00000,0x00000007bed00000)
 ParOldGen       total 349696K, used 125772K [0x00000007a0000000, 0x00000007b5580000, 0x00000007b5580000)
  object space 349696K, 35% used [0x00000007a0000000,0x00000007a7ad3340,0x00000007b5580000)
 Metaspace       used 5451K, capacity 5616K, committed 5760K, reserved 1056768K
  class space    used 579K, capacity 630K, committed 640K, reserved 1048576K
2018-07-25T18:08:38.424-0800: 40.705: [GC (Allocation Failure) [PSYoungGen: 116380K->0K(155136K)] 242153K->161668K(504832K), 0.0047035 secs] [Times: user=0.04 sys=0.01, real=0.00 secs] 
Heap after GC invocations=519 (full 48):
 PSYoungGen      total 155136K, used 0K [0x00000007b5580000, 0x00000007c0000000, 0x00000007c0000000)
  eden space 135680K, 0% used [0x00000007b5580000,0x00000007b5580000,0x00000007bda00000)
  from space 19456K, 0% used [0x00000007bda00000,0x00000007bda00000,0x00000007bed00000)
  to   space 19456K, 0% used [0x00000007bed00000,0x00000007bed00000,0x00000007c0000000)
 ParOldGen       total 349696K, used 161668K [0x00000007a0000000, 0x00000007b5580000, 0x00000007b5580000)
  object space 349696K, 46% used [0x00000007a0000000,0x00000007a9de1040,0x00000007b5580000)
 Metaspace       used 5451K, capacity 5616K, committed 5760K, reserved 1056768K
  class space    used 579K, capacity 630K, committed 640K, reserved 1048576K
}
{Heap before GC invocations=520 (full 48):
 PSYoungGen      total 155136K, used 129277K [0x00000007b5580000, 0x00000007c0000000, 0x00000007c0000000)
  eden space 135680K, 95% used [0x00000007b5580000,0x00000007bd3bf528,0x00000007bda00000)
  from space 19456K, 0% used [0x00000007bda00000,0x00000007bda00000,0x00000007bed00000)
  to   space 19456K, 0% used [0x00000007bed00000,0x00000007bed00000,0x00000007c0000000)
 ParOldGen       total 349696K, used 161668K [0x00000007a0000000, 0x00000007b5580000, 0x00000007b5580000)
  object space 349696K, 46% used [0x00000007a0000000,0x00000007a9de1040,0x00000007b5580000)
 Metaspace       used 5451K, capacity 5616K, committed 5760K, reserved 1056768K
  class space    used 579K, capacity 630K, committed 640K, reserved 1048576K
2018-07-25T18:08:38.539-0800: 40.819: [GC (Allocation Failure) [PSYoungGen: 129277K->9925K(155136K)] 290945K->223677K(504832K), 0.0055937 secs] [Times: user=0.04 sys=0.00, real=0.01 secs] 
Heap after GC invocations=520 (full 48):
 PSYoungGen      total 155136K, used 9925K [0x00000007b5580000, 0x00000007c0000000, 0x00000007c0000000)
  eden space 135680K, 0% used [0x00000007b5580000,0x00000007b5580000,0x00000007bda00000)
  from space 19456K, 51% used [0x00000007bed00000,0x00000007bf6b1750,0x00000007c0000000)
  to   space 19456K, 0% used [0x00000007bda00000,0x00000007bda00000,0x00000007bed00000)
 ParOldGen       total 349696K, used 213751K [0x00000007a0000000, 0x00000007b5580000, 0x00000007b5580000)
  object space 349696K, 61% used [0x00000007a0000000,0x00000007ad0bddf0,0x00000007b5580000)
 Metaspace       used 5451K, capacity 5616K, committed 5760K, reserved 1056768K
  class space    used 579K, capacity 630K, committed 640K, reserved 1048576K
}
{Heap before GC invocations=521 (full 48):
 PSYoungGen      total 155136K, used 142594K [0x00000007b5580000, 0x00000007c0000000, 0x00000007c0000000)
  eden space 135680K, 97% used [0x00000007b5580000,0x00000007bd70f3c0,0x00000007bda00000)
  from space 19456K, 51% used [0x00000007bed00000,0x00000007bf6b1750,0x00000007c0000000)
  to   space 19456K, 0% used [0x00000007bda00000,0x00000007bda00000,0x00000007bed00000)
 ParOldGen       total 349696K, used 213751K [0x00000007a0000000, 0x00000007b5580000, 0x00000007b5580000)
  object space 349696K, 61% used [0x00000007a0000000,0x00000007ad0bddf0,0x00000007b5580000)
 Metaspace       used 5451K, capacity 5616K, committed 5760K, reserved 1056768K
  class space    used 579K, capacity 630K, committed 640K, reserved 1048576K
2018-07-25T18:08:38.636-0800: 40.917: [GC (Allocation Failure) [PSYoungGen: 142594K->128K(155136K)] 356346K->213880K(504832K), 0.0016310 secs] [Times: user=0.01 sys=0.00, real=0.00 secs] 
Heap after GC invocations=521 (full 48):
 PSYoungGen      total 155136K, used 128K [0x00000007b5580000, 0x00000007c0000000, 0x00000007c0000000)
  eden space 135680K, 0% used [0x00000007b5580000,0x00000007b5580000,0x00000007bda00000)
  from space 19456K, 0% used [0x00000007bda00000,0x00000007bda20210,0x00000007bed00000)
  to   space 19456K, 0% used [0x00000007bed00000,0x00000007bed00000,0x00000007c0000000)
 ParOldGen       total 349696K, used 213751K [0x00000007a0000000, 0x00000007b5580000, 0x00000007b5580000)
  object space 349696K, 61% used [0x00000007a0000000,0x00000007ad0bddf0,0x00000007b5580000)
 Metaspace       used 5451K, capacity 5616K, committed 5760K, reserved 1056768K
  class space    used 579K, capacity 630K, committed 640K, reserved 1048576K
}
{Heap before GC invocations=522 (full 48):
 PSYoungGen      total 155136K, used 129615K [0x00000007b5580000, 0x00000007c0000000, 0x00000007c0000000)
  eden space 135680K, 95% used [0x00000007b5580000,0x00000007bd3f3b18,0x00000007bda00000)
  from space 19456K, 0% used [0x00000007bda00000,0x00000007bda20210,0x00000007bed00000)
  to   space 19456K, 0% used [0x00000007bed00000,0x00000007bed00000,0x00000007c0000000)
 ParOldGen       total 349696K, used 213751K [0x00000007a0000000, 0x00000007b5580000, 0x00000007b5580000)
  object space 349696K, 61% used [0x00000007a0000000,0x00000007ad0bddf0,0x00000007b5580000)
 Metaspace       used 5451K, capacity 5616K, committed 5760K, reserved 1056768K
  class space    used 579K, capacity 630K, committed 640K, reserved 1048576K
2018-07-25T18:08:38.666-0800: 40.946: [GC (Allocation Failure) [PSYoungGen: 129615K->9797K(155136K)] 343366K->275713K(504832K), 0.0077489 secs] [Times: user=0.05 sys=0.00, real=0.01 secs] 
Heap after GC invocations=522 (full 48):
 PSYoungGen      total 155136K, used 9797K [0x00000007b5580000, 0x00000007c0000000, 0x00000007c0000000)
  eden space 135680K, 0% used [0x00000007b5580000,0x00000007b5580000,0x00000007bda00000)
  from space 19456K, 50% used [0x00000007bed00000,0x00000007bf691698,0x00000007c0000000)
  to   space 19456K, 0% used [0x00000007bda00000,0x00000007bda00000,0x00000007bed00000)
 ParOldGen       total 349696K, used 265915K [0x00000007a0000000, 0x00000007b5580000, 0x00000007b5580000)
  object space 349696K, 76% used [0x00000007a0000000,0x00000007b03aed98,0x00000007b5580000)
 Metaspace       used 5451K, capacity 5616K, committed 5760K, reserved 1056768K
  class space    used 579K, capacity 630K, committed 640K, reserved 1048576K
}
{Heap before GC invocations=523 (full 48):
 PSYoungGen      total 155136K, used 139331K [0x00000007b5580000, 0x00000007c0000000, 0x00000007c0000000)
  eden space 135680K, 95% used [0x00000007b5580000,0x00000007bd3ff680,0x00000007bda00000)
  from space 19456K, 50% used [0x00000007bed00000,0x00000007bf691698,0x00000007c0000000)
  to   space 19456K, 0% used [0x00000007bda00000,0x00000007bda00000,0x00000007bed00000)
 ParOldGen       total 349696K, used 265915K [0x00000007a0000000, 0x00000007b5580000, 0x00000007b5580000)
  object space 349696K, 76% used [0x00000007a0000000,0x00000007b03aed98,0x00000007b5580000)
 Metaspace       used 5451K, capacity 5616K, committed 5760K, reserved 1056768K
  class space    used 579K, capacity 630K, committed 640K, reserved 1048576K
2018-07-25T18:08:38.786-0800: 41.067: [GC (Allocation Failure) [PSYoungGen: 139331K->9926K(145920K)] 405246K->301883K(495616K), 0.0044780 secs] [Times: user=0.03 sys=0.00, real=0.01 secs] 
Heap after GC invocations=523 (full 48):
 PSYoungGen      total 145920K, used 9926K [0x00000007b5580000, 0x00000007c0000000, 0x00000007c0000000)
  eden space 135680K, 0% used [0x00000007b5580000,0x00000007b5580000,0x00000007bda00000)
  from space 10240K, 96% used [0x00000007bda00000,0x00000007be3b1a00,0x00000007be400000)
  to   space 19968K, 0% used [0x00000007bec80000,0x00000007bec80000,0x00000007c0000000)
 ParOldGen       total 349696K, used 291957K [0x00000007a0000000, 0x00000007b5580000, 0x00000007b5580000)
  object space 349696K, 83% used [0x00000007a0000000,0x00000007b1d1d460,0x00000007b5580000)
 Metaspace       used 5451K, capacity 5616K, committed 5760K, reserved 1056768K
  class space    used 579K, capacity 630K, committed 640K, reserved 1048576K
}
{Heap before GC invocations=524 (full 49):
 PSYoungGen      total 145920K, used 9926K [0x00000007b5580000, 0x00000007c0000000, 0x00000007c0000000)
  eden space 135680K, 0% used [0x00000007b5580000,0x00000007b5580000,0x00000007bda00000)
  from space 10240K, 96% used [0x00000007bda00000,0x00000007be3b1a00,0x00000007be400000)
  to   space 19968K, 0% used [0x00000007bec80000,0x00000007bec80000,0x00000007c0000000)
 ParOldGen       total 349696K, used 291957K [0x00000007a0000000, 0x00000007b5580000, 0x00000007b5580000)
  object space 349696K, 83% used [0x00000007a0000000,0x00000007b1d1d460,0x00000007b5580000)
 Metaspace       used 5451K, capacity 5616K, committed 5760K, reserved 1056768K
  class space    used 579K, capacity 630K, committed 640K, reserved 1048576K
2018-07-25T18:08:38.791-0800: 41.072: [Full GC (Ergonomics) [PSYoungGen: 9926K->0K(145920K)] [ParOldGen: 291957K->47649K(349696K)] 301883K->47649K(495616K), [Metaspace: 5451K->5451K(1056768K)], 0.0076555 secs] [Times: user=0.03 sys=0.00, real=0.00 secs] 
Heap after GC invocations=524 (full 49):
 PSYoungGen      total 145920K, used 0K [0x00000007b5580000, 0x00000007c0000000, 0x00000007c0000000)
  eden space 135680K, 0% used [0x00000007b5580000,0x00000007b5580000,0x00000007bda00000)
  from space 10240K, 0% used [0x00000007bda00000,0x00000007bda00000,0x00000007be400000)
  to   space 19968K, 0% used [0x00000007bec80000,0x00000007bec80000,0x00000007c0000000)
 ParOldGen       total 349696K, used 47649K [0x00000007a0000000, 0x00000007b5580000, 0x00000007b5580000)
  object space 349696K, 13% used [0x00000007a0000000,0x00000007a2e88448,0x00000007b5580000)
 Metaspace       used 5451K, capacity 5616K, committed 5760K, reserved 1056768K
  class space    used 579K, capacity 630K, committed 640K, reserved 1048576K
}
{Heap before GC invocations=525 (full 49):
 PSYoungGen      total 145920K, used 106488K [0x00000007b5580000, 0x00000007c0000000, 0x00000007c0000000)
  eden space 135680K, 78% used [0x00000007b5580000,0x00000007bbd7e190,0x00000007bda00000)
  from space 10240K, 0% used [0x00000007bda00000,0x00000007bda00000,0x00000007be400000)
  to   space 19968K, 0% used [0x00000007bec80000,0x00000007bec80000,0x00000007c0000000)
 ParOldGen       total 349696K, used 47649K [0x00000007a0000000, 0x00000007b5580000, 0x00000007b5580000)
  object space 349696K, 13% used [0x00000007a0000000,0x00000007a2e88448,0x00000007b5580000)
 Metaspace       used 5451K, capacity 5616K, committed 5760K, reserved 1056768K
  class space    used 579K, capacity 630K, committed 640K, reserved 1048576K
2018-07-25T18:08:38.812-0800: 41.093: [GC (Allocation Failure) [PSYoungGen: 106488K->0K(155136K)] 154137K->125774K(504832K), 0.0098495 secs] [Times: user=0.07 sys=0.00, real=0.01 secs] 
Heap after GC invocations=525 (full 49):
 PSYoungGen      total 155136K, used 0K [0x00000007b5580000, 0x00000007c0000000, 0x00000007c0000000)
  eden space 135168K, 0% used [0x00000007b5580000,0x00000007b5580000,0x00000007bd980000)
  from space 19968K, 0% used [0x00000007bec80000,0x00000007bec80000,0x00000007c0000000)
  to   space 19456K, 0% used [0x00000007bd980000,0x00000007bd980000,0x00000007bec80000)
 ParOldGen       total 349696K, used 125774K [0x00000007a0000000, 0x00000007b5580000, 0x00000007b5580000)
  object space 349696K, 35% used [0x00000007a0000000,0x00000007a7ad38e8,0x00000007b5580000)
 Metaspace       used 5451K, capacity 5616K, committed 5760K, reserved 1056768K
  class space    used 579K, capacity 630K, committed 640K, reserved 1048576K
}
{Heap before GC invocations=526 (full 49):
 PSYoungGen      total 155136K, used 128919K [0x00000007b5580000, 0x00000007c0000000, 0x00000007c0000000)
  eden space 135168K, 95% used [0x00000007b5580000,0x00000007bd365e08,0x00000007bd980000)
  from space 19968K, 0% used [0x00000007bec80000,0x00000007bec80000,0x00000007c0000000)
  to   space 19456K, 0% used [0x00000007bd980000,0x00000007bd980000,0x00000007bec80000)
 ParOldGen       total 349696K, used 125774K [0x00000007a0000000, 0x00000007b5580000, 0x00000007b5580000)
  object space 349696K, 35% used [0x00000007a0000000,0x00000007a7ad38e8,0x00000007b5580000)
 Metaspace       used 5451K, capacity 5616K, committed 5760K, reserved 1056768K
  class space    used 579K, capacity 630K, committed 640K, reserved 1048576K
2018-07-25T18:08:38.933-0800: 41.214: [GC (Allocation Failure) [PSYoungGen: 128919K->9894K(154624K)] 254693K->187752K(504320K), 0.0052072 secs] [Times: user=0.04 sys=0.00, real=0.00 secs] 
Heap after GC invocations=526 (full 49):
 PSYoungGen      total 154624K, used 9894K [0x00000007b5580000, 0x00000007c0000000, 0x00000007c0000000)
  eden space 135168K, 0% used [0x00000007b5580000,0x00000007b5580000,0x00000007bd980000)
  from space 19456K, 50% used [0x00000007bd980000,0x00000007be329b58,0x00000007bec80000)
  to   space 19456K, 0% used [0x00000007bed00000,0x00000007bed00000,0x00000007c0000000)
 ParOldGen       total 349696K, used 177857K [0x00000007a0000000, 0x00000007b5580000, 0x00000007b5580000)
  object space 349696K, 50% used [0x00000007a0000000,0x00000007aadb0698,0x00000007b5580000)
 Metaspace       used 5451K, capacity 5616K, committed 5760K, reserved 1056768K
  class space    used 579K, capacity 630K, committed 640K, reserved 1048576K
}
{Heap before GC invocations=527 (full 49):
 PSYoungGen      total 154624K, used 142327K [0x00000007b5580000, 0x00000007c0000000, 0x00000007c0000000)
  eden space 135168K, 97% used [0x00000007b5580000,0x00000007bd6d4330,0x00000007bd980000)
  from space 19456K, 50% used [0x00000007bd980000,0x00000007be329b58,0x00000007bec80000)
  to   space 19456K, 0% used [0x00000007bed00000,0x00000007bed00000,0x00000007c0000000)
 ParOldGen       total 349696K, used 177857K [0x00000007a0000000, 0x00000007b5580000, 0x00000007b5580000)
  object space 349696K, 50% used [0x00000007a0000000,0x00000007aadb0698,0x00000007b5580000)
 Metaspace       used 5451K, capacity 5616K, committed 5760K, reserved 1056768K
  class space    used 579K, capacity 630K, committed 640K, reserved 1048576K
2018-07-25T18:08:39.030-0800: 41.311: [GC (Allocation Failure) [PSYoungGen: 142327K->129K(155136K)] 320185K->177987K(504832K), 0.0010999 secs] [Times: user=0.01 sys=0.00, real=0.00 secs] 
Heap after GC invocations=527 (full 49):
 PSYoungGen      total 155136K, used 129K [0x00000007b5580000, 0x00000007c0000000, 0x00000007c0000000)
  eden space 135680K, 0% used [0x00000007b5580000,0x00000007b5580000,0x00000007bda00000)
  from space 19456K, 0% used [0x00000007bed00000,0x00000007bed20618,0x00000007c0000000)
  to   space 19456K, 0% used [0x00000007bda00000,0x00000007bda00000,0x00000007bed00000)
 ParOldGen       total 349696K, used 177857K [0x00000007a0000000, 0x00000007b5580000, 0x00000007b5580000)
  object space 349696K, 50% used [0x00000007a0000000,0x00000007aadb0698,0x00000007b5580000)
 Metaspace       used 5451K, capacity 5616K, committed 5760K, reserved 1056768K
  class space    used 579K, capacity 630K, committed 640K, reserved 1048576K
}
{Heap before GC invocations=528 (full 49):
 PSYoungGen      total 155136K, used 129469K [0x00000007b5580000, 0x00000007c0000000, 0x00000007c0000000)
  eden space 135680K, 95% used [0x00000007b5580000,0x00000007bd3cf1d0,0x00000007bda00000)
  from space 19456K, 0% used [0x00000007bed00000,0x00000007bed20618,0x00000007c0000000)
  to   space 19456K, 0% used [0x00000007bda00000,0x00000007bda00000,0x00000007bed00000)
 ParOldGen       total 349696K, used 177857K [0x00000007a0000000, 0x00000007b5580000, 0x00000007b5580000)
  object space 349696K, 50% used [0x00000007a0000000,0x00000007aadb0698,0x00000007b5580000)
 Metaspace       used 5451K, capacity 5616K, committed 5760K, reserved 1056768K
  class space    used 579K, capacity 630K, committed 640K, reserved 1048576K
2018-07-25T18:08:39.065-0800: 41.345: [GC (Allocation Failure) [PSYoungGen: 129469K->9797K(155136K)] 307327K->239820K(504832K), 0.0074779 secs] [Times: user=0.06 sys=0.00, real=0.01 secs] 
Heap after GC invocations=528 (full 49):
 PSYoungGen      total 155136K, used 9797K [0x00000007b5580000, 0x00000007c0000000, 0x00000007c0000000)
  eden space 135680K, 0% used [0x00000007b5580000,0x00000007b5580000,0x00000007bda00000)
  from space 19456K, 50% used [0x00000007bda00000,0x00000007be391698,0x00000007bed00000)
  to   space 19456K, 0% used [0x00000007bed00000,0x00000007bed00000,0x00000007c0000000)
 ParOldGen       total 349696K, used 230022K [0x00000007a0000000, 0x00000007b5580000, 0x00000007b5580000)
  object space 349696K, 65% used [0x00000007a0000000,0x00000007ae0a1a48,0x00000007b5580000)
 Metaspace       used 5451K, capacity 5616K, committed 5760K, reserved 1056768K
  class space    used 579K, capacity 630K, committed 640K, reserved 1048576K
}
{Heap before GC invocations=529 (full 49):
 PSYoungGen      total 155136K, used 139237K [0x00000007b5580000, 0x00000007c0000000, 0x00000007c0000000)
  eden space 135680K, 95% used [0x00000007b5580000,0x00000007bd3e7e60,0x00000007bda00000)
  from space 19456K, 50% used [0x00000007bda00000,0x00000007be391698,0x00000007bed00000)
  to   space 19456K, 0% used [0x00000007bed00000,0x00000007bed00000,0x00000007c0000000)
 ParOldGen       total 349696K, used 230022K [0x00000007a0000000, 0x00000007b5580000, 0x00000007b5580000)
  object space 349696K, 65% used [0x00000007a0000000,0x00000007ae0a1a48,0x00000007b5580000)
 Metaspace       used 5451K, capacity 5616K, committed 5760K, reserved 1056768K
  class space    used 579K, capacity 630K, committed 640K, reserved 1048576K
2018-07-25T18:08:39.179-0800: 41.459: [GC (Allocation Failure) [PSYoungGen: 139237K->9927K(154112K)] 369259K->265991K(503808K), 0.0045983 secs] [Times: user=0.03 sys=0.00, real=0.01 secs] 
Heap after GC invocations=529 (full 49):
 PSYoungGen      total 154112K, used 9927K [0x00000007b5580000, 0x00000007c0000000, 0x00000007c0000000)
  eden space 134656K, 0% used [0x00000007b5580000,0x00000007b5580000,0x00000007bd900000)
  from space 19456K, 51% used [0x00000007bed00000,0x00000007bf6b1e08,0x00000007c0000000)
  to   space 19968K, 0% used [0x00000007bd900000,0x00000007bd900000,0x00000007bec80000)
 ParOldGen       total 349696K, used 256064K [0x00000007a0000000, 0x00000007b5580000, 0x00000007b5580000)
  object space 349696K, 73% used [0x00000007a0000000,0x00000007afa10110,0x00000007b5580000)
 Metaspace       used 5451K, capacity 5616K, committed 5760K, reserved 1056768K
  class space    used 579K, capacity 630K, committed 640K, reserved 1048576K
}
{Heap before GC invocations=530 (full 49):
 PSYoungGen      total 154112K, used 116338K [0x00000007b5580000, 0x00000007c0000000, 0x00000007c0000000)
  eden space 134656K, 79% used [0x00000007b5580000,0x00000007bbd6aab0,0x00000007bd900000)
  from space 19456K, 51% used [0x00000007bed00000,0x00000007bf6b1e08,0x00000007c0000000)
  to   space 19968K, 0% used [0x00000007bd900000,0x00000007bd900000,0x00000007bec80000)
 ParOldGen       total 349696K, used 256064K [0x00000007a0000000, 0x00000007b5580000, 0x00000007b5580000)
  object space 349696K, 73% used [0x00000007a0000000,0x00000007afa10110,0x00000007b5580000)
 Metaspace       used 5451K, capacity 5616K, committed 5760K, reserved 1056768K
  class space    used 579K, capacity 630K, committed 640K, reserved 1048576K
2018-07-25T18:08:39.200-0800: 41.481: [GC (Allocation Failure) [PSYoungGen: 116338K->0K(154624K)] 372402K->291953K(504320K), 0.0046537 secs] [Times: user=0.04 sys=0.00, real=0.00 secs] 
Heap after GC invocations=530 (full 49):
 PSYoungGen      total 154624K, used 0K [0x00000007b5580000, 0x00000007c0000000, 0x00000007c0000000)
  eden space 134656K, 0% used [0x00000007b5580000,0x00000007b5580000,0x00000007bd900000)
  from space 19968K, 0% used [0x00000007bd900000,0x00000007bd900000,0x00000007bec80000)
  to   space 19456K, 0% used [0x00000007bed00000,0x00000007bed00000,0x00000007c0000000)
 ParOldGen       total 349696K, used 291953K [0x00000007a0000000, 0x00000007b5580000, 0x00000007b5580000)
  object space 349696K, 83% used [0x00000007a0000000,0x00000007b1d1c620,0x00000007b5580000)
 Metaspace       used 5451K, capacity 5616K, committed 5760K, reserved 1056768K
  class space    used 579K, capacity 630K, committed 640K, reserved 1048576K
}
{Heap before GC invocations=531 (full 50):
 PSYoungGen      total 154624K, used 0K [0x00000007b5580000, 0x00000007c0000000, 0x00000007c0000000)
  eden space 134656K, 0% used [0x00000007b5580000,0x00000007b5580000,0x00000007bd900000)
  from space 19968K, 0% used [0x00000007bd900000,0x00000007bd900000,0x00000007bec80000)
  to   space 19456K, 0% used [0x00000007bed00000,0x00000007bed00000,0x00000007c0000000)
 ParOldGen       total 349696K, used 291953K [0x00000007a0000000, 0x00000007b5580000, 0x00000007b5580000)
  object space 349696K, 83% used [0x00000007a0000000,0x00000007b1d1c620,0x00000007b5580000)
 Metaspace       used 5451K, capacity 5616K, committed 5760K, reserved 1056768K
  class space    used 579K, capacity 630K, committed 640K, reserved 1048576K
2018-07-25T18:08:39.205-0800: 41.486: [Full GC (Ergonomics) [PSYoungGen: 0K->0K(154624K)] [ParOldGen: 291953K->47650K(349696K)] 291953K->47650K(504320K), [Metaspace: 5451K->5451K(1056768K)], 0.0075922 secs] [Times: user=0.03 sys=0.00, real=0.01 secs] 
Heap after GC invocations=531 (full 50):
 PSYoungGen      total 154624K, used 0K [0x00000007b5580000, 0x00000007c0000000, 0x00000007c0000000)
  eden space 134656K, 0% used [0x00000007b5580000,0x00000007b5580000,0x00000007bd900000)
  from space 19968K, 0% used [0x00000007bd900000,0x00000007bd900000,0x00000007bec80000)
  to   space 19456K, 0% used [0x00000007bed00000,0x00000007bed00000,0x00000007c0000000)
 ParOldGen       total 349696K, used 47650K [0x00000007a0000000, 0x00000007b5580000, 0x00000007b5580000)
  object space 349696K, 13% used [0x00000007a0000000,0x00000007a2e88830,0x00000007b5580000)
 Metaspace       used 5451K, capacity 5616K, committed 5760K, reserved 1056768K
  class space    used 579K, capacity 630K, committed 640K, reserved 1048576K
}
{Heap before GC invocations=532 (full 50):
 PSYoungGen      total 154624K, used 129222K [0x00000007b5580000, 0x00000007c0000000, 0x00000007c0000000)
  eden space 134656K, 95% used [0x00000007b5580000,0x00000007bd3b1808,0x00000007bd900000)
  from space 19968K, 0% used [0x00000007bd900000,0x00000007bd900000,0x00000007bec80000)
  to   space 19456K, 0% used [0x00000007bed00000,0x00000007bed00000,0x00000007c0000000)
 ParOldGen       total 349696K, used 47650K [0x00000007a0000000, 0x00000007b5580000, 0x00000007b5580000)
  object space 349696K, 13% used [0x00000007a0000000,0x00000007a2e88830,0x00000007b5580000)
 Metaspace       used 5452K, capacity 5616K, committed 5760K, reserved 1056768K
  class space    used 580K, capacity 630K, committed 640K, reserved 1048576K
2018-07-25T18:08:39.327-0800: 41.607: [GC (Allocation Failure) [PSYoungGen: 129222K->9991K(154112K)] 176872K->109725K(503808K), 0.0064486 secs] [Times: user=0.05 sys=0.00, real=0.01 secs] 
Heap after GC invocations=532 (full 50):
 PSYoungGen      total 154112K, used 9991K [0x00000007b5580000, 0x00000007c0000000, 0x00000007c0000000)
  eden space 134656K, 0% used [0x00000007b5580000,0x00000007b5580000,0x00000007bd900000)
  from space 19456K, 51% used [0x00000007bed00000,0x00000007bf6c1f60,0x00000007c0000000)
  to   space 19968K, 0% used [0x00000007bd900000,0x00000007bd900000,0x00000007bec80000)
 ParOldGen       total 349696K, used 99733K [0x00000007a0000000, 0x00000007b5580000, 0x00000007b5580000)
  object space 349696K, 28% used [0x00000007a0000000,0x00000007a61655e0,0x00000007b5580000)
 Metaspace       used 5452K, capacity 5616K, committed 5760K, reserved 1056768K
  class space    used 580K, capacity 630K, committed 640K, reserved 1048576K
}
{Heap before GC invocations=533 (full 50):
 PSYoungGen      total 154112K, used 142601K [0x00000007b5580000, 0x00000007c0000000, 0x00000007c0000000)
  eden space 134656K, 98% used [0x00000007b5580000,0x00000007bd700528,0x00000007bd900000)
  from space 19456K, 51% used [0x00000007bed00000,0x00000007bf6c1f60,0x00000007c0000000)
  to   space 19968K, 0% used [0x00000007bd900000,0x00000007bd900000,0x00000007bec80000)
 ParOldGen       total 349696K, used 99733K [0x00000007a0000000, 0x00000007b5580000, 0x00000007b5580000)
  object space 349696K, 28% used [0x00000007a0000000,0x00000007a61655e0,0x00000007b5580000)
 Metaspace       used 5452K, capacity 5616K, committed 5760K, reserved 1056768K
  class space    used 580K, capacity 630K, committed 640K, reserved 1048576K
2018-07-25T18:08:39.429-0800: 41.709: [GC (Allocation Failure) [PSYoungGen: 142601K->194K(154624K)] 242334K->99944K(504320K), 0.0012401 secs] [Times: user=0.01 sys=0.00, real=0.01 secs] 
Heap after GC invocations=533 (full 50):
 PSYoungGen      total 154624K, used 194K [0x00000007b5580000, 0x00000007c0000000, 0x00000007c0000000)
  eden space 134656K, 0% used [0x00000007b5580000,0x00000007b5580000,0x00000007bd900000)
  from space 19968K, 0% used [0x00000007bd900000,0x00000007bd930a20,0x00000007bec80000)
  to   space 19456K, 0% used [0x00000007bed00000,0x00000007bed00000,0x00000007c0000000)
 ParOldGen       total 349696K, used 99749K [0x00000007a0000000, 0x00000007b5580000, 0x00000007b5580000)
  object space 349696K, 28% used [0x00000007a0000000,0x00000007a61695e0,0x00000007b5580000)
 Metaspace       used 5452K, capacity 5616K, committed 5760K, reserved 1056768K
  class space    used 580K, capacity 630K, committed 640K, reserved 1048576K
}
{Heap before GC invocations=534 (full 50):
 PSYoungGen      total 154624K, used 129635K [0x00000007b5580000, 0x00000007c0000000, 0x00000007c0000000)
  eden space 134656K, 96% used [0x00000007b5580000,0x00000007bd3e85b8,0x00000007bd900000)
  from space 19968K, 0% used [0x00000007bd900000,0x00000007bd930a20,0x00000007bec80000)
  to   space 19456K, 0% used [0x00000007bed00000,0x00000007bed00000,0x00000007c0000000)
 ParOldGen       total 349696K, used 99749K [0x00000007a0000000, 0x00000007b5580000, 0x00000007b5580000)
  object space 349696K, 28% used [0x00000007a0000000,0x00000007a61695e0,0x00000007b5580000)
 Metaspace       used 5452K, capacity 5616K, committed 5760K, reserved 1056768K
  class space    used 580K, capacity 630K, committed 640K, reserved 1048576K
2018-07-25T18:08:39.459-0800: 41.739: [GC (Allocation Failure) [PSYoungGen: 129635K->9797K(155136K)] 229385K->161721K(504832K), 0.0069760 secs] [Times: user=0.05 sys=0.00, real=0.01 secs] 
Heap after GC invocations=534 (full 50):
 PSYoungGen      total 155136K, used 9797K [0x00000007b5580000, 0x00000007c0000000, 0x00000007c0000000)
  eden space 135680K, 0% used [0x00000007b5580000,0x00000007b5580000,0x00000007bda00000)
  from space 19456K, 50% used [0x00000007bed00000,0x00000007bf691698,0x00000007c0000000)
  to   space 19456K, 0% used [0x00000007bda00000,0x00000007bda00000,0x00000007bed00000)
 ParOldGen       total 349696K, used 151923K [0x00000007a0000000, 0x00000007b5580000, 0x00000007b5580000)
  object space 349696K, 43% used [0x00000007a0000000,0x00000007a945cd98,0x00000007b5580000)
 Metaspace       used 5452K, capacity 5616K, committed 5760K, reserved 1056768K
  class space    used 580K, capacity 630K, committed 640K, reserved 1048576K
}
{Heap before GC invocations=535 (full 50):
 PSYoungGen      total 155136K, used 139314K [0x00000007b5580000, 0x00000007c0000000, 0x00000007c0000000)
  eden space 135680K, 95% used [0x00000007b5580000,0x00000007bd3fb358,0x00000007bda00000)
  from space 19456K, 50% used [0x00000007bed00000,0x00000007bf691698,0x00000007c0000000)
  to   space 19456K, 0% used [0x00000007bda00000,0x00000007bda00000,0x00000007bed00000)
 ParOldGen       total 349696K, used 151923K [0x00000007a0000000, 0x00000007b5580000, 0x00000007b5580000)
  object space 349696K, 43% used [0x00000007a0000000,0x00000007a945cd98,0x00000007b5580000)
 Metaspace       used 5452K, capacity 5616K, committed 5760K, reserved 1056768K
  class space    used 580K, capacity 630K, committed 640K, reserved 1048576K
2018-07-25T18:08:39.571-0800: 41.851: [GC (Allocation Failure) [PSYoungGen: 139314K->9928K(145920K)] 291237K->187893K(495616K), 0.0042839 secs] [Times: user=0.03 sys=0.00, real=0.00 secs] 
Heap after GC invocations=535 (full 50):
 PSYoungGen      total 145920K, used 9928K [0x00000007b5580000, 0x00000007c0000000, 0x00000007c0000000)
  eden space 135680K, 0% used [0x00000007b5580000,0x00000007b5580000,0x00000007bda00000)
  from space 10240K, 96% used [0x00000007bda00000,0x00000007be3b2210,0x00000007be400000)
  to   space 19968K, 0% used [0x00000007bec80000,0x00000007bec80000,0x00000007c0000000)
 ParOldGen       total 349696K, used 177965K [0x00000007a0000000, 0x00000007b5580000, 0x00000007b5580000)
  object space 349696K, 50% used [0x00000007a0000000,0x00000007aadcb460,0x00000007b5580000)
 Metaspace       used 5452K, capacity 5616K, committed 5760K, reserved 1056768K
  class space    used 580K, capacity 630K, committed 640K, reserved 1048576K
}
{Heap before GC invocations=536 (full 50):
 PSYoungGen      total 145920K, used 116406K [0x00000007b5580000, 0x00000007c0000000, 0x00000007c0000000)
  eden space 135680K, 78% used [0x00000007b5580000,0x00000007bbd7b638,0x00000007bda00000)
  from space 10240K, 96% used [0x00000007bda00000,0x00000007be3b2210,0x00000007be400000)
  to   space 19968K, 0% used [0x00000007bec80000,0x00000007bec80000,0x00000007c0000000)
 ParOldGen       total 349696K, used 177965K [0x00000007a0000000, 0x00000007b5580000, 0x00000007b5580000)
  object space 349696K, 50% used [0x00000007a0000000,0x00000007aadcb460,0x00000007b5580000)
 Metaspace       used 5452K, capacity 5616K, committed 5760K, reserved 1056768K
  class space    used 580K, capacity 630K, committed 640K, reserved 1048576K
2018-07-25T18:08:39.587-0800: 41.868: [GC (Allocation Failure) [PSYoungGen: 116406K->0K(155136K)] 294371K->213855K(504832K), 0.0051288 secs] [Times: user=0.04 sys=0.00, real=0.01 secs] 
Heap after GC invocations=536 (full 50):
 PSYoungGen      total 155136K, used 0K [0x00000007b5580000, 0x00000007c0000000, 0x00000007c0000000)
  eden space 135168K, 0% used [0x00000007b5580000,0x00000007b5580000,0x00000007bd980000)
  from space 19968K, 0% used [0x00000007bec80000,0x00000007bec80000,0x00000007c0000000)
  to   space 19456K, 0% used [0x00000007bd980000,0x00000007bd980000,0x00000007bec80000)
 ParOldGen       total 349696K, used 213855K [0x00000007a0000000, 0x00000007b5580000, 0x00000007b5580000)
  object space 349696K, 61% used [0x00000007a0000000,0x00000007ad0d7d78,0x00000007b5580000)
 Metaspace       used 5452K, capacity 5616K, committed 5760K, reserved 1056768K
  class space    used 580K, capacity 630K, committed 640K, reserved 1048576K
}
{Heap before GC invocations=537 (full 50):
 PSYoungGen      total 155136K, used 129262K [0x00000007b5580000, 0x00000007c0000000, 0x00000007c0000000)
  eden space 135168K, 95% used [0x00000007b5580000,0x00000007bd3bb9a8,0x00000007bd980000)
  from space 19968K, 0% used [0x00000007bec80000,0x00000007bec80000,0x00000007c0000000)
  to   space 19456K, 0% used [0x00000007bd980000,0x00000007bd980000,0x00000007bec80000)
 ParOldGen       total 349696K, used 213855K [0x00000007a0000000, 0x00000007b5580000, 0x00000007b5580000)
  object space 349696K, 61% used [0x00000007a0000000,0x00000007ad0d7d78,0x00000007b5580000)
 Metaspace       used 5452K, capacity 5616K, committed 5760K, reserved 1056768K
  class space    used 580K, capacity 630K, committed 640K, reserved 1048576K
2018-07-25T18:08:39.699-0800: 41.980: [GC (Allocation Failure) [PSYoungGen: 129262K->9928K(154624K)] 343117K->275867K(504320K), 0.0058937 secs] [Times: user=0.04 sys=0.00, real=0.01 secs] 
Heap after GC invocations=537 (full 50):
 PSYoungGen      total 154624K, used 9928K [0x00000007b5580000, 0x00000007c0000000, 0x00000007c0000000)
  eden space 135168K, 0% used [0x00000007b5580000,0x00000007b5580000,0x00000007bd980000)
  from space 19456K, 51% used [0x00000007bd980000,0x00000007be332368,0x00000007bec80000)
  to   space 19456K, 0% used [0x00000007bed00000,0x00000007bed00000,0x00000007c0000000)
 ParOldGen       total 349696K, used 265938K [0x00000007a0000000, 0x00000007b5580000, 0x00000007b5580000)
  object space 349696K, 76% used [0x00000007a0000000,0x00000007b03b4b28,0x00000007b5580000)
 Metaspace       used 5452K, capacity 5616K, committed 5760K, reserved 1056768K
  class space    used 580K, capacity 630K, committed 640K, reserved 1048576K
}
{Heap before GC invocations=538 (full 50):
 PSYoungGen      total 154624K, used 142584K [0x00000007b5580000, 0x00000007c0000000, 0x00000007c0000000)
  eden space 135168K, 98% used [0x00000007b5580000,0x00000007bd70bec0,0x00000007bd980000)
  from space 19456K, 51% used [0x00000007bd980000,0x00000007be332368,0x00000007bec80000)
  to   space 19456K, 0% used [0x00000007bed00000,0x00000007bed00000,0x00000007c0000000)
 ParOldGen       total 349696K, used 265938K [0x00000007a0000000, 0x00000007b5580000, 0x00000007b5580000)
  object space 349696K, 76% used [0x00000007a0000000,0x00000007b03b4b28,0x00000007b5580000)
 Metaspace       used 5452K, capacity 5616K, committed 5760K, reserved 1056768K
  class space    used 580K, capacity 630K, committed 640K, reserved 1048576K
2018-07-25T18:08:39.799-0800: 42.080: [GC (Allocation Failure) [PSYoungGen: 142584K->131K(155136K)] 408523K->266070K(504832K), 0.0016963 secs] [Times: user=0.01 sys=0.00, real=0.01 secs] 
Heap after GC invocations=538 (full 50):
 PSYoungGen      total 155136K, used 131K [0x00000007b5580000, 0x00000007c0000000, 0x00000007c0000000)
  eden space 135680K, 0% used [0x00000007b5580000,0x00000007b5580000,0x00000007bda00000)
  from space 19456K, 0% used [0x00000007bed00000,0x00000007bed20e28,0x00000007c0000000)
  to   space 19456K, 0% used [0x00000007bda00000,0x00000007bda00000,0x00000007bed00000)
 ParOldGen       total 349696K, used 265938K [0x00000007a0000000, 0x00000007b5580000, 0x00000007b5580000)
  object space 349696K, 76% used [0x00000007a0000000,0x00000007b03b4b28,0x00000007b5580000)
 Metaspace       used 5452K, capacity 5616K, committed 5760K, reserved 1056768K
  class space    used 580K, capacity 630K, committed 640K, reserved 1048576K
}
{Heap before GC invocations=539 (full 50):
 PSYoungGen      total 155136K, used 129615K [0x00000007b5580000, 0x00000007c0000000, 0x00000007c0000000)
  eden space 135680K, 95% used [0x00000007b5580000,0x00000007bd3f3178,0x00000007bda00000)
  from space 19456K, 0% used [0x00000007bed00000,0x00000007bed20e28,0x00000007c0000000)
  to   space 19456K, 0% used [0x00000007bda00000,0x00000007bda00000,0x00000007bed00000)
 ParOldGen       total 349696K, used 265938K [0x00000007a0000000, 0x00000007b5580000, 0x00000007b5580000)
  object space 349696K, 76% used [0x00000007a0000000,0x00000007b03b4b28,0x00000007b5580000)
 Metaspace       used 5452K, capacity 5616K, committed 5760K, reserved 1056768K
  class space    used 580K, capacity 630K, committed 640K, reserved 1048576K
2018-07-25T18:08:39.830-0800: 42.110: [GC (Allocation Failure) [PSYoungGen: 129615K->9797K(155136K)] 395554K->327903K(504832K), 0.0081464 secs] [Times: user=0.06 sys=0.00, real=0.00 secs] 
Heap after GC invocations=539 (full 50):
 PSYoungGen      total 155136K, used 9797K [0x00000007b5580000, 0x00000007c0000000, 0x00000007c0000000)
  eden space 135680K, 0% used [0x00000007b5580000,0x00000007b5580000,0x00000007bda00000)
  from space 19456K, 50% used [0x00000007bda00000,0x00000007be391698,0x00000007bed00000)
  to   space 19456K, 0% used [0x00000007bed00000,0x00000007bed00000,0x00000007c0000000)
 ParOldGen       total 349696K, used 318105K [0x00000007a0000000, 0x00000007b5580000, 0x00000007b5580000)
  object space 349696K, 90% used [0x00000007a0000000,0x00000007b36a66e8,0x00000007b5580000)
 Metaspace       used 5452K, capacity 5616K, committed 5760K, reserved 1056768K
  class space    used 580K, capacity 630K, committed 640K, reserved 1048576K
}
{Heap before GC invocations=540 (full 51):
 PSYoungGen      total 155136K, used 9797K [0x00000007b5580000, 0x00000007c0000000, 0x00000007c0000000)
  eden space 135680K, 0% used [0x00000007b5580000,0x00000007b5580000,0x00000007bda00000)
  from space 19456K, 50% used [0x00000007bda00000,0x00000007be391698,0x00000007bed00000)
  to   space 19456K, 0% used [0x00000007bed00000,0x00000007bed00000,0x00000007c0000000)
 ParOldGen       total 349696K, used 318105K [0x00000007a0000000, 0x00000007b5580000, 0x00000007b5580000)
  object space 349696K, 90% used [0x00000007a0000000,0x00000007b36a66e8,0x00000007b5580000)
 Metaspace       used 5452K, capacity 5616K, committed 5760K, reserved 1056768K
  class space    used 580K, capacity 630K, committed 640K, reserved 1048576K
2018-07-25T18:08:39.838-0800: 42.118: [Full GC (Ergonomics) [PSYoungGen: 9797K->0K(155136K)] [ParOldGen: 318105K->73693K(349696K)] 327903K->73693K(504832K), [Metaspace: 5452K->5452K(1056768K)], 0.0110656 secs] [Times: user=0.07 sys=0.00, real=0.01 secs] 
Heap after GC invocations=540 (full 51):
 PSYoungGen      total 155136K, used 0K [0x00000007b5580000, 0x00000007c0000000, 0x00000007c0000000)
  eden space 135680K, 0% used [0x00000007b5580000,0x00000007b5580000,0x00000007bda00000)
  from space 19456K, 0% used [0x00000007bda00000,0x00000007bda00000,0x00000007bed00000)
  to   space 19456K, 0% used [0x00000007bed00000,0x00000007bed00000,0x00000007c0000000)
 ParOldGen       total 349696K, used 73693K [0x00000007a0000000, 0x00000007b5580000, 0x00000007b5580000)
  object space 349696K, 21% used [0x00000007a0000000,0x00000007a47f7608,0x00000007b5580000)
 Metaspace       used 5452K, capacity 5616K, committed 5760K, reserved 1056768K
  class space    used 580K, capacity 630K, committed 640K, reserved 1048576K
}
{Heap before GC invocations=541 (full 51):
 PSYoungGen      total 155136K, used 129532K [0x00000007b5580000, 0x00000007c0000000, 0x00000007c0000000)
  eden space 135680K, 95% used [0x00000007b5580000,0x00000007bd3ff0a8,0x00000007bda00000)
  from space 19456K, 0% used [0x00000007bda00000,0x00000007bda00000,0x00000007bed00000)
  to   space 19456K, 0% used [0x00000007bed00000,0x00000007bed00000,0x00000007c0000000)
 ParOldGen       total 349696K, used 73693K [0x00000007a0000000, 0x00000007b5580000, 0x00000007b5580000)
  object space 349696K, 21% used [0x00000007a0000000,0x00000007a47f7608,0x00000007b5580000)
 Metaspace       used 5452K, capacity 5616K, committed 5760K, reserved 1056768K
  class space    used 580K, capacity 630K, committed 640K, reserved 1048576K
2018-07-25T18:08:39.959-0800: 42.240: [GC (Allocation Failure) [PSYoungGen: 129532K->9929K(154112K)] 203225K->135706K(503808K), 0.0063153 secs] [Times: user=0.04 sys=0.00, real=0.01 secs] 
Heap after GC invocations=541 (full 51):
 PSYoungGen      total 154112K, used 9929K [0x00000007b5580000, 0x00000007c0000000, 0x00000007c0000000)
  eden space 134656K, 0% used [0x00000007b5580000,0x00000007b5580000,0x00000007bd900000)
  from space 19456K, 51% used [0x00000007bed00000,0x00000007bf6b2618,0x00000007c0000000)
  to   space 19968K, 0% used [0x00000007bd900000,0x00000007bd900000,0x00000007bec80000)
 ParOldGen       total 349696K, used 125776K [0x00000007a0000000, 0x00000007b5580000, 0x00000007b5580000)
  object space 349696K, 35% used [0x00000007a0000000,0x00000007a7ad43d8,0x00000007b5580000)
 Metaspace       used 5452K, capacity 5616K, committed 5760K, reserved 1056768K
  class space    used 580K, capacity 630K, committed 640K, reserved 1048576K
}
{Heap before GC invocations=542 (full 51):
 PSYoungGen      total 154112K, used 116399K [0x00000007b5580000, 0x00000007c0000000, 0x00000007c0000000)
  eden space 134656K, 79% used [0x00000007b5580000,0x00000007bbd797b8,0x00000007bd900000)
  from space 19456K, 51% used [0x00000007bed00000,0x00000007bf6b2618,0x00000007c0000000)
  to   space 19968K, 0% used [0x00000007bd900000,0x00000007bd900000,0x00000007bec80000)
 ParOldGen       total 349696K, used 125776K [0x00000007a0000000, 0x00000007b5580000, 0x00000007b5580000)
  object space 349696K, 35% used [0x00000007a0000000,0x00000007a7ad43d8,0x00000007b5580000)
 Metaspace       used 5452K, capacity 5616K, committed 5760K, reserved 1056768K
  class space    used 580K, capacity 630K, committed 640K, reserved 1048576K
2018-07-25T18:08:39.978-0800: 42.258: [GC (Allocation Failure) [PSYoungGen: 116399K->0K(154624K)] 242176K->161676K(504320K), 0.0053112 secs] [Times: user=0.04 sys=0.00, real=0.01 secs] 
Heap after GC invocations=542 (full 51):
 PSYoungGen      total 154624K, used 0K [0x00000007b5580000, 0x00000007c0000000, 0x00000007c0000000)
  eden space 134656K, 0% used [0x00000007b5580000,0x00000007b5580000,0x00000007bd900000)
  from space 19968K, 0% used [0x00000007bd900000,0x00000007bd900000,0x00000007bec80000)
  to   space 19456K, 0% used [0x00000007bed00000,0x00000007bed00000,0x00000007c0000000)
 ParOldGen       total 349696K, used 161676K [0x00000007a0000000, 0x00000007b5580000, 0x00000007b5580000)
  object space 349696K, 46% used [0x00000007a0000000,0x00000007a9de30f8,0x00000007b5580000)
 Metaspace       used 5452K, capacity 5616K, committed 5760K, reserved 1056768K
  class space    used 580K, capacity 630K, committed 640K, reserved 1048576K
}
{Heap before GC invocations=543 (full 51):
 PSYoungGen      total 154624K, used 129260K [0x00000007b5580000, 0x00000007c0000000, 0x00000007c0000000)
  eden space 134656K, 95% used [0x00000007b5580000,0x00000007bd3bb090,0x00000007bd900000)
  from space 19968K, 0% used [0x00000007bd900000,0x00000007bd900000,0x00000007bec80000)
  to   space 19456K, 0% used [0x00000007bed00000,0x00000007bed00000,0x00000007c0000000)
 ParOldGen       total 349696K, used 161676K [0x00000007a0000000, 0x00000007b5580000, 0x00000007b5580000)
  object space 349696K, 46% used [0x00000007a0000000,0x00000007a9de30f8,0x00000007b5580000)
 Metaspace       used 5452K, capacity 5616K, committed 5760K, reserved 1056768K
  class space    used 580K, capacity 630K, committed 640K, reserved 1048576K
2018-07-25T18:08:40.097-0800: 42.377: [GC (Allocation Failure) [PSYoungGen: 129260K->9929K(155136K)] 290936K->223689K(504832K), 0.0058221 secs] [Times: user=0.05 sys=0.00, real=0.01 secs] 
Heap after GC invocations=543 (full 51):
 PSYoungGen      total 155136K, used 9929K [0x00000007b5580000, 0x00000007c0000000, 0x00000007c0000000)
  eden space 135680K, 0% used [0x00000007b5580000,0x00000007b5580000,0x00000007bda00000)
  from space 19456K, 51% used [0x00000007bed00000,0x00000007bf6b2770,0x00000007c0000000)
  to   space 19456K, 0% used [0x00000007bda00000,0x00000007bda00000,0x00000007bed00000)
 ParOldGen       total 349696K, used 213759K [0x00000007a0000000, 0x00000007b5580000, 0x00000007b5580000)
  object space 349696K, 61% used [0x00000007a0000000,0x00000007ad0bfea8,0x00000007b5580000)
 Metaspace       used 5452K, capacity 5616K, committed 5760K, reserved 1056768K
  class space    used 580K, capacity 630K, committed 640K, reserved 1048576K
}
{Heap before GC invocations=544 (full 51):
 PSYoungGen      total 155136K, used 142599K [0x00000007b5580000, 0x00000007c0000000, 0x00000007c0000000)
  eden space 135680K, 97% used [0x00000007b5580000,0x00000007bd70f4c8,0x00000007bda00000)
  from space 19456K, 51% used [0x00000007bed00000,0x00000007bf6b2770,0x00000007c0000000)
  to   space 19456K, 0% used [0x00000007bda00000,0x00000007bda00000,0x00000007bed00000)
 ParOldGen       total 349696K, used 213759K [0x00000007a0000000, 0x00000007b5580000, 0x00000007b5580000)
  object space 349696K, 61% used [0x00000007a0000000,0x00000007ad0bfea8,0x00000007b5580000)
 Metaspace       used 5452K, capacity 5616K, committed 5760K, reserved 1056768K
  class space    used 580K, capacity 630K, committed 640K, reserved 1048576K
2018-07-25T18:08:40.196-0800: 42.476: [GC (Allocation Failure) [PSYoungGen: 142599K->132K(155136K)] 356358K->213892K(504832K), 0.0019253 secs] [Times: user=0.01 sys=0.00, real=0.00 secs] 
Heap after GC invocations=544 (full 51):
 PSYoungGen      total 155136K, used 132K [0x00000007b5580000, 0x00000007c0000000, 0x00000007c0000000)
  eden space 135680K, 0% used [0x00000007b5580000,0x00000007b5580000,0x00000007bda00000)
  from space 19456K, 0% used [0x00000007bda00000,0x00000007bda21230,0x00000007bed00000)
  to   space 19456K, 0% used [0x00000007bed00000,0x00000007bed00000,0x00000007c0000000)
 ParOldGen       total 349696K, used 213759K [0x00000007a0000000, 0x00000007b5580000, 0x00000007b5580000)
  object space 349696K, 61% used [0x00000007a0000000,0x00000007ad0bfea8,0x00000007b5580000)
 Metaspace       used 5452K, capacity 5616K, committed 5760K, reserved 1056768K
  class space    used 580K, capacity 630K, committed 640K, reserved 1048576K
}
{Heap before GC invocations=545 (full 51):
 PSYoungGen      total 155136K, used 129619K [0x00000007b5580000, 0x00000007c0000000, 0x00000007c0000000)
  eden space 135680K, 95% used [0x00000007b5580000,0x00000007bd3f3c38,0x00000007bda00000)
  from space 19456K, 0% used [0x00000007bda00000,0x00000007bda21230,0x00000007bed00000)
  to   space 19456K, 0% used [0x00000007bed00000,0x00000007bed00000,0x00000007c0000000)
 ParOldGen       total 349696K, used 213759K [0x00000007a0000000, 0x00000007b5580000, 0x00000007b5580000)
  object space 349696K, 61% used [0x00000007a0000000,0x00000007ad0bfea8,0x00000007b5580000)
 Metaspace       used 5452K, capacity 5616K, committed 5760K, reserved 1056768K
  class space    used 580K, capacity 630K, committed 640K, reserved 1048576K
2018-07-25T18:08:40.226-0800: 42.507: [GC (Allocation Failure) [PSYoungGen: 129619K->9797K(155136K)] 343379K->275725K(504832K), 0.0091260 secs] [Times: user=0.07 sys=0.00, real=0.01 secs] 
Heap after GC invocations=545 (full 51):
 PSYoungGen      total 155136K, used 9797K [0x00000007b5580000, 0x00000007c0000000, 0x00000007c0000000)
  eden space 135680K, 0% used [0x00000007b5580000,0x00000007b5580000,0x00000007bda00000)
  from space 19456K, 50% used [0x00000007bed00000,0x00000007bf691698,0x00000007c0000000)
  to   space 19456K, 0% used [0x00000007bda00000,0x00000007bda00000,0x00000007bed00000)
 ParOldGen       total 349696K, used 265927K [0x00000007a0000000, 0x00000007b5580000, 0x00000007b5580000)
  object space 349696K, 76% used [0x00000007a0000000,0x00000007b03b1e70,0x00000007b5580000)
 Metaspace       used 5452K, capacity 5616K, committed 5760K, reserved 1056768K
  class space    used 580K, capacity 630K, committed 640K, reserved 1048576K
}
{Heap before GC invocations=546 (full 51):
 PSYoungGen      total 155136K, used 139331K [0x00000007b5580000, 0x00000007c0000000, 0x00000007c0000000)
  eden space 135680K, 95% used [0x00000007b5580000,0x00000007bd3ff7b0,0x00000007bda00000)
  from space 19456K, 50% used [0x00000007bed00000,0x00000007bf691698,0x00000007c0000000)
  to   space 19456K, 0% used [0x00000007bda00000,0x00000007bda00000,0x00000007bed00000)
 ParOldGen       total 349696K, used 265927K [0x00000007a0000000, 0x00000007b5580000, 0x00000007b5580000)
  object space 349696K, 76% used [0x00000007a0000000,0x00000007b03b1e70,0x00000007b5580000)
 Metaspace       used 5452K, capacity 5616K, committed 5760K, reserved 1056768K
  class space    used 580K, capacity 630K, committed 640K, reserved 1048576K
2018-07-25T18:08:40.343-0800: 42.623: [GC (Allocation Failure) [PSYoungGen: 139331K->9898K(145920K)] 405259K->301867K(495616K), 0.0048614 secs] [Times: user=0.04 sys=0.00, real=0.00 secs] 
Heap after GC invocations=546 (full 51):
 PSYoungGen      total 145920K, used 9898K [0x00000007b5580000, 0x00000007c0000000, 0x00000007c0000000)
  eden space 135680K, 0% used [0x00000007b5580000,0x00000007b5580000,0x00000007bda00000)
  from space 10240K, 96% used [0x00000007bda00000,0x00000007be3aaa20,0x00000007be400000)
  to   space 19968K, 0% used [0x00000007bec80000,0x00000007bec80000,0x00000007c0000000)
 ParOldGen       total 349696K, used 291969K [0x00000007a0000000, 0x00000007b5580000, 0x00000007b5580000)
  object space 349696K, 83% used [0x00000007a0000000,0x00000007b1d20538,0x00000007b5580000)
 Metaspace       used 5452K, capacity 5616K, committed 5760K, reserved 1056768K
  class space    used 580K, capacity 630K, committed 640K, reserved 1048576K
}
{Heap before GC invocations=547 (full 52):
 PSYoungGen      total 145920K, used 9898K [0x00000007b5580000, 0x00000007c0000000, 0x00000007c0000000)
  eden space 135680K, 0% used [0x00000007b5580000,0x00000007b5580000,0x00000007bda00000)
  from space 10240K, 96% used [0x00000007bda00000,0x00000007be3aaa20,0x00000007be400000)
  to   space 19968K, 0% used [0x00000007bec80000,0x00000007bec80000,0x00000007c0000000)
 ParOldGen       total 349696K, used 291969K [0x00000007a0000000, 0x00000007b5580000, 0x00000007b5580000)
  object space 349696K, 83% used [0x00000007a0000000,0x00000007b1d20538,0x00000007b5580000)
 Metaspace       used 5452K, capacity 5616K, committed 5760K, reserved 1056768K
  class space    used 580K, capacity 630K, committed 640K, reserved 1048576K
2018-07-25T18:08:40.348-0800: 42.628: [Full GC (Ergonomics) [PSYoungGen: 9898K->0K(145920K)] [ParOldGen: 291969K->47653K(349696K)] 301867K->47653K(495616K), [Metaspace: 5452K->5452K(1056768K)], 0.0075746 secs] [Times: user=0.04 sys=0.00, real=0.01 secs] 
Heap after GC invocations=547 (full 52):
 PSYoungGen      total 145920K, used 0K [0x00000007b5580000, 0x00000007c0000000, 0x00000007c0000000)
  eden space 135680K, 0% used [0x00000007b5580000,0x00000007b5580000,0x00000007bda00000)
  from space 10240K, 0% used [0x00000007bda00000,0x00000007bda00000,0x00000007be400000)
  to   space 19968K, 0% used [0x00000007bec80000,0x00000007bec80000,0x00000007c0000000)
 ParOldGen       total 349696K, used 47653K [0x00000007a0000000, 0x00000007b5580000, 0x00000007b5580000)
  object space 349696K, 13% used [0x00000007a0000000,0x00000007a2e894e0,0x00000007b5580000)
 Metaspace       used 5452K, capacity 5616K, committed 5760K, reserved 1056768K
  class space    used 580K, capacity 630K, committed 640K, reserved 1048576K
}
{Heap before GC invocations=548 (full 52):
 PSYoungGen      total 145920K, used 106488K [0x00000007b5580000, 0x00000007c0000000, 0x00000007c0000000)
  eden space 135680K, 78% used [0x00000007b5580000,0x00000007bbd7e250,0x00000007bda00000)
  from space 10240K, 0% used [0x00000007bda00000,0x00000007bda00000,0x00000007be400000)
  to   space 19968K, 0% used [0x00000007bec80000,0x00000007bec80000,0x00000007c0000000)
 ParOldGen       total 349696K, used 47653K [0x00000007a0000000, 0x00000007b5580000, 0x00000007b5580000)
  object space 349696K, 13% used [0x00000007a0000000,0x00000007a2e894e0,0x00000007b5580000)
 Metaspace       used 5452K, capacity 5616K, committed 5760K, reserved 1056768K
  class space    used 580K, capacity 630K, committed 640K, reserved 1048576K
2018-07-25T18:08:40.372-0800: 42.653: [GC (Allocation Failure) [PSYoungGen: 106488K->0K(155136K)] 154141K->125778K(504832K), 0.0094018 secs] [Times: user=0.05 sys=0.00, real=0.01 secs] 
Heap after GC invocations=548 (full 52):
 PSYoungGen      total 155136K, used 0K [0x00000007b5580000, 0x00000007c0000000, 0x00000007c0000000)
  eden space 135168K, 0% used [0x00000007b5580000,0x00000007b5580000,0x00000007bd980000)
  from space 19968K, 0% used [0x00000007bec80000,0x00000007bec80000,0x00000007c0000000)
  to   space 19456K, 0% used [0x00000007bd980000,0x00000007bd980000,0x00000007bec80000)
 ParOldGen       total 349696K, used 125778K [0x00000007a0000000, 0x00000007b5580000, 0x00000007b5580000)
  object space 349696K, 35% used [0x00000007a0000000,0x00000007a7ad4980,0x00000007b5580000)
 Metaspace       used 5452K, capacity 5616K, committed 5760K, reserved 1056768K
  class space    used 580K, capacity 630K, committed 640K, reserved 1048576K
}
{Heap before GC invocations=549 (full 52):
 PSYoungGen      total 155136K, used 128919K [0x00000007b5580000, 0x00000007c0000000, 0x00000007c0000000)
  eden space 135168K, 95% used [0x00000007b5580000,0x00000007bd365e80,0x00000007bd980000)
  from space 19968K, 0% used [0x00000007bec80000,0x00000007bec80000,0x00000007c0000000)
  to   space 19456K, 0% used [0x00000007bd980000,0x00000007bd980000,0x00000007bec80000)
 ParOldGen       total 349696K, used 125778K [0x00000007a0000000, 0x00000007b5580000, 0x00000007b5580000)
  object space 349696K, 35% used [0x00000007a0000000,0x00000007a7ad4980,0x00000007b5580000)
 Metaspace       used 5452K, capacity 5616K, committed 5760K, reserved 1056768K
  class space    used 580K, capacity 630K, committed 640K, reserved 1048576K
2018-07-25T18:08:40.495-0800: 42.775: [GC (Allocation Failure) [PSYoungGen: 128919K->9930K(154624K)] 254698K->187792K(504320K), 0.0061242 secs] [Times: user=0.04 sys=0.00, real=0.01 secs] 
Heap after GC invocations=549 (full 52):
 PSYoungGen      total 154624K, used 9930K [0x00000007b5580000, 0x00000007c0000000, 0x00000007c0000000)
  eden space 135168K, 0% used [0x00000007b5580000,0x00000007b5580000,0x00000007bd980000)
  from space 19456K, 51% used [0x00000007bd980000,0x00000007be332b78,0x00000007bec80000)
  to   space 19456K, 0% used [0x00000007bed00000,0x00000007bed00000,0x00000007c0000000)
 ParOldGen       total 349696K, used 177861K [0x00000007a0000000, 0x00000007b5580000, 0x00000007b5580000)
  object space 349696K, 50% used [0x00000007a0000000,0x00000007aadb1730,0x00000007b5580000)
 Metaspace       used 5452K, capacity 5616K, committed 5760K, reserved 1056768K
  class space    used 580K, capacity 630K, committed 640K, reserved 1048576K
}
{Heap before GC invocations=550 (full 52):
 PSYoungGen      total 154624K, used 142363K [0x00000007b5580000, 0x00000007c0000000, 0x00000007c0000000)
  eden space 135168K, 97% used [0x00000007b5580000,0x00000007bd6d4380,0x00000007bd980000)
  from space 19456K, 51% used [0x00000007bd980000,0x00000007be332b78,0x00000007bec80000)
  to   space 19456K, 0% used [0x00000007bed00000,0x00000007bed00000,0x00000007c0000000)
 ParOldGen       total 349696K, used 177861K [0x00000007a0000000, 0x00000007b5580000, 0x00000007b5580000)
  object space 349696K, 50% used [0x00000007a0000000,0x00000007aadb1730,0x00000007b5580000)
 Metaspace       used 5452K, capacity 5616K, committed 5760K, reserved 1056768K
  class space    used 580K, capacity 630K, committed 640K, reserved 1048576K
2018-07-25T18:08:40.595-0800: 42.875: [GC (Allocation Failure) [PSYoungGen: 142363K->133K(155136K)] 320225K->177995K(504832K), 0.0011024 secs] [Times: user=0.01 sys=0.00, real=0.00 secs] 
Heap after GC invocations=550 (full 52):
 PSYoungGen      total 155136K, used 133K [0x00000007b5580000, 0x00000007c0000000, 0x00000007c0000000)
  eden space 135680K, 0% used [0x00000007b5580000,0x00000007b5580000,0x00000007bda00000)
  from space 19456K, 0% used [0x00000007bed00000,0x00000007bed21638,0x00000007c0000000)
  to   space 19456K, 0% used [0x00000007bda00000,0x00000007bda00000,0x00000007bed00000)
 ParOldGen       total 349696K, used 177861K [0x00000007a0000000, 0x00000007b5580000, 0x00000007b5580000)
  object space 349696K, 50% used [0x00000007a0000000,0x00000007aadb1730,0x00000007b5580000)
 Metaspace       used 5452K, capacity 5616K, committed 5760K, reserved 1056768K
  class space    used 580K, capacity 630K, committed 640K, reserved 1048576K
}
{Heap before GC invocations=551 (full 52):
 PSYoungGen      total 155136K, used 129474K [0x00000007b5580000, 0x00000007c0000000, 0x00000007c0000000)
  eden space 135680K, 95% used [0x00000007b5580000,0x00000007bd3cf278,0x00000007bda00000)
  from space 19456K, 0% used [0x00000007bed00000,0x00000007bed21638,0x00000007c0000000)
  to   space 19456K, 0% used [0x00000007bda00000,0x00000007bda00000,0x00000007bed00000)
 ParOldGen       total 349696K, used 177861K [0x00000007a0000000, 0x00000007b5580000, 0x00000007b5580000)
  object space 349696K, 50% used [0x00000007a0000000,0x00000007aadb1730,0x00000007b5580000)
 Metaspace       used 5452K, capacity 5616K, committed 5760K, reserved 1056768K
  class space    used 580K, capacity 630K, committed 640K, reserved 1048576K
2018-07-25T18:08:40.626-0800: 42.907: [GC (Allocation Failure) [PSYoungGen: 129474K->9797K(155136K)] 307335K->239828K(504832K), 0.0077284 secs] [Times: user=0.06 sys=0.01, real=0.01 secs] 
Heap after GC invocations=551 (full 52):
 PSYoungGen      total 155136K, used 9797K [0x00000007b5580000, 0x00000007c0000000, 0x00000007c0000000)
  eden space 135680K, 0% used [0x00000007b5580000,0x00000007b5580000,0x00000007bda00000)
  from space 19456K, 50% used [0x00000007bda00000,0x00000007be391698,0x00000007bed00000)
  to   space 19456K, 0% used [0x00000007bed00000,0x00000007bed00000,0x00000007c0000000)
 ParOldGen       total 349696K, used 230030K [0x00000007a0000000, 0x00000007b5580000, 0x00000007b5580000)
  object space 349696K, 65% used [0x00000007a0000000,0x00000007ae0a3b00,0x00000007b5580000)
 Metaspace       used 5452K, capacity 5616K, committed 5760K, reserved 1056768K
  class space    used 580K, capacity 630K, committed 640K, reserved 1048576K
}
{Heap before GC invocations=552 (full 52):
 PSYoungGen      total 155136K, used 139237K [0x00000007b5580000, 0x00000007c0000000, 0x00000007c0000000)
  eden space 135680K, 95% used [0x00000007b5580000,0x00000007bd3e7f48,0x00000007bda00000)
  from space 19456K, 50% used [0x00000007bda00000,0x00000007be391698,0x00000007bed00000)
  to   space 19456K, 0% used [0x00000007bed00000,0x00000007bed00000,0x00000007c0000000)
 ParOldGen       total 349696K, used 230030K [0x00000007a0000000, 0x00000007b5580000, 0x00000007b5580000)
  object space 349696K, 65% used [0x00000007a0000000,0x00000007ae0a3b00,0x00000007b5580000)
 Metaspace       used 5452K, capacity 5616K, committed 5760K, reserved 1056768K
  class space    used 580K, capacity 630K, committed 640K, reserved 1048576K
2018-07-25T18:08:40.740-0800: 43.021: [GC (Allocation Failure) [PSYoungGen: 139237K->9931K(154112K)] 369268K->266003K(503808K), 0.0039441 secs] [Times: user=0.03 sys=0.00, real=0.00 secs] 
Heap after GC invocations=552 (full 52):
 PSYoungGen      total 154112K, used 9931K [0x00000007b5580000, 0x00000007c0000000, 0x00000007c0000000)
  eden space 134656K, 0% used [0x00000007b5580000,0x00000007b5580000,0x00000007bd900000)
  from space 19456K, 51% used [0x00000007bed00000,0x00000007bf6b2e28,0x00000007c0000000)
  to   space 19968K, 0% used [0x00000007bd900000,0x00000007bd900000,0x00000007bec80000)
 ParOldGen       total 349696K, used 256072K [0x00000007a0000000, 0x00000007b5580000, 0x00000007b5580000)
  object space 349696K, 73% used [0x00000007a0000000,0x00000007afa121c8,0x00000007b5580000)
 Metaspace       used 5452K, capacity 5616K, committed 5760K, reserved 1056768K
  class space    used 580K, capacity 630K, committed 640K, reserved 1048576K
}
{Heap before GC invocations=553 (full 52):
 PSYoungGen      total 154112K, used 116342K [0x00000007b5580000, 0x00000007c0000000, 0x00000007c0000000)
  eden space 134656K, 79% used [0x00000007b5580000,0x00000007bbd6ab48,0x00000007bd900000)
  from space 19456K, 51% used [0x00000007bed00000,0x00000007bf6b2e28,0x00000007c0000000)
  to   space 19968K, 0% used [0x00000007bd900000,0x00000007bd900000,0x00000007bec80000)
 ParOldGen       total 349696K, used 256072K [0x00000007a0000000, 0x00000007b5580000, 0x00000007b5580000)
  object space 349696K, 73% used [0x00000007a0000000,0x00000007afa121c8,0x00000007b5580000)
 Metaspace       used 5452K, capacity 5616K, committed 5760K, reserved 1056768K
  class space    used 580K, capacity 630K, committed 640K, reserved 1048576K
2018-07-25T18:08:40.756-0800: 43.037: [GC (Allocation Failure) [PSYoungGen: 116342K->0K(154624K)] 372414K->291965K(504320K), 0.0057573 secs] [Times: user=0.04 sys=0.00, real=0.01 secs] 
Heap after GC invocations=553 (full 52):
 PSYoungGen      total 154624K, used 0K [0x00000007b5580000, 0x00000007c0000000, 0x00000007c0000000)
  eden space 134656K, 0% used [0x00000007b5580000,0x00000007b5580000,0x00000007bd900000)
  from space 19968K, 0% used [0x00000007bd900000,0x00000007bd900000,0x00000007bec80000)
  to   space 19456K, 0% used [0x00000007bed00000,0x00000007bed00000,0x00000007c0000000)
 ParOldGen       total 349696K, used 291965K [0x00000007a0000000, 0x00000007b5580000, 0x00000007b5580000)
  object space 349696K, 83% used [0x00000007a0000000,0x00000007b1d1f6f8,0x00000007b5580000)
 Metaspace       used 5452K, capacity 5616K, committed 5760K, reserved 1056768K
  class space    used 580K, capacity 630K, committed 640K, reserved 1048576K
}
{Heap before GC invocations=554 (full 53):
 PSYoungGen      total 154624K, used 0K [0x00000007b5580000, 0x00000007c0000000, 0x00000007c0000000)
  eden space 134656K, 0% used [0x00000007b5580000,0x00000007b5580000,0x00000007bd900000)
  from space 19968K, 0% used [0x00000007bd900000,0x00000007bd900000,0x00000007bec80000)
  to   space 19456K, 0% used [0x00000007bed00000,0x00000007bed00000,0x00000007c0000000)
 ParOldGen       total 349696K, used 291965K [0x00000007a0000000, 0x00000007b5580000, 0x00000007b5580000)
  object space 349696K, 83% used [0x00000007a0000000,0x00000007b1d1f6f8,0x00000007b5580000)
 Metaspace       used 5452K, capacity 5616K, committed 5760K, reserved 1056768K
  class space    used 580K, capacity 630K, committed 640K, reserved 1048576K
2018-07-25T18:08:40.762-0800: 43.043: [Full GC (Ergonomics) [PSYoungGen: 0K->0K(154624K)] [ParOldGen: 291965K->47654K(349696K)] 291965K->47654K(504320K), [Metaspace: 5452K->5452K(1056768K)], 0.0079821 secs] [Times: user=0.04 sys=0.00, real=0.01 secs] 
Heap after GC invocations=554 (full 53):
 PSYoungGen      total 154624K, used 0K [0x00000007b5580000, 0x00000007c0000000, 0x00000007c0000000)
  eden space 134656K, 0% used [0x00000007b5580000,0x00000007b5580000,0x00000007bd900000)
  from space 19968K, 0% used [0x00000007bd900000,0x00000007bd900000,0x00000007bec80000)
  to   space 19456K, 0% used [0x00000007bed00000,0x00000007bed00000,0x00000007c0000000)
 ParOldGen       total 349696K, used 47654K [0x00000007a0000000, 0x00000007b5580000, 0x00000007b5580000)
  object space 349696K, 13% used [0x00000007a0000000,0x00000007a2e898c8,0x00000007b5580000)
 Metaspace       used 5452K, capacity 5616K, committed 5760K, reserved 1056768K
  class space    used 580K, capacity 630K, committed 640K, reserved 1048576K
}
{Heap before GC invocations=555 (full 53):
 PSYoungGen      total 154624K, used 129222K [0x00000007b5580000, 0x00000007c0000000, 0x00000007c0000000)
  eden space 134656K, 95% used [0x00000007b5580000,0x00000007bd3b18f8,0x00000007bd900000)
  from space 19968K, 0% used [0x00000007bd900000,0x00000007bd900000,0x00000007bec80000)
  to   space 19456K, 0% used [0x00000007bed00000,0x00000007bed00000,0x00000007c0000000)
 ParOldGen       total 349696K, used 47654K [0x00000007a0000000, 0x00000007b5580000, 0x00000007b5580000)
  object space 349696K, 13% used [0x00000007a0000000,0x00000007a2e898c8,0x00000007b5580000)
 Metaspace       used 5452K, capacity 5616K, committed 5760K, reserved 1056768K
  class space    used 580K, capacity 630K, committed 640K, reserved 1048576K
2018-07-25T18:08:40.882-0800: 43.163: [GC (Allocation Failure) [PSYoungGen: 129222K->9931K(155136K)] 176876K->109669K(504832K), 0.0060266 secs] [Times: user=0.04 sys=0.00, real=0.00 secs] 
Heap after GC invocations=555 (full 53):
 PSYoungGen      total 155136K, used 9931K [0x00000007b5580000, 0x00000007c0000000, 0x00000007c0000000)
  eden space 135680K, 0% used [0x00000007b5580000,0x00000007b5580000,0x00000007bda00000)
  from space 19456K, 51% used [0x00000007bed00000,0x00000007bf6b2f80,0x00000007c0000000)
  to   space 19456K, 0% used [0x00000007bda00000,0x00000007bda00000,0x00000007bed00000)
 ParOldGen       total 349696K, used 99737K [0x00000007a0000000, 0x00000007b5580000, 0x00000007b5580000)
  object space 349696K, 28% used [0x00000007a0000000,0x00000007a6166678,0x00000007b5580000)
 Metaspace       used 5452K, capacity 5616K, committed 5760K, reserved 1056768K
  class space    used 580K, capacity 630K, committed 640K, reserved 1048576K
}
{Heap before GC invocations=556 (full 53):
 PSYoungGen      total 155136K, used 142559K [0x00000007b5580000, 0x00000007c0000000, 0x00000007c0000000)
  eden space 135680K, 97% used [0x00000007b5580000,0x00000007bd704ed0,0x00000007bda00000)
  from space 19456K, 51% used [0x00000007bed00000,0x00000007bf6b2f80,0x00000007c0000000)
  to   space 19456K, 0% used [0x00000007bda00000,0x00000007bda00000,0x00000007bed00000)
 ParOldGen       total 349696K, used 99737K [0x00000007a0000000, 0x00000007b5580000, 0x00000007b5580000)
  object space 349696K, 28% used [0x00000007a0000000,0x00000007a6166678,0x00000007b5580000)
 Metaspace       used 5452K, capacity 5616K, committed 5760K, reserved 1056768K
  class space    used 580K, capacity 630K, committed 640K, reserved 1048576K
2018-07-25T18:08:40.979-0800: 43.260: [GC (Allocation Failure) [PSYoungGen: 142559K->166K(155136K)] 242297K->99904K(504832K), 0.0009427 secs] [Times: user=0.01 sys=0.00, real=0.01 secs] 
Heap after GC invocations=556 (full 53):
 PSYoungGen      total 155136K, used 166K [0x00000007b5580000, 0x00000007c0000000, 0x00000007c0000000)
  eden space 135680K, 0% used [0x00000007b5580000,0x00000007b5580000,0x00000007bda00000)
  from space 19456K, 0% used [0x00000007bda00000,0x00000007bda29a40,0x00000007bed00000)
  to   space 19456K, 0% used [0x00000007bed00000,0x00000007bed00000,0x00000007c0000000)
 ParOldGen       total 349696K, used 99737K [0x00000007a0000000, 0x00000007b5580000, 0x00000007b5580000)
  object space 349696K, 28% used [0x00000007a0000000,0x00000007a6166678,0x00000007b5580000)
 Metaspace       used 5452K, capacity 5616K, committed 5760K, reserved 1056768K
  class space    used 580K, capacity 630K, committed 640K, reserved 1048576K
}
{Heap before GC invocations=557 (full 53):
 PSYoungGen      total 155136K, used 129627K [0x00000007b5580000, 0x00000007c0000000, 0x00000007c0000000)
  eden space 135680K, 95% used [0x00000007b5580000,0x00000007bd3ed1c0,0x00000007bda00000)
  from space 19456K, 0% used [0x00000007bda00000,0x00000007bda29a40,0x00000007bed00000)
  to   space 19456K, 0% used [0x00000007bed00000,0x00000007bed00000,0x00000007c0000000)
 ParOldGen       total 349696K, used 99737K [0x00000007a0000000, 0x00000007b5580000, 0x00000007b5580000)
  object space 349696K, 28% used [0x00000007a0000000,0x00000007a6166678,0x00000007b5580000)
 Metaspace       used 5452K, capacity 5616K, committed 5760K, reserved 1056768K
  class space    used 580K, capacity 630K, committed 640K, reserved 1048576K
2018-07-25T18:08:41.011-0800: 43.291: [GC (Allocation Failure) [PSYoungGen: 129627K->9797K(155136K)] 229364K->161713K(504832K), 0.0076929 secs] [Times: user=0.05 sys=0.00, real=0.00 secs] 
Heap after GC invocations=557 (full 53):
 PSYoungGen      total 155136K, used 9797K [0x00000007b5580000, 0x00000007c0000000, 0x00000007c0000000)
  eden space 135680K, 0% used [0x00000007b5580000,0x00000007b5580000,0x00000007bda00000)
  from space 19456K, 50% used [0x00000007bed00000,0x00000007bf691698,0x00000007c0000000)
  to   space 19456K, 0% used [0x00000007bda00000,0x00000007bda00000,0x00000007bed00000)
 ParOldGen       total 349696K, used 151915K [0x00000007a0000000, 0x00000007b5580000, 0x00000007b5580000)
  object space 349696K, 43% used [0x00000007a0000000,0x00000007a945ae50,0x00000007b5580000)
 Metaspace       used 5452K, capacity 5616K, committed 5760K, reserved 1056768K
  class space    used 580K, capacity 630K, committed 640K, reserved 1048576K
}
{Heap before GC invocations=558 (full 53):
 PSYoungGen      total 155136K, used 139314K [0x00000007b5580000, 0x00000007c0000000, 0x00000007c0000000)
  eden space 135680K, 95% used [0x00000007b5580000,0x00000007bd3fb378,0x00000007bda00000)
  from space 19456K, 50% used [0x00000007bed00000,0x00000007bf691698,0x00000007c0000000)
  to   space 19456K, 0% used [0x00000007bda00000,0x00000007bda00000,0x00000007bed00000)
 ParOldGen       total 349696K, used 151915K [0x00000007a0000000, 0x00000007b5580000, 0x00000007b5580000)
  object space 349696K, 43% used [0x00000007a0000000,0x00000007a945ae50,0x00000007b5580000)
 Metaspace       used 5452K, capacity 5616K, committed 5760K, reserved 1056768K
  class space    used 580K, capacity 630K, committed 640K, reserved 1048576K
2018-07-25T18:08:41.123-0800: 43.403: [GC (Allocation Failure) [PSYoungGen: 139314K->9932K(145920K)] 291230K->187889K(495616K), 0.0042916 secs] [Times: user=0.03 sys=0.00, real=0.00 secs] 
Heap after GC invocations=558 (full 53):
 PSYoungGen      total 145920K, used 9932K [0x00000007b5580000, 0x00000007c0000000, 0x00000007c0000000)
  eden space 135680K, 0% used [0x00000007b5580000,0x00000007b5580000,0x00000007bda00000)
  from space 10240K, 96% used [0x00000007bda00000,0x00000007be3b3230,0x00000007be400000)
  to   space 19968K, 0% used [0x00000007bec80000,0x00000007bec80000,0x00000007c0000000)
 ParOldGen       total 349696K, used 177957K [0x00000007a0000000, 0x00000007b5580000, 0x00000007b5580000)
  object space 349696K, 50% used [0x00000007a0000000,0x00000007aadc9518,0x00000007b5580000)
 Metaspace       used 5452K, capacity 5616K, committed 5760K, reserved 1056768K
  class space    used 580K, capacity 630K, committed 640K, reserved 1048576K
}
{Heap before GC invocations=559 (full 53):
 PSYoungGen      total 145920K, used 116410K [0x00000007b5580000, 0x00000007c0000000, 0x00000007c0000000)
  eden space 135680K, 78% used [0x00000007b5580000,0x00000007bbd7b650,0x00000007bda00000)
  from space 10240K, 96% used [0x00000007bda00000,0x00000007be3b3230,0x00000007be400000)
  to   space 19968K, 0% used [0x00000007bec80000,0x00000007bec80000,0x00000007c0000000)
 ParOldGen       total 349696K, used 177957K [0x00000007a0000000, 0x00000007b5580000, 0x00000007b5580000)
  object space 349696K, 50% used [0x00000007a0000000,0x00000007aadc9518,0x00000007b5580000)
 Metaspace       used 5452K, capacity 5616K, committed 5760K, reserved 1056768K
  class space    used 580K, capacity 630K, committed 640K, reserved 1048576K
2018-07-25T18:08:41.139-0800: 43.420: [GC (Allocation Failure) [PSYoungGen: 116410K->0K(155136K)] 294367K->213851K(504832K), 0.0048655 secs] [Times: user=0.04 sys=0.00, real=0.01 secs] 
Heap after GC invocations=559 (full 53):
 PSYoungGen      total 155136K, used 0K [0x00000007b5580000, 0x00000007c0000000, 0x00000007c0000000)
  eden space 135168K, 0% used [0x00000007b5580000,0x00000007b5580000,0x00000007bd980000)
  from space 19968K, 0% used [0x00000007bec80000,0x00000007bec80000,0x00000007c0000000)
  to   space 19456K, 0% used [0x00000007bd980000,0x00000007bd980000,0x00000007bec80000)
 ParOldGen       total 349696K, used 213851K [0x00000007a0000000, 0x00000007b5580000, 0x00000007b5580000)
  object space 349696K, 61% used [0x00000007a0000000,0x00000007ad0d6e50,0x00000007b5580000)
 Metaspace       used 5452K, capacity 5616K, committed 5760K, reserved 1056768K
  class space    used 580K, capacity 630K, committed 640K, reserved 1048576K
}
{Heap before GC invocations=560 (full 53):
 PSYoungGen      total 155136K, used 129262K [0x00000007b5580000, 0x00000007c0000000, 0x00000007c0000000)
  eden space 135168K, 95% used [0x00000007b5580000,0x00000007bd3bba48,0x00000007bd980000)
  from space 19968K, 0% used [0x00000007bec80000,0x00000007bec80000,0x00000007c0000000)
  to   space 19456K, 0% used [0x00000007bd980000,0x00000007bd980000,0x00000007bec80000)
 ParOldGen       total 349696K, used 213851K [0x00000007a0000000, 0x00000007b5580000, 0x00000007b5580000)
  object space 349696K, 61% used [0x00000007a0000000,0x00000007ad0d6e50,0x00000007b5580000)
 Metaspace       used 5452K, capacity 5616K, committed 5760K, reserved 1056768K
  class space    used 580K, capacity 630K, committed 640K, reserved 1048576K
2018-07-25T18:08:41.250-0800: 43.530: [GC (Allocation Failure) [PSYoungGen: 129262K->9900K(154624K)] 343114K->275835K(504320K), 0.0062052 secs] [Times: user=0.05 sys=0.00, real=0.00 secs] 
Heap after GC invocations=560 (full 53):
 PSYoungGen      total 154624K, used 9900K [0x00000007b5580000, 0x00000007c0000000, 0x00000007c0000000)
  eden space 135168K, 0% used [0x00000007b5580000,0x00000007b5580000,0x00000007bd980000)
  from space 19456K, 50% used [0x00000007bd980000,0x00000007be32b388,0x00000007bec80000)
  to   space 19456K, 0% used [0x00000007bed00000,0x00000007bed00000,0x00000007c0000000)
 ParOldGen       total 349696K, used 265935K [0x00000007a0000000, 0x00000007b5580000, 0x00000007b5580000)
  object space 349696K, 76% used [0x00000007a0000000,0x00000007b03b3c00,0x00000007b5580000)
 Metaspace       used 5452K, capacity 5616K, committed 5760K, reserved 1056768K
  class space    used 580K, capacity 630K, committed 640K, reserved 1048576K
}
{Heap before GC invocations=561 (full 53):
 PSYoungGen      total 154624K, used 142556K [0x00000007b5580000, 0x00000007c0000000, 0x00000007c0000000)
  eden space 135168K, 98% used [0x00000007b5580000,0x00000007bd70bf28,0x00000007bd980000)
  from space 19456K, 50% used [0x00000007bd980000,0x00000007be32b388,0x00000007bec80000)
  to   space 19456K, 0% used [0x00000007bed00000,0x00000007bed00000,0x00000007c0000000)
 ParOldGen       total 349696K, used 265935K [0x00000007a0000000, 0x00000007b5580000, 0x00000007b5580000)
  object space 349696K, 76% used [0x00000007a0000000,0x00000007b03b3c00,0x00000007b5580000)
 Metaspace       used 5452K, capacity 5616K, committed 5760K, reserved 1056768K
  class space    used 580K, capacity 630K, committed 640K, reserved 1048576K
2018-07-25T18:08:41.350-0800: 43.631: [GC (Allocation Failure) [PSYoungGen: 142556K->135K(155136K)] 408491K->266070K(504832K), 0.0017922 secs] [Times: user=0.01 sys=0.00, real=0.00 secs] 
Heap after GC invocations=561 (full 53):
 PSYoungGen      total 155136K, used 135K [0x00000007b5580000, 0x00000007c0000000, 0x00000007c0000000)
  eden space 135680K, 0% used [0x00000007b5580000,0x00000007b5580000,0x00000007bda00000)
  from space 19456K, 0% used [0x00000007bed00000,0x00000007bed21e48,0x00000007c0000000)
  to   space 19456K, 0% used [0x00000007bda00000,0x00000007bda00000,0x00000007bed00000)
 ParOldGen       total 349696K, used 265935K [0x00000007a0000000, 0x00000007b5580000, 0x00000007b5580000)
  object space 349696K, 76% used [0x00000007a0000000,0x00000007b03b3c00,0x00000007b5580000)
 Metaspace       used 5452K, capacity 5616K, committed 5760K, reserved 1056768K
  class space    used 580K, capacity 630K, committed 640K, reserved 1048576K
}
{Heap before GC invocations=562 (full 53):
 PSYoungGen      total 155136K, used 129620K [0x00000007b5580000, 0x00000007c0000000, 0x00000007c0000000)
  eden space 135680K, 95% used [0x00000007b5580000,0x00000007bd3f3230,0x00000007bda00000)
  from space 19456K, 0% used [0x00000007bed00000,0x00000007bed21e48,0x00000007c0000000)
  to   space 19456K, 0% used [0x00000007bda00000,0x00000007bda00000,0x00000007bed00000)
 ParOldGen       total 349696K, used 265935K [0x00000007a0000000, 0x00000007b5580000, 0x00000007b5580000)
  object space 349696K, 76% used [0x00000007a0000000,0x00000007b03b3c00,0x00000007b5580000)
 Metaspace       used 5452K, capacity 5616K, committed 5760K, reserved 1056768K
  class space    used 580K, capacity 630K, committed 640K, reserved 1048576K
2018-07-25T18:08:41.381-0800: 43.662: [GC (Allocation Failure) [PSYoungGen: 129620K->9797K(155136K)] 395555K->327903K(504832K), 0.0079077 secs] [Times: user=0.06 sys=0.00, real=0.00 secs] 
Heap after GC invocations=562 (full 53):
 PSYoungGen      total 155136K, used 9797K [0x00000007b5580000, 0x00000007c0000000, 0x00000007c0000000)
  eden space 135680K, 0% used [0x00000007b5580000,0x00000007b5580000,0x00000007bda00000)
  from space 19456K, 50% used [0x00000007bda00000,0x00000007be391698,0x00000007bed00000)
  to   space 19456K, 0% used [0x00000007bed00000,0x00000007bed00000,0x00000007c0000000)
 ParOldGen       total 349696K, used 318105K [0x00000007a0000000, 0x00000007b5580000, 0x00000007b5580000)
  object space 349696K, 90% used [0x00000007a0000000,0x00000007b36a67e0,0x00000007b5580000)
 Metaspace       used 5452K, capacity 5616K, committed 5760K, reserved 1056768K
  class space    used 580K, capacity 630K, committed 640K, reserved 1048576K
}
{Heap before GC invocations=563 (full 54):
 PSYoungGen      total 155136K, used 9797K [0x00000007b5580000, 0x00000007c0000000, 0x00000007c0000000)
  eden space 135680K, 0% used [0x00000007b5580000,0x00000007b5580000,0x00000007bda00000)
  from space 19456K, 50% used [0x00000007bda00000,0x00000007be391698,0x00000007bed00000)
  to   space 19456K, 0% used [0x00000007bed00000,0x00000007bed00000,0x00000007c0000000)
 ParOldGen       total 349696K, used 318105K [0x00000007a0000000, 0x00000007b5580000, 0x00000007b5580000)
  object space 349696K, 90% used [0x00000007a0000000,0x00000007b36a67e0,0x00000007b5580000)
 Metaspace       used 5452K, capacity 5616K, committed 5760K, reserved 1056768K
  class space    used 580K, capacity 630K, committed 640K, reserved 1048576K
2018-07-25T18:08:41.389-0800: 43.670: [Full GC (Ergonomics) [PSYoungGen: 9797K->0K(155136K)] [ParOldGen: 318105K->73697K(349696K)] 327903K->73697K(504832K), [Metaspace: 5452K->5452K(1056768K)], 0.0104872 secs] [Times: user=0.05 sys=0.00, real=0.02 secs] 
Heap after GC invocations=563 (full 54):
 PSYoungGen      total 155136K, used 0K [0x00000007b5580000, 0x00000007c0000000, 0x00000007c0000000)
  eden space 135680K, 0% used [0x00000007b5580000,0x00000007b5580000,0x00000007bda00000)
  from space 19456K, 0% used [0x00000007bda00000,0x00000007bda00000,0x00000007bed00000)
  to   space 19456K, 0% used [0x00000007bed00000,0x00000007bed00000,0x00000007c0000000)
 ParOldGen       total 349696K, used 73697K [0x00000007a0000000, 0x00000007b5580000, 0x00000007b5580000)
  object space 349696K, 21% used [0x00000007a0000000,0x00000007a47f8628,0x00000007b5580000)
 Metaspace       used 5452K, capacity 5616K, committed 5760K, reserved 1056768K
  class space    used 580K, capacity 630K, committed 640K, reserved 1048576K
}
{Heap before GC invocations=564 (full 54):
 PSYoungGen      total 155136K, used 129532K [0x00000007b5580000, 0x00000007c0000000, 0x00000007c0000000)
  eden space 135680K, 95% used [0x00000007b5580000,0x00000007bd3ff198,0x00000007bda00000)
  from space 19456K, 0% used [0x00000007bda00000,0x00000007bda00000,0x00000007bed00000)
  to   space 19456K, 0% used [0x00000007bed00000,0x00000007bed00000,0x00000007c0000000)
 ParOldGen       total 349696K, used 73697K [0x00000007a0000000, 0x00000007b5580000, 0x00000007b5580000)
  object space 349696K, 21% used [0x00000007a0000000,0x00000007a47f8628,0x00000007b5580000)
 Metaspace       used 5452K, capacity 5616K, committed 5760K, reserved 1056768K
  class space    used 580K, capacity 630K, committed 640K, reserved 1048576K
2018-07-25T18:08:41.512-0800: 43.792: [GC (Allocation Failure) [PSYoungGen: 129532K->9933K(154112K)] 203229K->135714K(503808K), 0.0069041 secs] [Times: user=0.05 sys=0.00, real=0.00 secs] 
Heap after GC invocations=564 (full 54):
 PSYoungGen      total 154112K, used 9933K [0x00000007b5580000, 0x00000007c0000000, 0x00000007c0000000)
  eden space 134656K, 0% used [0x00000007b5580000,0x00000007b5580000,0x00000007bd900000)
  from space 19456K, 51% used [0x00000007bed00000,0x00000007bf6b3638,0x00000007c0000000)
  to   space 19968K, 0% used [0x00000007bd900000,0x00000007bd900000,0x00000007bec80000)
 ParOldGen       total 349696K, used 125780K [0x00000007a0000000, 0x00000007b5580000, 0x00000007b5580000)
  object space 349696K, 35% used [0x00000007a0000000,0x00000007a7ad53f8,0x00000007b5580000)
 Metaspace       used 5452K, capacity 5616K, committed 5760K, reserved 1056768K
  class space    used 580K, capacity 630K, committed 640K, reserved 1048576K
}
{Heap before GC invocations=565 (full 54):
 PSYoungGen      total 154112K, used 116403K [0x00000007b5580000, 0x00000007c0000000, 0x00000007c0000000)
  eden space 134656K, 79% used [0x00000007b5580000,0x00000007bbd79850,0x00000007bd900000)
  from space 19456K, 51% used [0x00000007bed00000,0x00000007bf6b3638,0x00000007c0000000)
  to   space 19968K, 0% used [0x00000007bd900000,0x00000007bd900000,0x00000007bec80000)
 ParOldGen       total 349696K, used 125780K [0x00000007a0000000, 0x00000007b5580000, 0x00000007b5580000)
  object space 349696K, 35% used [0x00000007a0000000,0x00000007a7ad53f8,0x00000007b5580000)
 Metaspace       used 5452K, capacity 5616K, committed 5760K, reserved 1056768K
  class space    used 580K, capacity 630K, committed 640K, reserved 1048576K
2018-07-25T18:08:41.535-0800: 43.816: [GC (Allocation Failure) [PSYoungGen: 116403K->0K(154624K)] 242184K->161684K(504320K), 0.0048198 secs] [Times: user=0.04 sys=0.00, real=0.01 secs] 
Heap after GC invocations=565 (full 54):
 PSYoungGen      total 154624K, used 0K [0x00000007b5580000, 0x00000007c0000000, 0x00000007c0000000)
  eden space 134656K, 0% used [0x00000007b5580000,0x00000007b5580000,0x00000007bd900000)
  from space 19968K, 0% used [0x00000007bd900000,0x00000007bd900000,0x00000007bec80000)
  to   space 19456K, 0% used [0x00000007bed00000,0x00000007bed00000,0x00000007c0000000)
 ParOldGen       total 349696K, used 161684K [0x00000007a0000000, 0x00000007b5580000, 0x00000007b5580000)
  object space 349696K, 46% used [0x00000007a0000000,0x00000007a9de5138,0x00000007b5580000)
 Metaspace       used 5452K, capacity 5616K, committed 5760K, reserved 1056768K
  class space    used 580K, capacity 630K, committed 640K, reserved 1048576K
}
{Heap before GC invocations=566 (full 54):
 PSYoungGen      total 154624K, used 129260K [0x00000007b5580000, 0x00000007c0000000, 0x00000007c0000000)
  eden space 134656K, 95% used [0x00000007b5580000,0x00000007bd3bb188,0x00000007bd900000)
  from space 19968K, 0% used [0x00000007bd900000,0x00000007bd900000,0x00000007bec80000)
  to   space 19456K, 0% used [0x00000007bed00000,0x00000007bed00000,0x00000007c0000000)
 ParOldGen       total 349696K, used 161684K [0x00000007a0000000, 0x00000007b5580000, 0x00000007b5580000)
  object space 349696K, 46% used [0x00000007a0000000,0x00000007a9de5138,0x00000007b5580000)
 Metaspace       used 5452K, capacity 5616K, committed 5760K, reserved 1056768K
  class space    used 580K, capacity 630K, committed 640K, reserved 1048576K
2018-07-25T18:08:41.647-0800: 43.928: [GC (Allocation Failure) [PSYoungGen: 129260K->9933K(155136K)] 290944K->223701K(504832K), 0.0056471 secs] [Times: user=0.05 sys=0.00, real=0.01 secs] 
Heap after GC invocations=566 (full 54):
 PSYoungGen      total 155136K, used 9933K [0x00000007b5580000, 0x00000007c0000000, 0x00000007c0000000)
  eden space 135680K, 0% used [0x00000007b5580000,0x00000007b5580000,0x00000007bda00000)
  from space 19456K, 51% used [0x00000007bed00000,0x00000007bf6b3790,0x00000007c0000000)
  to   space 19456K, 0% used [0x00000007bda00000,0x00000007bda00000,0x00000007bed00000)
 ParOldGen       total 349696K, used 213767K [0x00000007a0000000, 0x00000007b5580000, 0x00000007b5580000)
  object space 349696K, 61% used [0x00000007a0000000,0x00000007ad0c1ee8,0x00000007b5580000)
 Metaspace       used 5452K, capacity 5616K, committed 5760K, reserved 1056768K
  class space    used 580K, capacity 630K, committed 640K, reserved 1048576K
}
{Heap before GC invocations=567 (full 54):
 PSYoungGen      total 155136K, used 142603K [0x00000007b5580000, 0x00000007c0000000, 0x00000007c0000000)
  eden space 135680K, 97% used [0x00000007b5580000,0x00000007bd70f568,0x00000007bda00000)
  from space 19456K, 51% used [0x00000007bed00000,0x00000007bf6b3790,0x00000007c0000000)
  to   space 19456K, 0% used [0x00000007bda00000,0x00000007bda00000,0x00000007bed00000)
 ParOldGen       total 349696K, used 213767K [0x00000007a0000000, 0x00000007b5580000, 0x00000007b5580000)
  object space 349696K, 61% used [0x00000007a0000000,0x00000007ad0c1ee8,0x00000007b5580000)
 Metaspace       used 5452K, capacity 5616K, committed 5760K, reserved 1056768K
  class space    used 580K, capacity 630K, committed 640K, reserved 1048576K
2018-07-25T18:08:41.743-0800: 44.023: [GC (Allocation Failure) [PSYoungGen: 142603K->136K(155136K)] 356370K->213904K(504832K), 0.0018578 secs] [Times: user=0.01 sys=0.00, real=0.00 secs] 
Heap after GC invocations=567 (full 54):
 PSYoungGen      total 155136K, used 136K [0x00000007b5580000, 0x00000007c0000000, 0x00000007c0000000)
  eden space 135680K, 0% used [0x00000007b5580000,0x00000007b5580000,0x00000007bda00000)
  from space 19456K, 0% used [0x00000007bda00000,0x00000007bda22250,0x00000007bed00000)
  to   space 19456K, 0% used [0x00000007bed00000,0x00000007bed00000,0x00000007c0000000)
 ParOldGen       total 349696K, used 213767K [0x00000007a0000000, 0x00000007b5580000, 0x00000007b5580000)
  object space 349696K, 61% used [0x00000007a0000000,0x00000007ad0c1ee8,0x00000007b5580000)
 Metaspace       used 5452K, capacity 5616K, committed 5760K, reserved 1056768K
  class space    used 580K, capacity 630K, committed 640K, reserved 1048576K
}
{Heap before GC invocations=568 (full 54):
 PSYoungGen      total 155136K, used 129623K [0x00000007b5580000, 0x00000007c0000000, 0x00000007c0000000)
  eden space 135680K, 95% used [0x00000007b5580000,0x00000007bd3f3d18,0x00000007bda00000)
  from space 19456K, 0% used [0x00000007bda00000,0x00000007bda22250,0x00000007bed00000)
  to   space 19456K, 0% used [0x00000007bed00000,0x00000007bed00000,0x00000007c0000000)
 ParOldGen       total 349696K, used 213767K [0x00000007a0000000, 0x00000007b5580000, 0x00000007b5580000)
  object space 349696K, 61% used [0x00000007a0000000,0x00000007ad0c1ee8,0x00000007b5580000)
 Metaspace       used 5452K, capacity 5616K, committed 5760K, reserved 1056768K
  class space    used 580K, capacity 630K, committed 640K, reserved 1048576K
2018-07-25T18:08:41.773-0800: 44.054: [GC (Allocation Failure) [PSYoungGen: 129623K->9797K(155136K)] 343391K->275737K(504832K), 0.0076409 secs] [Times: user=0.06 sys=0.00, real=0.01 secs] 
Heap after GC invocations=568 (full 54):
 PSYoungGen      total 155136K, used 9797K [0x00000007b5580000, 0x00000007c0000000, 0x00000007c0000000)
  eden space 135680K, 0% used [0x00000007b5580000,0x00000007b5580000,0x00000007bda00000)
  from space 19456K, 50% used [0x00000007bed00000,0x00000007bf691698,0x00000007c0000000)
  to   space 19456K, 0% used [0x00000007bda00000,0x00000007bda00000,0x00000007bed00000)
 ParOldGen       total 349696K, used 265939K [0x00000007a0000000, 0x00000007b5580000, 0x00000007b5580000)
  object space 349696K, 76% used [0x00000007a0000000,0x00000007b03b4ed0,0x00000007b5580000)
 Metaspace       used 5452K, capacity 5616K, committed 5760K, reserved 1056768K
  class space    used 580K, capacity 630K, committed 640K, reserved 1048576K
}
{Heap before GC invocations=569 (full 54):
 PSYoungGen      total 155136K, used 139331K [0x00000007b5580000, 0x00000007c0000000, 0x00000007c0000000)
  eden space 135680K, 95% used [0x00000007b5580000,0x00000007bd3ff8b8,0x00000007bda00000)
  from space 19456K, 50% used [0x00000007bed00000,0x00000007bf691698,0x00000007c0000000)
  to   space 19456K, 0% used [0x00000007bda00000,0x00000007bda00000,0x00000007bed00000)
 ParOldGen       total 349696K, used 265939K [0x00000007a0000000, 0x00000007b5580000, 0x00000007b5580000)
  object space 349696K, 76% used [0x00000007a0000000,0x00000007b03b4ed0,0x00000007b5580000)
 Metaspace       used 5452K, capacity 5616K, committed 5760K, reserved 1056768K
  class space    used 580K, capacity 630K, committed 640K, reserved 1048576K
2018-07-25T18:08:41.889-0800: 44.170: [GC (Allocation Failure) [PSYoungGen: 139331K->9934K(145920K)] 405271K->301915K(495616K), 0.0044826 secs] [Times: user=0.03 sys=0.00, real=0.01 secs] 
Heap after GC invocations=569 (full 54):
 PSYoungGen      total 145920K, used 9934K [0x00000007b5580000, 0x00000007c0000000, 0x00000007c0000000)
  eden space 135680K, 0% used [0x00000007b5580000,0x00000007b5580000,0x00000007bda00000)
  from space 10240K, 97% used [0x00000007bda00000,0x00000007be3b3a40,0x00000007be400000)
  to   space 19968K, 0% used [0x00000007bec80000,0x00000007bec80000,0x00000007c0000000)
 ParOldGen       total 349696K, used 291981K [0x00000007a0000000, 0x00000007b5580000, 0x00000007b5580000)
  object space 349696K, 83% used [0x00000007a0000000,0x00000007b1d23598,0x00000007b5580000)
 Metaspace       used 5452K, capacity 5616K, committed 5760K, reserved 1056768K
  class space    used 580K, capacity 630K, committed 640K, reserved 1048576K
}
{Heap before GC invocations=570 (full 55):
 PSYoungGen      total 145920K, used 9934K [0x00000007b5580000, 0x00000007c0000000, 0x00000007c0000000)
  eden space 135680K, 0% used [0x00000007b5580000,0x00000007b5580000,0x00000007bda00000)
  from space 10240K, 97% used [0x00000007bda00000,0x00000007be3b3a40,0x00000007be400000)
  to   space 19968K, 0% used [0x00000007bec80000,0x00000007bec80000,0x00000007c0000000)
 ParOldGen       total 349696K, used 291981K [0x00000007a0000000, 0x00000007b5580000, 0x00000007b5580000)
  object space 349696K, 83% used [0x00000007a0000000,0x00000007b1d23598,0x00000007b5580000)
 Metaspace       used 5452K, capacity 5616K, committed 5760K, reserved 1056768K
  class space    used 580K, capacity 630K, committed 640K, reserved 1048576K
2018-07-25T18:08:41.894-0800: 44.175: [Full GC (Ergonomics) [PSYoungGen: 9934K->0K(145920K)] [ParOldGen: 291981K->47657K(349696K)] 301915K->47657K(495616K), [Metaspace: 5452K->5452K(1056768K)], 0.0081489 secs] [Times: user=0.04 sys=0.00, real=0.01 secs] 
Heap after GC invocations=570 (full 55):
 PSYoungGen      total 145920K, used 0K [0x00000007b5580000, 0x00000007c0000000, 0x00000007c0000000)
  eden space 135680K, 0% used [0x00000007b5580000,0x00000007b5580000,0x00000007bda00000)
  from space 10240K, 0% used [0x00000007bda00000,0x00000007bda00000,0x00000007be400000)
  to   space 19968K, 0% used [0x00000007bec80000,0x00000007bec80000,0x00000007c0000000)
 ParOldGen       total 349696K, used 47657K [0x00000007a0000000, 0x00000007b5580000, 0x00000007b5580000)
  object space 349696K, 13% used [0x00000007a0000000,0x00000007a2e8a500,0x00000007b5580000)
 Metaspace       used 5452K, capacity 5616K, committed 5760K, reserved 1056768K
  class space    used 580K, capacity 630K, committed 640K, reserved 1048576K
}
{Heap before GC invocations=571 (full 55):
 PSYoungGen      total 145920K, used 106488K [0x00000007b5580000, 0x00000007c0000000, 0x00000007c0000000)
  eden space 135680K, 78% used [0x00000007b5580000,0x00000007bbd7e2f8,0x00000007bda00000)
  from space 10240K, 0% used [0x00000007bda00000,0x00000007bda00000,0x00000007be400000)
  to   space 19968K, 0% used [0x00000007bec80000,0x00000007bec80000,0x00000007c0000000)
 ParOldGen       total 349696K, used 47657K [0x00000007a0000000, 0x00000007b5580000, 0x00000007b5580000)
  object space 349696K, 13% used [0x00000007a0000000,0x00000007a2e8a500,0x00000007b5580000)
 Metaspace       used 5452K, capacity 5616K, committed 5760K, reserved 1056768K
  class space    used 580K, capacity 630K, committed 640K, reserved 1048576K
2018-07-25T18:08:41.915-0800: 44.195: [GC (Allocation Failure) [PSYoungGen: 106488K->0K(155136K)] 154145K->125782K(504832K), 0.0089700 secs] [Times: user=0.07 sys=0.00, real=0.01 secs] 
Heap after GC invocations=571 (full 55):
 PSYoungGen      total 155136K, used 0K [0x00000007b5580000, 0x00000007c0000000, 0x00000007c0000000)
  eden space 135168K, 0% used [0x00000007b5580000,0x00000007b5580000,0x00000007bd980000)
  from space 19968K, 0% used [0x00000007bec80000,0x00000007bec80000,0x00000007c0000000)
  to   space 19456K, 0% used [0x00000007bd980000,0x00000007bd980000,0x00000007bec80000)
 ParOldGen       total 349696K, used 125782K [0x00000007a0000000, 0x00000007b5580000, 0x00000007b5580000)
  object space 349696K, 35% used [0x00000007a0000000,0x00000007a7ad59a0,0x00000007b5580000)
 Metaspace       used 5452K, capacity 5616K, committed 5760K, reserved 1056768K
  class space    used 580K, capacity 630K, committed 640K, reserved 1048576K
}
{Heap before GC invocations=572 (full 55):
 PSYoungGen      total 155136K, used 128919K [0x00000007b5580000, 0x00000007c0000000, 0x00000007c0000000)
  eden space 135168K, 95% used [0x00000007b5580000,0x00000007bd365ef0,0x00000007bd980000)
  from space 19968K, 0% used [0x00000007bec80000,0x00000007bec80000,0x00000007c0000000)
  to   space 19456K, 0% used [0x00000007bd980000,0x00000007bd980000,0x00000007bec80000)
 ParOldGen       total 349696K, used 125782K [0x00000007a0000000, 0x00000007b5580000, 0x00000007b5580000)
  object space 349696K, 35% used [0x00000007a0000000,0x00000007a7ad59a0,0x00000007b5580000)
 Metaspace       used 5452K, capacity 5616K, committed 5760K, reserved 1056768K
  class space    used 580K, capacity 630K, committed 640K, reserved 1048576K
2018-07-25T18:08:42.036-0800: 44.316: [GC (Allocation Failure) [PSYoungGen: 128919K->9934K(154624K)] 254702K->187800K(504320K), 0.0055465 secs] [Times: user=0.04 sys=0.00, real=0.01 secs] 
Heap after GC invocations=572 (full 55):
 PSYoungGen      total 154624K, used 9934K [0x00000007b5580000, 0x00000007c0000000, 0x00000007c0000000)
  eden space 135168K, 0% used [0x00000007b5580000,0x00000007b5580000,0x00000007bd980000)
  from space 19456K, 51% used [0x00000007bd980000,0x00000007be333b98,0x00000007bec80000)
  to   space 19456K, 0% used [0x00000007bed00000,0x00000007bed00000,0x00000007c0000000)
 ParOldGen       total 349696K, used 177865K [0x00000007a0000000, 0x00000007b5580000, 0x00000007b5580000)
  object space 349696K, 50% used [0x00000007a0000000,0x00000007aadb2750,0x00000007b5580000)
 Metaspace       used 5452K, capacity 5616K, committed 5760K, reserved 1056768K
  class space    used 580K, capacity 630K, committed 640K, reserved 1048576K
}
{Heap before GC invocations=573 (full 55):
 PSYoungGen      total 154624K, used 142367K [0x00000007b5580000, 0x00000007c0000000, 0x00000007c0000000)
  eden space 135168K, 97% used [0x00000007b5580000,0x00000007bd6d43c8,0x00000007bd980000)
  from space 19456K, 51% used [0x00000007bd980000,0x00000007be333b98,0x00000007bec80000)
  to   space 19456K, 0% used [0x00000007bed00000,0x00000007bed00000,0x00000007c0000000)
 ParOldGen       total 349696K, used 177865K [0x00000007a0000000, 0x00000007b5580000, 0x00000007b5580000)
  object space 349696K, 50% used [0x00000007a0000000,0x00000007aadb2750,0x00000007b5580000)
 Metaspace       used 5452K, capacity 5616K, committed 5760K, reserved 1056768K
  class space    used 580K, capacity 630K, committed 640K, reserved 1048576K
2018-07-25T18:08:42.135-0800: 44.415: [GC (Allocation Failure) [PSYoungGen: 142367K->137K(155136K)] 320233K->178003K(504832K), 0.0011053 secs] [Times: user=0.00 sys=0.00, real=0.00 secs] 
Heap after GC invocations=573 (full 55):
 PSYoungGen      total 155136K, used 137K [0x00000007b5580000, 0x00000007c0000000, 0x00000007c0000000)
  eden space 135680K, 0% used [0x00000007b5580000,0x00000007b5580000,0x00000007bda00000)
  from space 19456K, 0% used [0x00000007bed00000,0x00000007bed22658,0x00000007c0000000)
  to   space 19456K, 0% used [0x00000007bda00000,0x00000007bda00000,0x00000007bed00000)
 ParOldGen       total 349696K, used 177865K [0x00000007a0000000, 0x00000007b5580000, 0x00000007b5580000)
  object space 349696K, 50% used [0x00000007a0000000,0x00000007aadb2750,0x00000007b5580000)
 Metaspace       used 5452K, capacity 5616K, committed 5760K, reserved 1056768K
  class space    used 580K, capacity 630K, committed 640K, reserved 1048576K
}
{Heap before GC invocations=574 (full 55):
 PSYoungGen      total 155136K, used 129478K [0x00000007b5580000, 0x00000007c0000000, 0x00000007c0000000)
  eden space 135680K, 95% used [0x00000007b5580000,0x00000007bd3cf320,0x00000007bda00000)
  from space 19456K, 0% used [0x00000007bed00000,0x00000007bed22658,0x00000007c0000000)
  to   space 19456K, 0% used [0x00000007bda00000,0x00000007bda00000,0x00000007bed00000)
 ParOldGen       total 349696K, used 177865K [0x00000007a0000000, 0x00000007b5580000, 0x00000007b5580000)
  object space 349696K, 50% used [0x00000007a0000000,0x00000007aadb2750,0x00000007b5580000)
 Metaspace       used 5452K, capacity 5616K, committed 5760K, reserved 1056768K
  class space    used 580K, capacity 630K, committed 640K, reserved 1048576K
2018-07-25T18:08:42.165-0800: 44.446: [GC (Allocation Failure) [PSYoungGen: 129478K->9797K(155136K)] 307344K->239836K(504832K), 0.0090822 secs] [Times: user=0.07 sys=0.00, real=0.01 secs] 
Heap after GC invocations=574 (full 55):
 PSYoungGen      total 155136K, used 9797K [0x00000007b5580000, 0x00000007c0000000, 0x00000007c0000000)
  eden space 135680K, 0% used [0x00000007b5580000,0x00000007b5580000,0x00000007bda00000)
  from space 19456K, 50% used [0x00000007bda00000,0x00000007be391698,0x00000007bed00000)
  to   space 19456K, 0% used [0x00000007bed00000,0x00000007bed00000,0x00000007c0000000)
 ParOldGen       total 349696K, used 230038K [0x00000007a0000000, 0x00000007b5580000, 0x00000007b5580000)
  object space 349696K, 65% used [0x00000007a0000000,0x00000007ae0a5b40,0x00000007b5580000)
 Metaspace       used 5452K, capacity 5616K, committed 5760K, reserved 1056768K
  class space    used 580K, capacity 630K, committed 640K, reserved 1048576K
}
{Heap before GC invocations=575 (full 55):
 PSYoungGen      total 155136K, used 139237K [0x00000007b5580000, 0x00000007c0000000, 0x00000007c0000000)
  eden space 135680K, 95% used [0x00000007b5580000,0x00000007bd3e8030,0x00000007bda00000)
  from space 19456K, 50% used [0x00000007bda00000,0x00000007be391698,0x00000007bed00000)
  to   space 19456K, 0% used [0x00000007bed00000,0x00000007bed00000,0x00000007c0000000)
 ParOldGen       total 349696K, used 230038K [0x00000007a0000000, 0x00000007b5580000, 0x00000007b5580000)
  object space 349696K, 65% used [0x00000007a0000000,0x00000007ae0a5b40,0x00000007b5580000)
 Metaspace       used 5452K, capacity 5616K, committed 5760K, reserved 1056768K
  class space    used 580K, capacity 630K, committed 640K, reserved 1048576K
2018-07-25T18:08:42.283-0800: 44.563: [GC (Allocation Failure) [PSYoungGen: 139237K->9935K(154112K)] 369276K->266016K(503808K), 0.0039766 secs] [Times: user=0.02 sys=0.00, real=0.00 secs] 
Heap after GC invocations=575 (full 55):
 PSYoungGen      total 154112K, used 9935K [0x00000007b5580000, 0x00000007c0000000, 0x00000007c0000000)
  eden space 134656K, 0% used [0x00000007b5580000,0x00000007b5580000,0x00000007bd900000)
  from space 19456K, 51% used [0x00000007bed00000,0x00000007bf6b3e48,0x00000007c0000000)
  to   space 19968K, 0% used [0x00000007bd900000,0x00000007bd900000,0x00000007bec80000)
 ParOldGen       total 349696K, used 256080K [0x00000007a0000000, 0x00000007b5580000, 0x00000007b5580000)
  object space 349696K, 73% used [0x00000007a0000000,0x00000007afa14208,0x00000007b5580000)
 Metaspace       used 5452K, capacity 5616K, committed 5760K, reserved 1056768K
  class space    used 580K, capacity 630K, committed 640K, reserved 1048576K
}
{Heap before GC invocations=576 (full 55):
 PSYoungGen      total 154112K, used 116346K [0x00000007b5580000, 0x00000007c0000000, 0x00000007c0000000)
  eden space 134656K, 79% used [0x00000007b5580000,0x00000007bbd6abd8,0x00000007bd900000)
  from space 19456K, 51% used [0x00000007bed00000,0x00000007bf6b3e48,0x00000007c0000000)
  to   space 19968K, 0% used [0x00000007bd900000,0x00000007bd900000,0x00000007bec80000)
 ParOldGen       total 349696K, used 256080K [0x00000007a0000000, 0x00000007b5580000, 0x00000007b5580000)
  object space 349696K, 73% used [0x00000007a0000000,0x00000007afa14208,0x00000007b5580000)
 Metaspace       used 5452K, capacity 5616K, committed 5760K, reserved 1056768K
  class space    used 580K, capacity 630K, committed 640K, reserved 1048576K
2018-07-25T18:08:42.304-0800: 44.584: [GC (Allocation Failure) [PSYoungGen: 116346K->0K(154624K)] 372427K->291977K(504320K), 0.0054292 secs] [Times: user=0.04 sys=0.00, real=0.00 secs] 
Heap after GC invocations=576 (full 55):
 PSYoungGen      total 154624K, used 0K [0x00000007b5580000, 0x00000007c0000000, 0x00000007c0000000)
  eden space 134656K, 0% used [0x00000007b5580000,0x00000007b5580000,0x00000007bd900000)
  from space 19968K, 0% used [0x00000007bd900000,0x00000007bd900000,0x00000007bec80000)
  to   space 19456K, 0% used [0x00000007bed00000,0x00000007bed00000,0x00000007c0000000)
 ParOldGen       total 349696K, used 291977K [0x00000007a0000000, 0x00000007b5580000, 0x00000007b5580000)
  object space 349696K, 83% used [0x00000007a0000000,0x00000007b1d22758,0x00000007b5580000)
 Metaspace       used 5452K, capacity 5616K, committed 5760K, reserved 1056768K
  class space    used 580K, capacity 630K, committed 640K, reserved 1048576K
}
{Heap before GC invocations=577 (full 56):
 PSYoungGen      total 154624K, used 0K [0x00000007b5580000, 0x00000007c0000000, 0x00000007c0000000)
  eden space 134656K, 0% used [0x00000007b5580000,0x00000007b5580000,0x00000007bd900000)
  from space 19968K, 0% used [0x00000007bd900000,0x00000007bd900000,0x00000007bec80000)
  to   space 19456K, 0% used [0x00000007bed00000,0x00000007bed00000,0x00000007c0000000)
 ParOldGen       total 349696K, used 291977K [0x00000007a0000000, 0x00000007b5580000, 0x00000007b5580000)
  object space 349696K, 83% used [0x00000007a0000000,0x00000007b1d22758,0x00000007b5580000)
 Metaspace       used 5452K, capacity 5616K, committed 5760K, reserved 1056768K
  class space    used 580K, capacity 630K, committed 640K, reserved 1048576K
2018-07-25T18:08:42.309-0800: 44.590: [Full GC (Ergonomics) [PSYoungGen: 0K->0K(154624K)] [ParOldGen: 291977K->47658K(349696K)] 291977K->47658K(504320K), [Metaspace: 5452K->5452K(1056768K)], 0.0089082 secs] [Times: user=0.02 sys=0.00, real=0.01 secs] 
Heap after GC invocations=577 (full 56):
 PSYoungGen      total 154624K, used 0K [0x00000007b5580000, 0x00000007c0000000, 0x00000007c0000000)
  eden space 134656K, 0% used [0x00000007b5580000,0x00000007b5580000,0x00000007bd900000)
  from space 19968K, 0% used [0x00000007bd900000,0x00000007bd900000,0x00000007bec80000)
  to   space 19456K, 0% used [0x00000007bed00000,0x00000007bed00000,0x00000007c0000000)
 ParOldGen       total 349696K, used 47658K [0x00000007a0000000, 0x00000007b5580000, 0x00000007b5580000)
  object space 349696K, 13% used [0x00000007a0000000,0x00000007a2e8a8e8,0x00000007b5580000)
 Metaspace       used 5452K, capacity 5616K, committed 5760K, reserved 1056768K
  class space    used 580K, capacity 630K, committed 640K, reserved 1048576K
}
{Heap before GC invocations=578 (full 56):
 PSYoungGen      total 154624K, used 129222K [0x00000007b5580000, 0x00000007c0000000, 0x00000007c0000000)
  eden space 134656K, 95% used [0x00000007b5580000,0x00000007bd3b19e8,0x00000007bd900000)
  from space 19968K, 0% used [0x00000007bd900000,0x00000007bd900000,0x00000007bec80000)
  to   space 19456K, 0% used [0x00000007bed00000,0x00000007bed00000,0x00000007c0000000)
 ParOldGen       total 349696K, used 47658K [0x00000007a0000000, 0x00000007b5580000, 0x00000007b5580000)
  object space 349696K, 13% used [0x00000007a0000000,0x00000007a2e8a8e8,0x00000007b5580000)
 Metaspace       used 5452K, capacity 5616K, committed 5760K, reserved 1056768K
  class space    used 580K, capacity 630K, committed 640K, reserved 1048576K
2018-07-25T18:08:42.434-0800: 44.714: [GC (Allocation Failure) [PSYoungGen: 129222K->9967K(154112K)] 176880K->109709K(503808K), 0.0056006 secs] [Times: user=0.04 sys=0.00, real=0.00 secs] 
Heap after GC invocations=578 (full 56):
 PSYoungGen      total 154112K, used 9967K [0x00000007b5580000, 0x00000007c0000000, 0x00000007c0000000)
  eden space 134656K, 0% used [0x00000007b5580000,0x00000007b5580000,0x00000007bd900000)
  from space 19456K, 51% used [0x00000007bed00000,0x00000007bf6bbfa0,0x00000007c0000000)
  to   space 19968K, 0% used [0x00000007bd900000,0x00000007bd900000,0x00000007bec80000)
 ParOldGen       total 349696K, used 99741K [0x00000007a0000000, 0x00000007b5580000, 0x00000007b5580000)
  object space 349696K, 28% used [0x00000007a0000000,0x00000007a6167698,0x00000007b5580000)
 Metaspace       used 5452K, capacity 5616K, committed 5760K, reserved 1056768K
  class space    used 580K, capacity 630K, committed 640K, reserved 1048576K
}
{Heap before GC invocations=579 (full 56):
 PSYoungGen      total 154112K, used 142577K [0x00000007b5580000, 0x00000007c0000000, 0x00000007c0000000)
  eden space 134656K, 98% used [0x00000007b5580000,0x00000007bd700660,0x00000007bd900000)
  from space 19456K, 51% used [0x00000007bed00000,0x00000007bf6bbfa0,0x00000007c0000000)
  to   space 19968K, 0% used [0x00000007bd900000,0x00000007bd900000,0x00000007bec80000)
 ParOldGen       total 349696K, used 99741K [0x00000007a0000000, 0x00000007b5580000, 0x00000007b5580000)
  object space 349696K, 28% used [0x00000007a0000000,0x00000007a6167698,0x00000007b5580000)
 Metaspace       used 5452K, capacity 5616K, committed 5760K, reserved 1056768K
  class space    used 580K, capacity 630K, committed 640K, reserved 1048576K
2018-07-25T18:08:42.532-0800: 44.812: [GC (Allocation Failure) [PSYoungGen: 142577K->202K(154624K)] 242319K->99944K(504320K), 0.0009510 secs] [Times: user=0.01 sys=0.00, real=0.00 secs] 
Heap after GC invocations=579 (full 56):
 PSYoungGen      total 154624K, used 202K [0x00000007b5580000, 0x00000007c0000000, 0x00000007c0000000)
  eden space 134656K, 0% used [0x00000007b5580000,0x00000007b5580000,0x00000007bd900000)
  from space 19968K, 1% used [0x00000007bd900000,0x00000007bd932a60,0x00000007bec80000)
  to   space 19456K, 0% used [0x00000007bed00000,0x00000007bed00000,0x00000007c0000000)
 ParOldGen       total 349696K, used 99741K [0x00000007a0000000, 0x00000007b5580000, 0x00000007b5580000)
  object space 349696K, 28% used [0x00000007a0000000,0x00000007a6167698,0x00000007b5580000)
 Metaspace       used 5452K, capacity 5616K, committed 5760K, reserved 1056768K
  class space    used 580K, capacity 630K, committed 640K, reserved 1048576K
}
{Heap before GC invocations=580 (full 56):
 PSYoungGen      total 154624K, used 129644K [0x00000007b5580000, 0x00000007c0000000, 0x00000007c0000000)
  eden space 134656K, 96% used [0x00000007b5580000,0x00000007bd3e8768,0x00000007bd900000)
  from space 19968K, 1% used [0x00000007bd900000,0x00000007bd932a60,0x00000007bec80000)
  to   space 19456K, 0% used [0x00000007bed00000,0x00000007bed00000,0x00000007c0000000)
 ParOldGen       total 349696K, used 99741K [0x00000007a0000000, 0x00000007b5580000, 0x00000007b5580000)
  object space 349696K, 28% used [0x00000007a0000000,0x00000007a6167698,0x00000007b5580000)
 Metaspace       used 5452K, capacity 5616K, committed 5760K, reserved 1056768K
  class space    used 580K, capacity 630K, committed 640K, reserved 1048576K
2018-07-25T18:08:42.562-0800: 44.842: [GC (Allocation Failure) [PSYoungGen: 129644K->9797K(155136K)] 229386K->161729K(504832K), 0.0084217 secs] [Times: user=0.07 sys=0.00, real=0.01 secs] 
Heap after GC invocations=580 (full 56):
 PSYoungGen      total 155136K, used 9797K [0x00000007b5580000, 0x00000007c0000000, 0x00000007c0000000)
  eden space 135680K, 0% used [0x00000007b5580000,0x00000007b5580000,0x00000007bda00000)
  from space 19456K, 50% used [0x00000007bed00000,0x00000007bf691698,0x00000007c0000000)
  to   space 19456K, 0% used [0x00000007bda00000,0x00000007bda00000,0x00000007bed00000)
 ParOldGen       total 349696K, used 151931K [0x00000007a0000000, 0x00000007b5580000, 0x00000007b5580000)
  object space 349696K, 43% used [0x00000007a0000000,0x00000007a945ee90,0x00000007b5580000)
 Metaspace       used 5452K, capacity 5616K, committed 5760K, reserved 1056768K
  class space    used 580K, capacity 630K, committed 640K, reserved 1048576K
}
{Heap before GC invocations=581 (full 56):
 PSYoungGen      total 155136K, used 139314K [0x00000007b5580000, 0x00000007c0000000, 0x00000007c0000000)
  eden space 135680K, 95% used [0x00000007b5580000,0x00000007bd3fb560,0x00000007bda00000)
  from space 19456K, 50% used [0x00000007bed00000,0x00000007bf691698,0x00000007c0000000)
  to   space 19456K, 0% used [0x00000007bda00000,0x00000007bda00000,0x00000007bed00000)
 ParOldGen       total 349696K, used 151931K [0x00000007a0000000, 0x00000007b5580000, 0x00000007b5580000)
  object space 349696K, 43% used [0x00000007a0000000,0x00000007a945ee90,0x00000007b5580000)
 Metaspace       used 5452K, capacity 5616K, committed 5760K, reserved 1056768K
  class space    used 580K, capacity 630K, committed 640K, reserved 1048576K
2018-07-25T18:08:42.676-0800: 44.957: [GC (Allocation Failure) [PSYoungGen: 139314K->9936K(145920K)] 291246K->187909K(495616K), 0.0043779 secs] [Times: user=0.03 sys=0.00, real=0.01 secs] 
Heap after GC invocations=581 (full 56):
 PSYoungGen      total 145920K, used 9936K [0x00000007b5580000, 0x00000007c0000000, 0x00000007c0000000)
  eden space 135680K, 0% used [0x00000007b5580000,0x00000007b5580000,0x00000007bda00000)
  from space 10240K, 97% used [0x00000007bda00000,0x00000007be3b4250,0x00000007be400000)
  to   space 19968K, 0% used [0x00000007bec80000,0x00000007bec80000,0x00000007c0000000)
 ParOldGen       total 349696K, used 177973K [0x00000007a0000000, 0x00000007b5580000, 0x00000007b5580000)
  object space 349696K, 50% used [0x00000007a0000000,0x00000007aadcd558,0x00000007b5580000)
 Metaspace       used 5452K, capacity 5616K, committed 5760K, reserved 1056768K
  class space    used 580K, capacity 630K, committed 640K, reserved 1048576K
}
{Heap before GC invocations=582 (full 56):
 PSYoungGen      total 145920K, used 116414K [0x00000007b5580000, 0x00000007c0000000, 0x00000007c0000000)
  eden space 135680K, 78% used [0x00000007b5580000,0x00000007bbd7b788,0x00000007bda00000)
  from space 10240K, 97% used [0x00000007bda00000,0x00000007be3b4250,0x00000007be400000)
  to   space 19968K, 0% used [0x00000007bec80000,0x00000007bec80000,0x00000007c0000000)
 ParOldGen       total 349696K, used 177973K [0x00000007a0000000, 0x00000007b5580000, 0x00000007b5580000)
  object space 349696K, 50% used [0x00000007a0000000,0x00000007aadcd558,0x00000007b5580000)
 Metaspace       used 5452K, capacity 5616K, committed 5760K, reserved 1056768K
  class space    used 580K, capacity 630K, committed 640K, reserved 1048576K
2018-07-25T18:08:42.692-0800: 44.973: [GC (Allocation Failure) [PSYoungGen: 116414K->0K(155136K)] 294387K->213871K(504832K), 0.0056855 secs] [Times: user=0.04 sys=0.01, real=0.00 secs] 
Heap after GC invocations=582 (full 56):
 PSYoungGen      total 155136K, used 0K [0x00000007b5580000, 0x00000007c0000000, 0x00000007c0000000)
  eden space 135168K, 0% used [0x00000007b5580000,0x00000007b5580000,0x00000007bd980000)
  from space 19968K, 0% used [0x00000007bec80000,0x00000007bec80000,0x00000007c0000000)
  to   space 19456K, 0% used [0x00000007bd980000,0x00000007bd980000,0x00000007bec80000)
 ParOldGen       total 349696K, used 213871K [0x00000007a0000000, 0x00000007b5580000, 0x00000007b5580000)
  object space 349696K, 61% used [0x00000007a0000000,0x00000007ad0dbeb0,0x00000007b5580000)
 Metaspace       used 5452K, capacity 5616K, committed 5760K, reserved 1056768K
  class space    used 580K, capacity 630K, committed 640K, reserved 1048576K
}
{Heap before GC invocations=583 (full 56):
 PSYoungGen      total 155136K, used 129262K [0x00000007b5580000, 0x00000007c0000000, 0x00000007c0000000)
  eden space 135168K, 95% used [0x00000007b5580000,0x00000007bd3bbba8,0x00000007bd980000)
  from space 19968K, 0% used [0x00000007bec80000,0x00000007bec80000,0x00000007c0000000)
  to   space 19456K, 0% used [0x00000007bd980000,0x00000007bd980000,0x00000007bec80000)
 ParOldGen       total 349696K, used 213871K [0x00000007a0000000, 0x00000007b5580000, 0x00000007b5580000)
  object space 349696K, 61% used [0x00000007a0000000,0x00000007ad0dbeb0,0x00000007b5580000)
 Metaspace       used 5452K, capacity 5616K, committed 5760K, reserved 1056768K
  class space    used 580K, capacity 630K, committed 640K, reserved 1048576K
2018-07-25T18:08:42.805-0800: 45.085: [GC (Allocation Failure) [PSYoungGen: 129262K->9936K(154624K)] 343134K->275892K(504320K), 0.0056377 secs] [Times: user=0.04 sys=0.00, real=0.01 secs] 
Heap after GC invocations=583 (full 56):
 PSYoungGen      total 154624K, used 9936K [0x00000007b5580000, 0x00000007c0000000, 0x00000007c0000000)
  eden space 135168K, 0% used [0x00000007b5580000,0x00000007b5580000,0x00000007bd980000)
  from space 19456K, 51% used [0x00000007bd980000,0x00000007be3343a8,0x00000007bec80000)
  to   space 19968K, 0% used [0x00000007bec80000,0x00000007bec80000,0x00000007c0000000)
 ParOldGen       total 349696K, used 265955K [0x00000007a0000000, 0x00000007b5580000, 0x00000007b5580000)
  object space 349696K, 76% used [0x00000007a0000000,0x00000007b03b8c60,0x00000007b5580000)
 Metaspace       used 5452K, capacity 5616K, committed 5760K, reserved 1056768K
  class space    used 580K, capacity 630K, committed 640K, reserved 1048576K
}
{Heap before GC invocations=584 (full 56):
 PSYoungGen      total 154624K, used 142592K [0x00000007b5580000, 0x00000007c0000000, 0x00000007c0000000)
  eden space 135168K, 98% used [0x00000007b5580000,0x00000007bd70c010,0x00000007bd980000)
  from space 19456K, 51% used [0x00000007bd980000,0x00000007be3343a8,0x00000007bec80000)
  to   space 19968K, 0% used [0x00000007bec80000,0x00000007bec80000,0x00000007c0000000)
 ParOldGen       total 349696K, used 265955K [0x00000007a0000000, 0x00000007b5580000, 0x00000007b5580000)
  object space 349696K, 76% used [0x00000007a0000000,0x00000007b03b8c60,0x00000007b5580000)
 Metaspace       used 5452K, capacity 5616K, committed 5760K, reserved 1056768K
  class space    used 580K, capacity 630K, committed 640K, reserved 1048576K
2018-07-25T18:08:42.904-0800: 45.184: [GC (Allocation Failure) [PSYoungGen: 142592K->139K(155136K)] 408548K->266094K(504832K), 0.0017964 secs] [Times: user=0.01 sys=0.00, real=0.00 secs] 
Heap after GC invocations=584 (full 56):
 PSYoungGen      total 155136K, used 139K [0x00000007b5580000, 0x00000007c0000000, 0x00000007c0000000)
  eden space 135168K, 0% used [0x00000007b5580000,0x00000007b5580000,0x00000007bd980000)
  from space 19968K, 0% used [0x00000007bec80000,0x00000007beca2e68,0x00000007c0000000)
  to   space 19456K, 0% used [0x00000007bd980000,0x00000007bd980000,0x00000007bec80000)
 ParOldGen       total 349696K, used 265955K [0x00000007a0000000, 0x00000007b5580000, 0x00000007b5580000)
  object space 349696K, 76% used [0x00000007a0000000,0x00000007b03b8c60,0x00000007b5580000)
 Metaspace       used 5452K, capacity 5616K, committed 5760K, reserved 1056768K
  class space    used 580K, capacity 630K, committed 640K, reserved 1048576K
}
{Heap before GC invocations=585 (full 56):
 PSYoungGen      total 155136K, used 129614K [0x00000007b5580000, 0x00000007c0000000, 0x00000007c0000000)
  eden space 135168K, 95% used [0x00000007b5580000,0x00000007bd3f0d08,0x00000007bd980000)
  from space 19968K, 0% used [0x00000007bec80000,0x00000007beca2e68,0x00000007c0000000)
  to   space 19456K, 0% used [0x00000007bd980000,0x00000007bd980000,0x00000007bec80000)
 ParOldGen       total 349696K, used 265955K [0x00000007a0000000, 0x00000007b5580000, 0x00000007b5580000)
  object space 349696K, 76% used [0x00000007a0000000,0x00000007b03b8c60,0x00000007b5580000)
 Metaspace       used 5452K, capacity 5616K, committed 5760K, reserved 1056768K
  class space    used 580K, capacity 630K, committed 640K, reserved 1048576K
2018-07-25T18:08:42.934-0800: 45.215: [GC (Allocation Failure) [PSYoungGen: 129614K->9797K(154624K)] 395569K->327927K(504320K), 0.0075732 secs] [Times: user=0.05 sys=0.00, real=0.01 secs] 
Heap after GC invocations=585 (full 56):
 PSYoungGen      total 154624K, used 9797K [0x00000007b5580000, 0x00000007c0000000, 0x00000007c0000000)
  eden space 135168K, 0% used [0x00000007b5580000,0x00000007b5580000,0x00000007bd980000)
  from space 19456K, 50% used [0x00000007bd980000,0x00000007be311698,0x00000007bec80000)
  to   space 19456K, 0% used [0x00000007bed00000,0x00000007bed00000,0x00000007c0000000)
 ParOldGen       total 349696K, used 318130K [0x00000007a0000000, 0x00000007b5580000, 0x00000007b5580000)
  object space 349696K, 90% used [0x00000007a0000000,0x00000007b36ac860,0x00000007b5580000)
 Metaspace       used 5452K, capacity 5616K, committed 5760K, reserved 1056768K
  class space    used 580K, capacity 630K, committed 640K, reserved 1048576K
}
{Heap before GC invocations=586 (full 57):
 PSYoungGen      total 154624K, used 9797K [0x00000007b5580000, 0x00000007c0000000, 0x00000007c0000000)
  eden space 135168K, 0% used [0x00000007b5580000,0x00000007b5580000,0x00000007bd980000)
  from space 19456K, 50% used [0x00000007bd980000,0x00000007be311698,0x00000007bec80000)
  to   space 19456K, 0% used [0x00000007bed00000,0x00000007bed00000,0x00000007c0000000)
 ParOldGen       total 349696K, used 318130K [0x00000007a0000000, 0x00000007b5580000, 0x00000007b5580000)
  object space 349696K, 90% used [0x00000007a0000000,0x00000007b36ac860,0x00000007b5580000)
 Metaspace       used 5452K, capacity 5616K, committed 5760K, reserved 1056768K
  class space    used 580K, capacity 630K, committed 640K, reserved 1048576K
2018-07-25T18:08:42.942-0800: 45.222: [Full GC (Ergonomics) [PSYoungGen: 9797K->0K(154624K)] [ParOldGen: 318130K->73701K(349696K)] 327927K->73701K(504320K), [Metaspace: 5452K->5452K(1056768K)], 0.0103731 secs] [Times: user=0.06 sys=0.00, real=0.01 secs] 
Heap after GC invocations=586 (full 57):
 PSYoungGen      total 154624K, used 0K [0x00000007b5580000, 0x00000007c0000000, 0x00000007c0000000)
  eden space 135168K, 0% used [0x00000007b5580000,0x00000007b5580000,0x00000007bd980000)
  from space 19456K, 0% used [0x00000007bd980000,0x00000007bd980000,0x00000007bec80000)
  to   space 19456K, 0% used [0x00000007bed00000,0x00000007bed00000,0x00000007c0000000)
 ParOldGen       total 349696K, used 73701K [0x00000007a0000000, 0x00000007b5580000, 0x00000007b5580000)
  object space 349696K, 21% used [0x00000007a0000000,0x00000007a47f9648,0x00000007b5580000)
 Metaspace       used 5452K, capacity 5616K, committed 5760K, reserved 1056768K
  class space    used 580K, capacity 630K, committed 640K, reserved 1048576K
}
{Heap before GC invocations=587 (full 57):
 PSYoungGen      total 154624K, used 129523K [0x00000007b5580000, 0x00000007c0000000, 0x00000007c0000000)
  eden space 135168K, 95% used [0x00000007b5580000,0x00000007bd3fcc18,0x00000007bd980000)
  from space 19456K, 0% used [0x00000007bd980000,0x00000007bd980000,0x00000007bec80000)
  to   space 19456K, 0% used [0x00000007bed00000,0x00000007bed00000,0x00000007c0000000)
 ParOldGen       total 349696K, used 73701K [0x00000007a0000000, 0x00000007b5580000, 0x00000007b5580000)
  object space 349696K, 21% used [0x00000007a0000000,0x00000007a47f9648,0x00000007b5580000)
 Metaspace       used 5452K, capacity 5616K, committed 5760K, reserved 1056768K
  class space    used 580K, capacity 630K, committed 640K, reserved 1048576K
2018-07-25T18:08:43.063-0800: 45.344: [GC (Allocation Failure) [PSYoungGen: 129523K->9937K(154112K)] 203224K->135722K(503808K), 0.0076521 secs] [Times: user=0.06 sys=0.00, real=0.01 secs] 
Heap after GC invocations=587 (full 57):
 PSYoungGen      total 154112K, used 9937K [0x00000007b5580000, 0x00000007c0000000, 0x00000007c0000000)
  eden space 134656K, 0% used [0x00000007b5580000,0x00000007b5580000,0x00000007bd900000)
  from space 19456K, 51% used [0x00000007bed00000,0x00000007bf6b4658,0x00000007c0000000)
  to   space 19968K, 0% used [0x00000007bd900000,0x00000007bd900000,0x00000007bec80000)
 ParOldGen       total 349696K, used 125785K [0x00000007a0000000, 0x00000007b5580000, 0x00000007b5580000)
  object space 349696K, 35% used [0x00000007a0000000,0x00000007a7ad6418,0x00000007b5580000)
 Metaspace       used 5452K, capacity 5616K, committed 5760K, reserved 1056768K
  class space    used 580K, capacity 630K, committed 640K, reserved 1048576K
}
{Heap before GC invocations=588 (full 57):
 PSYoungGen      total 154112K, used 116407K [0x00000007b5580000, 0x00000007c0000000, 0x00000007c0000000)
  eden space 134656K, 79% used [0x00000007b5580000,0x00000007bbd79968,0x00000007bd900000)
  from space 19456K, 51% used [0x00000007bed00000,0x00000007bf6b4658,0x00000007c0000000)
  to   space 19968K, 0% used [0x00000007bd900000,0x00000007bd900000,0x00000007bec80000)
 ParOldGen       total 349696K, used 125785K [0x00000007a0000000, 0x00000007b5580000, 0x00000007b5580000)
  object space 349696K, 35% used [0x00000007a0000000,0x00000007a7ad6418,0x00000007b5580000)
 Metaspace       used 5452K, capacity 5616K, committed 5760K, reserved 1056768K
  class space    used 580K, capacity 630K, committed 640K, reserved 1048576K
2018-07-25T18:08:43.083-0800: 45.363: [GC (Allocation Failure) [PSYoungGen: 116407K->0K(154624K)] 242192K->161692K(504320K), 0.0051611 secs] [Times: user=0.03 sys=0.00, real=0.00 secs] 
Heap after GC invocations=588 (full 57):
 PSYoungGen      total 154624K, used 0K [0x00000007b5580000, 0x00000007c0000000, 0x00000007c0000000)
  eden space 134656K, 0% used [0x00000007b5580000,0x00000007b5580000,0x00000007bd900000)
  from space 19968K, 0% used [0x00000007bd900000,0x00000007bd900000,0x00000007bec80000)
  to   space 19456K, 0% used [0x00000007bed00000,0x00000007bed00000,0x00000007c0000000)
 ParOldGen       total 349696K, used 161692K [0x00000007a0000000, 0x00000007b5580000, 0x00000007b5580000)
  object space 349696K, 46% used [0x00000007a0000000,0x00000007a9de7178,0x00000007b5580000)
 Metaspace       used 5452K, capacity 5616K, committed 5760K, reserved 1056768K
  class space    used 580K, capacity 630K, committed 640K, reserved 1048576K
}
{Heap before GC invocations=589 (full 57):
 PSYoungGen      total 154624K, used 129260K [0x00000007b5580000, 0x00000007c0000000, 0x00000007c0000000)
  eden space 134656K, 95% used [0x00000007b5580000,0x00000007bd3bb2d0,0x00000007bd900000)
  from space 19968K, 0% used [0x00000007bd900000,0x00000007bd900000,0x00000007bec80000)
  to   space 19456K, 0% used [0x00000007bed00000,0x00000007bed00000,0x00000007c0000000)
 ParOldGen       total 349696K, used 161692K [0x00000007a0000000, 0x00000007b5580000, 0x00000007b5580000)
  object space 349696K, 46% used [0x00000007a0000000,0x00000007a9de7178,0x00000007b5580000)
 Metaspace       used 5452K, capacity 5616K, committed 5760K, reserved 1056768K
  class space    used 580K, capacity 630K, committed 640K, reserved 1048576K
2018-07-25T18:08:43.195-0800: 45.476: [GC (Allocation Failure) [PSYoungGen: 129260K->9905K(155136K)] 290953K->223681K(504832K), 0.0061055 secs] [Times: user=0.04 sys=0.00, real=0.01 secs] 
Heap after GC invocations=589 (full 57):
 PSYoungGen      total 155136K, used 9905K [0x00000007b5580000, 0x00000007c0000000, 0x00000007c0000000)
  eden space 135680K, 0% used [0x00000007b5580000,0x00000007b5580000,0x00000007bda00000)
  from space 19456K, 50% used [0x00000007bed00000,0x00000007bf6ac7b0,0x00000007c0000000)
  to   space 19456K, 0% used [0x00000007bda00000,0x00000007bda00000,0x00000007bed00000)
 ParOldGen       total 349696K, used 213775K [0x00000007a0000000, 0x00000007b5580000, 0x00000007b5580000)
  object space 349696K, 61% used [0x00000007a0000000,0x00000007ad0c3f28,0x00000007b5580000)
 Metaspace       used 5452K, capacity 5616K, committed 5760K, reserved 1056768K
  class space    used 580K, capacity 630K, committed 640K, reserved 1048576K
}
{Heap before GC invocations=590 (full 57):
 PSYoungGen      total 155136K, used 142575K [0x00000007b5580000, 0x00000007c0000000, 0x00000007c0000000)
  eden space 135680K, 97% used [0x00000007b5580000,0x00000007bd70f640,0x00000007bda00000)
  from space 19456K, 50% used [0x00000007bed00000,0x00000007bf6ac7b0,0x00000007c0000000)
  to   space 19456K, 0% used [0x00000007bda00000,0x00000007bda00000,0x00000007bed00000)
 ParOldGen       total 349696K, used 213775K [0x00000007a0000000, 0x00000007b5580000, 0x00000007b5580000)
  object space 349696K, 61% used [0x00000007a0000000,0x00000007ad0c3f28,0x00000007b5580000)
 Metaspace       used 5452K, capacity 5616K, committed 5760K, reserved 1056768K
  class space    used 580K, capacity 630K, committed 640K, reserved 1048576K
2018-07-25T18:08:43.295-0800: 45.575: [GC (Allocation Failure) [PSYoungGen: 142575K->140K(155136K)] 356351K->213916K(504832K), 0.0019331 secs] [Times: user=0.01 sys=0.00, real=0.00 secs] 
Heap after GC invocations=590 (full 57):
 PSYoungGen      total 155136K, used 140K [0x00000007b5580000, 0x00000007c0000000, 0x00000007c0000000)
  eden space 135680K, 0% used [0x00000007b5580000,0x00000007b5580000,0x00000007bda00000)
  from space 19456K, 0% used [0x00000007bda00000,0x00000007bda23270,0x00000007bed00000)
  to   space 19456K, 0% used [0x00000007bed00000,0x00000007bed00000,0x00000007c0000000)
 ParOldGen       total 349696K, used 213775K [0x00000007a0000000, 0x00000007b5580000, 0x00000007b5580000)
  object space 349696K, 61% used [0x00000007a0000000,0x00000007ad0c3f28,0x00000007b5580000)
 Metaspace       used 5452K, capacity 5616K, committed 5760K, reserved 1056768K
  class space    used 580K, capacity 630K, committed 640K, reserved 1048576K
}
{Heap before GC invocations=591 (full 57):
 PSYoungGen      total 155136K, used 129628K [0x00000007b5580000, 0x00000007c0000000, 0x00000007c0000000)
  eden space 135680K, 95% used [0x00000007b5580000,0x00000007bd3f3e18,0x00000007bda00000)
  from space 19456K, 0% used [0x00000007bda00000,0x00000007bda23270,0x00000007bed00000)
  to   space 19456K, 0% used [0x00000007bed00000,0x00000007bed00000,0x00000007c0000000)
 ParOldGen       total 349696K, used 213775K [0x00000007a0000000, 0x00000007b5580000, 0x00000007b5580000)
  object space 349696K, 61% used [0x00000007a0000000,0x00000007ad0c3f28,0x00000007b5580000)
 Metaspace       used 5452K, capacity 5616K, committed 5760K, reserved 1056768K
  class space    used 580K, capacity 630K, committed 640K, reserved 1048576K
2018-07-25T18:08:43.325-0800: 45.606: [GC (Allocation Failure) [PSYoungGen: 129628K->9797K(155136K)] 343403K->275749K(504832K), 0.0078131 secs] [Times: user=0.06 sys=0.00, real=0.01 secs] 
Heap after GC invocations=591 (full 57):
 PSYoungGen      total 155136K, used 9797K [0x00000007b5580000, 0x00000007c0000000, 0x00000007c0000000)
  eden space 135680K, 0% used [0x00000007b5580000,0x00000007b5580000,0x00000007bda00000)
  from space 19456K, 50% used [0x00000007bed00000,0x00000007bf691698,0x00000007c0000000)
  to   space 19456K, 0% used [0x00000007bda00000,0x00000007bda00000,0x00000007bed00000)
 ParOldGen       total 349696K, used 265951K [0x00000007a0000000, 0x00000007b5580000, 0x00000007b5580000)
  object space 349696K, 76% used [0x00000007a0000000,0x00000007b03b7f30,0x00000007b5580000)
 Metaspace       used 5452K, capacity 5616K, committed 5760K, reserved 1056768K
  class space    used 580K, capacity 630K, committed 640K, reserved 1048576K
}
{Heap before GC invocations=592 (full 57):
 PSYoungGen      total 155136K, used 139332K [0x00000007b5580000, 0x00000007c0000000, 0x00000007c0000000)
  eden space 135680K, 95% used [0x00000007b5580000,0x00000007bd3ff9d8,0x00000007bda00000)
  from space 19456K, 50% used [0x00000007bed00000,0x00000007bf691698,0x00000007c0000000)
  to   space 19456K, 0% used [0x00000007bda00000,0x00000007bda00000,0x00000007bed00000)
 ParOldGen       total 349696K, used 265951K [0x00000007a0000000, 0x00000007b5580000, 0x00000007b5580000)
  object space 349696K, 76% used [0x00000007a0000000,0x00000007b03b7f30,0x00000007b5580000)
 Metaspace       used 5452K, capacity 5616K, committed 5760K, reserved 1056768K
  class space    used 580K, capacity 630K, committed 640K, reserved 1048576K
2018-07-25T18:08:43.440-0800: 45.721: [GC (Allocation Failure) [PSYoungGen: 139332K->9938K(145920K)] 405283K->301932K(495616K), 0.0047743 secs] [Times: user=0.03 sys=0.00, real=0.00 secs] 
Heap after GC invocations=592 (full 57):
 PSYoungGen      total 145920K, used 9938K [0x00000007b5580000, 0x00000007c0000000, 0x00000007c0000000)
  eden space 135680K, 0% used [0x00000007b5580000,0x00000007b5580000,0x00000007bda00000)
  from space 10240K, 97% used [0x00000007bda00000,0x00000007be3b4a60,0x00000007be400000)
  to   space 19968K, 0% used [0x00000007bec80000,0x00000007bec80000,0x00000007c0000000)
 ParOldGen       total 349696K, used 291993K [0x00000007a0000000, 0x00000007b5580000, 0x00000007b5580000)
  object space 349696K, 83% used [0x00000007a0000000,0x00000007b1d265f8,0x00000007b5580000)
 Metaspace       used 5452K, capacity 5616K, committed 5760K, reserved 1056768K
  class space    used 580K, capacity 630K, committed 640K, reserved 1048576K
}
{Heap before GC invocations=593 (full 58):
 PSYoungGen      total 145920K, used 9938K [0x00000007b5580000, 0x00000007c0000000, 0x00000007c0000000)
  eden space 135680K, 0% used [0x00000007b5580000,0x00000007b5580000,0x00000007bda00000)
  from space 10240K, 97% used [0x00000007bda00000,0x00000007be3b4a60,0x00000007be400000)
  to   space 19968K, 0% used [0x00000007bec80000,0x00000007bec80000,0x00000007c0000000)
 ParOldGen       total 349696K, used 291993K [0x00000007a0000000, 0x00000007b5580000, 0x00000007b5580000)
  object space 349696K, 83% used [0x00000007a0000000,0x00000007b1d265f8,0x00000007b5580000)
 Metaspace       used 5452K, capacity 5616K, committed 5760K, reserved 1056768K
  class space    used 580K, capacity 630K, committed 640K, reserved 1048576K
2018-07-25T18:08:43.445-0800: 45.726: [Full GC (Ergonomics) [PSYoungGen: 9938K->0K(145920K)] [ParOldGen: 291993K->47661K(349696K)] 301932K->47661K(495616K), [Metaspace: 5452K->5452K(1056768K)], 0.0073803 secs] [Times: user=0.03 sys=0.00, real=0.01 secs] 
Heap after GC invocations=593 (full 58):
 PSYoungGen      total 145920K, used 0K [0x00000007b5580000, 0x00000007c0000000, 0x00000007c0000000)
  eden space 135680K, 0% used [0x00000007b5580000,0x00000007b5580000,0x00000007bda00000)
  from space 10240K, 0% used [0x00000007bda00000,0x00000007bda00000,0x00000007be400000)
  to   space 19968K, 0% used [0x00000007bec80000,0x00000007bec80000,0x00000007c0000000)
 ParOldGen       total 349696K, used 47661K [0x00000007a0000000, 0x00000007b5580000, 0x00000007b5580000)
  object space 349696K, 13% used [0x00000007a0000000,0x00000007a2e8b520,0x00000007b5580000)
 Metaspace       used 5452K, capacity 5616K, committed 5760K, reserved 1056768K
  class space    used 580K, capacity 630K, committed 640K, reserved 1048576K
}
{Heap before GC invocations=594 (full 58):
 PSYoungGen      total 145920K, used 106488K [0x00000007b5580000, 0x00000007c0000000, 0x00000007c0000000)
  eden space 135680K, 78% used [0x00000007b5580000,0x00000007bbd7e3b0,0x00000007bda00000)
  from space 10240K, 0% used [0x00000007bda00000,0x00000007bda00000,0x00000007be400000)
  to   space 19968K, 0% used [0x00000007bec80000,0x00000007bec80000,0x00000007c0000000)
 ParOldGen       total 349696K, used 47661K [0x00000007a0000000, 0x00000007b5580000, 0x00000007b5580000)
  object space 349696K, 13% used [0x00000007a0000000,0x00000007a2e8b520,0x00000007b5580000)
 Metaspace       used 5452K, capacity 5616K, committed 5760K, reserved 1056768K
  class space    used 580K, capacity 630K, committed 640K, reserved 1048576K
2018-07-25T18:08:43.465-0800: 45.746: [GC (Allocation Failure) [PSYoungGen: 106488K->0K(155136K)] 154150K->125786K(504832K), 0.0092547 secs] [Times: user=0.07 sys=0.00, real=0.01 secs] 
Heap after GC invocations=594 (full 58):
 PSYoungGen      total 155136K, used 0K [0x00000007b5580000, 0x00000007c0000000, 0x00000007c0000000)
  eden space 135168K, 0% used [0x00000007b5580000,0x00000007b5580000,0x00000007bd980000)
  from space 19968K, 0% used [0x00000007bec80000,0x00000007bec80000,0x00000007c0000000)
  to   space 19456K, 0% used [0x00000007bd980000,0x00000007bd980000,0x00000007bec80000)
 ParOldGen       total 349696K, used 125786K [0x00000007a0000000, 0x00000007b5580000, 0x00000007b5580000)
  object space 349696K, 35% used [0x00000007a0000000,0x00000007a7ad69c0,0x00000007b5580000)
 Metaspace       used 5452K, capacity 5616K, committed 5760K, reserved 1056768K
  class space    used 580K, capacity 630K, committed 640K, reserved 1048576K
}
{Heap before GC invocations=595 (full 58):
 PSYoungGen      total 155136K, used 128919K [0x00000007b5580000, 0x00000007c0000000, 0x00000007c0000000)
  eden space 135168K, 95% used [0x00000007b5580000,0x00000007bd365f68,0x00000007bd980000)
  from space 19968K, 0% used [0x00000007bec80000,0x00000007bec80000,0x00000007c0000000)
  to   space 19456K, 0% used [0x00000007bd980000,0x00000007bd980000,0x00000007bec80000)
 ParOldGen       total 349696K, used 125786K [0x00000007a0000000, 0x00000007b5580000, 0x00000007b5580000)
  object space 349696K, 35% used [0x00000007a0000000,0x00000007a7ad69c0,0x00000007b5580000)
 Metaspace       used 5452K, capacity 5616K, committed 5760K, reserved 1056768K
  class space    used 580K, capacity 630K, committed 640K, reserved 1048576K
2018-07-25T18:08:43.583-0800: 45.863: [GC (Allocation Failure) [PSYoungGen: 128919K->9970K(154624K)] 254706K->187840K(504320K), 0.0070664 secs] [Times: user=0.06 sys=0.00, real=0.01 secs] 
Heap after GC invocations=595 (full 58):
 PSYoungGen      total 154624K, used 9970K [0x00000007b5580000, 0x00000007c0000000, 0x00000007c0000000)
  eden space 135168K, 0% used [0x00000007b5580000,0x00000007b5580000,0x00000007bd980000)
  from space 19456K, 51% used [0x00000007bd980000,0x00000007be33cbb8,0x00000007bec80000)
  to   space 19968K, 0% used [0x00000007bec80000,0x00000007bec80000,0x00000007c0000000)
 ParOldGen       total 349696K, used 177869K [0x00000007a0000000, 0x00000007b5580000, 0x00000007b5580000)
  object space 349696K, 50% used [0x00000007a0000000,0x00000007aadb3770,0x00000007b5580000)
 Metaspace       used 5452K, capacity 5616K, committed 5760K, reserved 1056768K
  class space    used 580K, capacity 630K, committed 640K, reserved 1048576K
}
{Heap before GC invocations=596 (full 58):
 PSYoungGen      total 154624K, used 142403K [0x00000007b5580000, 0x00000007c0000000, 0x00000007c0000000)
  eden space 135168K, 97% used [0x00000007b5580000,0x00000007bd6d4418,0x00000007bd980000)
  from space 19456K, 51% used [0x00000007bd980000,0x00000007be33cbb8,0x00000007bec80000)
  to   space 19968K, 0% used [0x00000007bec80000,0x00000007bec80000,0x00000007c0000000)
 ParOldGen       total 349696K, used 177869K [0x00000007a0000000, 0x00000007b5580000, 0x00000007b5580000)
  object space 349696K, 50% used [0x00000007a0000000,0x00000007aadb3770,0x00000007b5580000)
 Metaspace       used 5452K, capacity 5616K, committed 5760K, reserved 1056768K
  class space    used 580K, capacity 630K, committed 640K, reserved 1048576K
2018-07-25T18:08:43.682-0800: 45.962: [GC (Allocation Failure) [PSYoungGen: 142403K->141K(155136K)] 320273K->178011K(504832K), 0.0010607 secs] [Times: user=0.00 sys=0.00, real=0.00 secs] 
Heap after GC invocations=596 (full 58):
 PSYoungGen      total 155136K, used 141K [0x00000007b5580000, 0x00000007c0000000, 0x00000007c0000000)
  eden space 135168K, 0% used [0x00000007b5580000,0x00000007b5580000,0x00000007bd980000)
  from space 19968K, 0% used [0x00000007bec80000,0x00000007beca3678,0x00000007c0000000)
  to   space 19456K, 0% used [0x00000007bd980000,0x00000007bd980000,0x00000007bec80000)
 ParOldGen       total 349696K, used 177869K [0x00000007a0000000, 0x00000007b5580000, 0x00000007b5580000)
  object space 349696K, 50% used [0x00000007a0000000,0x00000007aadb3770,0x00000007b5580000)
 Metaspace       used 5452K, capacity 5616K, committed 5760K, reserved 1056768K
  class space    used 580K, capacity 630K, committed 640K, reserved 1048576K
}
{Heap before GC invocations=597 (full 58):
 PSYoungGen      total 155136K, used 129473K [0x00000007b5580000, 0x00000007c0000000, 0x00000007c0000000)
  eden space 135168K, 95% used [0x00000007b5580000,0x00000007bd3ccfc0,0x00000007bd980000)
  from space 19968K, 0% used [0x00000007bec80000,0x00000007beca3678,0x00000007c0000000)
  to   space 19456K, 0% used [0x00000007bd980000,0x00000007bd980000,0x00000007bec80000)
 ParOldGen       total 349696K, used 177869K [0x00000007a0000000, 0x00000007b5580000, 0x00000007b5580000)
  object space 349696K, 50% used [0x00000007a0000000,0x00000007aadb3770,0x00000007b5580000)
 Metaspace       used 5452K, capacity 5616K, committed 5760K, reserved 1056768K
  class space    used 580K, capacity 630K, committed 640K, reserved 1048576K
2018-07-25T18:08:43.711-0800: 45.991: [GC (Allocation Failure) [PSYoungGen: 129473K->9797K(154624K)] 307343K->239844K(504320K), 0.0080162 secs] [Times: user=0.06 sys=0.01, real=0.00 secs] 
Heap after GC invocations=597 (full 58):
 PSYoungGen      total 154624K, used 9797K [0x00000007b5580000, 0x00000007c0000000, 0x00000007c0000000)
  eden space 135168K, 0% used [0x00000007b5580000,0x00000007b5580000,0x00000007bd980000)
  from space 19456K, 50% used [0x00000007bd980000,0x00000007be311698,0x00000007bec80000)
  to   space 19456K, 0% used [0x00000007bed00000,0x00000007bed00000,0x00000007c0000000)
 ParOldGen       total 349696K, used 230046K [0x00000007a0000000, 0x00000007b5580000, 0x00000007b5580000)
  object space 349696K, 65% used [0x00000007a0000000,0x00000007ae0a7b80,0x00000007b5580000)
 Metaspace       used 5452K, capacity 5616K, committed 5760K, reserved 1056768K
  class space    used 580K, capacity 630K, committed 640K, reserved 1048576K
}
{Heap before GC invocations=598 (full 58):
 PSYoungGen      total 154624K, used 139228K [0x00000007b5580000, 0x00000007c0000000, 0x00000007c0000000)
  eden space 135168K, 95% used [0x00000007b5580000,0x00000007bd3e5bc8,0x00000007bd980000)
  from space 19456K, 50% used [0x00000007bd980000,0x00000007be311698,0x00000007bec80000)
  to   space 19456K, 0% used [0x00000007bed00000,0x00000007bed00000,0x00000007c0000000)
 ParOldGen       total 349696K, used 230046K [0x00000007a0000000, 0x00000007b5580000, 0x00000007b5580000)
  object space 349696K, 65% used [0x00000007a0000000,0x00000007ae0a7b80,0x00000007b5580000)
 Metaspace       used 5452K, capacity 5616K, committed 5760K, reserved 1056768K
  class space    used 580K, capacity 630K, committed 640K, reserved 1048576K
2018-07-25T18:08:43.825-0800: 46.106: [GC (Allocation Failure) [PSYoungGen: 139228K->9939K(154112K)] 369275K->266028K(503808K), 0.0040813 secs] [Times: user=0.02 sys=0.00, real=0.00 secs] 
Heap after GC invocations=598 (full 58):
 PSYoungGen      total 154112K, used 9939K [0x00000007b5580000, 0x00000007c0000000, 0x00000007c0000000)
  eden space 134656K, 0% used [0x00000007b5580000,0x00000007b5580000,0x00000007bd900000)
  from space 19456K, 51% used [0x00000007bed00000,0x00000007bf6b4e68,0x00000007c0000000)
  to   space 19968K, 0% used [0x00000007bd900000,0x00000007bd900000,0x00000007bec80000)
 ParOldGen       total 349696K, used 256088K [0x00000007a0000000, 0x00000007b5580000, 0x00000007b5580000)
  object space 349696K, 73% used [0x00000007a0000000,0x00000007afa16248,0x00000007b5580000)
 Metaspace       used 5452K, capacity 5616K, committed 5760K, reserved 1056768K
  class space    used 580K, capacity 630K, committed 640K, reserved 1048576K
}
{Heap before GC invocations=599 (full 58):
 PSYoungGen      total 154112K, used 116350K [0x00000007b5580000, 0x00000007c0000000, 0x00000007c0000000)
  eden space 134656K, 79% used [0x00000007b5580000,0x00000007bbd6acc8,0x00000007bd900000)
  from space 19456K, 51% used [0x00000007bed00000,0x00000007bf6b4e68,0x00000007c0000000)
  to   space 19968K, 0% used [0x00000007bd900000,0x00000007bd900000,0x00000007bec80000)
 ParOldGen       total 349696K, used 256088K [0x00000007a0000000, 0x00000007b5580000, 0x00000007b5580000)
  object space 349696K, 73% used [0x00000007a0000000,0x00000007afa16248,0x00000007b5580000)
 Metaspace       used 5452K, capacity 5616K, committed 5760K, reserved 1056768K
  class space    used 580K, capacity 630K, committed 640K, reserved 1048576K
2018-07-25T18:08:43.842-0800: 46.122: [GC (Allocation Failure) [PSYoungGen: 116350K->0K(154624K)] 372439K->291989K(504320K), 0.0051138 secs] [Times: user=0.04 sys=0.00, real=0.00 secs] 
Heap after GC invocations=599 (full 58):
 PSYoungGen      total 154624K, used 0K [0x00000007b5580000, 0x00000007c0000000, 0x00000007c0000000)
  eden space 134656K, 0% used [0x00000007b5580000,0x00000007b5580000,0x00000007bd900000)
  from space 19968K, 0% used [0x00000007bd900000,0x00000007bd900000,0x00000007bec80000)
  to   space 19456K, 0% used [0x00000007bed00000,0x00000007bed00000,0x00000007c0000000)
 ParOldGen       total 349696K, used 291989K [0x00000007a0000000, 0x00000007b5580000, 0x00000007b5580000)
  object space 349696K, 83% used [0x00000007a0000000,0x00000007b1d257b8,0x00000007b5580000)
 Metaspace       used 5452K, capacity 5616K, committed 5760K, reserved 1056768K
  class space    used 580K, capacity 630K, committed 640K, reserved 1048576K
}
{Heap before GC invocations=600 (full 59):
 PSYoungGen      total 154624K, used 0K [0x00000007b5580000, 0x00000007c0000000, 0x00000007c0000000)
  eden space 134656K, 0% used [0x00000007b5580000,0x00000007b5580000,0x00000007bd900000)
  from space 19968K, 0% used [0x00000007bd900000,0x00000007bd900000,0x00000007bec80000)
  to   space 19456K, 0% used [0x00000007bed00000,0x00000007bed00000,0x00000007c0000000)
 ParOldGen       total 349696K, used 291989K [0x00000007a0000000, 0x00000007b5580000, 0x00000007b5580000)
  object space 349696K, 83% used [0x00000007a0000000,0x00000007b1d257b8,0x00000007b5580000)
 Metaspace       used 5452K, capacity 5616K, committed 5760K, reserved 1056768K
  class space    used 580K, capacity 630K, committed 640K, reserved 1048576K
2018-07-25T18:08:43.847-0800: 46.128: [Full GC (Ergonomics) [PSYoungGen: 0K->0K(154624K)] [ParOldGen: 291989K->47662K(349696K)] 291989K->47662K(504320K), [Metaspace: 5452K->5452K(1056768K)], 0.0080521 secs] [Times: user=0.04 sys=0.00, real=0.01 secs] 
Heap after GC invocations=600 (full 59):
 PSYoungGen      total 154624K, used 0K [0x00000007b5580000, 0x00000007c0000000, 0x00000007c0000000)
  eden space 134656K, 0% used [0x00000007b5580000,0x00000007b5580000,0x00000007bd900000)
  from space 19968K, 0% used [0x00000007bd900000,0x00000007bd900000,0x00000007bec80000)
  to   space 19456K, 0% used [0x00000007bed00000,0x00000007bed00000,0x00000007c0000000)
 ParOldGen       total 349696K, used 47662K [0x00000007a0000000, 0x00000007b5580000, 0x00000007b5580000)
  object space 349696K, 13% used [0x00000007a0000000,0x00000007a2e8b908,0x00000007b5580000)
 Metaspace       used 5452K, capacity 5616K, committed 5760K, reserved 1056768K
  class space    used 580K, capacity 630K, committed 640K, reserved 1048576K
}
{Heap before GC invocations=601 (full 59):
 PSYoungGen      total 154624K, used 129222K [0x00000007b5580000, 0x00000007c0000000, 0x00000007c0000000)
  eden space 134656K, 95% used [0x00000007b5580000,0x00000007bd3b1b10,0x00000007bd900000)
  from space 19968K, 0% used [0x00000007bd900000,0x00000007bd900000,0x00000007bec80000)
  to   space 19456K, 0% used [0x00000007bed00000,0x00000007bed00000,0x00000007c0000000)
 ParOldGen       total 349696K, used 47662K [0x00000007a0000000, 0x00000007b5580000, 0x00000007b5580000)
  object space 349696K, 13% used [0x00000007a0000000,0x00000007a2e8b908,0x00000007b5580000)
 Metaspace       used 5452K, capacity 5616K, committed 5760K, reserved 1056768K
  class space    used 580K, capacity 630K, committed 640K, reserved 1048576K
2018-07-25T18:08:43.968-0800: 46.248: [GC (Allocation Failure) [PSYoungGen: 129222K->9971K(154112K)] 176885K->109717K(503808K), 0.0058764 secs] [Times: user=0.04 sys=0.00, real=0.01 secs] 
Heap after GC invocations=601 (full 59):
 PSYoungGen      total 154112K, used 9971K [0x00000007b5580000, 0x00000007c0000000, 0x00000007c0000000)
  eden space 134656K, 0% used [0x00000007b5580000,0x00000007b5580000,0x00000007bd900000)
  from space 19456K, 51% used [0x00000007bed00000,0x00000007bf6bcfc0,0x00000007c0000000)
  to   space 19968K, 0% used [0x00000007bd900000,0x00000007bd900000,0x00000007bec80000)
 ParOldGen       total 349696K, used 99745K [0x00000007a0000000, 0x00000007b5580000, 0x00000007b5580000)
  object space 349696K, 28% used [0x00000007a0000000,0x00000007a61686b8,0x00000007b5580000)
 Metaspace       used 5452K, capacity 5616K, committed 5760K, reserved 1056768K
  class space    used 580K, capacity 630K, committed 640K, reserved 1048576K
}
{Heap before GC invocations=602 (full 59):
 PSYoungGen      total 154112K, used 142581K [0x00000007b5580000, 0x00000007c0000000, 0x00000007c0000000)
  eden space 134656K, 98% used [0x00000007b5580000,0x00000007bd700720,0x00000007bd900000)
  from space 19456K, 51% used [0x00000007bed00000,0x00000007bf6bcfc0,0x00000007c0000000)
  to   space 19968K, 0% used [0x00000007bd900000,0x00000007bd900000,0x00000007bec80000)
 ParOldGen       total 349696K, used 99745K [0x00000007a0000000, 0x00000007b5580000, 0x00000007b5580000)
  object space 349696K, 28% used [0x00000007a0000000,0x00000007a61686b8,0x00000007b5580000)
 Metaspace       used 5452K, capacity 5616K, committed 5760K, reserved 1056768K
  class space    used 580K, capacity 630K, committed 640K, reserved 1048576K
2018-07-25T18:08:44.067-0800: 46.348: [GC (Allocation Failure) [PSYoungGen: 142581K->174K(154624K)] 242327K->99920K(504320K), 0.0009107 secs] [Times: user=0.01 sys=0.00, real=0.00 secs] 
Heap after GC invocations=602 (full 59):
 PSYoungGen      total 154624K, used 174K [0x00000007b5580000, 0x00000007c0000000, 0x00000007c0000000)
  eden space 134656K, 0% used [0x00000007b5580000,0x00000007b5580000,0x00000007bd900000)
  from space 19968K, 0% used [0x00000007bd900000,0x00000007bd92ba80,0x00000007bec80000)
  to   space 19456K, 0% used [0x00000007bed00000,0x00000007bed00000,0x00000007c0000000)
 ParOldGen       total 349696K, used 99745K [0x00000007a0000000, 0x00000007b5580000, 0x00000007b5580000)
  object space 349696K, 28% used [0x00000007a0000000,0x00000007a61686b8,0x00000007b5580000)
 Metaspace       used 5452K, capacity 5616K, committed 5760K, reserved 1056768K
  class space    used 580K, capacity 630K, committed 640K, reserved 1048576K
}
{Heap before GC invocations=603 (full 59):
 PSYoungGen      total 154624K, used 129616K [0x00000007b5580000, 0x00000007c0000000, 0x00000007c0000000)
  eden space 134656K, 96% used [0x00000007b5580000,0x00000007bd3e8858,0x00000007bd900000)
  from space 19968K, 0% used [0x00000007bd900000,0x00000007bd92ba80,0x00000007bec80000)
  to   space 19456K, 0% used [0x00000007bed00000,0x00000007bed00000,0x00000007c0000000)
 ParOldGen       total 349696K, used 99745K [0x00000007a0000000, 0x00000007b5580000, 0x00000007b5580000)
  object space 349696K, 28% used [0x00000007a0000000,0x00000007a61686b8,0x00000007b5580000)
 Metaspace       used 5452K, capacity 5616K, committed 5760K, reserved 1056768K
  class space    used 580K, capacity 630K, committed 640K, reserved 1048576K
2018-07-25T18:08:44.100-0800: 46.381: [GC (Allocation Failure) [PSYoungGen: 129616K->9797K(155136K)] 229362K->161737K(504832K), 0.0080906 secs] [Times: user=0.06 sys=0.00, real=0.00 secs] 
Heap after GC invocations=603 (full 59):
 PSYoungGen      total 155136K, used 9797K [0x00000007b5580000, 0x00000007c0000000, 0x00000007c0000000)
  eden space 135680K, 0% used [0x00000007b5580000,0x00000007b5580000,0x00000007bda00000)
  from space 19456K, 50% used [0x00000007bed00000,0x00000007bf691698,0x00000007c0000000)
  to   space 19456K, 0% used [0x00000007bda00000,0x00000007bda00000,0x00000007bed00000)
 ParOldGen       total 349696K, used 151939K [0x00000007a0000000, 0x00000007b5580000, 0x00000007b5580000)
  object space 349696K, 43% used [0x00000007a0000000,0x00000007a9460ed0,0x00000007b5580000)
 Metaspace       used 5452K, capacity 5616K, committed 5760K, reserved 1056768K
  class space    used 580K, capacity 630K, committed 640K, reserved 1048576K
}
{Heap before GC invocations=604 (full 59):
 PSYoungGen      total 155136K, used 139315K [0x00000007b5580000, 0x00000007c0000000, 0x00000007c0000000)
  eden space 135680K, 95% used [0x00000007b5580000,0x00000007bd3fb670,0x00000007bda00000)
  from space 19456K, 50% used [0x00000007bed00000,0x00000007bf691698,0x00000007c0000000)
  to   space 19456K, 0% used [0x00000007bda00000,0x00000007bda00000,0x00000007bed00000)
 ParOldGen       total 349696K, used 151939K [0x00000007a0000000, 0x00000007b5580000, 0x00000007b5580000)
  object space 349696K, 43% used [0x00000007a0000000,0x00000007a9460ed0,0x00000007b5580000)
 Metaspace       used 5452K, capacity 5616K, committed 5760K, reserved 1056768K
  class space    used 580K, capacity 630K, committed 640K, reserved 1048576K
2018-07-25T18:08:44.216-0800: 46.496: [GC (Allocation Failure) [PSYoungGen: 139315K->9908K(145920K)] 291254K->187890K(495616K), 0.0044490 secs] [Times: user=0.03 sys=0.00, real=0.01 secs] 
Heap after GC invocations=604 (full 59):
 PSYoungGen      total 145920K, used 9908K [0x00000007b5580000, 0x00000007c0000000, 0x00000007c0000000)
  eden space 135680K, 0% used [0x00000007b5580000,0x00000007b5580000,0x00000007bda00000)
  from space 10240K, 96% used [0x00000007bda00000,0x00000007be3ad270,0x00000007be400000)
  to   space 19968K, 0% used [0x00000007bec80000,0x00000007bec80000,0x00000007c0000000)
 ParOldGen       total 349696K, used 177981K [0x00000007a0000000, 0x00000007b5580000, 0x00000007b5580000)
  object space 349696K, 50% used [0x00000007a0000000,0x00000007aadcf598,0x00000007b5580000)
 Metaspace       used 5452K, capacity 5616K, committed 5760K, reserved 1056768K
  class space    used 580K, capacity 630K, committed 640K, reserved 1048576K
}
{Heap before GC invocations=605 (full 59):
 PSYoungGen      total 145920K, used 116386K [0x00000007b5580000, 0x00000007c0000000, 0x00000007c0000000)
  eden space 135680K, 78% used [0x00000007b5580000,0x00000007bbd7b840,0x00000007bda00000)
  from space 10240K, 96% used [0x00000007bda00000,0x00000007be3ad270,0x00000007be400000)
  to   space 19968K, 0% used [0x00000007bec80000,0x00000007bec80000,0x00000007c0000000)
 ParOldGen       total 349696K, used 177981K [0x00000007a0000000, 0x00000007b5580000, 0x00000007b5580000)
  object space 349696K, 50% used [0x00000007a0000000,0x00000007aadcf598,0x00000007b5580000)
 Metaspace       used 5452K, capacity 5616K, committed 5760K, reserved 1056768K
  class space    used 580K, capacity 630K, committed 640K, reserved 1048576K
2018-07-25T18:08:44.232-0800: 46.513: [GC (Allocation Failure) [PSYoungGen: 116386K->0K(155136K)] 294368K->213891K(504832K), 0.0051468 secs] [Times: user=0.04 sys=0.00, real=0.00 secs] 
Heap after GC invocations=605 (full 59):
 PSYoungGen      total 155136K, used 0K [0x00000007b5580000, 0x00000007c0000000, 0x00000007c0000000)
  eden space 135168K, 0% used [0x00000007b5580000,0x00000007b5580000,0x00000007bd980000)
  from space 19968K, 0% used [0x00000007bec80000,0x00000007bec80000,0x00000007c0000000)
  to   space 19456K, 0% used [0x00000007bd980000,0x00000007bd980000,0x00000007bec80000)
 ParOldGen       total 349696K, used 213891K [0x00000007a0000000, 0x00000007b5580000, 0x00000007b5580000)
  object space 349696K, 61% used [0x00000007a0000000,0x00000007ad0e0f10,0x00000007b5580000)
 Metaspace       used 5452K, capacity 5616K, committed 5760K, reserved 1056768K
  class space    used 580K, capacity 630K, committed 640K, reserved 1048576K
}
{Heap before GC invocations=606 (full 59):
 PSYoungGen      total 155136K, used 129263K [0x00000007b5580000, 0x00000007c0000000, 0x00000007c0000000)
  eden space 135168K, 95% used [0x00000007b5580000,0x00000007bd3bbcb0,0x00000007bd980000)
  from space 19968K, 0% used [0x00000007bec80000,0x00000007bec80000,0x00000007c0000000)
  to   space 19456K, 0% used [0x00000007bd980000,0x00000007bd980000,0x00000007bec80000)
 ParOldGen       total 349696K, used 213891K [0x00000007a0000000, 0x00000007b5580000, 0x00000007b5580000)
  object space 349696K, 61% used [0x00000007a0000000,0x00000007ad0e0f10,0x00000007b5580000)
 Metaspace       used 5452K, capacity 5616K, committed 5760K, reserved 1056768K
  class space    used 580K, capacity 630K, committed 640K, reserved 1048576K
2018-07-25T18:08:44.345-0800: 46.626: [GC (Allocation Failure) [PSYoungGen: 129263K->9940K(154624K)] 343154K->275916K(504320K), 0.0060866 secs] [Times: user=0.05 sys=0.00, real=0.01 secs] 
Heap after GC invocations=606 (full 59):
 PSYoungGen      total 154624K, used 9940K [0x00000007b5580000, 0x00000007c0000000, 0x00000007c0000000)
  eden space 135168K, 0% used [0x00000007b5580000,0x00000007b5580000,0x00000007bd980000)
  from space 19456K, 51% used [0x00000007bd980000,0x00000007be3353c8,0x00000007bec80000)
  to   space 19968K, 0% used [0x00000007bec80000,0x00000007bec80000,0x00000007c0000000)
 ParOldGen       total 349696K, used 265975K [0x00000007a0000000, 0x00000007b5580000, 0x00000007b5580000)
  object space 349696K, 76% used [0x00000007a0000000,0x00000007b03bdcc0,0x00000007b5580000)
 Metaspace       used 5452K, capacity 5616K, committed 5760K, reserved 1056768K
  class space    used 580K, capacity 630K, committed 640K, reserved 1048576K
}
{Heap before GC invocations=607 (full 59):
 PSYoungGen      total 154624K, used 142597K [0x00000007b5580000, 0x00000007c0000000, 0x00000007c0000000)
  eden space 135168K, 98% used [0x00000007b5580000,0x00000007bd70c0b8,0x00000007bd980000)
  from space 19456K, 51% used [0x00000007bd980000,0x00000007be3353c8,0x00000007bec80000)
  to   space 19968K, 0% used [0x00000007bec80000,0x00000007bec80000,0x00000007c0000000)
 ParOldGen       total 349696K, used 265975K [0x00000007a0000000, 0x00000007b5580000, 0x00000007b5580000)
  object space 349696K, 76% used [0x00000007a0000000,0x00000007b03bdcc0,0x00000007b5580000)
 Metaspace       used 5452K, capacity 5616K, committed 5760K, reserved 1056768K
  class space    used 580K, capacity 630K, committed 640K, reserved 1048576K
2018-07-25T18:08:44.444-0800: 46.725: [GC (Allocation Failure) [PSYoungGen: 142597K->143K(155136K)] 408572K->266126K(504832K), 0.0018744 secs] [Times: user=0.01 sys=0.00, real=0.00 secs] 
Heap after GC invocations=607 (full 59):
 PSYoungGen      total 155136K, used 143K [0x00000007b5580000, 0x00000007c0000000, 0x00000007c0000000)
  eden space 135168K, 0% used [0x00000007b5580000,0x00000007b5580000,0x00000007bd980000)
  from space 19968K, 0% used [0x00000007bec80000,0x00000007beca3e88,0x00000007c0000000)
  to   space 19456K, 0% used [0x00000007bd980000,0x00000007bd980000,0x00000007bec80000)
 ParOldGen       total 349696K, used 265983K [0x00000007a0000000, 0x00000007b5580000, 0x00000007b5580000)
  object space 349696K, 76% used [0x00000007a0000000,0x00000007b03bfcc0,0x00000007b5580000)
 Metaspace       used 5452K, capacity 5616K, committed 5760K, reserved 1056768K
  class space    used 580K, capacity 630K, committed 640K, reserved 1048576K
}
{Heap before GC invocations=608 (full 59):
 PSYoungGen      total 155136K, used 129619K [0x00000007b5580000, 0x00000007c0000000, 0x00000007c0000000)
  eden space 135168K, 95% used [0x00000007b5580000,0x00000007bd3f0de8,0x00000007bd980000)
  from space 19968K, 0% used [0x00000007bec80000,0x00000007beca3e88,0x00000007c0000000)
  to   space 19456K, 0% used [0x00000007bd980000,0x00000007bd980000,0x00000007bec80000)
 ParOldGen       total 349696K, used 265983K [0x00000007a0000000, 0x00000007b5580000, 0x00000007b5580000)
  object space 349696K, 76% used [0x00000007a0000000,0x00000007b03bfcc0,0x00000007b5580000)
 Metaspace       used 5452K, capacity 5616K, committed 5760K, reserved 1056768K
  class space    used 580K, capacity 630K, committed 640K, reserved 1048576K
2018-07-25T18:08:44.474-0800: 46.755: [GC (Allocation Failure) [PSYoungGen: 129619K->9797K(154624K)] 395602K->327959K(504320K), 0.0078069 secs] [Times: user=0.06 sys=0.00, real=0.01 secs] 
Heap after GC invocations=608 (full 59):
 PSYoungGen      total 154624K, used 9797K [0x00000007b5580000, 0x00000007c0000000, 0x00000007c0000000)
  eden space 135168K, 0% used [0x00000007b5580000,0x00000007b5580000,0x00000007bd980000)
  from space 19456K, 50% used [0x00000007bd980000,0x00000007be311698,0x00000007bec80000)
  to   space 19456K, 0% used [0x00000007bed00000,0x00000007bed00000,0x00000007c0000000)
 ParOldGen       total 349696K, used 318162K [0x00000007a0000000, 0x00000007b5580000, 0x00000007b5580000)
  object space 349696K, 90% used [0x00000007a0000000,0x00000007b36b48e0,0x00000007b5580000)
 Metaspace       used 5452K, capacity 5616K, committed 5760K, reserved 1056768K
  class space    used 580K, capacity 630K, committed 640K, reserved 1048576K
}
{Heap before GC invocations=609 (full 60):
 PSYoungGen      total 154624K, used 9797K [0x00000007b5580000, 0x00000007c0000000, 0x00000007c0000000)
  eden space 135168K, 0% used [0x00000007b5580000,0x00000007b5580000,0x00000007bd980000)
  from space 19456K, 50% used [0x00000007bd980000,0x00000007be311698,0x00000007bec80000)
  to   space 19456K, 0% used [0x00000007bed00000,0x00000007bed00000,0x00000007c0000000)
 ParOldGen       total 349696K, used 318162K [0x00000007a0000000, 0x00000007b5580000, 0x00000007b5580000)
  object space 349696K, 90% used [0x00000007a0000000,0x00000007b36b48e0,0x00000007b5580000)
 Metaspace       used 5452K, capacity 5616K, committed 5760K, reserved 1056768K
  class space    used 580K, capacity 630K, committed 640K, reserved 1048576K
2018-07-25T18:08:44.482-0800: 46.763: [Full GC (Ergonomics) [PSYoungGen: 9797K->0K(154624K)] [ParOldGen: 318162K->73705K(349696K)] 327959K->73705K(504320K), [Metaspace: 5452K->5452K(1056768K)], 0.0103054 secs] [Times: user=0.05 sys=0.00, real=0.01 secs] 
Heap after GC invocations=609 (full 60):
 PSYoungGen      total 154624K, used 0K [0x00000007b5580000, 0x00000007c0000000, 0x00000007c0000000)
  eden space 135168K, 0% used [0x00000007b5580000,0x00000007b5580000,0x00000007bd980000)
  from space 19456K, 0% used [0x00000007bd980000,0x00000007bd980000,0x00000007bec80000)
  to   space 19456K, 0% used [0x00000007bed00000,0x00000007bed00000,0x00000007c0000000)
 ParOldGen       total 349696K, used 73705K [0x00000007a0000000, 0x00000007b5580000, 0x00000007b5580000)
  object space 349696K, 21% used [0x00000007a0000000,0x00000007a47fa6f8,0x00000007b5580000)
 Metaspace       used 5452K, capacity 5616K, committed 5760K, reserved 1056768K
  class space    used 580K, capacity 630K, committed 640K, reserved 1048576K
}
{Heap before GC invocations=610 (full 60):
 PSYoungGen      total 154624K, used 129523K [0x00000007b5580000, 0x00000007c0000000, 0x00000007c0000000)
  eden space 135168K, 95% used [0x00000007b5580000,0x00000007bd3fcd20,0x00000007bd980000)
  from space 19456K, 0% used [0x00000007bd980000,0x00000007bd980000,0x00000007bec80000)
  to   space 19456K, 0% used [0x00000007bed00000,0x00000007bed00000,0x00000007c0000000)
 ParOldGen       total 349696K, used 73705K [0x00000007a0000000, 0x00000007b5580000, 0x00000007b5580000)
  object space 349696K, 21% used [0x00000007a0000000,0x00000007a47fa6f8,0x00000007b5580000)
 Metaspace       used 5452K, capacity 5616K, committed 5760K, reserved 1056768K
  class space    used 580K, capacity 630K, committed 640K, reserved 1048576K
2018-07-25T18:08:44.603-0800: 46.884: [GC (Allocation Failure) [PSYoungGen: 129523K->9909K(154112K)] 203229K->135698K(503808K), 0.0061667 secs] [Times: user=0.05 sys=0.00, real=0.01 secs] 
Heap after GC invocations=610 (full 60):
 PSYoungGen      total 154112K, used 9909K [0x00000007b5580000, 0x00000007c0000000, 0x00000007c0000000)
  eden space 134656K, 0% used [0x00000007b5580000,0x00000007b5580000,0x00000007bd900000)
  from space 19456K, 50% used [0x00000007bed00000,0x00000007bf6ad678,0x00000007c0000000)
  to   space 19968K, 0% used [0x00000007bd900000,0x00000007bd900000,0x00000007bec80000)
 ParOldGen       total 349696K, used 125789K [0x00000007a0000000, 0x00000007b5580000, 0x00000007b5580000)
  object space 349696K, 35% used [0x00000007a0000000,0x00000007a7ad74c8,0x00000007b5580000)
 Metaspace       used 5452K, capacity 5616K, committed 5760K, reserved 1056768K
  class space    used 580K, capacity 630K, committed 640K, reserved 1048576K
}
{Heap before GC invocations=611 (full 60):
 PSYoungGen      total 154112K, used 116380K [0x00000007b5580000, 0x00000007c0000000, 0x00000007c0000000)
  eden space 134656K, 79% used [0x00000007b5580000,0x00000007bbd79a18,0x00000007bd900000)
  from space 19456K, 50% used [0x00000007bed00000,0x00000007bf6ad678,0x00000007c0000000)
  to   space 19968K, 0% used [0x00000007bd900000,0x00000007bd900000,0x00000007bec80000)
 ParOldGen       total 349696K, used 125789K [0x00000007a0000000, 0x00000007b5580000, 0x00000007b5580000)
  object space 349696K, 35% used [0x00000007a0000000,0x00000007a7ad74c8,0x00000007b5580000)
 Metaspace       used 5452K, capacity 5616K, committed 5760K, reserved 1056768K
  class space    used 580K, capacity 630K, committed 640K, reserved 1048576K
2018-07-25T18:08:44.622-0800: 46.903: [GC (Allocation Failure) [PSYoungGen: 116380K->0K(154624K)] 242169K->161700K(504320K), 0.0051831 secs] [Times: user=0.04 sys=0.00, real=0.00 secs] 
Heap after GC invocations=611 (full 60):
 PSYoungGen      total 154624K, used 0K [0x00000007b5580000, 0x00000007c0000000, 0x00000007c0000000)
  eden space 134656K, 0% used [0x00000007b5580000,0x00000007b5580000,0x00000007bd900000)
  from space 19968K, 0% used [0x00000007bd900000,0x00000007bd900000,0x00000007bec80000)
  to   space 19456K, 0% used [0x00000007bed00000,0x00000007bed00000,0x00000007c0000000)
 ParOldGen       total 349696K, used 161700K [0x00000007a0000000, 0x00000007b5580000, 0x00000007b5580000)
  object space 349696K, 46% used [0x00000007a0000000,0x00000007a9de9248,0x00000007b5580000)
 Metaspace       used 5452K, capacity 5616K, committed 5760K, reserved 1056768K
  class space    used 580K, capacity 630K, committed 640K, reserved 1048576K
}
{Heap before GC invocations=612 (full 60):
 PSYoungGen      total 154624K, used 129260K [0x00000007b5580000, 0x00000007c0000000, 0x00000007c0000000)
  eden space 134656K, 95% used [0x00000007b5580000,0x00000007bd3bb3d0,0x00000007bd900000)
  from space 19968K, 0% used [0x00000007bd900000,0x00000007bd900000,0x00000007bec80000)
  to   space 19456K, 0% used [0x00000007bed00000,0x00000007bed00000,0x00000007c0000000)
 ParOldGen       total 349696K, used 161700K [0x00000007a0000000, 0x00000007b5580000, 0x00000007b5580000)
  object space 349696K, 46% used [0x00000007a0000000,0x00000007a9de9248,0x00000007b5580000)
 Metaspace       used 5452K, capacity 5616K, committed 5760K, reserved 1056768K
  class space    used 580K, capacity 630K, committed 640K, reserved 1048576K
2018-07-25T18:08:44.735-0800: 47.016: [GC (Allocation Failure) [PSYoungGen: 129260K->9909K(155136K)] 290961K->223693K(504832K), 0.0055523 secs] [Times: user=0.05 sys=0.01, real=0.01 secs] 
Heap after GC invocations=612 (full 60):
 PSYoungGen      total 155136K, used 9909K [0x00000007b5580000, 0x00000007c0000000, 0x00000007c0000000)
  eden space 135680K, 0% used [0x00000007b5580000,0x00000007b5580000,0x00000007bda00000)
  from space 19456K, 50% used [0x00000007bed00000,0x00000007bf6ad7d0,0x00000007c0000000)
  to   space 19456K, 0% used [0x00000007bda00000,0x00000007bda00000,0x00000007bed00000)
 ParOldGen       total 349696K, used 213783K [0x00000007a0000000, 0x00000007b5580000, 0x00000007b5580000)
  object space 349696K, 61% used [0x00000007a0000000,0x00000007ad0c5ff8,0x00000007b5580000)
 Metaspace       used 5452K, capacity 5616K, committed 5760K, reserved 1056768K
  class space    used 580K, capacity 630K, committed 640K, reserved 1048576K
}
{Heap before GC invocations=613 (full 60):
 PSYoungGen      total 155136K, used 142579K [0x00000007b5580000, 0x00000007c0000000, 0x00000007c0000000)
  eden space 135680K, 97% used [0x00000007b5580000,0x00000007bd70f6e8,0x00000007bda00000)
  from space 19456K, 50% used [0x00000007bed00000,0x00000007bf6ad7d0,0x00000007c0000000)
  to   space 19456K, 0% used [0x00000007bda00000,0x00000007bda00000,0x00000007bed00000)
 ParOldGen       total 349696K, used 213783K [0x00000007a0000000, 0x00000007b5580000, 0x00000007b5580000)
  object space 349696K, 61% used [0x00000007a0000000,0x00000007ad0c5ff8,0x00000007b5580000)
 Metaspace       used 5452K, capacity 5616K, committed 5760K, reserved 1056768K
  class space    used 580K, capacity 630K, committed 640K, reserved 1048576K
2018-07-25T18:08:44.833-0800: 47.113: [GC (Allocation Failure) [PSYoungGen: 142579K->144K(155136K)] 356363K->213928K(504832K), 0.0018133 secs] [Times: user=0.01 sys=0.00, real=0.00 secs] 
Heap after GC invocations=613 (full 60):
 PSYoungGen      total 155136K, used 144K [0x00000007b5580000, 0x00000007c0000000, 0x00000007c0000000)
  eden space 135680K, 0% used [0x00000007b5580000,0x00000007b5580000,0x00000007bda00000)
  from space 19456K, 0% used [0x00000007bda00000,0x00000007bda24290,0x00000007bed00000)
  to   space 19456K, 0% used [0x00000007bed00000,0x00000007bed00000,0x00000007c0000000)
 ParOldGen       total 349696K, used 213783K [0x00000007a0000000, 0x00000007b5580000, 0x00000007b5580000)
  object space 349696K, 61% used [0x00000007a0000000,0x00000007ad0c5ff8,0x00000007b5580000)
 Metaspace       used 5452K, capacity 5616K, committed 5760K, reserved 1056768K
  class space    used 580K, capacity 630K, committed 640K, reserved 1048576K
}
{Heap before GC invocations=614 (full 60):
 PSYoungGen      total 155136K, used 129632K [0x00000007b5580000, 0x00000007c0000000, 0x00000007c0000000)
  eden space 135680K, 95% used [0x00000007b5580000,0x00000007bd3f3ef8,0x00000007bda00000)
  from space 19456K, 0% used [0x00000007bda00000,0x00000007bda24290,0x00000007bed00000)
  to   space 19456K, 0% used [0x00000007bed00000,0x00000007bed00000,0x00000007c0000000)
 ParOldGen       total 349696K, used 213783K [0x00000007a0000000, 0x00000007b5580000, 0x00000007b5580000)
  object space 349696K, 61% used [0x00000007a0000000,0x00000007ad0c5ff8,0x00000007b5580000)
 Metaspace       used 5452K, capacity 5616K, committed 5760K, reserved 1056768K
  class space    used 580K, capacity 630K, committed 640K, reserved 1048576K
2018-07-25T18:08:44.863-0800: 47.144: [GC (Allocation Failure) [PSYoungGen: 129632K->9797K(155136K)] 343416K->275761K(504832K), 0.0077341 secs] [Times: user=0.06 sys=0.00, real=0.01 secs] 
Heap after GC invocations=614 (full 60):
 PSYoungGen      total 155136K, used 9797K [0x00000007b5580000, 0x00000007c0000000, 0x00000007c0000000)
  eden space 135680K, 0% used [0x00000007b5580000,0x00000007b5580000,0x00000007bda00000)
  from space 19456K, 50% used [0x00000007bed00000,0x00000007bf691698,0x00000007c0000000)
  to   space 19456K, 0% used [0x00000007bda00000,0x00000007bda00000,0x00000007bed00000)
 ParOldGen       total 349696K, used 265964K [0x00000007a0000000, 0x00000007b5580000, 0x00000007b5580000)
  object space 349696K, 76% used [0x00000007a0000000,0x00000007b03bb020,0x00000007b5580000)
 Metaspace       used 5452K, capacity 5616K, committed 5760K, reserved 1056768K
  class space    used 580K, capacity 630K, committed 640K, reserved 1048576K
}
{Heap before GC invocations=615 (full 60):
 PSYoungGen      total 155136K, used 139332K [0x00000007b5580000, 0x00000007c0000000, 0x00000007c0000000)
  eden space 135680K, 95% used [0x00000007b5580000,0x00000007bd3ffae0,0x00000007bda00000)
  from space 19456K, 50% used [0x00000007bed00000,0x00000007bf691698,0x00000007c0000000)
  to   space 19456K, 0% used [0x00000007bda00000,0x00000007bda00000,0x00000007bed00000)
 ParOldGen       total 349696K, used 265964K [0x00000007a0000000, 0x00000007b5580000, 0x00000007b5580000)
  object space 349696K, 76% used [0x00000007a0000000,0x00000007b03bb020,0x00000007b5580000)
 Metaspace       used 5452K, capacity 5616K, committed 5760K, reserved 1056768K
  class space    used 580K, capacity 630K, committed 640K, reserved 1048576K
2018-07-25T18:08:44.981-0800: 47.262: [GC (Allocation Failure) [PSYoungGen: 139332K->9942K(145920K)] 405296K->301948K(495616K), 0.0038877 secs] [Times: user=0.03 sys=0.00, real=0.00 secs] 
Heap after GC invocations=615 (full 60):
 PSYoungGen      total 145920K, used 9942K [0x00000007b5580000, 0x00000007c0000000, 0x00000007c0000000)
  eden space 135680K, 0% used [0x00000007b5580000,0x00000007b5580000,0x00000007bda00000)
  from space 10240K, 97% used [0x00000007bda00000,0x00000007be3b5a80,0x00000007be400000)
  to   space 19968K, 0% used [0x00000007bec80000,0x00000007bec80000,0x00000007c0000000)
 ParOldGen       total 349696K, used 292005K [0x00000007a0000000, 0x00000007b5580000, 0x00000007b5580000)
  object space 349696K, 83% used [0x00000007a0000000,0x00000007b1d296e8,0x00000007b5580000)
 Metaspace       used 5452K, capacity 5616K, committed 5760K, reserved 1056768K
  class space    used 580K, capacity 630K, committed 640K, reserved 1048576K
}
{Heap before GC invocations=616 (full 61):
 PSYoungGen      total 145920K, used 9942K [0x00000007b5580000, 0x00000007c0000000, 0x00000007c0000000)
  eden space 135680K, 0% used [0x00000007b5580000,0x00000007b5580000,0x00000007bda00000)
  from space 10240K, 97% used [0x00000007bda00000,0x00000007be3b5a80,0x00000007be400000)
  to   space 19968K, 0% used [0x00000007bec80000,0x00000007bec80000,0x00000007c0000000)
 ParOldGen       total 349696K, used 292005K [0x00000007a0000000, 0x00000007b5580000, 0x00000007b5580000)
  object space 349696K, 83% used [0x00000007a0000000,0x00000007b1d296e8,0x00000007b5580000)
 Metaspace       used 5452K, capacity 5616K, committed 5760K, reserved 1056768K
  class space    used 580K, capacity 630K, committed 640K, reserved 1048576K
2018-07-25T18:08:44.985-0800: 47.266: [Full GC (Ergonomics) [PSYoungGen: 9942K->0K(145920K)] [ParOldGen: 292005K->47665K(349696K)] 301948K->47665K(495616K), [Metaspace: 5452K->5452K(1056768K)], 0.0078267 secs] [Times: user=0.04 sys=0.00, real=0.01 secs] 
Heap after GC invocations=616 (full 61):
 PSYoungGen      total 145920K, used 0K [0x00000007b5580000, 0x00000007c0000000, 0x00000007c0000000)
  eden space 135680K, 0% used [0x00000007b5580000,0x00000007b5580000,0x00000007bda00000)
  from space 10240K, 0% used [0x00000007bda00000,0x00000007bda00000,0x00000007be400000)
  to   space 19968K, 0% used [0x00000007bec80000,0x00000007bec80000,0x00000007c0000000)
 ParOldGen       total 349696K, used 47665K [0x00000007a0000000, 0x00000007b5580000, 0x00000007b5580000)
  object space 349696K, 13% used [0x00000007a0000000,0x00000007a2e8c5d0,0x00000007b5580000)
 Metaspace       used 5452K, capacity 5616K, committed 5760K, reserved 1056768K
  class space    used 580K, capacity 630K, committed 640K, reserved 1048576K
}
{Heap before GC invocations=617 (full 61):
 PSYoungGen      total 145920K, used 106489K [0x00000007b5580000, 0x00000007c0000000, 0x00000007c0000000)
  eden space 135680K, 78% used [0x00000007b5580000,0x00000007bbd7e460,0x00000007bda00000)
  from space 10240K, 0% used [0x00000007bda00000,0x00000007bda00000,0x00000007be400000)
  to   space 19968K, 0% used [0x00000007bec80000,0x00000007bec80000,0x00000007c0000000)
 ParOldGen       total 349696K, used 47665K [0x00000007a0000000, 0x00000007b5580000, 0x00000007b5580000)
  object space 349696K, 13% used [0x00000007a0000000,0x00000007a2e8c5d0,0x00000007b5580000)
 Metaspace       used 5452K, capacity 5616K, committed 5760K, reserved 1056768K
  class space    used 580K, capacity 630K, committed 640K, reserved 1048576K
2018-07-25T18:08:45.006-0800: 47.286: [GC (Allocation Failure) [PSYoungGen: 106489K->0K(155136K)] 154154K->125790K(504832K), 0.0110956 secs] [Times: user=0.08 sys=0.00, real=0.01 secs] 
Heap after GC invocations=617 (full 61):
 PSYoungGen      total 155136K, used 0K [0x00000007b5580000, 0x00000007c0000000, 0x00000007c0000000)
  eden space 135168K, 0% used [0x00000007b5580000,0x00000007b5580000,0x00000007bd980000)
  from space 19968K, 0% used [0x00000007bec80000,0x00000007bec80000,0x00000007c0000000)
  to   space 19456K, 0% used [0x00000007bd980000,0x00000007bd980000,0x00000007bec80000)
 ParOldGen       total 349696K, used 125790K [0x00000007a0000000, 0x00000007b5580000, 0x00000007b5580000)
  object space 349696K, 35% used [0x00000007a0000000,0x00000007a7ad7a70,0x00000007b5580000)
 Metaspace       used 5452K, capacity 5616K, committed 5760K, reserved 1056768K
  class space    used 580K, capacity 630K, committed 640K, reserved 1048576K
}
{Heap before GC invocations=618 (full 61):
 PSYoungGen      total 155136K, used 128919K [0x00000007b5580000, 0x00000007c0000000, 0x00000007c0000000)
  eden space 135168K, 95% used [0x00000007b5580000,0x00000007bd365fd8,0x00000007bd980000)
  from space 19968K, 0% used [0x00000007bec80000,0x00000007bec80000,0x00000007c0000000)
  to   space 19456K, 0% used [0x00000007bd980000,0x00000007bd980000,0x00000007bec80000)
 ParOldGen       total 349696K, used 125790K [0x00000007a0000000, 0x00000007b5580000, 0x00000007b5580000)
  object space 349696K, 35% used [0x00000007a0000000,0x00000007a7ad7a70,0x00000007b5580000)
 Metaspace       used 5452K, capacity 5616K, committed 5760K, reserved 1056768K
  class space    used 580K, capacity 630K, committed 640K, reserved 1048576K
2018-07-25T18:08:45.128-0800: 47.409: [GC (Allocation Failure) [PSYoungGen: 128919K->9942K(154624K)] 254710K->187816K(504320K), 0.0060576 secs] [Times: user=0.05 sys=0.00, real=0.01 secs] 
Heap after GC invocations=618 (full 61):
 PSYoungGen      total 154624K, used 9942K [0x00000007b5580000, 0x00000007c0000000, 0x00000007c0000000)
  eden space 135168K, 0% used [0x00000007b5580000,0x00000007b5580000,0x00000007bd980000)
  from space 19456K, 51% used [0x00000007bd980000,0x00000007be335bd8,0x00000007bec80000)
  to   space 19456K, 0% used [0x00000007bed00000,0x00000007bed00000,0x00000007c0000000)
 ParOldGen       total 349696K, used 177874K [0x00000007a0000000, 0x00000007b5580000, 0x00000007b5580000)
  object space 349696K, 50% used [0x00000007a0000000,0x00000007aadb4820,0x00000007b5580000)
 Metaspace       used 5452K, capacity 5616K, committed 5760K, reserved 1056768K
  class space    used 580K, capacity 630K, committed 640K, reserved 1048576K
}
{Heap before GC invocations=619 (full 61):
 PSYoungGen      total 154624K, used 142376K [0x00000007b5580000, 0x00000007c0000000, 0x00000007c0000000)
  eden space 135168K, 97% used [0x00000007b5580000,0x00000007bd6d4460,0x00000007bd980000)
  from space 19456K, 51% used [0x00000007bd980000,0x00000007be335bd8,0x00000007bec80000)
  to   space 19456K, 0% used [0x00000007bed00000,0x00000007bed00000,0x00000007c0000000)
 ParOldGen       total 349696K, used 177874K [0x00000007a0000000, 0x00000007b5580000, 0x00000007b5580000)
  object space 349696K, 50% used [0x00000007a0000000,0x00000007aadb4820,0x00000007b5580000)
 Metaspace       used 5452K, capacity 5616K, committed 5760K, reserved 1056768K
  class space    used 580K, capacity 630K, committed 640K, reserved 1048576K
2018-07-25T18:08:45.227-0800: 47.507: [GC (Allocation Failure) [PSYoungGen: 142376K->145K(155136K)] 320250K->178019K(504832K), 0.0011890 secs] [Times: user=0.01 sys=0.00, real=0.00 secs] 
Heap after GC invocations=619 (full 61):
 PSYoungGen      total 155136K, used 145K [0x00000007b5580000, 0x00000007c0000000, 0x00000007c0000000)
  eden space 135680K, 0% used [0x00000007b5580000,0x00000007b5580000,0x00000007bda00000)
  from space 19456K, 0% used [0x00000007bed00000,0x00000007bed24698,0x00000007c0000000)
  to   space 19456K, 0% used [0x00000007bda00000,0x00000007bda00000,0x00000007bed00000)
 ParOldGen       total 349696K, used 177874K [0x00000007a0000000, 0x00000007b5580000, 0x00000007b5580000)
  object space 349696K, 50% used [0x00000007a0000000,0x00000007aadb4820,0x00000007b5580000)
 Metaspace       used 5452K, capacity 5616K, committed 5760K, reserved 1056768K
  class space    used 580K, capacity 630K, committed 640K, reserved 1048576K
}
{Heap before GC invocations=620 (full 61):
 PSYoungGen      total 155136K, used 129486K [0x00000007b5580000, 0x00000007c0000000, 0x00000007c0000000)
  eden space 135680K, 95% used [0x00000007b5580000,0x00000007bd3cf470,0x00000007bda00000)
  from space 19456K, 0% used [0x00000007bed00000,0x00000007bed24698,0x00000007c0000000)
  to   space 19456K, 0% used [0x00000007bda00000,0x00000007bda00000,0x00000007bed00000)
 ParOldGen       total 349696K, used 177874K [0x00000007a0000000, 0x00000007b5580000, 0x00000007b5580000)
  object space 349696K, 50% used [0x00000007a0000000,0x00000007aadb4820,0x00000007b5580000)
 Metaspace       used 5452K, capacity 5616K, committed 5760K, reserved 1056768K
  class space    used 580K, capacity 630K, committed 640K, reserved 1048576K
2018-07-25T18:08:45.256-0800: 47.537: [GC (Allocation Failure) [PSYoungGen: 129486K->9797K(155136K)] 307360K->239852K(504832K), 0.0067201 secs] [Times: user=0.05 sys=0.00, real=0.01 secs] 
Heap after GC invocations=620 (full 61):
 PSYoungGen      total 155136K, used 9797K [0x00000007b5580000, 0x00000007c0000000, 0x00000007c0000000)
  eden space 135680K, 0% used [0x00000007b5580000,0x00000007b5580000,0x00000007bda00000)
  from space 19456K, 50% used [0x00000007bda00000,0x00000007be391698,0x00000007bed00000)
  to   space 19456K, 0% used [0x00000007bed00000,0x00000007bed00000,0x00000007c0000000)
 ParOldGen       total 349696K, used 230055K [0x00000007a0000000, 0x00000007b5580000, 0x00000007b5580000)
  object space 349696K, 65% used [0x00000007a0000000,0x00000007ae0a9c50,0x00000007b5580000)
 Metaspace       used 5452K, capacity 5616K, committed 5760K, reserved 1056768K
  class space    used 580K, capacity 630K, committed 640K, reserved 1048576K
}
{Heap before GC invocations=621 (full 61):
 PSYoungGen      total 155136K, used 139238K [0x00000007b5580000, 0x00000007c0000000, 0x00000007c0000000)
  eden space 135680K, 95% used [0x00000007b5580000,0x00000007bd3e81f8,0x00000007bda00000)
  from space 19456K, 50% used [0x00000007bda00000,0x00000007be391698,0x00000007bed00000)
  to   space 19456K, 0% used [0x00000007bed00000,0x00000007bed00000,0x00000007c0000000)
 ParOldGen       total 349696K, used 230055K [0x00000007a0000000, 0x00000007b5580000, 0x00000007b5580000)
  object space 349696K, 65% used [0x00000007a0000000,0x00000007ae0a9c50,0x00000007b5580000)
 Metaspace       used 5452K, capacity 5616K, committed 5760K, reserved 1056768K
  class space    used 580K, capacity 630K, committed 640K, reserved 1048576K
2018-07-25T18:08:45.369-0800: 47.650: [GC (Allocation Failure) [PSYoungGen: 139238K->9943K(154112K)] 369293K->266040K(503808K), 0.0042509 secs] [Times: user=0.03 sys=0.00, real=0.01 secs] 
Heap after GC invocations=621 (full 61):
 PSYoungGen      total 154112K, used 9943K [0x00000007b5580000, 0x00000007c0000000, 0x00000007c0000000)
  eden space 134656K, 0% used [0x00000007b5580000,0x00000007b5580000,0x00000007bd900000)
  from space 19456K, 51% used [0x00000007bed00000,0x00000007bf6b5e88,0x00000007c0000000)
  to   space 19968K, 0% used [0x00000007bd900000,0x00000007bd900000,0x00000007bec80000)
 ParOldGen       total 349696K, used 256096K [0x00000007a0000000, 0x00000007b5580000, 0x00000007b5580000)
  object space 349696K, 73% used [0x00000007a0000000,0x00000007afa18318,0x00000007b5580000)
 Metaspace       used 5452K, capacity 5616K, committed 5760K, reserved 1056768K
  class space    used 580K, capacity 630K, committed 640K, reserved 1048576K
}
{Heap before GC invocations=622 (full 61):
 PSYoungGen      total 154112K, used 116354K [0x00000007b5580000, 0x00000007c0000000, 0x00000007c0000000)
  eden space 134656K, 79% used [0x00000007b5580000,0x00000007bbd6ad00,0x00000007bd900000)
  from space 19456K, 51% used [0x00000007bed00000,0x00000007bf6b5e88,0x00000007c0000000)
  to   space 19968K, 0% used [0x00000007bd900000,0x00000007bd900000,0x00000007bec80000)
 ParOldGen       total 349696K, used 256096K [0x00000007a0000000, 0x00000007b5580000, 0x00000007b5580000)
  object space 349696K, 73% used [0x00000007a0000000,0x00000007afa18318,0x00000007b5580000)
 Metaspace       used 5452K, capacity 5616K, committed 5760K, reserved 1056768K
  class space    used 580K, capacity 630K, committed 640K, reserved 1048576K
2018-07-25T18:08:45.386-0800: 47.666: [GC (Allocation Failure) [PSYoungGen: 116354K->0K(154624K)] 372451K->292002K(504320K), 0.0052582 secs] [Times: user=0.04 sys=0.00, real=0.01 secs] 
Heap after GC invocations=622 (full 61):
 PSYoungGen      total 154624K, used 0K [0x00000007b5580000, 0x00000007c0000000, 0x00000007c0000000)
  eden space 134656K, 0% used [0x00000007b5580000,0x00000007b5580000,0x00000007bd900000)
  from space 19968K, 0% used [0x00000007bd900000,0x00000007bd900000,0x00000007bec80000)
  to   space 19456K, 0% used [0x00000007bed00000,0x00000007bed00000,0x00000007c0000000)
 ParOldGen       total 349696K, used 292002K [0x00000007a0000000, 0x00000007b5580000, 0x00000007b5580000)
  object space 349696K, 83% used [0x00000007a0000000,0x00000007b1d288a8,0x00000007b5580000)
 Metaspace       used 5452K, capacity 5616K, committed 5760K, reserved 1056768K
  class space    used 580K, capacity 630K, committed 640K, reserved 1048576K
}
{Heap before GC invocations=623 (full 62):
 PSYoungGen      total 154624K, used 0K [0x00000007b5580000, 0x00000007c0000000, 0x00000007c0000000)
  eden space 134656K, 0% used [0x00000007b5580000,0x00000007b5580000,0x00000007bd900000)
  from space 19968K, 0% used [0x00000007bd900000,0x00000007bd900000,0x00000007bec80000)
  to   space 19456K, 0% used [0x00000007bed00000,0x00000007bed00000,0x00000007c0000000)
 ParOldGen       total 349696K, used 292002K [0x00000007a0000000, 0x00000007b5580000, 0x00000007b5580000)
  object space 349696K, 83% used [0x00000007a0000000,0x00000007b1d288a8,0x00000007b5580000)
 Metaspace       used 5452K, capacity 5616K, committed 5760K, reserved 1056768K
  class space    used 580K, capacity 630K, committed 640K, reserved 1048576K
2018-07-25T18:08:45.391-0800: 47.672: [Full GC (Ergonomics) [PSYoungGen: 0K->0K(154624K)] [ParOldGen: 292002K->47666K(349696K)] 292002K->47666K(504320K), [Metaspace: 5452K->5452K(1056768K)], 0.0102482 secs] [Times: user=0.05 sys=0.00, real=0.01 secs] 
Heap after GC invocations=623 (full 62):
 PSYoungGen      total 154624K, used 0K [0x00000007b5580000, 0x00000007c0000000, 0x00000007c0000000)
  eden space 134656K, 0% used [0x00000007b5580000,0x00000007b5580000,0x00000007bd900000)
  from space 19968K, 0% used [0x00000007bd900000,0x00000007bd900000,0x00000007bec80000)
  to   space 19456K, 0% used [0x00000007bed00000,0x00000007bed00000,0x00000007c0000000)
 ParOldGen       total 349696K, used 47666K [0x00000007a0000000, 0x00000007b5580000, 0x00000007b5580000)
  object space 349696K, 13% used [0x00000007a0000000,0x00000007a2e8c9b8,0x00000007b5580000)
 Metaspace       used 5452K, capacity 5616K, committed 5760K, reserved 1056768K
  class space    used 580K, capacity 630K, committed 640K, reserved 1048576K
}
{Heap before GC invocations=624 (full 62):
 PSYoungGen      total 154624K, used 129222K [0x00000007b5580000, 0x00000007c0000000, 0x00000007c0000000)
  eden space 134656K, 95% used [0x00000007b5580000,0x00000007bd3b1bc8,0x00000007bd900000)
  from space 19968K, 0% used [0x00000007bd900000,0x00000007bd900000,0x00000007bec80000)
  to   space 19456K, 0% used [0x00000007bed00000,0x00000007bed00000,0x00000007c0000000)
 ParOldGen       total 349696K, used 47666K [0x00000007a0000000, 0x00000007b5580000, 0x00000007b5580000)
  object space 349696K, 13% used [0x00000007a0000000,0x00000007a2e8c9b8,0x00000007b5580000)
 Metaspace       used 5452K, capacity 5616K, committed 5760K, reserved 1056768K
  class space    used 580K, capacity 630K, committed 640K, reserved 1048576K
2018-07-25T18:08:45.519-0800: 47.799: [GC (Allocation Failure) [PSYoungGen: 129222K->9943K(154112K)] 176889K->109693K(503808K), 0.0057607 secs] [Times: user=0.05 sys=0.00, real=0.01 secs] 
Heap after GC invocations=624 (full 62):
 PSYoungGen      total 154112K, used 9943K [0x00000007b5580000, 0x00000007c0000000, 0x00000007c0000000)
  eden space 134656K, 0% used [0x00000007b5580000,0x00000007b5580000,0x00000007bd900000)
  from space 19456K, 51% used [0x00000007bed00000,0x00000007bf6b5fe0,0x00000007c0000000)
  to   space 19968K, 0% used [0x00000007bd900000,0x00000007bd900000,0x00000007bec80000)
 ParOldGen       total 349696K, used 99749K [0x00000007a0000000, 0x00000007b5580000, 0x00000007b5580000)
  object space 349696K, 28% used [0x00000007a0000000,0x00000007a6169768,0x00000007b5580000)
 Metaspace       used 5452K, capacity 5616K, committed 5760K, reserved 1056768K
  class space    used 580K, capacity 630K, committed 640K, reserved 1048576K
}
{Heap before GC invocations=625 (full 62):
 PSYoungGen      total 154112K, used 142553K [0x00000007b5580000, 0x00000007c0000000, 0x00000007c0000000)
  eden space 134656K, 98% used [0x00000007b5580000,0x00000007bd700790,0x00000007bd900000)
  from space 19456K, 51% used [0x00000007bed00000,0x00000007bf6b5fe0,0x00000007c0000000)
  to   space 19968K, 0% used [0x00000007bd900000,0x00000007bd900000,0x00000007bec80000)
 ParOldGen       total 349696K, used 99749K [0x00000007a0000000, 0x00000007b5580000, 0x00000007b5580000)
  object space 349696K, 28% used [0x00000007a0000000,0x00000007a6169768,0x00000007b5580000)
 Metaspace       used 5452K, capacity 5616K, committed 5760K, reserved 1056768K
  class space    used 580K, capacity 630K, committed 640K, reserved 1048576K
2018-07-25T18:08:45.617-0800: 47.898: [GC (Allocation Failure) [PSYoungGen: 142553K->210K(154624K)] 242303K->99960K(504320K), 0.0009347 secs] [Times: user=0.00 sys=0.00, real=0.00 secs] 
Heap after GC invocations=625 (full 62):
 PSYoungGen      total 154624K, used 210K [0x00000007b5580000, 0x00000007c0000000, 0x00000007c0000000)
  eden space 134656K, 0% used [0x00000007b5580000,0x00000007b5580000,0x00000007bd900000)
  from space 19968K, 1% used [0x00000007bd900000,0x00000007bd934aa0,0x00000007bec80000)
  to   space 19456K, 0% used [0x00000007bed00000,0x00000007bed00000,0x00000007c0000000)
 ParOldGen       total 349696K, used 99749K [0x00000007a0000000, 0x00000007b5580000, 0x00000007b5580000)
  object space 349696K, 28% used [0x00000007a0000000,0x00000007a6169768,0x00000007b5580000)
 Metaspace       used 5452K, capacity 5616K, committed 5760K, reserved 1056768K
  class space    used 580K, capacity 630K, committed 640K, reserved 1048576K
}
{Heap before GC invocations=626 (full 62):
 PSYoungGen      total 154624K, used 129652K [0x00000007b5580000, 0x00000007c0000000, 0x00000007c0000000)
  eden space 134656K, 96% used [0x00000007b5580000,0x00000007bd3e8918,0x00000007bd900000)
  from space 19968K, 1% used [0x00000007bd900000,0x00000007bd934aa0,0x00000007bec80000)
  to   space 19456K, 0% used [0x00000007bed00000,0x00000007bed00000,0x00000007c0000000)
 ParOldGen       total 349696K, used 99749K [0x00000007a0000000, 0x00000007b5580000, 0x00000007b5580000)
  object space 349696K, 28% used [0x00000007a0000000,0x00000007a6169768,0x00000007b5580000)
 Metaspace       used 5452K, capacity 5616K, committed 5760K, reserved 1056768K
  class space    used 580K, capacity 630K, committed 640K, reserved 1048576K
2018-07-25T18:08:45.646-0800: 47.927: [GC (Allocation Failure) [PSYoungGen: 129652K->9797K(155136K)] 229402K->161745K(504832K), 0.0078349 secs] [Times: user=0.06 sys=0.00, real=0.01 secs] 
Heap after GC invocations=626 (full 62):
 PSYoungGen      total 155136K, used 9797K [0x00000007b5580000, 0x00000007c0000000, 0x00000007c0000000)
  eden space 135680K, 0% used [0x00000007b5580000,0x00000007b5580000,0x00000007bda00000)
  from space 19456K, 50% used [0x00000007bed00000,0x00000007bf691698,0x00000007c0000000)
  to   space 19456K, 0% used [0x00000007bda00000,0x00000007bda00000,0x00000007bed00000)
 ParOldGen       total 349696K, used 151947K [0x00000007a0000000, 0x00000007b5580000, 0x00000007b5580000)
  object space 349696K, 43% used [0x00000007a0000000,0x00000007a9462fa0,0x00000007b5580000)
 Metaspace       used 5452K, capacity 5616K, committed 5760K, reserved 1056768K
  class space    used 580K, capacity 630K, committed 640K, reserved 1048576K
}
{Heap before GC invocations=627 (full 62):
 PSYoungGen      total 155136K, used 139315K [0x00000007b5580000, 0x00000007c0000000, 0x00000007c0000000)
  eden space 135680K, 95% used [0x00000007b5580000,0x00000007bd3fb768,0x00000007bda00000)
  from space 19456K, 50% used [0x00000007bed00000,0x00000007bf691698,0x00000007c0000000)
  to   space 19456K, 0% used [0x00000007bda00000,0x00000007bda00000,0x00000007bed00000)
 ParOldGen       total 349696K, used 151947K [0x00000007a0000000, 0x00000007b5580000, 0x00000007b5580000)
  object space 349696K, 43% used [0x00000007a0000000,0x00000007a9462fa0,0x00000007b5580000)
 Metaspace       used 5452K, capacity 5616K, committed 5760K, reserved 1056768K
  class space    used 580K, capacity 630K, committed 640K, reserved 1048576K
2018-07-25T18:08:45.761-0800: 48.041: [GC (Allocation Failure) [PSYoungGen: 139315K->9912K(145920K)] 291263K->187902K(495616K), 0.0041633 secs] [Times: user=0.03 sys=0.00, real=0.00 secs] 
Heap after GC invocations=627 (full 62):
 PSYoungGen      total 145920K, used 9912K [0x00000007b5580000, 0x00000007c0000000, 0x00000007c0000000)
  eden space 135680K, 0% used [0x00000007b5580000,0x00000007b5580000,0x00000007bda00000)
  from space 10240K, 96% used [0x00000007bda00000,0x00000007be3ae290,0x00000007be400000)
  to   space 19968K, 0% used [0x00000007bec80000,0x00000007bec80000,0x00000007c0000000)
 ParOldGen       total 349696K, used 177989K [0x00000007a0000000, 0x00000007b5580000, 0x00000007b5580000)
  object space 349696K, 50% used [0x00000007a0000000,0x00000007aadd1668,0x00000007b5580000)
 Metaspace       used 5452K, capacity 5616K, committed 5760K, reserved 1056768K
  class space    used 580K, capacity 630K, committed 640K, reserved 1048576K
}
{Heap before GC invocations=628 (full 62):
 PSYoungGen      total 145920K, used 116390K [0x00000007b5580000, 0x00000007c0000000, 0x00000007c0000000)
  eden space 135680K, 78% used [0x00000007b5580000,0x00000007bbd7b8d8,0x00000007bda00000)
  from space 10240K, 96% used [0x00000007bda00000,0x00000007be3ae290,0x00000007be400000)
  to   space 19968K, 0% used [0x00000007bec80000,0x00000007bec80000,0x00000007c0000000)
 ParOldGen       total 349696K, used 177989K [0x00000007a0000000, 0x00000007b5580000, 0x00000007b5580000)
  object space 349696K, 50% used [0x00000007a0000000,0x00000007aadd1668,0x00000007b5580000)
 Metaspace       used 5452K, capacity 5616K, committed 5760K, reserved 1056768K
  class space    used 580K, capacity 630K, committed 640K, reserved 1048576K
2018-07-25T18:08:45.777-0800: 48.057: [GC (Allocation Failure) [PSYoungGen: 116390K->0K(155136K)] 294380K->213896K(504832K), 0.0051362 secs] [Times: user=0.04 sys=0.00, real=0.01 secs] 
Heap after GC invocations=628 (full 62):
 PSYoungGen      total 155136K, used 0K [0x00000007b5580000, 0x00000007c0000000, 0x00000007c0000000)
  eden space 135168K, 0% used [0x00000007b5580000,0x00000007b5580000,0x00000007bd980000)
  from space 19968K, 0% used [0x00000007bec80000,0x00000007bec80000,0x00000007c0000000)
  to   space 19456K, 0% used [0x00000007bd980000,0x00000007bd980000,0x00000007bec80000)
 ParOldGen       total 349696K, used 213896K [0x00000007a0000000, 0x00000007b5580000, 0x00000007b5580000)
  object space 349696K, 61% used [0x00000007a0000000,0x00000007ad0e2000,0x00000007b5580000)
 Metaspace       used 5452K, capacity 5616K, committed 5760K, reserved 1056768K
  class space    used 580K, capacity 630K, committed 640K, reserved 1048576K
}
{Heap before GC invocations=629 (full 62):
 PSYoungGen      total 155136K, used 129263K [0x00000007b5580000, 0x00000007c0000000, 0x00000007c0000000)
  eden space 135168K, 95% used [0x00000007b5580000,0x00000007bd3bbda8,0x00000007bd980000)
  from space 19968K, 0% used [0x00000007bec80000,0x00000007bec80000,0x00000007c0000000)
  to   space 19456K, 0% used [0x00000007bd980000,0x00000007bd980000,0x00000007bec80000)
 ParOldGen       total 349696K, used 213896K [0x00000007a0000000, 0x00000007b5580000, 0x00000007b5580000)
  object space 349696K, 61% used [0x00000007a0000000,0x00000007ad0e2000,0x00000007b5580000)
 Metaspace       used 5452K, capacity 5616K, committed 5760K, reserved 1056768K
  class space    used 580K, capacity 630K, committed 640K, reserved 1048576K
2018-07-25T18:08:45.890-0800: 48.170: [GC (Allocation Failure) [PSYoungGen: 129263K->9944K(154624K)] 343159K->275924K(504320K), 0.0062788 secs] [Times: user=0.04 sys=0.01, real=0.00 secs] 
Heap after GC invocations=629 (full 62):
 PSYoungGen      total 154624K, used 9944K [0x00000007b5580000, 0x00000007c0000000, 0x00000007c0000000)
  eden space 135168K, 0% used [0x00000007b5580000,0x00000007b5580000,0x00000007bd980000)
  from space 19456K, 51% used [0x00000007bd980000,0x00000007be3363e8,0x00000007bec80000)
  to   space 19456K, 0% used [0x00000007bed00000,0x00000007bed00000,0x00000007c0000000)
 ParOldGen       total 349696K, used 265979K [0x00000007a0000000, 0x00000007b5580000, 0x00000007b5580000)
  object space 349696K, 76% used [0x00000007a0000000,0x00000007b03bedb0,0x00000007b5580000)
 Metaspace       used 5452K, capacity 5616K, committed 5760K, reserved 1056768K
  class space    used 580K, capacity 630K, committed 640K, reserved 1048576K
}
{Heap before GC invocations=630 (full 62):
 PSYoungGen      total 154624K, used 142601K [0x00000007b5580000, 0x00000007c0000000, 0x00000007c0000000)
  eden space 135168K, 98% used [0x00000007b5580000,0x00000007bd70c158,0x00000007bd980000)
  from space 19456K, 51% used [0x00000007bd980000,0x00000007be3363e8,0x00000007bec80000)
  to   space 19456K, 0% used [0x00000007bed00000,0x00000007bed00000,0x00000007c0000000)
 ParOldGen       total 349696K, used 265979K [0x00000007a0000000, 0x00000007b5580000, 0x00000007b5580000)
  object space 349696K, 76% used [0x00000007a0000000,0x00000007b03bedb0,0x00000007b5580000)
 Metaspace       used 5452K, capacity 5616K, committed 5760K, reserved 1056768K
  class space    used 580K, capacity 630K, committed 640K, reserved 1048576K
2018-07-25T18:08:45.992-0800: 48.273: [GC (Allocation Failure) [PSYoungGen: 142601K->147K(155136K)] 408580K->266127K(504832K), 0.0015176 secs] [Times: user=0.01 sys=0.00, real=0.00 secs] 
Heap after GC invocations=630 (full 62):
 PSYoungGen      total 155136K, used 147K [0x00000007b5580000, 0x00000007c0000000, 0x00000007c0000000)
  eden space 135680K, 0% used [0x00000007b5580000,0x00000007b5580000,0x00000007bda00000)
  from space 19456K, 0% used [0x00000007bed00000,0x00000007bed24ea8,0x00000007c0000000)
  to   space 19456K, 0% used [0x00000007bda00000,0x00000007bda00000,0x00000007bed00000)
 ParOldGen       total 349696K, used 265979K [0x00000007a0000000, 0x00000007b5580000, 0x00000007b5580000)
  object space 349696K, 76% used [0x00000007a0000000,0x00000007b03bedb0,0x00000007b5580000)
 Metaspace       used 5452K, capacity 5616K, committed 5760K, reserved 1056768K
  class space    used 580K, capacity 630K, committed 640K, reserved 1048576K
}
{Heap before GC invocations=631 (full 62):
 PSYoungGen      total 155136K, used 129632K [0x00000007b5580000, 0x00000007c0000000, 0x00000007c0000000)
  eden space 135680K, 95% used [0x00000007b5580000,0x00000007bd3f3500,0x00000007bda00000)
  from space 19456K, 0% used [0x00000007bed00000,0x00000007bed24ea8,0x00000007c0000000)
  to   space 19456K, 0% used [0x00000007bda00000,0x00000007bda00000,0x00000007bed00000)
 ParOldGen       total 349696K, used 265979K [0x00000007a0000000, 0x00000007b5580000, 0x00000007b5580000)
  object space 349696K, 76% used [0x00000007a0000000,0x00000007b03bedb0,0x00000007b5580000)
 Metaspace       used 5452K, capacity 5616K, committed 5760K, reserved 1056768K
  class space    used 580K, capacity 630K, committed 640K, reserved 1048576K
2018-07-25T18:08:46.025-0800: 48.305: [GC (Allocation Failure) [PSYoungGen: 129632K->9797K(155136K)] 395612K->327968K(504832K), 0.0077407 secs] [Times: user=0.06 sys=0.00, real=0.01 secs] 
Heap after GC invocations=631 (full 62):
 PSYoungGen      total 155136K, used 9797K [0x00000007b5580000, 0x00000007c0000000, 0x00000007c0000000)
  eden space 135680K, 0% used [0x00000007b5580000,0x00000007b5580000,0x00000007bda00000)
  from space 19456K, 50% used [0x00000007bda00000,0x00000007be391698,0x00000007bed00000)
  to   space 19456K, 0% used [0x00000007bed00000,0x00000007bed00000,0x00000007c0000000)
 ParOldGen       total 349696K, used 318170K [0x00000007a0000000, 0x00000007b5580000, 0x00000007b5580000)
  object space 349696K, 90% used [0x00000007a0000000,0x00000007b36b69f0,0x00000007b5580000)
 Metaspace       used 5452K, capacity 5616K, committed 5760K, reserved 1056768K
  class space    used 580K, capacity 630K, committed 640K, reserved 1048576K
}
{Heap before GC invocations=632 (full 63):
 PSYoungGen      total 155136K, used 9797K [0x00000007b5580000, 0x00000007c0000000, 0x00000007c0000000)
  eden space 135680K, 0% used [0x00000007b5580000,0x00000007b5580000,0x00000007bda00000)
  from space 19456K, 50% used [0x00000007bda00000,0x00000007be391698,0x00000007bed00000)
  to   space 19456K, 0% used [0x00000007bed00000,0x00000007bed00000,0x00000007c0000000)
 ParOldGen       total 349696K, used 318170K [0x00000007a0000000, 0x00000007b5580000, 0x00000007b5580000)
  object space 349696K, 90% used [0x00000007a0000000,0x00000007b36b69f0,0x00000007b5580000)
 Metaspace       used 5452K, capacity 5616K, committed 5760K, reserved 1056768K
  class space    used 580K, capacity 630K, committed 640K, reserved 1048576K
2018-07-25T18:08:46.033-0800: 48.313: [Full GC (Ergonomics) [PSYoungGen: 9797K->0K(155136K)] [ParOldGen: 318170K->73709K(349696K)] 327968K->73709K(504832K), [Metaspace: 5452K->5452K(1056768K)], 0.0098885 secs] [Times: user=0.05 sys=0.00, real=0.01 secs] 
Heap after GC invocations=632 (full 63):
 PSYoungGen      total 155136K, used 0K [0x00000007b5580000, 0x00000007c0000000, 0x00000007c0000000)
  eden space 135680K, 0% used [0x00000007b5580000,0x00000007b5580000,0x00000007bda00000)
  from space 19456K, 0% used [0x00000007bda00000,0x00000007bda00000,0x00000007bed00000)
  to   space 19456K, 0% used [0x00000007bed00000,0x00000007bed00000,0x00000007c0000000)
 ParOldGen       total 349696K, used 73709K [0x00000007a0000000, 0x00000007b5580000, 0x00000007b5580000)
  object space 349696K, 21% used [0x00000007a0000000,0x00000007a47fb718,0x00000007b5580000)
 Metaspace       used 5452K, capacity 5616K, committed 5760K, reserved 1056768K
  class space    used 580K, capacity 630K, committed 640K, reserved 1048576K
}
{Heap before GC invocations=633 (full 63):
 PSYoungGen      total 155136K, used 129533K [0x00000007b5580000, 0x00000007c0000000, 0x00000007c0000000)
  eden space 135680K, 95% used [0x00000007b5580000,0x00000007bd3ff4d0,0x00000007bda00000)
  from space 19456K, 0% used [0x00000007bda00000,0x00000007bda00000,0x00000007bed00000)
  to   space 19456K, 0% used [0x00000007bed00000,0x00000007bed00000,0x00000007c0000000)
 ParOldGen       total 349696K, used 73709K [0x00000007a0000000, 0x00000007b5580000, 0x00000007b5580000)
  object space 349696K, 21% used [0x00000007a0000000,0x00000007a47fb718,0x00000007b5580000)
 Metaspace       used 5452K, capacity 5616K, committed 5760K, reserved 1056768K
  class space    used 580K, capacity 630K, committed 640K, reserved 1048576K
2018-07-25T18:08:46.155-0800: 48.436: [GC (Allocation Failure) [PSYoungGen: 129533K->9945K(154112K)] 203242K->135738K(503808K), 0.0063220 secs] [Times: user=0.05 sys=0.00, real=0.01 secs] 
Heap after GC invocations=633 (full 63):
 PSYoungGen      total 154112K, used 9945K [0x00000007b5580000, 0x00000007c0000000, 0x00000007c0000000)
  eden space 134656K, 0% used [0x00000007b5580000,0x00000007b5580000,0x00000007bd900000)
  from space 19456K, 51% used [0x00000007bed00000,0x00000007bf6b6698,0x00000007c0000000)
  to   space 19968K, 0% used [0x00000007bd900000,0x00000007bd900000,0x00000007bec80000)
 ParOldGen       total 349696K, used 125793K [0x00000007a0000000, 0x00000007b5580000, 0x00000007b5580000)
  object space 349696K, 35% used [0x00000007a0000000,0x00000007a7ad84e8,0x00000007b5580000)
 Metaspace       used 5452K, capacity 5616K, committed 5760K, reserved 1056768K
  class space    used 580K, capacity 630K, committed 640K, reserved 1048576K
}
{Heap before GC invocations=634 (full 63):
 PSYoungGen      total 154112K, used 116416K [0x00000007b5580000, 0x00000007c0000000, 0x00000007c0000000)
  eden space 134656K, 79% used [0x00000007b5580000,0x00000007bbd79a60,0x00000007bd900000)
  from space 19456K, 51% used [0x00000007bed00000,0x00000007bf6b6698,0x00000007c0000000)
  to   space 19968K, 0% used [0x00000007bd900000,0x00000007bd900000,0x00000007bec80000)
 ParOldGen       total 349696K, used 125793K [0x00000007a0000000, 0x00000007b5580000, 0x00000007b5580000)
  object space 349696K, 35% used [0x00000007a0000000,0x00000007a7ad84e8,0x00000007b5580000)
 Metaspace       used 5452K, capacity 5616K, committed 5760K, reserved 1056768K
  class space    used 580K, capacity 630K, committed 640K, reserved 1048576K
2018-07-25T18:08:46.174-0800: 48.454: [GC (Allocation Failure) [PSYoungGen: 116416K->0K(154624K)] 242209K->161708K(504320K), 0.0051350 secs] [Times: user=0.04 sys=0.00, real=0.00 secs] 
Heap after GC invocations=634 (full 63):
 PSYoungGen      total 154624K, used 0K [0x00000007b5580000, 0x00000007c0000000, 0x00000007c0000000)
  eden space 134656K, 0% used [0x00000007b5580000,0x00000007b5580000,0x00000007bd900000)
  from space 19968K, 0% used [0x00000007bd900000,0x00000007bd900000,0x00000007bec80000)
  to   space 19456K, 0% used [0x00000007bed00000,0x00000007bed00000,0x00000007c0000000)
 ParOldGen       total 349696K, used 161708K [0x00000007a0000000, 0x00000007b5580000, 0x00000007b5580000)
  object space 349696K, 46% used [0x00000007a0000000,0x00000007a9deb288,0x00000007b5580000)
 Metaspace       used 5452K, capacity 5616K, committed 5760K, reserved 1056768K
  class space    used 580K, capacity 630K, committed 640K, reserved 1048576K
}
{Heap before GC invocations=635 (full 63):
 PSYoungGen      total 154624K, used 129261K [0x00000007b5580000, 0x00000007c0000000, 0x00000007c0000000)
  eden space 134656K, 95% used [0x00000007b5580000,0x00000007bd3bb490,0x00000007bd900000)
  from space 19968K, 0% used [0x00000007bd900000,0x00000007bd900000,0x00000007bec80000)
  to   space 19456K, 0% used [0x00000007bed00000,0x00000007bed00000,0x00000007c0000000)
 ParOldGen       total 349696K, used 161708K [0x00000007a0000000, 0x00000007b5580000, 0x00000007b5580000)
  object space 349696K, 46% used [0x00000007a0000000,0x00000007a9deb288,0x00000007b5580000)
 Metaspace       used 5452K, capacity 5616K, committed 5760K, reserved 1056768K
  class space    used 580K, capacity 630K, committed 640K, reserved 1048576K
2018-07-25T18:08:46.287-0800: 48.567: [GC (Allocation Failure) [PSYoungGen: 129261K->9945K(154112K)] 290969K->223738K(503808K), 0.0067373 secs] [Times: user=0.05 sys=0.00, real=0.01 secs] 
Heap after GC invocations=635 (full 63):
 PSYoungGen      total 154112K, used 9945K [0x00000007b5580000, 0x00000007c0000000, 0x00000007c0000000)
  eden space 134656K, 0% used [0x00000007b5580000,0x00000007b5580000,0x00000007bd900000)
  from space 19456K, 51% used [0x00000007bed00000,0x00000007bf6b67f0,0x00000007c0000000)
  to   space 19968K, 0% used [0x00000007bd900000,0x00000007bd900000,0x00000007bec80000)
 ParOldGen       total 349696K, used 213792K [0x00000007a0000000, 0x00000007b5580000, 0x00000007b5580000)
  object space 349696K, 61% used [0x00000007a0000000,0x00000007ad0c8038,0x00000007b5580000)
 Metaspace       used 5452K, capacity 5616K, committed 5760K, reserved 1056768K
  class space    used 580K, capacity 630K, committed 640K, reserved 1048576K
}
{Heap before GC invocations=636 (full 63):
 PSYoungGen      total 154112K, used 142597K [0x00000007b5580000, 0x00000007c0000000, 0x00000007c0000000)
  eden space 134656K, 98% used [0x00000007b5580000,0x00000007bd70ad18,0x00000007bd900000)
  from space 19456K, 51% used [0x00000007bed00000,0x00000007bf6b67f0,0x00000007c0000000)
  to   space 19968K, 0% used [0x00000007bd900000,0x00000007bd900000,0x00000007bec80000)
 ParOldGen       total 349696K, used 213792K [0x00000007a0000000, 0x00000007b5580000, 0x00000007b5580000)
  object space 349696K, 61% used [0x00000007a0000000,0x00000007ad0c8038,0x00000007b5580000)
 Metaspace       used 5452K, capacity 5616K, committed 5760K, reserved 1056768K
  class space    used 580K, capacity 630K, committed 640K, reserved 1048576K
2018-07-25T18:08:46.385-0800: 48.666: [GC (Allocation Failure) [PSYoungGen: 142597K->148K(154624K)] 356389K->213940K(504320K), 0.0017296 secs] [Times: user=0.01 sys=0.00, real=0.00 secs] 
Heap after GC invocations=636 (full 63):
 PSYoungGen      total 154624K, used 148K [0x00000007b5580000, 0x00000007c0000000, 0x00000007c0000000)
  eden space 134656K, 0% used [0x00000007b5580000,0x00000007b5580000,0x00000007bd900000)
  from space 19968K, 0% used [0x00000007bd900000,0x00000007bd9252b0,0x00000007bec80000)
  to   space 19456K, 0% used [0x00000007bed00000,0x00000007bed00000,0x00000007c0000000)
 ParOldGen       total 349696K, used 213792K [0x00000007a0000000, 0x00000007b5580000, 0x00000007b5580000)
  object space 349696K, 61% used [0x00000007a0000000,0x00000007ad0c8038,0x00000007b5580000)
 Metaspace       used 5452K, capacity 5616K, committed 5760K, reserved 1056768K
  class space    used 580K, capacity 630K, committed 640K, reserved 1048576K
}
{Heap before GC invocations=637 (full 63):
 PSYoungGen      total 154624K, used 129617K [0x00000007b5580000, 0x00000007c0000000, 0x00000007c0000000)
  eden space 134656K, 96% used [0x00000007b5580000,0x00000007bd3ef3c0,0x00000007bd900000)
  from space 19968K, 0% used [0x00000007bd900000,0x00000007bd9252b0,0x00000007bec80000)
  to   space 19456K, 0% used [0x00000007bed00000,0x00000007bed00000,0x00000007c0000000)
 ParOldGen       total 349696K, used 213792K [0x00000007a0000000, 0x00000007b5580000, 0x00000007b5580000)
  object space 349696K, 61% used [0x00000007a0000000,0x00000007ad0c8038,0x00000007b5580000)
 Metaspace       used 5452K, capacity 5616K, committed 5760K, reserved 1056768K
  class space    used 580K, capacity 630K, committed 640K, reserved 1048576K
2018-07-25T18:08:46.418-0800: 48.699: [GC (Allocation Failure) [PSYoungGen: 129617K->9797K(155136K)] 343409K->275773K(504832K), 0.0080080 secs] [Times: user=0.06 sys=0.00, real=0.01 secs] 
Heap after GC invocations=637 (full 63):
 PSYoungGen      total 155136K, used 9797K [0x00000007b5580000, 0x00000007c0000000, 0x00000007c0000000)
  eden space 135680K, 0% used [0x00000007b5580000,0x00000007b5580000,0x00000007bda00000)
  from space 19456K, 50% used [0x00000007bed00000,0x00000007bf691698,0x00000007c0000000)
  to   space 19456K, 0% used [0x00000007bda00000,0x00000007bda00000,0x00000007bed00000)
 ParOldGen       total 349696K, used 265976K [0x00000007a0000000, 0x00000007b5580000, 0x00000007b5580000)
  object space 349696K, 76% used [0x00000007a0000000,0x00000007b03be080,0x00000007b5580000)
 Metaspace       used 5452K, capacity 5616K, committed 5760K, reserved 1056768K
  class space    used 580K, capacity 630K, committed 640K, reserved 1048576K
}
{Heap before GC invocations=638 (full 63):
 PSYoungGen      total 155136K, used 139332K [0x00000007b5580000, 0x00000007c0000000, 0x00000007c0000000)
  eden space 135680K, 95% used [0x00000007b5580000,0x00000007bd3ffcb8,0x00000007bda00000)
  from space 19456K, 50% used [0x00000007bed00000,0x00000007bf691698,0x00000007c0000000)
  to   space 19456K, 0% used [0x00000007bda00000,0x00000007bda00000,0x00000007bed00000)
 ParOldGen       total 349696K, used 265976K [0x00000007a0000000, 0x00000007b5580000, 0x00000007b5580000)
  object space 349696K, 76% used [0x00000007a0000000,0x00000007b03be080,0x00000007b5580000)
 Metaspace       used 5452K, capacity 5616K, committed 5760K, reserved 1056768K
  class space    used 580K, capacity 630K, committed 640K, reserved 1048576K
2018-07-25T18:08:46.544-0800: 48.825: [GC (Allocation Failure) [PSYoungGen: 139332K->9946K(145920K)] 405308K->301964K(495616K), 0.0039663 secs] [Times: user=0.02 sys=0.00, real=0.00 secs] 
Heap after GC invocations=638 (full 63):
 PSYoungGen      total 145920K, used 9946K [0x00000007b5580000, 0x00000007c0000000, 0x00000007c0000000)
  eden space 135680K, 0% used [0x00000007b5580000,0x00000007b5580000,0x00000007bda00000)
  from space 10240K, 97% used [0x00000007bda00000,0x00000007be3b6aa0,0x00000007be400000)
  to   space 19968K, 0% used [0x00000007bec80000,0x00000007bec80000,0x00000007c0000000)
 ParOldGen       total 349696K, used 292017K [0x00000007a0000000, 0x00000007b5580000, 0x00000007b5580000)
  object space 349696K, 83% used [0x00000007a0000000,0x00000007b1d2c748,0x00000007b5580000)
 Metaspace       used 5452K, capacity 5616K, committed 5760K, reserved 1056768K
  class space    used 580K, capacity 630K, committed 640K, reserved 1048576K
}
{Heap before GC invocations=639 (full 64):
 PSYoungGen      total 145920K, used 9946K [0x00000007b5580000, 0x00000007c0000000, 0x00000007c0000000)
  eden space 135680K, 0% used [0x00000007b5580000,0x00000007b5580000,0x00000007bda00000)
  from space 10240K, 97% used [0x00000007bda00000,0x00000007be3b6aa0,0x00000007be400000)
  to   space 19968K, 0% used [0x00000007bec80000,0x00000007bec80000,0x00000007c0000000)
 ParOldGen       total 349696K, used 292017K [0x00000007a0000000, 0x00000007b5580000, 0x00000007b5580000)
  object space 349696K, 83% used [0x00000007a0000000,0x00000007b1d2c748,0x00000007b5580000)
 Metaspace       used 5452K, capacity 5616K, committed 5760K, reserved 1056768K
  class space    used 580K, capacity 630K, committed 640K, reserved 1048576K
2018-07-25T18:08:46.548-0800: 48.829: [Full GC (Ergonomics) [PSYoungGen: 9946K->0K(145920K)] [ParOldGen: 292017K->47669K(349696K)] 301964K->47669K(495616K), [Metaspace: 5452K->5452K(1056768K)], 0.0085138 secs] [Times: user=0.04 sys=0.00, real=0.01 secs] 
Heap after GC invocations=639 (full 64):
 PSYoungGen      total 145920K, used 0K [0x00000007b5580000, 0x00000007c0000000, 0x00000007c0000000)
  eden space 135680K, 0% used [0x00000007b5580000,0x00000007b5580000,0x00000007bda00000)
  from space 10240K, 0% used [0x00000007bda00000,0x00000007bda00000,0x00000007be400000)
  to   space 19968K, 0% used [0x00000007bec80000,0x00000007bec80000,0x00000007c0000000)
 ParOldGen       total 349696K, used 47669K [0x00000007a0000000, 0x00000007b5580000, 0x00000007b5580000)
  object space 349696K, 13% used [0x00000007a0000000,0x00000007a2e8d5f0,0x00000007b5580000)
 Metaspace       used 5452K, capacity 5616K, committed 5760K, reserved 1056768K
  class space    used 580K, capacity 630K, committed 640K, reserved 1048576K
}
{Heap before GC invocations=640 (full 64):
 PSYoungGen      total 145920K, used 106489K [0x00000007b5580000, 0x00000007c0000000, 0x00000007c0000000)
  eden space 135680K, 78% used [0x00000007b5580000,0x00000007bbd7e590,0x00000007bda00000)
  from space 10240K, 0% used [0x00000007bda00000,0x00000007bda00000,0x00000007be400000)
  to   space 19968K, 0% used [0x00000007bec80000,0x00000007bec80000,0x00000007c0000000)
 ParOldGen       total 349696K, used 47669K [0x00000007a0000000, 0x00000007b5580000, 0x00000007b5580000)
  object space 349696K, 13% used [0x00000007a0000000,0x00000007a2e8d5f0,0x00000007b5580000)
 Metaspace       used 5452K, capacity 5616K, committed 5760K, reserved 1056768K
  class space    used 580K, capacity 630K, committed 640K, reserved 1048576K
2018-07-25T18:08:46.570-0800: 48.850: [GC (Allocation Failure) [PSYoungGen: 106489K->0K(155136K)] 154158K->125794K(504832K), 0.0098996 secs] [Times: user=0.07 sys=0.00, real=0.00 secs] 
Heap after GC invocations=640 (full 64):
 PSYoungGen      total 155136K, used 0K [0x00000007b5580000, 0x00000007c0000000, 0x00000007c0000000)
  eden space 135168K, 0% used [0x00000007b5580000,0x00000007b5580000,0x00000007bd980000)
  from space 19968K, 0% used [0x00000007bec80000,0x00000007bec80000,0x00000007c0000000)
  to   space 19456K, 0% used [0x00000007bd980000,0x00000007bd980000,0x00000007bec80000)
 ParOldGen       total 349696K, used 125794K [0x00000007a0000000, 0x00000007b5580000, 0x00000007b5580000)
  object space 349696K, 35% used [0x00000007a0000000,0x00000007a7ad8a90,0x00000007b5580000)
 Metaspace       used 5452K, capacity 5616K, committed 5760K, reserved 1056768K
  class space    used 580K, capacity 630K, committed 640K, reserved 1048576K
}
{Heap before GC invocations=641 (full 64):
 PSYoungGen      total 155136K, used 128920K [0x00000007b5580000, 0x00000007c0000000, 0x00000007c0000000)
  eden space 135168K, 95% used [0x00000007b5580000,0x00000007bd366098,0x00000007bd980000)
  from space 19968K, 0% used [0x00000007bec80000,0x00000007bec80000,0x00000007c0000000)
  to   space 19456K, 0% used [0x00000007bd980000,0x00000007bd980000,0x00000007bec80000)
 ParOldGen       total 349696K, used 125794K [0x00000007a0000000, 0x00000007b5580000, 0x00000007b5580000)
  object space 349696K, 35% used [0x00000007a0000000,0x00000007a7ad8a90,0x00000007b5580000)
 Metaspace       used 5452K, capacity 5616K, committed 5760K, reserved 1056768K
  class space    used 580K, capacity 630K, committed 640K, reserved 1048576K
2018-07-25T18:08:46.691-0800: 48.972: [GC (Allocation Failure) [PSYoungGen: 128920K->9946K(154624K)] 254714K->187825K(504320K), 0.0058358 secs] [Times: user=0.05 sys=0.00, real=0.00 secs] 
Heap after GC invocations=641 (full 64):
 PSYoungGen      total 154624K, used 9946K [0x00000007b5580000, 0x00000007c0000000, 0x00000007c0000000)
  eden space 135168K, 0% used [0x00000007b5580000,0x00000007b5580000,0x00000007bd980000)
  from space 19456K, 51% used [0x00000007bd980000,0x00000007be336bf8,0x00000007bec80000)
  to   space 19968K, 0% used [0x00000007bec80000,0x00000007bec80000,0x00000007c0000000)
 ParOldGen       total 349696K, used 177878K [0x00000007a0000000, 0x00000007b5580000, 0x00000007b5580000)
  object space 349696K, 50% used [0x00000007a0000000,0x00000007aadb5840,0x00000007b5580000)
 Metaspace       used 5452K, capacity 5616K, committed 5760K, reserved 1056768K
  class space    used 580K, capacity 630K, committed 640K, reserved 1048576K
}
{Heap before GC invocations=642 (full 64):
 PSYoungGen      total 154624K, used 142380K [0x00000007b5580000, 0x00000007c0000000, 0x00000007c0000000)
  eden space 135168K, 97% used [0x00000007b5580000,0x00000007bd6d44e0,0x00000007bd980000)
  from space 19456K, 51% used [0x00000007bd980000,0x00000007be336bf8,0x00000007bec80000)
  to   space 19968K, 0% used [0x00000007bec80000,0x00000007bec80000,0x00000007c0000000)
 ParOldGen       total 349696K, used 177878K [0x00000007a0000000, 0x00000007b5580000, 0x00000007b5580000)
  object space 349696K, 50% used [0x00000007a0000000,0x00000007aadb5840,0x00000007b5580000)
 Metaspace       used 5452K, capacity 5616K, committed 5760K, reserved 1056768K
  class space    used 580K, capacity 630K, committed 640K, reserved 1048576K
2018-07-25T18:08:46.790-0800: 49.071: [GC (Allocation Failure) [PSYoungGen: 142380K->149K(155136K)] 320258K->178027K(504832K), 0.0010421 secs] [Times: user=0.00 sys=0.00, real=0.00 secs] 
Heap after GC invocations=642 (full 64):
 PSYoungGen      total 155136K, used 149K [0x00000007b5580000, 0x00000007c0000000, 0x00000007c0000000)
  eden space 135168K, 0% used [0x00000007b5580000,0x00000007b5580000,0x00000007bd980000)
  from space 19968K, 0% used [0x00000007bec80000,0x00000007beca56b8,0x00000007c0000000)
  to   space 19456K, 0% used [0x00000007bd980000,0x00000007bd980000,0x00000007bec80000)
 ParOldGen       total 349696K, used 177878K [0x00000007a0000000, 0x00000007b5580000, 0x00000007b5580000)
  object space 349696K, 50% used [0x00000007a0000000,0x00000007aadb5840,0x00000007b5580000)
 Metaspace       used 5452K, capacity 5616K, committed 5760K, reserved 1056768K
  class space    used 580K, capacity 630K, committed 640K, reserved 1048576K
}
{Heap before GC invocations=643 (full 64):
 PSYoungGen      total 155136K, used 129481K [0x00000007b5580000, 0x00000007c0000000, 0x00000007c0000000)
  eden space 135168K, 95% used [0x00000007b5580000,0x00000007bd3cd128,0x00000007bd980000)
  from space 19968K, 0% used [0x00000007bec80000,0x00000007beca56b8,0x00000007c0000000)
  to   space 19456K, 0% used [0x00000007bd980000,0x00000007bd980000,0x00000007bec80000)
 ParOldGen       total 349696K, used 177878K [0x00000007a0000000, 0x00000007b5580000, 0x00000007b5580000)
  object space 349696K, 50% used [0x00000007a0000000,0x00000007aadb5840,0x00000007b5580000)
 Metaspace       used 5452K, capacity 5616K, committed 5760K, reserved 1056768K
  class space    used 580K, capacity 630K, committed 640K, reserved 1048576K
2018-07-25T18:08:46.820-0800: 49.100: [GC (Allocation Failure) [PSYoungGen: 129481K->9797K(154624K)] 307360K->239860K(504320K), 0.0082129 secs] [Times: user=0.06 sys=0.01, real=0.00 secs] 
Heap after GC invocations=643 (full 64):
 PSYoungGen      total 154624K, used 9797K [0x00000007b5580000, 0x00000007c0000000, 0x00000007c0000000)
  eden space 135168K, 0% used [0x00000007b5580000,0x00000007b5580000,0x00000007bd980000)
  from space 19456K, 50% used [0x00000007bd980000,0x00000007be311698,0x00000007bec80000)
  to   space 19456K, 0% used [0x00000007bed00000,0x00000007bed00000,0x00000007c0000000)
 ParOldGen       total 349696K, used 230063K [0x00000007a0000000, 0x00000007b5580000, 0x00000007b5580000)
  object space 349696K, 65% used [0x00000007a0000000,0x00000007ae0abc90,0x00000007b5580000)
 Metaspace       used 5452K, capacity 5616K, committed 5760K, reserved 1056768K
  class space    used 580K, capacity 630K, committed 640K, reserved 1048576K
}
{Heap before GC invocations=644 (full 64):
 PSYoungGen      total 154624K, used 139229K [0x00000007b5580000, 0x00000007c0000000, 0x00000007c0000000)
  eden space 135168K, 95% used [0x00000007b5580000,0x00000007bd3e5da8,0x00000007bd980000)
  from space 19456K, 50% used [0x00000007bd980000,0x00000007be311698,0x00000007bec80000)
  to   space 19456K, 0% used [0x00000007bed00000,0x00000007bed00000,0x00000007c0000000)
 ParOldGen       total 349696K, used 230063K [0x00000007a0000000, 0x00000007b5580000, 0x00000007b5580000)
  object space 349696K, 65% used [0x00000007a0000000,0x00000007ae0abc90,0x00000007b5580000)
 Metaspace       used 5452K, capacity 5616K, committed 5760K, reserved 1056768K
  class space    used 580K, capacity 630K, committed 640K, reserved 1048576K
2018-07-25T18:08:46.938-0800: 49.218: [GC (Allocation Failure) [PSYoungGen: 139229K->9979K(154112K)] 369292K->266084K(503808K), 0.0052734 secs] [Times: user=0.04 sys=0.00, real=0.01 secs] 
Heap after GC invocations=644 (full 64):
 PSYoungGen      total 154112K, used 9979K [0x00000007b5580000, 0x00000007c0000000, 0x00000007c0000000)
  eden space 134656K, 0% used [0x00000007b5580000,0x00000007b5580000,0x00000007bd900000)
  from space 19456K, 51% used [0x00000007bed00000,0x00000007bf6beea8,0x00000007c0000000)
  to   space 19968K, 0% used [0x00000007bd900000,0x00000007bd900000,0x00000007bec80000)
 ParOldGen       total 349696K, used 256104K [0x00000007a0000000, 0x00000007b5580000, 0x00000007b5580000)
  object space 349696K, 73% used [0x00000007a0000000,0x00000007afa1a358,0x00000007b5580000)
 Metaspace       used 5452K, capacity 5616K, committed 5760K, reserved 1056768K
  class space    used 580K, capacity 630K, committed 640K, reserved 1048576K
}
{Heap before GC invocations=645 (full 64):
 PSYoungGen      total 154112K, used 116391K [0x00000007b5580000, 0x00000007c0000000, 0x00000007c0000000)
  eden space 134656K, 79% used [0x00000007b5580000,0x00000007bbd6adf8,0x00000007bd900000)
  from space 19456K, 51% used [0x00000007bed00000,0x00000007bf6beea8,0x00000007c0000000)
  to   space 19968K, 0% used [0x00000007bd900000,0x00000007bd900000,0x00000007bec80000)
 ParOldGen       total 349696K, used 256104K [0x00000007a0000000, 0x00000007b5580000, 0x00000007b5580000)
  object space 349696K, 73% used [0x00000007a0000000,0x00000007afa1a358,0x00000007b5580000)
 Metaspace       used 5452K, capacity 5616K, committed 5760K, reserved 1056768K
  class space    used 580K, capacity 630K, committed 640K, reserved 1048576K
2018-07-25T18:08:46.963-0800: 49.244: [GC (Allocation Failure) [PSYoungGen: 116391K->0K(154624K)] 372495K->292014K(504320K), 0.0056979 secs] [Times: user=0.04 sys=0.00, real=0.00 secs] 
Heap after GC invocations=645 (full 64):
 PSYoungGen      total 154624K, used 0K [0x00000007b5580000, 0x00000007c0000000, 0x00000007c0000000)
  eden space 134656K, 0% used [0x00000007b5580000,0x00000007b5580000,0x00000007bd900000)
  from space 19968K, 0% used [0x00000007bd900000,0x00000007bd900000,0x00000007bec80000)
  to   space 19456K, 0% used [0x00000007bed00000,0x00000007bed00000,0x00000007c0000000)
 ParOldGen       total 349696K, used 292014K [0x00000007a0000000, 0x00000007b5580000, 0x00000007b5580000)
  object space 349696K, 83% used [0x00000007a0000000,0x00000007b1d2b908,0x00000007b5580000)
 Metaspace       used 5452K, capacity 5616K, committed 5760K, reserved 1056768K
  class space    used 580K, capacity 630K, committed 640K, reserved 1048576K
}
{Heap before GC invocations=646 (full 65):
 PSYoungGen      total 154624K, used 0K [0x00000007b5580000, 0x00000007c0000000, 0x00000007c0000000)
  eden space 134656K, 0% used [0x00000007b5580000,0x00000007b5580000,0x00000007bd900000)
  from space 19968K, 0% used [0x00000007bd900000,0x00000007bd900000,0x00000007bec80000)
  to   space 19456K, 0% used [0x00000007bed00000,0x00000007bed00000,0x00000007c0000000)
 ParOldGen       total 349696K, used 292014K [0x00000007a0000000, 0x00000007b5580000, 0x00000007b5580000)
  object space 349696K, 83% used [0x00000007a0000000,0x00000007b1d2b908,0x00000007b5580000)
 Metaspace       used 5452K, capacity 5616K, committed 5760K, reserved 1056768K
  class space    used 580K, capacity 630K, committed 640K, reserved 1048576K
2018-07-25T18:08:46.969-0800: 49.250: [Full GC (Ergonomics) [PSYoungGen: 0K->0K(154624K)] [ParOldGen: 292014K->47670K(349696K)] 292014K->47670K(504320K), [Metaspace: 5452K->5452K(1056768K)], 0.0090768 secs] [Times: user=0.04 sys=0.00, real=0.01 secs] 
Heap after GC invocations=646 (full 65):
 PSYoungGen      total 154624K, used 0K [0x00000007b5580000, 0x00000007c0000000, 0x00000007c0000000)
  eden space 134656K, 0% used [0x00000007b5580000,0x00000007b5580000,0x00000007bd900000)
  from space 19968K, 0% used [0x00000007bd900000,0x00000007bd900000,0x00000007bec80000)
  to   space 19456K, 0% used [0x00000007bed00000,0x00000007bed00000,0x00000007c0000000)
 ParOldGen       total 349696K, used 47670K [0x00000007a0000000, 0x00000007b5580000, 0x00000007b5580000)
  object space 349696K, 13% used [0x00000007a0000000,0x00000007a2e8d9d8,0x00000007b5580000)
 Metaspace       used 5452K, capacity 5616K, committed 5760K, reserved 1056768K
  class space    used 580K, capacity 630K, committed 640K, reserved 1048576K
}
{Heap before GC invocations=647 (full 65):
 PSYoungGen      total 154624K, used 129223K [0x00000007b5580000, 0x00000007c0000000, 0x00000007c0000000)
  eden space 134656K, 95% used [0x00000007b5580000,0x00000007bd3b1cf8,0x00000007bd900000)
  from space 19968K, 0% used [0x00000007bd900000,0x00000007bd900000,0x00000007bec80000)
  to   space 19456K, 0% used [0x00000007bed00000,0x00000007bed00000,0x00000007c0000000)
 ParOldGen       total 349696K, used 47670K [0x00000007a0000000, 0x00000007b5580000, 0x00000007b5580000)
  object space 349696K, 13% used [0x00000007a0000000,0x00000007a2e8d9d8,0x00000007b5580000)
 Metaspace       used 5452K, capacity 5616K, committed 5760K, reserved 1056768K
  class space    used 580K, capacity 630K, committed 640K, reserved 1048576K
2018-07-25T18:08:47.096-0800: 49.376: [GC (Allocation Failure) [PSYoungGen: 129223K->9948K(154112K)] 176893K->109701K(503808K), 0.0056181 secs] [Times: user=0.04 sys=0.00, real=0.01 secs] 
Heap after GC invocations=647 (full 65):
 PSYoungGen      total 154112K, used 9948K [0x00000007b5580000, 0x00000007c0000000, 0x00000007c0000000)
  eden space 134656K, 0% used [0x00000007b5580000,0x00000007b5580000,0x00000007bd900000)
  from space 19456K, 51% used [0x00000007bed00000,0x00000007bf6b7000,0x00000007c0000000)
  to   space 19968K, 0% used [0x00000007bd900000,0x00000007bd900000,0x00000007bec80000)
 ParOldGen       total 349696K, used 99753K [0x00000007a0000000, 0x00000007b5580000, 0x00000007b5580000)
  object space 349696K, 28% used [0x00000007a0000000,0x00000007a616a788,0x00000007b5580000)
 Metaspace       used 5452K, capacity 5616K, committed 5760K, reserved 1056768K
  class space    used 580K, capacity 630K, committed 640K, reserved 1048576K
}
{Heap before GC invocations=648 (full 65):
 PSYoungGen      total 154112K, used 142558K [0x00000007b5580000, 0x00000007c0000000, 0x00000007c0000000)
  eden space 134656K, 98% used [0x00000007b5580000,0x00000007bd700858,0x00000007bd900000)
  from space 19456K, 51% used [0x00000007bed00000,0x00000007bf6b7000,0x00000007c0000000)
  to   space 19968K, 0% used [0x00000007bd900000,0x00000007bd900000,0x00000007bec80000)
 ParOldGen       total 349696K, used 99753K [0x00000007a0000000, 0x00000007b5580000, 0x00000007b5580000)
  object space 349696K, 28% used [0x00000007a0000000,0x00000007a616a788,0x00000007b5580000)
 Metaspace       used 5452K, capacity 5616K, committed 5760K, reserved 1056768K
  class space    used 580K, capacity 630K, committed 640K, reserved 1048576K
2018-07-25T18:08:47.195-0800: 49.475: [GC (Allocation Failure) [PSYoungGen: 142558K->214K(154624K)] 242311K->99968K(504320K), 0.0010427 secs] [Times: user=0.00 sys=0.00, real=0.00 secs] 
Heap after GC invocations=648 (full 65):
 PSYoungGen      total 154624K, used 214K [0x00000007b5580000, 0x00000007c0000000, 0x00000007c0000000)
  eden space 134656K, 0% used [0x00000007b5580000,0x00000007b5580000,0x00000007bd900000)
  from space 19968K, 1% used [0x00000007bd900000,0x00000007bd935ac0,0x00000007bec80000)
  to   space 19456K, 0% used [0x00000007bed00000,0x00000007bed00000,0x00000007c0000000)
 ParOldGen       total 349696K, used 99753K [0x00000007a0000000, 0x00000007b5580000, 0x00000007b5580000)
  object space 349696K, 28% used [0x00000007a0000000,0x00000007a616a788,0x00000007b5580000)
 Metaspace       used 5452K, capacity 5616K, committed 5760K, reserved 1056768K
  class space    used 580K, capacity 630K, committed 640K, reserved 1048576K
}
{Heap before GC invocations=649 (full 65):
 PSYoungGen      total 154624K, used 129657K [0x00000007b5580000, 0x00000007c0000000, 0x00000007c0000000)
  eden space 134656K, 96% used [0x00000007b5580000,0x00000007bd3e8a08,0x00000007bd900000)
  from space 19968K, 1% used [0x00000007bd900000,0x00000007bd935ac0,0x00000007bec80000)
  to   space 19456K, 0% used [0x00000007bed00000,0x00000007bed00000,0x00000007c0000000)
 ParOldGen       total 349696K, used 99753K [0x00000007a0000000, 0x00000007b5580000, 0x00000007b5580000)
  object space 349696K, 28% used [0x00000007a0000000,0x00000007a616a788,0x00000007b5580000)
 Metaspace       used 5452K, capacity 5616K, committed 5760K, reserved 1056768K
  class space    used 580K, capacity 630K, committed 640K, reserved 1048576K
2018-07-25T18:08:47.224-0800: 49.504: [GC (Allocation Failure) [PSYoungGen: 129657K->9797K(155136K)] 229411K->161737K(504832K), 0.0079479 secs] [Times: user=0.06 sys=0.00, real=0.01 secs] 
Heap after GC invocations=649 (full 65):
 PSYoungGen      total 155136K, used 9797K [0x00000007b5580000, 0x00000007c0000000, 0x00000007c0000000)
  eden space 135680K, 0% used [0x00000007b5580000,0x00000007b5580000,0x00000007bda00000)
  from space 19456K, 50% used [0x00000007bed00000,0x00000007bf691698,0x00000007c0000000)
  to   space 19456K, 0% used [0x00000007bda00000,0x00000007bda00000,0x00000007bed00000)
 ParOldGen       total 349696K, used 151939K [0x00000007a0000000, 0x00000007b5580000, 0x00000007b5580000)
  object space 349696K, 43% used [0x00000007a0000000,0x00000007a9460fe0,0x00000007b5580000)
 Metaspace       used 5452K, capacity 5616K, committed 5760K, reserved 1056768K
  class space    used 580K, capacity 630K, committed 640K, reserved 1048576K
}
{Heap before GC invocations=650 (full 65):
 PSYoungGen      total 155136K, used 139315K [0x00000007b5580000, 0x00000007c0000000, 0x00000007c0000000)
  eden space 135680K, 95% used [0x00000007b5580000,0x00000007bd3fb880,0x00000007bda00000)
  from space 19456K, 50% used [0x00000007bed00000,0x00000007bf691698,0x00000007c0000000)
  to   space 19456K, 0% used [0x00000007bda00000,0x00000007bda00000,0x00000007bed00000)
 ParOldGen       total 349696K, used 151939K [0x00000007a0000000, 0x00000007b5580000, 0x00000007b5580000)
  object space 349696K, 43% used [0x00000007a0000000,0x00000007a9460fe0,0x00000007b5580000)
 Metaspace       used 5452K, capacity 5616K, committed 5760K, reserved 1056768K
  class space    used 580K, capacity 630K, committed 640K, reserved 1048576K
2018-07-25T18:08:47.338-0800: 49.618: [GC (Allocation Failure) [PSYoungGen: 139315K->9916K(145920K)] 291255K->187898K(495616K), 0.0042161 secs] [Times: user=0.03 sys=0.00, real=0.01 secs] 
Heap after GC invocations=650 (full 65):
 PSYoungGen      total 145920K, used 9916K [0x00000007b5580000, 0x00000007c0000000, 0x00000007c0000000)
  eden space 135680K, 0% used [0x00000007b5580000,0x00000007b5580000,0x00000007bda00000)
  from space 10240K, 96% used [0x00000007bda00000,0x00000007be3af2b0,0x00000007be400000)
  to   space 19968K, 0% used [0x00000007bec80000,0x00000007bec80000,0x00000007c0000000)
 ParOldGen       total 349696K, used 177981K [0x00000007a0000000, 0x00000007b5580000, 0x00000007b5580000)
  object space 349696K, 50% used [0x00000007a0000000,0x00000007aadcf6a8,0x00000007b5580000)
 Metaspace       used 5452K, capacity 5616K, committed 5760K, reserved 1056768K
  class space    used 580K, capacity 630K, committed 640K, reserved 1048576K
}
{Heap before GC invocations=651 (full 65):
 PSYoungGen      total 145920K, used 116395K [0x00000007b5580000, 0x00000007c0000000, 0x00000007c0000000)
  eden space 135680K, 78% used [0x00000007b5580000,0x00000007bbd7b990,0x00000007bda00000)
  from space 10240K, 96% used [0x00000007bda00000,0x00000007be3af2b0,0x00000007be400000)
  to   space 19968K, 0% used [0x00000007bec80000,0x00000007bec80000,0x00000007c0000000)
 ParOldGen       total 349696K, used 177981K [0x00000007a0000000, 0x00000007b5580000, 0x00000007b5580000)
  object space 349696K, 50% used [0x00000007a0000000,0x00000007aadcf6a8,0x00000007b5580000)
 Metaspace       used 5452K, capacity 5616K, committed 5760K, reserved 1056768K
  class space    used 580K, capacity 630K, committed 640K, reserved 1048576K
2018-07-25T18:08:47.354-0800: 49.635: [GC (Allocation Failure) [PSYoungGen: 116395K->0K(155136K)] 294376K->213900K(504832K), 0.0051662 secs] [Times: user=0.04 sys=0.00, real=0.00 secs] 
Heap after GC invocations=651 (full 65):
 PSYoungGen      total 155136K, used 0K [0x00000007b5580000, 0x00000007c0000000, 0x00000007c0000000)
  eden space 135168K, 0% used [0x00000007b5580000,0x00000007b5580000,0x00000007bd980000)
  from space 19968K, 0% used [0x00000007bec80000,0x00000007bec80000,0x00000007c0000000)
  to   space 19456K, 0% used [0x00000007bd980000,0x00000007bd980000,0x00000007bec80000)
 ParOldGen       total 349696K, used 213900K [0x00000007a0000000, 0x00000007b5580000, 0x00000007b5580000)
  object space 349696K, 61% used [0x00000007a0000000,0x00000007ad0e3060,0x00000007b5580000)
 Metaspace       used 5452K, capacity 5616K, committed 5760K, reserved 1056768K
  class space    used 580K, capacity 630K, committed 640K, reserved 1048576K
}
{Heap before GC invocations=652 (full 65):
 PSYoungGen      total 155136K, used 129263K [0x00000007b5580000, 0x00000007c0000000, 0x00000007c0000000)
  eden space 135168K, 95% used [0x00000007b5580000,0x00000007bd3bbea8,0x00000007bd980000)
  from space 19968K, 0% used [0x00000007bec80000,0x00000007bec80000,0x00000007c0000000)
  to   space 19456K, 0% used [0x00000007bd980000,0x00000007bd980000,0x00000007bec80000)
 ParOldGen       total 349696K, used 213900K [0x00000007a0000000, 0x00000007b5580000, 0x00000007b5580000)
  object space 349696K, 61% used [0x00000007a0000000,0x00000007ad0e3060,0x00000007b5580000)
 Metaspace       used 5452K, capacity 5616K, committed 5760K, reserved 1056768K
  class space    used 580K, capacity 630K, committed 640K, reserved 1048576K
2018-07-25T18:08:47.474-0800: 49.754: [GC (Allocation Failure) [PSYoungGen: 129263K->9949K(154624K)] 343163K->275932K(504320K), 0.0067724 secs] [Times: user=0.05 sys=0.00, real=0.01 secs] 
Heap after GC invocations=652 (full 65):
 PSYoungGen      total 154624K, used 9949K [0x00000007b5580000, 0x00000007c0000000, 0x00000007c0000000)
  eden space 135168K, 0% used [0x00000007b5580000,0x00000007b5580000,0x00000007bd980000)
  from space 19456K, 51% used [0x00000007bd980000,0x00000007be337408,0x00000007bec80000)
  to   space 19968K, 0% used [0x00000007bec80000,0x00000007bec80000,0x00000007c0000000)
 ParOldGen       total 349696K, used 265983K [0x00000007a0000000, 0x00000007b5580000, 0x00000007b5580000)
  object space 349696K, 76% used [0x00000007a0000000,0x00000007b03bfe10,0x00000007b5580000)
 Metaspace       used 5452K, capacity 5616K, committed 5760K, reserved 1056768K
  class space    used 580K, capacity 630K, committed 640K, reserved 1048576K
}
{Heap before GC invocations=653 (full 65):
 PSYoungGen      total 154624K, used 142605K [0x00000007b5580000, 0x00000007c0000000, 0x00000007c0000000)
  eden space 135168K, 98% used [0x00000007b5580000,0x00000007bd70c200,0x00000007bd980000)
  from space 19456K, 51% used [0x00000007bd980000,0x00000007be337408,0x00000007bec80000)
  to   space 19968K, 0% used [0x00000007bec80000,0x00000007bec80000,0x00000007c0000000)
 ParOldGen       total 349696K, used 265983K [0x00000007a0000000, 0x00000007b5580000, 0x00000007b5580000)
  object space 349696K, 76% used [0x00000007a0000000,0x00000007b03bfe10,0x00000007b5580000)
 Metaspace       used 5452K, capacity 5616K, committed 5760K, reserved 1056768K
  class space    used 580K, capacity 630K, committed 640K, reserved 1048576K
2018-07-25T18:08:47.578-0800: 49.858: [GC (Allocation Failure) [PSYoungGen: 142605K->151K(155136K)] 408589K->266135K(504832K), 0.0015929 secs] [Times: user=0.00 sys=0.00, real=0.00 secs] 
Heap after GC invocations=653 (full 65):
 PSYoungGen      total 155136K, used 151K [0x00000007b5580000, 0x00000007c0000000, 0x00000007c0000000)
  eden space 135168K, 0% used [0x00000007b5580000,0x00000007b5580000,0x00000007bd980000)
  from space 19968K, 0% used [0x00000007bec80000,0x00000007beca5ec8,0x00000007c0000000)
  to   space 19456K, 0% used [0x00000007bd980000,0x00000007bd980000,0x00000007bec80000)
 ParOldGen       total 349696K, used 265983K [0x00000007a0000000, 0x00000007b5580000, 0x00000007b5580000)
  object space 349696K, 76% used [0x00000007a0000000,0x00000007b03bfe10,0x00000007b5580000)
 Metaspace       used 5452K, capacity 5616K, committed 5760K, reserved 1056768K
  class space    used 580K, capacity 630K, committed 640K, reserved 1048576K
}
{Heap before GC invocations=654 (full 65):
 PSYoungGen      total 155136K, used 129627K [0x00000007b5580000, 0x00000007c0000000, 0x00000007c0000000)
  eden space 135168K, 95% used [0x00000007b5580000,0x00000007bd3f0fa8,0x00000007bd980000)
  from space 19968K, 0% used [0x00000007bec80000,0x00000007beca5ec8,0x00000007c0000000)
  to   space 19456K, 0% used [0x00000007bd980000,0x00000007bd980000,0x00000007bec80000)
 ParOldGen       total 349696K, used 265983K [0x00000007a0000000, 0x00000007b5580000, 0x00000007b5580000)
  object space 349696K, 76% used [0x00000007a0000000,0x00000007b03bfe10,0x00000007b5580000)
 Metaspace       used 5452K, capacity 5616K, committed 5760K, reserved 1056768K
  class space    used 580K, capacity 630K, committed 640K, reserved 1048576K
2018-07-25T18:08:47.607-0800: 49.888: [GC (Allocation Failure) [PSYoungGen: 129627K->9797K(154624K)] 395611K->327968K(504320K), 0.0078683 secs] [Times: user=0.06 sys=0.00, real=0.01 secs] 
Heap after GC invocations=654 (full 65):
 PSYoungGen      total 154624K, used 9797K [0x00000007b5580000, 0x00000007c0000000, 0x00000007c0000000)
  eden space 135168K, 0% used [0x00000007b5580000,0x00000007b5580000,0x00000007bd980000)
  from space 19456K, 50% used [0x00000007bd980000,0x00000007be311698,0x00000007bec80000)
  to   space 19456K, 0% used [0x00000007bed00000,0x00000007bed00000,0x00000007c0000000)
 ParOldGen       total 349696K, used 318170K [0x00000007a0000000, 0x00000007b5580000, 0x00000007b5580000)
  object space 349696K, 90% used [0x00000007a0000000,0x00000007b36b6a70,0x00000007b5580000)
 Metaspace       used 5452K, capacity 5616K, committed 5760K, reserved 1056768K
  class space    used 580K, capacity 630K, committed 640K, reserved 1048576K
}
{Heap before GC invocations=655 (full 66):
 PSYoungGen      total 154624K, used 9797K [0x00000007b5580000, 0x00000007c0000000, 0x00000007c0000000)
  eden space 135168K, 0% used [0x00000007b5580000,0x00000007b5580000,0x00000007bd980000)
  from space 19456K, 50% used [0x00000007bd980000,0x00000007be311698,0x00000007bec80000)
  to   space 19456K, 0% used [0x00000007bed00000,0x00000007bed00000,0x00000007c0000000)
 ParOldGen       total 349696K, used 318170K [0x00000007a0000000, 0x00000007b5580000, 0x00000007b5580000)
  object space 349696K, 90% used [0x00000007a0000000,0x00000007b36b6a70,0x00000007b5580000)
 Metaspace       used 5452K, capacity 5616K, committed 5760K, reserved 1056768K
  class space    used 580K, capacity 630K, committed 640K, reserved 1048576K
2018-07-25T18:08:47.615-0800: 49.896: [Full GC (Ergonomics) [PSYoungGen: 9797K->0K(154624K)] [ParOldGen: 318170K->73568K(349696K)] 327968K->73568K(504320K), [Metaspace: 5452K->5452K(1056768K)], 0.0147045 secs] [Times: user=0.09 sys=0.00, real=0.02 secs] 
Heap after GC invocations=655 (full 66):
 PSYoungGen      total 154624K, used 0K [0x00000007b5580000, 0x00000007c0000000, 0x00000007c0000000)
  eden space 135168K, 0% used [0x00000007b5580000,0x00000007b5580000,0x00000007bd980000)
  from space 19456K, 0% used [0x00000007bd980000,0x00000007bd980000,0x00000007bec80000)
  to   space 19456K, 0% used [0x00000007bed00000,0x00000007bed00000,0x00000007c0000000)
 ParOldGen       total 349696K, used 73568K [0x00000007a0000000, 0x00000007b5580000, 0x00000007b5580000)
  object space 349696K, 21% used [0x00000007a0000000,0x00000007a47d8338,0x00000007b5580000)
 Metaspace       used 5452K, capacity 5616K, committed 5760K, reserved 1056768K
  class space    used 580K, capacity 630K, committed 640K, reserved 1048576K
}
{Heap before GC invocations=656 (full 66):
 PSYoungGen      total 154624K, used 129523K [0x00000007b5580000, 0x00000007c0000000, 0x00000007c0000000)
  eden space 135168K, 95% used [0x00000007b5580000,0x00000007bd3fcf30,0x00000007bd980000)
  from space 19456K, 0% used [0x00000007bd980000,0x00000007bd980000,0x00000007bec80000)
  to   space 19456K, 0% used [0x00000007bed00000,0x00000007bed00000,0x00000007c0000000)
 ParOldGen       total 349696K, used 73568K [0x00000007a0000000, 0x00000007b5580000, 0x00000007b5580000)
  object space 349696K, 21% used [0x00000007a0000000,0x00000007a47d8338,0x00000007b5580000)
 Metaspace       used 5452K, capacity 5616K, committed 5760K, reserved 1056768K
  class space    used 580K, capacity 630K, committed 640K, reserved 1048576K
2018-07-25T18:08:47.741-0800: 50.021: [GC (Allocation Failure) [PSYoungGen: 129523K->9981K(154112K)] 203092K->135633K(503808K), 0.0064338 secs] [Times: user=0.04 sys=0.00, real=0.00 secs] 
Heap after GC invocations=656 (full 66):
 PSYoungGen      total 154112K, used 9981K [0x00000007b5580000, 0x00000007c0000000, 0x00000007c0000000)
  eden space 134656K, 0% used [0x00000007b5580000,0x00000007b5580000,0x00000007bd900000)
  from space 19456K, 51% used [0x00000007bed00000,0x00000007bf6bf6b8,0x00000007c0000000)
  to   space 19968K, 0% used [0x00000007bd900000,0x00000007bd900000,0x00000007bec80000)
 ParOldGen       total 349696K, used 125652K [0x00000007a0000000, 0x00000007b5580000, 0x00000007b5580000)
  object space 349696K, 35% used [0x00000007a0000000,0x00000007a7ab5108,0x00000007b5580000)
 Metaspace       used 5452K, capacity 5616K, committed 5760K, reserved 1056768K
  class space    used 580K, capacity 630K, committed 640K, reserved 1048576K
}
{Heap before GC invocations=657 (full 66):
 PSYoungGen      total 154112K, used 116452K [0x00000007b5580000, 0x00000007c0000000, 0x00000007c0000000)
  eden space 134656K, 79% used [0x00000007b5580000,0x00000007bbd79b68,0x00000007bd900000)
  from space 19456K, 51% used [0x00000007bed00000,0x00000007bf6bf6b8,0x00000007c0000000)
  to   space 19968K, 0% used [0x00000007bd900000,0x00000007bd900000,0x00000007bec80000)
 ParOldGen       total 349696K, used 125652K [0x00000007a0000000, 0x00000007b5580000, 0x00000007b5580000)
  object space 349696K, 35% used [0x00000007a0000000,0x00000007a7ab5108,0x00000007b5580000)
 Metaspace       used 5452K, capacity 5616K, committed 5760K, reserved 1056768K
  class space    used 580K, capacity 630K, committed 640K, reserved 1048576K
2018-07-25T18:08:47.760-0800: 50.040: [GC (Allocation Failure) [PSYoungGen: 116452K->0K(154624K)] 242104K->161563K(504320K), 0.0054064 secs] [Times: user=0.03 sys=0.00, real=0.00 secs] 
Heap after GC invocations=657 (full 66):
 PSYoungGen      total 154624K, used 0K [0x00000007b5580000, 0x00000007c0000000, 0x00000007c0000000)
  eden space 134656K, 0% used [0x00000007b5580000,0x00000007b5580000,0x00000007bd900000)
  from space 19968K, 0% used [0x00000007bd900000,0x00000007bd900000,0x00000007bec80000)
  to   space 19456K, 0% used [0x00000007bed00000,0x00000007bed00000,0x00000007c0000000)
 ParOldGen       total 349696K, used 161563K [0x00000007a0000000, 0x00000007b5580000, 0x00000007b5580000)
  object space 349696K, 46% used [0x00000007a0000000,0x00000007a9dc6ec8,0x00000007b5580000)
 Metaspace       used 5452K, capacity 5616K, committed 5760K, reserved 1056768K
  class space    used 580K, capacity 630K, committed 640K, reserved 1048576K
}
{Heap before GC invocations=658 (full 66):
 PSYoungGen      total 154624K, used 129261K [0x00000007b5580000, 0x00000007c0000000, 0x00000007c0000000)
  eden space 134656K, 95% used [0x00000007b5580000,0x00000007bd3bb5d0,0x00000007bd900000)
  from space 19968K, 0% used [0x00000007bd900000,0x00000007bd900000,0x00000007bec80000)
  to   space 19456K, 0% used [0x00000007bed00000,0x00000007bed00000,0x00000007c0000000)
 ParOldGen       total 349696K, used 161563K [0x00000007a0000000, 0x00000007b5580000, 0x00000007b5580000)
  object space 349696K, 46% used [0x00000007a0000000,0x00000007a9dc6ec8,0x00000007b5580000)
 Metaspace       used 5452K, capacity 5616K, committed 5760K, reserved 1056768K
  class space    used 580K, capacity 630K, committed 640K, reserved 1048576K
2018-07-25T18:08:47.872-0800: 50.153: [GC (Allocation Failure) [PSYoungGen: 129261K->9918K(154112K)] 290825K->223565K(503808K), 0.0055042 secs] [Times: user=0.04 sys=0.00, real=0.00 secs] 
Heap after GC invocations=658 (full 66):
 PSYoungGen      total 154112K, used 9918K [0x00000007b5580000, 0x00000007c0000000, 0x00000007c0000000)
  eden space 134656K, 0% used [0x00000007b5580000,0x00000007b5580000,0x00000007bd900000)
  from space 19456K, 50% used [0x00000007bed00000,0x00000007bf6af810,0x00000007c0000000)
  to   space 19968K, 0% used [0x00000007bd900000,0x00000007bd900000,0x00000007bec80000)
 ParOldGen       total 349696K, used 213647K [0x00000007a0000000, 0x00000007b5580000, 0x00000007b5580000)
  object space 349696K, 61% used [0x00000007a0000000,0x00000007ad0a3c78,0x00000007b5580000)
 Metaspace       used 5452K, capacity 5616K, committed 5760K, reserved 1056768K
  class space    used 580K, capacity 630K, committed 640K, reserved 1048576K
}
{Heap before GC invocations=659 (full 66):
 PSYoungGen      total 154112K, used 142569K [0x00000007b5580000, 0x00000007c0000000, 0x00000007c0000000)
  eden space 134656K, 98% used [0x00000007b5580000,0x00000007bd70ade8,0x00000007bd900000)
  from space 19456K, 50% used [0x00000007bed00000,0x00000007bf6af810,0x00000007c0000000)
  to   space 19968K, 0% used [0x00000007bd900000,0x00000007bd900000,0x00000007bec80000)
 ParOldGen       total 349696K, used 213647K [0x00000007a0000000, 0x00000007b5580000, 0x00000007b5580000)
  object space 349696K, 61% used [0x00000007a0000000,0x00000007ad0a3c78,0x00000007b5580000)
 Metaspace       used 5452K, capacity 5616K, committed 5760K, reserved 1056768K
  class space    used 580K, capacity 630K, committed 640K, reserved 1048576K
2018-07-25T18:08:47.971-0800: 50.251: [GC (Allocation Failure) [PSYoungGen: 142569K->152K(154624K)] 356216K->213799K(504320K), 0.0016886 secs] [Times: user=0.01 sys=0.00, real=0.00 secs] 
Heap after GC invocations=659 (full 66):
 PSYoungGen      total 154624K, used 152K [0x00000007b5580000, 0x00000007c0000000, 0x00000007c0000000)
  eden space 134656K, 0% used [0x00000007b5580000,0x00000007b5580000,0x00000007bd900000)
  from space 19968K, 0% used [0x00000007bd900000,0x00000007bd9262d0,0x00000007bec80000)
  to   space 19456K, 0% used [0x00000007bed00000,0x00000007bed00000,0x00000007c0000000)
 ParOldGen       total 349696K, used 213647K [0x00000007a0000000, 0x00000007b5580000, 0x00000007b5580000)
  object space 349696K, 61% used [0x00000007a0000000,0x00000007ad0a3c78,0x00000007b5580000)
 Metaspace       used 5452K, capacity 5616K, committed 5760K, reserved 1056768K
  class space    used 580K, capacity 630K, committed 640K, reserved 1048576K
}
{Heap before GC invocations=660 (full 66):
 PSYoungGen      total 154624K, used 129621K [0x00000007b5580000, 0x00000007c0000000, 0x00000007c0000000)
  eden space 134656K, 96% used [0x00000007b5580000,0x00000007bd3ef4c0,0x00000007bd900000)
  from space 19968K, 0% used [0x00000007bd900000,0x00000007bd9262d0,0x00000007bec80000)
  to   space 19456K, 0% used [0x00000007bed00000,0x00000007bed00000,0x00000007c0000000)
 ParOldGen       total 349696K, used 213647K [0x00000007a0000000, 0x00000007b5580000, 0x00000007b5580000)
  object space 349696K, 61% used [0x00000007a0000000,0x00000007ad0a3c78,0x00000007b5580000)
 Metaspace       used 5452K, capacity 5616K, committed 5760K, reserved 1056768K
  class space    used 580K, capacity 630K, committed 640K, reserved 1048576K
2018-07-25T18:08:48.004-0800: 50.285: [GC (Allocation Failure) [PSYoungGen: 129621K->9797K(155136K)] 343269K->275632K(504832K), 0.0091396 secs] [Times: user=0.06 sys=0.00, real=0.01 secs] 
Heap after GC invocations=660 (full 66):
 PSYoungGen      total 155136K, used 9797K [0x00000007b5580000, 0x00000007c0000000, 0x00000007c0000000)
  eden space 135680K, 0% used [0x00000007b5580000,0x00000007b5580000,0x00000007bda00000)
  from space 19456K, 50% used [0x00000007bed00000,0x00000007bf691698,0x00000007c0000000)
  to   space 19456K, 0% used [0x00000007bda00000,0x00000007bda00000,0x00000007bed00000)
 ParOldGen       total 349696K, used 265835K [0x00000007a0000000, 0x00000007b5580000, 0x00000007b5580000)
  object space 349696K, 76% used [0x00000007a0000000,0x00000007b039ace0,0x00000007b5580000)
 Metaspace       used 5452K, capacity 5616K, committed 5760K, reserved 1056768K
  class space    used 580K, capacity 630K, committed 640K, reserved 1048576K
}
{Heap before GC invocations=661 (full 66):
 PSYoungGen      total 155136K, used 139333K [0x00000007b5580000, 0x00000007c0000000, 0x00000007c0000000)
  eden space 135680K, 95% used [0x00000007b5580000,0x00000007bd3ffdd8,0x00000007bda00000)
  from space 19456K, 50% used [0x00000007bed00000,0x00000007bf691698,0x00000007c0000000)
  to   space 19456K, 0% used [0x00000007bda00000,0x00000007bda00000,0x00000007bed00000)
 ParOldGen       total 349696K, used 265835K [0x00000007a0000000, 0x00000007b5580000, 0x00000007b5580000)
  object space 349696K, 76% used [0x00000007a0000000,0x00000007b039ace0,0x00000007b5580000)
 Metaspace       used 5452K, capacity 5616K, committed 5760K, reserved 1056768K
  class space    used 580K, capacity 630K, committed 640K, reserved 1048576K
2018-07-25T18:08:48.124-0800: 50.404: [GC (Allocation Failure) [PSYoungGen: 139333K->9918K(145920K)] 405168K->301795K(495616K), 0.0045166 secs] [Times: user=0.03 sys=0.00, real=0.00 secs] 
Heap after GC invocations=661 (full 66):
 PSYoungGen      total 145920K, used 9918K [0x00000007b5580000, 0x00000007c0000000, 0x00000007c0000000)
  eden space 135680K, 0% used [0x00000007b5580000,0x00000007b5580000,0x00000007bda00000)
  from space 10240K, 96% used [0x00000007bda00000,0x00000007be3afac0,0x00000007be400000)
  to   space 19968K, 0% used [0x00000007bec80000,0x00000007bec80000,0x00000007c0000000)
 ParOldGen       total 349696K, used 291876K [0x00000007a0000000, 0x00000007b5580000, 0x00000007b5580000)
  object space 349696K, 83% used [0x00000007a0000000,0x00000007b1d093a8,0x00000007b5580000)
 Metaspace       used 5452K, capacity 5616K, committed 5760K, reserved 1056768K
  class space    used 580K, capacity 630K, committed 640K, reserved 1048576K
}
{Heap before GC invocations=662 (full 67):
 PSYoungGen      total 145920K, used 9918K [0x00000007b5580000, 0x00000007c0000000, 0x00000007c0000000)
  eden space 135680K, 0% used [0x00000007b5580000,0x00000007b5580000,0x00000007bda00000)
  from space 10240K, 96% used [0x00000007bda00000,0x00000007be3afac0,0x00000007be400000)
  to   space 19968K, 0% used [0x00000007bec80000,0x00000007bec80000,0x00000007c0000000)
 ParOldGen       total 349696K, used 291876K [0x00000007a0000000, 0x00000007b5580000, 0x00000007b5580000)
  object space 349696K, 83% used [0x00000007a0000000,0x00000007b1d093a8,0x00000007b5580000)
 Metaspace       used 5452K, capacity 5616K, committed 5760K, reserved 1056768K
  class space    used 580K, capacity 630K, committed 640K, reserved 1048576K
2018-07-25T18:08:48.129-0800: 50.409: [Full GC (Ergonomics) [PSYoungGen: 9918K->0K(145920K)] [ParOldGen: 291876K->47673K(349696K)] 301795K->47673K(495616K), [Metaspace: 5452K->5452K(1056768K)], 0.0079694 secs] [Times: user=0.04 sys=0.00, real=0.01 secs] 
Heap after GC invocations=662 (full 67):
 PSYoungGen      total 145920K, used 0K [0x00000007b5580000, 0x00000007c0000000, 0x00000007c0000000)
  eden space 135680K, 0% used [0x00000007b5580000,0x00000007b5580000,0x00000007bda00000)
  from space 10240K, 0% used [0x00000007bda00000,0x00000007bda00000,0x00000007be400000)
  to   space 19968K, 0% used [0x00000007bec80000,0x00000007bec80000,0x00000007c0000000)
 ParOldGen       total 349696K, used 47673K [0x00000007a0000000, 0x00000007b5580000, 0x00000007b5580000)
  object space 349696K, 13% used [0x00000007a0000000,0x00000007a2e8e508,0x00000007b5580000)
 Metaspace       used 5452K, capacity 5616K, committed 5760K, reserved 1056768K
  class space    used 580K, capacity 630K, committed 640K, reserved 1048576K
}
{Heap before GC invocations=663 (full 67):
 PSYoungGen      total 145920K, used 106489K [0x00000007b5580000, 0x00000007c0000000, 0x00000007c0000000)
  eden space 135680K, 78% used [0x00000007b5580000,0x00000007bbd7e648,0x00000007bda00000)
  from space 10240K, 0% used [0x00000007bda00000,0x00000007bda00000,0x00000007be400000)
  to   space 19968K, 0% used [0x00000007bec80000,0x00000007bec80000,0x00000007c0000000)
 ParOldGen       total 349696K, used 47673K [0x00000007a0000000, 0x00000007b5580000, 0x00000007b5580000)
  object space 349696K, 13% used [0x00000007a0000000,0x00000007a2e8e508,0x00000007b5580000)
 Metaspace       used 5452K, capacity 5616K, committed 5760K, reserved 1056768K
  class space    used 580K, capacity 630K, committed 640K, reserved 1048576K
2018-07-25T18:08:48.155-0800: 50.435: [GC (Allocation Failure) [PSYoungGen: 106489K->0K(155136K)] 154162K->125798K(504832K), 0.0093417 secs] [Times: user=0.07 sys=0.00, real=0.01 secs] 
Heap after GC invocations=663 (full 67):
 PSYoungGen      total 155136K, used 0K [0x00000007b5580000, 0x00000007c0000000, 0x00000007c0000000)
  eden space 135168K, 0% used [0x00000007b5580000,0x00000007b5580000,0x00000007bd980000)
  from space 19968K, 0% used [0x00000007bec80000,0x00000007bec80000,0x00000007c0000000)
  to   space 19456K, 0% used [0x00000007bd980000,0x00000007bd980000,0x00000007bec80000)
 ParOldGen       total 349696K, used 125798K [0x00000007a0000000, 0x00000007b5580000, 0x00000007b5580000)
  object space 349696K, 35% used [0x00000007a0000000,0x00000007a7ad99a8,0x00000007b5580000)
 Metaspace       used 5452K, capacity 5616K, committed 5760K, reserved 1056768K
  class space    used 580K, capacity 630K, committed 640K, reserved 1048576K
}
{Heap before GC invocations=664 (full 67):
 PSYoungGen      total 155136K, used 128920K [0x00000007b5580000, 0x00000007c0000000, 0x00000007c0000000)
  eden space 135168K, 95% used [0x00000007b5580000,0x00000007bd366110,0x00000007bd980000)
  from space 19968K, 0% used [0x00000007bec80000,0x00000007bec80000,0x00000007c0000000)
  to   space 19456K, 0% used [0x00000007bd980000,0x00000007bd980000,0x00000007bec80000)
 ParOldGen       total 349696K, used 125798K [0x00000007a0000000, 0x00000007b5580000, 0x00000007b5580000)
  object space 349696K, 35% used [0x00000007a0000000,0x00000007a7ad99a8,0x00000007b5580000)
 Metaspace       used 5452K, capacity 5616K, committed 5760K, reserved 1056768K
  class space    used 580K, capacity 630K, committed 640K, reserved 1048576K
2018-07-25T18:08:48.274-0800: 50.555: [GC (Allocation Failure) [PSYoungGen: 128920K->9951K(154624K)] 254718K->187832K(504320K), 0.0052131 secs] [Times: user=0.04 sys=0.00, real=0.01 secs] 
Heap after GC invocations=664 (full 67):
 PSYoungGen      total 154624K, used 9951K [0x00000007b5580000, 0x00000007c0000000, 0x00000007c0000000)
  eden space 135168K, 0% used [0x00000007b5580000,0x00000007b5580000,0x00000007bd980000)
  from space 19456K, 51% used [0x00000007bd980000,0x00000007be337c18,0x00000007bec80000)
  to   space 19968K, 0% used [0x00000007bec80000,0x00000007bec80000,0x00000007c0000000)
 ParOldGen       total 349696K, used 177881K [0x00000007a0000000, 0x00000007b5580000, 0x00000007b5580000)
  object space 349696K, 50% used [0x00000007a0000000,0x00000007aadb6758,0x00000007b5580000)
 Metaspace       used 5452K, capacity 5616K, committed 5760K, reserved 1056768K
  class space    used 580K, capacity 630K, committed 640K, reserved 1048576K
}
{Heap before GC invocations=665 (full 67):
 PSYoungGen      total 154624K, used 142384K [0x00000007b5580000, 0x00000007c0000000, 0x00000007c0000000)
  eden space 135168K, 97% used [0x00000007b5580000,0x00000007bd6d4528,0x00000007bd980000)
  from space 19456K, 51% used [0x00000007bd980000,0x00000007be337c18,0x00000007bec80000)
  to   space 19968K, 0% used [0x00000007bec80000,0x00000007bec80000,0x00000007c0000000)
 ParOldGen       total 349696K, used 177881K [0x00000007a0000000, 0x00000007b5580000, 0x00000007b5580000)
  object space 349696K, 50% used [0x00000007a0000000,0x00000007aadb6758,0x00000007b5580000)
 Metaspace       used 5452K, capacity 5616K, committed 5760K, reserved 1056768K
  class space    used 580K, capacity 630K, committed 640K, reserved 1048576K
2018-07-25T18:08:48.371-0800: 50.652: [GC (Allocation Failure) [PSYoungGen: 142384K->153K(155136K)] 320266K->178035K(504832K), 0.0009623 secs] [Times: user=0.01 sys=0.00, real=0.00 secs] 
Heap after GC invocations=665 (full 67):
 PSYoungGen      total 155136K, used 153K [0x00000007b5580000, 0x00000007c0000000, 0x00000007c0000000)
  eden space 135168K, 0% used [0x00000007b5580000,0x00000007b5580000,0x00000007bd980000)
  from space 19968K, 0% used [0x00000007bec80000,0x00000007beca66d8,0x00000007c0000000)
  to   space 19456K, 0% used [0x00000007bd980000,0x00000007bd980000,0x00000007bec80000)
 ParOldGen       total 349696K, used 177881K [0x00000007a0000000, 0x00000007b5580000, 0x00000007b5580000)
  object space 349696K, 50% used [0x00000007a0000000,0x00000007aadb6758,0x00000007b5580000)
 Metaspace       used 5452K, capacity 5616K, committed 5760K, reserved 1056768K
  class space    used 580K, capacity 630K, committed 640K, reserved 1048576K
}
{Heap before GC invocations=666 (full 67):
 PSYoungGen      total 155136K, used 129486K [0x00000007b5580000, 0x00000007c0000000, 0x00000007c0000000)
  eden space 135168K, 95% used [0x00000007b5580000,0x00000007bd3cd1d0,0x00000007bd980000)
  from space 19968K, 0% used [0x00000007bec80000,0x00000007beca66d8,0x00000007c0000000)
  to   space 19456K, 0% used [0x00000007bd980000,0x00000007bd980000,0x00000007bec80000)
 ParOldGen       total 349696K, used 177881K [0x00000007a0000000, 0x00000007b5580000, 0x00000007b5580000)
  object space 349696K, 50% used [0x00000007a0000000,0x00000007aadb6758,0x00000007b5580000)
 Metaspace       used 5452K, capacity 5616K, committed 5760K, reserved 1056768K
  class space    used 580K, capacity 630K, committed 640K, reserved 1048576K
2018-07-25T18:08:48.401-0800: 50.681: [GC (Allocation Failure) [PSYoungGen: 129486K->9797K(154624K)] 307368K->239868K(504320K), 0.0079134 secs] [Times: user=0.06 sys=0.00, real=0.00 secs] 
Heap after GC invocations=666 (full 67):
 PSYoungGen      total 154624K, used 9797K [0x00000007b5580000, 0x00000007c0000000, 0x00000007c0000000)
  eden space 135168K, 0% used [0x00000007b5580000,0x00000007b5580000,0x00000007bd980000)
  from space 19456K, 50% used [0x00000007bd980000,0x00000007be311698,0x00000007bec80000)
  to   space 19456K, 0% used [0x00000007bed00000,0x00000007bed00000,0x00000007c0000000)
 ParOldGen       total 349696K, used 230070K [0x00000007a0000000, 0x00000007b5580000, 0x00000007b5580000)
  object space 349696K, 65% used [0x00000007a0000000,0x00000007ae0adbc8,0x00000007b5580000)
 Metaspace       used 5452K, capacity 5616K, committed 5760K, reserved 1056768K
  class space    used 580K, capacity 630K, committed 640K, reserved 1048576K
}
{Heap before GC invocations=667 (full 67):
 PSYoungGen      total 154624K, used 139229K [0x00000007b5580000, 0x00000007c0000000, 0x00000007c0000000)
  eden space 135168K, 95% used [0x00000007b5580000,0x00000007bd3e5e90,0x00000007bd980000)
  from space 19456K, 50% used [0x00000007bd980000,0x00000007be311698,0x00000007bec80000)
  to   space 19456K, 0% used [0x00000007bed00000,0x00000007bed00000,0x00000007c0000000)
 ParOldGen       total 349696K, used 230070K [0x00000007a0000000, 0x00000007b5580000, 0x00000007b5580000)
  object space 349696K, 65% used [0x00000007a0000000,0x00000007ae0adbc8,0x00000007b5580000)
 Metaspace       used 5452K, capacity 5616K, committed 5760K, reserved 1056768K
  class space    used 580K, capacity 630K, committed 640K, reserved 1048576K
2018-07-25T18:08:48.518-0800: 50.799: [GC (Allocation Failure) [PSYoungGen: 139229K->9983K(154112K)] 369300K->266096K(503808K), 0.0045116 secs] [Times: user=0.04 sys=0.00, real=0.01 secs] 
Heap after GC invocations=667 (full 67):
 PSYoungGen      total 154112K, used 9983K [0x00000007b5580000, 0x00000007c0000000, 0x00000007c0000000)
  eden space 134656K, 0% used [0x00000007b5580000,0x00000007b5580000,0x00000007bd900000)
  from space 19456K, 51% used [0x00000007bed00000,0x00000007bf6bfec8,0x00000007c0000000)
  to   space 19968K, 0% used [0x00000007bd900000,0x00000007bd900000,0x00000007bec80000)
 ParOldGen       total 349696K, used 256112K [0x00000007a0000000, 0x00000007b5580000, 0x00000007b5580000)
  object space 349696K, 73% used [0x00000007a0000000,0x00000007afa1c290,0x00000007b5580000)
 Metaspace       used 5452K, capacity 5616K, committed 5760K, reserved 1056768K
  class space    used 580K, capacity 630K, committed 640K, reserved 1048576K
}
{Heap before GC invocations=668 (full 67):
 PSYoungGen      total 154112K, used 116395K [0x00000007b5580000, 0x00000007c0000000, 0x00000007c0000000)
  eden space 134656K, 79% used [0x00000007b5580000,0x00000007bbd6ae88,0x00000007bd900000)
  from space 19456K, 51% used [0x00000007bed00000,0x00000007bf6bfec8,0x00000007c0000000)
  to   space 19968K, 0% used [0x00000007bd900000,0x00000007bd900000,0x00000007bec80000)
 ParOldGen       total 349696K, used 256112K [0x00000007a0000000, 0x00000007b5580000, 0x00000007b5580000)
  object space 349696K, 73% used [0x00000007a0000000,0x00000007afa1c290,0x00000007b5580000)
 Metaspace       used 5452K, capacity 5616K, committed 5760K, reserved 1056768K
  class space    used 580K, capacity 630K, committed 640K, reserved 1048576K
2018-07-25T18:08:48.536-0800: 50.817: [GC (Allocation Failure) [PSYoungGen: 116395K->0K(154624K)] 372507K->292026K(504320K), 0.0052933 secs] [Times: user=0.04 sys=0.00, real=0.01 secs] 
Heap after GC invocations=668 (full 67):
 PSYoungGen      total 154624K, used 0K [0x00000007b5580000, 0x00000007c0000000, 0x00000007c0000000)
  eden space 134656K, 0% used [0x00000007b5580000,0x00000007b5580000,0x00000007bd900000)
  from space 19968K, 0% used [0x00000007bd900000,0x00000007bd900000,0x00000007bec80000)
  to   space 19456K, 0% used [0x00000007bed00000,0x00000007bed00000,0x00000007c0000000)
 ParOldGen       total 349696K, used 292026K [0x00000007a0000000, 0x00000007b5580000, 0x00000007b5580000)
  object space 349696K, 83% used [0x00000007a0000000,0x00000007b1d2e860,0x00000007b5580000)
 Metaspace       used 5452K, capacity 5616K, committed 5760K, reserved 1056768K
  class space    used 580K, capacity 630K, committed 640K, reserved 1048576K
}
{Heap before GC invocations=669 (full 68):
 PSYoungGen      total 154624K, used 0K [0x00000007b5580000, 0x00000007c0000000, 0x00000007c0000000)
  eden space 134656K, 0% used [0x00000007b5580000,0x00000007b5580000,0x00000007bd900000)
  from space 19968K, 0% used [0x00000007bd900000,0x00000007bd900000,0x00000007bec80000)
  to   space 19456K, 0% used [0x00000007bed00000,0x00000007bed00000,0x00000007c0000000)
 ParOldGen       total 349696K, used 292026K [0x00000007a0000000, 0x00000007b5580000, 0x00000007b5580000)
  object space 349696K, 83% used [0x00000007a0000000,0x00000007b1d2e860,0x00000007b5580000)
 Metaspace       used 5452K, capacity 5616K, committed 5760K, reserved 1056768K
  class space    used 580K, capacity 630K, committed 640K, reserved 1048576K
2018-07-25T18:08:48.541-0800: 50.822: [Full GC (Ergonomics) [PSYoungGen: 0K->0K(154624K)] [ParOldGen: 292026K->47674K(349696K)] 292026K->47674K(504320K), [Metaspace: 5452K->5452K(1056768K)], 0.0085492 secs] [Times: user=0.04 sys=0.00, real=0.01 secs] 
Heap after GC invocations=669 (full 68):
 PSYoungGen      total 154624K, used 0K [0x00000007b5580000, 0x00000007c0000000, 0x00000007c0000000)
  eden space 134656K, 0% used [0x00000007b5580000,0x00000007b5580000,0x00000007bd900000)
  from space 19968K, 0% used [0x00000007bd900000,0x00000007bd900000,0x00000007bec80000)
  to   space 19456K, 0% used [0x00000007bed00000,0x00000007bed00000,0x00000007c0000000)
 ParOldGen       total 349696K, used 47674K [0x00000007a0000000, 0x00000007b5580000, 0x00000007b5580000)
  object space 349696K, 13% used [0x00000007a0000000,0x00000007a2e8e8f0,0x00000007b5580000)
 Metaspace       used 5452K, capacity 5616K, committed 5760K, reserved 1056768K
  class space    used 580K, capacity 630K, committed 640K, reserved 1048576K
}
{Heap before GC invocations=670 (full 68):
 PSYoungGen      total 154624K, used 129223K [0x00000007b5580000, 0x00000007c0000000, 0x00000007c0000000)
  eden space 134656K, 95% used [0x00000007b5580000,0x00000007bd3b1df0,0x00000007bd900000)
  from space 19968K, 0% used [0x00000007bd900000,0x00000007bd900000,0x00000007bec80000)
  to   space 19456K, 0% used [0x00000007bed00000,0x00000007bed00000,0x00000007c0000000)
 ParOldGen       total 349696K, used 47674K [0x00000007a0000000, 0x00000007b5580000, 0x00000007b5580000)
  object space 349696K, 13% used [0x00000007a0000000,0x00000007a2e8e8f0,0x00000007b5580000)
 Metaspace       used 5452K, capacity 5616K, committed 5760K, reserved 1056768K
  class space    used 580K, capacity 630K, committed 640K, reserved 1048576K
2018-07-25T18:08:48.662-0800: 50.942: [GC (Allocation Failure) [PSYoungGen: 129223K->9952K(154112K)] 176897K->109709K(503808K), 0.0058083 secs] [Times: user=0.04 sys=0.00, real=0.00 secs] 
Heap after GC invocations=670 (full 68):
 PSYoungGen      total 154112K, used 9952K [0x00000007b5580000, 0x00000007c0000000, 0x00000007c0000000)
  eden space 134656K, 0% used [0x00000007b5580000,0x00000007b5580000,0x00000007bd900000)
  from space 19456K, 51% used [0x00000007bed00000,0x00000007bf6b8020,0x00000007c0000000)
  to   space 19968K, 0% used [0x00000007bd900000,0x00000007bd900000,0x00000007bec80000)
 ParOldGen       total 349696K, used 99757K [0x00000007a0000000, 0x00000007b5580000, 0x00000007b5580000)
  object space 349696K, 28% used [0x00000007a0000000,0x00000007a616b6a0,0x00000007b5580000)
 Metaspace       used 5452K, capacity 5616K, committed 5760K, reserved 1056768K
  class space    used 580K, capacity 630K, committed 640K, reserved 1048576K
}
{Heap before GC invocations=671 (full 68):
 PSYoungGen      total 154112K, used 142562K [0x00000007b5580000, 0x00000007c0000000, 0x00000007c0000000)
  eden space 134656K, 98% used [0x00000007b5580000,0x00000007bd7008f8,0x00000007bd900000)
  from space 19456K, 51% used [0x00000007bed00000,0x00000007bf6b8020,0x00000007c0000000)
  to   space 19968K, 0% used [0x00000007bd900000,0x00000007bd900000,0x00000007bec80000)
 ParOldGen       total 349696K, used 99757K [0x00000007a0000000, 0x00000007b5580000, 0x00000007b5580000)
  object space 349696K, 28% used [0x00000007a0000000,0x00000007a616b6a0,0x00000007b5580000)
 Metaspace       used 5452K, capacity 5616K, committed 5760K, reserved 1056768K
  class space    used 580K, capacity 630K, committed 640K, reserved 1048576K
2018-07-25T18:08:48.758-0800: 51.038: [GC (Allocation Failure) [PSYoungGen: 142562K->218K(154624K)] 242319K->99976K(504320K), 0.0009800 secs] [Times: user=0.01 sys=0.00, real=0.00 secs] 
Heap after GC invocations=671 (full 68):
 PSYoungGen      total 154624K, used 218K [0x00000007b5580000, 0x00000007c0000000, 0x00000007c0000000)
  eden space 134656K, 0% used [0x00000007b5580000,0x00000007b5580000,0x00000007bd900000)
  from space 19968K, 1% used [0x00000007bd900000,0x00000007bd936ae0,0x00000007bec80000)
  to   space 19456K, 0% used [0x00000007bed00000,0x00000007bed00000,0x00000007c0000000)
 ParOldGen       total 349696K, used 99757K [0x00000007a0000000, 0x00000007b5580000, 0x00000007b5580000)
  object space 349696K, 28% used [0x00000007a0000000,0x00000007a616b6a0,0x00000007b5580000)
 Metaspace       used 5452K, capacity 5616K, committed 5760K, reserved 1056768K
  class space    used 580K, capacity 630K, committed 640K, reserved 1048576K
}
{Heap before GC invocations=672 (full 68):
 PSYoungGen      total 154624K, used 129661K [0x00000007b5580000, 0x00000007c0000000, 0x00000007c0000000)
  eden space 134656K, 96% used [0x00000007b5580000,0x00000007bd3e8ae8,0x00000007bd900000)
  from space 19968K, 1% used [0x00000007bd900000,0x00000007bd936ae0,0x00000007bec80000)
  to   space 19456K, 0% used [0x00000007bed00000,0x00000007bed00000,0x00000007c0000000)
 ParOldGen       total 349696K, used 99757K [0x00000007a0000000, 0x00000007b5580000, 0x00000007b5580000)
  object space 349696K, 28% used [0x00000007a0000000,0x00000007a616b6a0,0x00000007b5580000)
 Metaspace       used 5452K, capacity 5616K, committed 5760K, reserved 1056768K
  class space    used 580K, capacity 630K, committed 640K, reserved 1048576K
2018-07-25T18:08:48.790-0800: 51.070: [GC (Allocation Failure) [PSYoungGen: 129661K->9797K(155136K)] 229419K->161761K(504832K), 0.0067983 secs] [Times: user=0.05 sys=0.00, real=0.00 secs] 
Heap after GC invocations=672 (full 68):
 PSYoungGen      total 155136K, used 9797K [0x00000007b5580000, 0x00000007c0000000, 0x00000007c0000000)
  eden space 135680K, 0% used [0x00000007b5580000,0x00000007b5580000,0x00000007bda00000)
  from space 19456K, 50% used [0x00000007bed00000,0x00000007bf691698,0x00000007c0000000)
  to   space 19456K, 0% used [0x00000007bda00000,0x00000007bda00000,0x00000007bed00000)
 ParOldGen       total 349696K, used 151963K [0x00000007a0000000, 0x00000007b5580000, 0x00000007b5580000)
  object space 349696K, 43% used [0x00000007a0000000,0x00000007a9466f18,0x00000007b5580000)
 Metaspace       used 5452K, capacity 5616K, committed 5760K, reserved 1056768K
  class space    used 580K, capacity 630K, committed 640K, reserved 1048576K
}
{Heap before GC invocations=673 (full 68):
 PSYoungGen      total 155136K, used 139316K [0x00000007b5580000, 0x00000007c0000000, 0x00000007c0000000)
  eden space 135680K, 95% used [0x00000007b5580000,0x00000007bd3fb988,0x00000007bda00000)
  from space 19456K, 50% used [0x00000007bed00000,0x00000007bf691698,0x00000007c0000000)
  to   space 19456K, 0% used [0x00000007bda00000,0x00000007bda00000,0x00000007bed00000)
 ParOldGen       total 349696K, used 151963K [0x00000007a0000000, 0x00000007b5580000, 0x00000007b5580000)
  object space 349696K, 43% used [0x00000007a0000000,0x00000007a9466f18,0x00000007b5580000)
 Metaspace       used 5452K, capacity 5616K, committed 5760K, reserved 1056768K
  class space    used 580K, capacity 630K, committed 640K, reserved 1048576K
2018-07-25T18:08:48.902-0800: 51.182: [GC (Allocation Failure) [PSYoungGen: 139316K->9952K(145920K)] 291279K->187958K(495616K), 0.0042057 secs] [Times: user=0.03 sys=0.01, real=0.00 secs] 
Heap after GC invocations=673 (full 68):
 PSYoungGen      total 145920K, used 9952K [0x00000007b5580000, 0x00000007c0000000, 0x00000007c0000000)
  eden space 135680K, 0% used [0x00000007b5580000,0x00000007b5580000,0x00000007bda00000)
  from space 10240K, 97% used [0x00000007bda00000,0x00000007be3b82d0,0x00000007be400000)
  to   space 19968K, 0% used [0x00000007bec80000,0x00000007bec80000,0x00000007c0000000)
 ParOldGen       total 349696K, used 178005K [0x00000007a0000000, 0x00000007b5580000, 0x00000007b5580000)
  object space 349696K, 50% used [0x00000007a0000000,0x00000007aadd55e0,0x00000007b5580000)
 Metaspace       used 5452K, capacity 5616K, committed 5760K, reserved 1056768K
  class space    used 580K, capacity 630K, committed 640K, reserved 1048576K
}
{Heap before GC invocations=674 (full 68):
 PSYoungGen      total 145920K, used 116431K [0x00000007b5580000, 0x00000007c0000000, 0x00000007c0000000)
  eden space 135680K, 78% used [0x00000007b5580000,0x00000007bbd7ba38,0x00000007bda00000)
  from space 10240K, 97% used [0x00000007bda00000,0x00000007be3b82d0,0x00000007be400000)
  to   space 19968K, 0% used [0x00000007bec80000,0x00000007bec80000,0x00000007c0000000)
 ParOldGen       total 349696K, used 178005K [0x00000007a0000000, 0x00000007b5580000, 0x00000007b5580000)
  object space 349696K, 50% used [0x00000007a0000000,0x00000007aadd55e0,0x00000007b5580000)
 Metaspace       used 5452K, capacity 5616K, committed 5760K, reserved 1056768K
  class space    used 580K, capacity 630K, committed 640K, reserved 1048576K
2018-07-25T18:08:48.918-0800: 51.199: [GC (Allocation Failure) [PSYoungGen: 116431K->0K(155136K)] 294436K->213919K(504832K), 0.0050729 secs] [Times: user=0.04 sys=0.00, real=0.01 secs] 
Heap after GC invocations=674 (full 68):
 PSYoungGen      total 155136K, used 0K [0x00000007b5580000, 0x00000007c0000000, 0x00000007c0000000)
  eden space 135168K, 0% used [0x00000007b5580000,0x00000007b5580000,0x00000007bd980000)
  from space 19968K, 0% used [0x00000007bec80000,0x00000007bec80000,0x00000007c0000000)
  to   space 19456K, 0% used [0x00000007bd980000,0x00000007bd980000,0x00000007bec80000)
 ParOldGen       total 349696K, used 213919K [0x00000007a0000000, 0x00000007b5580000, 0x00000007b5580000)
  object space 349696K, 61% used [0x00000007a0000000,0x00000007ad0e7fb8,0x00000007b5580000)
 Metaspace       used 5452K, capacity 5616K, committed 5760K, reserved 1056768K
  class space    used 580K, capacity 630K, committed 640K, reserved 1048576K
}
{Heap before GC invocations=675 (full 68):
 PSYoungGen      total 155136K, used 129263K [0x00000007b5580000, 0x00000007c0000000, 0x00000007c0000000)
  eden space 135168K, 95% used [0x00000007b5580000,0x00000007bd3bbfa8,0x00000007bd980000)
  from space 19968K, 0% used [0x00000007bec80000,0x00000007bec80000,0x00000007c0000000)
  to   space 19456K, 0% used [0x00000007bd980000,0x00000007bd980000,0x00000007bec80000)
 ParOldGen       total 349696K, used 213919K [0x00000007a0000000, 0x00000007b5580000, 0x00000007b5580000)
  object space 349696K, 61% used [0x00000007a0000000,0x00000007ad0e7fb8,0x00000007b5580000)
 Metaspace       used 5452K, capacity 5616K, committed 5760K, reserved 1056768K
  class space    used 580K, capacity 630K, committed 640K, reserved 1048576K
2018-07-25T18:08:49.035-0800: 51.315: [GC (Allocation Failure) [PSYoungGen: 129263K->9953K(154624K)] 343183K->275956K(504320K), 0.0057832 secs] [Times: user=0.04 sys=0.00, real=0.01 secs] 
Heap after GC invocations=675 (full 68):
 PSYoungGen      total 154624K, used 9953K [0x00000007b5580000, 0x00000007c0000000, 0x00000007c0000000)
  eden space 135168K, 0% used [0x00000007b5580000,0x00000007b5580000,0x00000007bd980000)
  from space 19456K, 51% used [0x00000007bd980000,0x00000007be338428,0x00000007bec80000)
  to   space 19968K, 0% used [0x00000007bec80000,0x00000007bec80000,0x00000007c0000000)
 ParOldGen       total 349696K, used 266003K [0x00000007a0000000, 0x00000007b5580000, 0x00000007b5580000)
  object space 349696K, 76% used [0x00000007a0000000,0x00000007b03c4d68,0x00000007b5580000)
 Metaspace       used 5452K, capacity 5616K, committed 5760K, reserved 1056768K
  class space    used 580K, capacity 630K, committed 640K, reserved 1048576K
}
{Heap before GC invocations=676 (full 68):
 PSYoungGen      total 154624K, used 142609K [0x00000007b5580000, 0x00000007c0000000, 0x00000007c0000000)
  eden space 135168K, 98% used [0x00000007b5580000,0x00000007bd70c2a8,0x00000007bd980000)
  from space 19456K, 51% used [0x00000007bd980000,0x00000007be338428,0x00000007bec80000)
  to   space 19968K, 0% used [0x00000007bec80000,0x00000007bec80000,0x00000007c0000000)
 ParOldGen       total 349696K, used 266003K [0x00000007a0000000, 0x00000007b5580000, 0x00000007b5580000)
  object space 349696K, 76% used [0x00000007a0000000,0x00000007b03c4d68,0x00000007b5580000)
 Metaspace       used 5452K, capacity 5616K, committed 5760K, reserved 1056768K
  class space    used 580K, capacity 630K, committed 640K, reserved 1048576K
2018-07-25T18:08:49.133-0800: 51.413: [GC (Allocation Failure) [PSYoungGen: 142609K->155K(155136K)] 408613K->266159K(504832K), 0.0015095 secs] [Times: user=0.00 sys=0.00, real=0.00 secs] 
Heap after GC invocations=676 (full 68):
 PSYoungGen      total 155136K, used 155K [0x00000007b5580000, 0x00000007c0000000, 0x00000007c0000000)
  eden space 135168K, 0% used [0x00000007b5580000,0x00000007b5580000,0x00000007bd980000)
  from space 19968K, 0% used [0x00000007bec80000,0x00000007beca6ee8,0x00000007c0000000)
  to   space 19456K, 0% used [0x00000007bd980000,0x00000007bd980000,0x00000007bec80000)
 ParOldGen       total 349696K, used 266003K [0x00000007a0000000, 0x00000007b5580000, 0x00000007b5580000)
  object space 349696K, 76% used [0x00000007a0000000,0x00000007b03c4d68,0x00000007b5580000)
 Metaspace       used 5452K, capacity 5616K, committed 5760K, reserved 1056768K
  class space    used 580K, capacity 630K, committed 640K, reserved 1048576K
}
{Heap before GC invocations=677 (full 68):
 PSYoungGen      total 155136K, used 129631K [0x00000007b5580000, 0x00000007c0000000, 0x00000007c0000000)
  eden space 135168K, 95% used [0x00000007b5580000,0x00000007bd3f1088,0x00000007bd980000)
  from space 19968K, 0% used [0x00000007bec80000,0x00000007beca6ee8,0x00000007c0000000)
  to   space 19456K, 0% used [0x00000007bd980000,0x00000007bd980000,0x00000007bec80000)
 ParOldGen       total 349696K, used 266003K [0x00000007a0000000, 0x00000007b5580000, 0x00000007b5580000)
  object space 349696K, 76% used [0x00000007a0000000,0x00000007b03c4d68,0x00000007b5580000)
 Metaspace       used 5452K, capacity 5616K, committed 5760K, reserved 1056768K
  class space    used 580K, capacity 630K, committed 640K, reserved 1048576K
2018-07-25T18:08:49.162-0800: 51.443: [GC (Allocation Failure) [PSYoungGen: 129631K->9797K(154624K)] 395635K->327992K(504320K), 0.0078458 secs] [Times: user=0.06 sys=0.00, real=0.01 secs] 
Heap after GC invocations=677 (full 68):
 PSYoungGen      total 154624K, used 9797K [0x00000007b5580000, 0x00000007c0000000, 0x00000007c0000000)
  eden space 135168K, 0% used [0x00000007b5580000,0x00000007b5580000,0x00000007bd980000)
  from space 19456K, 50% used [0x00000007bd980000,0x00000007be311698,0x00000007bec80000)
  to   space 19456K, 0% used [0x00000007bed00000,0x00000007bed00000,0x00000007c0000000)
 ParOldGen       total 349696K, used 318194K [0x00000007a0000000, 0x00000007b5580000, 0x00000007b5580000)
  object space 349696K, 90% used [0x00000007a0000000,0x00000007b36bc9e8,0x00000007b5580000)
 Metaspace       used 5452K, capacity 5616K, committed 5760K, reserved 1056768K
  class space    used 580K, capacity 630K, committed 640K, reserved 1048576K
}
{Heap before GC invocations=678 (full 69):
 PSYoungGen      total 154624K, used 9797K [0x00000007b5580000, 0x00000007c0000000, 0x00000007c0000000)
  eden space 135168K, 0% used [0x00000007b5580000,0x00000007b5580000,0x00000007bd980000)
  from space 19456K, 50% used [0x00000007bd980000,0x00000007be311698,0x00000007bec80000)
  to   space 19456K, 0% used [0x00000007bed00000,0x00000007bed00000,0x00000007c0000000)
 ParOldGen       total 349696K, used 318194K [0x00000007a0000000, 0x00000007b5580000, 0x00000007b5580000)
  object space 349696K, 90% used [0x00000007a0000000,0x00000007b36bc9e8,0x00000007b5580000)
 Metaspace       used 5452K, capacity 5616K, committed 5760K, reserved 1056768K
  class space    used 580K, capacity 630K, committed 640K, reserved 1048576K
2018-07-25T18:08:49.170-0800: 51.451: [Full GC (Ergonomics) [PSYoungGen: 9797K->0K(154624K)] [ParOldGen: 318194K->73717K(349696K)] 327992K->73717K(504320K), [Metaspace: 5452K->5452K(1056768K)], 0.0105920 secs] [Times: user=0.06 sys=0.00, real=0.01 secs] 
Heap after GC invocations=678 (full 69):
 PSYoungGen      total 154624K, used 0K [0x00000007b5580000, 0x00000007c0000000, 0x00000007c0000000)
  eden space 135168K, 0% used [0x00000007b5580000,0x00000007b5580000,0x00000007bd980000)
  from space 19456K, 0% used [0x00000007bd980000,0x00000007bd980000,0x00000007bec80000)
  to   space 19456K, 0% used [0x00000007bed00000,0x00000007bed00000,0x00000007c0000000)
 ParOldGen       total 349696K, used 73717K [0x00000007a0000000, 0x00000007b5580000, 0x00000007b5580000)
  object space 349696K, 21% used [0x00000007a0000000,0x00000007a47fd650,0x00000007b5580000)
 Metaspace       used 5452K, capacity 5616K, committed 5760K, reserved 1056768K
  class space    used 580K, capacity 630K, committed 640K, reserved 1048576K
}
{Heap before GC invocations=679 (full 69):
 PSYoungGen      total 154624K, used 129524K [0x00000007b5580000, 0x00000007c0000000, 0x00000007c0000000)
  eden space 135168K, 95% used [0x00000007b5580000,0x00000007bd3fd038,0x00000007bd980000)
  from space 19456K, 0% used [0x00000007bd980000,0x00000007bd980000,0x00000007bec80000)
  to   space 19456K, 0% used [0x00000007bed00000,0x00000007bed00000,0x00000007c0000000)
 ParOldGen       total 349696K, used 73717K [0x00000007a0000000, 0x00000007b5580000, 0x00000007b5580000)
  object space 349696K, 21% used [0x00000007a0000000,0x00000007a47fd650,0x00000007b5580000)
 Metaspace       used 5452K, capacity 5616K, committed 5760K, reserved 1056768K
  class space    used 580K, capacity 630K, committed 640K, reserved 1048576K
2018-07-25T18:08:49.292-0800: 51.573: [GC (Allocation Failure) [PSYoungGen: 129524K->9985K(154112K)] 203241K->135786K(503808K), 0.0063329 secs] [Times: user=0.05 sys=0.00, real=0.00 secs] 
Heap after GC invocations=679 (full 69):
 PSYoungGen      total 154112K, used 9985K [0x00000007b5580000, 0x00000007c0000000, 0x00000007c0000000)
  eden space 134656K, 0% used [0x00000007b5580000,0x00000007b5580000,0x00000007bd900000)
  from space 19456K, 51% used [0x00000007bed00000,0x00000007bf6c06d8,0x00000007c0000000)
  to   space 19968K, 0% used [0x00000007bd900000,0x00000007bd900000,0x00000007bec80000)
 ParOldGen       total 349696K, used 125801K [0x00000007a0000000, 0x00000007b5580000, 0x00000007b5580000)
  object space 349696K, 35% used [0x00000007a0000000,0x00000007a7ada420,0x00000007b5580000)
 Metaspace       used 5452K, capacity 5616K, committed 5760K, reserved 1056768K
  class space    used 580K, capacity 630K, committed 640K, reserved 1048576K
}
{Heap before GC invocations=680 (full 69):
 PSYoungGen      total 154112K, used 116456K [0x00000007b5580000, 0x00000007c0000000, 0x00000007c0000000)
  eden space 134656K, 79% used [0x00000007b5580000,0x00000007bbd79c18,0x00000007bd900000)
  from space 19456K, 51% used [0x00000007bed00000,0x00000007bf6c06d8,0x00000007c0000000)
  to   space 19968K, 0% used [0x00000007bd900000,0x00000007bd900000,0x00000007bec80000)
 ParOldGen       total 349696K, used 125801K [0x00000007a0000000, 0x00000007b5580000, 0x00000007b5580000)
  object space 349696K, 35% used [0x00000007a0000000,0x00000007a7ada420,0x00000007b5580000)
 Metaspace       used 5452K, capacity 5616K, committed 5760K, reserved 1056768K
  class space    used 580K, capacity 630K, committed 640K, reserved 1048576K
2018-07-25T18:08:49.311-0800: 51.591: [GC (Allocation Failure) [PSYoungGen: 116456K->0K(154624K)] 242257K->161724K(504320K), 0.0048851 secs] [Times: user=0.03 sys=0.00, real=0.00 secs] 
Heap after GC invocations=680 (full 69):
 PSYoungGen      total 154624K, used 0K [0x00000007b5580000, 0x00000007c0000000, 0x00000007c0000000)
  eden space 134656K, 0% used [0x00000007b5580000,0x00000007b5580000,0x00000007bd900000)
  from space 19968K, 0% used [0x00000007bd900000,0x00000007bd900000,0x00000007bec80000)
  to   space 19456K, 0% used [0x00000007bed00000,0x00000007bed00000,0x00000007c0000000)
 ParOldGen       total 349696K, used 161724K [0x00000007a0000000, 0x00000007b5580000, 0x00000007b5580000)
  object space 349696K, 46% used [0x00000007a0000000,0x00000007a9def200,0x00000007b5580000)
 Metaspace       used 5452K, capacity 5616K, committed 5760K, reserved 1056768K
  class space    used 580K, capacity 630K, committed 640K, reserved 1048576K
}
{Heap before GC invocations=681 (full 69):
 PSYoungGen      total 154624K, used 129261K [0x00000007b5580000, 0x00000007c0000000, 0x00000007c0000000)
  eden space 134656K, 95% used [0x00000007b5580000,0x00000007bd3bb6d0,0x00000007bd900000)
  from space 19968K, 0% used [0x00000007bd900000,0x00000007bd900000,0x00000007bec80000)
  to   space 19456K, 0% used [0x00000007bed00000,0x00000007bed00000,0x00000007c0000000)
 ParOldGen       total 349696K, used 161724K [0x00000007a0000000, 0x00000007b5580000, 0x00000007b5580000)
  object space 349696K, 46% used [0x00000007a0000000,0x00000007a9def200,0x00000007b5580000)
 Metaspace       used 5452K, capacity 5616K, committed 5760K, reserved 1056768K
  class space    used 580K, capacity 630K, committed 640K, reserved 1048576K
2018-07-25T18:08:49.425-0800: 51.706: [GC (Allocation Failure) [PSYoungGen: 129261K->9922K(154112K)] 290986K->223729K(503808K), 0.0067791 secs] [Times: user=0.05 sys=0.00, real=0.01 secs] 
Heap after GC invocations=681 (full 69):
 PSYoungGen      total 154112K, used 9922K [0x00000007b5580000, 0x00000007c0000000, 0x00000007c0000000)
  eden space 134656K, 0% used [0x00000007b5580000,0x00000007b5580000,0x00000007bd900000)
  from space 19456K, 50% used [0x00000007bed00000,0x00000007bf6b0830,0x00000007c0000000)
  to   space 19968K, 0% used [0x00000007bd900000,0x00000007bd900000,0x00000007bec80000)
 ParOldGen       total 349696K, used 213807K [0x00000007a0000000, 0x00000007b5580000, 0x00000007b5580000)
  object space 349696K, 61% used [0x00000007a0000000,0x00000007ad0cbfb0,0x00000007b5580000)
 Metaspace       used 5452K, capacity 5616K, committed 5760K, reserved 1056768K
  class space    used 580K, capacity 630K, committed 640K, reserved 1048576K
}
{Heap before GC invocations=682 (full 69):
 PSYoungGen      total 154112K, used 142573K [0x00000007b5580000, 0x00000007c0000000, 0x00000007c0000000)
  eden space 134656K, 98% used [0x00000007b5580000,0x00000007bd70ae90,0x00000007bd900000)
  from space 19456K, 50% used [0x00000007bed00000,0x00000007bf6b0830,0x00000007c0000000)
  to   space 19968K, 0% used [0x00000007bd900000,0x00000007bd900000,0x00000007bec80000)
 ParOldGen       total 349696K, used 213807K [0x00000007a0000000, 0x00000007b5580000, 0x00000007b5580000)
  object space 349696K, 61% used [0x00000007a0000000,0x00000007ad0cbfb0,0x00000007b5580000)
 Metaspace       used 5452K, capacity 5616K, committed 5760K, reserved 1056768K
  class space    used 580K, capacity 630K, committed 640K, reserved 1048576K
2018-07-25T18:08:49.525-0800: 51.806: [GC (Allocation Failure) [PSYoungGen: 142573K->156K(154624K)] 356381K->213964K(504320K), 0.0018524 secs] [Times: user=0.01 sys=0.00, real=0.00 secs] 
Heap after GC invocations=682 (full 69):
 PSYoungGen      total 154624K, used 156K [0x00000007b5580000, 0x00000007c0000000, 0x00000007c0000000)
  eden space 134656K, 0% used [0x00000007b5580000,0x00000007b5580000,0x00000007bd900000)
  from space 19968K, 0% used [0x00000007bd900000,0x00000007bd9272f0,0x00000007bec80000)
  to   space 19456K, 0% used [0x00000007bed00000,0x00000007bed00000,0x00000007c0000000)
 ParOldGen       total 349696K, used 213807K [0x00000007a0000000, 0x00000007b5580000, 0x00000007b5580000)
  object space 349696K, 61% used [0x00000007a0000000,0x00000007ad0cbfb0,0x00000007b5580000)
 Metaspace       used 5452K, capacity 5616K, committed 5760K, reserved 1056768K
  class space    used 580K, capacity 630K, committed 640K, reserved 1048576K
}
{Heap before GC invocations=683 (full 69):
 PSYoungGen      total 154624K, used 129626K [0x00000007b5580000, 0x00000007c0000000, 0x00000007c0000000)
  eden space 134656K, 96% used [0x00000007b5580000,0x00000007bd3ef598,0x00000007bd900000)
  from space 19968K, 0% used [0x00000007bd900000,0x00000007bd9272f0,0x00000007bec80000)
  to   space 19456K, 0% used [0x00000007bed00000,0x00000007bed00000,0x00000007c0000000)
 ParOldGen       total 349696K, used 213807K [0x00000007a0000000, 0x00000007b5580000, 0x00000007b5580000)
  object space 349696K, 61% used [0x00000007a0000000,0x00000007ad0cbfb0,0x00000007b5580000)
 Metaspace       used 5452K, capacity 5616K, committed 5760K, reserved 1056768K
  class space    used 580K, capacity 630K, committed 640K, reserved 1048576K
2018-07-25T18:08:49.556-0800: 51.837: [GC (Allocation Failure) [PSYoungGen: 129626K->9797K(155136K)] 343434K->275797K(504832K), 0.0088720 secs] [Times: user=0.07 sys=0.00, real=0.01 secs] 
Heap after GC invocations=683 (full 69):
 PSYoungGen      total 155136K, used 9797K [0x00000007b5580000, 0x00000007c0000000, 0x00000007c0000000)
  eden space 135680K, 0% used [0x00000007b5580000,0x00000007b5580000,0x00000007bda00000)
  from space 19456K, 50% used [0x00000007bed00000,0x00000007bf691698,0x00000007c0000000)
  to   space 19456K, 0% used [0x00000007bda00000,0x00000007bda00000,0x00000007bed00000)
 ParOldGen       total 349696K, used 266000K [0x00000007a0000000, 0x00000007b5580000, 0x00000007b5580000)
  object space 349696K, 76% used [0x00000007a0000000,0x00000007b03c4038,0x00000007b5580000)
 Metaspace       used 5452K, capacity 5616K, committed 5760K, reserved 1056768K
  class space    used 580K, capacity 630K, committed 640K, reserved 1048576K
}
{Heap before GC invocations=684 (full 69):
 PSYoungGen      total 155136K, used 139333K [0x00000007b5580000, 0x00000007c0000000, 0x00000007c0000000)
  eden space 135680K, 95% used [0x00000007b5580000,0x00000007bd3ffee0,0x00000007bda00000)
  from space 19456K, 50% used [0x00000007bed00000,0x00000007bf691698,0x00000007c0000000)
  to   space 19456K, 0% used [0x00000007bda00000,0x00000007bda00000,0x00000007bed00000)
 ParOldGen       total 349696K, used 266000K [0x00000007a0000000, 0x00000007b5580000, 0x00000007b5580000)
  object space 349696K, 76% used [0x00000007a0000000,0x00000007b03c4038,0x00000007b5580000)
 Metaspace       used 5452K, capacity 5616K, committed 5760K, reserved 1056768K
  class space    used 580K, capacity 630K, committed 640K, reserved 1048576K
2018-07-25T18:08:49.672-0800: 51.953: [GC (Allocation Failure) [PSYoungGen: 139333K->9954K(145920K)] 405333K->301996K(495616K), 0.0046632 secs] [Times: user=0.03 sys=0.00, real=0.00 secs] 
Heap after GC invocations=684 (full 69):
 PSYoungGen      total 145920K, used 9954K [0x00000007b5580000, 0x00000007c0000000, 0x00000007c0000000)
  eden space 135680K, 0% used [0x00000007b5580000,0x00000007b5580000,0x00000007bda00000)
  from space 10240K, 97% used [0x00000007bda00000,0x00000007be3b8ae0,0x00000007be400000)
  to   space 19968K, 0% used [0x00000007bec80000,0x00000007bec80000,0x00000007c0000000)
 ParOldGen       total 349696K, used 292041K [0x00000007a0000000, 0x00000007b5580000, 0x00000007b5580000)
  object space 349696K, 83% used [0x00000007a0000000,0x00000007b1d32700,0x00000007b5580000)
 Metaspace       used 5452K, capacity 5616K, committed 5760K, reserved 1056768K
  class space    used 580K, capacity 630K, committed 640K, reserved 1048576K
}
{Heap before GC invocations=685 (full 70):
 PSYoungGen      total 145920K, used 9954K [0x00000007b5580000, 0x00000007c0000000, 0x00000007c0000000)
  eden space 135680K, 0% used [0x00000007b5580000,0x00000007b5580000,0x00000007bda00000)
  from space 10240K, 97% used [0x00000007bda00000,0x00000007be3b8ae0,0x00000007be400000)
  to   space 19968K, 0% used [0x00000007bec80000,0x00000007bec80000,0x00000007c0000000)
 ParOldGen       total 349696K, used 292041K [0x00000007a0000000, 0x00000007b5580000, 0x00000007b5580000)
  object space 349696K, 83% used [0x00000007a0000000,0x00000007b1d32700,0x00000007b5580000)
 Metaspace       used 5452K, capacity 5616K, committed 5760K, reserved 1056768K
  class space    used 580K, capacity 630K, committed 640K, reserved 1048576K
2018-07-25T18:08:49.677-0800: 51.958: [Full GC (Ergonomics) [PSYoungGen: 9954K->0K(145920K)] [ParOldGen: 292041K->47677K(349696K)] 301996K->47677K(495616K), [Metaspace: 5452K->5452K(1056768K)], 0.0077947 secs] [Times: user=0.03 sys=0.00, real=0.01 secs] 
Heap after GC invocations=685 (full 70):
 PSYoungGen      total 145920K, used 0K [0x00000007b5580000, 0x00000007c0000000, 0x00000007c0000000)
  eden space 135680K, 0% used [0x00000007b5580000,0x00000007b5580000,0x00000007bda00000)
  from space 10240K, 0% used [0x00000007bda00000,0x00000007bda00000,0x00000007be400000)
  to   space 19968K, 0% used [0x00000007bec80000,0x00000007bec80000,0x00000007c0000000)
 ParOldGen       total 349696K, used 47677K [0x00000007a0000000, 0x00000007b5580000, 0x00000007b5580000)
  object space 349696K, 13% used [0x00000007a0000000,0x00000007a2e8f528,0x00000007b5580000)
 Metaspace       used 5452K, capacity 5616K, committed 5760K, reserved 1056768K
  class space    used 580K, capacity 630K, committed 640K, reserved 1048576K
}
{Heap before GC invocations=686 (full 70):
 PSYoungGen      total 145920K, used 106489K [0x00000007b5580000, 0x00000007c0000000, 0x00000007c0000000)
  eden space 135680K, 78% used [0x00000007b5580000,0x00000007bbd7e6f8,0x00000007bda00000)
  from space 10240K, 0% used [0x00000007bda00000,0x00000007bda00000,0x00000007be400000)
  to   space 19968K, 0% used [0x00000007bec80000,0x00000007bec80000,0x00000007c0000000)
 ParOldGen       total 349696K, used 47677K [0x00000007a0000000, 0x00000007b5580000, 0x00000007b5580000)
  object space 349696K, 13% used [0x00000007a0000000,0x00000007a2e8f528,0x00000007b5580000)
 Metaspace       used 5452K, capacity 5616K, committed 5760K, reserved 1056768K
  class space    used 580K, capacity 630K, committed 640K, reserved 1048576K
2018-07-25T18:08:49.697-0800: 51.978: [GC (Allocation Failure) [PSYoungGen: 106489K->0K(155136K)] 154167K->125802K(504832K), 0.0096044 secs] [Times: user=0.07 sys=0.00, real=0.01 secs] 
Heap after GC invocations=686 (full 70):
 PSYoungGen      total 155136K, used 0K [0x00000007b5580000, 0x00000007c0000000, 0x00000007c0000000)
  eden space 135168K, 0% used [0x00000007b5580000,0x00000007b5580000,0x00000007bd980000)
  from space 19968K, 0% used [0x00000007bec80000,0x00000007bec80000,0x00000007c0000000)
  to   space 19456K, 0% used [0x00000007bd980000,0x00000007bd980000,0x00000007bec80000)
 ParOldGen       total 349696K, used 125802K [0x00000007a0000000, 0x00000007b5580000, 0x00000007b5580000)
  object space 349696K, 35% used [0x00000007a0000000,0x00000007a7ada9c8,0x00000007b5580000)
 Metaspace       used 5452K, capacity 5616K, committed 5760K, reserved 1056768K
  class space    used 580K, capacity 630K, committed 640K, reserved 1048576K
}
{Heap before GC invocations=687 (full 70):
 PSYoungGen      total 155136K, used 128920K [0x00000007b5580000, 0x00000007c0000000, 0x00000007c0000000)
  eden space 135168K, 95% used [0x00000007b5580000,0x00000007bd366180,0x00000007bd980000)
  from space 19968K, 0% used [0x00000007bec80000,0x00000007bec80000,0x00000007c0000000)
  to   space 19456K, 0% used [0x00000007bd980000,0x00000007bd980000,0x00000007bec80000)
 ParOldGen       total 349696K, used 125802K [0x00000007a0000000, 0x00000007b5580000, 0x00000007b5580000)
  object space 349696K, 35% used [0x00000007a0000000,0x00000007a7ada9c8,0x00000007b5580000)
 Metaspace       used 5452K, capacity 5616K, committed 5760K, reserved 1056768K
  class space    used 580K, capacity 630K, committed 640K, reserved 1048576K
2018-07-25T18:08:49.817-0800: 52.097: [GC (Allocation Failure) [PSYoungGen: 128920K->9923K(154624K)] 254722K->187808K(504320K), 0.0056675 secs] [Times: user=0.04 sys=0.00, real=0.01 secs] 
Heap after GC invocations=687 (full 70):
 PSYoungGen      total 154624K, used 9923K [0x00000007b5580000, 0x00000007c0000000, 0x00000007c0000000)
  eden space 135168K, 0% used [0x00000007b5580000,0x00000007b5580000,0x00000007bd980000)
  from space 19456K, 51% used [0x00000007bd980000,0x00000007be330c38,0x00000007bec80000)
  to   space 19968K, 0% used [0x00000007bec80000,0x00000007bec80000,0x00000007c0000000)
 ParOldGen       total 349696K, used 177885K [0x00000007a0000000, 0x00000007b5580000, 0x00000007b5580000)
  object space 349696K, 50% used [0x00000007a0000000,0x00000007aadb7778,0x00000007b5580000)
 Metaspace       used 5452K, capacity 5616K, committed 5760K, reserved 1056768K
  class space    used 580K, capacity 630K, committed 640K, reserved 1048576K
}
{Heap before GC invocations=688 (full 70):
 PSYoungGen      total 154624K, used 142356K [0x00000007b5580000, 0x00000007c0000000, 0x00000007c0000000)
  eden space 135168K, 97% used [0x00000007b5580000,0x00000007bd6d4578,0x00000007bd980000)
  from space 19456K, 51% used [0x00000007bd980000,0x00000007be330c38,0x00000007bec80000)
  to   space 19968K, 0% used [0x00000007bec80000,0x00000007bec80000,0x00000007c0000000)
 ParOldGen       total 349696K, used 177885K [0x00000007a0000000, 0x00000007b5580000, 0x00000007b5580000)
  object space 349696K, 50% used [0x00000007a0000000,0x00000007aadb7778,0x00000007b5580000)
 Metaspace       used 5452K, capacity 5616K, committed 5760K, reserved 1056768K
  class space    used 580K, capacity 630K, committed 640K, reserved 1048576K
2018-07-25T18:08:49.914-0800: 52.195: [GC (Allocation Failure) [PSYoungGen: 142356K->189K(155136K)] 320242K->178075K(504832K), 0.0011579 secs] [Times: user=0.01 sys=0.01, real=0.00 secs] 
Heap after GC invocations=688 (full 70):
 PSYoungGen      total 155136K, used 189K [0x00000007b5580000, 0x00000007c0000000, 0x00000007c0000000)
  eden space 135168K, 0% used [0x00000007b5580000,0x00000007b5580000,0x00000007bd980000)
  from space 19968K, 0% used [0x00000007bec80000,0x00000007becaf6f8,0x00000007c0000000)
  to   space 19456K, 0% used [0x00000007bd980000,0x00000007bd980000,0x00000007bec80000)
 ParOldGen       total 349696K, used 177885K [0x00000007a0000000, 0x00000007b5580000, 0x00000007b5580000)
  object space 349696K, 50% used [0x00000007a0000000,0x00000007aadb7778,0x00000007b5580000)
 Metaspace       used 5452K, capacity 5616K, committed 5760K, reserved 1056768K
  class space    used 580K, capacity 630K, committed 640K, reserved 1048576K
}
{Heap before GC invocations=689 (full 70):
 PSYoungGen      total 155136K, used 129522K [0x00000007b5580000, 0x00000007c0000000, 0x00000007c0000000)
  eden space 135168K, 95% used [0x00000007b5580000,0x00000007bd3cd278,0x00000007bd980000)
  from space 19968K, 0% used [0x00000007bec80000,0x00000007becaf6f8,0x00000007c0000000)
  to   space 19456K, 0% used [0x00000007bd980000,0x00000007bd980000,0x00000007bec80000)
 ParOldGen       total 349696K, used 177885K [0x00000007a0000000, 0x00000007b5580000, 0x00000007b5580000)
  object space 349696K, 50% used [0x00000007a0000000,0x00000007aadb7778,0x00000007b5580000)
 Metaspace       used 5452K, capacity 5616K, committed 5760K, reserved 1056768K
  class space    used 580K, capacity 630K, committed 640K, reserved 1048576K
2018-07-25T18:08:49.948-0800: 52.229: [GC (Allocation Failure) [PSYoungGen: 129522K->9797K(154624K)] 307408K->239876K(504320K), 0.0075508 secs] [Times: user=0.06 sys=0.00, real=0.01 secs] 
Heap after GC invocations=689 (full 70):
 PSYoungGen      total 154624K, used 9797K [0x00000007b5580000, 0x00000007c0000000, 0x00000007c0000000)
  eden space 135168K, 0% used [0x00000007b5580000,0x00000007b5580000,0x00000007bd980000)
  from space 19456K, 50% used [0x00000007bd980000,0x00000007be311698,0x00000007bec80000)
  to   space 19456K, 0% used [0x00000007bed00000,0x00000007bed00000,0x00000007c0000000)
 ParOldGen       total 349696K, used 230079K [0x00000007a0000000, 0x00000007b5580000, 0x00000007b5580000)
  object space 349696K, 65% used [0x00000007a0000000,0x00000007ae0afc08,0x00000007b5580000)
 Metaspace       used 5452K, capacity 5616K, committed 5760K, reserved 1056768K
  class space    used 580K, capacity 630K, committed 640K, reserved 1048576K
}
{Heap before GC invocations=690 (full 70):
 PSYoungGen      total 154624K, used 139229K [0x00000007b5580000, 0x00000007c0000000, 0x00000007c0000000)
  eden space 135168K, 95% used [0x00000007b5580000,0x00000007bd3e5f70,0x00000007bd980000)
  from space 19456K, 50% used [0x00000007bd980000,0x00000007be311698,0x00000007bec80000)
  to   space 19456K, 0% used [0x00000007bed00000,0x00000007bed00000,0x00000007c0000000)
 ParOldGen       total 349696K, used 230079K [0x00000007a0000000, 0x00000007b5580000, 0x00000007b5580000)
  object space 349696K, 65% used [0x00000007a0000000,0x00000007ae0afc08,0x00000007b5580000)
 Metaspace       used 5452K, capacity 5616K, committed 5760K, reserved 1056768K
  class space    used 580K, capacity 630K, committed 640K, reserved 1048576K
2018-07-25T18:08:50.062-0800: 52.343: [GC (Allocation Failure) [PSYoungGen: 139229K->9955K(154112K)] 369308K->266076K(503808K), 0.0047257 secs] [Times: user=0.04 sys=0.00, real=0.00 secs] 
Heap after GC invocations=690 (full 70):
 PSYoungGen      total 154112K, used 9955K [0x00000007b5580000, 0x00000007c0000000, 0x00000007c0000000)
  eden space 134656K, 0% used [0x00000007b5580000,0x00000007b5580000,0x00000007bd900000)
  from space 19456K, 51% used [0x00000007bed00000,0x00000007bf6b8ee8,0x00000007c0000000)
  to   space 19968K, 0% used [0x00000007bd900000,0x00000007bd900000,0x00000007bec80000)
 ParOldGen       total 349696K, used 256120K [0x00000007a0000000, 0x00000007b5580000, 0x00000007b5580000)
  object space 349696K, 73% used [0x00000007a0000000,0x00000007afa1e2d0,0x00000007b5580000)
 Metaspace       used 5452K, capacity 5616K, committed 5760K, reserved 1056768K
  class space    used 580K, capacity 630K, committed 640K, reserved 1048576K
}
{Heap before GC invocations=691 (full 70):
 PSYoungGen      total 154112K, used 116367K [0x00000007b5580000, 0x00000007c0000000, 0x00000007c0000000)
  eden space 134656K, 79% used [0x00000007b5580000,0x00000007bbd6af20,0x00000007bd900000)
  from space 19456K, 51% used [0x00000007bed00000,0x00000007bf6b8ee8,0x00000007c0000000)
  to   space 19968K, 0% used [0x00000007bd900000,0x00000007bd900000,0x00000007bec80000)
 ParOldGen       total 349696K, used 256120K [0x00000007a0000000, 0x00000007b5580000, 0x00000007b5580000)
  object space 349696K, 73% used [0x00000007a0000000,0x00000007afa1e2d0,0x00000007b5580000)
 Metaspace       used 5452K, capacity 5616K, committed 5760K, reserved 1056768K
  class space    used 580K, capacity 630K, committed 640K, reserved 1048576K
2018-07-25T18:08:50.080-0800: 52.360: [GC (Allocation Failure) [PSYoungGen: 116367K->0K(154624K)] 372488K->292038K(504320K), 0.0061268 secs] [Times: user=0.04 sys=0.00, real=0.00 secs] 
Heap after GC invocations=691 (full 70):
 PSYoungGen      total 154624K, used 0K [0x00000007b5580000, 0x00000007c0000000, 0x00000007c0000000)
  eden space 134656K, 0% used [0x00000007b5580000,0x00000007b5580000,0x00000007bd900000)
  from space 19968K, 0% used [0x00000007bd900000,0x00000007bd900000,0x00000007bec80000)
  to   space 19456K, 0% used [0x00000007bed00000,0x00000007bed00000,0x00000007c0000000)
 ParOldGen       total 349696K, used 292038K [0x00000007a0000000, 0x00000007b5580000, 0x00000007b5580000)
  object space 349696K, 83% used [0x00000007a0000000,0x00000007b1d318c0,0x00000007b5580000)
 Metaspace       used 5452K, capacity 5616K, committed 5760K, reserved 1056768K
  class space    used 580K, capacity 630K, committed 640K, reserved 1048576K
}
{Heap before GC invocations=692 (full 71):
 PSYoungGen      total 154624K, used 0K [0x00000007b5580000, 0x00000007c0000000, 0x00000007c0000000)
  eden space 134656K, 0% used [0x00000007b5580000,0x00000007b5580000,0x00000007bd900000)
  from space 19968K, 0% used [0x00000007bd900000,0x00000007bd900000,0x00000007bec80000)
  to   space 19456K, 0% used [0x00000007bed00000,0x00000007bed00000,0x00000007c0000000)
 ParOldGen       total 349696K, used 292038K [0x00000007a0000000, 0x00000007b5580000, 0x00000007b5580000)
  object space 349696K, 83% used [0x00000007a0000000,0x00000007b1d318c0,0x00000007b5580000)
 Metaspace       used 5452K, capacity 5616K, committed 5760K, reserved 1056768K
  class space    used 580K, capacity 630K, committed 640K, reserved 1048576K
2018-07-25T18:08:50.086-0800: 52.366: [Full GC (Ergonomics) [PSYoungGen: 0K->0K(154624K)] [ParOldGen: 292038K->47678K(349696K)] 292038K->47678K(504320K), [Metaspace: 5452K->5452K(1056768K)], 0.0087132 secs] [Times: user=0.05 sys=0.00, real=0.01 secs] 
Heap after GC invocations=692 (full 71):
 PSYoungGen      total 154624K, used 0K [0x00000007b5580000, 0x00000007c0000000, 0x00000007c0000000)
  eden space 134656K, 0% used [0x00000007b5580000,0x00000007b5580000,0x00000007bd900000)
  from space 19968K, 0% used [0x00000007bd900000,0x00000007bd900000,0x00000007bec80000)
  to   space 19456K, 0% used [0x00000007bed00000,0x00000007bed00000,0x00000007c0000000)
 ParOldGen       total 349696K, used 47678K [0x00000007a0000000, 0x00000007b5580000, 0x00000007b5580000)
  object space 349696K, 13% used [0x00000007a0000000,0x00000007a2e8f910,0x00000007b5580000)
 Metaspace       used 5452K, capacity 5616K, committed 5760K, reserved 1056768K
  class space    used 580K, capacity 630K, committed 640K, reserved 1048576K
}
{Heap before GC invocations=693 (full 71):
 PSYoungGen      total 154624K, used 129223K [0x00000007b5580000, 0x00000007c0000000, 0x00000007c0000000)
  eden space 134656K, 95% used [0x00000007b5580000,0x00000007bd3b1ed8,0x00000007bd900000)
  from space 19968K, 0% used [0x00000007bd900000,0x00000007bd900000,0x00000007bec80000)
  to   space 19456K, 0% used [0x00000007bed00000,0x00000007bed00000,0x00000007c0000000)
 ParOldGen       total 349696K, used 47678K [0x00000007a0000000, 0x00000007b5580000, 0x00000007b5580000)
  object space 349696K, 13% used [0x00000007a0000000,0x00000007a2e8f910,0x00000007b5580000)
 Metaspace       used 5452K, capacity 5616K, committed 5760K, reserved 1056768K
  class space    used 580K, capacity 630K, committed 640K, reserved 1048576K
2018-07-25T18:08:50.209-0800: 52.489: [GC (Allocation Failure) [PSYoungGen: 129223K->9988K(154112K)] 176901K->109749K(503808K), 0.0060102 secs] [Times: user=0.04 sys=0.00, real=0.01 secs] 
Heap after GC invocations=693 (full 71):
 PSYoungGen      total 154112K, used 9988K [0x00000007b5580000, 0x00000007c0000000, 0x00000007c0000000)
  eden space 134656K, 0% used [0x00000007b5580000,0x00000007b5580000,0x00000007bd900000)
  from space 19456K, 51% used [0x00000007bed00000,0x00000007bf6c1040,0x00000007c0000000)
  to   space 19968K, 0% used [0x00000007bd900000,0x00000007bd900000,0x00000007bec80000)
 ParOldGen       total 349696K, used 99761K [0x00000007a0000000, 0x00000007b5580000, 0x00000007b5580000)
  object space 349696K, 28% used [0x00000007a0000000,0x00000007a616c6c0,0x00000007b5580000)
 Metaspace       used 5452K, capacity 5616K, committed 5760K, reserved 1056768K
  class space    used 580K, capacity 630K, committed 640K, reserved 1048576K
}
{Heap before GC invocations=694 (full 71):
 PSYoungGen      total 154112K, used 142598K [0x00000007b5580000, 0x00000007c0000000, 0x00000007c0000000)
  eden space 134656K, 98% used [0x00000007b5580000,0x00000007bd700990,0x00000007bd900000)
  from space 19456K, 51% used [0x00000007bed00000,0x00000007bf6c1040,0x00000007c0000000)
  to   space 19968K, 0% used [0x00000007bd900000,0x00000007bd900000,0x00000007bec80000)
 ParOldGen       total 349696K, used 99761K [0x00000007a0000000, 0x00000007b5580000, 0x00000007b5580000)
  object space 349696K, 28% used [0x00000007a0000000,0x00000007a616c6c0,0x00000007b5580000)
 Metaspace       used 5452K, capacity 5616K, committed 5760K, reserved 1056768K
  class space    used 580K, capacity 630K, committed 640K, reserved 1048576K
2018-07-25T18:08:50.308-0800: 52.589: [GC (Allocation Failure) [PSYoungGen: 142598K->222K(154624K)] 242360K->99984K(504320K), 0.0010402 secs] [Times: user=0.00 sys=0.00, real=0.00 secs] 
Heap after GC invocations=694 (full 71):
 PSYoungGen      total 154624K, used 222K [0x00000007b5580000, 0x00000007c0000000, 0x00000007c0000000)
  eden space 134656K, 0% used [0x00000007b5580000,0x00000007b5580000,0x00000007bd900000)
  from space 19968K, 1% used [0x00000007bd900000,0x00000007bd937b00,0x00000007bec80000)
  to   space 19456K, 0% used [0x00000007bed00000,0x00000007bed00000,0x00000007c0000000)
 ParOldGen       total 349696K, used 99761K [0x00000007a0000000, 0x00000007b5580000, 0x00000007b5580000)
  object space 349696K, 28% used [0x00000007a0000000,0x00000007a616c6c0,0x00000007b5580000)
 Metaspace       used 5452K, capacity 5616K, committed 5760K, reserved 1056768K
  class space    used 580K, capacity 630K, committed 640K, reserved 1048576K
}
{Heap before GC invocations=695 (full 71):
 PSYoungGen      total 154624K, used 129665K [0x00000007b5580000, 0x00000007c0000000, 0x00000007c0000000)
  eden space 134656K, 96% used [0x00000007b5580000,0x00000007bd3e8bc0,0x00000007bd900000)
  from space 19968K, 1% used [0x00000007bd900000,0x00000007bd937b00,0x00000007bec80000)
  to   space 19456K, 0% used [0x00000007bed00000,0x00000007bed00000,0x00000007c0000000)
 ParOldGen       total 349696K, used 99761K [0x00000007a0000000, 0x00000007b5580000, 0x00000007b5580000)
  object space 349696K, 28% used [0x00000007a0000000,0x00000007a616c6c0,0x00000007b5580000)
 Metaspace       used 5452K, capacity 5616K, committed 5760K, reserved 1056768K
  class space    used 580K, capacity 630K, committed 640K, reserved 1048576K
2018-07-25T18:08:50.337-0800: 52.618: [GC (Allocation Failure) [PSYoungGen: 129665K->9797K(155136K)] 229427K->161769K(504832K), 0.0069885 secs] [Times: user=0.05 sys=0.00, real=0.01 secs] 
Heap after GC invocations=695 (full 71):
 PSYoungGen      total 155136K, used 9797K [0x00000007b5580000, 0x00000007c0000000, 0x00000007c0000000)
  eden space 135680K, 0% used [0x00000007b5580000,0x00000007b5580000,0x00000007bda00000)
  from space 19456K, 50% used [0x00000007bed00000,0x00000007bf691698,0x00000007c0000000)
  to   space 19456K, 0% used [0x00000007bda00000,0x00000007bda00000,0x00000007bed00000)
 ParOldGen       total 349696K, used 151971K [0x00000007a0000000, 0x00000007b5580000, 0x00000007b5580000)
  object space 349696K, 43% used [0x00000007a0000000,0x00000007a9468f58,0x00000007b5580000)
 Metaspace       used 5452K, capacity 5616K, committed 5760K, reserved 1056768K
  class space    used 580K, capacity 630K, committed 640K, reserved 1048576K
}
{Heap before GC invocations=696 (full 71):
 PSYoungGen      total 155136K, used 139316K [0x00000007b5580000, 0x00000007c0000000, 0x00000007c0000000)
  eden space 135680K, 95% used [0x00000007b5580000,0x00000007bd3fba88,0x00000007bda00000)
  from space 19456K, 50% used [0x00000007bed00000,0x00000007bf691698,0x00000007c0000000)
  to   space 19456K, 0% used [0x00000007bda00000,0x00000007bda00000,0x00000007bed00000)
 ParOldGen       total 349696K, used 151971K [0x00000007a0000000, 0x00000007b5580000, 0x00000007b5580000)
  object space 349696K, 43% used [0x00000007a0000000,0x00000007a9468f58,0x00000007b5580000)
 Metaspace       used 5452K, capacity 5616K, committed 5760K, reserved 1056768K
  class space    used 580K, capacity 630K, committed 640K, reserved 1048576K
2018-07-25T18:08:50.457-0800: 52.737: [GC (Allocation Failure) [PSYoungGen: 139316K->9956K(145920K)] 291288K->187970K(495616K), 0.0047119 secs] [Times: user=0.03 sys=0.00, real=0.01 secs] 
Heap after GC invocations=696 (full 71):
 PSYoungGen      total 145920K, used 9956K [0x00000007b5580000, 0x00000007c0000000, 0x00000007c0000000)
  eden space 135680K, 0% used [0x00000007b5580000,0x00000007b5580000,0x00000007bda00000)
  from space 10240K, 97% used [0x00000007bda00000,0x00000007be3b92f0,0x00000007be400000)
  to   space 19968K, 0% used [0x00000007bec80000,0x00000007bec80000,0x00000007c0000000)
 ParOldGen       total 349696K, used 178013K [0x00000007a0000000, 0x00000007b5580000, 0x00000007b5580000)
  object space 349696K, 50% used [0x00000007a0000000,0x00000007aadd7620,0x00000007b5580000)
 Metaspace       used 5452K, capacity 5616K, committed 5760K, reserved 1056768K
  class space    used 580K, capacity 630K, committed 640K, reserved 1048576K
}
{Heap before GC invocations=697 (full 71):
 PSYoungGen      total 145920K, used 116435K [0x00000007b5580000, 0x00000007c0000000, 0x00000007c0000000)
  eden space 135680K, 78% used [0x00000007b5580000,0x00000007bbd7bae0,0x00000007bda00000)
  from space 10240K, 97% used [0x00000007bda00000,0x00000007be3b92f0,0x00000007be400000)
  to   space 19968K, 0% used [0x00000007bec80000,0x00000007bec80000,0x00000007c0000000)
 ParOldGen       total 349696K, used 178013K [0x00000007a0000000, 0x00000007b5580000, 0x00000007b5580000)
  object space 349696K, 50% used [0x00000007a0000000,0x00000007aadd7620,0x00000007b5580000)
 Metaspace       used 5452K, capacity 5616K, committed 5760K, reserved 1056768K
  class space    used 580K, capacity 630K, committed 640K, reserved 1048576K
2018-07-25T18:08:50.473-0800: 52.754: [GC (Allocation Failure) [PSYoungGen: 116435K->0K(155136K)] 294448K->213932K(504832K), 0.0049347 secs] [Times: user=0.03 sys=0.00, real=0.00 secs] 
Heap after GC invocations=697 (full 71):
 PSYoungGen      total 155136K, used 0K [0x00000007b5580000, 0x00000007c0000000, 0x00000007c0000000)
  eden space 135168K, 0% used [0x00000007b5580000,0x00000007b5580000,0x00000007bd980000)
  from space 19968K, 0% used [0x00000007bec80000,0x00000007bec80000,0x00000007c0000000)
  to   space 19456K, 0% used [0x00000007bd980000,0x00000007bd980000,0x00000007bec80000)
 ParOldGen       total 349696K, used 213932K [0x00000007a0000000, 0x00000007b5580000, 0x00000007b5580000)
  object space 349696K, 61% used [0x00000007a0000000,0x00000007ad0eb018,0x00000007b5580000)
 Metaspace       used 5452K, capacity 5616K, committed 5760K, reserved 1056768K
  class space    used 580K, capacity 630K, committed 640K, reserved 1048576K
}
{Heap before GC invocations=698 (full 71):
 PSYoungGen      total 155136K, used 129264K [0x00000007b5580000, 0x00000007c0000000, 0x00000007c0000000)
  eden space 135168K, 95% used [0x00000007b5580000,0x00000007bd3bc0a8,0x00000007bd980000)
  from space 19968K, 0% used [0x00000007bec80000,0x00000007bec80000,0x00000007c0000000)
  to   space 19456K, 0% used [0x00000007bd980000,0x00000007bd980000,0x00000007bec80000)
 ParOldGen       total 349696K, used 213932K [0x00000007a0000000, 0x00000007b5580000, 0x00000007b5580000)
  object space 349696K, 61% used [0x00000007a0000000,0x00000007ad0eb018,0x00000007b5580000)
 Metaspace       used 5452K, capacity 5616K, committed 5760K, reserved 1056768K
  class space    used 580K, capacity 630K, committed 640K, reserved 1048576K
2018-07-25T18:08:50.588-0800: 52.869: [GC (Allocation Failure) [PSYoungGen: 129264K->9925K(154624K)] 343196K->275940K(504320K), 0.0072046 secs] [Times: user=0.05 sys=0.00, real=0.01 secs] 
Heap after GC invocations=698 (full 71):
 PSYoungGen      total 154624K, used 9925K [0x00000007b5580000, 0x00000007c0000000, 0x00000007c0000000)
  eden space 135168K, 0% used [0x00000007b5580000,0x00000007b5580000,0x00000007bd980000)
  from space 19456K, 51% used [0x00000007bd980000,0x00000007be331448,0x00000007bec80000)
  to   space 19968K, 0% used [0x00000007bec80000,0x00000007bec80000,0x00000007c0000000)
 ParOldGen       total 349696K, used 266015K [0x00000007a0000000, 0x00000007b5580000, 0x00000007b5580000)
  object space 349696K, 76% used [0x00000007a0000000,0x00000007b03c7dc8,0x00000007b5580000)
 Metaspace       used 5452K, capacity 5616K, committed 5760K, reserved 1056768K
  class space    used 580K, capacity 630K, committed 640K, reserved 1048576K
}
{Heap before GC invocations=699 (full 71):
 PSYoungGen      total 154624K, used 142581K [0x00000007b5580000, 0x00000007c0000000, 0x00000007c0000000)
  eden space 135168K, 98% used [0x00000007b5580000,0x00000007bd70c350,0x00000007bd980000)
  from space 19456K, 51% used [0x00000007bd980000,0x00000007be331448,0x00000007bec80000)
  to   space 19968K, 0% used [0x00000007bec80000,0x00000007bec80000,0x00000007c0000000)
 ParOldGen       total 349696K, used 266015K [0x00000007a0000000, 0x00000007b5580000, 0x00000007b5580000)
  object space 349696K, 76% used [0x00000007a0000000,0x00000007b03c7dc8,0x00000007b5580000)
 Metaspace       used 5452K, capacity 5616K, committed 5760K, reserved 1056768K
  class space    used 580K, capacity 630K, committed 640K, reserved 1048576K
2018-07-25T18:08:50.687-0800: 52.968: [GC (Allocation Failure) [PSYoungGen: 142581K->159K(155136K)] 408597K->266175K(504832K), 0.0016292 secs] [Times: user=0.00 sys=0.00, real=0.00 secs] 
Heap after GC invocations=699 (full 71):
 PSYoungGen      total 155136K, used 159K [0x00000007b5580000, 0x00000007c0000000, 0x00000007c0000000)
  eden space 135168K, 0% used [0x00000007b5580000,0x00000007b5580000,0x00000007bd980000)
  from space 19968K, 0% used [0x00000007bec80000,0x00000007beca7f08,0x00000007c0000000)
  to   space 19456K, 0% used [0x00000007bd980000,0x00000007bd980000,0x00000007bec80000)
 ParOldGen       total 349696K, used 266015K [0x00000007a0000000, 0x00000007b5580000, 0x00000007b5580000)
  object space 349696K, 76% used [0x00000007a0000000,0x00000007b03c7dc8,0x00000007b5580000)
 Metaspace       used 5452K, capacity 5616K, committed 5760K, reserved 1056768K
  class space    used 580K, capacity 630K, committed 640K, reserved 1048576K
}
{Heap before GC invocations=700 (full 71):
 PSYoungGen      total 155136K, used 129636K [0x00000007b5580000, 0x00000007c0000000, 0x00000007c0000000)
  eden space 135168K, 95% used [0x00000007b5580000,0x00000007bd3f1168,0x00000007bd980000)
  from space 19968K, 0% used [0x00000007bec80000,0x00000007beca7f08,0x00000007c0000000)
  to   space 19456K, 0% used [0x00000007bd980000,0x00000007bd980000,0x00000007bec80000)
 ParOldGen       total 349696K, used 266015K [0x00000007a0000000, 0x00000007b5580000, 0x00000007b5580000)
  object space 349696K, 76% used [0x00000007a0000000,0x00000007b03c7dc8,0x00000007b5580000)
 Metaspace       used 5452K, capacity 5616K, committed 5760K, reserved 1056768K
  class space    used 580K, capacity 630K, committed 640K, reserved 1048576K
2018-07-25T18:08:50.717-0800: 52.997: [GC (Allocation Failure) [PSYoungGen: 129636K->9797K(154624K)] 395651K->328008K(504320K), 0.0078984 secs] [Times: user=0.06 sys=0.00, real=0.01 secs] 
Heap after GC invocations=700 (full 71):
 PSYoungGen      total 154624K, used 9797K [0x00000007b5580000, 0x00000007c0000000, 0x00000007c0000000)
  eden space 135168K, 0% used [0x00000007b5580000,0x00000007b5580000,0x00000007bd980000)
  from space 19456K, 50% used [0x00000007bd980000,0x00000007be311698,0x00000007bec80000)
  to   space 19456K, 0% used [0x00000007bed00000,0x00000007bed00000,0x00000007c0000000)
 ParOldGen       total 349696K, used 318210K [0x00000007a0000000, 0x00000007b5580000, 0x00000007b5580000)
  object space 349696K, 90% used [0x00000007a0000000,0x00000007b36c0a68,0x00000007b5580000)
 Metaspace       used 5452K, capacity 5616K, committed 5760K, reserved 1056768K
  class space    used 580K, capacity 630K, committed 640K, reserved 1048576K
}
{Heap before GC invocations=701 (full 72):
 PSYoungGen      total 154624K, used 9797K [0x00000007b5580000, 0x00000007c0000000, 0x00000007c0000000)
  eden space 135168K, 0% used [0x00000007b5580000,0x00000007b5580000,0x00000007bd980000)
  from space 19456K, 50% used [0x00000007bd980000,0x00000007be311698,0x00000007bec80000)
  to   space 19456K, 0% used [0x00000007bed00000,0x00000007bed00000,0x00000007c0000000)
 ParOldGen       total 349696K, used 318210K [0x00000007a0000000, 0x00000007b5580000, 0x00000007b5580000)
  object space 349696K, 90% used [0x00000007a0000000,0x00000007b36c0a68,0x00000007b5580000)
 Metaspace       used 5452K, capacity 5616K, committed 5760K, reserved 1056768K
  class space    used 580K, capacity 630K, committed 640K, reserved 1048576K
2018-07-25T18:08:50.725-0800: 53.005: [Full GC (Ergonomics) [PSYoungGen: 9797K->0K(154624K)] [ParOldGen: 318210K->73721K(349696K)] 328008K->73721K(504320K), [Metaspace: 5452K->5452K(1056768K)], 0.0108821 secs] [Times: user=0.06 sys=0.00, real=0.01 secs] 
Heap after GC invocations=701 (full 72):
 PSYoungGen      total 154624K, used 0K [0x00000007b5580000, 0x00000007c0000000, 0x00000007c0000000)
  eden space 135168K, 0% used [0x00000007b5580000,0x00000007b5580000,0x00000007bd980000)
  from space 19456K, 0% used [0x00000007bd980000,0x00000007bd980000,0x00000007bec80000)
  to   space 19456K, 0% used [0x00000007bed00000,0x00000007bed00000,0x00000007c0000000)
 ParOldGen       total 349696K, used 73721K [0x00000007a0000000, 0x00000007b5580000, 0x00000007b5580000)
  object space 349696K, 21% used [0x00000007a0000000,0x00000007a47fe670,0x00000007b5580000)
 Metaspace       used 5452K, capacity 5616K, committed 5760K, reserved 1056768K
  class space    used 580K, capacity 630K, committed 640K, reserved 1048576K
}
{Heap before GC invocations=702 (full 72):
 PSYoungGen      total 154624K, used 129524K [0x00000007b5580000, 0x00000007c0000000, 0x00000007c0000000)
  eden space 135168K, 95% used [0x00000007b5580000,0x00000007bd3fd140,0x00000007bd980000)
  from space 19456K, 0% used [0x00000007bd980000,0x00000007bd980000,0x00000007bec80000)
  to   space 19456K, 0% used [0x00000007bed00000,0x00000007bed00000,0x00000007c0000000)
 ParOldGen       total 349696K, used 73721K [0x00000007a0000000, 0x00000007b5580000, 0x00000007b5580000)
  object space 349696K, 21% used [0x00000007a0000000,0x00000007a47fe670,0x00000007b5580000)
 Metaspace       used 5452K, capacity 5616K, committed 5760K, reserved 1056768K
  class space    used 580K, capacity 630K, committed 640K, reserved 1048576K
2018-07-25T18:08:50.848-0800: 53.129: [GC (Allocation Failure) [PSYoungGen: 129524K->9957K(154112K)] 203245K->135762K(503808K), 0.0062101 secs] [Times: user=0.05 sys=0.00, real=0.01 secs] 
Heap after GC invocations=702 (full 72):
 PSYoungGen      total 154112K, used 9957K [0x00000007b5580000, 0x00000007c0000000, 0x00000007c0000000)
  eden space 134656K, 0% used [0x00000007b5580000,0x00000007b5580000,0x00000007bd900000)
  from space 19456K, 51% used [0x00000007bed00000,0x00000007bf6b96f8,0x00000007c0000000)
  to   space 19968K, 0% used [0x00000007bd900000,0x00000007bd900000,0x00000007bec80000)
 ParOldGen       total 349696K, used 125805K [0x00000007a0000000, 0x00000007b5580000, 0x00000007b5580000)
  object space 349696K, 35% used [0x00000007a0000000,0x00000007a7adb440,0x00000007b5580000)
 Metaspace       used 5452K, capacity 5616K, committed 5760K, reserved 1056768K
  class space    used 580K, capacity 630K, committed 640K, reserved 1048576K
}
{Heap before GC invocations=703 (full 72):
 PSYoungGen      total 154112K, used 116428K [0x00000007b5580000, 0x00000007c0000000, 0x00000007c0000000)
  eden space 134656K, 79% used [0x00000007b5580000,0x00000007bbd79cc0,0x00000007bd900000)
  from space 19456K, 51% used [0x00000007bed00000,0x00000007bf6b96f8,0x00000007c0000000)
  to   space 19968K, 0% used [0x00000007bd900000,0x00000007bd900000,0x00000007bec80000)
 ParOldGen       total 349696K, used 125805K [0x00000007a0000000, 0x00000007b5580000, 0x00000007b5580000)
  object space 349696K, 35% used [0x00000007a0000000,0x00000007a7adb440,0x00000007b5580000)
 Metaspace       used 5452K, capacity 5616K, committed 5760K, reserved 1056768K
  class space    used 580K, capacity 630K, committed 640K, reserved 1048576K
2018-07-25T18:08:50.867-0800: 53.148: [GC (Allocation Failure) [PSYoungGen: 116428K->0K(154624K)] 242233K->161732K(504320K), 0.0047465 secs] [Times: user=0.04 sys=0.00, real=0.01 secs] 
Heap after GC invocations=703 (full 72):
 PSYoungGen      total 154624K, used 0K [0x00000007b5580000, 0x00000007c0000000, 0x00000007c0000000)
  eden space 134656K, 0% used [0x00000007b5580000,0x00000007b5580000,0x00000007bd900000)
  from space 19968K, 0% used [0x00000007bd900000,0x00000007bd900000,0x00000007bec80000)
  to   space 19456K, 0% used [0x00000007bed00000,0x00000007bed00000,0x00000007c0000000)
 ParOldGen       total 349696K, used 161732K [0x00000007a0000000, 0x00000007b5580000, 0x00000007b5580000)
  object space 349696K, 46% used [0x00000007a0000000,0x00000007a9df1240,0x00000007b5580000)
 Metaspace       used 5452K, capacity 5616K, committed 5760K, reserved 1056768K
  class space    used 580K, capacity 630K, committed 640K, reserved 1048576K
}
{Heap before GC invocations=704 (full 72):
 PSYoungGen      total 154624K, used 129261K [0x00000007b5580000, 0x00000007c0000000, 0x00000007c0000000)
  eden space 134656K, 95% used [0x00000007b5580000,0x00000007bd3bb7c8,0x00000007bd900000)
  from space 19968K, 0% used [0x00000007bd900000,0x00000007bd900000,0x00000007bec80000)
  to   space 19456K, 0% used [0x00000007bed00000,0x00000007bed00000,0x00000007c0000000)
 ParOldGen       total 349696K, used 161732K [0x00000007a0000000, 0x00000007b5580000, 0x00000007b5580000)
  object space 349696K, 46% used [0x00000007a0000000,0x00000007a9df1240,0x00000007b5580000)
 Metaspace       used 5452K, capacity 5616K, committed 5760K, reserved 1056768K
  class space    used 580K, capacity 630K, committed 640K, reserved 1048576K
2018-07-25T18:08:50.982-0800: 53.263: [GC (Allocation Failure) [PSYoungGen: 129261K->9958K(154112K)] 290994K->223774K(503808K), 0.0052867 secs] [Times: user=0.04 sys=0.00, real=0.00 secs] 
Heap after GC invocations=704 (full 72):
 PSYoungGen      total 154112K, used 9958K [0x00000007b5580000, 0x00000007c0000000, 0x00000007c0000000)
  eden space 134656K, 0% used [0x00000007b5580000,0x00000007b5580000,0x00000007bd900000)
  from space 19456K, 51% used [0x00000007bed00000,0x00000007bf6b9850,0x00000007c0000000)
  to   space 19968K, 0% used [0x00000007bd900000,0x00000007bd900000,0x00000007bec80000)
 ParOldGen       total 349696K, used 213815K [0x00000007a0000000, 0x00000007b5580000, 0x00000007b5580000)
  object space 349696K, 61% used [0x00000007a0000000,0x00000007ad0cdff0,0x00000007b5580000)
 Metaspace       used 5452K, capacity 5616K, committed 5760K, reserved 1056768K
  class space    used 580K, capacity 630K, committed 640K, reserved 1048576K
}
{Heap before GC invocations=705 (full 72):
 PSYoungGen      total 154112K, used 142609K [0x00000007b5580000, 0x00000007c0000000, 0x00000007c0000000)
  eden space 134656K, 98% used [0x00000007b5580000,0x00000007bd70af38,0x00000007bd900000)
  from space 19456K, 51% used [0x00000007bed00000,0x00000007bf6b9850,0x00000007c0000000)
  to   space 19968K, 0% used [0x00000007bd900000,0x00000007bd900000,0x00000007bec80000)
 ParOldGen       total 349696K, used 213815K [0x00000007a0000000, 0x00000007b5580000, 0x00000007b5580000)
  object space 349696K, 61% used [0x00000007a0000000,0x00000007ad0cdff0,0x00000007b5580000)
 Metaspace       used 5452K, capacity 5616K, committed 5760K, reserved 1056768K
  class space    used 580K, capacity 630K, committed 640K, reserved 1048576K
2018-07-25T18:08:51.083-0800: 53.364: [GC (Allocation Failure) [PSYoungGen: 142609K->160K(154624K)] 356425K->213976K(504320K), 0.0017680 secs] [Times: user=0.01 sys=0.00, real=0.00 secs] 
Heap after GC invocations=705 (full 72):
 PSYoungGen      total 154624K, used 160K [0x00000007b5580000, 0x00000007c0000000, 0x00000007c0000000)
  eden space 134656K, 0% used [0x00000007b5580000,0x00000007b5580000,0x00000007bd900000)
  from space 19968K, 0% used [0x00000007bd900000,0x00000007bd928310,0x00000007bec80000)
  to   space 19456K, 0% used [0x00000007bed00000,0x00000007bed00000,0x00000007c0000000)
 ParOldGen       total 349696K, used 213815K [0x00000007a0000000, 0x00000007b5580000, 0x00000007b5580000)
  object space 349696K, 61% used [0x00000007a0000000,0x00000007ad0cdff0,0x00000007b5580000)
 Metaspace       used 5452K, capacity 5616K, committed 5760K, reserved 1056768K
  class space    used 580K, capacity 630K, committed 640K, reserved 1048576K
}
{Heap before GC invocations=706 (full 72):
 PSYoungGen      total 154624K, used 129630K [0x00000007b5580000, 0x00000007c0000000, 0x00000007c0000000)
  eden space 134656K, 96% used [0x00000007b5580000,0x00000007bd3ef678,0x00000007bd900000)
  from space 19968K, 0% used [0x00000007bd900000,0x00000007bd928310,0x00000007bec80000)
  to   space 19456K, 0% used [0x00000007bed00000,0x00000007bed00000,0x00000007c0000000)
 ParOldGen       total 349696K, used 213815K [0x00000007a0000000, 0x00000007b5580000, 0x00000007b5580000)
  object space 349696K, 61% used [0x00000007a0000000,0x00000007ad0cdff0,0x00000007b5580000)
 Metaspace       used 5452K, capacity 5616K, committed 5760K, reserved 1056768K
  class space    used 580K, capacity 630K, committed 640K, reserved 1048576K
2018-07-25T18:08:51.118-0800: 53.399: [GC (Allocation Failure) [PSYoungGen: 129630K->9797K(155136K)] 343446K->275809K(504832K), 0.0078345 secs] [Times: user=0.06 sys=0.00, real=0.01 secs] 
Heap after GC invocations=706 (full 72):
 PSYoungGen      total 155136K, used 9797K [0x00000007b5580000, 0x00000007c0000000, 0x00000007c0000000)
  eden space 135680K, 0% used [0x00000007b5580000,0x00000007b5580000,0x00000007bda00000)
  from space 19456K, 50% used [0x00000007bed00000,0x00000007bf691698,0x00000007c0000000)
  to   space 19456K, 0% used [0x00000007bda00000,0x00000007bda00000,0x00000007bed00000)
 ParOldGen       total 349696K, used 266012K [0x00000007a0000000, 0x00000007b5580000, 0x00000007b5580000)
  object space 349696K, 76% used [0x00000007a0000000,0x00000007b03c7098,0x00000007b5580000)
 Metaspace       used 5452K, capacity 5616K, committed 5760K, reserved 1056768K
  class space    used 580K, capacity 630K, committed 640K, reserved 1048576K
}
{Heap before GC invocations=707 (full 72):
 PSYoungGen      total 155136K, used 139333K [0x00000007b5580000, 0x00000007c0000000, 0x00000007c0000000)
  eden space 135680K, 95% used [0x00000007b5580000,0x00000007bd3fffe8,0x00000007bda00000)
  from space 19456K, 50% used [0x00000007bed00000,0x00000007bf691698,0x00000007c0000000)
  to   space 19456K, 0% used [0x00000007bda00000,0x00000007bda00000,0x00000007bed00000)
 ParOldGen       total 349696K, used 266012K [0x00000007a0000000, 0x00000007b5580000, 0x00000007b5580000)
  object space 349696K, 76% used [0x00000007a0000000,0x00000007b03c7098,0x00000007b5580000)
 Metaspace       used 5452K, capacity 5616K, committed 5760K, reserved 1056768K
  class space    used 580K, capacity 630K, committed 640K, reserved 1048576K
2018-07-25T18:08:51.232-0800: 53.513: [GC (Allocation Failure) [PSYoungGen: 139333K->9926K(145920K)] 405345K->301980K(495616K), 0.0045495 secs] [Times: user=0.03 sys=0.00, real=0.00 secs] 
Heap after GC invocations=707 (full 72):
 PSYoungGen      total 145920K, used 9926K [0x00000007b5580000, 0x00000007c0000000, 0x00000007c0000000)
  eden space 135680K, 0% used [0x00000007b5580000,0x00000007b5580000,0x00000007bda00000)
  from space 10240K, 96% used [0x00000007bda00000,0x00000007be3b1b00,0x00000007be400000)
  to   space 19968K, 0% used [0x00000007bec80000,0x00000007bec80000,0x00000007c0000000)
 ParOldGen       total 349696K, used 292053K [0x00000007a0000000, 0x00000007b5580000, 0x00000007b5580000)
  object space 349696K, 83% used [0x00000007a0000000,0x00000007b1d35760,0x00000007b5580000)
 Metaspace       used 5452K, capacity 5616K, committed 5760K, reserved 1056768K
  class space    used 580K, capacity 630K, committed 640K, reserved 1048576K
}
{Heap before GC invocations=708 (full 73):
 PSYoungGen      total 145920K, used 9926K [0x00000007b5580000, 0x00000007c0000000, 0x00000007c0000000)
  eden space 135680K, 0% used [0x00000007b5580000,0x00000007b5580000,0x00000007bda00000)
  from space 10240K, 96% used [0x00000007bda00000,0x00000007be3b1b00,0x00000007be400000)
  to   space 19968K, 0% used [0x00000007bec80000,0x00000007bec80000,0x00000007c0000000)
 ParOldGen       total 349696K, used 292053K [0x00000007a0000000, 0x00000007b5580000, 0x00000007b5580000)
  object space 349696K, 83% used [0x00000007a0000000,0x00000007b1d35760,0x00000007b5580000)
 Metaspace       used 5452K, capacity 5616K, committed 5760K, reserved 1056768K
  class space    used 580K, capacity 630K, committed 640K, reserved 1048576K
2018-07-25T18:08:51.237-0800: 53.517: [Full GC (Ergonomics) [PSYoungGen: 9926K->0K(145920K)] [ParOldGen: 292053K->47681K(349696K)] 301980K->47681K(495616K), [Metaspace: 5452K->5452K(1056768K)], 0.0074772 secs] [Times: user=0.04 sys=0.00, real=0.01 secs] 
Heap after GC invocations=708 (full 73):
 PSYoungGen      total 145920K, used 0K [0x00000007b5580000, 0x00000007c0000000, 0x00000007c0000000)
  eden space 135680K, 0% used [0x00000007b5580000,0x00000007b5580000,0x00000007bda00000)
  from space 10240K, 0% used [0x00000007bda00000,0x00000007bda00000,0x00000007be400000)
  to   space 19968K, 0% used [0x00000007bec80000,0x00000007bec80000,0x00000007c0000000)
 ParOldGen       total 349696K, used 47681K [0x00000007a0000000, 0x00000007b5580000, 0x00000007b5580000)
  object space 349696K, 13% used [0x00000007a0000000,0x00000007a2e90548,0x00000007b5580000)
 Metaspace       used 5452K, capacity 5616K, committed 5760K, reserved 1056768K
  class space    used 580K, capacity 630K, committed 640K, reserved 1048576K
}
{Heap before GC invocations=709 (full 73):
 PSYoungGen      total 145920K, used 106489K [0x00000007b5580000, 0x00000007c0000000, 0x00000007c0000000)
  eden space 135680K, 78% used [0x00000007b5580000,0x00000007bbd7e7a0,0x00000007bda00000)
  from space 10240K, 0% used [0x00000007bda00000,0x00000007bda00000,0x00000007be400000)
  to   space 19968K, 0% used [0x00000007bec80000,0x00000007bec80000,0x00000007c0000000)
 ParOldGen       total 349696K, used 47681K [0x00000007a0000000, 0x00000007b5580000, 0x00000007b5580000)
  object space 349696K, 13% used [0x00000007a0000000,0x00000007a2e90548,0x00000007b5580000)
 Metaspace       used 5452K, capacity 5616K, committed 5760K, reserved 1056768K
  class space    used 580K, capacity 630K, committed 640K, reserved 1048576K
2018-07-25T18:08:51.257-0800: 53.538: [GC (Allocation Failure) [PSYoungGen: 106489K->0K(155136K)] 154171K->125806K(504832K), 0.0101153 secs] [Times: user=0.08 sys=0.00, real=0.01 secs] 
Heap after GC invocations=709 (full 73):
 PSYoungGen      total 155136K, used 0K [0x00000007b5580000, 0x00000007c0000000, 0x00000007c0000000)
  eden space 135168K, 0% used [0x00000007b5580000,0x00000007b5580000,0x00000007bd980000)
  from space 19968K, 0% used [0x00000007bec80000,0x00000007bec80000,0x00000007c0000000)
  to   space 19456K, 0% used [0x00000007bd980000,0x00000007bd980000,0x00000007bec80000)
 ParOldGen       total 349696K, used 125806K [0x00000007a0000000, 0x00000007b5580000, 0x00000007b5580000)
  object space 349696K, 35% used [0x00000007a0000000,0x00000007a7adb9e8,0x00000007b5580000)
 Metaspace       used 5452K, capacity 5616K, committed 5760K, reserved 1056768K
  class space    used 580K, capacity 630K, committed 640K, reserved 1048576K
}
{Heap before GC invocations=710 (full 73):
 PSYoungGen      total 155136K, used 128920K [0x00000007b5580000, 0x00000007c0000000, 0x00000007c0000000)
  eden space 135168K, 95% used [0x00000007b5580000,0x00000007bd3661e8,0x00000007bd980000)
  from space 19968K, 0% used [0x00000007bec80000,0x00000007bec80000,0x00000007c0000000)
  to   space 19456K, 0% used [0x00000007bd980000,0x00000007bd980000,0x00000007bec80000)
 ParOldGen       total 349696K, used 125806K [0x00000007a0000000, 0x00000007b5580000, 0x00000007b5580000)
  object space 349696K, 35% used [0x00000007a0000000,0x00000007a7adb9e8,0x00000007b5580000)
 Metaspace       used 5452K, capacity 5616K, committed 5760K, reserved 1056768K
  class space    used 580K, capacity 630K, committed 640K, reserved 1048576K
2018-07-25T18:08:51.386-0800: 53.667: [GC (Allocation Failure) [PSYoungGen: 128920K->9959K(154624K)] 254726K->187848K(504320K), 0.0063199 secs] [Times: user=0.05 sys=0.00, real=0.01 secs] 
Heap after GC invocations=710 (full 73):
 PSYoungGen      total 154624K, used 9959K [0x00000007b5580000, 0x00000007c0000000, 0x00000007c0000000)
  eden space 135168K, 0% used [0x00000007b5580000,0x00000007b5580000,0x00000007bd980000)
  from space 19456K, 51% used [0x00000007bd980000,0x00000007be339c58,0x00000007bec80000)
  to   space 19968K, 0% used [0x00000007bec80000,0x00000007bec80000,0x00000007c0000000)
 ParOldGen       total 349696K, used 177889K [0x00000007a0000000, 0x00000007b5580000, 0x00000007b5580000)
  object space 349696K, 50% used [0x00000007a0000000,0x00000007aadb8798,0x00000007b5580000)
 Metaspace       used 5452K, capacity 5616K, committed 5760K, reserved 1056768K
  class space    used 580K, capacity 630K, committed 640K, reserved 1048576K
}
{Heap before GC invocations=711 (full 73):
 PSYoungGen      total 154624K, used 142392K [0x00000007b5580000, 0x00000007c0000000, 0x00000007c0000000)
  eden space 135168K, 97% used [0x00000007b5580000,0x00000007bd6d45b8,0x00000007bd980000)
  from space 19456K, 51% used [0x00000007bd980000,0x00000007be339c58,0x00000007bec80000)
  to   space 19968K, 0% used [0x00000007bec80000,0x00000007bec80000,0x00000007c0000000)
 ParOldGen       total 349696K, used 177889K [0x00000007a0000000, 0x00000007b5580000, 0x00000007b5580000)
  object space 349696K, 50% used [0x00000007a0000000,0x00000007aadb8798,0x00000007b5580000)
 Metaspace       used 5452K, capacity 5616K, committed 5760K, reserved 1056768K
  class space    used 580K, capacity 630K, committed 640K, reserved 1048576K
2018-07-25T18:08:51.502-0800: 53.783: [GC (Allocation Failure) [PSYoungGen: 142392K->161K(155136K)] 320282K->178051K(504832K), 0.0009031 secs] [Times: user=0.00 sys=0.00, real=0.00 secs] 
Heap after GC invocations=711 (full 73):
 PSYoungGen      total 155136K, used 161K [0x00000007b5580000, 0x00000007c0000000, 0x00000007c0000000)
  eden space 135168K, 0% used [0x00000007b5580000,0x00000007b5580000,0x00000007bd980000)
  from space 19968K, 0% used [0x00000007bec80000,0x00000007beca8718,0x00000007c0000000)
  to   space 19456K, 0% used [0x00000007bd980000,0x00000007bd980000,0x00000007bec80000)
 ParOldGen       total 349696K, used 177889K [0x00000007a0000000, 0x00000007b5580000, 0x00000007b5580000)
  object space 349696K, 50% used [0x00000007a0000000,0x00000007aadb8798,0x00000007b5580000)
 Metaspace       used 5452K, capacity 5616K, committed 5760K, reserved 1056768K
  class space    used 580K, capacity 630K, committed 640K, reserved 1048576K
}
{Heap before GC invocations=712 (full 73):
 PSYoungGen      total 155136K, used 129494K [0x00000007b5580000, 0x00000007c0000000, 0x00000007c0000000)
  eden space 135168K, 95% used [0x00000007b5580000,0x00000007bd3cd318,0x00000007bd980000)
  from space 19968K, 0% used [0x00000007bec80000,0x00000007beca8718,0x00000007c0000000)
  to   space 19456K, 0% used [0x00000007bd980000,0x00000007bd980000,0x00000007bec80000)
 ParOldGen       total 349696K, used 177889K [0x00000007a0000000, 0x00000007b5580000, 0x00000007b5580000)
  object space 349696K, 50% used [0x00000007a0000000,0x00000007aadb8798,0x00000007b5580000)
 Metaspace       used 5452K, capacity 5616K, committed 5760K, reserved 1056768K
  class space    used 580K, capacity 630K, committed 640K, reserved 1048576K
2018-07-25T18:08:51.534-0800: 53.814: [GC (Allocation Failure) [PSYoungGen: 129494K->9797K(154624K)] 307384K->239884K(504320K), 0.0086193 secs] [Times: user=0.06 sys=0.00, real=0.01 secs] 
Heap after GC invocations=712 (full 73):
 PSYoungGen      total 154624K, used 9797K [0x00000007b5580000, 0x00000007c0000000, 0x00000007c0000000)
  eden space 135168K, 0% used [0x00000007b5580000,0x00000007b5580000,0x00000007bd980000)
  from space 19456K, 50% used [0x00000007bd980000,0x00000007be311698,0x00000007bec80000)
  to   space 19456K, 0% used [0x00000007bed00000,0x00000007bed00000,0x00000007c0000000)
 ParOldGen       total 349696K, used 230087K [0x00000007a0000000, 0x00000007b5580000, 0x00000007b5580000)
  object space 349696K, 65% used [0x00000007a0000000,0x00000007ae0b1c48,0x00000007b5580000)
 Metaspace       used 5452K, capacity 5616K, committed 5760K, reserved 1056768K
  class space    used 580K, capacity 630K, committed 640K, reserved 1048576K
}
{Heap before GC invocations=713 (full 73):
 PSYoungGen      total 154624K, used 139229K [0x00000007b5580000, 0x00000007c0000000, 0x00000007c0000000)
  eden space 135168K, 95% used [0x00000007b5580000,0x00000007bd3e6050,0x00000007bd980000)
  from space 19456K, 50% used [0x00000007bd980000,0x00000007be311698,0x00000007bec80000)
  to   space 19456K, 0% used [0x00000007bed00000,0x00000007bed00000,0x00000007c0000000)
 ParOldGen       total 349696K, used 230087K [0x00000007a0000000, 0x00000007b5580000, 0x00000007b5580000)
  object space 349696K, 65% used [0x00000007a0000000,0x00000007ae0b1c48,0x00000007b5580000)
 Metaspace       used 5452K, capacity 5616K, committed 5760K, reserved 1056768K
  class space    used 580K, capacity 630K, committed 640K, reserved 1048576K
2018-07-25T18:08:51.661-0800: 53.942: [GC (Allocation Failure) [PSYoungGen: 139229K->9959K(154112K)] 369316K->266088K(503808K), 0.0043032 secs] [Times: user=0.03 sys=0.00, real=0.00 secs] 
Heap after GC invocations=713 (full 73):
 PSYoungGen      total 154112K, used 9959K [0x00000007b5580000, 0x00000007c0000000, 0x00000007c0000000)
  eden space 134656K, 0% used [0x00000007b5580000,0x00000007b5580000,0x00000007bd900000)
  from space 19456K, 51% used [0x00000007bed00000,0x00000007bf6b9f08,0x00000007c0000000)
  to   space 19968K, 0% used [0x00000007bd900000,0x00000007bd900000,0x00000007bec80000)
 ParOldGen       total 349696K, used 256128K [0x00000007a0000000, 0x00000007b5580000, 0x00000007b5580000)
  object space 349696K, 73% used [0x00000007a0000000,0x00000007afa20310,0x00000007b5580000)
 Metaspace       used 5452K, capacity 5616K, committed 5760K, reserved 1056768K
  class space    used 580K, capacity 630K, committed 640K, reserved 1048576K
}
{Heap before GC invocations=714 (full 73):
 PSYoungGen      total 154112K, used 116371K [0x00000007b5580000, 0x00000007c0000000, 0x00000007c0000000)
  eden space 134656K, 79% used [0x00000007b5580000,0x00000007bbd6afb0,0x00000007bd900000)
  from space 19456K, 51% used [0x00000007bed00000,0x00000007bf6b9f08,0x00000007c0000000)
  to   space 19968K, 0% used [0x00000007bd900000,0x00000007bd900000,0x00000007bec80000)
 ParOldGen       total 349696K, used 256128K [0x00000007a0000000, 0x00000007b5580000, 0x00000007b5580000)
  object space 349696K, 73% used [0x00000007a0000000,0x00000007afa20310,0x00000007b5580000)
 Metaspace       used 5452K, capacity 5616K, committed 5760K, reserved 1056768K
  class space    used 580K, capacity 630K, committed 640K, reserved 1048576K
2018-07-25T18:08:51.682-0800: 53.963: [GC (Allocation Failure) [PSYoungGen: 116371K->0K(154624K)] 372500K->292050K(504320K), 0.0050235 secs] [Times: user=0.03 sys=0.00, real=0.00 secs] 
Heap after GC invocations=714 (full 73):
 PSYoungGen      total 154624K, used 0K [0x00000007b5580000, 0x00000007c0000000, 0x00000007c0000000)
  eden space 134656K, 0% used [0x00000007b5580000,0x00000007b5580000,0x00000007bd900000)
  from space 19968K, 0% used [0x00000007bd900000,0x00000007bd900000,0x00000007bec80000)
  to   space 19456K, 0% used [0x00000007bed00000,0x00000007bed00000,0x00000007c0000000)
 ParOldGen       total 349696K, used 292050K [0x00000007a0000000, 0x00000007b5580000, 0x00000007b5580000)
  object space 349696K, 83% used [0x00000007a0000000,0x00000007b1d34920,0x00000007b5580000)
 Metaspace       used 5452K, capacity 5616K, committed 5760K, reserved 1056768K
  class space    used 580K, capacity 630K, committed 640K, reserved 1048576K
}
{Heap before GC invocations=715 (full 74):
 PSYoungGen      total 154624K, used 0K [0x00000007b5580000, 0x00000007c0000000, 0x00000007c0000000)
  eden space 134656K, 0% used [0x00000007b5580000,0x00000007b5580000,0x00000007bd900000)
  from space 19968K, 0% used [0x00000007bd900000,0x00000007bd900000,0x00000007bec80000)
  to   space 19456K, 0% used [0x00000007bed00000,0x00000007bed00000,0x00000007c0000000)
 ParOldGen       total 349696K, used 292050K [0x00000007a0000000, 0x00000007b5580000, 0x00000007b5580000)
  object space 349696K, 83% used [0x00000007a0000000,0x00000007b1d34920,0x00000007b5580000)
 Metaspace       used 5452K, capacity 5616K, committed 5760K, reserved 1056768K
  class space    used 580K, capacity 630K, committed 640K, reserved 1048576K
2018-07-25T18:08:51.687-0800: 53.968: [Full GC (Ergonomics) [PSYoungGen: 0K->0K(154624K)] [ParOldGen: 292050K->47682K(349696K)] 292050K->47682K(504320K), [Metaspace: 5452K->5452K(1056768K)], 0.0079374 secs] [Times: user=0.04 sys=0.00, real=0.01 secs] 
Heap after GC invocations=715 (full 74):
 PSYoungGen      total 154624K, used 0K [0x00000007b5580000, 0x00000007c0000000, 0x00000007c0000000)
  eden space 134656K, 0% used [0x00000007b5580000,0x00000007b5580000,0x00000007bd900000)
  from space 19968K, 0% used [0x00000007bd900000,0x00000007bd900000,0x00000007bec80000)
  to   space 19456K, 0% used [0x00000007bed00000,0x00000007bed00000,0x00000007c0000000)
 ParOldGen       total 349696K, used 47682K [0x00000007a0000000, 0x00000007b5580000, 0x00000007b5580000)
  object space 349696K, 13% used [0x00000007a0000000,0x00000007a2e90930,0x00000007b5580000)
 Metaspace       used 5452K, capacity 5616K, committed 5760K, reserved 1056768K
  class space    used 580K, capacity 630K, committed 640K, reserved 1048576K
}
{Heap before GC invocations=716 (full 74):
 PSYoungGen      total 154624K, used 129223K [0x00000007b5580000, 0x00000007c0000000, 0x00000007c0000000)
  eden space 134656K, 95% used [0x00000007b5580000,0x00000007bd3b1fc8,0x00000007bd900000)
  from space 19968K, 0% used [0x00000007bd900000,0x00000007bd900000,0x00000007bec80000)
  to   space 19456K, 0% used [0x00000007bed00000,0x00000007bed00000,0x00000007c0000000)
 ParOldGen       total 349696K, used 47682K [0x00000007a0000000, 0x00000007b5580000, 0x00000007b5580000)
  object space 349696K, 13% used [0x00000007a0000000,0x00000007a2e90930,0x00000007b5580000)
 Metaspace       used 5452K, capacity 5616K, committed 5760K, reserved 1056768K
  class space    used 580K, capacity 630K, committed 640K, reserved 1048576K
2018-07-25T18:08:51.810-0800: 54.091: [GC (Allocation Failure) [PSYoungGen: 129223K->9960K(154112K)] 176906K->109725K(503808K), 0.0076942 secs] [Times: user=0.05 sys=0.01, real=0.00 secs] 
Heap after GC invocations=716 (full 74):
 PSYoungGen      total 154112K, used 9960K [0x00000007b5580000, 0x00000007c0000000, 0x00000007c0000000)
  eden space 134656K, 0% used [0x00000007b5580000,0x00000007b5580000,0x00000007bd900000)
  from space 19456K, 51% used [0x00000007bed00000,0x00000007bf6ba060,0x00000007c0000000)
  to   space 19968K, 0% used [0x00000007bd900000,0x00000007bd900000,0x00000007bec80000)
 ParOldGen       total 349696K, used 99765K [0x00000007a0000000, 0x00000007b5580000, 0x00000007b5580000)
  object space 349696K, 28% used [0x00000007a0000000,0x00000007a616d6e0,0x00000007b5580000)
 Metaspace       used 5452K, capacity 5616K, committed 5760K, reserved 1056768K
  class space    used 580K, capacity 630K, committed 640K, reserved 1048576K
}
{Heap before GC invocations=717 (full 74):
 PSYoungGen      total 154112K, used 142570K [0x00000007b5580000, 0x00000007c0000000, 0x00000007c0000000)
  eden space 134656K, 98% used [0x00000007b5580000,0x00000007bd700a28,0x00000007bd900000)
  from space 19456K, 51% used [0x00000007bed00000,0x00000007bf6ba060,0x00000007c0000000)
  to   space 19968K, 0% used [0x00000007bd900000,0x00000007bd900000,0x00000007bec80000)
 ParOldGen       total 349696K, used 99765K [0x00000007a0000000, 0x00000007b5580000, 0x00000007b5580000)
  object space 349696K, 28% used [0x00000007a0000000,0x00000007a616d6e0,0x00000007b5580000)
 Metaspace       used 5452K, capacity 5616K, committed 5760K, reserved 1056768K
  class space    used 580K, capacity 630K, committed 640K, reserved 1048576K
2018-07-25T18:08:51.918-0800: 54.199: [GC (Allocation Failure) [PSYoungGen: 142570K->226K(154624K)] 242336K->99992K(504320K), 0.0009538 secs] [Times: user=0.00 sys=0.00, real=0.00 secs] 
Heap after GC invocations=717 (full 74):
 PSYoungGen      total 154624K, used 226K [0x00000007b5580000, 0x00000007c0000000, 0x00000007c0000000)
  eden space 134656K, 0% used [0x00000007b5580000,0x00000007b5580000,0x00000007bd900000)
  from space 19968K, 1% used [0x00000007bd900000,0x00000007bd938b20,0x00000007bec80000)
  to   space 19456K, 0% used [0x00000007bed00000,0x00000007bed00000,0x00000007c0000000)
 ParOldGen       total 349696K, used 99765K [0x00000007a0000000, 0x00000007b5580000, 0x00000007b5580000)
  object space 349696K, 28% used [0x00000007a0000000,0x00000007a616d6e0,0x00000007b5580000)
 Metaspace       used 5452K, capacity 5616K, committed 5760K, reserved 1056768K
  class space    used 580K, capacity 630K, committed 640K, reserved 1048576K
}
{Heap before GC invocations=718 (full 74):
 PSYoungGen      total 154624K, used 129669K [0x00000007b5580000, 0x00000007c0000000, 0x00000007c0000000)
  eden space 134656K, 96% used [0x00000007b5580000,0x00000007bd3e8c98,0x00000007bd900000)
  from space 19968K, 1% used [0x00000007bd900000,0x00000007bd938b20,0x00000007bec80000)
  to   space 19456K, 0% used [0x00000007bed00000,0x00000007bed00000,0x00000007c0000000)
 ParOldGen       total 349696K, used 99765K [0x00000007a0000000, 0x00000007b5580000, 0x00000007b5580000)
  object space 349696K, 28% used [0x00000007a0000000,0x00000007a616d6e0,0x00000007b5580000)
 Metaspace       used 5452K, capacity 5616K, committed 5760K, reserved 1056768K
  class space    used 580K, capacity 630K, committed 640K, reserved 1048576K
2018-07-25T18:08:51.953-0800: 54.233: [GC (Allocation Failure) [PSYoungGen: 129669K->9797K(155136K)] 229435K->161769K(504832K), 0.0077251 secs] [Times: user=0.05 sys=0.00, real=0.01 secs] 
Heap after GC invocations=718 (full 74):
 PSYoungGen      total 155136K, used 9797K [0x00000007b5580000, 0x00000007c0000000, 0x00000007c0000000)
  eden space 135680K, 0% used [0x00000007b5580000,0x00000007b5580000,0x00000007bda00000)
  from space 19456K, 50% used [0x00000007bed00000,0x00000007bf691698,0x00000007c0000000)
  to   space 19456K, 0% used [0x00000007bda00000,0x00000007bda00000,0x00000007bed00000)
 ParOldGen       total 349696K, used 151971K [0x00000007a0000000, 0x00000007b5580000, 0x00000007b5580000)
  object space 349696K, 43% used [0x00000007a0000000,0x00000007a9468f98,0x00000007b5580000)
 Metaspace       used 5452K, capacity 5616K, committed 5760K, reserved 1056768K
  class space    used 580K, capacity 630K, committed 640K, reserved 1048576K
}
{Heap before GC invocations=719 (full 74):
 PSYoungGen      total 155136K, used 139316K [0x00000007b5580000, 0x00000007c0000000, 0x00000007c0000000)
  eden space 135680K, 95% used [0x00000007b5580000,0x00000007bd3fbb90,0x00000007bda00000)
  from space 19456K, 50% used [0x00000007bed00000,0x00000007bf691698,0x00000007c0000000)
  to   space 19456K, 0% used [0x00000007bda00000,0x00000007bda00000,0x00000007bed00000)
 ParOldGen       total 349696K, used 151971K [0x00000007a0000000, 0x00000007b5580000, 0x00000007b5580000)
  object space 349696K, 43% used [0x00000007a0000000,0x00000007a9468f98,0x00000007b5580000)
 Metaspace       used 5452K, capacity 5616K, committed 5760K, reserved 1056768K
  class space    used 580K, capacity 630K, committed 640K, reserved 1048576K
2018-07-25T18:08:52.077-0800: 54.358: [GC (Allocation Failure) [PSYoungGen: 139316K->9960K(145920K)] 291288K->187974K(495616K), 0.0047311 secs] [Times: user=0.03 sys=0.00, real=0.01 secs] 
Heap after GC invocations=719 (full 74):
 PSYoungGen      total 145920K, used 9960K [0x00000007b5580000, 0x00000007c0000000, 0x00000007c0000000)
  eden space 135680K, 0% used [0x00000007b5580000,0x00000007b5580000,0x00000007bda00000)
  from space 10240K, 97% used [0x00000007bda00000,0x00000007be3ba310,0x00000007be400000)
  to   space 19968K, 0% used [0x00000007bec80000,0x00000007bec80000,0x00000007c0000000)
 ParOldGen       total 349696K, used 178013K [0x00000007a0000000, 0x00000007b5580000, 0x00000007b5580000)
  object space 349696K, 50% used [0x00000007a0000000,0x00000007aadd7660,0x00000007b5580000)
 Metaspace       used 5452K, capacity 5616K, committed 5760K, reserved 1056768K
  class space    used 580K, capacity 630K, committed 640K, reserved 1048576K
}
{Heap before GC invocations=720 (full 74):
 PSYoungGen      total 145920K, used 116439K [0x00000007b5580000, 0x00000007c0000000, 0x00000007c0000000)
  eden space 135680K, 78% used [0x00000007b5580000,0x00000007bbd7bb88,0x00000007bda00000)
  from space 10240K, 97% used [0x00000007bda00000,0x00000007be3ba310,0x00000007be400000)
  to   space 19968K, 0% used [0x00000007bec80000,0x00000007bec80000,0x00000007c0000000)
 ParOldGen       total 349696K, used 178013K [0x00000007a0000000, 0x00000007b5580000, 0x00000007b5580000)
  object space 349696K, 50% used [0x00000007a0000000,0x00000007aadd7660,0x00000007b5580000)
 Metaspace       used 5452K, capacity 5616K, committed 5760K, reserved 1056768K
  class space    used 580K, capacity 630K, committed 640K, reserved 1048576K
2018-07-25T18:08:52.096-0800: 54.377: [GC (Allocation Failure) [PSYoungGen: 116439K->0K(155136K)] 294453K->213936K(504832K), 0.0055714 secs] [Times: user=0.04 sys=0.00, real=0.01 secs] 
Heap after GC invocations=720 (full 74):
 PSYoungGen      total 155136K, used 0K [0x00000007b5580000, 0x00000007c0000000, 0x00000007c0000000)
  eden space 135168K, 0% used [0x00000007b5580000,0x00000007b5580000,0x00000007bd980000)
  from space 19968K, 0% used [0x00000007bec80000,0x00000007bec80000,0x00000007c0000000)
  to   space 19456K, 0% used [0x00000007bd980000,0x00000007bd980000,0x00000007bec80000)
 ParOldGen       total 349696K, used 213936K [0x00000007a0000000, 0x00000007b5580000, 0x00000007b5580000)
  object space 349696K, 61% used [0x00000007a0000000,0x00000007ad0ec078,0x00000007b5580000)
 Metaspace       used 5452K, capacity 5616K, committed 5760K, reserved 1056768K
  class space    used 580K, capacity 630K, committed 640K, reserved 1048576K
}
{Heap before GC invocations=721 (full 74):
 PSYoungGen      total 155136K, used 129264K [0x00000007b5580000, 0x00000007c0000000, 0x00000007c0000000)
  eden space 135168K, 95% used [0x00000007b5580000,0x00000007bd3bc1a0,0x00000007bd980000)
  from space 19968K, 0% used [0x00000007bec80000,0x00000007bec80000,0x00000007c0000000)
  to   space 19456K, 0% used [0x00000007bd980000,0x00000007bd980000,0x00000007bec80000)
 ParOldGen       total 349696K, used 213936K [0x00000007a0000000, 0x00000007b5580000, 0x00000007b5580000)
  object space 349696K, 61% used [0x00000007a0000000,0x00000007ad0ec078,0x00000007b5580000)
 Metaspace       used 5452K, capacity 5616K, committed 5760K, reserved 1056768K
  class space    used 580K, capacity 630K, committed 640K, reserved 1048576K
2018-07-25T18:08:52.212-0800: 54.493: [GC (Allocation Failure) [PSYoungGen: 129264K->9961K(154624K)] 343200K->275980K(504320K), 0.0074892 secs] [Times: user=0.06 sys=0.00, real=0.01 secs] 
Heap after GC invocations=721 (full 74):
 PSYoungGen      total 154624K, used 9961K [0x00000007b5580000, 0x00000007c0000000, 0x00000007c0000000)
  eden space 135168K, 0% used [0x00000007b5580000,0x00000007b5580000,0x00000007bd980000)
  from space 19456K, 51% used [0x00000007bd980000,0x00000007be33a468,0x00000007bec80000)
  to   space 19968K, 0% used [0x00000007bec80000,0x00000007bec80000,0x00000007c0000000)
 ParOldGen       total 349696K, used 266019K [0x00000007a0000000, 0x00000007b5580000, 0x00000007b5580000)
  object space 349696K, 76% used [0x00000007a0000000,0x00000007b03c8e28,0x00000007b5580000)
 Metaspace       used 5452K, capacity 5616K, committed 5760K, reserved 1056768K
  class space    used 580K, capacity 630K, committed 640K, reserved 1048576K
}
{Heap before GC invocations=722 (full 74):
 PSYoungGen      total 154624K, used 142618K [0x00000007b5580000, 0x00000007c0000000, 0x00000007c0000000)
  eden space 135168K, 98% used [0x00000007b5580000,0x00000007bd70c3f0,0x00000007bd980000)
  from space 19456K, 51% used [0x00000007bd980000,0x00000007be33a468,0x00000007bec80000)
  to   space 19968K, 0% used [0x00000007bec80000,0x00000007bec80000,0x00000007c0000000)
 ParOldGen       total 349696K, used 266019K [0x00000007a0000000, 0x00000007b5580000, 0x00000007b5580000)
  object space 349696K, 76% used [0x00000007a0000000,0x00000007b03c8e28,0x00000007b5580000)
 Metaspace       used 5452K, capacity 5616K, committed 5760K, reserved 1056768K
  class space    used 580K, capacity 630K, committed 640K, reserved 1048576K
2018-07-25T18:08:52.314-0800: 54.595: [GC (Allocation Failure) [PSYoungGen: 142618K->163K(155136K)] 408637K->266183K(504832K), 0.0015438 secs] [Times: user=0.01 sys=0.00, real=0.00 secs] 
Heap after GC invocations=722 (full 74):
 PSYoungGen      total 155136K, used 163K [0x00000007b5580000, 0x00000007c0000000, 0x00000007c0000000)
  eden space 135168K, 0% used [0x00000007b5580000,0x00000007b5580000,0x00000007bd980000)
  from space 19968K, 0% used [0x00000007bec80000,0x00000007beca8f28,0x00000007c0000000)
  to   space 19456K, 0% used [0x00000007bd980000,0x00000007bd980000,0x00000007bec80000)
 ParOldGen       total 349696K, used 266019K [0x00000007a0000000, 0x00000007b5580000, 0x00000007b5580000)
  object space 349696K, 76% used [0x00000007a0000000,0x00000007b03c8e28,0x00000007b5580000)
 Metaspace       used 5452K, capacity 5616K, committed 5760K, reserved 1056768K
  class space    used 580K, capacity 630K, committed 640K, reserved 1048576K
}
{Heap before GC invocations=723 (full 74):
 PSYoungGen      total 155136K, used 129640K [0x00000007b5580000, 0x00000007c0000000, 0x00000007c0000000)
  eden space 135168K, 95% used [0x00000007b5580000,0x00000007bd3f1248,0x00000007bd980000)
  from space 19968K, 0% used [0x00000007bec80000,0x00000007beca8f28,0x00000007c0000000)
  to   space 19456K, 0% used [0x00000007bd980000,0x00000007bd980000,0x00000007bec80000)
 ParOldGen       total 349696K, used 266019K [0x00000007a0000000, 0x00000007b5580000, 0x00000007b5580000)
  object space 349696K, 76% used [0x00000007a0000000,0x00000007b03c8e28,0x00000007b5580000)
 Metaspace       used 5452K, capacity 5616K, committed 5760K, reserved 1056768K
  class space    used 580K, capacity 630K, committed 640K, reserved 1048576K
2018-07-25T18:08:52.346-0800: 54.627: [GC (Allocation Failure) [PSYoungGen: 129640K->9797K(154624K)] 395659K->328016K(504320K), 0.0088467 secs] [Times: user=0.06 sys=0.00, real=0.01 secs] 
Heap after GC invocations=723 (full 74):
 PSYoungGen      total 154624K, used 9797K [0x00000007b5580000, 0x00000007c0000000, 0x00000007c0000000)
  eden space 135168K, 0% used [0x00000007b5580000,0x00000007b5580000,0x00000007bd980000)
  from space 19456K, 50% used [0x00000007bd980000,0x00000007be311698,0x00000007bec80000)
  to   space 19456K, 0% used [0x00000007bed00000,0x00000007bed00000,0x00000007c0000000)
 ParOldGen       total 349696K, used 318218K [0x00000007a0000000, 0x00000007b5580000, 0x00000007b5580000)
  object space 349696K, 90% used [0x00000007a0000000,0x00000007b36c2ae8,0x00000007b5580000)
 Metaspace       used 5452K, capacity 5616K, committed 5760K, reserved 1056768K
  class space    used 580K, capacity 630K, committed 640K, reserved 1048576K
}
{Heap before GC invocations=724 (full 75):
 PSYoungGen      total 154624K, used 9797K [0x00000007b5580000, 0x00000007c0000000, 0x00000007c0000000)
  eden space 135168K, 0% used [0x00000007b5580000,0x00000007b5580000,0x00000007bd980000)
  from space 19456K, 50% used [0x00000007bd980000,0x00000007be311698,0x00000007bec80000)
  to   space 19456K, 0% used [0x00000007bed00000,0x00000007bed00000,0x00000007c0000000)
 ParOldGen       total 349696K, used 318218K [0x00000007a0000000, 0x00000007b5580000, 0x00000007b5580000)
  object space 349696K, 90% used [0x00000007a0000000,0x00000007b36c2ae8,0x00000007b5580000)
 Metaspace       used 5452K, capacity 5616K, committed 5760K, reserved 1056768K
  class space    used 580K, capacity 630K, committed 640K, reserved 1048576K
2018-07-25T18:08:52.355-0800: 54.636: [Full GC (Ergonomics) [PSYoungGen: 9797K->0K(154624K)] [ParOldGen: 318218K->73725K(349696K)] 328016K->73725K(504320K), [Metaspace: 5452K->5452K(1056768K)], 0.0118133 secs] [Times: user=0.05 sys=0.00, real=0.01 secs] 
Heap after GC invocations=724 (full 75):
 PSYoungGen      total 154624K, used 0K [0x00000007b5580000, 0x00000007c0000000, 0x00000007c0000000)
  eden space 135168K, 0% used [0x00000007b5580000,0x00000007b5580000,0x00000007bd980000)
  from space 19456K, 0% used [0x00000007bd980000,0x00000007bd980000,0x00000007bec80000)
  to   space 19456K, 0% used [0x00000007bed00000,0x00000007bed00000,0x00000007c0000000)
 ParOldGen       total 349696K, used 73725K [0x00000007a0000000, 0x00000007b5580000, 0x00000007b5580000)
  object space 349696K, 21% used [0x00000007a0000000,0x00000007a47ff690,0x00000007b5580000)
 Metaspace       used 5452K, capacity 5616K, committed 5760K, reserved 1056768K
  class space    used 580K, capacity 630K, committed 640K, reserved 1048576K
}
{Heap before GC invocations=725 (full 75):
 PSYoungGen      total 154624K, used 129524K [0x00000007b5580000, 0x00000007c0000000, 0x00000007c0000000)
  eden space 135168K, 95% used [0x00000007b5580000,0x00000007bd3fd248,0x00000007bd980000)
  from space 19456K, 0% used [0x00000007bd980000,0x00000007bd980000,0x00000007bec80000)
  to   space 19456K, 0% used [0x00000007bed00000,0x00000007bed00000,0x00000007c0000000)
 ParOldGen       total 349696K, used 73725K [0x00000007a0000000, 0x00000007b5580000, 0x00000007b5580000)
  object space 349696K, 21% used [0x00000007a0000000,0x00000007a47ff690,0x00000007b5580000)
 Metaspace       used 5452K, capacity 5616K, committed 5760K, reserved 1056768K
  class space    used 580K, capacity 630K, committed 640K, reserved 1048576K
2018-07-25T18:08:52.487-0800: 54.767: [GC (Allocation Failure) [PSYoungGen: 129524K->9961K(154112K)] 203250K->135770K(503808K), 0.0069275 secs] [Times: user=0.05 sys=0.00, real=0.01 secs] 
Heap after GC invocations=725 (full 75):
 PSYoungGen      total 154112K, used 9961K [0x00000007b5580000, 0x00000007c0000000, 0x00000007c0000000)
  eden space 134656K, 0% used [0x00000007b5580000,0x00000007b5580000,0x00000007bd900000)
  from space 19456K, 51% used [0x00000007bed00000,0x00000007bf6ba718,0x00000007c0000000)
  to   space 19968K, 0% used [0x00000007bd900000,0x00000007bd900000,0x00000007bec80000)
 ParOldGen       total 349696K, used 125809K [0x00000007a0000000, 0x00000007b5580000, 0x00000007b5580000)
  object space 349696K, 35% used [0x00000007a0000000,0x00000007a7adc460,0x00000007b5580000)
 Metaspace       used 5452K, capacity 5616K, committed 5760K, reserved 1056768K
  class space    used 580K, capacity 630K, committed 640K, reserved 1048576K
}
{Heap before GC invocations=726 (full 75):
 PSYoungGen      total 154112K, used 116433K [0x00000007b5580000, 0x00000007c0000000, 0x00000007c0000000)
  eden space 134656K, 79% used [0x00000007b5580000,0x00000007bbd79d68,0x00000007bd900000)
  from space 19456K, 51% used [0x00000007bed00000,0x00000007bf6ba718,0x00000007c0000000)
  to   space 19968K, 0% used [0x00000007bd900000,0x00000007bd900000,0x00000007bec80000)
 ParOldGen       total 349696K, used 125809K [0x00000007a0000000, 0x00000007b5580000, 0x00000007b5580000)
  object space 349696K, 35% used [0x00000007a0000000,0x00000007a7adc460,0x00000007b5580000)
 Metaspace       used 5452K, capacity 5616K, committed 5760K, reserved 1056768K
  class space    used 580K, capacity 630K, committed 640K, reserved 1048576K
2018-07-25T18:08:52.508-0800: 54.789: [GC (Allocation Failure) [PSYoungGen: 116433K->0K(154624K)] 242242K->161740K(504320K), 0.0051788 secs] [Times: user=0.03 sys=0.01, real=0.01 secs] 
Heap after GC invocations=726 (full 75):
 PSYoungGen      total 154624K, used 0K [0x00000007b5580000, 0x00000007c0000000, 0x00000007c0000000)
  eden space 134656K, 0% used [0x00000007b5580000,0x00000007b5580000,0x00000007bd900000)
  from space 19968K, 0% used [0x00000007bd900000,0x00000007bd900000,0x00000007bec80000)
  to   space 19456K, 0% used [0x00000007bed00000,0x00000007bed00000,0x00000007c0000000)
 ParOldGen       total 349696K, used 161740K [0x00000007a0000000, 0x00000007b5580000, 0x00000007b5580000)
  object space 349696K, 46% used [0x00000007a0000000,0x00000007a9df3280,0x00000007b5580000)
 Metaspace       used 5452K, capacity 5616K, committed 5760K, reserved 1056768K
  class space    used 580K, capacity 630K, committed 640K, reserved 1048576K
}
{Heap before GC invocations=727 (full 75):
 PSYoungGen      total 154624K, used 129262K [0x00000007b5580000, 0x00000007c0000000, 0x00000007c0000000)
  eden space 134656K, 95% used [0x00000007b5580000,0x00000007bd3bb8c8,0x00000007bd900000)
  from space 19968K, 0% used [0x00000007bd900000,0x00000007bd900000,0x00000007bec80000)
  to   space 19456K, 0% used [0x00000007bed00000,0x00000007bed00000,0x00000007c0000000)
 ParOldGen       total 349696K, used 161740K [0x00000007a0000000, 0x00000007b5580000, 0x00000007b5580000)
  object space 349696K, 46% used [0x00000007a0000000,0x00000007a9df3280,0x00000007b5580000)
 Metaspace       used 5452K, capacity 5616K, committed 5760K, reserved 1056768K
  class space    used 580K, capacity 630K, committed 640K, reserved 1048576K
2018-07-25T18:08:52.635-0800: 54.915: [GC (Allocation Failure) [PSYoungGen: 129262K->9962K(154112K)] 291002K->223786K(503808K), 0.0101425 secs] [Times: user=0.04 sys=0.00, real=0.01 secs] 
Heap after GC invocations=727 (full 75):
 PSYoungGen      total 154112K, used 9962K [0x00000007b5580000, 0x00000007c0000000, 0x00000007c0000000)
  eden space 134656K, 0% used [0x00000007b5580000,0x00000007b5580000,0x00000007bd900000)
  from space 19456K, 51% used [0x00000007bed00000,0x00000007bf6ba870,0x00000007c0000000)
  to   space 19968K, 0% used [0x00000007bd900000,0x00000007bd900000,0x00000007bec80000)
 ParOldGen       total 349696K, used 213824K [0x00000007a0000000, 0x00000007b5580000, 0x00000007b5580000)
  object space 349696K, 61% used [0x00000007a0000000,0x00000007ad0d0030,0x00000007b5580000)
 Metaspace       used 5452K, capacity 5616K, committed 5760K, reserved 1056768K
  class space    used 580K, capacity 630K, committed 640K, reserved 1048576K
}
{Heap before GC invocations=728 (full 75):
 PSYoungGen      total 154112K, used 142614K [0x00000007b5580000, 0x00000007c0000000, 0x00000007c0000000)
  eden space 134656K, 98% used [0x00000007b5580000,0x00000007bd70afd8,0x00000007bd900000)
  from space 19456K, 51% used [0x00000007bed00000,0x00000007bf6ba870,0x00000007c0000000)
  to   space 19968K, 0% used [0x00000007bd900000,0x00000007bd900000,0x00000007bec80000)
 ParOldGen       total 349696K, used 213824K [0x00000007a0000000, 0x00000007b5580000, 0x00000007b5580000)
  object space 349696K, 61% used [0x00000007a0000000,0x00000007ad0d0030,0x00000007b5580000)
 Metaspace       used 5452K, capacity 5616K, committed 5760K, reserved 1056768K
  class space    used 580K, capacity 630K, committed 640K, reserved 1048576K
2018-07-25T18:08:52.761-0800: 55.041: [GC (Allocation Failure) [PSYoungGen: 142614K->164K(154624K)] 356438K->213988K(504320K), 0.0014395 secs] [Times: user=0.01 sys=0.00, real=0.00 secs] 
Heap after GC invocations=728 (full 75):
 PSYoungGen      total 154624K, used 164K [0x00000007b5580000, 0x00000007c0000000, 0x00000007c0000000)
  eden space 134656K, 0% used [0x00000007b5580000,0x00000007b5580000,0x00000007bd900000)
  from space 19968K, 0% used [0x00000007bd900000,0x00000007bd929330,0x00000007bec80000)
  to   space 19456K, 0% used [0x00000007bed00000,0x00000007bed00000,0x00000007c0000000)
 ParOldGen       total 349696K, used 213824K [0x00000007a0000000, 0x00000007b5580000, 0x00000007b5580000)
  object space 349696K, 61% used [0x00000007a0000000,0x00000007ad0d0030,0x00000007b5580000)
 Metaspace       used 5452K, capacity 5616K, committed 5760K, reserved 1056768K
  class space    used 580K, capacity 630K, committed 640K, reserved 1048576K
}
{Heap before GC invocations=729 (full 75):
 PSYoungGen      total 154624K, used 129634K [0x00000007b5580000, 0x00000007c0000000, 0x00000007c0000000)
  eden space 134656K, 96% used [0x00000007b5580000,0x00000007bd3ef760,0x00000007bd900000)
  from space 19968K, 0% used [0x00000007bd900000,0x00000007bd929330,0x00000007bec80000)
  to   space 19456K, 0% used [0x00000007bed00000,0x00000007bed00000,0x00000007c0000000)
 ParOldGen       total 349696K, used 213824K [0x00000007a0000000, 0x00000007b5580000, 0x00000007b5580000)
  object space 349696K, 61% used [0x00000007a0000000,0x00000007ad0d0030,0x00000007b5580000)
 Metaspace       used 5452K, capacity 5616K, committed 5760K, reserved 1056768K
  class space    used 580K, capacity 630K, committed 640K, reserved 1048576K
2018-07-25T18:08:52.796-0800: 55.077: [GC (Allocation Failure) [PSYoungGen: 129634K->9797K(155136K)] 343458K->275821K(504832K), 0.0088475 secs] [Times: user=0.06 sys=0.00, real=0.01 secs] 
Heap after GC invocations=729 (full 75):
 PSYoungGen      total 155136K, used 9797K [0x00000007b5580000, 0x00000007c0000000, 0x00000007c0000000)
  eden space 135680K, 0% used [0x00000007b5580000,0x00000007b5580000,0x00000007bda00000)
  from space 19456K, 50% used [0x00000007bed00000,0x00000007bf691698,0x00000007c0000000)
  to   space 19456K, 0% used [0x00000007bda00000,0x00000007bda00000,0x00000007bed00000)
 ParOldGen       total 349696K, used 266024K [0x00000007a0000000, 0x00000007b5580000, 0x00000007b5580000)
  object space 349696K, 76% used [0x00000007a0000000,0x00000007b03ca0f8,0x00000007b5580000)
 Metaspace       used 5452K, capacity 5616K, committed 5760K, reserved 1056768K
  class space    used 580K, capacity 630K, committed 640K, reserved 1048576K
}
{Heap before GC invocations=730 (full 75):
 PSYoungGen      total 155136K, used 139333K [0x00000007b5580000, 0x00000007c0000000, 0x00000007c0000000)
  eden space 135680K, 95% used [0x00000007b5580000,0x00000007bd4000f8,0x00000007bda00000)
  from space 19456K, 50% used [0x00000007bed00000,0x00000007bf691698,0x00000007c0000000)
  to   space 19456K, 0% used [0x00000007bda00000,0x00000007bda00000,0x00000007bed00000)
 ParOldGen       total 349696K, used 266024K [0x00000007a0000000, 0x00000007b5580000, 0x00000007b5580000)
  object space 349696K, 76% used [0x00000007a0000000,0x00000007b03ca0f8,0x00000007b5580000)
 Metaspace       used 5452K, capacity 5616K, committed 5760K, reserved 1056768K
  class space    used 580K, capacity 630K, committed 640K, reserved 1048576K
2018-07-25T18:08:52.922-0800: 55.203: [GC (Allocation Failure) [PSYoungGen: 139333K->9930K(145920K)] 405358K->301996K(495616K), 0.0089943 secs] [Times: user=0.05 sys=0.00, real=0.01 secs] 
Heap after GC invocations=730 (full 75):
 PSYoungGen      total 145920K, used 9930K [0x00000007b5580000, 0x00000007c0000000, 0x00000007c0000000)
  eden space 135680K, 0% used [0x00000007b5580000,0x00000007b5580000,0x00000007bda00000)
  from space 10240K, 96% used [0x00000007bda00000,0x00000007be3b2b20,0x00000007be400000)
  to   space 19968K, 0% used [0x00000007bec80000,0x00000007bec80000,0x00000007c0000000)
 ParOldGen       total 349696K, used 292065K [0x00000007a0000000, 0x00000007b5580000, 0x00000007b5580000)
  object space 349696K, 83% used [0x00000007a0000000,0x00000007b1d387c0,0x00000007b5580000)
 Metaspace       used 5452K, capacity 5616K, committed 5760K, reserved 1056768K
  class space    used 580K, capacity 630K, committed 640K, reserved 1048576K
}
{Heap before GC invocations=731 (full 76):
 PSYoungGen      total 145920K, used 9930K [0x00000007b5580000, 0x00000007c0000000, 0x00000007c0000000)
  eden space 135680K, 0% used [0x00000007b5580000,0x00000007b5580000,0x00000007bda00000)
  from space 10240K, 96% used [0x00000007bda00000,0x00000007be3b2b20,0x00000007be400000)
  to   space 19968K, 0% used [0x00000007bec80000,0x00000007bec80000,0x00000007c0000000)
 ParOldGen       total 349696K, used 292065K [0x00000007a0000000, 0x00000007b5580000, 0x00000007b5580000)
  object space 349696K, 83% used [0x00000007a0000000,0x00000007b1d387c0,0x00000007b5580000)
 Metaspace       used 5452K, capacity 5616K, committed 5760K, reserved 1056768K
  class space    used 580K, capacity 630K, committed 640K, reserved 1048576K
2018-07-25T18:08:52.932-0800: 55.212: [Full GC (Ergonomics) [PSYoungGen: 9930K->0K(145920K)] [ParOldGen: 292065K->47685K(349696K)] 301996K->47685K(495616K), [Metaspace: 5452K->5452K(1056768K)], 0.0098838 secs] [Times: user=0.05 sys=0.00, real=0.01 secs] 
Heap after GC invocations=731 (full 76):
 PSYoungGen      total 145920K, used 0K [0x00000007b5580000, 0x00000007c0000000, 0x00000007c0000000)
  eden space 135680K, 0% used [0x00000007b5580000,0x00000007b5580000,0x00000007bda00000)
  from space 10240K, 0% used [0x00000007bda00000,0x00000007bda00000,0x00000007be400000)
  to   space 19968K, 0% used [0x00000007bec80000,0x00000007bec80000,0x00000007c0000000)
 ParOldGen       total 349696K, used 47685K [0x00000007a0000000, 0x00000007b5580000, 0x00000007b5580000)
  object space 349696K, 13% used [0x00000007a0000000,0x00000007a2e91568,0x00000007b5580000)
 Metaspace       used 5452K, capacity 5616K, committed 5760K, reserved 1056768K
  class space    used 580K, capacity 630K, committed 640K, reserved 1048576K
}
{Heap before GC invocations=732 (full 76):
 PSYoungGen      total 145920K, used 106490K [0x00000007b5580000, 0x00000007c0000000, 0x00000007c0000000)
  eden space 135680K, 78% used [0x00000007b5580000,0x00000007bbd7e848,0x00000007bda00000)
  from space 10240K, 0% used [0x00000007bda00000,0x00000007bda00000,0x00000007be400000)
  to   space 19968K, 0% used [0x00000007bec80000,0x00000007bec80000,0x00000007c0000000)
 ParOldGen       total 349696K, used 47685K [0x00000007a0000000, 0x00000007b5580000, 0x00000007b5580000)
  object space 349696K, 13% used [0x00000007a0000000,0x00000007a2e91568,0x00000007b5580000)
 Metaspace       used 5452K, capacity 5616K, committed 5760K, reserved 1056768K
  class space    used 580K, capacity 630K, committed 640K, reserved 1048576K
2018-07-25T18:08:52.960-0800: 55.240: [GC (Allocation Failure) [PSYoungGen: 106490K->0K(155136K)] 154175K->125810K(504832K), 0.0112050 secs] [Times: user=0.07 sys=0.00, real=0.01 secs] 
Heap after GC invocations=732 (full 76):
 PSYoungGen      total 155136K, used 0K [0x00000007b5580000, 0x00000007c0000000, 0x00000007c0000000)
  eden space 135168K, 0% used [0x00000007b5580000,0x00000007b5580000,0x00000007bd980000)
  from space 19968K, 0% used [0x00000007bec80000,0x00000007bec80000,0x00000007c0000000)
  to   space 19456K, 0% used [0x00000007bd980000,0x00000007bd980000,0x00000007bec80000)
 ParOldGen       total 349696K, used 125810K [0x00000007a0000000, 0x00000007b5580000, 0x00000007b5580000)
  object space 349696K, 35% used [0x00000007a0000000,0x00000007a7adca08,0x00000007b5580000)
 Metaspace       used 5452K, capacity 5616K, committed 5760K, reserved 1056768K
  class space    used 580K, capacity 630K, committed 640K, reserved 1048576K
}
{Heap before GC invocations=733 (full 76):
 PSYoungGen      total 155136K, used 128920K [0x00000007b5580000, 0x00000007c0000000, 0x00000007c0000000)
  eden space 135168K, 95% used [0x00000007b5580000,0x00000007bd366258,0x00000007bd980000)
  from space 19968K, 0% used [0x00000007bec80000,0x00000007bec80000,0x00000007c0000000)
  to   space 19456K, 0% used [0x00000007bd980000,0x00000007bd980000,0x00000007bec80000)
 ParOldGen       total 349696K, used 125810K [0x00000007a0000000, 0x00000007b5580000, 0x00000007b5580000)
  object space 349696K, 35% used [0x00000007a0000000,0x00000007a7adca08,0x00000007b5580000)
 Metaspace       used 5452K, capacity 5616K, committed 5760K, reserved 1056768K
  class space    used 580K, capacity 630K, committed 640K, reserved 1048576K
2018-07-25T18:08:53.108-0800: 55.389: [GC (Allocation Failure) [PSYoungGen: 128920K->9963K(154624K)] 254731K->187857K(504320K), 0.0105912 secs] [Times: user=0.06 sys=0.01, real=0.01 secs] 
Heap after GC invocations=733 (full 76):
 PSYoungGen      total 154624K, used 9963K [0x00000007b5580000, 0x00000007c0000000, 0x00000007c0000000)
  eden space 135168K, 0% used [0x00000007b5580000,0x00000007b5580000,0x00000007bd980000)
  from space 19456K, 51% used [0x00000007bd980000,0x00000007be33ac78,0x00000007bec80000)
  to   space 19968K, 0% used [0x00000007bec80000,0x00000007bec80000,0x00000007c0000000)
 ParOldGen       total 349696K, used 177893K [0x00000007a0000000, 0x00000007b5580000, 0x00000007b5580000)
  object space 349696K, 50% used [0x00000007a0000000,0x00000007aadb97b8,0x00000007b5580000)
 Metaspace       used 5452K, capacity 5616K, committed 5760K, reserved 1056768K
  class space    used 580K, capacity 630K, committed 640K, reserved 1048576K
}
{Heap before GC invocations=734 (full 76):
 PSYoungGen      total 154624K, used 142396K [0x00000007b5580000, 0x00000007c0000000, 0x00000007c0000000)
  eden space 135168K, 97% used [0x00000007b5580000,0x00000007bd6d4600,0x00000007bd980000)
  from space 19456K, 51% used [0x00000007bd980000,0x00000007be33ac78,0x00000007bec80000)
  to   space 19968K, 0% used [0x00000007bec80000,0x00000007bec80000,0x00000007c0000000)
 ParOldGen       total 349696K, used 177893K [0x00000007a0000000, 0x00000007b5580000, 0x00000007b5580000)
  object space 349696K, 50% used [0x00000007a0000000,0x00000007aadb97b8,0x00000007b5580000)
 Metaspace       used 5452K, capacity 5616K, committed 5760K, reserved 1056768K
  class space    used 580K, capacity 630K, committed 640K, reserved 1048576K
2018-07-25T18:08:53.258-0800: 55.538: [GC (Allocation Failure) [PSYoungGen: 142396K->165K(155136K)] 320290K->178059K(504832K), 0.0016408 secs] [Times: user=0.00 sys=0.00, real=0.00 secs] 
Heap after GC invocations=734 (full 76):
 PSYoungGen      total 155136K, used 165K [0x00000007b5580000, 0x00000007c0000000, 0x00000007c0000000)
  eden space 135168K, 0% used [0x00000007b5580000,0x00000007b5580000,0x00000007bd980000)
  from space 19968K, 0% used [0x00000007bec80000,0x00000007beca9738,0x00000007c0000000)
  to   space 19456K, 0% used [0x00000007bd980000,0x00000007bd980000,0x00000007bec80000)
 ParOldGen       total 349696K, used 177893K [0x00000007a0000000, 0x00000007b5580000, 0x00000007b5580000)
  object space 349696K, 50% used [0x00000007a0000000,0x00000007aadb97b8,0x00000007b5580000)
 Metaspace       used 5452K, capacity 5616K, committed 5760K, reserved 1056768K
  class space    used 580K, capacity 630K, committed 640K, reserved 1048576K
}
{Heap before GC invocations=735 (full 76):
 PSYoungGen      total 155136K, used 129498K [0x00000007b5580000, 0x00000007c0000000, 0x00000007c0000000)
  eden space 135168K, 95% used [0x00000007b5580000,0x00000007bd3cd3c0,0x00000007bd980000)
  from space 19968K, 0% used [0x00000007bec80000,0x00000007beca9738,0x00000007c0000000)
  to   space 19456K, 0% used [0x00000007bd980000,0x00000007bd980000,0x00000007bec80000)
 ParOldGen       total 349696K, used 177893K [0x00000007a0000000, 0x00000007b5580000, 0x00000007b5580000)
  object space 349696K, 50% used [0x00000007a0000000,0x00000007aadb97b8,0x00000007b5580000)
 Metaspace       used 5452K, capacity 5616K, committed 5760K, reserved 1056768K
  class space    used 580K, capacity 630K, committed 640K, reserved 1048576K
2018-07-25T18:08:53.316-0800: 55.597: [GC (Allocation Failure) [PSYoungGen: 129498K->9797K(154624K)] 307392K->239892K(504320K), 0.0152294 secs] [Times: user=0.06 sys=0.00, real=0.02 secs] 
Heap after GC invocations=735 (full 76):
 PSYoungGen      total 154624K, used 9797K [0x00000007b5580000, 0x00000007c0000000, 0x00000007c0000000)
  eden space 135168K, 0% used [0x00000007b5580000,0x00000007b5580000,0x00000007bd980000)
  from space 19456K, 50% used [0x00000007bd980000,0x00000007be311698,0x00000007bec80000)
  to   space 19456K, 0% used [0x00000007bed00000,0x00000007bed00000,0x00000007c0000000)
 ParOldGen       total 349696K, used 230095K [0x00000007a0000000, 0x00000007b5580000, 0x00000007b5580000)
  object space 349696K, 65% used [0x00000007a0000000,0x00000007ae0b3c88,0x00000007b5580000)
 Metaspace       used 5452K, capacity 5616K, committed 5760K, reserved 1056768K
  class space    used 580K, capacity 630K, committed 640K, reserved 1048576K
}
{Heap before GC invocations=736 (full 76):
 PSYoungGen      total 154624K, used 139229K [0x00000007b5580000, 0x00000007c0000000, 0x00000007c0000000)
  eden space 135168K, 95% used [0x00000007b5580000,0x00000007bd3e6130,0x00000007bd980000)
  from space 19456K, 50% used [0x00000007bd980000,0x00000007be311698,0x00000007bec80000)
  to   space 19456K, 0% used [0x00000007bed00000,0x00000007bed00000,0x00000007c0000000)
 ParOldGen       total 349696K, used 230095K [0x00000007a0000000, 0x00000007b5580000, 0x00000007b5580000)
  object space 349696K, 65% used [0x00000007a0000000,0x00000007ae0b3c88,0x00000007b5580000)
 Metaspace       used 5452K, capacity 5616K, committed 5760K, reserved 1056768K
  class space    used 580K, capacity 630K, committed 640K, reserved 1048576K
2018-07-25T18:08:53.460-0800: 55.741: [GC (Allocation Failure) [PSYoungGen: 139229K->9931K(154112K)] 369325K->266068K(503808K), 0.0051989 secs] [Times: user=0.04 sys=0.00, real=0.00 secs] 
Heap after GC invocations=736 (full 76):
 PSYoungGen      total 154112K, used 9931K [0x00000007b5580000, 0x00000007c0000000, 0x00000007c0000000)
  eden space 134656K, 0% used [0x00000007b5580000,0x00000007b5580000,0x00000007bd900000)
  from space 19456K, 51% used [0x00000007bed00000,0x00000007bf6b2f28,0x00000007c0000000)
  to   space 19968K, 0% used [0x00000007bd900000,0x00000007bd900000,0x00000007bec80000)
 ParOldGen       total 349696K, used 256136K [0x00000007a0000000, 0x00000007b5580000, 0x00000007b5580000)
  object space 349696K, 73% used [0x00000007a0000000,0x00000007afa22350,0x00000007b5580000)
 Metaspace       used 5452K, capacity 5616K, committed 5760K, reserved 1056768K
  class space    used 580K, capacity 630K, committed 640K, reserved 1048576K
}
{Heap before GC invocations=737 (full 76):
 PSYoungGen      total 154112K, used 116343K [0x00000007b5580000, 0x00000007c0000000, 0x00000007c0000000)
  eden space 134656K, 79% used [0x00000007b5580000,0x00000007bbd6b040,0x00000007bd900000)
  from space 19456K, 51% used [0x00000007bed00000,0x00000007bf6b2f28,0x00000007c0000000)
  to   space 19968K, 0% used [0x00000007bd900000,0x00000007bd900000,0x00000007bec80000)
 ParOldGen       total 349696K, used 256136K [0x00000007a0000000, 0x00000007b5580000, 0x00000007b5580000)
  object space 349696K, 73% used [0x00000007a0000000,0x00000007afa22350,0x00000007b5580000)
 Metaspace       used 5452K, capacity 5616K, committed 5760K, reserved 1056768K
  class space    used 580K, capacity 630K, committed 640K, reserved 1048576K
2018-07-25T18:08:53.489-0800: 55.770: [GC (Allocation Failure) [PSYoungGen: 116343K->0K(154624K)] 372480K->292062K(504320K), 0.0089625 secs] [Times: user=0.05 sys=0.00, real=0.01 secs] 
Heap after GC invocations=737 (full 76):
 PSYoungGen      total 154624K, used 0K [0x00000007b5580000, 0x00000007c0000000, 0x00000007c0000000)
  eden space 134656K, 0% used [0x00000007b5580000,0x00000007b5580000,0x00000007bd900000)
  from space 19968K, 0% used [0x00000007bd900000,0x00000007bd900000,0x00000007bec80000)
  to   space 19456K, 0% used [0x00000007bed00000,0x00000007bed00000,0x00000007c0000000)
 ParOldGen       total 349696K, used 292062K [0x00000007a0000000, 0x00000007b5580000, 0x00000007b5580000)
  object space 349696K, 83% used [0x00000007a0000000,0x00000007b1d37980,0x00000007b5580000)
 Metaspace       used 5452K, capacity 5616K, committed 5760K, reserved 1056768K
  class space    used 580K, capacity 630K, committed 640K, reserved 1048576K
}
{Heap before GC invocations=738 (full 77):
 PSYoungGen      total 154624K, used 0K [0x00000007b5580000, 0x00000007c0000000, 0x00000007c0000000)
  eden space 134656K, 0% used [0x00000007b5580000,0x00000007b5580000,0x00000007bd900000)
  from space 19968K, 0% used [0x00000007bd900000,0x00000007bd900000,0x00000007bec80000)
  to   space 19456K, 0% used [0x00000007bed00000,0x00000007bed00000,0x00000007c0000000)
 ParOldGen       total 349696K, used 292062K [0x00000007a0000000, 0x00000007b5580000, 0x00000007b5580000)
  object space 349696K, 83% used [0x00000007a0000000,0x00000007b1d37980,0x00000007b5580000)
 Metaspace       used 5452K, capacity 5616K, committed 5760K, reserved 1056768K
  class space    used 580K, capacity 630K, committed 640K, reserved 1048576K
2018-07-25T18:08:53.498-0800: 55.779: [Full GC (Ergonomics) [PSYoungGen: 0K->0K(154624K)] [ParOldGen: 292062K->47686K(349696K)] 292062K->47686K(504320K), [Metaspace: 5452K->5452K(1056768K)], 0.0171743 secs] [Times: user=0.06 sys=0.01, real=0.02 secs] 
Heap after GC invocations=738 (full 77):
 PSYoungGen      total 154624K, used 0K [0x00000007b5580000, 0x00000007c0000000, 0x00000007c0000000)
  eden space 134656K, 0% used [0x00000007b5580000,0x00000007b5580000,0x00000007bd900000)
  from space 19968K, 0% used [0x00000007bd900000,0x00000007bd900000,0x00000007bec80000)
  to   space 19456K, 0% used [0x00000007bed00000,0x00000007bed00000,0x00000007c0000000)
 ParOldGen       total 349696K, used 47686K [0x00000007a0000000, 0x00000007b5580000, 0x00000007b5580000)
  object space 349696K, 13% used [0x00000007a0000000,0x00000007a2e91950,0x00000007b5580000)
 Metaspace       used 5452K, capacity 5616K, committed 5760K, reserved 1056768K
  class space    used 580K, capacity 630K, committed 640K, reserved 1048576K
}
{Heap before GC invocations=739 (full 77):
 PSYoungGen      total 154624K, used 129224K [0x00000007b5580000, 0x00000007c0000000, 0x00000007c0000000)
  eden space 134656K, 95% used [0x00000007b5580000,0x00000007bd3b20b8,0x00000007bd900000)
  from space 19968K, 0% used [0x00000007bd900000,0x00000007bd900000,0x00000007bec80000)
  to   space 19456K, 0% used [0x00000007bed00000,0x00000007bed00000,0x00000007c0000000)
 ParOldGen       total 349696K, used 47686K [0x00000007a0000000, 0x00000007b5580000, 0x00000007b5580000)
  object space 349696K, 13% used [0x00000007a0000000,0x00000007a2e91950,0x00000007b5580000)
 Metaspace       used 5452K, capacity 5616K, committed 5760K, reserved 1056768K
  class space    used 580K, capacity 630K, committed 640K, reserved 1048576K
2018-07-25T18:08:53.651-0800: 55.931: [GC (Allocation Failure) [PSYoungGen: 129224K->9996K(154112K)] 176910K->109765K(503808K), 0.0068234 secs] [Times: user=0.05 sys=0.00, real=0.00 secs] 
Heap after GC invocations=739 (full 77):
 PSYoungGen      total 154112K, used 9996K [0x00000007b5580000, 0x00000007c0000000, 0x00000007c0000000)
  eden space 134656K, 0% used [0x00000007b5580000,0x00000007b5580000,0x00000007bd900000)
  from space 19456K, 51% used [0x00000007bed00000,0x00000007bf6c3080,0x00000007c0000000)
  to   space 19968K, 0% used [0x00000007bd900000,0x00000007bd900000,0x00000007bec80000)
 ParOldGen       total 349696K, used 99769K [0x00000007a0000000, 0x00000007b5580000, 0x00000007b5580000)
  object space 349696K, 28% used [0x00000007a0000000,0x00000007a616e700,0x00000007b5580000)
 Metaspace       used 5452K, capacity 5616K, committed 5760K, reserved 1056768K
  class space    used 580K, capacity 630K, committed 640K, reserved 1048576K
}
{Heap before GC invocations=740 (full 77):
 PSYoungGen      total 154112K, used 142606K [0x00000007b5580000, 0x00000007c0000000, 0x00000007c0000000)
  eden space 134656K, 98% used [0x00000007b5580000,0x00000007bd700ac0,0x00000007bd900000)
  from space 19456K, 51% used [0x00000007bed00000,0x00000007bf6c3080,0x00000007c0000000)
  to   space 19968K, 0% used [0x00000007bd900000,0x00000007bd900000,0x00000007bec80000)
 ParOldGen       total 349696K, used 99769K [0x00000007a0000000, 0x00000007b5580000, 0x00000007b5580000)
  object space 349696K, 28% used [0x00000007a0000000,0x00000007a616e700,0x00000007b5580000)
 Metaspace       used 5452K, capacity 5616K, committed 5760K, reserved 1056768K
  class space    used 580K, capacity 630K, committed 640K, reserved 1048576K
2018-07-25T18:08:53.810-0800: 56.091: [GC (Allocation Failure) [PSYoungGen: 142606K->134K(154624K)] 242376K->99904K(504320K), 0.0129158 secs] [Times: user=0.01 sys=0.00, real=0.01 secs] 
Heap after GC invocations=740 (full 77):
 PSYoungGen      total 154624K, used 134K [0x00000007b5580000, 0x00000007c0000000, 0x00000007c0000000)
  eden space 134656K, 0% used [0x00000007b5580000,0x00000007b5580000,0x00000007bd900000)
  from space 19968K, 0% used [0x00000007bd900000,0x00000007bd921b40,0x00000007bec80000)
  to   space 19456K, 0% used [0x00000007bed00000,0x00000007bed00000,0x00000007c0000000)
 ParOldGen       total 349696K, used 99769K [0x00000007a0000000, 0x00000007b5580000, 0x00000007b5580000)
  object space 349696K, 28% used [0x00000007a0000000,0x00000007a616e700,0x00000007b5580000)
 Metaspace       used 5452K, capacity 5616K, committed 5760K, reserved 1056768K
  class space    used 580K, capacity 630K, committed 640K, reserved 1048576K
}
{Heap before GC invocations=741 (full 77):
 PSYoungGen      total 154624K, used 129578K [0x00000007b5580000, 0x00000007c0000000, 0x00000007c0000000)
  eden space 134656K, 96% used [0x00000007b5580000,0x00000007bd3e8d70,0x00000007bd900000)
  from space 19968K, 0% used [0x00000007bd900000,0x00000007bd921b40,0x00000007bec80000)
  to   space 19456K, 0% used [0x00000007bed00000,0x00000007bed00000,0x00000007c0000000)
 ParOldGen       total 349696K, used 99769K [0x00000007a0000000, 0x00000007b5580000, 0x00000007b5580000)
  object space 349696K, 28% used [0x00000007a0000000,0x00000007a616e700,0x00000007b5580000)
 Metaspace       used 5452K, capacity 5616K, committed 5760K, reserved 1056768K
  class space    used 580K, capacity 630K, committed 640K, reserved 1048576K
2018-07-25T18:08:53.982-0800: 56.263: [GC (Allocation Failure) [PSYoungGen: 129578K->9797K(155136K)] 229347K->161785K(504832K), 0.0182292 secs] [Times: user=0.04 sys=0.00, real=0.02 secs] 
Heap after GC invocations=741 (full 77):
 PSYoungGen      total 155136K, used 9797K [0x00000007b5580000, 0x00000007c0000000, 0x00000007c0000000)
  eden space 135680K, 0% used [0x00000007b5580000,0x00000007b5580000,0x00000007bda00000)
  from space 19456K, 50% used [0x00000007bed00000,0x00000007bf691698,0x00000007c0000000)
  to   space 19456K, 0% used [0x00000007bda00000,0x00000007bda00000,0x00000007bed00000)
 ParOldGen       total 349696K, used 151987K [0x00000007a0000000, 0x00000007b5580000, 0x00000007b5580000)
  object space 349696K, 43% used [0x00000007a0000000,0x00000007a946cfd8,0x00000007b5580000)
 Metaspace       used 5452K, capacity 5616K, committed 5760K, reserved 1056768K
  class space    used 580K, capacity 630K, committed 640K, reserved 1048576K
}
{Heap before GC invocations=742 (full 77):
 PSYoungGen      total 155136K, used 139316K [0x00000007b5580000, 0x00000007c0000000, 0x00000007c0000000)
  eden space 135680K, 95% used [0x00000007b5580000,0x00000007bd3fbc98,0x00000007bda00000)
  from space 19456K, 50% used [0x00000007bed00000,0x00000007bf691698,0x00000007c0000000)
  to   space 19456K, 0% used [0x00000007bda00000,0x00000007bda00000,0x00000007bed00000)
 ParOldGen       total 349696K, used 151987K [0x00000007a0000000, 0x00000007b5580000, 0x00000007b5580000)
  object space 349696K, 43% used [0x00000007a0000000,0x00000007a946cfd8,0x00000007b5580000)
 Metaspace       used 5452K, capacity 5616K, committed 5760K, reserved 1056768K
  class space    used 580K, capacity 630K, committed 640K, reserved 1048576K
2018-07-25T18:08:54.222-0800: 56.503: [GC (Allocation Failure) [PSYoungGen: 139316K->9964K(145920K)] 291304K->187994K(495616K), 0.0071312 secs] [Times: user=0.03 sys=0.00, real=0.00 secs] 
Heap after GC invocations=742 (full 77):
 PSYoungGen      total 145920K, used 9964K [0x00000007b5580000, 0x00000007c0000000, 0x00000007c0000000)
  eden space 135680K, 0% used [0x00000007b5580000,0x00000007b5580000,0x00000007bda00000)
  from space 10240K, 97% used [0x00000007bda00000,0x00000007be3bb330,0x00000007be400000)
  to   space 19968K, 0% used [0x00000007bec80000,0x00000007bec80000,0x00000007c0000000)
 ParOldGen       total 349696K, used 178029K [0x00000007a0000000, 0x00000007b5580000, 0x00000007b5580000)
  object space 349696K, 50% used [0x00000007a0000000,0x00000007aaddb6a0,0x00000007b5580000)
 Metaspace       used 5452K, capacity 5616K, committed 5760K, reserved 1056768K
  class space    used 580K, capacity 630K, committed 640K, reserved 1048576K
}
{Heap before GC invocations=743 (full 77):
 PSYoungGen      total 145920K, used 116443K [0x00000007b5580000, 0x00000007c0000000, 0x00000007c0000000)
  eden space 135680K, 78% used [0x00000007b5580000,0x00000007bbd7bc30,0x00000007bda00000)
  from space 10240K, 97% used [0x00000007bda00000,0x00000007be3bb330,0x00000007be400000)
  to   space 19968K, 0% used [0x00000007bec80000,0x00000007bec80000,0x00000007c0000000)
 ParOldGen       total 349696K, used 178029K [0x00000007a0000000, 0x00000007b5580000, 0x00000007b5580000)
  object space 349696K, 50% used [0x00000007a0000000,0x00000007aaddb6a0,0x00000007b5580000)
 Metaspace       used 5452K, capacity 5616K, committed 5760K, reserved 1056768K
  class space    used 580K, capacity 630K, committed 640K, reserved 1048576K
2018-07-25T18:08:54.254-0800: 56.534: [GC (Allocation Failure) [PSYoungGen: 116443K->0K(155136K)] 294473K->213956K(504832K), 0.0078610 secs] [Times: user=0.04 sys=0.00, real=0.01 secs] 
Heap after GC invocations=743 (full 77):
 PSYoungGen      total 155136K, used 0K [0x00000007b5580000, 0x00000007c0000000, 0x00000007c0000000)
  eden space 135168K, 0% used [0x00000007b5580000,0x00000007b5580000,0x00000007bd980000)
  from space 19968K, 0% used [0x00000007bec80000,0x00000007bec80000,0x00000007c0000000)
  to   space 19456K, 0% used [0x00000007bd980000,0x00000007bd980000,0x00000007bec80000)
 ParOldGen       total 349696K, used 213956K [0x00000007a0000000, 0x00000007b5580000, 0x00000007b5580000)
  object space 349696K, 61% used [0x00000007a0000000,0x00000007ad0f10d8,0x00000007b5580000)
 Metaspace       used 5452K, capacity 5616K, committed 5760K, reserved 1056768K
  class space    used 580K, capacity 630K, committed 640K, reserved 1048576K
}
{Heap before GC invocations=744 (full 77):
 PSYoungGen      total 155136K, used 129264K [0x00000007b5580000, 0x00000007c0000000, 0x00000007c0000000)
  eden space 135168K, 95% used [0x00000007b5580000,0x00000007bd3bc2a8,0x00000007bd980000)
  from space 19968K, 0% used [0x00000007bec80000,0x00000007bec80000,0x00000007c0000000)
  to   space 19456K, 0% used [0x00000007bd980000,0x00000007bd980000,0x00000007bec80000)
 ParOldGen       total 349696K, used 213956K [0x00000007a0000000, 0x00000007b5580000, 0x00000007b5580000)
  object space 349696K, 61% used [0x00000007a0000000,0x00000007ad0f10d8,0x00000007b5580000)
 Metaspace       used 5452K, capacity 5616K, committed 5760K, reserved 1056768K
  class space    used 580K, capacity 630K, committed 640K, reserved 1048576K
2018-07-25T18:08:54.388-0800: 56.668: [GC (Allocation Failure) [PSYoungGen: 129264K->9933K(154624K)] 343220K->275972K(504320K), 0.0058186 secs] [Times: user=0.04 sys=0.01, real=0.01 secs] 
Heap after GC invocations=744 (full 77):
 PSYoungGen      total 154624K, used 9933K [0x00000007b5580000, 0x00000007c0000000, 0x00000007c0000000)
  eden space 135168K, 0% used [0x00000007b5580000,0x00000007b5580000,0x00000007bd980000)
  from space 19456K, 51% used [0x00000007bd980000,0x00000007be333488,0x00000007bec80000)
  to   space 19968K, 0% used [0x00000007bec80000,0x00000007bec80000,0x00000007c0000000)
 ParOldGen       total 349696K, used 266039K [0x00000007a0000000, 0x00000007b5580000, 0x00000007b5580000)
  object space 349696K, 76% used [0x00000007a0000000,0x00000007b03cde88,0x00000007b5580000)
 Metaspace       used 5452K, capacity 5616K, committed 5760K, reserved 1056768K
  class space    used 580K, capacity 630K, committed 640K, reserved 1048576K
}
{Heap before GC invocations=745 (full 77):
 PSYoungGen      total 154624K, used 142590K [0x00000007b5580000, 0x00000007c0000000, 0x00000007c0000000)
  eden space 135168K, 98% used [0x00000007b5580000,0x00000007bd70c498,0x00000007bd980000)
  from space 19456K, 51% used [0x00000007bd980000,0x00000007be333488,0x00000007bec80000)
  to   space 19968K, 0% used [0x00000007bec80000,0x00000007bec80000,0x00000007c0000000)
 ParOldGen       total 349696K, used 266039K [0x00000007a0000000, 0x00000007b5580000, 0x00000007b5580000)
  object space 349696K, 76% used [0x00000007a0000000,0x00000007b03cde88,0x00000007b5580000)
 Metaspace       used 5452K, capacity 5616K, committed 5760K, reserved 1056768K
  class space    used 580K, capacity 630K, committed 640K, reserved 1048576K
2018-07-25T18:08:54.497-0800: 56.777: [GC (Allocation Failure) [PSYoungGen: 142590K->135K(155136K)] 408629K->266175K(504832K), 0.0015257 secs] [Times: user=0.01 sys=0.00, real=0.00 secs] 
Heap after GC invocations=745 (full 77):
 PSYoungGen      total 155136K, used 135K [0x00000007b5580000, 0x00000007c0000000, 0x00000007c0000000)
  eden space 135168K, 0% used [0x00000007b5580000,0x00000007b5580000,0x00000007bd980000)
  from space 19968K, 0% used [0x00000007bec80000,0x00000007beca1f48,0x00000007c0000000)
  to   space 19456K, 0% used [0x00000007bd980000,0x00000007bd980000,0x00000007bec80000)
 ParOldGen       total 349696K, used 266039K [0x00000007a0000000, 0x00000007b5580000, 0x00000007b5580000)
  object space 349696K, 76% used [0x00000007a0000000,0x00000007b03cde88,0x00000007b5580000)
 Metaspace       used 5452K, capacity 5616K, committed 5760K, reserved 1056768K
  class space    used 580K, capacity 630K, committed 640K, reserved 1048576K
}
{Heap before GC invocations=746 (full 77):
 PSYoungGen      total 155136K, used 129612K [0x00000007b5580000, 0x00000007c0000000, 0x00000007c0000000)
  eden space 135168K, 95% used [0x00000007b5580000,0x00000007bd3f1328,0x00000007bd980000)
  from space 19968K, 0% used [0x00000007bec80000,0x00000007beca1f48,0x00000007c0000000)
  to   space 19456K, 0% used [0x00000007bd980000,0x00000007bd980000,0x00000007bec80000)
 ParOldGen       total 349696K, used 266039K [0x00000007a0000000, 0x00000007b5580000, 0x00000007b5580000)
  object space 349696K, 76% used [0x00000007a0000000,0x00000007b03cde88,0x00000007b5580000)
 Metaspace       used 5452K, capacity 5616K, committed 5760K, reserved 1056768K
  class space    used 580K, capacity 630K, committed 640K, reserved 1048576K
2018-07-25T18:08:54.529-0800: 56.809: [GC (Allocation Failure) [PSYoungGen: 129612K->9797K(154624K)] 395652K->328040K(504320K), 0.0090632 secs] [Times: user=0.06 sys=0.00, real=0.01 secs] 
Heap after GC invocations=746 (full 77):
 PSYoungGen      total 154624K, used 9797K [0x00000007b5580000, 0x00000007c0000000, 0x00000007c0000000)
  eden space 135168K, 0% used [0x00000007b5580000,0x00000007b5580000,0x00000007bd980000)
  from space 19456K, 50% used [0x00000007bd980000,0x00000007be311698,0x00000007bec80000)
  to   space 19456K, 0% used [0x00000007bed00000,0x00000007bed00000,0x00000007c0000000)
 ParOldGen       total 349696K, used 318242K [0x00000007a0000000, 0x00000007b5580000, 0x00000007b5580000)
  object space 349696K, 91% used [0x00000007a0000000,0x00000007b36c8b68,0x00000007b5580000)
 Metaspace       used 5452K, capacity 5616K, committed 5760K, reserved 1056768K
  class space    used 580K, capacity 630K, committed 640K, reserved 1048576K
}
{Heap before GC invocations=747 (full 78):
 PSYoungGen      total 154624K, used 9797K [0x00000007b5580000, 0x00000007c0000000, 0x00000007c0000000)
  eden space 135168K, 0% used [0x00000007b5580000,0x00000007b5580000,0x00000007bd980000)
  from space 19456K, 50% used [0x00000007bd980000,0x00000007be311698,0x00000007bec80000)
  to   space 19456K, 0% used [0x00000007bed00000,0x00000007bed00000,0x00000007c0000000)
 ParOldGen       total 349696K, used 318242K [0x00000007a0000000, 0x00000007b5580000, 0x00000007b5580000)
  object space 349696K, 91% used [0x00000007a0000000,0x00000007b36c8b68,0x00000007b5580000)
 Metaspace       used 5452K, capacity 5616K, committed 5760K, reserved 1056768K
  class space    used 580K, capacity 630K, committed 640K, reserved 1048576K
2018-07-25T18:08:54.538-0800: 56.819: [Full GC (Ergonomics) [PSYoungGen: 9797K->0K(154624K)] [ParOldGen: 318242K->73729K(349696K)] 328040K->73729K(504320K), [Metaspace: 5452K->5452K(1056768K)], 0.0121594 secs] [Times: user=0.07 sys=0.00, real=0.02 secs] 
Heap after GC invocations=747 (full 78):
 PSYoungGen      total 154624K, used 0K [0x00000007b5580000, 0x00000007c0000000, 0x00000007c0000000)
  eden space 135168K, 0% used [0x00000007b5580000,0x00000007b5580000,0x00000007bd980000)
  from space 19456K, 0% used [0x00000007bd980000,0x00000007bd980000,0x00000007bec80000)
  to   space 19456K, 0% used [0x00000007bed00000,0x00000007bed00000,0x00000007c0000000)
 ParOldGen       total 349696K, used 73729K [0x00000007a0000000, 0x00000007b5580000, 0x00000007b5580000)
  object space 349696K, 21% used [0x00000007a0000000,0x00000007a48006b0,0x00000007b5580000)
 Metaspace       used 5452K, capacity 5616K, committed 5760K, reserved 1056768K
  class space    used 580K, capacity 630K, committed 640K, reserved 1048576K
}
{Heap before GC invocations=748 (full 78):
 PSYoungGen      total 154624K, used 129524K [0x00000007b5580000, 0x00000007c0000000, 0x00000007c0000000)
  eden space 135168K, 95% used [0x00000007b5580000,0x00000007bd3fd350,0x00000007bd980000)
  from space 19456K, 0% used [0x00000007bd980000,0x00000007bd980000,0x00000007bec80000)
  to   space 19456K, 0% used [0x00000007bed00000,0x00000007bed00000,0x00000007c0000000)
 ParOldGen       total 349696K, used 73729K [0x00000007a0000000, 0x00000007b5580000, 0x00000007b5580000)
  object space 349696K, 21% used [0x00000007a0000000,0x00000007a48006b0,0x00000007b5580000)
 Metaspace       used 5452K, capacity 5616K, committed 5760K, reserved 1056768K
  class space    used 580K, capacity 630K, committed 640K, reserved 1048576K
2018-07-25T18:08:54.667-0800: 56.948: [GC (Allocation Failure) [PSYoungGen: 129524K->9933K(154112K)] 203254K->135746K(503808K), 0.0076787 secs] [Times: user=0.05 sys=0.00, real=0.01 secs] 
Heap after GC invocations=748 (full 78):
 PSYoungGen      total 154112K, used 9933K [0x00000007b5580000, 0x00000007c0000000, 0x00000007c0000000)
  eden space 134656K, 0% used [0x00000007b5580000,0x00000007b5580000,0x00000007bd900000)
  from space 19456K, 51% used [0x00000007bed00000,0x00000007bf6b3738,0x00000007c0000000)
  to   space 19968K, 0% used [0x00000007bd900000,0x00000007bd900000,0x00000007bec80000)
 ParOldGen       total 349696K, used 125813K [0x00000007a0000000, 0x00000007b5580000, 0x00000007b5580000)
  object space 349696K, 35% used [0x00000007a0000000,0x00000007a7add480,0x00000007b5580000)
 Metaspace       used 5452K, capacity 5616K, committed 5760K, reserved 1056768K
  class space    used 580K, capacity 630K, committed 640K, reserved 1048576K
}
{Heap before GC invocations=749 (full 78):
 PSYoungGen      total 154112K, used 116405K [0x00000007b5580000, 0x00000007c0000000, 0x00000007c0000000)
  eden space 134656K, 79% used [0x00000007b5580000,0x00000007bbd79e10,0x00000007bd900000)
  from space 19456K, 51% used [0x00000007bed00000,0x00000007bf6b3738,0x00000007c0000000)
  to   space 19968K, 0% used [0x00000007bd900000,0x00000007bd900000,0x00000007bec80000)
 ParOldGen       total 349696K, used 125813K [0x00000007a0000000, 0x00000007b5580000, 0x00000007b5580000)
  object space 349696K, 35% used [0x00000007a0000000,0x00000007a7add480,0x00000007b5580000)
 Metaspace       used 5452K, capacity 5616K, committed 5760K, reserved 1056768K
  class space    used 580K, capacity 630K, committed 640K, reserved 1048576K
2018-07-25T18:08:54.696-0800: 56.977: [GC (Allocation Failure) [PSYoungGen: 116405K->0K(154624K)] 242218K->161740K(504320K), 0.0057943 secs] [Times: user=0.04 sys=0.00, real=0.01 secs] 
Heap after GC invocations=749 (full 78):
 PSYoungGen      total 154624K, used 0K [0x00000007b5580000, 0x00000007c0000000, 0x00000007c0000000)
  eden space 134656K, 0% used [0x00000007b5580000,0x00000007b5580000,0x00000007bd900000)
  from space 19968K, 0% used [0x00000007bd900000,0x00000007bd900000,0x00000007bec80000)
  to   space 19456K, 0% used [0x00000007bed00000,0x00000007bed00000,0x00000007c0000000)
 ParOldGen       total 349696K, used 161740K [0x00000007a0000000, 0x00000007b5580000, 0x00000007b5580000)
  object space 349696K, 46% used [0x00000007a0000000,0x00000007a9df32c0,0x00000007b5580000)
 Metaspace       used 5452K, capacity 5616K, committed 5760K, reserved 1056768K
  class space    used 580K, capacity 630K, committed 640K, reserved 1048576K
}
{Heap before GC invocations=750 (full 78):
 PSYoungGen      total 154624K, used 129262K [0x00000007b5580000, 0x00000007c0000000, 0x00000007c0000000)
  eden space 134656K, 95% used [0x00000007b5580000,0x00000007bd3bb9c8,0x00000007bd900000)
  from space 19968K, 0% used [0x00000007bd900000,0x00000007bd900000,0x00000007bec80000)
  to   space 19456K, 0% used [0x00000007bed00000,0x00000007bed00000,0x00000007c0000000)
 ParOldGen       total 349696K, used 161740K [0x00000007a0000000, 0x00000007b5580000, 0x00000007b5580000)
  object space 349696K, 46% used [0x00000007a0000000,0x00000007a9df32c0,0x00000007b5580000)
 Metaspace       used 5452K, capacity 5616K, committed 5760K, reserved 1056768K
  class space    used 580K, capacity 630K, committed 640K, reserved 1048576K
2018-07-25T18:08:54.837-0800: 57.117: [GC (Allocation Failure) [PSYoungGen: 129262K->9966K(154112K)] 291003K->223790K(503808K), 0.0101587 secs] [Times: user=0.07 sys=0.00, real=0.01 secs] 
Heap after GC invocations=750 (full 78):
 PSYoungGen      total 154112K, used 9966K [0x00000007b5580000, 0x00000007c0000000, 0x00000007c0000000)
  eden space 134656K, 0% used [0x00000007b5580000,0x00000007b5580000,0x00000007bd900000)
  from space 19456K, 51% used [0x00000007bed00000,0x00000007bf6bb890,0x00000007c0000000)
  to   space 19968K, 0% used [0x00000007bd900000,0x00000007bd900000,0x00000007bec80000)
 ParOldGen       total 349696K, used 213824K [0x00000007a0000000, 0x00000007b5580000, 0x00000007b5580000)
  object space 349696K, 61% used [0x00000007a0000000,0x00000007ad0d0070,0x00000007b5580000)
 Metaspace       used 5452K, capacity 5616K, committed 5760K, reserved 1056768K
  class space    used 580K, capacity 630K, committed 640K, reserved 1048576K
}
{Heap before GC invocations=751 (full 78):
 PSYoungGen      total 154112K, used 142618K [0x00000007b5580000, 0x00000007c0000000, 0x00000007c0000000)
  eden space 134656K, 98% used [0x00000007b5580000,0x00000007bd70b080,0x00000007bd900000)
  from space 19456K, 51% used [0x00000007bed00000,0x00000007bf6bb890,0x00000007c0000000)
  to   space 19968K, 0% used [0x00000007bd900000,0x00000007bd900000,0x00000007bec80000)
 ParOldGen       total 349696K, used 213824K [0x00000007a0000000, 0x00000007b5580000, 0x00000007b5580000)
  object space 349696K, 61% used [0x00000007a0000000,0x00000007ad0d0070,0x00000007b5580000)
 Metaspace       used 5452K, capacity 5616K, committed 5760K, reserved 1056768K
  class space    used 580K, capacity 630K, committed 640K, reserved 1048576K
2018-07-25T18:08:54.962-0800: 57.242: [GC (Allocation Failure) [PSYoungGen: 142618K->168K(154624K)] 356442K->213992K(504320K), 0.0014938 secs] [Times: user=0.00 sys=0.00, real=0.00 secs] 
Heap after GC invocations=751 (full 78):
 PSYoungGen      total 154624K, used 168K [0x00000007b5580000, 0x00000007c0000000, 0x00000007c0000000)
  eden space 134656K, 0% used [0x00000007b5580000,0x00000007b5580000,0x00000007bd900000)
  from space 19968K, 0% used [0x00000007bd900000,0x00000007bd92a350,0x00000007bec80000)
  to   space 19456K, 0% used [0x00000007bed00000,0x00000007bed00000,0x00000007c0000000)
 ParOldGen       total 349696K, used 213824K [0x00000007a0000000, 0x00000007b5580000, 0x00000007b5580000)
  object space 349696K, 61% used [0x00000007a0000000,0x00000007ad0d0070,0x00000007b5580000)
 Metaspace       used 5452K, capacity 5616K, committed 5760K, reserved 1056768K
  class space    used 580K, capacity 630K, committed 640K, reserved 1048576K
}
{Heap before GC invocations=752 (full 78):
 PSYoungGen      total 154624K, used 129638K [0x00000007b5580000, 0x00000007c0000000, 0x00000007c0000000)
  eden space 134656K, 96% used [0x00000007b5580000,0x00000007bd3ef838,0x00000007bd900000)
  from space 19968K, 0% used [0x00000007bd900000,0x00000007bd92a350,0x00000007bec80000)
  to   space 19456K, 0% used [0x00000007bed00000,0x00000007bed00000,0x00000007c0000000)
 ParOldGen       total 349696K, used 213824K [0x00000007a0000000, 0x00000007b5580000, 0x00000007b5580000)
  object space 349696K, 61% used [0x00000007a0000000,0x00000007ad0d0070,0x00000007b5580000)
 Metaspace       used 5452K, capacity 5616K, committed 5760K, reserved 1056768K
  class space    used 580K, capacity 630K, committed 640K, reserved 1048576K
2018-07-25T18:08:55.001-0800: 57.281: [GC (Allocation Failure) [PSYoungGen: 129638K->9797K(155136K)] 343462K->275825K(504832K), 0.0087475 secs] [Times: user=0.06 sys=0.00, real=0.00 secs] 
Heap after GC invocations=752 (full 78):
 PSYoungGen      total 155136K, used 9797K [0x00000007b5580000, 0x00000007c0000000, 0x00000007c0000000)
  eden space 135680K, 0% used [0x00000007b5580000,0x00000007b5580000,0x00000007bda00000)
  from space 19456K, 50% used [0x00000007bed00000,0x00000007bf691698,0x00000007c0000000)
  to   space 19456K, 0% used [0x00000007bda00000,0x00000007bda00000,0x00000007bed00000)
 ParOldGen       total 349696K, used 266028K [0x00000007a0000000, 0x00000007b5580000, 0x00000007b5580000)
  object space 349696K, 76% used [0x00000007a0000000,0x00000007b03cb158,0x00000007b5580000)
 Metaspace       used 5452K, capacity 5616K, committed 5760K, reserved 1056768K
  class space    used 580K, capacity 630K, committed 640K, reserved 1048576K
}
{Heap before GC invocations=753 (full 78):
 PSYoungGen      total 155136K, used 139334K [0x00000007b5580000, 0x00000007c0000000, 0x00000007c0000000)
  eden space 135680K, 95% used [0x00000007b5580000,0x00000007bd400200,0x00000007bda00000)
  from space 19456K, 50% used [0x00000007bed00000,0x00000007bf691698,0x00000007c0000000)
  to   space 19456K, 0% used [0x00000007bda00000,0x00000007bda00000,0x00000007bed00000)
 ParOldGen       total 349696K, used 266028K [0x00000007a0000000, 0x00000007b5580000, 0x00000007b5580000)
  object space 349696K, 76% used [0x00000007a0000000,0x00000007b03cb158,0x00000007b5580000)
 Metaspace       used 5452K, capacity 5616K, committed 5760K, reserved 1056768K
  class space    used 580K, capacity 630K, committed 640K, reserved 1048576K
2018-07-25T18:08:55.124-0800: 57.404: [GC (Allocation Failure) [PSYoungGen: 139334K->9966K(145920K)] 405362K->302036K(495616K), 0.0043451 secs] [Times: user=0.03 sys=0.00, real=0.00 secs] 
Heap after GC invocations=753 (full 78):
 PSYoungGen      total 145920K, used 9966K [0x00000007b5580000, 0x00000007c0000000, 0x00000007c0000000)
  eden space 135680K, 0% used [0x00000007b5580000,0x00000007b5580000,0x00000007bda00000)
  from space 10240K, 97% used [0x00000007bda00000,0x00000007be3bbb40,0x00000007be400000)
  to   space 19968K, 0% used [0x00000007bec80000,0x00000007bec80000,0x00000007c0000000)
 ParOldGen       total 349696K, used 292070K [0x00000007a0000000, 0x00000007b5580000, 0x00000007b5580000)
  object space 349696K, 83% used [0x00000007a0000000,0x00000007b1d39820,0x00000007b5580000)
 Metaspace       used 5452K, capacity 5616K, committed 5760K, reserved 1056768K
  class space    used 580K, capacity 630K, committed 640K, reserved 1048576K
}
{Heap before GC invocations=754 (full 79):
 PSYoungGen      total 145920K, used 9966K [0x00000007b5580000, 0x00000007c0000000, 0x00000007c0000000)
  eden space 135680K, 0% used [0x00000007b5580000,0x00000007b5580000,0x00000007bda00000)
  from space 10240K, 97% used [0x00000007bda00000,0x00000007be3bbb40,0x00000007be400000)
  to   space 19968K, 0% used [0x00000007bec80000,0x00000007bec80000,0x00000007c0000000)
 ParOldGen       total 349696K, used 292070K [0x00000007a0000000, 0x00000007b5580000, 0x00000007b5580000)
  object space 349696K, 83% used [0x00000007a0000000,0x00000007b1d39820,0x00000007b5580000)
 Metaspace       used 5452K, capacity 5616K, committed 5760K, reserved 1056768K
  class space    used 580K, capacity 630K, committed 640K, reserved 1048576K
2018-07-25T18:08:55.128-0800: 57.409: [Full GC (Ergonomics) [PSYoungGen: 9966K->0K(145920K)] [ParOldGen: 292070K->47689K(349696K)] 302036K->47689K(495616K), [Metaspace: 5452K->5452K(1056768K)], 0.0081345 secs] [Times: user=0.03 sys=0.00, real=0.01 secs] 
Heap after GC invocations=754 (full 79):
 PSYoungGen      total 145920K, used 0K [0x00000007b5580000, 0x00000007c0000000, 0x00000007c0000000)
  eden space 135680K, 0% used [0x00000007b5580000,0x00000007b5580000,0x00000007bda00000)
  from space 10240K, 0% used [0x00000007bda00000,0x00000007bda00000,0x00000007be400000)
  to   space 19968K, 0% used [0x00000007bec80000,0x00000007bec80000,0x00000007c0000000)
 ParOldGen       total 349696K, used 47689K [0x00000007a0000000, 0x00000007b5580000, 0x00000007b5580000)
  object space 349696K, 13% used [0x00000007a0000000,0x00000007a2e92588,0x00000007b5580000)
 Metaspace       used 5452K, capacity 5616K, committed 5760K, reserved 1056768K
  class space    used 580K, capacity 630K, committed 640K, reserved 1048576K
}
{Heap before GC invocations=755 (full 79):
 PSYoungGen      total 145920K, used 106490K [0x00000007b5580000, 0x00000007c0000000, 0x00000007c0000000)
  eden space 135680K, 78% used [0x00000007b5580000,0x00000007bbd7e8f8,0x00000007bda00000)
  from space 10240K, 0% used [0x00000007bda00000,0x00000007bda00000,0x00000007be400000)
  to   space 19968K, 0% used [0x00000007bec80000,0x00000007bec80000,0x00000007c0000000)
 ParOldGen       total 349696K, used 47689K [0x00000007a0000000, 0x00000007b5580000, 0x00000007b5580000)
  object space 349696K, 13% used [0x00000007a0000000,0x00000007a2e92588,0x00000007b5580000)
 Metaspace       used 5452K, capacity 5616K, committed 5760K, reserved 1056768K
  class space    used 580K, capacity 630K, committed 640K, reserved 1048576K
2018-07-25T18:08:55.153-0800: 57.433: [GC (Allocation Failure) [PSYoungGen: 106490K->0K(155136K)] 154179K->125814K(504832K), 0.0105694 secs] [Times: user=0.07 sys=0.00, real=0.01 secs] 
Heap after GC invocations=755 (full 79):
 PSYoungGen      total 155136K, used 0K [0x00000007b5580000, 0x00000007c0000000, 0x00000007c0000000)
  eden space 135168K, 0% used [0x00000007b5580000,0x00000007b5580000,0x00000007bd980000)
  from space 19968K, 0% used [0x00000007bec80000,0x00000007bec80000,0x00000007c0000000)
  to   space 19456K, 0% used [0x00000007bd980000,0x00000007bd980000,0x00000007bec80000)
 ParOldGen       total 349696K, used 125814K [0x00000007a0000000, 0x00000007b5580000, 0x00000007b5580000)
  object space 349696K, 35% used [0x00000007a0000000,0x00000007a7adda28,0x00000007b5580000)
 Metaspace       used 5452K, capacity 5616K, committed 5760K, reserved 1056768K
  class space    used 580K, capacity 630K, committed 640K, reserved 1048576K
}
{Heap before GC invocations=756 (full 79):
 PSYoungGen      total 155136K, used 128920K [0x00000007b5580000, 0x00000007c0000000, 0x00000007c0000000)
  eden space 135168K, 95% used [0x00000007b5580000,0x00000007bd3662c8,0x00000007bd980000)
  from space 19968K, 0% used [0x00000007bec80000,0x00000007bec80000,0x00000007c0000000)
  to   space 19456K, 0% used [0x00000007bd980000,0x00000007bd980000,0x00000007bec80000)
 ParOldGen       total 349696K, used 125814K [0x00000007a0000000, 0x00000007b5580000, 0x00000007b5580000)
  object space 349696K, 35% used [0x00000007a0000000,0x00000007a7adda28,0x00000007b5580000)
 Metaspace       used 5452K, capacity 5616K, committed 5760K, reserved 1056768K
  class space    used 580K, capacity 630K, committed 640K, reserved 1048576K
2018-07-25T18:08:55.279-0800: 57.560: [GC (Allocation Failure) [PSYoungGen: 128920K->9967K(154624K)] 254735K->187865K(504320K), 0.0064110 secs] [Times: user=0.04 sys=0.00, real=0.01 secs] 
Heap after GC invocations=756 (full 79):
 PSYoungGen      total 154624K, used 9967K [0x00000007b5580000, 0x00000007c0000000, 0x00000007c0000000)
  eden space 135168K, 0% used [0x00000007b5580000,0x00000007b5580000,0x00000007bd980000)
  from space 19456K, 51% used [0x00000007bd980000,0x00000007be33bc98,0x00000007bec80000)
  to   space 19968K, 0% used [0x00000007bec80000,0x00000007bec80000,0x00000007c0000000)
 ParOldGen       total 349696K, used 177897K [0x00000007a0000000, 0x00000007b5580000, 0x00000007b5580000)
  object space 349696K, 50% used [0x00000007a0000000,0x00000007aadba7d8,0x00000007b5580000)
 Metaspace       used 5452K, capacity 5616K, committed 5760K, reserved 1056768K
  class space    used 580K, capacity 630K, committed 640K, reserved 1048576K
}
{Heap before GC invocations=757 (full 79):
 PSYoungGen      total 154624K, used 142400K [0x00000007b5580000, 0x00000007c0000000, 0x00000007c0000000)
  eden space 135168K, 97% used [0x00000007b5580000,0x00000007bd6d4648,0x00000007bd980000)
  from space 19456K, 51% used [0x00000007bd980000,0x00000007be33bc98,0x00000007bec80000)
  to   space 19968K, 0% used [0x00000007bec80000,0x00000007bec80000,0x00000007c0000000)
 ParOldGen       total 349696K, used 177897K [0x00000007a0000000, 0x00000007b5580000, 0x00000007b5580000)
  object space 349696K, 50% used [0x00000007a0000000,0x00000007aadba7d8,0x00000007b5580000)
 Metaspace       used 5452K, capacity 5616K, committed 5760K, reserved 1056768K
  class space    used 580K, capacity 630K, committed 640K, reserved 1048576K
2018-07-25T18:08:55.383-0800: 57.663: [GC (Allocation Failure) [PSYoungGen: 142400K->169K(155136K)] 320298K->178067K(504832K), 0.0009350 secs] [Times: user=0.01 sys=0.00, real=0.00 secs] 
Heap after GC invocations=757 (full 79):
 PSYoungGen      total 155136K, used 169K [0x00000007b5580000, 0x00000007c0000000, 0x00000007c0000000)
  eden space 135168K, 0% used [0x00000007b5580000,0x00000007b5580000,0x00000007bd980000)
  from space 19968K, 0% used [0x00000007bec80000,0x00000007becaa758,0x00000007c0000000)
  to   space 19456K, 0% used [0x00000007bd980000,0x00000007bd980000,0x00000007bec80000)
 ParOldGen       total 349696K, used 177897K [0x00000007a0000000, 0x00000007b5580000, 0x00000007b5580000)
  object space 349696K, 50% used [0x00000007a0000000,0x00000007aadba7d8,0x00000007b5580000)
 Metaspace       used 5452K, capacity 5616K, committed 5760K, reserved 1056768K
  class space    used 580K, capacity 630K, committed 640K, reserved 1048576K
}
{Heap before GC invocations=758 (full 79):
 PSYoungGen      total 155136K, used 129502K [0x00000007b5580000, 0x00000007c0000000, 0x00000007c0000000)
  eden space 135168K, 95% used [0x00000007b5580000,0x00000007bd3cd468,0x00000007bd980000)
  from space 19968K, 0% used [0x00000007bec80000,0x00000007becaa758,0x00000007c0000000)
  to   space 19456K, 0% used [0x00000007bd980000,0x00000007bd980000,0x00000007bec80000)
 ParOldGen       total 349696K, used 177897K [0x00000007a0000000, 0x00000007b5580000, 0x00000007b5580000)
  object space 349696K, 50% used [0x00000007a0000000,0x00000007aadba7d8,0x00000007b5580000)
 Metaspace       used 5452K, capacity 5616K, committed 5760K, reserved 1056768K
  class space    used 580K, capacity 630K, committed 640K, reserved 1048576K
2018-07-25T18:08:55.417-0800: 57.698: [GC (Allocation Failure) [PSYoungGen: 129502K->9797K(154624K)] 307400K->239900K(504320K), 0.0108131 secs] [Times: user=0.08 sys=0.00, real=0.01 secs] 
Heap after GC invocations=758 (full 79):
 PSYoungGen      total 154624K, used 9797K [0x00000007b5580000, 0x00000007c0000000, 0x00000007c0000000)
  eden space 135168K, 0% used [0x00000007b5580000,0x00000007b5580000,0x00000007bd980000)
  from space 19456K, 50% used [0x00000007bd980000,0x00000007be311698,0x00000007bec80000)
  to   space 19456K, 0% used [0x00000007bed00000,0x00000007bed00000,0x00000007c0000000)
 ParOldGen       total 349696K, used 230103K [0x00000007a0000000, 0x00000007b5580000, 0x00000007b5580000)
  object space 349696K, 65% used [0x00000007a0000000,0x00000007ae0b5cc8,0x00000007b5580000)
 Metaspace       used 5452K, capacity 5616K, committed 5760K, reserved 1056768K
  class space    used 580K, capacity 630K, committed 640K, reserved 1048576K
}
{Heap before GC invocations=759 (full 79):
 PSYoungGen      total 154624K, used 139230K [0x00000007b5580000, 0x00000007c0000000, 0x00000007c0000000)
  eden space 135168K, 95% used [0x00000007b5580000,0x00000007bd3e6218,0x00000007bd980000)
  from space 19456K, 50% used [0x00000007bd980000,0x00000007be311698,0x00000007bec80000)
  to   space 19456K, 0% used [0x00000007bed00000,0x00000007bed00000,0x00000007c0000000)
 ParOldGen       total 349696K, used 230103K [0x00000007a0000000, 0x00000007b5580000, 0x00000007b5580000)
  object space 349696K, 65% used [0x00000007a0000000,0x00000007ae0b5cc8,0x00000007b5580000)
 Metaspace       used 5452K, capacity 5616K, committed 5760K, reserved 1056768K
  class space    used 580K, capacity 630K, committed 640K, reserved 1048576K
2018-07-25T18:08:55.540-0800: 57.820: [GC (Allocation Failure) [PSYoungGen: 139230K->9967K(154112K)] 369333K->266112K(503808K), 0.0046752 secs] [Times: user=0.03 sys=0.00, real=0.00 secs] 
Heap after GC invocations=759 (full 79):
 PSYoungGen      total 154112K, used 9967K [0x00000007b5580000, 0x00000007c0000000, 0x00000007c0000000)
  eden space 134656K, 0% used [0x00000007b5580000,0x00000007b5580000,0x00000007bd900000)
  from space 19456K, 51% used [0x00000007bed00000,0x00000007bf6bbf48,0x00000007c0000000)
  to   space 19968K, 0% used [0x00000007bd900000,0x00000007bd900000,0x00000007bec80000)
 ParOldGen       total 349696K, used 256144K [0x00000007a0000000, 0x00000007b5580000, 0x00000007b5580000)
  object space 349696K, 73% used [0x00000007a0000000,0x00000007afa24390,0x00000007b5580000)
 Metaspace       used 5452K, capacity 5616K, committed 5760K, reserved 1056768K
  class space    used 580K, capacity 630K, committed 640K, reserved 1048576K
}
{Heap before GC invocations=760 (full 79):
 PSYoungGen      total 154112K, used 116380K [0x00000007b5580000, 0x00000007c0000000, 0x00000007c0000000)
  eden space 134656K, 79% used [0x00000007b5580000,0x00000007bbd6b0d0,0x00000007bd900000)
  from space 19456K, 51% used [0x00000007bed00000,0x00000007bf6bbf48,0x00000007c0000000)
  to   space 19968K, 0% used [0x00000007bd900000,0x00000007bd900000,0x00000007bec80000)
 ParOldGen       total 349696K, used 256144K [0x00000007a0000000, 0x00000007b5580000, 0x00000007b5580000)
  object space 349696K, 73% used [0x00000007a0000000,0x00000007afa24390,0x00000007b5580000)
 Metaspace       used 5452K, capacity 5616K, committed 5760K, reserved 1056768K
  class space    used 580K, capacity 630K, committed 640K, reserved 1048576K
2018-07-25T18:08:55.558-0800: 57.839: [GC (Allocation Failure) [PSYoungGen: 116380K->0K(154624K)] 372524K->292074K(504320K), 0.0051905 secs] [Times: user=0.03 sys=0.00, real=0.01 secs] 
Heap after GC invocations=760 (full 79):
 PSYoungGen      total 154624K, used 0K [0x00000007b5580000, 0x00000007c0000000, 0x00000007c0000000)
  eden space 134656K, 0% used [0x00000007b5580000,0x00000007b5580000,0x00000007bd900000)
  from space 19968K, 0% used [0x00000007bd900000,0x00000007bd900000,0x00000007bec80000)
  to   space 19456K, 0% used [0x00000007bed00000,0x00000007bed00000,0x00000007c0000000)
 ParOldGen       total 349696K, used 292074K [0x00000007a0000000, 0x00000007b5580000, 0x00000007b5580000)
  object space 349696K, 83% used [0x00000007a0000000,0x00000007b1d3a9e0,0x00000007b5580000)
 Metaspace       used 5452K, capacity 5616K, committed 5760K, reserved 1056768K
  class space    used 580K, capacity 630K, committed 640K, reserved 1048576K
}
{Heap before GC invocations=761 (full 80):
 PSYoungGen      total 154624K, used 0K [0x00000007b5580000, 0x00000007c0000000, 0x00000007c0000000)
  eden space 134656K, 0% used [0x00000007b5580000,0x00000007b5580000,0x00000007bd900000)
  from space 19968K, 0% used [0x00000007bd900000,0x00000007bd900000,0x00000007bec80000)
  to   space 19456K, 0% used [0x00000007bed00000,0x00000007bed00000,0x00000007c0000000)
 ParOldGen       total 349696K, used 292074K [0x00000007a0000000, 0x00000007b5580000, 0x00000007b5580000)
  object space 349696K, 83% used [0x00000007a0000000,0x00000007b1d3a9e0,0x00000007b5580000)
 Metaspace       used 5452K, capacity 5616K, committed 5760K, reserved 1056768K
  class space    used 580K, capacity 630K, committed 640K, reserved 1048576K
2018-07-25T18:08:55.563-0800: 57.844: [Full GC (Ergonomics) [PSYoungGen: 0K->0K(154624K)] [ParOldGen: 292074K->47690K(349696K)] 292074K->47690K(504320K), [Metaspace: 5452K->5452K(1056768K)], 0.0079919 secs] [Times: user=0.04 sys=0.00, real=0.01 secs] 
Heap after GC invocations=761 (full 80):
 PSYoungGen      total 154624K, used 0K [0x00000007b5580000, 0x00000007c0000000, 0x00000007c0000000)
  eden space 134656K, 0% used [0x00000007b5580000,0x00000007b5580000,0x00000007bd900000)
  from space 19968K, 0% used [0x00000007bd900000,0x00000007bd900000,0x00000007bec80000)
  to   space 19456K, 0% used [0x00000007bed00000,0x00000007bed00000,0x00000007c0000000)
 ParOldGen       total 349696K, used 47690K [0x00000007a0000000, 0x00000007b5580000, 0x00000007b5580000)
  object space 349696K, 13% used [0x00000007a0000000,0x00000007a2e92970,0x00000007b5580000)
 Metaspace       used 5452K, capacity 5616K, committed 5760K, reserved 1056768K
  class space    used 580K, capacity 630K, committed 640K, reserved 1048576K
}
{Heap before GC invocations=762 (full 80):
 PSYoungGen      total 154624K, used 129224K [0x00000007b5580000, 0x00000007c0000000, 0x00000007c0000000)
  eden space 134656K, 95% used [0x00000007b5580000,0x00000007bd3b21a8,0x00000007bd900000)
  from space 19968K, 0% used [0x00000007bd900000,0x00000007bd900000,0x00000007bec80000)
  to   space 19456K, 0% used [0x00000007bed00000,0x00000007bed00000,0x00000007c0000000)
 ParOldGen       total 349696K, used 47690K [0x00000007a0000000, 0x00000007b5580000, 0x00000007b5580000)
  object space 349696K, 13% used [0x00000007a0000000,0x00000007a2e92970,0x00000007b5580000)
 Metaspace       used 5452K, capacity 5616K, committed 5760K, reserved 1056768K
  class space    used 580K, capacity 630K, committed 640K, reserved 1048576K
2018-07-25T18:08:55.689-0800: 57.969: [GC (Allocation Failure) [PSYoungGen: 129224K->10000K(154112K)] 176914K->109773K(503808K), 0.0059721 secs] [Times: user=0.04 sys=0.00, real=0.01 secs] 
Heap after GC invocations=762 (full 80):
 PSYoungGen      total 154112K, used 10000K [0x00000007b5580000, 0x00000007c0000000, 0x00000007c0000000)
  eden space 134656K, 0% used [0x00000007b5580000,0x00000007b5580000,0x00000007bd900000)
  from space 19456K, 51% used [0x00000007bed00000,0x00000007bf6c40a0,0x00000007c0000000)
  to   space 19968K, 0% used [0x00000007bd900000,0x00000007bd900000,0x00000007bec80000)
 ParOldGen       total 349696K, used 99773K [0x00000007a0000000, 0x00000007b5580000, 0x00000007b5580000)
  object space 349696K, 28% used [0x00000007a0000000,0x00000007a616f720,0x00000007b5580000)
 Metaspace       used 5452K, capacity 5616K, committed 5760K, reserved 1056768K
  class space    used 580K, capacity 630K, committed 640K, reserved 1048576K
}
{Heap before GC invocations=763 (full 80):
 PSYoungGen      total 154112K, used 142611K [0x00000007b5580000, 0x00000007c0000000, 0x00000007c0000000)
  eden space 134656K, 98% used [0x00000007b5580000,0x00000007bd700b60,0x00000007bd900000)
  from space 19456K, 51% used [0x00000007bed00000,0x00000007bf6c40a0,0x00000007c0000000)
  to   space 19968K, 0% used [0x00000007bd900000,0x00000007bd900000,0x00000007bec80000)
 ParOldGen       total 349696K, used 99773K [0x00000007a0000000, 0x00000007b5580000, 0x00000007b5580000)
  object space 349696K, 28% used [0x00000007a0000000,0x00000007a616f720,0x00000007b5580000)
 Metaspace       used 5452K, capacity 5616K, committed 5760K, reserved 1056768K
  class space    used 580K, capacity 630K, committed 640K, reserved 1048576K
2018-07-25T18:08:55.790-0800: 58.070: [GC (Allocation Failure) [PSYoungGen: 142611K->234K(154624K)] 242384K->100008K(504320K), 0.0015822 secs] [Times: user=0.01 sys=0.00, real=0.00 secs] 
Heap after GC invocations=763 (full 80):
 PSYoungGen      total 154624K, used 234K [0x00000007b5580000, 0x00000007c0000000, 0x00000007c0000000)
  eden space 134656K, 0% used [0x00000007b5580000,0x00000007b5580000,0x00000007bd900000)
  from space 19968K, 1% used [0x00000007bd900000,0x00000007bd93ab60,0x00000007bec80000)
  to   space 19456K, 0% used [0x00000007bed00000,0x00000007bed00000,0x00000007c0000000)
 ParOldGen       total 349696K, used 99773K [0x00000007a0000000, 0x00000007b5580000, 0x00000007b5580000)
  object space 349696K, 28% used [0x00000007a0000000,0x00000007a616f720,0x00000007b5580000)
 Metaspace       used 5452K, capacity 5616K, committed 5760K, reserved 1056768K
  class space    used 580K, capacity 630K, committed 640K, reserved 1048576K
}
{Heap before GC invocations=764 (full 80):
 PSYoungGen      total 154624K, used 129678K [0x00000007b5580000, 0x00000007c0000000, 0x00000007c0000000)
  eden space 134656K, 96% used [0x00000007b5580000,0x00000007bd3e8e48,0x00000007bd900000)
  from space 19968K, 1% used [0x00000007bd900000,0x00000007bd93ab60,0x00000007bec80000)
  to   space 19456K, 0% used [0x00000007bed00000,0x00000007bed00000,0x00000007c0000000)
 ParOldGen       total 349696K, used 99773K [0x00000007a0000000, 0x00000007b5580000, 0x00000007b5580000)
  object space 349696K, 28% used [0x00000007a0000000,0x00000007a616f720,0x00000007b5580000)
 Metaspace       used 5452K, capacity 5616K, committed 5760K, reserved 1056768K
  class space    used 580K, capacity 630K, committed 640K, reserved 1048576K
2018-07-25T18:08:55.833-0800: 58.113: [GC (Allocation Failure) [PSYoungGen: 129678K->9797K(155136K)] 229452K->161793K(504832K), 0.0091715 secs] [Times: user=0.06 sys=0.00, real=0.01 secs] 
Heap after GC invocations=764 (full 80):
 PSYoungGen      total 155136K, used 9797K [0x00000007b5580000, 0x00000007c0000000, 0x00000007c0000000)
  eden space 135680K, 0% used [0x00000007b5580000,0x00000007b5580000,0x00000007bda00000)
  from space 19456K, 50% used [0x00000007bed00000,0x00000007bf691698,0x00000007c0000000)
  to   space 19456K, 0% used [0x00000007bda00000,0x00000007bda00000,0x00000007bed00000)
 ParOldGen       total 349696K, used 151996K [0x00000007a0000000, 0x00000007b5580000, 0x00000007b5580000)
  object space 349696K, 43% used [0x00000007a0000000,0x00000007a946f018,0x00000007b5580000)
 Metaspace       used 5452K, capacity 5616K, committed 5760K, reserved 1056768K
  class space    used 580K, capacity 630K, committed 640K, reserved 1048576K
}
{Heap before GC invocations=765 (full 80):
 PSYoungGen      total 155136K, used 139317K [0x00000007b5580000, 0x00000007c0000000, 0x00000007c0000000)
  eden space 135680K, 95% used [0x00000007b5580000,0x00000007bd3fbd98,0x00000007bda00000)
  from space 19456K, 50% used [0x00000007bed00000,0x00000007bf691698,0x00000007c0000000)
  to   space 19456K, 0% used [0x00000007bda00000,0x00000007bda00000,0x00000007bed00000)
 ParOldGen       total 349696K, used 151996K [0x00000007a0000000, 0x00000007b5580000, 0x00000007b5580000)
  object space 349696K, 43% used [0x00000007a0000000,0x00000007a946f018,0x00000007b5580000)
 Metaspace       used 5452K, capacity 5616K, committed 5760K, reserved 1056768K
  class space    used 580K, capacity 630K, committed 640K, reserved 1048576K
2018-07-25T18:08:55.981-0800: 58.262: [GC (Allocation Failure) [PSYoungGen: 139317K->9968K(145920K)] 291313K->188006K(495616K), 0.0098082 secs] [Times: user=0.03 sys=0.00, real=0.01 secs] 
Heap after GC invocations=765 (full 80):
 PSYoungGen      total 145920K, used 9968K [0x00000007b5580000, 0x00000007c0000000, 0x00000007c0000000)
  eden space 135680K, 0% used [0x00000007b5580000,0x00000007b5580000,0x00000007bda00000)
  from space 10240K, 97% used [0x00000007bda00000,0x00000007be3bc350,0x00000007be400000)
  to   space 19968K, 0% used [0x00000007bec80000,0x00000007bec80000,0x00000007c0000000)
 ParOldGen       total 349696K, used 178037K [0x00000007a0000000, 0x00000007b5580000, 0x00000007b5580000)
  object space 349696K, 50% used [0x00000007a0000000,0x00000007aaddd6e0,0x00000007b5580000)
 Metaspace       used 5452K, capacity 5616K, committed 5760K, reserved 1056768K
  class space    used 580K, capacity 630K, committed 640K, reserved 1048576K
}
{Heap before GC invocations=766 (full 80):
 PSYoungGen      total 145920K, used 116448K [0x00000007b5580000, 0x00000007c0000000, 0x00000007c0000000)
  eden space 135680K, 78% used [0x00000007b5580000,0x00000007bbd7bcd8,0x00000007bda00000)
  from space 10240K, 97% used [0x00000007bda00000,0x00000007be3bc350,0x00000007be400000)
  to   space 19968K, 0% used [0x00000007bec80000,0x00000007bec80000,0x00000007c0000000)
 ParOldGen       total 349696K, used 178037K [0x00000007a0000000, 0x00000007b5580000, 0x00000007b5580000)
  object space 349696K, 50% used [0x00000007a0000000,0x00000007aaddd6e0,0x00000007b5580000)
 Metaspace       used 5452K, capacity 5616K, committed 5760K, reserved 1056768K
  class space    used 580K, capacity 630K, committed 640K, reserved 1048576K
2018-07-25T18:08:56.007-0800: 58.288: [GC (Allocation Failure) [PSYoungGen: 116448K->0K(155136K)] 294485K->213976K(504832K), 0.0049259 secs] [Times: user=0.04 sys=0.00, real=0.01 secs] 
Heap after GC invocations=766 (full 80):
 PSYoungGen      total 155136K, used 0K [0x00000007b5580000, 0x00000007c0000000, 0x00000007c0000000)
  eden space 135168K, 0% used [0x00000007b5580000,0x00000007b5580000,0x00000007bd980000)
  from space 19968K, 0% used [0x00000007bec80000,0x00000007bec80000,0x00000007c0000000)
  to   space 19456K, 0% used [0x00000007bd980000,0x00000007bd980000,0x00000007bec80000)
 ParOldGen       total 349696K, used 213976K [0x00000007a0000000, 0x00000007b5580000, 0x00000007b5580000)
  object space 349696K, 61% used [0x00000007a0000000,0x00000007ad0f6138,0x00000007b5580000)
 Metaspace       used 5452K, capacity 5616K, committed 5760K, reserved 1056768K
  class space    used 580K, capacity 630K, committed 640K, reserved 1048576K
}
{Heap before GC invocations=767 (full 80):
 PSYoungGen      total 155136K, used 129264K [0x00000007b5580000, 0x00000007c0000000, 0x00000007c0000000)
  eden space 135168K, 95% used [0x00000007b5580000,0x00000007bd3bc3a0,0x00000007bd980000)
  from space 19968K, 0% used [0x00000007bec80000,0x00000007bec80000,0x00000007c0000000)
  to   space 19456K, 0% used [0x00000007bd980000,0x00000007bd980000,0x00000007bec80000)
 ParOldGen       total 349696K, used 213976K [0x00000007a0000000, 0x00000007b5580000, 0x00000007b5580000)
  object space 349696K, 61% used [0x00000007a0000000,0x00000007ad0f6138,0x00000007b5580000)
 Metaspace       used 5452K, capacity 5616K, committed 5760K, reserved 1056768K
  class space    used 580K, capacity 630K, committed 640K, reserved 1048576K
2018-07-25T18:08:56.132-0800: 58.412: [GC (Allocation Failure) [PSYoungGen: 129264K->9937K(154624K)] 343241K->275996K(504320K), 0.0061736 secs] [Times: user=0.04 sys=0.00, real=0.00 secs] 
Heap after GC invocations=767 (full 80):
 PSYoungGen      total 154624K, used 9937K [0x00000007b5580000, 0x00000007c0000000, 0x00000007c0000000)
  eden space 135168K, 0% used [0x00000007b5580000,0x00000007b5580000,0x00000007bd980000)
  from space 19456K, 51% used [0x00000007bd980000,0x00000007be3344a8,0x00000007bec80000)
  to   space 19968K, 0% used [0x00000007bec80000,0x00000007bec80000,0x00000007c0000000)
 ParOldGen       total 349696K, used 266059K [0x00000007a0000000, 0x00000007b5580000, 0x00000007b5580000)
  object space 349696K, 76% used [0x00000007a0000000,0x00000007b03d2ee8,0x00000007b5580000)
 Metaspace       used 5452K, capacity 5616K, committed 5760K, reserved 1056768K
  class space    used 580K, capacity 630K, committed 640K, reserved 1048576K
}
{Heap before GC invocations=768 (full 80):
 PSYoungGen      total 154624K, used 142594K [0x00000007b5580000, 0x00000007c0000000, 0x00000007c0000000)
  eden space 135168K, 98% used [0x00000007b5580000,0x00000007bd70c540,0x00000007bd980000)
  from space 19456K, 51% used [0x00000007bd980000,0x00000007be3344a8,0x00000007bec80000)
  to   space 19968K, 0% used [0x00000007bec80000,0x00000007bec80000,0x00000007c0000000)
 ParOldGen       total 349696K, used 266059K [0x00000007a0000000, 0x00000007b5580000, 0x00000007b5580000)
  object space 349696K, 76% used [0x00000007a0000000,0x00000007b03d2ee8,0x00000007b5580000)
 Metaspace       used 5452K, capacity 5616K, committed 5760K, reserved 1056768K
  class space    used 580K, capacity 630K, committed 640K, reserved 1048576K
2018-07-25T18:08:56.235-0800: 58.515: [GC (Allocation Failure) [PSYoungGen: 142594K->139K(155136K)] 408654K->266199K(504832K), 0.0016130 secs] [Times: user=0.01 sys=0.00, real=0.00 secs] 
Heap after GC invocations=768 (full 80):
 PSYoungGen      total 155136K, used 139K [0x00000007b5580000, 0x00000007c0000000, 0x00000007c0000000)
  eden space 135168K, 0% used [0x00000007b5580000,0x00000007b5580000,0x00000007bd980000)
  from space 19968K, 0% used [0x00000007bec80000,0x00000007beca2f68,0x00000007c0000000)
  to   space 19456K, 0% used [0x00000007bd980000,0x00000007bd980000,0x00000007bec80000)
 ParOldGen       total 349696K, used 266059K [0x00000007a0000000, 0x00000007b5580000, 0x00000007b5580000)
  object space 349696K, 76% used [0x00000007a0000000,0x00000007b03d2ee8,0x00000007b5580000)
 Metaspace       used 5452K, capacity 5616K, committed 5760K, reserved 1056768K
  class space    used 580K, capacity 630K, committed 640K, reserved 1048576K
}
{Heap before GC invocations=769 (full 80):
 PSYoungGen      total 155136K, used 129616K [0x00000007b5580000, 0x00000007c0000000, 0x00000007c0000000)
  eden space 135168K, 95% used [0x00000007b5580000,0x00000007bd3f1408,0x00000007bd980000)
  from space 19968K, 0% used [0x00000007bec80000,0x00000007beca2f68,0x00000007c0000000)
  to   space 19456K, 0% used [0x00000007bd980000,0x00000007bd980000,0x00000007bec80000)
 ParOldGen       total 349696K, used 266059K [0x00000007a0000000, 0x00000007b5580000, 0x00000007b5580000)
  object space 349696K, 76% used [0x00000007a0000000,0x00000007b03d2ee8,0x00000007b5580000)
 Metaspace       used 5452K, capacity 5616K, committed 5760K, reserved 1056768K
  class space    used 580K, capacity 630K, committed 640K, reserved 1048576K
2018-07-25T18:08:56.267-0800: 58.547: [GC (Allocation Failure) [PSYoungGen: 129616K->9797K(154624K)] 395676K->328064K(504320K), 0.0088178 secs] [Times: user=0.06 sys=0.00, real=0.01 secs] 
Heap after GC invocations=769 (full 80):
 PSYoungGen      total 154624K, used 9797K [0x00000007b5580000, 0x00000007c0000000, 0x00000007c0000000)
  eden space 135168K, 0% used [0x00000007b5580000,0x00000007b5580000,0x00000007bd980000)
  from space 19456K, 50% used [0x00000007bd980000,0x00000007be311698,0x00000007bec80000)
  to   space 19456K, 0% used [0x00000007bed00000,0x00000007bed00000,0x00000007c0000000)
 ParOldGen       total 349696K, used 318266K [0x00000007a0000000, 0x00000007b5580000, 0x00000007b5580000)
  object space 349696K, 91% used [0x00000007a0000000,0x00000007b36cebe8,0x00000007b5580000)
 Metaspace       used 5452K, capacity 5616K, committed 5760K, reserved 1056768K
  class space    used 580K, capacity 630K, committed 640K, reserved 1048576K
}
{Heap before GC invocations=770 (full 81):
 PSYoungGen      total 154624K, used 9797K [0x00000007b5580000, 0x00000007c0000000, 0x00000007c0000000)
  eden space 135168K, 0% used [0x00000007b5580000,0x00000007b5580000,0x00000007bd980000)
  from space 19456K, 50% used [0x00000007bd980000,0x00000007be311698,0x00000007bec80000)
  to   space 19456K, 0% used [0x00000007bed00000,0x00000007bed00000,0x00000007c0000000)
 ParOldGen       total 349696K, used 318266K [0x00000007a0000000, 0x00000007b5580000, 0x00000007b5580000)
  object space 349696K, 91% used [0x00000007a0000000,0x00000007b36cebe8,0x00000007b5580000)
 Metaspace       used 5452K, capacity 5616K, committed 5760K, reserved 1056768K
  class space    used 580K, capacity 630K, committed 640K, reserved 1048576K
2018-07-25T18:08:56.276-0800: 58.556: [Full GC (Ergonomics) [PSYoungGen: 9797K->0K(154624K)] [ParOldGen: 318266K->73733K(349696K)] 328064K->73733K(504320K), [Metaspace: 5452K->5452K(1056768K)], 0.0114110 secs] [Times: user=0.06 sys=0.01, real=0.01 secs] 
Heap after GC invocations=770 (full 81):
 PSYoungGen      total 154624K, used 0K [0x00000007b5580000, 0x00000007c0000000, 0x00000007c0000000)
  eden space 135168K, 0% used [0x00000007b5580000,0x00000007b5580000,0x00000007bd980000)
  from space 19456K, 0% used [0x00000007bd980000,0x00000007bd980000,0x00000007bec80000)
  to   space 19456K, 0% used [0x00000007bed00000,0x00000007bed00000,0x00000007c0000000)
 ParOldGen       total 349696K, used 73733K [0x00000007a0000000, 0x00000007b5580000, 0x00000007b5580000)
  object space 349696K, 21% used [0x00000007a0000000,0x00000007a48016d0,0x00000007b5580000)
 Metaspace       used 5452K, capacity 5616K, committed 5760K, reserved 1056768K
  class space    used 580K, capacity 630K, committed 640K, reserved 1048576K
}
{Heap before GC invocations=771 (full 81):
 PSYoungGen      total 154624K, used 129525K [0x00000007b5580000, 0x00000007c0000000, 0x00000007c0000000)
  eden space 135168K, 95% used [0x00000007b5580000,0x00000007bd3fd458,0x00000007bd980000)
  from space 19456K, 0% used [0x00000007bd980000,0x00000007bd980000,0x00000007bec80000)
  to   space 19456K, 0% used [0x00000007bed00000,0x00000007bed00000,0x00000007c0000000)
 ParOldGen       total 349696K, used 73733K [0x00000007a0000000, 0x00000007b5580000, 0x00000007b5580000)
  object space 349696K, 21% used [0x00000007a0000000,0x00000007a48016d0,0x00000007b5580000)
 Metaspace       used 5452K, capacity 5616K, committed 5760K, reserved 1056768K
  class space    used 580K, capacity 630K, committed 640K, reserved 1048576K
2018-07-25T18:08:56.410-0800: 58.690: [GC (Allocation Failure) [PSYoungGen: 129525K->9969K(154112K)] 203258K->135786K(503808K), 0.0116867 secs] [Times: user=0.08 sys=0.00, real=0.01 secs] 
Heap after GC invocations=771 (full 81):
 PSYoungGen      total 154112K, used 9969K [0x00000007b5580000, 0x00000007c0000000, 0x00000007c0000000)
  eden space 134656K, 0% used [0x00000007b5580000,0x00000007b5580000,0x00000007bd900000)
  from space 19456K, 51% used [0x00000007bed00000,0x00000007bf6bc758,0x00000007c0000000)
  to   space 19968K, 0% used [0x00000007bd900000,0x00000007bd900000,0x00000007bec80000)
 ParOldGen       total 349696K, used 125817K [0x00000007a0000000, 0x00000007b5580000, 0x00000007b5580000)
  object space 349696K, 35% used [0x00000007a0000000,0x00000007a7ade4a0,0x00000007b5580000)
 Metaspace       used 5452K, capacity 5616K, committed 5760K, reserved 1056768K
  class space    used 580K, capacity 630K, committed 640K, reserved 1048576K
}
{Heap before GC invocations=772 (full 81):
 PSYoungGen      total 154112K, used 116441K [0x00000007b5580000, 0x00000007c0000000, 0x00000007c0000000)
  eden space 134656K, 79% used [0x00000007b5580000,0x00000007bbd79eb8,0x00000007bd900000)
  from space 19456K, 51% used [0x00000007bed00000,0x00000007bf6bc758,0x00000007c0000000)
  to   space 19968K, 0% used [0x00000007bd900000,0x00000007bd900000,0x00000007bec80000)
 ParOldGen       total 349696K, used 125817K [0x00000007a0000000, 0x00000007b5580000, 0x00000007b5580000)
  object space 349696K, 35% used [0x00000007a0000000,0x00000007a7ade4a0,0x00000007b5580000)
 Metaspace       used 5452K, capacity 5616K, committed 5760K, reserved 1056768K
  class space    used 580K, capacity 630K, committed 640K, reserved 1048576K
2018-07-25T18:08:56.437-0800: 58.718: [GC (Allocation Failure) [PSYoungGen: 116441K->0K(154624K)] 242258K->161756K(504320K), 0.0070320 secs] [Times: user=0.05 sys=0.00, real=0.01 secs] 
Heap after GC invocations=772 (full 81):
 PSYoungGen      total 154624K, used 0K [0x00000007b5580000, 0x00000007c0000000, 0x00000007c0000000)
  eden space 134656K, 0% used [0x00000007b5580000,0x00000007b5580000,0x00000007bd900000)
  from space 19968K, 0% used [0x00000007bd900000,0x00000007bd900000,0x00000007bec80000)
  to   space 19456K, 0% used [0x00000007bed00000,0x00000007bed00000,0x00000007c0000000)
 ParOldGen       total 349696K, used 161756K [0x00000007a0000000, 0x00000007b5580000, 0x00000007b5580000)
  object space 349696K, 46% used [0x00000007a0000000,0x00000007a9df7300,0x00000007b5580000)
 Metaspace       used 5452K, capacity 5616K, committed 5760K, reserved 1056768K
  class space    used 580K, capacity 630K, committed 640K, reserved 1048576K
}
{Heap before GC invocations=773 (full 81):
 PSYoungGen      total 154624K, used 129262K [0x00000007b5580000, 0x00000007c0000000, 0x00000007c0000000)
  eden space 134656K, 95% used [0x00000007b5580000,0x00000007bd3bbac8,0x00000007bd900000)
  from space 19968K, 0% used [0x00000007bd900000,0x00000007bd900000,0x00000007bec80000)
  to   space 19456K, 0% used [0x00000007bed00000,0x00000007bed00000,0x00000007c0000000)
 ParOldGen       total 349696K, used 161756K [0x00000007a0000000, 0x00000007b5580000, 0x00000007b5580000)
  object space 349696K, 46% used [0x00000007a0000000,0x00000007a9df7300,0x00000007b5580000)
 Metaspace       used 5452K, capacity 5616K, committed 5760K, reserved 1056768K
  class space    used 580K, capacity 630K, committed 640K, reserved 1048576K
2018-07-25T18:08:56.559-0800: 58.840: [GC (Allocation Failure) [PSYoungGen: 129262K->9970K(154112K)] 291019K->223810K(503808K), 0.0052804 secs] [Times: user=0.03 sys=0.00, real=0.01 secs] 
Heap after GC invocations=773 (full 81):
 PSYoungGen      total 154112K, used 9970K [0x00000007b5580000, 0x00000007c0000000, 0x00000007c0000000)
  eden space 134656K, 0% used [0x00000007b5580000,0x00000007b5580000,0x00000007bd900000)
  from space 19456K, 51% used [0x00000007bed00000,0x00000007bf6bc8b0,0x00000007c0000000)
  to   space 19968K, 0% used [0x00000007bd900000,0x00000007bd900000,0x00000007bec80000)
 ParOldGen       total 349696K, used 213840K [0x00000007a0000000, 0x00000007b5580000, 0x00000007b5580000)
  object space 349696K, 61% used [0x00000007a0000000,0x00000007ad0d40b0,0x00000007b5580000)
 Metaspace       used 5452K, capacity 5616K, committed 5760K, reserved 1056768K
  class space    used 580K, capacity 630K, committed 640K, reserved 1048576K
}
{Heap before GC invocations=774 (full 81):
 PSYoungGen      total 154112K, used 142622K [0x00000007b5580000, 0x00000007c0000000, 0x00000007c0000000)
  eden space 134656K, 98% used [0x00000007b5580000,0x00000007bd70b128,0x00000007bd900000)
  from space 19456K, 51% used [0x00000007bed00000,0x00000007bf6bc8b0,0x00000007c0000000)
  to   space 19968K, 0% used [0x00000007bd900000,0x00000007bd900000,0x00000007bec80000)
 ParOldGen       total 349696K, used 213840K [0x00000007a0000000, 0x00000007b5580000, 0x00000007b5580000)
  object space 349696K, 61% used [0x00000007a0000000,0x00000007ad0d40b0,0x00000007b5580000)
 Metaspace       used 5452K, capacity 5616K, committed 5760K, reserved 1056768K
  class space    used 580K, capacity 630K, committed 640K, reserved 1048576K
2018-07-25T18:08:56.658-0800: 58.938: [GC (Allocation Failure) [PSYoungGen: 142622K->172K(154624K)] 356462K->214013K(504320K), 0.0015380 secs] [Times: user=0.01 sys=0.00, real=0.00 secs] 
Heap after GC invocations=774 (full 81):
 PSYoungGen      total 154624K, used 172K [0x00000007b5580000, 0x00000007c0000000, 0x00000007c0000000)
  eden space 134656K, 0% used [0x00000007b5580000,0x00000007b5580000,0x00000007bd900000)
  from space 19968K, 0% used [0x00000007bd900000,0x00000007bd92b370,0x00000007bec80000)
  to   space 19456K, 0% used [0x00000007bed00000,0x00000007bed00000,0x00000007c0000000)
 ParOldGen       total 349696K, used 213840K [0x00000007a0000000, 0x00000007b5580000, 0x00000007b5580000)
  object space 349696K, 61% used [0x00000007a0000000,0x00000007ad0d40b0,0x00000007b5580000)
 Metaspace       used 5452K, capacity 5616K, committed 5760K, reserved 1056768K
  class space    used 580K, capacity 630K, committed 640K, reserved 1048576K
}
{Heap before GC invocations=775 (full 81):
 PSYoungGen      total 154624K, used 129643K [0x00000007b5580000, 0x00000007c0000000, 0x00000007c0000000)
  eden space 134656K, 96% used [0x00000007b5580000,0x00000007bd3ef918,0x00000007bd900000)
  from space 19968K, 0% used [0x00000007bd900000,0x00000007bd92b370,0x00000007bec80000)
  to   space 19456K, 0% used [0x00000007bed00000,0x00000007bed00000,0x00000007c0000000)
 ParOldGen       total 349696K, used 213840K [0x00000007a0000000, 0x00000007b5580000, 0x00000007b5580000)
  object space 349696K, 61% used [0x00000007a0000000,0x00000007ad0d40b0,0x00000007b5580000)
 Metaspace       used 5452K, capacity 5616K, committed 5760K, reserved 1056768K
  class space    used 580K, capacity 630K, committed 640K, reserved 1048576K
2018-07-25T18:08:56.693-0800: 58.973: [GC (Allocation Failure) [PSYoungGen: 129643K->9797K(155136K)] 343483K->275846K(504832K), 0.0084490 secs] [Times: user=0.06 sys=0.00, real=0.01 secs] 
Heap after GC invocations=775 (full 81):
 PSYoungGen      total 155136K, used 9797K [0x00000007b5580000, 0x00000007c0000000, 0x00000007c0000000)
  eden space 135680K, 0% used [0x00000007b5580000,0x00000007b5580000,0x00000007bda00000)
  from space 19456K, 50% used [0x00000007bed00000,0x00000007bf691698,0x00000007c0000000)
  to   space 19456K, 0% used [0x00000007bda00000,0x00000007bda00000,0x00000007bed00000)
 ParOldGen       total 349696K, used 266048K [0x00000007a0000000, 0x00000007b5580000, 0x00000007b5580000)
  object space 349696K, 76% used [0x00000007a0000000,0x00000007b03d01b8,0x00000007b5580000)
 Metaspace       used 5452K, capacity 5616K, committed 5760K, reserved 1056768K
  class space    used 580K, capacity 630K, committed 640K, reserved 1048576K
}
{Heap before GC invocations=776 (full 81):
 PSYoungGen      total 155136K, used 139334K [0x00000007b5580000, 0x00000007c0000000, 0x00000007c0000000)
  eden space 135680K, 95% used [0x00000007b5580000,0x00000007bd400308,0x00000007bda00000)
  from space 19456K, 50% used [0x00000007bed00000,0x00000007bf691698,0x00000007c0000000)
  to   space 19456K, 0% used [0x00000007bda00000,0x00000007bda00000,0x00000007bed00000)
 ParOldGen       total 349696K, used 266048K [0x00000007a0000000, 0x00000007b5580000, 0x00000007b5580000)
  object space 349696K, 76% used [0x00000007a0000000,0x00000007b03d01b8,0x00000007b5580000)
 Metaspace       used 5452K, capacity 5616K, committed 5760K, reserved 1056768K
  class space    used 580K, capacity 630K, committed 640K, reserved 1048576K
2018-07-25T18:08:56.812-0800: 59.093: [GC (Allocation Failure) [PSYoungGen: 139334K->9938K(145920K)] 405382K->302028K(495616K), 0.0045007 secs] [Times: user=0.03 sys=0.00, real=0.00 secs] 
Heap after GC invocations=776 (full 81):
 PSYoungGen      total 145920K, used 9938K [0x00000007b5580000, 0x00000007c0000000, 0x00000007c0000000)
  eden space 135680K, 0% used [0x00000007b5580000,0x00000007b5580000,0x00000007bda00000)
  from space 10240K, 97% used [0x00000007bda00000,0x00000007be3b4b60,0x00000007be400000)
  to   space 19968K, 0% used [0x00000007bec80000,0x00000007bec80000,0x00000007c0000000)
 ParOldGen       total 349696K, used 292090K [0x00000007a0000000, 0x00000007b5580000, 0x00000007b5580000)
  object space 349696K, 83% used [0x00000007a0000000,0x00000007b1d3e880,0x00000007b5580000)
 Metaspace       used 5452K, capacity 5616K, committed 5760K, reserved 1056768K
  class space    used 580K, capacity 630K, committed 640K, reserved 1048576K
}
{Heap before GC invocations=777 (full 82):
 PSYoungGen      total 145920K, used 9938K [0x00000007b5580000, 0x00000007c0000000, 0x00000007c0000000)
  eden space 135680K, 0% used [0x00000007b5580000,0x00000007b5580000,0x00000007bda00000)
  from space 10240K, 97% used [0x00000007bda00000,0x00000007be3b4b60,0x00000007be400000)
  to   space 19968K, 0% used [0x00000007bec80000,0x00000007bec80000,0x00000007c0000000)
 ParOldGen       total 349696K, used 292090K [0x00000007a0000000, 0x00000007b5580000, 0x00000007b5580000)
  object space 349696K, 83% used [0x00000007a0000000,0x00000007b1d3e880,0x00000007b5580000)
 Metaspace       used 5452K, capacity 5616K, committed 5760K, reserved 1056768K
  class space    used 580K, capacity 630K, committed 640K, reserved 1048576K
2018-07-25T18:08:56.817-0800: 59.097: [Full GC (Ergonomics) [PSYoungGen: 9938K->0K(145920K)] [ParOldGen: 292090K->47693K(349696K)] 302028K->47693K(495616K), [Metaspace: 5452K->5452K(1056768K)], 0.0076608 secs] [Times: user=0.04 sys=0.00, real=0.01 secs] 
Heap after GC invocations=777 (full 82):
 PSYoungGen      total 145920K, used 0K [0x00000007b5580000, 0x00000007c0000000, 0x00000007c0000000)
  eden space 135680K, 0% used [0x00000007b5580000,0x00000007b5580000,0x00000007bda00000)
  from space 10240K, 0% used [0x00000007bda00000,0x00000007bda00000,0x00000007be400000)
  to   space 19968K, 0% used [0x00000007bec80000,0x00000007bec80000,0x00000007c0000000)
 ParOldGen       total 349696K, used 47693K [0x00000007a0000000, 0x00000007b5580000, 0x00000007b5580000)
  object space 349696K, 13% used [0x00000007a0000000,0x00000007a2e935a8,0x00000007b5580000)
 Metaspace       used 5452K, capacity 5616K, committed 5760K, reserved 1056768K
  class space    used 580K, capacity 630K, committed 640K, reserved 1048576K
}
{Heap before GC invocations=778 (full 82):
 PSYoungGen      total 145920K, used 106490K [0x00000007b5580000, 0x00000007c0000000, 0x00000007c0000000)
  eden space 135680K, 78% used [0x00000007b5580000,0x00000007bbd7e9a0,0x00000007bda00000)
  from space 10240K, 0% used [0x00000007bda00000,0x00000007bda00000,0x00000007be400000)
  to   space 19968K, 0% used [0x00000007bec80000,0x00000007bec80000,0x00000007c0000000)
 ParOldGen       total 349696K, used 47693K [0x00000007a0000000, 0x00000007b5580000, 0x00000007b5580000)
  object space 349696K, 13% used [0x00000007a0000000,0x00000007a2e935a8,0x00000007b5580000)
 Metaspace       used 5452K, capacity 5616K, committed 5760K, reserved 1056768K
  class space    used 580K, capacity 630K, committed 640K, reserved 1048576K
2018-07-25T18:08:56.839-0800: 59.120: [GC (Allocation Failure) [PSYoungGen: 106490K->0K(155136K)] 154183K->125818K(504832K), 0.0098124 secs] [Times: user=0.07 sys=0.00, real=0.01 secs] 
Heap after GC invocations=778 (full 82):
 PSYoungGen      total 155136K, used 0K [0x00000007b5580000, 0x00000007c0000000, 0x00000007c0000000)
  eden space 135168K, 0% used [0x00000007b5580000,0x00000007b5580000,0x00000007bd980000)
  from space 19968K, 0% used [0x00000007bec80000,0x00000007bec80000,0x00000007c0000000)
  to   space 19456K, 0% used [0x00000007bd980000,0x00000007bd980000,0x00000007bec80000)
 ParOldGen       total 349696K, used 125818K [0x00000007a0000000, 0x00000007b5580000, 0x00000007b5580000)
  object space 349696K, 35% used [0x00000007a0000000,0x00000007a7adea48,0x00000007b5580000)
 Metaspace       used 5452K, capacity 5616K, committed 5760K, reserved 1056768K
  class space    used 580K, capacity 630K, committed 640K, reserved 1048576K
}
{Heap before GC invocations=779 (full 82):
 PSYoungGen      total 155136K, used 128920K [0x00000007b5580000, 0x00000007c0000000, 0x00000007c0000000)
  eden space 135168K, 95% used [0x00000007b5580000,0x00000007bd366338,0x00000007bd980000)
  from space 19968K, 0% used [0x00000007bec80000,0x00000007bec80000,0x00000007c0000000)
  to   space 19456K, 0% used [0x00000007bd980000,0x00000007bd980000,0x00000007bec80000)
 ParOldGen       total 349696K, used 125818K [0x00000007a0000000, 0x00000007b5580000, 0x00000007b5580000)
  object space 349696K, 35% used [0x00000007a0000000,0x00000007a7adea48,0x00000007b5580000)
 Metaspace       used 5452K, capacity 5616K, committed 5760K, reserved 1056768K
  class space    used 580K, capacity 630K, committed 640K, reserved 1048576K
2018-07-25T18:08:56.969-0800: 59.249: [GC (Allocation Failure) [PSYoungGen: 128920K->9971K(154624K)] 254739K->187873K(504320K), 0.0057068 secs] [Times: user=0.05 sys=0.00, real=0.01 secs] 
Heap after GC invocations=779 (full 82):
 PSYoungGen      total 154624K, used 9971K [0x00000007b5580000, 0x00000007c0000000, 0x00000007c0000000)
  eden space 135168K, 0% used [0x00000007b5580000,0x00000007b5580000,0x00000007bd980000)
  from space 19456K, 51% used [0x00000007bd980000,0x00000007be33ccb8,0x00000007bec80000)
  to   space 19968K, 0% used [0x00000007bec80000,0x00000007bec80000,0x00000007c0000000)
 ParOldGen       total 349696K, used 177901K [0x00000007a0000000, 0x00000007b5580000, 0x00000007b5580000)
  object space 349696K, 50% used [0x00000007a0000000,0x00000007aadbb7f8,0x00000007b5580000)
 Metaspace       used 5452K, capacity 5616K, committed 5760K, reserved 1056768K
  class space    used 580K, capacity 630K, committed 640K, reserved 1048576K
}
{Heap before GC invocations=780 (full 82):
 PSYoungGen      total 154624K, used 142404K [0x00000007b5580000, 0x00000007c0000000, 0x00000007c0000000)
  eden space 135168K, 97% used [0x00000007b5580000,0x00000007bd6d4690,0x00000007bd980000)
  from space 19456K, 51% used [0x00000007bd980000,0x00000007be33ccb8,0x00000007bec80000)
  to   space 19968K, 0% used [0x00000007bec80000,0x00000007bec80000,0x00000007c0000000)
 ParOldGen       total 349696K, used 177901K [0x00000007a0000000, 0x00000007b5580000, 0x00000007b5580000)
  object space 349696K, 50% used [0x00000007a0000000,0x00000007aadbb7f8,0x00000007b5580000)
 Metaspace       used 5452K, capacity 5616K, committed 5760K, reserved 1056768K
  class space    used 580K, capacity 630K, committed 640K, reserved 1048576K
2018-07-25T18:08:57.067-0800: 59.347: [GC (Allocation Failure) [PSYoungGen: 142404K->173K(155136K)] 320306K->178075K(504832K), 0.0009800 secs] [Times: user=0.00 sys=0.00, real=0.00 secs] 
Heap after GC invocations=780 (full 82):
 PSYoungGen      total 155136K, used 173K [0x00000007b5580000, 0x00000007c0000000, 0x00000007c0000000)
  eden space 135168K, 0% used [0x00000007b5580000,0x00000007b5580000,0x00000007bd980000)
  from space 19968K, 0% used [0x00000007bec80000,0x00000007becab778,0x00000007c0000000)
  to   space 19456K, 0% used [0x00000007bd980000,0x00000007bd980000,0x00000007bec80000)
 ParOldGen       total 349696K, used 177901K [0x00000007a0000000, 0x00000007b5580000, 0x00000007b5580000)
  object space 349696K, 50% used [0x00000007a0000000,0x00000007aadbb7f8,0x00000007b5580000)
 Metaspace       used 5452K, capacity 5616K, committed 5760K, reserved 1056768K
  class space    used 580K, capacity 630K, committed 640K, reserved 1048576K
}
{Heap before GC invocations=781 (full 82):
 PSYoungGen      total 155136K, used 129507K [0x00000007b5580000, 0x00000007c0000000, 0x00000007c0000000)
  eden space 135168K, 95% used [0x00000007b5580000,0x00000007bd3cd508,0x00000007bd980000)
  from space 19968K, 0% used [0x00000007bec80000,0x00000007becab778,0x00000007c0000000)
  to   space 19456K, 0% used [0x00000007bd980000,0x00000007bd980000,0x00000007bec80000)
 ParOldGen       total 349696K, used 177901K [0x00000007a0000000, 0x00000007b5580000, 0x00000007b5580000)
  object space 349696K, 50% used [0x00000007a0000000,0x00000007aadbb7f8,0x00000007b5580000)
 Metaspace       used 5452K, capacity 5616K, committed 5760K, reserved 1056768K
  class space    used 580K, capacity 630K, committed 640K, reserved 1048576K
2018-07-25T18:08:57.100-0800: 59.380: [GC (Allocation Failure) [PSYoungGen: 129507K->9797K(154624K)] 307409K->239908K(504320K), 0.0093775 secs] [Times: user=0.07 sys=0.00, real=0.00 secs] 
Heap after GC invocations=781 (full 82):
 PSYoungGen      total 154624K, used 9797K [0x00000007b5580000, 0x00000007c0000000, 0x00000007c0000000)
  eden space 135168K, 0% used [0x00000007b5580000,0x00000007b5580000,0x00000007bd980000)
  from space 19456K, 50% used [0x00000007bd980000,0x00000007be311698,0x00000007bec80000)
  to   space 19456K, 0% used [0x00000007bed00000,0x00000007bed00000,0x00000007c0000000)
 ParOldGen       total 349696K, used 230111K [0x00000007a0000000, 0x00000007b5580000, 0x00000007b5580000)
  object space 349696K, 65% used [0x00000007a0000000,0x00000007ae0b7d08,0x00000007b5580000)
 Metaspace       used 5452K, capacity 5616K, committed 5760K, reserved 1056768K
  class space    used 580K, capacity 630K, committed 640K, reserved 1048576K
}
{Heap before GC invocations=782 (full 82):
 PSYoungGen      total 154624K, used 139230K [0x00000007b5580000, 0x00000007c0000000, 0x00000007c0000000)
  eden space 135168K, 95% used [0x00000007b5580000,0x00000007bd3e62f8,0x00000007bd980000)
  from space 19456K, 50% used [0x00000007bd980000,0x00000007be311698,0x00000007bec80000)
  to   space 19456K, 0% used [0x00000007bed00000,0x00000007bed00000,0x00000007c0000000)
 ParOldGen       total 349696K, used 230111K [0x00000007a0000000, 0x00000007b5580000, 0x00000007b5580000)
  object space 349696K, 65% used [0x00000007a0000000,0x00000007ae0b7d08,0x00000007b5580000)
 Metaspace       used 5452K, capacity 5616K, committed 5760K, reserved 1056768K
  class space    used 580K, capacity 630K, committed 640K, reserved 1048576K
2018-07-25T18:08:57.219-0800: 59.499: [GC (Allocation Failure) [PSYoungGen: 139230K->9971K(154112K)] 369341K->266124K(503808K), 0.0044267 secs] [Times: user=0.04 sys=0.00, real=0.01 secs] 
Heap after GC invocations=782 (full 82):
 PSYoungGen      total 154112K, used 9971K [0x00000007b5580000, 0x00000007c0000000, 0x00000007c0000000)
  eden space 134656K, 0% used [0x00000007b5580000,0x00000007b5580000,0x00000007bd900000)
  from space 19456K, 51% used [0x00000007bed00000,0x00000007bf6bcf68,0x00000007c0000000)
  to   space 19968K, 0% used [0x00000007bd900000,0x00000007bd900000,0x00000007bec80000)
 ParOldGen       total 349696K, used 256152K [0x00000007a0000000, 0x00000007b5580000, 0x00000007b5580000)
  object space 349696K, 73% used [0x00000007a0000000,0x00000007afa263d0,0x00000007b5580000)
 Metaspace       used 5452K, capacity 5616K, committed 5760K, reserved 1056768K
  class space    used 580K, capacity 630K, committed 640K, reserved 1048576K
}
{Heap before GC invocations=783 (full 82):
 PSYoungGen      total 154112K, used 116384K [0x00000007b5580000, 0x00000007c0000000, 0x00000007c0000000)
  eden space 134656K, 79% used [0x00000007b5580000,0x00000007bbd6b160,0x00000007bd900000)
  from space 19456K, 51% used [0x00000007bed00000,0x00000007bf6bcf68,0x00000007c0000000)
  to   space 19968K, 0% used [0x00000007bd900000,0x00000007bd900000,0x00000007bec80000)
 ParOldGen       total 349696K, used 256152K [0x00000007a0000000, 0x00000007b5580000, 0x00000007b5580000)
  object space 349696K, 73% used [0x00000007a0000000,0x00000007afa263d0,0x00000007b5580000)
 Metaspace       used 5452K, capacity 5616K, committed 5760K, reserved 1056768K
  class space    used 580K, capacity 630K, committed 640K, reserved 1048576K
2018-07-25T18:08:57.240-0800: 59.521: [GC (Allocation Failure) [PSYoungGen: 116384K->0K(154624K)] 372537K->292086K(504320K), 0.0048153 secs] [Times: user=0.04 sys=0.00, real=0.00 secs] 
Heap after GC invocations=783 (full 82):
 PSYoungGen      total 154624K, used 0K [0x00000007b5580000, 0x00000007c0000000, 0x00000007c0000000)
  eden space 134656K, 0% used [0x00000007b5580000,0x00000007b5580000,0x00000007bd900000)
  from space 19968K, 0% used [0x00000007bd900000,0x00000007bd900000,0x00000007bec80000)
  to   space 19456K, 0% used [0x00000007bed00000,0x00000007bed00000,0x00000007c0000000)
 ParOldGen       total 349696K, used 292086K [0x00000007a0000000, 0x00000007b5580000, 0x00000007b5580000)
  object space 349696K, 83% used [0x00000007a0000000,0x00000007b1d3da40,0x00000007b5580000)
 Metaspace       used 5452K, capacity 5616K, committed 5760K, reserved 1056768K
  class space    used 580K, capacity 630K, committed 640K, reserved 1048576K
}
{Heap before GC invocations=784 (full 83):
 PSYoungGen      total 154624K, used 0K [0x00000007b5580000, 0x00000007c0000000, 0x00000007c0000000)
  eden space 134656K, 0% used [0x00000007b5580000,0x00000007b5580000,0x00000007bd900000)
  from space 19968K, 0% used [0x00000007bd900000,0x00000007bd900000,0x00000007bec80000)
  to   space 19456K, 0% used [0x00000007bed00000,0x00000007bed00000,0x00000007c0000000)
 ParOldGen       total 349696K, used 292086K [0x00000007a0000000, 0x00000007b5580000, 0x00000007b5580000)
  object space 349696K, 83% used [0x00000007a0000000,0x00000007b1d3da40,0x00000007b5580000)
 Metaspace       used 5452K, capacity 5616K, committed 5760K, reserved 1056768K
  class space    used 580K, capacity 630K, committed 640K, reserved 1048576K
2018-07-25T18:08:57.245-0800: 59.526: [Full GC (Ergonomics) [PSYoungGen: 0K->0K(154624K)] [ParOldGen: 292086K->47694K(349696K)] 292086K->47694K(504320K), [Metaspace: 5452K->5452K(1056768K)], 0.0074252 secs] [Times: user=0.03 sys=0.00, real=0.01 secs] 
Heap after GC invocations=784 (full 83):
 PSYoungGen      total 154624K, used 0K [0x00000007b5580000, 0x00000007c0000000, 0x00000007c0000000)
  eden space 134656K, 0% used [0x00000007b5580000,0x00000007b5580000,0x00000007bd900000)
  from space 19968K, 0% used [0x00000007bd900000,0x00000007bd900000,0x00000007bec80000)
  to   space 19456K, 0% used [0x00000007bed00000,0x00000007bed00000,0x00000007c0000000)
 ParOldGen       total 349696K, used 47694K [0x00000007a0000000, 0x00000007b5580000, 0x00000007b5580000)
  object space 349696K, 13% used [0x00000007a0000000,0x00000007a2e93990,0x00000007b5580000)
 Metaspace       used 5452K, capacity 5616K, committed 5760K, reserved 1056768K
  class space    used 580K, capacity 630K, committed 640K, reserved 1048576K
}
{Heap before GC invocations=785 (full 83):
 PSYoungGen      total 154624K, used 129224K [0x00000007b5580000, 0x00000007c0000000, 0x00000007c0000000)
  eden space 134656K, 95% used [0x00000007b5580000,0x00000007bd3b2298,0x00000007bd900000)
  from space 19968K, 0% used [0x00000007bd900000,0x00000007bd900000,0x00000007bec80000)
  to   space 19456K, 0% used [0x00000007bed00000,0x00000007bed00000,0x00000007c0000000)
 ParOldGen       total 349696K, used 47694K [0x00000007a0000000, 0x00000007b5580000, 0x00000007b5580000)
  object space 349696K, 13% used [0x00000007a0000000,0x00000007a2e93990,0x00000007b5580000)
 Metaspace       used 5452K, capacity 5616K, committed 5760K, reserved 1056768K
  class space    used 580K, capacity 630K, committed 640K, reserved 1048576K
2018-07-25T18:08:57.368-0800: 59.648: [GC (Allocation Failure) [PSYoungGen: 129224K->9972K(154112K)] 176919K->109750K(503808K), 0.0064745 secs] [Times: user=0.04 sys=0.00, real=0.01 secs] 
Heap after GC invocations=785 (full 83):
 PSYoungGen      total 154112K, used 9972K [0x00000007b5580000, 0x00000007c0000000, 0x00000007c0000000)
  eden space 134656K, 0% used [0x00000007b5580000,0x00000007b5580000,0x00000007bd900000)
  from space 19456K, 51% used [0x00000007bed00000,0x00000007bf6bd0c0,0x00000007c0000000)
  to   space 19968K, 0% used [0x00000007bd900000,0x00000007bd900000,0x00000007bec80000)
 ParOldGen       total 349696K, used 99777K [0x00000007a0000000, 0x00000007b5580000, 0x00000007b5580000)
  object space 349696K, 28% used [0x00000007a0000000,0x00000007a6170740,0x00000007b5580000)
 Metaspace       used 5452K, capacity 5616K, committed 5760K, reserved 1056768K
  class space    used 580K, capacity 630K, committed 640K, reserved 1048576K
}
{Heap before GC invocations=786 (full 83):
 PSYoungGen      total 154112K, used 142583K [0x00000007b5580000, 0x00000007c0000000, 0x00000007c0000000)
  eden space 134656K, 98% used [0x00000007b5580000,0x00000007bd700bf8,0x00000007bd900000)
  from space 19456K, 51% used [0x00000007bed00000,0x00000007bf6bd0c0,0x00000007c0000000)
  to   space 19968K, 0% used [0x00000007bd900000,0x00000007bd900000,0x00000007bec80000)
 ParOldGen       total 349696K, used 99777K [0x00000007a0000000, 0x00000007b5580000, 0x00000007b5580000)
  object space 349696K, 28% used [0x00000007a0000000,0x00000007a6170740,0x00000007b5580000)
 Metaspace       used 5452K, capacity 5616K, committed 5760K, reserved 1056768K
  class space    used 580K, capacity 630K, committed 640K, reserved 1048576K
2018-07-25T18:08:57.475-0800: 59.756: [GC (Allocation Failure) [PSYoungGen: 142583K->206K(154624K)] 242360K->99984K(504320K), 0.0009653 secs] [Times: user=0.00 sys=0.00, real=0.00 secs] 
Heap after GC invocations=786 (full 83):
 PSYoungGen      total 154624K, used 206K [0x00000007b5580000, 0x00000007c0000000, 0x00000007c0000000)
  eden space 134656K, 0% used [0x00000007b5580000,0x00000007b5580000,0x00000007bd900000)
  from space 19968K, 1% used [0x00000007bd900000,0x00000007bd933b80,0x00000007bec80000)
  to   space 19456K, 0% used [0x00000007bed00000,0x00000007bed00000,0x00000007c0000000)
 ParOldGen       total 349696K, used 99777K [0x00000007a0000000, 0x00000007b5580000, 0x00000007b5580000)
  object space 349696K, 28% used [0x00000007a0000000,0x00000007a6170740,0x00000007b5580000)
 Metaspace       used 5452K, capacity 5616K, committed 5760K, reserved 1056768K
  class space    used 580K, capacity 630K, committed 640K, reserved 1048576K
}
{Heap before GC invocations=787 (full 83):
 PSYoungGen      total 154624K, used 129650K [0x00000007b5580000, 0x00000007c0000000, 0x00000007c0000000)
  eden space 134656K, 96% used [0x00000007b5580000,0x00000007bd3e8f20,0x00000007bd900000)
  from space 19968K, 1% used [0x00000007bd900000,0x00000007bd933b80,0x00000007bec80000)
  to   space 19456K, 0% used [0x00000007bed00000,0x00000007bed00000,0x00000007c0000000)
 ParOldGen       total 349696K, used 99777K [0x00000007a0000000, 0x00000007b5580000, 0x00000007b5580000)
  object space 349696K, 28% used [0x00000007a0000000,0x00000007a6170740,0x00000007b5580000)
 Metaspace       used 5452K, capacity 5616K, committed 5760K, reserved 1056768K
  class space    used 580K, capacity 630K, committed 640K, reserved 1048576K
2018-07-25T18:08:57.507-0800: 59.788: [GC (Allocation Failure) [PSYoungGen: 129650K->9797K(155136K)] 229428K->161801K(504832K), 0.0080860 secs] [Times: user=0.06 sys=0.00, real=0.01 secs] 
Heap after GC invocations=787 (full 83):
 PSYoungGen      total 155136K, used 9797K [0x00000007b5580000, 0x00000007c0000000, 0x00000007c0000000)
  eden space 135680K, 0% used [0x00000007b5580000,0x00000007b5580000,0x00000007bda00000)
  from space 19456K, 50% used [0x00000007bed00000,0x00000007bf691698,0x00000007c0000000)
  to   space 19456K, 0% used [0x00000007bda00000,0x00000007bda00000,0x00000007bed00000)
 ParOldGen       total 349696K, used 152004K [0x00000007a0000000, 0x00000007b5580000, 0x00000007b5580000)
  object space 349696K, 43% used [0x00000007a0000000,0x00000007a9471058,0x00000007b5580000)
 Metaspace       used 5452K, capacity 5616K, committed 5760K, reserved 1056768K
  class space    used 580K, capacity 630K, committed 640K, reserved 1048576K
}
{Heap before GC invocations=788 (full 83):
 PSYoungGen      total 155136K, used 139317K [0x00000007b5580000, 0x00000007c0000000, 0x00000007c0000000)
  eden space 135680K, 95% used [0x00000007b5580000,0x00000007bd3fbea0,0x00000007bda00000)
  from space 19456K, 50% used [0x00000007bed00000,0x00000007bf691698,0x00000007c0000000)
  to   space 19456K, 0% used [0x00000007bda00000,0x00000007bda00000,0x00000007bed00000)
 ParOldGen       total 349696K, used 152004K [0x00000007a0000000, 0x00000007b5580000, 0x00000007b5580000)
  object space 349696K, 43% used [0x00000007a0000000,0x00000007a9471058,0x00000007b5580000)
 Metaspace       used 5452K, capacity 5616K, committed 5760K, reserved 1056768K
  class space    used 580K, capacity 630K, committed 640K, reserved 1048576K
2018-07-25T18:08:57.625-0800: 59.906: [GC (Allocation Failure) [PSYoungGen: 139317K->9972K(145920K)] 291321K->188018K(495616K), 0.0045193 secs] [Times: user=0.03 sys=0.00, real=0.01 secs] 
Heap after GC invocations=788 (full 83):
 PSYoungGen      total 145920K, used 9972K [0x00000007b5580000, 0x00000007c0000000, 0x00000007c0000000)
  eden space 135680K, 0% used [0x00000007b5580000,0x00000007b5580000,0x00000007bda00000)
  from space 10240K, 97% used [0x00000007bda00000,0x00000007be3bd370,0x00000007be400000)
  to   space 19968K, 0% used [0x00000007bec80000,0x00000007bec80000,0x00000007c0000000)
 ParOldGen       total 349696K, used 178045K [0x00000007a0000000, 0x00000007b5580000, 0x00000007b5580000)
  object space 349696K, 50% used [0x00000007a0000000,0x00000007aaddf720,0x00000007b5580000)
 Metaspace       used 5452K, capacity 5616K, committed 5760K, reserved 1056768K
  class space    used 580K, capacity 630K, committed 640K, reserved 1048576K
}
{Heap before GC invocations=789 (full 83):
 PSYoungGen      total 145920K, used 116452K [0x00000007b5580000, 0x00000007c0000000, 0x00000007c0000000)
  eden space 135680K, 78% used [0x00000007b5580000,0x00000007bbd7bd80,0x00000007bda00000)
  from space 10240K, 97% used [0x00000007bda00000,0x00000007be3bd370,0x00000007be400000)
  to   space 19968K, 0% used [0x00000007bec80000,0x00000007bec80000,0x00000007c0000000)
 ParOldGen       total 349696K, used 178045K [0x00000007a0000000, 0x00000007b5580000, 0x00000007b5580000)
  object space 349696K, 50% used [0x00000007a0000000,0x00000007aaddf720,0x00000007b5580000)
 Metaspace       used 5452K, capacity 5616K, committed 5760K, reserved 1056768K
  class space    used 580K, capacity 630K, committed 640K, reserved 1048576K
2018-07-25T18:08:57.641-0800: 59.922: [GC (Allocation Failure) [PSYoungGen: 116452K->0K(155136K)] 294498K->213980K(504832K), 0.0048716 secs] [Times: user=0.04 sys=0.00, real=0.00 secs] 
Heap after GC invocations=789 (full 83):
 PSYoungGen      total 155136K, used 0K [0x00000007b5580000, 0x00000007c0000000, 0x00000007c0000000)
  eden space 135168K, 0% used [0x00000007b5580000,0x00000007b5580000,0x00000007bd980000)
  from space 19968K, 0% used [0x00000007bec80000,0x00000007bec80000,0x00000007c0000000)
  to   space 19456K, 0% used [0x00000007bd980000,0x00000007bd980000,0x00000007bec80000)
 ParOldGen       total 349696K, used 213980K [0x00000007a0000000, 0x00000007b5580000, 0x00000007b5580000)
  object space 349696K, 61% used [0x00000007a0000000,0x00000007ad0f7198,0x00000007b5580000)
 Metaspace       used 5452K, capacity 5616K, committed 5760K, reserved 1056768K
  class space    used 580K, capacity 630K, committed 640K, reserved 1048576K
}
{Heap before GC invocations=790 (full 83):
 PSYoungGen      total 155136K, used 129265K [0x00000007b5580000, 0x00000007c0000000, 0x00000007c0000000)
  eden space 135168K, 95% used [0x00000007b5580000,0x00000007bd3bc4a0,0x00000007bd980000)
  from space 19968K, 0% used [0x00000007bec80000,0x00000007bec80000,0x00000007c0000000)
  to   space 19456K, 0% used [0x00000007bd980000,0x00000007bd980000,0x00000007bec80000)
 ParOldGen       total 349696K, used 213980K [0x00000007a0000000, 0x00000007b5580000, 0x00000007b5580000)
  object space 349696K, 61% used [0x00000007a0000000,0x00000007ad0f7198,0x00000007b5580000)
 Metaspace       used 5452K, capacity 5616K, committed 5760K, reserved 1056768K
  class space    used 580K, capacity 630K, committed 640K, reserved 1048576K
2018-07-25T18:08:57.753-0800: 60.033: [GC (Allocation Failure) [PSYoungGen: 129265K->9941K(154624K)] 343245K->276005K(504320K), 0.0056022 secs] [Times: user=0.05 sys=0.00, real=0.00 secs] 
Heap after GC invocations=790 (full 83):
 PSYoungGen      total 154624K, used 9941K [0x00000007b5580000, 0x00000007c0000000, 0x00000007c0000000)
  eden space 135168K, 0% used [0x00000007b5580000,0x00000007b5580000,0x00000007bd980000)
  from space 19456K, 51% used [0x00000007bd980000,0x00000007be3354c8,0x00000007bec80000)
  to   space 19968K, 0% used [0x00000007bec80000,0x00000007bec80000,0x00000007c0000000)
 ParOldGen       total 349696K, used 266063K [0x00000007a0000000, 0x00000007b5580000, 0x00000007b5580000)
  object space 349696K, 76% used [0x00000007a0000000,0x00000007b03d3f48,0x00000007b5580000)
 Metaspace       used 5452K, capacity 5616K, committed 5760K, reserved 1056768K
  class space    used 580K, capacity 630K, committed 640K, reserved 1048576K
}
{Heap before GC invocations=791 (full 83):
 PSYoungGen      total 154624K, used 142598K [0x00000007b5580000, 0x00000007c0000000, 0x00000007c0000000)
  eden space 135168K, 98% used [0x00000007b5580000,0x00000007bd70c5e0,0x00000007bd980000)
  from space 19456K, 51% used [0x00000007bd980000,0x00000007be3354c8,0x00000007bec80000)
  to   space 19968K, 0% used [0x00000007bec80000,0x00000007bec80000,0x00000007c0000000)
 ParOldGen       total 349696K, used 266063K [0x00000007a0000000, 0x00000007b5580000, 0x00000007b5580000)
  object space 349696K, 76% used [0x00000007a0000000,0x00000007b03d3f48,0x00000007b5580000)
 Metaspace       used 5452K, capacity 5616K, committed 5760K, reserved 1056768K
  class space    used 580K, capacity 630K, committed 640K, reserved 1048576K
2018-07-25T18:08:57.849-0800: 60.129: [GC (Allocation Failure) [PSYoungGen: 142598K->175K(155136K)] 408662K->266239K(504832K), 0.0014919 secs] [Times: user=0.00 sys=0.00, real=0.01 secs] 
Heap after GC invocations=791 (full 83):
 PSYoungGen      total 155136K, used 175K [0x00000007b5580000, 0x00000007c0000000, 0x00000007c0000000)
  eden space 135168K, 0% used [0x00000007b5580000,0x00000007b5580000,0x00000007bd980000)
  from space 19968K, 0% used [0x00000007bec80000,0x00000007becabf88,0x00000007c0000000)
  to   space 19456K, 0% used [0x00000007bd980000,0x00000007bd980000,0x00000007bec80000)
 ParOldGen       total 349696K, used 266063K [0x00000007a0000000, 0x00000007b5580000, 0x00000007b5580000)
  object space 349696K, 76% used [0x00000007a0000000,0x00000007b03d3f48,0x00000007b5580000)
 Metaspace       used 5452K, capacity 5616K, committed 5760K, reserved 1056768K
  class space    used 580K, capacity 630K, committed 640K, reserved 1048576K
}
{Heap before GC invocations=792 (full 83):
 PSYoungGen      total 155136K, used 129653K [0x00000007b5580000, 0x00000007c0000000, 0x00000007c0000000)
  eden space 135168K, 95% used [0x00000007b5580000,0x00000007bd3f14e8,0x00000007bd980000)
  from space 19968K, 0% used [0x00000007bec80000,0x00000007becabf88,0x00000007c0000000)
  to   space 19456K, 0% used [0x00000007bd980000,0x00000007bd980000,0x00000007bec80000)
 ParOldGen       total 349696K, used 266063K [0x00000007a0000000, 0x00000007b5580000, 0x00000007b5580000)
  object space 349696K, 76% used [0x00000007a0000000,0x00000007b03d3f48,0x00000007b5580000)
 Metaspace       used 5452K, capacity 5616K, committed 5760K, reserved 1056768K
  class space    used 580K, capacity 630K, committed 640K, reserved 1048576K
2018-07-25T18:08:57.881-0800: 60.162: [GC (Allocation Failure) [PSYoungGen: 129653K->9797K(154624K)] 395716K->328072K(504320K), 0.0111923 secs] [Times: user=0.07 sys=0.00, real=0.01 secs] 
Heap after GC invocations=792 (full 83):
 PSYoungGen      total 154624K, used 9797K [0x00000007b5580000, 0x00000007c0000000, 0x00000007c0000000)
  eden space 135168K, 0% used [0x00000007b5580000,0x00000007b5580000,0x00000007bd980000)
  from space 19456K, 50% used [0x00000007bd980000,0x00000007be311698,0x00000007bec80000)
  to   space 19456K, 0% used [0x00000007bed00000,0x00000007bed00000,0x00000007c0000000)
 ParOldGen       total 349696K, used 318275K [0x00000007a0000000, 0x00000007b5580000, 0x00000007b5580000)
  object space 349696K, 91% used [0x00000007a0000000,0x00000007b36d0c68,0x00000007b5580000)
 Metaspace       used 5452K, capacity 5616K, committed 5760K, reserved 1056768K
  class space    used 580K, capacity 630K, committed 640K, reserved 1048576K
}
{Heap before GC invocations=793 (full 84):
 PSYoungGen      total 154624K, used 9797K [0x00000007b5580000, 0x00000007c0000000, 0x00000007c0000000)
  eden space 135168K, 0% used [0x00000007b5580000,0x00000007b5580000,0x00000007bd980000)
  from space 19456K, 50% used [0x00000007bd980000,0x00000007be311698,0x00000007bec80000)
  to   space 19456K, 0% used [0x00000007bed00000,0x00000007bed00000,0x00000007c0000000)
 ParOldGen       total 349696K, used 318275K [0x00000007a0000000, 0x00000007b5580000, 0x00000007b5580000)
  object space 349696K, 91% used [0x00000007a0000000,0x00000007b36d0c68,0x00000007b5580000)
 Metaspace       used 5452K, capacity 5616K, committed 5760K, reserved 1056768K
  class space    used 580K, capacity 630K, committed 640K, reserved 1048576K
2018-07-25T18:08:57.893-0800: 60.173: [Full GC (Ergonomics) [PSYoungGen: 9797K->0K(154624K)] [ParOldGen: 318275K->73737K(349696K)] 328072K->73737K(504320K), [Metaspace: 5452K->5452K(1056768K)], 0.0127911 secs] [Times: user=0.06 sys=0.00, real=0.01 secs] 
Heap after GC invocations=793 (full 84):
 PSYoungGen      total 154624K, used 0K [0x00000007b5580000, 0x00000007c0000000, 0x00000007c0000000)
  eden space 135168K, 0% used [0x00000007b5580000,0x00000007b5580000,0x00000007bd980000)
  from space 19456K, 0% used [0x00000007bd980000,0x00000007bd980000,0x00000007bec80000)
  to   space 19456K, 0% used [0x00000007bed00000,0x00000007bed00000,0x00000007c0000000)
 ParOldGen       total 349696K, used 73737K [0x00000007a0000000, 0x00000007b5580000, 0x00000007b5580000)
  object space 349696K, 21% used [0x00000007a0000000,0x00000007a48026f0,0x00000007b5580000)
 Metaspace       used 5452K, capacity 5616K, committed 5760K, reserved 1056768K
  class space    used 580K, capacity 630K, committed 640K, reserved 1048576K
}
{Heap before GC invocations=794 (full 84):
 PSYoungGen      total 154624K, used 129525K [0x00000007b5580000, 0x00000007c0000000, 0x00000007c0000000)
  eden space 135168K, 95% used [0x00000007b5580000,0x00000007bd3fd560,0x00000007bd980000)
  from space 19456K, 0% used [0x00000007bd980000,0x00000007bd980000,0x00000007bec80000)
  to   space 19456K, 0% used [0x00000007bed00000,0x00000007bed00000,0x00000007c0000000)
 ParOldGen       total 349696K, used 73737K [0x00000007a0000000, 0x00000007b5580000, 0x00000007b5580000)
  object space 349696K, 21% used [0x00000007a0000000,0x00000007a48026f0,0x00000007b5580000)
 Metaspace       used 5452K, capacity 5616K, committed 5760K, reserved 1056768K
  class space    used 580K, capacity 630K, committed 640K, reserved 1048576K
2018-07-25T18:08:58.019-0800: 60.299: [GC (Allocation Failure) [PSYoungGen: 129525K->9973K(154112K)] 203263K->135795K(503808K), 0.0064637 secs] [Times: user=0.05 sys=0.00, real=0.01 secs] 
Heap after GC invocations=794 (full 84):
 PSYoungGen      total 154112K, used 9973K [0x00000007b5580000, 0x00000007c0000000, 0x00000007c0000000)
  eden space 134656K, 0% used [0x00000007b5580000,0x00000007b5580000,0x00000007bd900000)
  from space 19456K, 51% used [0x00000007bed00000,0x00000007bf6bd778,0x00000007c0000000)
  to   space 19968K, 0% used [0x00000007bd900000,0x00000007bd900000,0x00000007bec80000)
 ParOldGen       total 349696K, used 125821K [0x00000007a0000000, 0x00000007b5580000, 0x00000007b5580000)
  object space 349696K, 35% used [0x00000007a0000000,0x00000007a7adf4c0,0x00000007b5580000)
 Metaspace       used 5452K, capacity 5616K, committed 5760K, reserved 1056768K
  class space    used 580K, capacity 630K, committed 640K, reserved 1048576K
}
{Heap before GC invocations=795 (full 84):
 PSYoungGen      total 154112K, used 116445K [0x00000007b5580000, 0x00000007c0000000, 0x00000007c0000000)
  eden space 134656K, 79% used [0x00000007b5580000,0x00000007bbd79f68,0x00000007bd900000)
  from space 19456K, 51% used [0x00000007bed00000,0x00000007bf6bd778,0x00000007c0000000)
  to   space 19968K, 0% used [0x00000007bd900000,0x00000007bd900000,0x00000007bec80000)
 ParOldGen       total 349696K, used 125821K [0x00000007a0000000, 0x00000007b5580000, 0x00000007b5580000)
  object space 349696K, 35% used [0x00000007a0000000,0x00000007a7adf4c0,0x00000007b5580000)
 Metaspace       used 5452K, capacity 5616K, committed 5760K, reserved 1056768K
  class space    used 580K, capacity 630K, committed 640K, reserved 1048576K
2018-07-25T18:08:58.037-0800: 60.318: [GC (Allocation Failure) [PSYoungGen: 116445K->0K(154624K)] 242266K->161764K(504320K), 0.0049298 secs] [Times: user=0.03 sys=0.00, real=0.01 secs] 
Heap after GC invocations=795 (full 84):
 PSYoungGen      total 154624K, used 0K [0x00000007b5580000, 0x00000007c0000000, 0x00000007c0000000)
  eden space 134656K, 0% used [0x00000007b5580000,0x00000007b5580000,0x00000007bd900000)
  from space 19968K, 0% used [0x00000007bd900000,0x00000007bd900000,0x00000007bec80000)
  to   space 19456K, 0% used [0x00000007bed00000,0x00000007bed00000,0x00000007c0000000)
 ParOldGen       total 349696K, used 161764K [0x00000007a0000000, 0x00000007b5580000, 0x00000007b5580000)
  object space 349696K, 46% used [0x00000007a0000000,0x00000007a9df9340,0x00000007b5580000)
 Metaspace       used 5452K, capacity 5616K, committed 5760K, reserved 1056768K
  class space    used 580K, capacity 630K, committed 640K, reserved 1048576K
}
{Heap before GC invocations=796 (full 84):
 PSYoungGen      total 154624K, used 129262K [0x00000007b5580000, 0x00000007c0000000, 0x00000007c0000000)
  eden space 134656K, 95% used [0x00000007b5580000,0x00000007bd3bbbc8,0x00000007bd900000)
  from space 19968K, 0% used [0x00000007bd900000,0x00000007bd900000,0x00000007bec80000)
  to   space 19456K, 0% used [0x00000007bed00000,0x00000007bed00000,0x00000007c0000000)
 ParOldGen       total 349696K, used 161764K [0x00000007a0000000, 0x00000007b5580000, 0x00000007b5580000)
  object space 349696K, 46% used [0x00000007a0000000,0x00000007a9df9340,0x00000007b5580000)
 Metaspace       used 5452K, capacity 5616K, committed 5760K, reserved 1056768K
  class space    used 580K, capacity 630K, committed 640K, reserved 1048576K
2018-07-25T18:08:58.151-0800: 60.431: [GC (Allocation Failure) [PSYoungGen: 129262K->9974K(154112K)] 291027K->223822K(503808K), 0.0066929 secs] [Times: user=0.05 sys=0.00, real=0.00 secs] 
Heap after GC invocations=796 (full 84):
 PSYoungGen      total 154112K, used 9974K [0x00000007b5580000, 0x00000007c0000000, 0x00000007c0000000)
  eden space 134656K, 0% used [0x00000007b5580000,0x00000007b5580000,0x00000007bd900000)
  from space 19456K, 51% used [0x00000007bed00000,0x00000007bf6bd8d0,0x00000007c0000000)
  to   space 19968K, 0% used [0x00000007bd900000,0x00000007bd900000,0x00000007bec80000)
 ParOldGen       total 349696K, used 213848K [0x00000007a0000000, 0x00000007b5580000, 0x00000007b5580000)
  object space 349696K, 61% used [0x00000007a0000000,0x00000007ad0d60f0,0x00000007b5580000)
 Metaspace       used 5452K, capacity 5616K, committed 5760K, reserved 1056768K
  class space    used 580K, capacity 630K, committed 640K, reserved 1048576K
}
{Heap before GC invocations=797 (full 84):
 PSYoungGen      total 154112K, used 142626K [0x00000007b5580000, 0x00000007c0000000, 0x00000007c0000000)
  eden space 134656K, 98% used [0x00000007b5580000,0x00000007bd70b1d0,0x00000007bd900000)
  from space 19456K, 51% used [0x00000007bed00000,0x00000007bf6bd8d0,0x00000007c0000000)
  to   space 19968K, 0% used [0x00000007bd900000,0x00000007bd900000,0x00000007bec80000)
 ParOldGen       total 349696K, used 213848K [0x00000007a0000000, 0x00000007b5580000, 0x00000007b5580000)
  object space 349696K, 61% used [0x00000007a0000000,0x00000007ad0d60f0,0x00000007b5580000)
 Metaspace       used 5452K, capacity 5616K, committed 5760K, reserved 1056768K
  class space    used 580K, capacity 630K, committed 640K, reserved 1048576K
2018-07-25T18:08:58.249-0800: 60.529: [GC (Allocation Failure) [PSYoungGen: 142626K->176K(154624K)] 356474K->214025K(504320K), 0.0015467 secs] [Times: user=0.01 sys=0.00, real=0.01 secs] 
Heap after GC invocations=797 (full 84):
 PSYoungGen      total 154624K, used 176K [0x00000007b5580000, 0x00000007c0000000, 0x00000007c0000000)
  eden space 134656K, 0% used [0x00000007b5580000,0x00000007b5580000,0x00000007bd900000)
  from space 19968K, 0% used [0x00000007bd900000,0x00000007bd92c390,0x00000007bec80000)
  to   space 19456K, 0% used [0x00000007bed00000,0x00000007bed00000,0x00000007c0000000)
 ParOldGen       total 349696K, used 213848K [0x00000007a0000000, 0x00000007b5580000, 0x00000007b5580000)
  object space 349696K, 61% used [0x00000007a0000000,0x00000007ad0d60f0,0x00000007b5580000)
 Metaspace       used 5452K, capacity 5616K, committed 5760K, reserved 1056768K
  class space    used 580K, capacity 630K, committed 640K, reserved 1048576K
}
{Heap before GC invocations=798 (full 84):
 PSYoungGen      total 154624K, used 129647K [0x00000007b5580000, 0x00000007c0000000, 0x00000007c0000000)
  eden space 134656K, 96% used [0x00000007b5580000,0x00000007bd3efa00,0x00000007bd900000)
  from space 19968K, 0% used [0x00000007bd900000,0x00000007bd92c390,0x00000007bec80000)
  to   space 19456K, 0% used [0x00000007bed00000,0x00000007bed00000,0x00000007c0000000)
 ParOldGen       total 349696K, used 213848K [0x00000007a0000000, 0x00000007b5580000, 0x00000007b5580000)
  object space 349696K, 61% used [0x00000007a0000000,0x00000007ad0d60f0,0x00000007b5580000)
 Metaspace       used 5452K, capacity 5616K, committed 5760K, reserved 1056768K
  class space    used 580K, capacity 630K, committed 640K, reserved 1048576K
2018-07-25T18:08:58.278-0800: 60.559: [GC (Allocation Failure) [PSYoungGen: 129647K->9797K(155136K)] 343495K->275858K(504832K), 0.0077759 secs] [Times: user=0.06 sys=0.00, real=0.01 secs] 
Heap after GC invocations=798 (full 84):
 PSYoungGen      total 155136K, used 9797K [0x00000007b5580000, 0x00000007c0000000, 0x00000007c0000000)
  eden space 135680K, 0% used [0x00000007b5580000,0x00000007b5580000,0x00000007bda00000)
  from space 19456K, 50% used [0x00000007bed00000,0x00000007bf691698,0x00000007c0000000)
  to   space 19456K, 0% used [0x00000007bda00000,0x00000007bda00000,0x00000007bed00000)
 ParOldGen       total 349696K, used 266060K [0x00000007a0000000, 0x00000007b5580000, 0x00000007b5580000)
  object space 349696K, 76% used [0x00000007a0000000,0x00000007b03d3218,0x00000007b5580000)
 Metaspace       used 5452K, capacity 5616K, committed 5760K, reserved 1056768K
  class space    used 580K, capacity 630K, committed 640K, reserved 1048576K
}
{Heap before GC invocations=799 (full 84):
 PSYoungGen      total 155136K, used 139334K [0x00000007b5580000, 0x00000007c0000000, 0x00000007c0000000)
  eden space 135680K, 95% used [0x00000007b5580000,0x00000007bd400410,0x00000007bda00000)
  from space 19456K, 50% used [0x00000007bed00000,0x00000007bf691698,0x00000007c0000000)
  to   space 19456K, 0% used [0x00000007bda00000,0x00000007bda00000,0x00000007bed00000)
 ParOldGen       total 349696K, used 266060K [0x00000007a0000000, 0x00000007b5580000, 0x00000007b5580000)
  object space 349696K, 76% used [0x00000007a0000000,0x00000007b03d3218,0x00000007b5580000)
 Metaspace       used 5452K, capacity 5616K, committed 5760K, reserved 1056768K
  class space    used 580K, capacity 630K, committed 640K, reserved 1048576K
2018-07-25T18:08:58.392-0800: 60.673: [GC (Allocation Failure) [PSYoungGen: 139334K->9974K(145920K)] 405395K->302077K(495616K), 0.0045070 secs] [Times: user=0.03 sys=0.00, real=0.00 secs] 
Heap after GC invocations=799 (full 84):
 PSYoungGen      total 145920K, used 9974K [0x00000007b5580000, 0x00000007c0000000, 0x00000007c0000000)
  eden space 135680K, 0% used [0x00000007b5580000,0x00000007b5580000,0x00000007bda00000)
  from space 10240K, 97% used [0x00000007bda00000,0x00000007be3bdb80,0x00000007be400000)
  to   space 19968K, 0% used [0x00000007bec80000,0x00000007bec80000,0x00000007c0000000)
 ParOldGen       total 349696K, used 292102K [0x00000007a0000000, 0x00000007b5580000, 0x00000007b5580000)
  object space 349696K, 83% used [0x00000007a0000000,0x00000007b1d418e0,0x00000007b5580000)
 Metaspace       used 5452K, capacity 5616K, committed 5760K, reserved 1056768K
  class space    used 580K, capacity 630K, committed 640K, reserved 1048576K
}
{Heap before GC invocations=800 (full 85):
 PSYoungGen      total 145920K, used 9974K [0x00000007b5580000, 0x00000007c0000000, 0x00000007c0000000)
  eden space 135680K, 0% used [0x00000007b5580000,0x00000007b5580000,0x00000007bda00000)
  from space 10240K, 97% used [0x00000007bda00000,0x00000007be3bdb80,0x00000007be400000)
  to   space 19968K, 0% used [0x00000007bec80000,0x00000007bec80000,0x00000007c0000000)
 ParOldGen       total 349696K, used 292102K [0x00000007a0000000, 0x00000007b5580000, 0x00000007b5580000)
  object space 349696K, 83% used [0x00000007a0000000,0x00000007b1d418e0,0x00000007b5580000)
 Metaspace       used 5452K, capacity 5616K, committed 5760K, reserved 1056768K
  class space    used 580K, capacity 630K, committed 640K, reserved 1048576K
2018-07-25T18:08:58.397-0800: 60.677: [Full GC (Ergonomics) [PSYoungGen: 9974K->0K(145920K)] [ParOldGen: 292102K->47697K(349696K)] 302077K->47697K(495616K), [Metaspace: 5452K->5452K(1056768K)], 0.0074614 secs] [Times: user=0.04 sys=0.00, real=0.01 secs] 
Heap after GC invocations=800 (full 85):
 PSYoungGen      total 145920K, used 0K [0x00000007b5580000, 0x00000007c0000000, 0x00000007c0000000)
  eden space 135680K, 0% used [0x00000007b5580000,0x00000007b5580000,0x00000007bda00000)
  from space 10240K, 0% used [0x00000007bda00000,0x00000007bda00000,0x00000007be400000)
  to   space 19968K, 0% used [0x00000007bec80000,0x00000007bec80000,0x00000007c0000000)
 ParOldGen       total 349696K, used 47697K [0x00000007a0000000, 0x00000007b5580000, 0x00000007b5580000)
  object space 349696K, 13% used [0x00000007a0000000,0x00000007a2e945c8,0x00000007b5580000)
 Metaspace       used 5452K, capacity 5616K, committed 5760K, reserved 1056768K
  class space    used 580K, capacity 630K, committed 640K, reserved 1048576K
}
{Heap before GC invocations=801 (full 85):
 PSYoungGen      total 145920K, used 106490K [0x00000007b5580000, 0x00000007c0000000, 0x00000007c0000000)
  eden space 135680K, 78% used [0x00000007b5580000,0x00000007bbd7ea50,0x00000007bda00000)
  from space 10240K, 0% used [0x00000007bda00000,0x00000007bda00000,0x00000007be400000)
  to   space 19968K, 0% used [0x00000007bec80000,0x00000007bec80000,0x00000007c0000000)
 ParOldGen       total 349696K, used 47697K [0x00000007a0000000, 0x00000007b5580000, 0x00000007b5580000)
  object space 349696K, 13% used [0x00000007a0000000,0x00000007a2e945c8,0x00000007b5580000)
 Metaspace       used 5452K, capacity 5616K, committed 5760K, reserved 1056768K
  class space    used 580K, capacity 630K, committed 640K, reserved 1048576K
2018-07-25T18:08:58.421-0800: 60.702: [GC (Allocation Failure) [PSYoungGen: 106490K->0K(155136K)] 154188K->125822K(504832K), 0.0092482 secs] [Times: user=0.07 sys=0.00, real=0.01 secs] 
Heap after GC invocations=801 (full 85):
 PSYoungGen      total 155136K, used 0K [0x00000007b5580000, 0x00000007c0000000, 0x00000007c0000000)
  eden space 135168K, 0% used [0x00000007b5580000,0x00000007b5580000,0x00000007bd980000)
  from space 19968K, 0% used [0x00000007bec80000,0x00000007bec80000,0x00000007c0000000)
  to   space 19456K, 0% used [0x00000007bd980000,0x00000007bd980000,0x00000007bec80000)
 ParOldGen       total 349696K, used 125822K [0x00000007a0000000, 0x00000007b5580000, 0x00000007b5580000)
  object space 349696K, 35% used [0x00000007a0000000,0x00000007a7adfa68,0x00000007b5580000)
 Metaspace       used 5452K, capacity 5616K, committed 5760K, reserved 1056768K
  class space    used 580K, capacity 630K, committed 640K, reserved 1048576K
}
{Heap before GC invocations=802 (full 85):
 PSYoungGen      total 155136K, used 128920K [0x00000007b5580000, 0x00000007c0000000, 0x00000007c0000000)
  eden space 135168K, 95% used [0x00000007b5580000,0x00000007bd3663a8,0x00000007bd980000)
  from space 19968K, 0% used [0x00000007bec80000,0x00000007bec80000,0x00000007c0000000)
  to   space 19456K, 0% used [0x00000007bd980000,0x00000007bd980000,0x00000007bec80000)
 ParOldGen       total 349696K, used 125822K [0x00000007a0000000, 0x00000007b5580000, 0x00000007b5580000)
  object space 349696K, 35% used [0x00000007a0000000,0x00000007a7adfa68,0x00000007b5580000)
 Metaspace       used 5452K, capacity 5616K, committed 5760K, reserved 1056768K
  class space    used 580K, capacity 630K, committed 640K, reserved 1048576K
2018-07-25T18:08:58.539-0800: 60.819: [GC (Allocation Failure) [PSYoungGen: 128920K->9943K(154624K)] 254743K->187849K(504320K), 0.0055183 secs] [Times: user=0.04 sys=0.00, real=0.01 secs] 
Heap after GC invocations=802 (full 85):
 PSYoungGen      total 154624K, used 9943K [0x00000007b5580000, 0x00000007c0000000, 0x00000007c0000000)
  eden space 135168K, 0% used [0x00000007b5580000,0x00000007b5580000,0x00000007bd980000)
  from space 19456K, 51% used [0x00000007bd980000,0x00000007be335cd8,0x00000007bec80000)
  to   space 19968K, 0% used [0x00000007bec80000,0x00000007bec80000,0x00000007c0000000)
 ParOldGen       total 349696K, used 177906K [0x00000007a0000000, 0x00000007b5580000, 0x00000007b5580000)
  object space 349696K, 50% used [0x00000007a0000000,0x00000007aadbc818,0x00000007b5580000)
 Metaspace       used 5452K, capacity 5616K, committed 5760K, reserved 1056768K
  class space    used 580K, capacity 630K, committed 640K, reserved 1048576K
}
{Heap before GC invocations=803 (full 85):
 PSYoungGen      total 154624K, used 142376K [0x00000007b5580000, 0x00000007c0000000, 0x00000007c0000000)
  eden space 135168K, 97% used [0x00000007b5580000,0x00000007bd6d46d8,0x00000007bd980000)
  from space 19456K, 51% used [0x00000007bd980000,0x00000007be335cd8,0x00000007bec80000)
  to   space 19968K, 0% used [0x00000007bec80000,0x00000007bec80000,0x00000007c0000000)
 ParOldGen       total 349696K, used 177906K [0x00000007a0000000, 0x00000007b5580000, 0x00000007b5580000)
  object space 349696K, 50% used [0x00000007a0000000,0x00000007aadbc818,0x00000007b5580000)
 Metaspace       used 5452K, capacity 5616K, committed 5760K, reserved 1056768K
  class space    used 580K, capacity 630K, committed 640K, reserved 1048576K
2018-07-25T18:08:58.635-0800: 60.915: [GC (Allocation Failure) [PSYoungGen: 142376K->177K(155136K)] 320282K->178083K(504832K), 0.0012318 secs] [Times: user=0.01 sys=0.00, real=0.00 secs] 
Heap after GC invocations=803 (full 85):
 PSYoungGen      total 155136K, used 177K [0x00000007b5580000, 0x00000007c0000000, 0x00000007c0000000)
  eden space 135168K, 0% used [0x00000007b5580000,0x00000007b5580000,0x00000007bd980000)
  from space 19968K, 0% used [0x00000007bec80000,0x00000007becac798,0x00000007c0000000)
  to   space 19456K, 0% used [0x00000007bd980000,0x00000007bd980000,0x00000007bec80000)
 ParOldGen       total 349696K, used 177906K [0x00000007a0000000, 0x00000007b5580000, 0x00000007b5580000)
  object space 349696K, 50% used [0x00000007a0000000,0x00000007aadbc818,0x00000007b5580000)
 Metaspace       used 5452K, capacity 5616K, committed 5760K, reserved 1056768K
  class space    used 580K, capacity 630K, committed 640K, reserved 1048576K
}
{Heap before GC invocations=804 (full 85):
 PSYoungGen      total 155136K, used 129511K [0x00000007b5580000, 0x00000007c0000000, 0x00000007c0000000)
  eden space 135168K, 95% used [0x00000007b5580000,0x00000007bd3cd5b0,0x00000007bd980000)
  from space 19968K, 0% used [0x00000007bec80000,0x00000007becac798,0x00000007c0000000)
  to   space 19456K, 0% used [0x00000007bd980000,0x00000007bd980000,0x00000007bec80000)
 ParOldGen       total 349696K, used 177906K [0x00000007a0000000, 0x00000007b5580000, 0x00000007b5580000)
  object space 349696K, 50% used [0x00000007a0000000,0x00000007aadbc818,0x00000007b5580000)
 Metaspace       used 5452K, capacity 5616K, committed 5760K, reserved 1056768K
  class space    used 580K, capacity 630K, committed 640K, reserved 1048576K
2018-07-25T18:08:58.665-0800: 60.945: [GC (Allocation Failure) [PSYoungGen: 129511K->9797K(154624K)] 307417K->239924K(504320K), 0.0077984 secs] [Times: user=0.05 sys=0.00, real=0.01 secs] 
Heap after GC invocations=804 (full 85):
 PSYoungGen      total 154624K, used 9797K [0x00000007b5580000, 0x00000007c0000000, 0x00000007c0000000)
  eden space 135168K, 0% used [0x00000007b5580000,0x00000007b5580000,0x00000007bd980000)
  from space 19456K, 50% used [0x00000007bd980000,0x00000007be311698,0x00000007bec80000)
  to   space 19456K, 0% used [0x00000007bed00000,0x00000007bed00000,0x00000007c0000000)
 ParOldGen       total 349696K, used 230127K [0x00000007a0000000, 0x00000007b5580000, 0x00000007b5580000)
  object space 349696K, 65% used [0x00000007a0000000,0x00000007ae0bbd48,0x00000007b5580000)
 Metaspace       used 5452K, capacity 5616K, committed 5760K, reserved 1056768K
  class space    used 580K, capacity 630K, committed 640K, reserved 1048576K
}
{Heap before GC invocations=805 (full 85):
 PSYoungGen      total 154624K, used 139230K [0x00000007b5580000, 0x00000007c0000000, 0x00000007c0000000)
  eden space 135168K, 95% used [0x00000007b5580000,0x00000007bd3e63e0,0x00000007bd980000)
  from space 19456K, 50% used [0x00000007bd980000,0x00000007be311698,0x00000007bec80000)
  to   space 19456K, 0% used [0x00000007bed00000,0x00000007bed00000,0x00000007c0000000)
 ParOldGen       total 349696K, used 230127K [0x00000007a0000000, 0x00000007b5580000, 0x00000007b5580000)
  object space 349696K, 65% used [0x00000007a0000000,0x00000007ae0bbd48,0x00000007b5580000)
 Metaspace       used 5452K, capacity 5616K, committed 5760K, reserved 1056768K
  class space    used 580K, capacity 630K, committed 640K, reserved 1048576K
2018-07-25T18:08:58.778-0800: 61.058: [GC (Allocation Failure) [PSYoungGen: 139230K->9975K(154112K)] 369357K->266144K(503808K), 0.0049417 secs] [Times: user=0.03 sys=0.00, real=0.01 secs] 
Heap after GC invocations=805 (full 85):
 PSYoungGen      total 154112K, used 9975K [0x00000007b5580000, 0x00000007c0000000, 0x00000007c0000000)
  eden space 134656K, 0% used [0x00000007b5580000,0x00000007b5580000,0x00000007bd900000)
  from space 19456K, 51% used [0x00000007bed00000,0x00000007bf6bdf88,0x00000007c0000000)
  to   space 19968K, 0% used [0x00000007bd900000,0x00000007bd900000,0x00000007bec80000)
 ParOldGen       total 349696K, used 256169K [0x00000007a0000000, 0x00000007b5580000, 0x00000007b5580000)
  object space 349696K, 73% used [0x00000007a0000000,0x00000007afa2a410,0x00000007b5580000)
 Metaspace       used 5452K, capacity 5616K, committed 5760K, reserved 1056768K
  class space    used 580K, capacity 630K, committed 640K, reserved 1048576K
}
{Heap before GC invocations=806 (full 85):
 PSYoungGen      total 154112K, used 116388K [0x00000007b5580000, 0x00000007c0000000, 0x00000007c0000000)
  eden space 134656K, 79% used [0x00000007b5580000,0x00000007bbd6b1f8,0x00000007bd900000)
  from space 19456K, 51% used [0x00000007bed00000,0x00000007bf6bdf88,0x00000007c0000000)
  to   space 19968K, 0% used [0x00000007bd900000,0x00000007bd900000,0x00000007bec80000)
 ParOldGen       total 349696K, used 256169K [0x00000007a0000000, 0x00000007b5580000, 0x00000007b5580000)
  object space 349696K, 73% used [0x00000007a0000000,0x00000007afa2a410,0x00000007b5580000)
 Metaspace       used 5452K, capacity 5616K, committed 5760K, reserved 1056768K
  class space    used 580K, capacity 630K, committed 640K, reserved 1048576K
2018-07-25T18:08:58.795-0800: 61.075: [GC (Allocation Failure) [PSYoungGen: 116388K->0K(154624K)] 372557K->292106K(504320K), 0.0052944 secs] [Times: user=0.04 sys=0.01, real=0.01 secs] 
Heap after GC invocations=806 (full 85):
 PSYoungGen      total 154624K, used 0K [0x00000007b5580000, 0x00000007c0000000, 0x00000007c0000000)
  eden space 134656K, 0% used [0x00000007b5580000,0x00000007b5580000,0x00000007bd900000)
  from space 19968K, 0% used [0x00000007bd900000,0x00000007bd900000,0x00000007bec80000)
  to   space 19456K, 0% used [0x00000007bed00000,0x00000007bed00000,0x00000007c0000000)
 ParOldGen       total 349696K, used 292106K [0x00000007a0000000, 0x00000007b5580000, 0x00000007b5580000)
  object space 349696K, 83% used [0x00000007a0000000,0x00000007b1d42aa0,0x00000007b5580000)
 Metaspace       used 5452K, capacity 5616K, committed 5760K, reserved 1056768K
  class space    used 580K, capacity 630K, committed 640K, reserved 1048576K
}
{Heap before GC invocations=807 (full 86):
 PSYoungGen      total 154624K, used 0K [0x00000007b5580000, 0x00000007c0000000, 0x00000007c0000000)
  eden space 134656K, 0% used [0x00000007b5580000,0x00000007b5580000,0x00000007bd900000)
  from space 19968K, 0% used [0x00000007bd900000,0x00000007bd900000,0x00000007bec80000)
  to   space 19456K, 0% used [0x00000007bed00000,0x00000007bed00000,0x00000007c0000000)
 ParOldGen       total 349696K, used 292106K [0x00000007a0000000, 0x00000007b5580000, 0x00000007b5580000)
  object space 349696K, 83% used [0x00000007a0000000,0x00000007b1d42aa0,0x00000007b5580000)
 Metaspace       used 5452K, capacity 5616K, committed 5760K, reserved 1056768K
  class space    used 580K, capacity 630K, committed 640K, reserved 1048576K
2018-07-25T18:08:58.800-0800: 61.081: [Full GC (Ergonomics) [PSYoungGen: 0K->0K(154624K)] [ParOldGen: 292106K->47698K(349696K)] 292106K->47698K(504320K), [Metaspace: 5452K->5452K(1056768K)], 0.0083031 secs] [Times: user=0.04 sys=0.00, real=0.00 secs] 
Heap after GC invocations=807 (full 86):
 PSYoungGen      total 154624K, used 0K [0x00000007b5580000, 0x00000007c0000000, 0x00000007c0000000)
  eden space 134656K, 0% used [0x00000007b5580000,0x00000007b5580000,0x00000007bd900000)
  from space 19968K, 0% used [0x00000007bd900000,0x00000007bd900000,0x00000007bec80000)
  to   space 19456K, 0% used [0x00000007bed00000,0x00000007bed00000,0x00000007c0000000)
 ParOldGen       total 349696K, used 47698K [0x00000007a0000000, 0x00000007b5580000, 0x00000007b5580000)
  object space 349696K, 13% used [0x00000007a0000000,0x00000007a2e949b0,0x00000007b5580000)
 Metaspace       used 5452K, capacity 5616K, committed 5760K, reserved 1056768K
  class space    used 580K, capacity 630K, committed 640K, reserved 1048576K
}
{Heap before GC invocations=808 (full 86):
 PSYoungGen      total 154624K, used 129224K [0x00000007b5580000, 0x00000007c0000000, 0x00000007c0000000)
  eden space 134656K, 95% used [0x00000007b5580000,0x00000007bd3b2388,0x00000007bd900000)
  from space 19968K, 0% used [0x00000007bd900000,0x00000007bd900000,0x00000007bec80000)
  to   space 19456K, 0% used [0x00000007bed00000,0x00000007bed00000,0x00000007c0000000)
 ParOldGen       total 349696K, used 47698K [0x00000007a0000000, 0x00000007b5580000, 0x00000007b5580000)
  object space 349696K, 13% used [0x00000007a0000000,0x00000007a2e949b0,0x00000007b5580000)
 Metaspace       used 5452K, capacity 5616K, committed 5760K, reserved 1056768K
  class space    used 580K, capacity 630K, committed 640K, reserved 1048576K
2018-07-25T18:08:58.920-0800: 61.201: [GC (Allocation Failure) [PSYoungGen: 129224K->9976K(154112K)] 176923K->109758K(503808K), 0.0060357 secs] [Times: user=0.05 sys=0.00, real=0.00 secs] 
Heap after GC invocations=808 (full 86):
 PSYoungGen      total 154112K, used 9976K [0x00000007b5580000, 0x00000007c0000000, 0x00000007c0000000)
  eden space 134656K, 0% used [0x00000007b5580000,0x00000007b5580000,0x00000007bd900000)
  from space 19456K, 51% used [0x00000007bed00000,0x00000007bf6be0e0,0x00000007c0000000)
  to   space 19968K, 0% used [0x00000007bd900000,0x00000007bd900000,0x00000007bec80000)
 ParOldGen       total 349696K, used 99781K [0x00000007a0000000, 0x00000007b5580000, 0x00000007b5580000)
  object space 349696K, 28% used [0x00000007a0000000,0x00000007a6171760,0x00000007b5580000)
 Metaspace       used 5452K, capacity 5616K, committed 5760K, reserved 1056768K
  class space    used 580K, capacity 630K, committed 640K, reserved 1048576K
}
{Heap before GC invocations=809 (full 86):
 PSYoungGen      total 154112K, used 142587K [0x00000007b5580000, 0x00000007c0000000, 0x00000007c0000000)
  eden space 134656K, 98% used [0x00000007b5580000,0x00000007bd700c90,0x00000007bd900000)
  from space 19456K, 51% used [0x00000007bed00000,0x00000007bf6be0e0,0x00000007c0000000)
  to   space 19968K, 0% used [0x00000007bd900000,0x00000007bd900000,0x00000007bec80000)
 ParOldGen       total 349696K, used 99781K [0x00000007a0000000, 0x00000007b5580000, 0x00000007b5580000)
  object space 349696K, 28% used [0x00000007a0000000,0x00000007a6171760,0x00000007b5580000)
 Metaspace       used 5452K, capacity 5616K, committed 5760K, reserved 1056768K
  class space    used 580K, capacity 630K, committed 640K, reserved 1048576K
2018-07-25T18:08:59.019-0800: 61.299: [GC (Allocation Failure) [PSYoungGen: 142587K->242K(154624K)] 242369K->100024K(504320K), 0.0010245 secs] [Times: user=0.00 sys=0.00, real=0.01 secs] 
Heap after GC invocations=809 (full 86):
 PSYoungGen      total 154624K, used 242K [0x00000007b5580000, 0x00000007c0000000, 0x00000007c0000000)
  eden space 134656K, 0% used [0x00000007b5580000,0x00000007b5580000,0x00000007bd900000)
  from space 19968K, 1% used [0x00000007bd900000,0x00000007bd93cba0,0x00000007bec80000)
  to   space 19456K, 0% used [0x00000007bed00000,0x00000007bed00000,0x00000007c0000000)
 ParOldGen       total 349696K, used 99781K [0x00000007a0000000, 0x00000007b5580000, 0x00000007b5580000)
  object space 349696K, 28% used [0x00000007a0000000,0x00000007a6171760,0x00000007b5580000)
 Metaspace       used 5452K, capacity 5616K, committed 5760K, reserved 1056768K
  class space    used 580K, capacity 630K, committed 640K, reserved 1048576K
}
{Heap before GC invocations=810 (full 86):
 PSYoungGen      total 154624K, used 129686K [0x00000007b5580000, 0x00000007c0000000, 0x00000007c0000000)
  eden space 134656K, 96% used [0x00000007b5580000,0x00000007bd3e8ff8,0x00000007bd900000)
  from space 19968K, 1% used [0x00000007bd900000,0x00000007bd93cba0,0x00000007bec80000)
  to   space 19456K, 0% used [0x00000007bed00000,0x00000007bed00000,0x00000007c0000000)
 ParOldGen       total 349696K, used 99781K [0x00000007a0000000, 0x00000007b5580000, 0x00000007b5580000)
  object space 349696K, 28% used [0x00000007a0000000,0x00000007a6171760,0x00000007b5580000)
 Metaspace       used 5452K, capacity 5616K, committed 5760K, reserved 1056768K
  class space    used 580K, capacity 630K, committed 640K, reserved 1048576K
2018-07-25T18:08:59.053-0800: 61.334: [GC (Allocation Failure) [PSYoungGen: 129686K->9797K(155136K)] 229468K->161801K(504832K), 0.0065338 secs] [Times: user=0.04 sys=0.00, real=0.01 secs] 
Heap after GC invocations=810 (full 86):
 PSYoungGen      total 155136K, used 9797K [0x00000007b5580000, 0x00000007c0000000, 0x00000007c0000000)
  eden space 135680K, 0% used [0x00000007b5580000,0x00000007b5580000,0x00000007bda00000)
  from space 19456K, 50% used [0x00000007bed00000,0x00000007bf691698,0x00000007c0000000)
  to   space 19456K, 0% used [0x00000007bda00000,0x00000007bda00000,0x00000007bed00000)
 ParOldGen       total 349696K, used 152004K [0x00000007a0000000, 0x00000007b5580000, 0x00000007b5580000)
  object space 349696K, 43% used [0x00000007a0000000,0x00000007a9471098,0x00000007b5580000)
 Metaspace       used 5452K, capacity 5616K, committed 5760K, reserved 1056768K
  class space    used 580K, capacity 630K, committed 640K, reserved 1048576K
}
{Heap before GC invocations=811 (full 86):
 PSYoungGen      total 155136K, used 139317K [0x00000007b5580000, 0x00000007c0000000, 0x00000007c0000000)
  eden space 135680K, 95% used [0x00000007b5580000,0x00000007bd3fbfa8,0x00000007bda00000)
  from space 19456K, 50% used [0x00000007bed00000,0x00000007bf691698,0x00000007c0000000)
  to   space 19456K, 0% used [0x00000007bda00000,0x00000007bda00000,0x00000007bed00000)
 ParOldGen       total 349696K, used 152004K [0x00000007a0000000, 0x00000007b5580000, 0x00000007b5580000)
  object space 349696K, 43% used [0x00000007a0000000,0x00000007a9471098,0x00000007b5580000)
 Metaspace       used 5452K, capacity 5616K, committed 5760K, reserved 1056768K
  class space    used 580K, capacity 630K, committed 640K, reserved 1048576K
2018-07-25T18:08:59.164-0800: 61.445: [GC (Allocation Failure) [PSYoungGen: 139317K->9976K(145920K)] 291321K->188022K(495616K), 0.0044768 secs] [Times: user=0.03 sys=0.00, real=0.00 secs] 
Heap after GC invocations=811 (full 86):
 PSYoungGen      total 145920K, used 9976K [0x00000007b5580000, 0x00000007c0000000, 0x00000007c0000000)
  eden space 135680K, 0% used [0x00000007b5580000,0x00000007b5580000,0x00000007bda00000)
  from space 10240K, 97% used [0x00000007bda00000,0x00000007be3be390,0x00000007be400000)
  to   space 19968K, 0% used [0x00000007bec80000,0x00000007bec80000,0x00000007c0000000)
 ParOldGen       total 349696K, used 178045K [0x00000007a0000000, 0x00000007b5580000, 0x00000007b5580000)
  object space 349696K, 50% used [0x00000007a0000000,0x00000007aaddf760,0x00000007b5580000)
 Metaspace       used 5452K, capacity 5616K, committed 5760K, reserved 1056768K
  class space    used 580K, capacity 630K, committed 640K, reserved 1048576K
}
{Heap before GC invocations=812 (full 86):
 PSYoungGen      total 145920K, used 116456K [0x00000007b5580000, 0x00000007c0000000, 0x00000007c0000000)
  eden space 135680K, 78% used [0x00000007b5580000,0x00000007bbd7be30,0x00000007bda00000)
  from space 10240K, 97% used [0x00000007bda00000,0x00000007be3be390,0x00000007be400000)
  to   space 19968K, 0% used [0x00000007bec80000,0x00000007bec80000,0x00000007c0000000)
 ParOldGen       total 349696K, used 178045K [0x00000007a0000000, 0x00000007b5580000, 0x00000007b5580000)
  object space 349696K, 50% used [0x00000007a0000000,0x00000007aaddf760,0x00000007b5580000)
 Metaspace       used 5452K, capacity 5616K, committed 5760K, reserved 1056768K
  class space    used 580K, capacity 630K, committed 640K, reserved 1048576K
2018-07-25T18:08:59.181-0800: 61.461: [GC (Allocation Failure) [PSYoungGen: 116456K->0K(155136K)] 294502K->213984K(504832K), 0.0050546 secs] [Times: user=0.04 sys=0.00, real=0.00 secs] 
Heap after GC invocations=812 (full 86):
 PSYoungGen      total 155136K, used 0K [0x00000007b5580000, 0x00000007c0000000, 0x00000007c0000000)
  eden space 135168K, 0% used [0x00000007b5580000,0x00000007b5580000,0x00000007bd980000)
  from space 19968K, 0% used [0x00000007bec80000,0x00000007bec80000,0x00000007c0000000)
  to   space 19456K, 0% used [0x00000007bd980000,0x00000007bd980000,0x00000007bec80000)
 ParOldGen       total 349696K, used 213984K [0x00000007a0000000, 0x00000007b5580000, 0x00000007b5580000)
  object space 349696K, 61% used [0x00000007a0000000,0x00000007ad0f81f8,0x00000007b5580000)
 Metaspace       used 5452K, capacity 5616K, committed 5760K, reserved 1056768K
  class space    used 580K, capacity 630K, committed 640K, reserved 1048576K
}
{Heap before GC invocations=813 (full 86):
 PSYoungGen      total 155136K, used 129265K [0x00000007b5580000, 0x00000007c0000000, 0x00000007c0000000)
  eden space 135168K, 95% used [0x00000007b5580000,0x00000007bd3bc5a0,0x00000007bd980000)
  from space 19968K, 0% used [0x00000007bec80000,0x00000007bec80000,0x00000007c0000000)
  to   space 19456K, 0% used [0x00000007bd980000,0x00000007bd980000,0x00000007bec80000)
 ParOldGen       total 349696K, used 213984K [0x00000007a0000000, 0x00000007b5580000, 0x00000007b5580000)
  object space 349696K, 61% used [0x00000007a0000000,0x00000007ad0f81f8,0x00000007b5580000)
 Metaspace       used 5452K, capacity 5616K, committed 5760K, reserved 1056768K
  class space    used 580K, capacity 630K, committed 640K, reserved 1048576K
2018-07-25T18:08:59.292-0800: 61.573: [GC (Allocation Failure) [PSYoungGen: 129265K->9977K(154624K)] 343249K->276045K(504320K), 0.0053367 secs] [Times: user=0.03 sys=0.00, real=0.00 secs] 
Heap after GC invocations=813 (full 86):
 PSYoungGen      total 154624K, used 9977K [0x00000007b5580000, 0x00000007c0000000, 0x00000007c0000000)
  eden space 135168K, 0% used [0x00000007b5580000,0x00000007b5580000,0x00000007bd980000)
  from space 19456K, 51% used [0x00000007bd980000,0x00000007be33e4e8,0x00000007bec80000)
  to   space 19968K, 0% used [0x00000007bec80000,0x00000007bec80000,0x00000007c0000000)
 ParOldGen       total 349696K, used 266067K [0x00000007a0000000, 0x00000007b5580000, 0x00000007b5580000)
  object space 349696K, 76% used [0x00000007a0000000,0x00000007b03d4fa8,0x00000007b5580000)
 Metaspace       used 5452K, capacity 5616K, committed 5760K, reserved 1056768K
  class space    used 580K, capacity 630K, committed 640K, reserved 1048576K
}
{Heap before GC invocations=814 (full 86):
 PSYoungGen      total 154624K, used 142634K [0x00000007b5580000, 0x00000007c0000000, 0x00000007c0000000)
  eden space 135168K, 98% used [0x00000007b5580000,0x00000007bd70c688,0x00000007bd980000)
  from space 19456K, 51% used [0x00000007bd980000,0x00000007be33e4e8,0x00000007bec80000)
  to   space 19968K, 0% used [0x00000007bec80000,0x00000007bec80000,0x00000007c0000000)
 ParOldGen       total 349696K, used 266067K [0x00000007a0000000, 0x00000007b5580000, 0x00000007b5580000)
  object space 349696K, 76% used [0x00000007a0000000,0x00000007b03d4fa8,0x00000007b5580000)
 Metaspace       used 5452K, capacity 5616K, committed 5760K, reserved 1056768K
  class space    used 580K, capacity 630K, committed 640K, reserved 1048576K
2018-07-25T18:08:59.391-0800: 61.671: [GC (Allocation Failure) [PSYoungGen: 142634K->211K(155136K)] 408702K->266279K(504832K), 0.0016381 secs] [Times: user=0.01 sys=0.00, real=0.00 secs] 
Heap after GC invocations=814 (full 86):
 PSYoungGen      total 155136K, used 211K [0x00000007b5580000, 0x00000007c0000000, 0x00000007c0000000)
  eden space 135168K, 0% used [0x00000007b5580000,0x00000007b5580000,0x00000007bd980000)
  from space 19968K, 1% used [0x00000007bec80000,0x00000007becb4fa8,0x00000007c0000000)
  to   space 19456K, 0% used [0x00000007bd980000,0x00000007bd980000,0x00000007bec80000)
 ParOldGen       total 349696K, used 266067K [0x00000007a0000000, 0x00000007b5580000, 0x00000007b5580000)
  object space 349696K, 76% used [0x00000007a0000000,0x00000007b03d4fa8,0x00000007b5580000)
 Metaspace       used 5452K, capacity 5616K, committed 5760K, reserved 1056768K
  class space    used 580K, capacity 630K, committed 640K, reserved 1048576K
}
{Heap before GC invocations=815 (full 86):
 PSYoungGen      total 155136K, used 129689K [0x00000007b5580000, 0x00000007c0000000, 0x00000007c0000000)
  eden space 135168K, 95% used [0x00000007b5580000,0x00000007bd3f15c8,0x00000007bd980000)
  from space 19968K, 1% used [0x00000007bec80000,0x00000007becb4fa8,0x00000007c0000000)
  to   space 19456K, 0% used [0x00000007bd980000,0x00000007bd980000,0x00000007bec80000)
 ParOldGen       total 349696K, used 266067K [0x00000007a0000000, 0x00000007b5580000, 0x00000007b5580000)
  object space 349696K, 76% used [0x00000007a0000000,0x00000007b03d4fa8,0x00000007b5580000)
 Metaspace       used 5452K, capacity 5616K, committed 5760K, reserved 1056768K
  class space    used 580K, capacity 630K, committed 640K, reserved 1048576K
2018-07-25T18:08:59.422-0800: 61.702: [GC (Allocation Failure) [PSYoungGen: 129689K->9797K(154624K)] 395757K->328080K(504320K), 0.0079563 secs] [Times: user=0.06 sys=0.00, real=0.01 secs] 
Heap after GC invocations=815 (full 86):
 PSYoungGen      total 154624K, used 9797K [0x00000007b5580000, 0x00000007c0000000, 0x00000007c0000000)
  eden space 135168K, 0% used [0x00000007b5580000,0x00000007b5580000,0x00000007bd980000)
  from space 19456K, 50% used [0x00000007bd980000,0x00000007be311698,0x00000007bec80000)
  to   space 19456K, 0% used [0x00000007bed00000,0x00000007bed00000,0x00000007c0000000)
 ParOldGen       total 349696K, used 318283K [0x00000007a0000000, 0x00000007b5580000, 0x00000007b5580000)
  object space 349696K, 91% used [0x00000007a0000000,0x00000007b36d2ce8,0x00000007b5580000)
 Metaspace       used 5452K, capacity 5616K, committed 5760K, reserved 1056768K
  class space    used 580K, capacity 630K, committed 640K, reserved 1048576K
}
{Heap before GC invocations=816 (full 87):
 PSYoungGen      total 154624K, used 9797K [0x00000007b5580000, 0x00000007c0000000, 0x00000007c0000000)
  eden space 135168K, 0% used [0x00000007b5580000,0x00000007b5580000,0x00000007bd980000)
  from space 19456K, 50% used [0x00000007bd980000,0x00000007be311698,0x00000007bec80000)
  to   space 19456K, 0% used [0x00000007bed00000,0x00000007bed00000,0x00000007c0000000)
 ParOldGen       total 349696K, used 318283K [0x00000007a0000000, 0x00000007b5580000, 0x00000007b5580000)
  object space 349696K, 91% used [0x00000007a0000000,0x00000007b36d2ce8,0x00000007b5580000)
 Metaspace       used 5452K, capacity 5616K, committed 5760K, reserved 1056768K
  class space    used 580K, capacity 630K, committed 640K, reserved 1048576K
2018-07-25T18:08:59.430-0800: 61.710: [Full GC (Ergonomics) [PSYoungGen: 9797K->0K(154624K)] [ParOldGen: 318283K->73597K(349696K)] 328080K->73597K(504320K), [Metaspace: 5452K->5452K(1056768K)], 0.0111634 secs] [Times: user=0.06 sys=0.00, real=0.01 secs] 
Heap after GC invocations=816 (full 87):
 PSYoungGen      total 154624K, used 0K [0x00000007b5580000, 0x00000007c0000000, 0x00000007c0000000)
  eden space 135168K, 0% used [0x00000007b5580000,0x00000007b5580000,0x00000007bd980000)
  from space 19456K, 0% used [0x00000007bd980000,0x00000007bd980000,0x00000007bec80000)
  to   space 19456K, 0% used [0x00000007bed00000,0x00000007bed00000,0x00000007c0000000)
 ParOldGen       total 349696K, used 73597K [0x00000007a0000000, 0x00000007b5580000, 0x00000007b5580000)
  object space 349696K, 21% used [0x00000007a0000000,0x00000007a47df418,0x00000007b5580000)
 Metaspace       used 5452K, capacity 5616K, committed 5760K, reserved 1056768K
  class space    used 580K, capacity 630K, committed 640K, reserved 1048576K
}
{Heap before GC invocations=817 (full 87):
 PSYoungGen      total 154624K, used 129525K [0x00000007b5580000, 0x00000007c0000000, 0x00000007c0000000)
  eden space 135168K, 95% used [0x00000007b5580000,0x00000007bd3fd668,0x00000007bd980000)
  from space 19456K, 0% used [0x00000007bd980000,0x00000007bd980000,0x00000007bec80000)
  to   space 19456K, 0% used [0x00000007bed00000,0x00000007bed00000,0x00000007c0000000)
 ParOldGen       total 349696K, used 73597K [0x00000007a0000000, 0x00000007b5580000, 0x00000007b5580000)
  object space 349696K, 21% used [0x00000007a0000000,0x00000007a47df418,0x00000007b5580000)
 Metaspace       used 5452K, capacity 5616K, committed 5760K, reserved 1056768K
  class space    used 580K, capacity 630K, committed 640K, reserved 1048576K
2018-07-25T18:08:59.558-0800: 61.838: [GC (Allocation Failure) [PSYoungGen: 129525K->9977K(154112K)] 203122K->135658K(503808K), 0.0074553 secs] [Times: user=0.05 sys=0.00, real=0.01 secs] 
Heap after GC invocations=817 (full 87):
 PSYoungGen      total 154112K, used 9977K [0x00000007b5580000, 0x00000007c0000000, 0x00000007c0000000)
  eden space 134656K, 0% used [0x00000007b5580000,0x00000007b5580000,0x00000007bd900000)
  from space 19456K, 51% used [0x00000007bed00000,0x00000007bf6be798,0x00000007c0000000)
  to   space 19968K, 0% used [0x00000007bd900000,0x00000007bd900000,0x00000007bec80000)
 ParOldGen       total 349696K, used 125680K [0x00000007a0000000, 0x00000007b5580000, 0x00000007b5580000)
  object space 349696K, 35% used [0x00000007a0000000,0x00000007a7abc1e8,0x00000007b5580000)
 Metaspace       used 5452K, capacity 5616K, committed 5760K, reserved 1056768K
  class space    used 580K, capacity 630K, committed 640K, reserved 1048576K
}
{Heap before GC invocations=818 (full 87):
 PSYoungGen      total 154112K, used 116449K [0x00000007b5580000, 0x00000007c0000000, 0x00000007c0000000)
  eden space 134656K, 79% used [0x00000007b5580000,0x00000007bbd7a010,0x00000007bd900000)
  from space 19456K, 51% used [0x00000007bed00000,0x00000007bf6be798,0x00000007c0000000)
  to   space 19968K, 0% used [0x00000007bd900000,0x00000007bd900000,0x00000007bec80000)
 ParOldGen       total 349696K, used 125680K [0x00000007a0000000, 0x00000007b5580000, 0x00000007b5580000)
  object space 349696K, 35% used [0x00000007a0000000,0x00000007a7abc1e8,0x00000007b5580000)
 Metaspace       used 5452K, capacity 5616K, committed 5760K, reserved 1056768K
  class space    used 580K, capacity 630K, committed 640K, reserved 1048576K
2018-07-25T18:08:59.583-0800: 61.863: [GC (Allocation Failure) [PSYoungGen: 116449K->0K(154624K)] 242130K->161620K(504320K), 0.0051595 secs] [Times: user=0.03 sys=0.00, real=0.00 secs] 
Heap after GC invocations=818 (full 87):
 PSYoungGen      total 154624K, used 0K [0x00000007b5580000, 0x00000007c0000000, 0x00000007c0000000)
  eden space 134656K, 0% used [0x00000007b5580000,0x00000007b5580000,0x00000007bd900000)
  from space 19968K, 0% used [0x00000007bd900000,0x00000007bd900000,0x00000007bec80000)
  to   space 19456K, 0% used [0x00000007bed00000,0x00000007bed00000,0x00000007c0000000)
 ParOldGen       total 349696K, used 161620K [0x00000007a0000000, 0x00000007b5580000, 0x00000007b5580000)
  object space 349696K, 46% used [0x00000007a0000000,0x00000007a9dd5088,0x00000007b5580000)
 Metaspace       used 5452K, capacity 5616K, committed 5760K, reserved 1056768K
  class space    used 580K, capacity 630K, committed 640K, reserved 1048576K
}
{Heap before GC invocations=819 (full 87):
 PSYoungGen      total 154624K, used 129263K [0x00000007b5580000, 0x00000007c0000000, 0x00000007c0000000)
  eden space 134656K, 95% used [0x00000007b5580000,0x00000007bd3bbcc8,0x00000007bd900000)
  from space 19968K, 0% used [0x00000007bd900000,0x00000007bd900000,0x00000007bec80000)
  to   space 19456K, 0% used [0x00000007bed00000,0x00000007bed00000,0x00000007c0000000)
 ParOldGen       total 349696K, used 161620K [0x00000007a0000000, 0x00000007b5580000, 0x00000007b5580000)
  object space 349696K, 46% used [0x00000007a0000000,0x00000007a9dd5088,0x00000007b5580000)
 Metaspace       used 5452K, capacity 5616K, committed 5760K, reserved 1056768K
  class space    used 580K, capacity 630K, committed 640K, reserved 1048576K
2018-07-25T18:08:59.698-0800: 61.979: [GC (Allocation Failure) [PSYoungGen: 129263K->9978K(154112K)] 290883K->223681K(503808K), 0.0057840 secs] [Times: user=0.04 sys=0.00, real=0.01 secs] 
Heap after GC invocations=819 (full 87):
 PSYoungGen      total 154112K, used 9978K [0x00000007b5580000, 0x00000007c0000000, 0x00000007c0000000)
  eden space 134656K, 0% used [0x00000007b5580000,0x00000007b5580000,0x00000007bd900000)
  from space 19456K, 51% used [0x00000007bed00000,0x00000007bf6be8f0,0x00000007c0000000)
  to   space 19968K, 0% used [0x00000007bd900000,0x00000007bd900000,0x00000007bec80000)
 ParOldGen       total 349696K, used 213703K [0x00000007a0000000, 0x00000007b5580000, 0x00000007b5580000)
  object space 349696K, 61% used [0x00000007a0000000,0x00000007ad0b1e38,0x00000007b5580000)
 Metaspace       used 5452K, capacity 5616K, committed 5760K, reserved 1056768K
  class space    used 580K, capacity 630K, committed 640K, reserved 1048576K
}
{Heap before GC invocations=820 (full 87):
 PSYoungGen      total 154112K, used 142630K [0x00000007b5580000, 0x00000007c0000000, 0x00000007c0000000)
  eden space 134656K, 98% used [0x00000007b5580000,0x00000007bd70b278,0x00000007bd900000)
  from space 19456K, 51% used [0x00000007bed00000,0x00000007bf6be8f0,0x00000007c0000000)
  to   space 19968K, 0% used [0x00000007bd900000,0x00000007bd900000,0x00000007bec80000)
 ParOldGen       total 349696K, used 213703K [0x00000007a0000000, 0x00000007b5580000, 0x00000007b5580000)
  object space 349696K, 61% used [0x00000007a0000000,0x00000007ad0b1e38,0x00000007b5580000)
 Metaspace       used 5452K, capacity 5616K, committed 5760K, reserved 1056768K
  class space    used 580K, capacity 630K, committed 640K, reserved 1048576K
2018-07-25T18:08:59.796-0800: 62.077: [GC (Allocation Failure) [PSYoungGen: 142630K->180K(154624K)] 356334K->213884K(504320K), 0.0015302 secs] [Times: user=0.00 sys=0.00, real=0.00 secs] 
Heap after GC invocations=820 (full 87):
 PSYoungGen      total 154624K, used 180K [0x00000007b5580000, 0x00000007c0000000, 0x00000007c0000000)
  eden space 134656K, 0% used [0x00000007b5580000,0x00000007b5580000,0x00000007bd900000)
  from space 19968K, 0% used [0x00000007bd900000,0x00000007bd92d3b0,0x00000007bec80000)
  to   space 19456K, 0% used [0x00000007bed00000,0x00000007bed00000,0x00000007c0000000)
 ParOldGen       total 349696K, used 213703K [0x00000007a0000000, 0x00000007b5580000, 0x00000007b5580000)
  object space 349696K, 61% used [0x00000007a0000000,0x00000007ad0b1e38,0x00000007b5580000)
 Metaspace       used 5452K, capacity 5616K, committed 5760K, reserved 1056768K
  class space    used 580K, capacity 630K, committed 640K, reserved 1048576K
}
{Heap before GC invocations=821 (full 87):
 PSYoungGen      total 154624K, used 129651K [0x00000007b5580000, 0x00000007c0000000, 0x00000007c0000000)
  eden space 134656K, 96% used [0x00000007b5580000,0x00000007bd3efae0,0x00000007bd900000)
  from space 19968K, 0% used [0x00000007bd900000,0x00000007bd92d3b0,0x00000007bec80000)
  to   space 19456K, 0% used [0x00000007bed00000,0x00000007bed00000,0x00000007c0000000)
 ParOldGen       total 349696K, used 213703K [0x00000007a0000000, 0x00000007b5580000, 0x00000007b5580000)
  object space 349696K, 61% used [0x00000007a0000000,0x00000007ad0b1e38,0x00000007b5580000)
 Metaspace       used 5452K, capacity 5616K, committed 5760K, reserved 1056768K
  class space    used 580K, capacity 630K, committed 640K, reserved 1048576K
2018-07-25T18:08:59.828-0800: 62.109: [GC (Allocation Failure) [PSYoungGen: 129651K->9797K(155136K)] 343355K->275717K(504832K), 0.0090919 secs] [Times: user=0.07 sys=0.00, real=0.01 secs] 
Heap after GC invocations=821 (full 87):
 PSYoungGen      total 155136K, used 9797K [0x00000007b5580000, 0x00000007c0000000, 0x00000007c0000000)
  eden space 135680K, 0% used [0x00000007b5580000,0x00000007b5580000,0x00000007bda00000)
  from space 19456K, 50% used [0x00000007bed00000,0x00000007bf691698,0x00000007c0000000)
  to   space 19456K, 0% used [0x00000007bda00000,0x00000007bda00000,0x00000007bed00000)
 ParOldGen       total 349696K, used 265919K [0x00000007a0000000, 0x00000007b5580000, 0x00000007b5580000)
  object space 349696K, 76% used [0x00000007a0000000,0x00000007b03aff80,0x00000007b5580000)
 Metaspace       used 5452K, capacity 5616K, committed 5760K, reserved 1056768K
  class space    used 580K, capacity 630K, committed 640K, reserved 1048576K
}
{Heap before GC invocations=822 (full 87):
 PSYoungGen      total 155136K, used 139334K [0x00000007b5580000, 0x00000007c0000000, 0x00000007c0000000)
  eden space 135680K, 95% used [0x00000007b5580000,0x00000007bd400520,0x00000007bda00000)
  from space 19456K, 50% used [0x00000007bed00000,0x00000007bf691698,0x00000007c0000000)
  to   space 19456K, 0% used [0x00000007bda00000,0x00000007bda00000,0x00000007bed00000)
 ParOldGen       total 349696K, used 265919K [0x00000007a0000000, 0x00000007b5580000, 0x00000007b5580000)
  object space 349696K, 76% used [0x00000007a0000000,0x00000007b03aff80,0x00000007b5580000)
 Metaspace       used 5452K, capacity 5616K, committed 5760K, reserved 1056768K
  class space    used 580K, capacity 630K, committed 640K, reserved 1048576K
2018-07-25T18:08:59.957-0800: 62.237: [GC (Allocation Failure) [PSYoungGen: 139334K->9946K(145920K)] 405254K->301908K(495616K), 0.0046576 secs] [Times: user=0.03 sys=0.00, real=0.01 secs] 
Heap after GC invocations=822 (full 87):
 PSYoungGen      total 145920K, used 9946K [0x00000007b5580000, 0x00000007c0000000, 0x00000007c0000000)
  eden space 135680K, 0% used [0x00000007b5580000,0x00000007b5580000,0x00000007bda00000)
  from space 10240K, 97% used [0x00000007bda00000,0x00000007be3b6ba0,0x00000007be400000)
  to   space 19968K, 0% used [0x00000007bec80000,0x00000007bec80000,0x00000007c0000000)
 ParOldGen       total 349696K, used 291961K [0x00000007a0000000, 0x00000007b5580000, 0x00000007b5580000)
  object space 349696K, 83% used [0x00000007a0000000,0x00000007b1d1e648,0x00000007b5580000)
 Metaspace       used 5452K, capacity 5616K, committed 5760K, reserved 1056768K
  class space    used 580K, capacity 630K, committed 640K, reserved 1048576K
}
{Heap before GC invocations=823 (full 88):
 PSYoungGen      total 145920K, used 9946K [0x00000007b5580000, 0x00000007c0000000, 0x00000007c0000000)
  eden space 135680K, 0% used [0x00000007b5580000,0x00000007b5580000,0x00000007bda00000)
  from space 10240K, 97% used [0x00000007bda00000,0x00000007be3b6ba0,0x00000007be400000)
  to   space 19968K, 0% used [0x00000007bec80000,0x00000007bec80000,0x00000007c0000000)
 ParOldGen       total 349696K, used 291961K [0x00000007a0000000, 0x00000007b5580000, 0x00000007b5580000)
  object space 349696K, 83% used [0x00000007a0000000,0x00000007b1d1e648,0x00000007b5580000)
 Metaspace       used 5452K, capacity 5616K, committed 5760K, reserved 1056768K
  class space    used 580K, capacity 630K, committed 640K, reserved 1048576K
2018-07-25T18:08:59.961-0800: 62.242: [Full GC (Ergonomics) [PSYoungGen: 9946K->0K(145920K)] [ParOldGen: 291961K->47701K(349696K)] 301908K->47701K(495616K), [Metaspace: 5452K->5452K(1056768K)], 0.0080056 secs] [Times: user=0.04 sys=0.00, real=0.01 secs] 
Heap after GC invocations=823 (full 88):
 PSYoungGen      total 145920K, used 0K [0x00000007b5580000, 0x00000007c0000000, 0x00000007c0000000)
  eden space 135680K, 0% used [0x00000007b5580000,0x00000007b5580000,0x00000007bda00000)
  from space 10240K, 0% used [0x00000007bda00000,0x00000007bda00000,0x00000007be400000)
  to   space 19968K, 0% used [0x00000007bec80000,0x00000007bec80000,0x00000007c0000000)
 ParOldGen       total 349696K, used 47701K [0x00000007a0000000, 0x00000007b5580000, 0x00000007b5580000)
  object space 349696K, 13% used [0x00000007a0000000,0x00000007a2e955e8,0x00000007b5580000)
 Metaspace       used 5452K, capacity 5616K, committed 5760K, reserved 1056768K
  class space    used 580K, capacity 630K, committed 640K, reserved 1048576K
}
{Heap before GC invocations=824 (full 88):
 PSYoungGen      total 145920K, used 106490K [0x00000007b5580000, 0x00000007c0000000, 0x00000007c0000000)
  eden space 135680K, 78% used [0x00000007b5580000,0x00000007bbd7eaf8,0x00000007bda00000)
  from space 10240K, 0% used [0x00000007bda00000,0x00000007bda00000,0x00000007be400000)
  to   space 19968K, 0% used [0x00000007bec80000,0x00000007bec80000,0x00000007c0000000)
 ParOldGen       total 349696K, used 47701K [0x00000007a0000000, 0x00000007b5580000, 0x00000007b5580000)
  object space 349696K, 13% used [0x00000007a0000000,0x00000007a2e955e8,0x00000007b5580000)
 Metaspace       used 5452K, capacity 5616K, committed 5760K, reserved 1056768K
  class space    used 580K, capacity 630K, committed 640K, reserved 1048576K
2018-07-25T18:08:59.984-0800: 62.265: [GC (Allocation Failure) [PSYoungGen: 106490K->0K(155136K)] 154192K->125826K(504832K), 0.0098499 secs] [Times: user=0.08 sys=0.00, real=0.01 secs] 
Heap after GC invocations=824 (full 88):
 PSYoungGen      total 155136K, used 0K [0x00000007b5580000, 0x00000007c0000000, 0x00000007c0000000)
  eden space 135168K, 0% used [0x00000007b5580000,0x00000007b5580000,0x00000007bd980000)
  from space 19968K, 0% used [0x00000007bec80000,0x00000007bec80000,0x00000007c0000000)
  to   space 19456K, 0% used [0x00000007bd980000,0x00000007bd980000,0x00000007bec80000)
 ParOldGen       total 349696K, used 125826K [0x00000007a0000000, 0x00000007b5580000, 0x00000007b5580000)
  object space 349696K, 35% used [0x00000007a0000000,0x00000007a7ae0a88,0x00000007b5580000)
 Metaspace       used 5452K, capacity 5616K, committed 5760K, reserved 1056768K
  class space    used 580K, capacity 630K, committed 640K, reserved 1048576K
}
{Heap before GC invocations=825 (full 88):
 PSYoungGen      total 155136K, used 128921K [0x00000007b5580000, 0x00000007c0000000, 0x00000007c0000000)
  eden space 135168K, 95% used [0x00000007b5580000,0x00000007bd366418,0x00000007bd980000)
  from space 19968K, 0% used [0x00000007bec80000,0x00000007bec80000,0x00000007c0000000)
  to   space 19456K, 0% used [0x00000007bd980000,0x00000007bd980000,0x00000007bec80000)
 ParOldGen       total 349696K, used 125826K [0x00000007a0000000, 0x00000007b5580000, 0x00000007b5580000)
  object space 349696K, 35% used [0x00000007a0000000,0x00000007a7ae0a88,0x00000007b5580000)
 Metaspace       used 5452K, capacity 5616K, committed 5760K, reserved 1056768K
  class space    used 580K, capacity 630K, committed 640K, reserved 1048576K
2018-07-25T18:09:00.110-0800: 62.391: [GC (Allocation Failure) [PSYoungGen: 128921K->10011K(154624K)] 254747K->187921K(504320K), 0.0059396 secs] [Times: user=0.04 sys=0.00, real=0.00 secs] 
Heap after GC invocations=825 (full 88):
 PSYoungGen      total 154624K, used 10011K [0x00000007b5580000, 0x00000007c0000000, 0x00000007c0000000)
  eden space 135168K, 0% used [0x00000007b5580000,0x00000007b5580000,0x00000007bd980000)
  from space 19456K, 51% used [0x00000007bd980000,0x00000007be346cf8,0x00000007bec80000)
  to   space 19968K, 0% used [0x00000007bec80000,0x00000007bec80000,0x00000007c0000000)
 ParOldGen       total 349696K, used 177910K [0x00000007a0000000, 0x00000007b5580000, 0x00000007b5580000)
  object space 349696K, 50% used [0x00000007a0000000,0x00000007aadbd838,0x00000007b5580000)
 Metaspace       used 5452K, capacity 5616K, committed 5760K, reserved 1056768K
  class space    used 580K, capacity 630K, committed 640K, reserved 1048576K
}
{Heap before GC invocations=826 (full 88):
 PSYoungGen      total 154624K, used 142445K [0x00000007b5580000, 0x00000007c0000000, 0x00000007c0000000)
  eden space 135168K, 97% used [0x00000007b5580000,0x00000007bd6d4720,0x00000007bd980000)
  from space 19456K, 51% used [0x00000007bd980000,0x00000007be346cf8,0x00000007bec80000)
  to   space 19968K, 0% used [0x00000007bec80000,0x00000007bec80000,0x00000007c0000000)
 ParOldGen       total 349696K, used 177910K [0x00000007a0000000, 0x00000007b5580000, 0x00000007b5580000)
  object space 349696K, 50% used [0x00000007a0000000,0x00000007aadbd838,0x00000007b5580000)
 Metaspace       used 5452K, capacity 5616K, committed 5760K, reserved 1056768K
  class space    used 580K, capacity 630K, committed 640K, reserved 1048576K
2018-07-25T18:09:00.207-0800: 62.488: [GC (Allocation Failure) [PSYoungGen: 142445K->213K(155136K)] 320355K->178123K(504832K), 0.0012201 secs] [Times: user=0.01 sys=0.00, real=0.00 secs] 
Heap after GC invocations=826 (full 88):
 PSYoungGen      total 155136K, used 213K [0x00000007b5580000, 0x00000007c0000000, 0x00000007c0000000)
  eden space 135168K, 0% used [0x00000007b5580000,0x00000007b5580000,0x00000007bd980000)
  from space 19968K, 1% used [0x00000007bec80000,0x00000007becb57b8,0x00000007c0000000)
  to   space 19456K, 0% used [0x00000007bd980000,0x00000007bd980000,0x00000007bec80000)
 ParOldGen       total 349696K, used 177910K [0x00000007a0000000, 0x00000007b5580000, 0x00000007b5580000)
  object space 349696K, 50% used [0x00000007a0000000,0x00000007aadbd838,0x00000007b5580000)
 Metaspace       used 5452K, capacity 5616K, committed 5760K, reserved 1056768K
  class space    used 580K, capacity 630K, committed 640K, reserved 1048576K
}
{Heap before GC invocations=827 (full 88):
 PSYoungGen      total 155136K, used 129547K [0x00000007b5580000, 0x00000007c0000000, 0x00000007c0000000)
  eden space 135168K, 95% used [0x00000007b5580000,0x00000007bd3cd650,0x00000007bd980000)
  from space 19968K, 1% used [0x00000007bec80000,0x00000007becb57b8,0x00000007c0000000)
  to   space 19456K, 0% used [0x00000007bd980000,0x00000007bd980000,0x00000007bec80000)
 ParOldGen       total 349696K, used 177910K [0x00000007a0000000, 0x00000007b5580000, 0x00000007b5580000)
  object space 349696K, 50% used [0x00000007a0000000,0x00000007aadbd838,0x00000007b5580000)
 Metaspace       used 5452K, capacity 5616K, committed 5760K, reserved 1056768K
  class space    used 580K, capacity 630K, committed 640K, reserved 1048576K
2018-07-25T18:09:00.238-0800: 62.518: [GC (Allocation Failure) [PSYoungGen: 129547K->9797K(154624K)] 307457K->239933K(504320K), 0.0077699 secs] [Times: user=0.06 sys=0.00, real=0.01 secs] 
Heap after GC invocations=827 (full 88):
 PSYoungGen      total 154624K, used 9797K [0x00000007b5580000, 0x00000007c0000000, 0x00000007c0000000)
  eden space 135168K, 0% used [0x00000007b5580000,0x00000007b5580000,0x00000007bd980000)
  from space 19456K, 50% used [0x00000007bd980000,0x00000007be311698,0x00000007bec80000)
  to   space 19456K, 0% used [0x00000007bed00000,0x00000007bed00000,0x00000007c0000000)
 ParOldGen       total 349696K, used 230135K [0x00000007a0000000, 0x00000007b5580000, 0x00000007b5580000)
  object space 349696K, 65% used [0x00000007a0000000,0x00000007ae0bdd88,0x00000007b5580000)
 Metaspace       used 5452K, capacity 5616K, committed 5760K, reserved 1056768K
  class space    used 580K, capacity 630K, committed 640K, reserved 1048576K
}
{Heap before GC invocations=828 (full 88):
 PSYoungGen      total 154624K, used 139230K [0x00000007b5580000, 0x00000007c0000000, 0x00000007c0000000)
  eden space 135168K, 95% used [0x00000007b5580000,0x00000007bd3e64c0,0x00000007bd980000)
  from space 19456K, 50% used [0x00000007bd980000,0x00000007be311698,0x00000007bec80000)
  to   space 19456K, 0% used [0x00000007bed00000,0x00000007bed00000,0x00000007c0000000)
 ParOldGen       total 349696K, used 230135K [0x00000007a0000000, 0x00000007b5580000, 0x00000007b5580000)
  object space 349696K, 65% used [0x00000007a0000000,0x00000007ae0bdd88,0x00000007b5580000)
 Metaspace       used 5452K, capacity 5616K, committed 5760K, reserved 1056768K
  class space    used 580K, capacity 630K, committed 640K, reserved 1048576K
2018-07-25T18:09:00.354-0800: 62.635: [GC (Allocation Failure) [PSYoungGen: 139230K->9979K(154112K)] 369366K->266156K(503808K), 0.0044333 secs] [Times: user=0.03 sys=0.00, real=0.00 secs] 
Heap after GC invocations=828 (full 88):
 PSYoungGen      total 154112K, used 9979K [0x00000007b5580000, 0x00000007c0000000, 0x00000007c0000000)
  eden space 134656K, 0% used [0x00000007b5580000,0x00000007b5580000,0x00000007bd900000)
  from space 19456K, 51% used [0x00000007bed00000,0x00000007bf6befa8,0x00000007c0000000)
  to   space 19968K, 0% used [0x00000007bd900000,0x00000007bd900000,0x00000007bec80000)
 ParOldGen       total 349696K, used 256177K [0x00000007a0000000, 0x00000007b5580000, 0x00000007b5580000)
  object space 349696K, 73% used [0x00000007a0000000,0x00000007afa2c450,0x00000007b5580000)
 Metaspace       used 5452K, capacity 5616K, committed 5760K, reserved 1056768K
  class space    used 580K, capacity 630K, committed 640K, reserved 1048576K
}
{Heap before GC invocations=829 (full 88):
 PSYoungGen      total 154112K, used 116392K [0x00000007b5580000, 0x00000007c0000000, 0x00000007c0000000)
  eden space 134656K, 79% used [0x00000007b5580000,0x00000007bbd6b288,0x00000007bd900000)
  from space 19456K, 51% used [0x00000007bed00000,0x00000007bf6befa8,0x00000007c0000000)
  to   space 19968K, 0% used [0x00000007bd900000,0x00000007bd900000,0x00000007bec80000)
 ParOldGen       total 349696K, used 256177K [0x00000007a0000000, 0x00000007b5580000, 0x00000007b5580000)
  object space 349696K, 73% used [0x00000007a0000000,0x00000007afa2c450,0x00000007b5580000)
 Metaspace       used 5452K, capacity 5616K, committed 5760K, reserved 1056768K
  class space    used 580K, capacity 630K, committed 640K, reserved 1048576K
2018-07-25T18:09:00.373-0800: 62.654: [GC (Allocation Failure) [PSYoungGen: 116392K->0K(154624K)] 372569K->292118K(504320K), 0.0053834 secs] [Times: user=0.03 sys=0.00, real=0.00 secs] 
Heap after GC invocations=829 (full 88):
 PSYoungGen      total 154624K, used 0K [0x00000007b5580000, 0x00000007c0000000, 0x00000007c0000000)
  eden space 134656K, 0% used [0x00000007b5580000,0x00000007b5580000,0x00000007bd900000)
  from space 19968K, 0% used [0x00000007bd900000,0x00000007bd900000,0x00000007bec80000)
  to   space 19456K, 0% used [0x00000007bed00000,0x00000007bed00000,0x00000007c0000000)
 ParOldGen       total 349696K, used 292118K [0x00000007a0000000, 0x00000007b5580000, 0x00000007b5580000)
  object space 349696K, 83% used [0x00000007a0000000,0x00000007b1d45b00,0x00000007b5580000)
 Metaspace       used 5452K, capacity 5616K, committed 5760K, reserved 1056768K
  class space    used 580K, capacity 630K, committed 640K, reserved 1048576K
}
{Heap before GC invocations=830 (full 89):
 PSYoungGen      total 154624K, used 0K [0x00000007b5580000, 0x00000007c0000000, 0x00000007c0000000)
  eden space 134656K, 0% used [0x00000007b5580000,0x00000007b5580000,0x00000007bd900000)
  from space 19968K, 0% used [0x00000007bd900000,0x00000007bd900000,0x00000007bec80000)
  to   space 19456K, 0% used [0x00000007bed00000,0x00000007bed00000,0x00000007c0000000)
 ParOldGen       total 349696K, used 292118K [0x00000007a0000000, 0x00000007b5580000, 0x00000007b5580000)
  object space 349696K, 83% used [0x00000007a0000000,0x00000007b1d45b00,0x00000007b5580000)
 Metaspace       used 5452K, capacity 5616K, committed 5760K, reserved 1056768K
  class space    used 580K, capacity 630K, committed 640K, reserved 1048576K
2018-07-25T18:09:00.379-0800: 62.659: [Full GC (Ergonomics) [PSYoungGen: 0K->0K(154624K)] [ParOldGen: 292118K->47702K(349696K)] 292118K->47702K(504320K), [Metaspace: 5452K->5452K(1056768K)], 0.0100843 secs] [Times: user=0.05 sys=0.01, real=0.01 secs] 
Heap after GC invocations=830 (full 89):
 PSYoungGen      total 154624K, used 0K [0x00000007b5580000, 0x00000007c0000000, 0x00000007c0000000)
  eden space 134656K, 0% used [0x00000007b5580000,0x00000007b5580000,0x00000007bd900000)
  from space 19968K, 0% used [0x00000007bd900000,0x00000007bd900000,0x00000007bec80000)
  to   space 19456K, 0% used [0x00000007bed00000,0x00000007bed00000,0x00000007c0000000)
 ParOldGen       total 349696K, used 47702K [0x00000007a0000000, 0x00000007b5580000, 0x00000007b5580000)
  object space 349696K, 13% used [0x00000007a0000000,0x00000007a2e959d0,0x00000007b5580000)
 Metaspace       used 5452K, capacity 5616K, committed 5760K, reserved 1056768K
  class space    used 580K, capacity 630K, committed 640K, reserved 1048576K
}
{Heap before GC invocations=831 (full 89):
 PSYoungGen      total 154624K, used 129225K [0x00000007b5580000, 0x00000007c0000000, 0x00000007c0000000)
  eden space 134656K, 95% used [0x00000007b5580000,0x00000007bd3b2478,0x00000007bd900000)
  from space 19968K, 0% used [0x00000007bd900000,0x00000007bd900000,0x00000007bec80000)
  to   space 19456K, 0% used [0x00000007bed00000,0x00000007bed00000,0x00000007c0000000)
 ParOldGen       total 349696K, used 47702K [0x00000007a0000000, 0x00000007b5580000, 0x00000007b5580000)
  object space 349696K, 13% used [0x00000007a0000000,0x00000007a2e959d0,0x00000007b5580000)
 Metaspace       used 5452K, capacity 5616K, committed 5760K, reserved 1056768K
  class space    used 580K, capacity 630K, committed 640K, reserved 1048576K
2018-07-25T18:09:00.511-0800: 62.791: [GC (Allocation Failure) [PSYoungGen: 129225K->10012K(154112K)] 176927K->109798K(503808K), 0.0064136 secs] [Times: user=0.05 sys=0.00, real=0.00 secs] 
Heap after GC invocations=831 (full 89):
 PSYoungGen      total 154112K, used 10012K [0x00000007b5580000, 0x00000007c0000000, 0x00000007c0000000)
  eden space 134656K, 0% used [0x00000007b5580000,0x00000007b5580000,0x00000007bd900000)
  from space 19456K, 51% used [0x00000007bed00000,0x00000007bf6c7100,0x00000007c0000000)
  to   space 19968K, 0% used [0x00000007bd900000,0x00000007bd900000,0x00000007bec80000)
 ParOldGen       total 349696K, used 99785K [0x00000007a0000000, 0x00000007b5580000, 0x00000007b5580000)
  object space 349696K, 28% used [0x00000007a0000000,0x00000007a6172780,0x00000007b5580000)
 Metaspace       used 5452K, capacity 5616K, committed 5760K, reserved 1056768K
  class space    used 580K, capacity 630K, committed 640K, reserved 1048576K
}
{Heap before GC invocations=832 (full 89):
 PSYoungGen      total 154112K, used 142623K [0x00000007b5580000, 0x00000007c0000000, 0x00000007c0000000)
  eden space 134656K, 98% used [0x00000007b5580000,0x00000007bd700d28,0x00000007bd900000)
  from space 19456K, 51% used [0x00000007bed00000,0x00000007bf6c7100,0x00000007c0000000)
  to   space 19968K, 0% used [0x00000007bd900000,0x00000007bd900000,0x00000007bec80000)
 ParOldGen       total 349696K, used 99785K [0x00000007a0000000, 0x00000007b5580000, 0x00000007b5580000)
  object space 349696K, 28% used [0x00000007a0000000,0x00000007a6172780,0x00000007b5580000)
 Metaspace       used 5452K, capacity 5616K, committed 5760K, reserved 1056768K
  class space    used 580K, capacity 630K, committed 640K, reserved 1048576K
2018-07-25T18:09:00.616-0800: 62.897: [GC (Allocation Failure) [PSYoungGen: 142623K->214K(154624K)] 242409K->100000K(504320K), 0.0009286 secs] [Times: user=0.01 sys=0.00, real=0.00 secs] 
Heap after GC invocations=832 (full 89):
 PSYoungGen      total 154624K, used 214K [0x00000007b5580000, 0x00000007c0000000, 0x00000007c0000000)
  eden space 134656K, 0% used [0x00000007b5580000,0x00000007b5580000,0x00000007bd900000)
  from space 19968K, 1% used [0x00000007bd900000,0x00000007bd935bc0,0x00000007bec80000)
  to   space 19456K, 0% used [0x00000007bed00000,0x00000007bed00000,0x00000007c0000000)
 ParOldGen       total 349696K, used 99785K [0x00000007a0000000, 0x00000007b5580000, 0x00000007b5580000)
  object space 349696K, 28% used [0x00000007a0000000,0x00000007a6172780,0x00000007b5580000)
 Metaspace       used 5452K, capacity 5616K, committed 5760K, reserved 1056768K
  class space    used 580K, capacity 630K, committed 640K, reserved 1048576K
}
{Heap before GC invocations=833 (full 89):
 PSYoungGen      total 154624K, used 129659K [0x00000007b5580000, 0x00000007c0000000, 0x00000007c0000000)
  eden space 134656K, 96% used [0x00000007b5580000,0x00000007bd3e90d0,0x00000007bd900000)
  from space 19968K, 1% used [0x00000007bd900000,0x00000007bd935bc0,0x00000007bec80000)
  to   space 19456K, 0% used [0x00000007bed00000,0x00000007bed00000,0x00000007c0000000)
 ParOldGen       total 349696K, used 99785K [0x00000007a0000000, 0x00000007b5580000, 0x00000007b5580000)
  object space 349696K, 28% used [0x00000007a0000000,0x00000007a6172780,0x00000007b5580000)
 Metaspace       used 5452K, capacity 5616K, committed 5760K, reserved 1056768K
  class space    used 580K, capacity 630K, committed 640K, reserved 1048576K
2018-07-25T18:09:00.647-0800: 62.927: [GC (Allocation Failure) [PSYoungGen: 129659K->9797K(155136K)] 229445K->161817K(504832K), 0.0069181 secs] [Times: user=0.05 sys=0.00, real=0.01 secs] 
Heap after GC invocations=833 (full 89):
 PSYoungGen      total 155136K, used 9797K [0x00000007b5580000, 0x00000007c0000000, 0x00000007c0000000)
  eden space 135680K, 0% used [0x00000007b5580000,0x00000007b5580000,0x00000007bda00000)
  from space 19456K, 50% used [0x00000007bed00000,0x00000007bf691698,0x00000007c0000000)
  to   space 19456K, 0% used [0x00000007bda00000,0x00000007bda00000,0x00000007bed00000)
 ParOldGen       total 349696K, used 152020K [0x00000007a0000000, 0x00000007b5580000, 0x00000007b5580000)
  object space 349696K, 43% used [0x00000007a0000000,0x00000007a94750d8,0x00000007b5580000)
 Metaspace       used 5452K, capacity 5616K, committed 5760K, reserved 1056768K
  class space    used 580K, capacity 630K, committed 640K, reserved 1048576K
}
{Heap before GC invocations=834 (full 89):
 PSYoungGen      total 155136K, used 139317K [0x00000007b5580000, 0x00000007c0000000, 0x00000007c0000000)
  eden space 135680K, 95% used [0x00000007b5580000,0x00000007bd3fc0a8,0x00000007bda00000)
  from space 19456K, 50% used [0x00000007bed00000,0x00000007bf691698,0x00000007c0000000)
  to   space 19456K, 0% used [0x00000007bda00000,0x00000007bda00000,0x00000007bed00000)
 ParOldGen       total 349696K, used 152020K [0x00000007a0000000, 0x00000007b5580000, 0x00000007b5580000)
  object space 349696K, 43% used [0x00000007a0000000,0x00000007a94750d8,0x00000007b5580000)
 Metaspace       used 5452K, capacity 5616K, committed 5760K, reserved 1056768K
  class space    used 580K, capacity 630K, committed 640K, reserved 1048576K
2018-07-25T18:09:00.760-0800: 63.041: [GC (Allocation Failure) [PSYoungGen: 139317K->9980K(145920K)] 291338K->188042K(495616K), 0.0044614 secs] [Times: user=0.03 sys=0.00, real=0.00 secs] 
Heap after GC invocations=834 (full 89):
 PSYoungGen      total 145920K, used 9980K [0x00000007b5580000, 0x00000007c0000000, 0x00000007c0000000)
  eden space 135680K, 0% used [0x00000007b5580000,0x00000007b5580000,0x00000007bda00000)
  from space 10240K, 97% used [0x00000007bda00000,0x00000007be3bf3b0,0x00000007be400000)
  to   space 19968K, 0% used [0x00000007bec80000,0x00000007bec80000,0x00000007c0000000)
 ParOldGen       total 349696K, used 178061K [0x00000007a0000000, 0x00000007b5580000, 0x00000007b5580000)
  object space 349696K, 50% used [0x00000007a0000000,0x00000007aade37a0,0x00000007b5580000)
 Metaspace       used 5452K, capacity 5616K, committed 5760K, reserved 1056768K
  class space    used 580K, capacity 630K, committed 640K, reserved 1048576K
}
{Heap before GC invocations=835 (full 89):
 PSYoungGen      total 145920K, used 116460K [0x00000007b5580000, 0x00000007c0000000, 0x00000007c0000000)
  eden space 135680K, 78% used [0x00000007b5580000,0x00000007bbd7bed0,0x00000007bda00000)
  from space 10240K, 97% used [0x00000007bda00000,0x00000007be3bf3b0,0x00000007be400000)
  to   space 19968K, 0% used [0x00000007bec80000,0x00000007bec80000,0x00000007c0000000)
 ParOldGen       total 349696K, used 178061K [0x00000007a0000000, 0x00000007b5580000, 0x00000007b5580000)
  object space 349696K, 50% used [0x00000007a0000000,0x00000007aade37a0,0x00000007b5580000)
 Metaspace       used 5452K, capacity 5616K, committed 5760K, reserved 1056768K
  class space    used 580K, capacity 630K, committed 640K, reserved 1048576K
2018-07-25T18:09:00.777-0800: 63.057: [GC (Allocation Failure) [PSYoungGen: 116460K->0K(155136K)] 294522K->214012K(504832K), 0.0045597 secs] [Times: user=0.03 sys=0.00, real=0.01 secs] 
Heap after GC invocations=835 (full 89):
 PSYoungGen      total 155136K, used 0K [0x00000007b5580000, 0x00000007c0000000, 0x00000007c0000000)
  eden space 135168K, 0% used [0x00000007b5580000,0x00000007b5580000,0x00000007bd980000)
  from space 19968K, 0% used [0x00000007bec80000,0x00000007bec80000,0x00000007c0000000)
  to   space 19456K, 0% used [0x00000007bd980000,0x00000007bd980000,0x00000007bec80000)
 ParOldGen       total 349696K, used 214012K [0x00000007a0000000, 0x00000007b5580000, 0x00000007b5580000)
  object space 349696K, 61% used [0x00000007a0000000,0x00000007ad0ff258,0x00000007b5580000)
 Metaspace       used 5452K, capacity 5616K, committed 5760K, reserved 1056768K
  class space    used 580K, capacity 630K, committed 640K, reserved 1048576K
}
{Heap before GC invocations=836 (full 89):
 PSYoungGen      total 155136K, used 129265K [0x00000007b5580000, 0x00000007c0000000, 0x00000007c0000000)
  eden space 135168K, 95% used [0x00000007b5580000,0x00000007bd3bc6a0,0x00000007bd980000)
  from space 19968K, 0% used [0x00000007bec80000,0x00000007bec80000,0x00000007c0000000)
  to   space 19456K, 0% used [0x00000007bd980000,0x00000007bd980000,0x00000007bec80000)
 ParOldGen       total 349696K, used 214012K [0x00000007a0000000, 0x00000007b5580000, 0x00000007b5580000)
  object space 349696K, 61% used [0x00000007a0000000,0x00000007ad0ff258,0x00000007b5580000)
 Metaspace       used 5452K, capacity 5616K, committed 5760K, reserved 1056768K
  class space    used 580K, capacity 630K, committed 640K, reserved 1048576K
2018-07-25T18:09:00.888-0800: 63.169: [GC (Allocation Failure) [PSYoungGen: 129265K->9981K(154624K)] 343278K->276077K(504320K), 0.0056008 secs] [Times: user=0.04 sys=0.00, real=0.01 secs] 
Heap after GC invocations=836 (full 89):
 PSYoungGen      total 154624K, used 9981K [0x00000007b5580000, 0x00000007c0000000, 0x00000007c0000000)
  eden space 135168K, 0% used [0x00000007b5580000,0x00000007b5580000,0x00000007bd980000)
  from space 19456K, 51% used [0x00000007bd980000,0x00000007be33f508,0x00000007bec80000)
  to   space 19968K, 0% used [0x00000007bec80000,0x00000007bec80000,0x00000007c0000000)
 ParOldGen       total 349696K, used 266096K [0x00000007a0000000, 0x00000007b5580000, 0x00000007b5580000)
  object space 349696K, 76% used [0x00000007a0000000,0x00000007b03dc008,0x00000007b5580000)
 Metaspace       used 5452K, capacity 5616K, committed 5760K, reserved 1056768K
  class space    used 580K, capacity 630K, committed 640K, reserved 1048576K
}
{Heap before GC invocations=837 (full 89):
 PSYoungGen      total 154624K, used 142639K [0x00000007b5580000, 0x00000007c0000000, 0x00000007c0000000)
  eden space 135168K, 98% used [0x00000007b5580000,0x00000007bd70c730,0x00000007bd980000)
  from space 19456K, 51% used [0x00000007bd980000,0x00000007be33f508,0x00000007bec80000)
  to   space 19968K, 0% used [0x00000007bec80000,0x00000007bec80000,0x00000007c0000000)
 ParOldGen       total 349696K, used 266096K [0x00000007a0000000, 0x00000007b5580000, 0x00000007b5580000)
  object space 349696K, 76% used [0x00000007a0000000,0x00000007b03dc008,0x00000007b5580000)
 Metaspace       used 5452K, capacity 5616K, committed 5760K, reserved 1056768K
  class space    used 580K, capacity 630K, committed 640K, reserved 1048576K
2018-07-25T18:09:00.986-0800: 63.267: [GC (Allocation Failure) [PSYoungGen: 142639K->183K(155136K)] 408735K->266279K(504832K), 0.0015076 secs] [Times: user=0.00 sys=0.00, real=0.00 secs] 
Heap after GC invocations=837 (full 89):
 PSYoungGen      total 155136K, used 183K [0x00000007b5580000, 0x00000007c0000000, 0x00000007c0000000)
  eden space 135168K, 0% used [0x00000007b5580000,0x00000007b5580000,0x00000007bd980000)
  from space 19968K, 0% used [0x00000007bec80000,0x00000007becadfc8,0x00000007c0000000)
  to   space 19456K, 0% used [0x00000007bd980000,0x00000007bd980000,0x00000007bec80000)
 ParOldGen       total 349696K, used 266096K [0x00000007a0000000, 0x00000007b5580000, 0x00000007b5580000)
  object space 349696K, 76% used [0x00000007a0000000,0x00000007b03dc008,0x00000007b5580000)
 Metaspace       used 5452K, capacity 5616K, committed 5760K, reserved 1056768K
  class space    used 580K, capacity 630K, committed 640K, reserved 1048576K
}
{Heap before GC invocations=838 (full 89):
 PSYoungGen      total 155136K, used 129661K [0x00000007b5580000, 0x00000007c0000000, 0x00000007c0000000)
  eden space 135168K, 95% used [0x00000007b5580000,0x00000007bd3f16a8,0x00000007bd980000)
  from space 19968K, 0% used [0x00000007bec80000,0x00000007becadfc8,0x00000007c0000000)
  to   space 19456K, 0% used [0x00000007bd980000,0x00000007bd980000,0x00000007bec80000)
 ParOldGen       total 349696K, used 266096K [0x00000007a0000000, 0x00000007b5580000, 0x00000007b5580000)
  object space 349696K, 76% used [0x00000007a0000000,0x00000007b03dc008,0x00000007b5580000)
 Metaspace       used 5452K, capacity 5616K, committed 5760K, reserved 1056768K
  class space    used 580K, capacity 630K, committed 640K, reserved 1048576K
2018-07-25T18:09:01.017-0800: 63.297: [GC (Allocation Failure) [PSYoungGen: 129661K->9797K(154624K)] 395757K->328113K(504320K), 0.0078512 secs] [Times: user=0.06 sys=0.00, real=0.01 secs] 
Heap after GC invocations=838 (full 89):
 PSYoungGen      total 154624K, used 9797K [0x00000007b5580000, 0x00000007c0000000, 0x00000007c0000000)
  eden space 135168K, 0% used [0x00000007b5580000,0x00000007b5580000,0x00000007bd980000)
  from space 19456K, 50% used [0x00000007bd980000,0x00000007be311698,0x00000007bec80000)
  to   space 19456K, 0% used [0x00000007bed00000,0x00000007bed00000,0x00000007c0000000)
 ParOldGen       total 349696K, used 318315K [0x00000007a0000000, 0x00000007b5580000, 0x00000007b5580000)
  object space 349696K, 91% used [0x00000007a0000000,0x00000007b36dad68,0x00000007b5580000)
 Metaspace       used 5452K, capacity 5616K, committed 5760K, reserved 1056768K
  class space    used 580K, capacity 630K, committed 640K, reserved 1048576K
}
{Heap before GC invocations=839 (full 90):
 PSYoungGen      total 154624K, used 9797K [0x00000007b5580000, 0x00000007c0000000, 0x00000007c0000000)
  eden space 135168K, 0% used [0x00000007b5580000,0x00000007b5580000,0x00000007bd980000)
  from space 19456K, 50% used [0x00000007bd980000,0x00000007be311698,0x00000007bec80000)
  to   space 19456K, 0% used [0x00000007bed00000,0x00000007bed00000,0x00000007c0000000)
 ParOldGen       total 349696K, used 318315K [0x00000007a0000000, 0x00000007b5580000, 0x00000007b5580000)
  object space 349696K, 91% used [0x00000007a0000000,0x00000007b36dad68,0x00000007b5580000)
 Metaspace       used 5452K, capacity 5616K, committed 5760K, reserved 1056768K
  class space    used 580K, capacity 630K, committed 640K, reserved 1048576K
2018-07-25T18:09:01.025-0800: 63.305: [Full GC (Ergonomics) [PSYoungGen: 9797K->0K(154624K)] [ParOldGen: 318315K->73745K(349696K)] 328113K->73745K(504320K), [Metaspace: 5452K->5452K(1056768K)], 0.0109611 secs] [Times: user=0.06 sys=0.00, real=0.01 secs] 
Heap after GC invocations=839 (full 90):
 PSYoungGen      total 154624K, used 0K [0x00000007b5580000, 0x00000007c0000000, 0x00000007c0000000)
  eden space 135168K, 0% used [0x00000007b5580000,0x00000007b5580000,0x00000007bd980000)
  from space 19456K, 0% used [0x00000007bd980000,0x00000007bd980000,0x00000007bec80000)
  to   space 19456K, 0% used [0x00000007bed00000,0x00000007bed00000,0x00000007c0000000)
 ParOldGen       total 349696K, used 73745K [0x00000007a0000000, 0x00000007b5580000, 0x00000007b5580000)
  object space 349696K, 21% used [0x00000007a0000000,0x00000007a4804730,0x00000007b5580000)
 Metaspace       used 5452K, capacity 5616K, committed 5760K, reserved 1056768K
  class space    used 580K, capacity 630K, committed 640K, reserved 1048576K
}
{Heap before GC invocations=840 (full 90):
 PSYoungGen      total 154624K, used 129525K [0x00000007b5580000, 0x00000007c0000000, 0x00000007c0000000)
  eden space 135168K, 95% used [0x00000007b5580000,0x00000007bd3fd778,0x00000007bd980000)
  from space 19456K, 0% used [0x00000007bd980000,0x00000007bd980000,0x00000007bec80000)
  to   space 19456K, 0% used [0x00000007bed00000,0x00000007bed00000,0x00000007c0000000)
 ParOldGen       total 349696K, used 73745K [0x00000007a0000000, 0x00000007b5580000, 0x00000007b5580000)
  object space 349696K, 21% used [0x00000007a0000000,0x00000007a4804730,0x00000007b5580000)
 Metaspace       used 5452K, capacity 5616K, committed 5760K, reserved 1056768K
  class space    used 580K, capacity 630K, committed 640K, reserved 1048576K
2018-07-25T18:09:01.147-0800: 63.427: [GC (Allocation Failure) [PSYoungGen: 129525K->9981K(154112K)] 203271K->135811K(503808K), 0.0062368 secs] [Times: user=0.05 sys=0.00, real=0.01 secs] 
Heap after GC invocations=840 (full 90):
 PSYoungGen      total 154112K, used 9981K [0x00000007b5580000, 0x00000007c0000000, 0x00000007c0000000)
  eden space 134656K, 0% used [0x00000007b5580000,0x00000007b5580000,0x00000007bd900000)
  from space 19456K, 51% used [0x00000007bed00000,0x00000007bf6bf7b8,0x00000007c0000000)
  to   space 19968K, 0% used [0x00000007bd900000,0x00000007bd900000,0x00000007bec80000)
 ParOldGen       total 349696K, used 125829K [0x00000007a0000000, 0x00000007b5580000, 0x00000007b5580000)
  object space 349696K, 35% used [0x00000007a0000000,0x00000007a7ae1500,0x00000007b5580000)
 Metaspace       used 5452K, capacity 5616K, committed 5760K, reserved 1056768K
  class space    used 580K, capacity 630K, committed 640K, reserved 1048576K
}
{Heap before GC invocations=841 (full 90):
 PSYoungGen      total 154112K, used 116454K [0x00000007b5580000, 0x00000007c0000000, 0x00000007c0000000)
  eden space 134656K, 79% used [0x00000007b5580000,0x00000007bbd7a0b8,0x00000007bd900000)
  from space 19456K, 51% used [0x00000007bed00000,0x00000007bf6bf7b8,0x00000007c0000000)
  to   space 19968K, 0% used [0x00000007bd900000,0x00000007bd900000,0x00000007bec80000)
 ParOldGen       total 349696K, used 125829K [0x00000007a0000000, 0x00000007b5580000, 0x00000007b5580000)
  object space 349696K, 35% used [0x00000007a0000000,0x00000007a7ae1500,0x00000007b5580000)
 Metaspace       used 5452K, capacity 5616K, committed 5760K, reserved 1056768K
  class space    used 580K, capacity 630K, committed 640K, reserved 1048576K
2018-07-25T18:09:01.165-0800: 63.446: [GC (Allocation Failure) [PSYoungGen: 116454K->0K(154624K)] 242283K->161780K(504320K), 0.0049713 secs] [Times: user=0.04 sys=0.00, real=0.01 secs] 
Heap after GC invocations=841 (full 90):
 PSYoungGen      total 154624K, used 0K [0x00000007b5580000, 0x00000007c0000000, 0x00000007c0000000)
  eden space 134656K, 0% used [0x00000007b5580000,0x00000007b5580000,0x00000007bd900000)
  from space 19968K, 0% used [0x00000007bd900000,0x00000007bd900000,0x00000007bec80000)
  to   space 19456K, 0% used [0x00000007bed00000,0x00000007bed00000,0x00000007c0000000)
 ParOldGen       total 349696K, used 161780K [0x00000007a0000000, 0x00000007b5580000, 0x00000007b5580000)
  object space 349696K, 46% used [0x00000007a0000000,0x00000007a9dfd3c0,0x00000007b5580000)
 Metaspace       used 5452K, capacity 5616K, committed 5760K, reserved 1056768K
  class space    used 580K, capacity 630K, committed 640K, reserved 1048576K
}
{Heap before GC invocations=842 (full 90):
 PSYoungGen      total 154624K, used 129263K [0x00000007b5580000, 0x00000007c0000000, 0x00000007c0000000)
  eden space 134656K, 95% used [0x00000007b5580000,0x00000007bd3bbdc8,0x00000007bd900000)
  from space 19968K, 0% used [0x00000007bd900000,0x00000007bd900000,0x00000007bec80000)
  to   space 19456K, 0% used [0x00000007bed00000,0x00000007bed00000,0x00000007c0000000)
 ParOldGen       total 349696K, used 161780K [0x00000007a0000000, 0x00000007b5580000, 0x00000007b5580000)
  object space 349696K, 46% used [0x00000007a0000000,0x00000007a9dfd3c0,0x00000007b5580000)
 Metaspace       used 5452K, capacity 5616K, committed 5760K, reserved 1056768K
  class space    used 580K, capacity 630K, committed 640K, reserved 1048576K
2018-07-25T18:09:01.277-0800: 63.557: [GC (Allocation Failure) [PSYoungGen: 129263K->9950K(154112K)] 291044K->223814K(503808K), 0.0053964 secs] [Times: user=0.04 sys=0.00, real=0.01 secs] 
Heap after GC invocations=842 (full 90):
 PSYoungGen      total 154112K, used 9950K [0x00000007b5580000, 0x00000007c0000000, 0x00000007c0000000)
  eden space 134656K, 0% used [0x00000007b5580000,0x00000007b5580000,0x00000007bd900000)
  from space 19456K, 51% used [0x00000007bed00000,0x00000007bf6b7910,0x00000007c0000000)
  to   space 19968K, 0% used [0x00000007bd900000,0x00000007bd900000,0x00000007bec80000)
 ParOldGen       total 349696K, used 213864K [0x00000007a0000000, 0x00000007b5580000, 0x00000007b5580000)
  object space 349696K, 61% used [0x00000007a0000000,0x00000007ad0da170,0x00000007b5580000)
 Metaspace       used 5452K, capacity 5616K, committed 5760K, reserved 1056768K
  class space    used 580K, capacity 630K, committed 640K, reserved 1048576K
}
{Heap before GC invocations=843 (full 90):
 PSYoungGen      total 154112K, used 142603K [0x00000007b5580000, 0x00000007c0000000, 0x00000007c0000000)
  eden space 134656K, 98% used [0x00000007b5580000,0x00000007bd70b318,0x00000007bd900000)
  from space 19456K, 51% used [0x00000007bed00000,0x00000007bf6b7910,0x00000007c0000000)
  to   space 19968K, 0% used [0x00000007bd900000,0x00000007bd900000,0x00000007bec80000)
 ParOldGen       total 349696K, used 213864K [0x00000007a0000000, 0x00000007b5580000, 0x00000007b5580000)
  object space 349696K, 61% used [0x00000007a0000000,0x00000007ad0da170,0x00000007b5580000)
 Metaspace       used 5452K, capacity 5616K, committed 5760K, reserved 1056768K
  class space    used 580K, capacity 630K, committed 640K, reserved 1048576K
2018-07-25T18:09:01.373-0800: 63.654: [GC (Allocation Failure) [PSYoungGen: 142603K->184K(154624K)] 356467K->214049K(504320K), 0.0015217 secs] [Times: user=0.01 sys=0.00, real=0.00 secs] 
Heap after GC invocations=843 (full 90):
 PSYoungGen      total 154624K, used 184K [0x00000007b5580000, 0x00000007c0000000, 0x00000007c0000000)
  eden space 134656K, 0% used [0x00000007b5580000,0x00000007b5580000,0x00000007bd900000)
  from space 19968K, 0% used [0x00000007bd900000,0x00000007bd92e3d0,0x00000007bec80000)
  to   space 19456K, 0% used [0x00000007bed00000,0x00000007bed00000,0x00000007c0000000)
 ParOldGen       total 349696K, used 213864K [0x00000007a0000000, 0x00000007b5580000, 0x00000007b5580000)
  object space 349696K, 61% used [0x00000007a0000000,0x00000007ad0da170,0x00000007b5580000)
 Metaspace       used 5452K, capacity 5616K, committed 5760K, reserved 1056768K
  class space    used 580K, capacity 630K, committed 640K, reserved 1048576K
}
{Heap before GC invocations=844 (full 90):
 PSYoungGen      total 154624K, used 129655K [0x00000007b5580000, 0x00000007c0000000, 0x00000007c0000000)
  eden space 134656K, 96% used [0x00000007b5580000,0x00000007bd3efbb8,0x00000007bd900000)
  from space 19968K, 0% used [0x00000007bd900000,0x00000007bd92e3d0,0x00000007bec80000)
  to   space 19456K, 0% used [0x00000007bed00000,0x00000007bed00000,0x00000007c0000000)
 ParOldGen       total 349696K, used 213864K [0x00000007a0000000, 0x00000007b5580000, 0x00000007b5580000)
  object space 349696K, 61% used [0x00000007a0000000,0x00000007ad0da170,0x00000007b5580000)
 Metaspace       used 5452K, capacity 5616K, committed 5760K, reserved 1056768K
  class space    used 580K, capacity 630K, committed 640K, reserved 1048576K
2018-07-25T18:09:01.404-0800: 63.684: [GC (Allocation Failure) [PSYoungGen: 129655K->9797K(155136K)] 343520K->275882K(504832K), 0.0080956 secs] [Times: user=0.06 sys=0.01, real=0.01 secs] 
Heap after GC invocations=844 (full 90):
 PSYoungGen      total 155136K, used 9797K [0x00000007b5580000, 0x00000007c0000000, 0x00000007c0000000)
  eden space 135680K, 0% used [0x00000007b5580000,0x00000007b5580000,0x00000007bda00000)
  from space 19456K, 50% used [0x00000007bed00000,0x00000007bf691698,0x00000007c0000000)
  to   space 19456K, 0% used [0x00000007bda00000,0x00000007bda00000,0x00000007bed00000)
 ParOldGen       total 349696K, used 266084K [0x00000007a0000000, 0x00000007b5580000, 0x00000007b5580000)
  object space 349696K, 76% used [0x00000007a0000000,0x00000007b03d92d8,0x00000007b5580000)
 Metaspace       used 5452K, capacity 5616K, committed 5760K, reserved 1056768K
  class space    used 580K, capacity 630K, committed 640K, reserved 1048576K
}
{Heap before GC invocations=845 (full 90):
 PSYoungGen      total 155136K, used 139335K [0x00000007b5580000, 0x00000007c0000000, 0x00000007c0000000)
  eden space 135680K, 95% used [0x00000007b5580000,0x00000007bd400628,0x00000007bda00000)
  from space 19456K, 50% used [0x00000007bed00000,0x00000007bf691698,0x00000007c0000000)
  to   space 19456K, 0% used [0x00000007bda00000,0x00000007bda00000,0x00000007bed00000)
 ParOldGen       total 349696K, used 266084K [0x00000007a0000000, 0x00000007b5580000, 0x00000007b5580000)
  object space 349696K, 76% used [0x00000007a0000000,0x00000007b03d92d8,0x00000007b5580000)
 Metaspace       used 5452K, capacity 5616K, committed 5760K, reserved 1056768K
  class space    used 580K, capacity 630K, committed 640K, reserved 1048576K
2018-07-25T18:09:01.518-0800: 63.799: [GC (Allocation Failure) [PSYoungGen: 139335K->10014K(145920K)] 405419K->302141K(495616K), 0.0045083 secs] [Times: user=0.03 sys=0.00, real=0.01 secs] 
Heap after GC invocations=845 (full 90):
 PSYoungGen      total 145920K, used 10014K [0x00000007b5580000, 0x00000007c0000000, 0x00000007c0000000)
  eden space 135680K, 0% used [0x00000007b5580000,0x00000007b5580000,0x00000007bda00000)
  from space 10240K, 97% used [0x00000007bda00000,0x00000007be3c7bc0,0x00000007be400000)
  to   space 19968K, 0% used [0x00000007bec80000,0x00000007bec80000,0x00000007c0000000)
 ParOldGen       total 349696K, used 292126K [0x00000007a0000000, 0x00000007b5580000, 0x00000007b5580000)
  object space 349696K, 83% used [0x00000007a0000000,0x00000007b1d479a0,0x00000007b5580000)
 Metaspace       used 5452K, capacity 5616K, committed 5760K, reserved 1056768K
  class space    used 580K, capacity 630K, committed 640K, reserved 1048576K
}
{Heap before GC invocations=846 (full 91):
 PSYoungGen      total 145920K, used 10014K [0x00000007b5580000, 0x00000007c0000000, 0x00000007c0000000)
  eden space 135680K, 0% used [0x00000007b5580000,0x00000007b5580000,0x00000007bda00000)
  from space 10240K, 97% used [0x00000007bda00000,0x00000007be3c7bc0,0x00000007be400000)
  to   space 19968K, 0% used [0x00000007bec80000,0x00000007bec80000,0x00000007c0000000)
 ParOldGen       total 349696K, used 292126K [0x00000007a0000000, 0x00000007b5580000, 0x00000007b5580000)
  object space 349696K, 83% used [0x00000007a0000000,0x00000007b1d479a0,0x00000007b5580000)
 Metaspace       used 5452K, capacity 5616K, committed 5760K, reserved 1056768K
  class space    used 580K, capacity 630K, committed 640K, reserved 1048576K
2018-07-25T18:09:01.523-0800: 63.803: [Full GC (Ergonomics) [PSYoungGen: 10014K->0K(145920K)] [ParOldGen: 292126K->47705K(349696K)] 302141K->47705K(495616K), [Metaspace: 5452K->5452K(1056768K)], 0.0074866 secs] [Times: user=0.03 sys=0.00, real=0.01 secs] 
Heap after GC invocations=846 (full 91):
 PSYoungGen      total 145920K, used 0K [0x00000007b5580000, 0x00000007c0000000, 0x00000007c0000000)
  eden space 135680K, 0% used [0x00000007b5580000,0x00000007b5580000,0x00000007bda00000)
  from space 10240K, 0% used [0x00000007bda00000,0x00000007bda00000,0x00000007be400000)
  to   space 19968K, 0% used [0x00000007bec80000,0x00000007bec80000,0x00000007c0000000)
 ParOldGen       total 349696K, used 47705K [0x00000007a0000000, 0x00000007b5580000, 0x00000007b5580000)
  object space 349696K, 13% used [0x00000007a0000000,0x00000007a2e96608,0x00000007b5580000)
 Metaspace       used 5452K, capacity 5616K, committed 5760K, reserved 1056768K
  class space    used 580K, capacity 630K, committed 640K, reserved 1048576K
}
{Heap before GC invocations=847 (full 91):
 PSYoungGen      total 145920K, used 106490K [0x00000007b5580000, 0x00000007c0000000, 0x00000007c0000000)
  eden space 135680K, 78% used [0x00000007b5580000,0x00000007bbd7eba8,0x00000007bda00000)
  from space 10240K, 0% used [0x00000007bda00000,0x00000007bda00000,0x00000007be400000)
  to   space 19968K, 0% used [0x00000007bec80000,0x00000007bec80000,0x00000007c0000000)
 ParOldGen       total 349696K, used 47705K [0x00000007a0000000, 0x00000007b5580000, 0x00000007b5580000)
  object space 349696K, 13% used [0x00000007a0000000,0x00000007a2e96608,0x00000007b5580000)
 Metaspace       used 5452K, capacity 5616K, committed 5760K, reserved 1056768K
  class space    used 580K, capacity 630K, committed 640K, reserved 1048576K
2018-07-25T18:09:01.543-0800: 63.823: [GC (Allocation Failure) [PSYoungGen: 106490K->0K(155136K)] 154196K->125830K(504832K), 0.0099326 secs] [Times: user=0.07 sys=0.00, real=0.01 secs] 
Heap after GC invocations=847 (full 91):
 PSYoungGen      total 155136K, used 0K [0x00000007b5580000, 0x00000007c0000000, 0x00000007c0000000)
  eden space 135168K, 0% used [0x00000007b5580000,0x00000007b5580000,0x00000007bd980000)
  from space 19968K, 0% used [0x00000007bec80000,0x00000007bec80000,0x00000007c0000000)
  to   space 19456K, 0% used [0x00000007bd980000,0x00000007bd980000,0x00000007bec80000)
 ParOldGen       total 349696K, used 125830K [0x00000007a0000000, 0x00000007b5580000, 0x00000007b5580000)
  object space 349696K, 35% used [0x00000007a0000000,0x00000007a7ae1aa8,0x00000007b5580000)
 Metaspace       used 5452K, capacity 5616K, committed 5760K, reserved 1056768K
  class space    used 580K, capacity 630K, committed 640K, reserved 1048576K
}
{Heap before GC invocations=848 (full 91):
 PSYoungGen      total 155136K, used 128921K [0x00000007b5580000, 0x00000007c0000000, 0x00000007c0000000)
  eden space 135168K, 95% used [0x00000007b5580000,0x00000007bd366480,0x00000007bd980000)
  from space 19968K, 0% used [0x00000007bec80000,0x00000007bec80000,0x00000007c0000000)
  to   space 19456K, 0% used [0x00000007bd980000,0x00000007bd980000,0x00000007bec80000)
 ParOldGen       total 349696K, used 125830K [0x00000007a0000000, 0x00000007b5580000, 0x00000007b5580000)
  object space 349696K, 35% used [0x00000007a0000000,0x00000007a7ae1aa8,0x00000007b5580000)
 Metaspace       used 5452K, capacity 5616K, committed 5760K, reserved 1056768K
  class space    used 580K, capacity 630K, committed 640K, reserved 1048576K
2018-07-25T18:09:01.672-0800: 63.952: [GC (Allocation Failure) [PSYoungGen: 128921K->9983K(154624K)] 254751K->187897K(504320K), 0.0070664 secs] [Times: user=0.05 sys=0.00, real=0.00 secs] 
Heap after GC invocations=848 (full 91):
 PSYoungGen      total 154624K, used 9983K [0x00000007b5580000, 0x00000007c0000000, 0x00000007c0000000)
  eden space 135168K, 0% used [0x00000007b5580000,0x00000007b5580000,0x00000007bd980000)
  from space 19456K, 51% used [0x00000007bd980000,0x00000007be33fd18,0x00000007bec80000)
  to   space 19968K, 0% used [0x00000007bec80000,0x00000007bec80000,0x00000007c0000000)
 ParOldGen       total 349696K, used 177914K [0x00000007a0000000, 0x00000007b5580000, 0x00000007b5580000)
  object space 349696K, 50% used [0x00000007a0000000,0x00000007aadbe858,0x00000007b5580000)
 Metaspace       used 5452K, capacity 5616K, committed 5760K, reserved 1056768K
  class space    used 580K, capacity 630K, committed 640K, reserved 1048576K
}
{Heap before GC invocations=849 (full 91):
 PSYoungGen      total 154624K, used 142417K [0x00000007b5580000, 0x00000007c0000000, 0x00000007c0000000)
  eden space 135168K, 97% used [0x00000007b5580000,0x00000007bd6d4768,0x00000007bd980000)
  from space 19456K, 51% used [0x00000007bd980000,0x00000007be33fd18,0x00000007bec80000)
  to   space 19968K, 0% used [0x00000007bec80000,0x00000007bec80000,0x00000007c0000000)
 ParOldGen       total 349696K, used 177914K [0x00000007a0000000, 0x00000007b5580000, 0x00000007b5580000)
  object space 349696K, 50% used [0x00000007a0000000,0x00000007aadbe858,0x00000007b5580000)
 Metaspace       used 5452K, capacity 5616K, committed 5760K, reserved 1056768K
  class space    used 580K, capacity 630K, committed 640K, reserved 1048576K
2018-07-25T18:09:01.782-0800: 64.063: [GC (Allocation Failure) [PSYoungGen: 142417K->185K(155136K)] 320331K->178100K(504832K), 0.0014080 secs] [Times: user=0.00 sys=0.00, real=0.00 secs] 
Heap after GC invocations=849 (full 91):
 PSYoungGen      total 155136K, used 185K [0x00000007b5580000, 0x00000007c0000000, 0x00000007c0000000)
  eden space 135168K, 0% used [0x00000007b5580000,0x00000007b5580000,0x00000007bd980000)
  from space 19968K, 0% used [0x00000007bec80000,0x00000007becae7d8,0x00000007c0000000)
  to   space 19456K, 0% used [0x00000007bd980000,0x00000007bd980000,0x00000007bec80000)
 ParOldGen       total 349696K, used 177914K [0x00000007a0000000, 0x00000007b5580000, 0x00000007b5580000)
  object space 349696K, 50% used [0x00000007a0000000,0x00000007aadbe858,0x00000007b5580000)
 Metaspace       used 5452K, capacity 5616K, committed 5760K, reserved 1056768K
  class space    used 580K, capacity 630K, committed 640K, reserved 1048576K
}
{Heap before GC invocations=850 (full 91):
 PSYoungGen      total 155136K, used 129519K [0x00000007b5580000, 0x00000007c0000000, 0x00000007c0000000)
  eden space 135168K, 95% used [0x00000007b5580000,0x00000007bd3cd6f0,0x00000007bd980000)
  from space 19968K, 0% used [0x00000007bec80000,0x00000007becae7d8,0x00000007c0000000)
  to   space 19456K, 0% used [0x00000007bd980000,0x00000007bd980000,0x00000007bec80000)
 ParOldGen       total 349696K, used 177914K [0x00000007a0000000, 0x00000007b5580000, 0x00000007b5580000)
  object space 349696K, 50% used [0x00000007a0000000,0x00000007aadbe858,0x00000007b5580000)
 Metaspace       used 5452K, capacity 5616K, committed 5760K, reserved 1056768K
  class space    used 580K, capacity 630K, committed 640K, reserved 1048576K
2018-07-25T18:09:01.820-0800: 64.100: [GC (Allocation Failure) [PSYoungGen: 129519K->9797K(154624K)] 307433K->239933K(504320K), 0.0081899 secs] [Times: user=0.06 sys=0.00, real=0.00 secs] 
Heap after GC invocations=850 (full 91):
 PSYoungGen      total 154624K, used 9797K [0x00000007b5580000, 0x00000007c0000000, 0x00000007c0000000)
  eden space 135168K, 0% used [0x00000007b5580000,0x00000007b5580000,0x00000007bd980000)
  from space 19456K, 50% used [0x00000007bd980000,0x00000007be311698,0x00000007bec80000)
  to   space 19456K, 0% used [0x00000007bed00000,0x00000007bed00000,0x00000007c0000000)
 ParOldGen       total 349696K, used 230135K [0x00000007a0000000, 0x00000007b5580000, 0x00000007b5580000)
  object space 349696K, 65% used [0x00000007a0000000,0x00000007ae0bddc8,0x00000007b5580000)
 Metaspace       used 5452K, capacity 5616K, committed 5760K, reserved 1056768K
  class space    used 580K, capacity 630K, committed 640K, reserved 1048576K
}
{Heap before GC invocations=851 (full 91):
 PSYoungGen      total 154624K, used 139231K [0x00000007b5580000, 0x00000007c0000000, 0x00000007c0000000)
  eden space 135168K, 95% used [0x00000007b5580000,0x00000007bd3e65a0,0x00000007bd980000)
  from space 19456K, 50% used [0x00000007bd980000,0x00000007be311698,0x00000007bec80000)
  to   space 19456K, 0% used [0x00000007bed00000,0x00000007bed00000,0x00000007c0000000)
 ParOldGen       total 349696K, used 230135K [0x00000007a0000000, 0x00000007b5580000, 0x00000007b5580000)
  object space 349696K, 65% used [0x00000007a0000000,0x00000007ae0bddc8,0x00000007b5580000)
 Metaspace       used 5452K, capacity 5616K, committed 5760K, reserved 1056768K
  class space    used 580K, capacity 630K, committed 640K, reserved 1048576K
2018-07-25T18:09:01.933-0800: 64.214: [GC (Allocation Failure) [PSYoungGen: 139231K->9983K(154112K)] 369366K->266161K(503808K), 0.0049482 secs] [Times: user=0.04 sys=0.00, real=0.00 secs] 
Heap after GC invocations=851 (full 91):
 PSYoungGen      total 154112K, used 9983K [0x00000007b5580000, 0x00000007c0000000, 0x00000007c0000000)
  eden space 134656K, 0% used [0x00000007b5580000,0x00000007b5580000,0x00000007bd900000)
  from space 19456K, 51% used [0x00000007bed00000,0x00000007bf6bffc8,0x00000007c0000000)
  to   space 19968K, 0% used [0x00000007bd900000,0x00000007bd900000,0x00000007bec80000)
 ParOldGen       total 349696K, used 256177K [0x00000007a0000000, 0x00000007b5580000, 0x00000007b5580000)
  object space 349696K, 73% used [0x00000007a0000000,0x00000007afa2c490,0x00000007b5580000)
 Metaspace       used 5452K, capacity 5616K, committed 5760K, reserved 1056768K
  class space    used 580K, capacity 630K, committed 640K, reserved 1048576K
}
{Heap before GC invocations=852 (full 91):
 PSYoungGen      total 154112K, used 116396K [0x00000007b5580000, 0x00000007c0000000, 0x00000007c0000000)
  eden space 134656K, 79% used [0x00000007b5580000,0x00000007bbd6b318,0x00000007bd900000)
  from space 19456K, 51% used [0x00000007bed00000,0x00000007bf6bffc8,0x00000007c0000000)
  to   space 19968K, 0% used [0x00000007bd900000,0x00000007bd900000,0x00000007bec80000)
 ParOldGen       total 349696K, used 256177K [0x00000007a0000000, 0x00000007b5580000, 0x00000007b5580000)
  object space 349696K, 73% used [0x00000007a0000000,0x00000007afa2c490,0x00000007b5580000)
 Metaspace       used 5452K, capacity 5616K, committed 5760K, reserved 1056768K
  class space    used 580K, capacity 630K, committed 640K, reserved 1048576K
2018-07-25T18:09:01.955-0800: 64.235: [GC (Allocation Failure) [PSYoungGen: 116396K->0K(154624K)] 372573K->292122K(504320K), 0.0047049 secs] [Times: user=0.03 sys=0.00, real=0.01 secs] 
Heap after GC invocations=852 (full 91):
 PSYoungGen      total 154624K, used 0K [0x00000007b5580000, 0x00000007c0000000, 0x00000007c0000000)
  eden space 134656K, 0% used [0x00000007b5580000,0x00000007b5580000,0x00000007bd900000)
  from space 19968K, 0% used [0x00000007bd900000,0x00000007bd900000,0x00000007bec80000)
  to   space 19456K, 0% used [0x00000007bed00000,0x00000007bed00000,0x00000007c0000000)
 ParOldGen       total 349696K, used 292122K [0x00000007a0000000, 0x00000007b5580000, 0x00000007b5580000)
  object space 349696K, 83% used [0x00000007a0000000,0x00000007b1d46b60,0x00000007b5580000)
 Metaspace       used 5452K, capacity 5616K, committed 5760K, reserved 1056768K
  class space    used 580K, capacity 630K, committed 640K, reserved 1048576K
}
{Heap before GC invocations=853 (full 92):
 PSYoungGen      total 154624K, used 0K [0x00000007b5580000, 0x00000007c0000000, 0x00000007c0000000)
  eden space 134656K, 0% used [0x00000007b5580000,0x00000007b5580000,0x00000007bd900000)
  from space 19968K, 0% used [0x00000007bd900000,0x00000007bd900000,0x00000007bec80000)
  to   space 19456K, 0% used [0x00000007bed00000,0x00000007bed00000,0x00000007c0000000)
 ParOldGen       total 349696K, used 292122K [0x00000007a0000000, 0x00000007b5580000, 0x00000007b5580000)
  object space 349696K, 83% used [0x00000007a0000000,0x00000007b1d46b60,0x00000007b5580000)
 Metaspace       used 5452K, capacity 5616K, committed 5760K, reserved 1056768K
  class space    used 580K, capacity 630K, committed 640K, reserved 1048576K
2018-07-25T18:09:01.960-0800: 64.240: [Full GC (Ergonomics) [PSYoungGen: 0K->0K(154624K)] [ParOldGen: 292122K->47706K(349696K)] 292122K->47706K(504320K), [Metaspace: 5452K->5452K(1056768K)], 0.0074064 secs] [Times: user=0.04 sys=0.00, real=0.00 secs] 
Heap after GC invocations=853 (full 92):
 PSYoungGen      total 154624K, used 0K [0x00000007b5580000, 0x00000007c0000000, 0x00000007c0000000)
  eden space 134656K, 0% used [0x00000007b5580000,0x00000007b5580000,0x00000007bd900000)
  from space 19968K, 0% used [0x00000007bd900000,0x00000007bd900000,0x00000007bec80000)
  to   space 19456K, 0% used [0x00000007bed00000,0x00000007bed00000,0x00000007c0000000)
 ParOldGen       total 349696K, used 47706K [0x00000007a0000000, 0x00000007b5580000, 0x00000007b5580000)
  object space 349696K, 13% used [0x00000007a0000000,0x00000007a2e969f0,0x00000007b5580000)
 Metaspace       used 5452K, capacity 5616K, committed 5760K, reserved 1056768K
  class space    used 580K, capacity 630K, committed 640K, reserved 1048576K
}
{Heap before GC invocations=854 (full 92):
 PSYoungGen      total 154624K, used 129225K [0x00000007b5580000, 0x00000007c0000000, 0x00000007c0000000)
  eden space 134656K, 95% used [0x00000007b5580000,0x00000007bd3b2568,0x00000007bd900000)
  from space 19968K, 0% used [0x00000007bd900000,0x00000007bd900000,0x00000007bec80000)
  to   space 19456K, 0% used [0x00000007bed00000,0x00000007bed00000,0x00000007c0000000)
 ParOldGen       total 349696K, used 47706K [0x00000007a0000000, 0x00000007b5580000, 0x00000007b5580000)
  object space 349696K, 13% used [0x00000007a0000000,0x00000007a2e969f0,0x00000007b5580000)
 Metaspace       used 5452K, capacity 5616K, committed 5760K, reserved 1056768K
  class space    used 580K, capacity 630K, committed 640K, reserved 1048576K
2018-07-25T18:09:02.076-0800: 64.356: [GC (Allocation Failure) [PSYoungGen: 129225K->9952K(154112K)] 176931K->109742K(503808K), 0.0063357 secs] [Times: user=0.04 sys=0.00, real=0.01 secs] 
Heap after GC invocations=854 (full 92):
 PSYoungGen      total 154112K, used 9952K [0x00000007b5580000, 0x00000007c0000000, 0x00000007c0000000)
  eden space 134656K, 0% used [0x00000007b5580000,0x00000007b5580000,0x00000007bd900000)
  from space 19456K, 51% used [0x00000007bed00000,0x00000007bf6b8120,0x00000007c0000000)
  to   space 19968K, 0% used [0x00000007bd900000,0x00000007bd900000,0x00000007bec80000)
 ParOldGen       total 349696K, used 99789K [0x00000007a0000000, 0x00000007b5580000, 0x00000007b5580000)
  object space 349696K, 28% used [0x00000007a0000000,0x00000007a61737a0,0x00000007b5580000)
 Metaspace       used 5452K, capacity 5616K, committed 5760K, reserved 1056768K
  class space    used 580K, capacity 630K, committed 640K, reserved 1048576K
}
{Heap before GC invocations=855 (full 92):
 PSYoungGen      total 154112K, used 142563K [0x00000007b5580000, 0x00000007c0000000, 0x00000007c0000000)
  eden space 134656K, 98% used [0x00000007b5580000,0x00000007bd700dc8,0x00000007bd900000)
  from space 19456K, 51% used [0x00000007bed00000,0x00000007bf6b8120,0x00000007c0000000)
  to   space 19968K, 0% used [0x00000007bd900000,0x00000007bd900000,0x00000007bec80000)
 ParOldGen       total 349696K, used 99789K [0x00000007a0000000, 0x00000007b5580000, 0x00000007b5580000)
  object space 349696K, 28% used [0x00000007a0000000,0x00000007a61737a0,0x00000007b5580000)
 Metaspace       used 5452K, capacity 5616K, committed 5760K, reserved 1056768K
  class space    used 580K, capacity 630K, committed 640K, reserved 1048576K
2018-07-25T18:09:02.177-0800: 64.457: [GC (Allocation Failure) [PSYoungGen: 142563K->250K(154624K)] 242353K->100040K(504320K), 0.0009887 secs] [Times: user=0.00 sys=0.00, real=0.00 secs] 
Heap after GC invocations=855 (full 92):
 PSYoungGen      total 154624K, used 250K [0x00000007b5580000, 0x00000007c0000000, 0x00000007c0000000)
  eden space 134656K, 0% used [0x00000007b5580000,0x00000007b5580000,0x00000007bd900000)
  from space 19968K, 1% used [0x00000007bd900000,0x00000007bd93ebe0,0x00000007bec80000)
  to   space 19456K, 0% used [0x00000007bed00000,0x00000007bed00000,0x00000007c0000000)
 ParOldGen       total 349696K, used 99789K [0x00000007a0000000, 0x00000007b5580000, 0x00000007b5580000)
  object space 349696K, 28% used [0x00000007a0000000,0x00000007a61737a0,0x00000007b5580000)
 Metaspace       used 5452K, capacity 5616K, committed 5760K, reserved 1056768K
  class space    used 580K, capacity 630K, committed 640K, reserved 1048576K
}
{Heap before GC invocations=856 (full 92):
 PSYoungGen      total 154624K, used 129695K [0x00000007b5580000, 0x00000007c0000000, 0x00000007c0000000)
  eden space 134656K, 96% used [0x00000007b5580000,0x00000007bd3e91a8,0x00000007bd900000)
  from space 19968K, 1% used [0x00000007bd900000,0x00000007bd93ebe0,0x00000007bec80000)
  to   space 19456K, 0% used [0x00000007bed00000,0x00000007bed00000,0x00000007c0000000)
 ParOldGen       total 349696K, used 99789K [0x00000007a0000000, 0x00000007b5580000, 0x00000007b5580000)
  object space 349696K, 28% used [0x00000007a0000000,0x00000007a61737a0,0x00000007b5580000)
 Metaspace       used 5452K, capacity 5616K, committed 5760K, reserved 1056768K
  class space    used 580K, capacity 630K, committed 640K, reserved 1048576K
2018-07-25T18:09:02.206-0800: 64.487: [GC (Allocation Failure) [PSYoungGen: 129695K->9797K(155136K)] 229485K->161825K(504832K), 0.0070749 secs] [Times: user=0.05 sys=0.00, real=0.01 secs] 
Heap after GC invocations=856 (full 92):
 PSYoungGen      total 155136K, used 9797K [0x00000007b5580000, 0x00000007c0000000, 0x00000007c0000000)
  eden space 135680K, 0% used [0x00000007b5580000,0x00000007b5580000,0x00000007bda00000)
  from space 19456K, 50% used [0x00000007bed00000,0x00000007bf691698,0x00000007c0000000)
  to   space 19456K, 0% used [0x00000007bda00000,0x00000007bda00000,0x00000007bed00000)
 ParOldGen       total 349696K, used 152028K [0x00000007a0000000, 0x00000007b5580000, 0x00000007b5580000)
  object space 349696K, 43% used [0x00000007a0000000,0x00000007a9477118,0x00000007b5580000)
 Metaspace       used 5452K, capacity 5616K, committed 5760K, reserved 1056768K
  class space    used 580K, capacity 630K, committed 640K, reserved 1048576K
}
{Heap before GC invocations=857 (full 92):
 PSYoungGen      total 155136K, used 139318K [0x00000007b5580000, 0x00000007c0000000, 0x00000007c0000000)
  eden space 135680K, 95% used [0x00000007b5580000,0x00000007bd3fc1b0,0x00000007bda00000)
  from space 19456K, 50% used [0x00000007bed00000,0x00000007bf691698,0x00000007c0000000)
  to   space 19456K, 0% used [0x00000007bda00000,0x00000007bda00000,0x00000007bed00000)
 ParOldGen       total 349696K, used 152028K [0x00000007a0000000, 0x00000007b5580000, 0x00000007b5580000)
  object space 349696K, 43% used [0x00000007a0000000,0x00000007a9477118,0x00000007b5580000)
 Metaspace       used 5452K, capacity 5616K, committed 5760K, reserved 1056768K
  class space    used 580K, capacity 630K, committed 640K, reserved 1048576K
2018-07-25T18:09:02.318-0800: 64.599: [GC (Allocation Failure) [PSYoungGen: 139318K->9952K(145920K)] 291346K->188022K(495616K), 0.0044036 secs] [Times: user=0.03 sys=0.00, real=0.01 secs] 
Heap after GC invocations=857 (full 92):
 PSYoungGen      total 145920K, used 9952K [0x00000007b5580000, 0x00000007c0000000, 0x00000007c0000000)
  eden space 135680K, 0% used [0x00000007b5580000,0x00000007b5580000,0x00000007bda00000)
  from space 10240K, 97% used [0x00000007bda00000,0x00000007be3b83d0,0x00000007be400000)
  to   space 19968K, 0% used [0x00000007bec80000,0x00000007bec80000,0x00000007c0000000)
 ParOldGen       total 349696K, used 178069K [0x00000007a0000000, 0x00000007b5580000, 0x00000007b5580000)
  object space 349696K, 50% used [0x00000007a0000000,0x00000007aade57e0,0x00000007b5580000)
 Metaspace       used 5452K, capacity 5616K, committed 5760K, reserved 1056768K
  class space    used 580K, capacity 630K, committed 640K, reserved 1048576K
}
{Heap before GC invocations=858 (full 92):
 PSYoungGen      total 145920K, used 116432K [0x00000007b5580000, 0x00000007c0000000, 0x00000007c0000000)
  eden space 135680K, 78% used [0x00000007b5580000,0x00000007bbd7bf80,0x00000007bda00000)
  from space 10240K, 97% used [0x00000007bda00000,0x00000007be3b83d0,0x00000007be400000)
  to   space 19968K, 0% used [0x00000007bec80000,0x00000007bec80000,0x00000007c0000000)
 ParOldGen       total 349696K, used 178069K [0x00000007a0000000, 0x00000007b5580000, 0x00000007b5580000)
  object space 349696K, 50% used [0x00000007a0000000,0x00000007aade57e0,0x00000007b5580000)
 Metaspace       used 5452K, capacity 5616K, committed 5760K, reserved 1056768K
  class space    used 580K, capacity 630K, committed 640K, reserved 1048576K
2018-07-25T18:09:02.335-0800: 64.615: [GC (Allocation Failure) [PSYoungGen: 116432K->0K(155136K)] 294502K->214024K(504832K), 0.0049297 secs] [Times: user=0.04 sys=0.01, real=0.01 secs] 
Heap after GC invocations=858 (full 92):
 PSYoungGen      total 155136K, used 0K [0x00000007b5580000, 0x00000007c0000000, 0x00000007c0000000)
  eden space 135168K, 0% used [0x00000007b5580000,0x00000007b5580000,0x00000007bd980000)
  from space 19968K, 0% used [0x00000007bec80000,0x00000007bec80000,0x00000007c0000000)
  to   space 19456K, 0% used [0x00000007bd980000,0x00000007bd980000,0x00000007bec80000)
 ParOldGen       total 349696K, used 214024K [0x00000007a0000000, 0x00000007b5580000, 0x00000007b5580000)
  object space 349696K, 61% used [0x00000007a0000000,0x00000007ad1022b8,0x00000007b5580000)
 Metaspace       used 5452K, capacity 5616K, committed 5760K, reserved 1056768K
  class space    used 580K, capacity 630K, committed 640K, reserved 1048576K
}
{Heap before GC invocations=859 (full 92):
 PSYoungGen      total 155136K, used 129265K [0x00000007b5580000, 0x00000007c0000000, 0x00000007c0000000)
  eden space 135168K, 95% used [0x00000007b5580000,0x00000007bd3bc7a0,0x00000007bd980000)
  from space 19968K, 0% used [0x00000007bec80000,0x00000007bec80000,0x00000007c0000000)
  to   space 19456K, 0% used [0x00000007bd980000,0x00000007bd980000,0x00000007bec80000)
 ParOldGen       total 349696K, used 214024K [0x00000007a0000000, 0x00000007b5580000, 0x00000007b5580000)
  object space 349696K, 61% used [0x00000007a0000000,0x00000007ad1022b8,0x00000007b5580000)
 Metaspace       used 5452K, capacity 5616K, committed 5760K, reserved 1056768K
  class space    used 580K, capacity 630K, committed 640K, reserved 1048576K
2018-07-25T18:09:02.446-0800: 64.726: [GC (Allocation Failure) [PSYoungGen: 129265K->9953K(154624K)] 343290K->276061K(504320K), 0.0057728 secs] [Times: user=0.04 sys=0.00, real=0.01 secs] 
Heap after GC invocations=859 (full 92):
 PSYoungGen      total 154624K, used 9953K [0x00000007b5580000, 0x00000007c0000000, 0x00000007c0000000)
  eden space 135168K, 0% used [0x00000007b5580000,0x00000007b5580000,0x00000007bd980000)
  from space 19456K, 51% used [0x00000007bd980000,0x00000007be338528,0x00000007bec80000)
  to   space 19968K, 0% used [0x00000007bec80000,0x00000007bec80000,0x00000007c0000000)
 ParOldGen       total 349696K, used 266108K [0x00000007a0000000, 0x00000007b5580000, 0x00000007b5580000)
  object space 349696K, 76% used [0x00000007a0000000,0x00000007b03df068,0x00000007b5580000)
 Metaspace       used 5452K, capacity 5616K, committed 5760K, reserved 1056768K
  class space    used 580K, capacity 630K, committed 640K, reserved 1048576K
}
{Heap before GC invocations=860 (full 92):
 PSYoungGen      total 154624K, used 142611K [0x00000007b5580000, 0x00000007c0000000, 0x00000007c0000000)
  eden space 135168K, 98% used [0x00000007b5580000,0x00000007bd70c7d0,0x00000007bd980000)
  from space 19456K, 51% used [0x00000007bd980000,0x00000007be338528,0x00000007bec80000)
  to   space 19968K, 0% used [0x00000007bec80000,0x00000007bec80000,0x00000007c0000000)
 ParOldGen       total 349696K, used 266108K [0x00000007a0000000, 0x00000007b5580000, 0x00000007b5580000)
  object space 349696K, 76% used [0x00000007a0000000,0x00000007b03df068,0x00000007b5580000)
 Metaspace       used 5452K, capacity 5616K, committed 5760K, reserved 1056768K
  class space    used 580K, capacity 630K, committed 640K, reserved 1048576K
2018-07-25T18:09:02.544-0800: 64.824: [GC (Allocation Failure) [PSYoungGen: 142611K->187K(155136K)] 408719K->266296K(504832K), 0.0015862 secs] [Times: user=0.01 sys=0.00, real=0.00 secs] 
Heap after GC invocations=860 (full 92):
 PSYoungGen      total 155136K, used 187K [0x00000007b5580000, 0x00000007c0000000, 0x00000007c0000000)
  eden space 135168K, 0% used [0x00000007b5580000,0x00000007b5580000,0x00000007bd980000)
  from space 19968K, 0% used [0x00000007bec80000,0x00000007becaefe8,0x00000007c0000000)
  to   space 19456K, 0% used [0x00000007bd980000,0x00000007bd980000,0x00000007bec80000)
 ParOldGen       total 349696K, used 266108K [0x00000007a0000000, 0x00000007b5580000, 0x00000007b5580000)
  object space 349696K, 76% used [0x00000007a0000000,0x00000007b03df068,0x00000007b5580000)
 Metaspace       used 5452K, capacity 5616K, committed 5760K, reserved 1056768K
  class space    used 580K, capacity 630K, committed 640K, reserved 1048576K
}
{Heap before GC invocations=861 (full 92):
 PSYoungGen      total 155136K, used 129665K [0x00000007b5580000, 0x00000007c0000000, 0x00000007c0000000)
  eden space 135168K, 95% used [0x00000007b5580000,0x00000007bd3f1788,0x00000007bd980000)
  from space 19968K, 0% used [0x00000007bec80000,0x00000007becaefe8,0x00000007c0000000)
  to   space 19456K, 0% used [0x00000007bd980000,0x00000007bd980000,0x00000007bec80000)
 ParOldGen       total 349696K, used 266108K [0x00000007a0000000, 0x00000007b5580000, 0x00000007b5580000)
  object space 349696K, 76% used [0x00000007a0000000,0x00000007b03df068,0x00000007b5580000)
 Metaspace       used 5452K, capacity 5616K, committed 5760K, reserved 1056768K
  class space    used 580K, capacity 630K, committed 640K, reserved 1048576K
2018-07-25T18:09:02.574-0800: 64.855: [GC (Allocation Failure) [PSYoungGen: 129665K->9797K(154624K)] 395773K->328137K(504320K), 0.0081895 secs] [Times: user=0.06 sys=0.00, real=0.01 secs] 
Heap after GC invocations=861 (full 92):
 PSYoungGen      total 154624K, used 9797K [0x00000007b5580000, 0x00000007c0000000, 0x00000007c0000000)
  eden space 135168K, 0% used [0x00000007b5580000,0x00000007b5580000,0x00000007bd980000)
  from space 19456K, 50% used [0x00000007bd980000,0x00000007be311698,0x00000007bec80000)
  to   space 19456K, 0% used [0x00000007bed00000,0x00000007bed00000,0x00000007c0000000)
 ParOldGen       total 349696K, used 318339K [0x00000007a0000000, 0x00000007b5580000, 0x00000007b5580000)
  object space 349696K, 91% used [0x00000007a0000000,0x00000007b36e0de8,0x00000007b5580000)
 Metaspace       used 5452K, capacity 5616K, committed 5760K, reserved 1056768K
  class space    used 580K, capacity 630K, committed 640K, reserved 1048576K
}
{Heap before GC invocations=862 (full 93):
 PSYoungGen      total 154624K, used 9797K [0x00000007b5580000, 0x00000007c0000000, 0x00000007c0000000)
  eden space 135168K, 0% used [0x00000007b5580000,0x00000007b5580000,0x00000007bd980000)
  from space 19456K, 50% used [0x00000007bd980000,0x00000007be311698,0x00000007bec80000)
  to   space 19456K, 0% used [0x00000007bed00000,0x00000007bed00000,0x00000007c0000000)
 ParOldGen       total 349696K, used 318339K [0x00000007a0000000, 0x00000007b5580000, 0x00000007b5580000)
  object space 349696K, 91% used [0x00000007a0000000,0x00000007b36e0de8,0x00000007b5580000)
 Metaspace       used 5452K, capacity 5616K, committed 5760K, reserved 1056768K
  class space    used 580K, capacity 630K, committed 640K, reserved 1048576K
2018-07-25T18:09:02.583-0800: 64.863: [Full GC (Ergonomics) [PSYoungGen: 9797K->0K(154624K)] [ParOldGen: 318339K->73749K(349696K)] 328137K->73749K(504320K), [Metaspace: 5452K->5452K(1056768K)], 0.0102480 secs] [Times: user=0.06 sys=0.00, real=0.01 secs] 
Heap after GC invocations=862 (full 93):
 PSYoungGen      total 154624K, used 0K [0x00000007b5580000, 0x00000007c0000000, 0x00000007c0000000)
  eden space 135168K, 0% used [0x00000007b5580000,0x00000007b5580000,0x00000007bd980000)
  from space 19456K, 0% used [0x00000007bd980000,0x00000007bd980000,0x00000007bec80000)
  to   space 19456K, 0% used [0x00000007bed00000,0x00000007bed00000,0x00000007c0000000)
 ParOldGen       total 349696K, used 73749K [0x00000007a0000000, 0x00000007b5580000, 0x00000007b5580000)
  object space 349696K, 21% used [0x00000007a0000000,0x00000007a4805750,0x00000007b5580000)
 Metaspace       used 5452K, capacity 5616K, committed 5760K, reserved 1056768K
  class space    used 580K, capacity 630K, committed 640K, reserved 1048576K
}
{Heap before GC invocations=863 (full 93):
 PSYoungGen      total 154624K, used 129526K [0x00000007b5580000, 0x00000007c0000000, 0x00000007c0000000)
  eden space 135168K, 95% used [0x00000007b5580000,0x00000007bd3fd880,0x00000007bd980000)
  from space 19456K, 0% used [0x00000007bd980000,0x00000007bd980000,0x00000007bec80000)
  to   space 19456K, 0% used [0x00000007bed00000,0x00000007bed00000,0x00000007c0000000)
 ParOldGen       total 349696K, used 73749K [0x00000007a0000000, 0x00000007b5580000, 0x00000007b5580000)
  object space 349696K, 21% used [0x00000007a0000000,0x00000007a4805750,0x00000007b5580000)
 Metaspace       used 5452K, capacity 5616K, committed 5760K, reserved 1056768K
  class space    used 580K, capacity 630K, committed 640K, reserved 1048576K
2018-07-25T18:09:02.704-0800: 64.984: [GC (Allocation Failure) [PSYoungGen: 129526K->9953K(154112K)] 203275K->135787K(503808K), 0.0062580 secs] [Times: user=0.04 sys=0.00, real=0.01 secs] 
Heap after GC invocations=863 (full 93):
 PSYoungGen      total 154112K, used 9953K [0x00000007b5580000, 0x00000007c0000000, 0x00000007c0000000)
  eden space 134656K, 0% used [0x00000007b5580000,0x00000007b5580000,0x00000007bd900000)
  from space 19456K, 51% used [0x00000007bed00000,0x00000007bf6b87d8,0x00000007c0000000)
  to   space 19968K, 0% used [0x00000007bd900000,0x00000007bd900000,0x00000007bec80000)
 ParOldGen       total 349696K, used 125833K [0x00000007a0000000, 0x00000007b5580000, 0x00000007b5580000)
  object space 349696K, 35% used [0x00000007a0000000,0x00000007a7ae2520,0x00000007b5580000)
 Metaspace       used 5452K, capacity 5616K, committed 5760K, reserved 1056768K
  class space    used 580K, capacity 630K, committed 640K, reserved 1048576K
}
{Heap before GC invocations=864 (full 93):
 PSYoungGen      total 154112K, used 116426K [0x00000007b5580000, 0x00000007c0000000, 0x00000007c0000000)
  eden space 134656K, 79% used [0x00000007b5580000,0x00000007bbd7a168,0x00000007bd900000)
  from space 19456K, 51% used [0x00000007bed00000,0x00000007bf6b87d8,0x00000007c0000000)
  to   space 19968K, 0% used [0x00000007bd900000,0x00000007bd900000,0x00000007bec80000)
 ParOldGen       total 349696K, used 125833K [0x00000007a0000000, 0x00000007b5580000, 0x00000007b5580000)
  object space 349696K, 35% used [0x00000007a0000000,0x00000007a7ae2520,0x00000007b5580000)
 Metaspace       used 5452K, capacity 5616K, committed 5760K, reserved 1056768K
  class space    used 580K, capacity 630K, committed 640K, reserved 1048576K
2018-07-25T18:09:02.722-0800: 65.002: [GC (Allocation Failure) [PSYoungGen: 116426K->0K(154624K)] 242259K->161789K(504320K), 0.0045217 secs] [Times: user=0.03 sys=0.00, real=0.00 secs] 
Heap after GC invocations=864 (full 93):
 PSYoungGen      total 154624K, used 0K [0x00000007b5580000, 0x00000007c0000000, 0x00000007c0000000)
  eden space 134656K, 0% used [0x00000007b5580000,0x00000007b5580000,0x00000007bd900000)
  from space 19968K, 0% used [0x00000007bd900000,0x00000007bd900000,0x00000007bec80000)
  to   space 19456K, 0% used [0x00000007bed00000,0x00000007bed00000,0x00000007c0000000)
 ParOldGen       total 349696K, used 161789K [0x00000007a0000000, 0x00000007b5580000, 0x00000007b5580000)
  object space 349696K, 46% used [0x00000007a0000000,0x00000007a9dff400,0x00000007b5580000)
 Metaspace       used 5452K, capacity 5616K, committed 5760K, reserved 1056768K
  class space    used 580K, capacity 630K, committed 640K, reserved 1048576K
}
{Heap before GC invocations=865 (full 93):
 PSYoungGen      total 154624K, used 129263K [0x00000007b5580000, 0x00000007c0000000, 0x00000007c0000000)
  eden space 134656K, 95% used [0x00000007b5580000,0x00000007bd3bbec8,0x00000007bd900000)
  from space 19968K, 0% used [0x00000007bd900000,0x00000007bd900000,0x00000007bec80000)
  to   space 19456K, 0% used [0x00000007bed00000,0x00000007bed00000,0x00000007c0000000)
 ParOldGen       total 349696K, used 161789K [0x00000007a0000000, 0x00000007b5580000, 0x00000007b5580000)
  object space 349696K, 46% used [0x00000007a0000000,0x00000007a9dff400,0x00000007b5580000)
 Metaspace       used 5452K, capacity 5616K, committed 5760K, reserved 1056768K
  class space    used 580K, capacity 630K, committed 640K, reserved 1048576K
2018-07-25T18:09:02.834-0800: 65.115: [GC (Allocation Failure) [PSYoungGen: 129263K->9954K(154112K)] 291052K->223826K(503808K), 0.0052729 secs] [Times: user=0.03 sys=0.00, real=0.01 secs] 
Heap after GC invocations=865 (full 93):
 PSYoungGen      total 154112K, used 9954K [0x00000007b5580000, 0x00000007c0000000, 0x00000007c0000000)
  eden space 134656K, 0% used [0x00000007b5580000,0x00000007b5580000,0x00000007bd900000)
  from space 19456K, 51% used [0x00000007bed00000,0x00000007bf6b8930,0x00000007c0000000)
  to   space 19968K, 0% used [0x00000007bd900000,0x00000007bd900000,0x00000007bec80000)
 ParOldGen       total 349696K, used 213872K [0x00000007a0000000, 0x00000007b5580000, 0x00000007b5580000)
  object space 349696K, 61% used [0x00000007a0000000,0x00000007ad0dc1b0,0x00000007b5580000)
 Metaspace       used 5452K, capacity 5616K, committed 5760K, reserved 1056768K
  class space    used 580K, capacity 630K, committed 640K, reserved 1048576K
}
{Heap before GC invocations=866 (full 93):
 PSYoungGen      total 154112K, used 142607K [0x00000007b5580000, 0x00000007c0000000, 0x00000007c0000000)
  eden space 134656K, 98% used [0x00000007b5580000,0x00000007bd70b3c0,0x00000007bd900000)
  from space 19456K, 51% used [0x00000007bed00000,0x00000007bf6b8930,0x00000007c0000000)
  to   space 19968K, 0% used [0x00000007bd900000,0x00000007bd900000,0x00000007bec80000)
 ParOldGen       total 349696K, used 213872K [0x00000007a0000000, 0x00000007b5580000, 0x00000007b5580000)
  object space 349696K, 61% used [0x00000007a0000000,0x00000007ad0dc1b0,0x00000007b5580000)
 Metaspace       used 5452K, capacity 5616K, committed 5760K, reserved 1056768K
  class space    used 580K, capacity 630K, committed 640K, reserved 1048576K
2018-07-25T18:09:02.930-0800: 65.210: [GC (Allocation Failure) [PSYoungGen: 142607K->220K(154624K)] 356479K->214093K(504320K), 0.0016172 secs] [Times: user=0.01 sys=0.00, real=0.00 secs] 
Heap after GC invocations=866 (full 93):
 PSYoungGen      total 154624K, used 220K [0x00000007b5580000, 0x00000007c0000000, 0x00000007c0000000)
  eden space 134656K, 0% used [0x00000007b5580000,0x00000007b5580000,0x00000007bd900000)
  from space 19968K, 1% used [0x00000007bd900000,0x00000007bd9373f0,0x00000007bec80000)
  to   space 19456K, 0% used [0x00000007bed00000,0x00000007bed00000,0x00000007c0000000)
 ParOldGen       total 349696K, used 213872K [0x00000007a0000000, 0x00000007b5580000, 0x00000007b5580000)
  object space 349696K, 61% used [0x00000007a0000000,0x00000007ad0dc1b0,0x00000007b5580000)
 Metaspace       used 5452K, capacity 5616K, committed 5760K, reserved 1056768K
  class space    used 580K, capacity 630K, committed 640K, reserved 1048576K
}
{Heap before GC invocations=867 (full 93):
 PSYoungGen      total 154624K, used 129692K [0x00000007b5580000, 0x00000007c0000000, 0x00000007c0000000)
  eden space 134656K, 96% used [0x00000007b5580000,0x00000007bd3efca0,0x00000007bd900000)
  from space 19968K, 1% used [0x00000007bd900000,0x00000007bd9373f0,0x00000007bec80000)
  to   space 19456K, 0% used [0x00000007bed00000,0x00000007bed00000,0x00000007c0000000)
 ParOldGen       total 349696K, used 213872K [0x00000007a0000000, 0x00000007b5580000, 0x00000007b5580000)
  object space 349696K, 61% used [0x00000007a0000000,0x00000007ad0dc1b0,0x00000007b5580000)
 Metaspace       used 5452K, capacity 5616K, committed 5760K, reserved 1056768K
  class space    used 580K, capacity 630K, committed 640K, reserved 1048576K
2018-07-25T18:09:02.962-0800: 65.242: [GC (Allocation Failure) [PSYoungGen: 129692K->9797K(155136K)] 343564K->275894K(504832K), 0.0076847 secs] [Times: user=0.06 sys=0.00, real=0.01 secs] 
Heap after GC invocations=867 (full 93):
 PSYoungGen      total 155136K, used 9797K [0x00000007b5580000, 0x00000007c0000000, 0x00000007c0000000)
  eden space 135680K, 0% used [0x00000007b5580000,0x00000007b5580000,0x00000007bda00000)
  from space 19456K, 50% used [0x00000007bed00000,0x00000007bf691698,0x00000007c0000000)
  to   space 19456K, 0% used [0x00000007bda00000,0x00000007bda00000,0x00000007bed00000)
 ParOldGen       total 349696K, used 266096K [0x00000007a0000000, 0x00000007b5580000, 0x00000007b5580000)
  object space 349696K, 76% used [0x00000007a0000000,0x00000007b03dc338,0x00000007b5580000)
 Metaspace       used 5452K, capacity 5616K, committed 5760K, reserved 1056768K
  class space    used 580K, capacity 630K, committed 640K, reserved 1048576K
}
{Heap before GC invocations=868 (full 93):
 PSYoungGen      total 155136K, used 139335K [0x00000007b5580000, 0x00000007c0000000, 0x00000007c0000000)
  eden space 135680K, 95% used [0x00000007b5580000,0x00000007bd400730,0x00000007bda00000)
  from space 19456K, 50% used [0x00000007bed00000,0x00000007bf691698,0x00000007c0000000)
  to   space 19456K, 0% used [0x00000007bda00000,0x00000007bda00000,0x00000007bed00000)
 ParOldGen       total 349696K, used 266096K [0x00000007a0000000, 0x00000007b5580000, 0x00000007b5580000)
  object space 349696K, 76% used [0x00000007a0000000,0x00000007b03dc338,0x00000007b5580000)
 Metaspace       used 5452K, capacity 5616K, committed 5760K, reserved 1056768K
  class space    used 580K, capacity 630K, committed 640K, reserved 1048576K
2018-07-25T18:09:03.075-0800: 65.355: [GC (Allocation Failure) [PSYoungGen: 139335K->9954K(145920K)] 405432K->302093K(495616K), 0.0047884 secs] [Times: user=0.04 sys=0.00, real=0.01 secs] 
Heap after GC invocations=868 (full 93):
 PSYoungGen      total 145920K, used 9954K [0x00000007b5580000, 0x00000007c0000000, 0x00000007c0000000)
  eden space 135680K, 0% used [0x00000007b5580000,0x00000007b5580000,0x00000007bda00000)
  from space 10240K, 97% used [0x00000007bda00000,0x00000007be3b8be0,0x00000007be400000)
  to   space 19968K, 0% used [0x00000007bec80000,0x00000007bec80000,0x00000007c0000000)
 ParOldGen       total 349696K, used 292138K [0x00000007a0000000, 0x00000007b5580000, 0x00000007b5580000)
  object space 349696K, 83% used [0x00000007a0000000,0x00000007b1d4aa00,0x00000007b5580000)
 Metaspace       used 5452K, capacity 5616K, committed 5760K, reserved 1056768K
  class space    used 580K, capacity 630K, committed 640K, reserved 1048576K
}
{Heap before GC invocations=869 (full 94):
 PSYoungGen      total 145920K, used 9954K [0x00000007b5580000, 0x00000007c0000000, 0x00000007c0000000)
  eden space 135680K, 0% used [0x00000007b5580000,0x00000007b5580000,0x00000007bda00000)
  from space 10240K, 97% used [0x00000007bda00000,0x00000007be3b8be0,0x00000007be400000)
  to   space 19968K, 0% used [0x00000007bec80000,0x00000007bec80000,0x00000007c0000000)
 ParOldGen       total 349696K, used 292138K [0x00000007a0000000, 0x00000007b5580000, 0x00000007b5580000)
  object space 349696K, 83% used [0x00000007a0000000,0x00000007b1d4aa00,0x00000007b5580000)
 Metaspace       used 5452K, capacity 5616K, committed 5760K, reserved 1056768K
  class space    used 580K, capacity 630K, committed 640K, reserved 1048576K
2018-07-25T18:09:03.080-0800: 65.360: [Full GC (Ergonomics) [PSYoungGen: 9954K->0K(145920K)] [ParOldGen: 292138K->47709K(349696K)] 302093K->47709K(495616K), [Metaspace: 5452K->5452K(1056768K)], 0.0071928 secs] [Times: user=0.03 sys=0.00, real=0.00 secs] 
Heap after GC invocations=869 (full 94):
 PSYoungGen      total 145920K, used 0K [0x00000007b5580000, 0x00000007c0000000, 0x00000007c0000000)
  eden space 135680K, 0% used [0x00000007b5580000,0x00000007b5580000,0x00000007bda00000)
  from space 10240K, 0% used [0x00000007bda00000,0x00000007bda00000,0x00000007be400000)
  to   space 19968K, 0% used [0x00000007bec80000,0x00000007bec80000,0x00000007c0000000)
 ParOldGen       total 349696K, used 47709K [0x00000007a0000000, 0x00000007b5580000, 0x00000007b5580000)
  object space 349696K, 13% used [0x00000007a0000000,0x00000007a2e97628,0x00000007b5580000)
 Metaspace       used 5452K, capacity 5616K, committed 5760K, reserved 1056768K
  class space    used 580K, capacity 630K, committed 640K, reserved 1048576K
}
{Heap before GC invocations=870 (full 94):
 PSYoungGen      total 145920K, used 106491K [0x00000007b5580000, 0x00000007c0000000, 0x00000007c0000000)
  eden space 135680K, 78% used [0x00000007b5580000,0x00000007bbd7ec50,0x00000007bda00000)
  from space 10240K, 0% used [0x00000007bda00000,0x00000007bda00000,0x00000007be400000)
  to   space 19968K, 0% used [0x00000007bec80000,0x00000007bec80000,0x00000007c0000000)
 ParOldGen       total 349696K, used 47709K [0x00000007a0000000, 0x00000007b5580000, 0x00000007b5580000)
  object space 349696K, 13% used [0x00000007a0000000,0x00000007a2e97628,0x00000007b5580000)
 Metaspace       used 5452K, capacity 5616K, committed 5760K, reserved 1056768K
  class space    used 580K, capacity 630K, committed 640K, reserved 1048576K
2018-07-25T18:09:03.099-0800: 65.380: [GC (Allocation Failure) [PSYoungGen: 106491K->0K(155136K)] 154200K->125834K(504832K), 0.0091773 secs] [Times: user=0.07 sys=0.00, real=0.01 secs] 
Heap after GC invocations=870 (full 94):
 PSYoungGen      total 155136K, used 0K [0x00000007b5580000, 0x00000007c0000000, 0x00000007c0000000)
  eden space 135168K, 0% used [0x00000007b5580000,0x00000007b5580000,0x00000007bd980000)
  from space 19968K, 0% used [0x00000007bec80000,0x00000007bec80000,0x00000007c0000000)
  to   space 19456K, 0% used [0x00000007bd980000,0x00000007bd980000,0x00000007bec80000)
 ParOldGen       total 349696K, used 125834K [0x00000007a0000000, 0x00000007b5580000, 0x00000007b5580000)
  object space 349696K, 35% used [0x00000007a0000000,0x00000007a7ae2ac8,0x00000007b5580000)
 Metaspace       used 5452K, capacity 5616K, committed 5760K, reserved 1056768K
  class space    used 580K, capacity 630K, committed 640K, reserved 1048576K
}
{Heap before GC invocations=871 (full 94):
 PSYoungGen      total 155136K, used 128921K [0x00000007b5580000, 0x00000007c0000000, 0x00000007c0000000)
  eden space 135168K, 95% used [0x00000007b5580000,0x00000007bd3664f0,0x00000007bd980000)
  from space 19968K, 0% used [0x00000007bec80000,0x00000007bec80000,0x00000007c0000000)
  to   space 19456K, 0% used [0x00000007bd980000,0x00000007bd980000,0x00000007bec80000)
 ParOldGen       total 349696K, used 125834K [0x00000007a0000000, 0x00000007b5580000, 0x00000007b5580000)
  object space 349696K, 35% used [0x00000007a0000000,0x00000007a7ae2ac8,0x00000007b5580000)
 Metaspace       used 5452K, capacity 5616K, committed 5760K, reserved 1056768K
  class space    used 580K, capacity 630K, committed 640K, reserved 1048576K
2018-07-25T18:09:03.224-0800: 65.505: [GC (Allocation Failure) [PSYoungGen: 128921K->10019K(154624K)] 254755K->187937K(504320K), 0.0053792 secs] [Times: user=0.04 sys=0.00, real=0.01 secs] 
Heap after GC invocations=871 (full 94):
 PSYoungGen      total 154624K, used 10019K [0x00000007b5580000, 0x00000007c0000000, 0x00000007c0000000)
  eden space 135168K, 0% used [0x00000007b5580000,0x00000007b5580000,0x00000007bd980000)
  from space 19456K, 51% used [0x00000007bd980000,0x00000007be348d38,0x00000007bec80000)
  to   space 19968K, 0% used [0x00000007bec80000,0x00000007bec80000,0x00000007c0000000)
 ParOldGen       total 349696K, used 177918K [0x00000007a0000000, 0x00000007b5580000, 0x00000007b5580000)
  object space 349696K, 50% used [0x00000007a0000000,0x00000007aadbf878,0x00000007b5580000)
 Metaspace       used 5452K, capacity 5616K, committed 5760K, reserved 1056768K
  class space    used 580K, capacity 630K, committed 640K, reserved 1048576K
}
{Heap before GC invocations=872 (full 94):
 PSYoungGen      total 154624K, used 142453K [0x00000007b5580000, 0x00000007c0000000, 0x00000007c0000000)
  eden space 135168K, 97% used [0x00000007b5580000,0x00000007bd6d47b0,0x00000007bd980000)
  from space 19456K, 51% used [0x00000007bd980000,0x00000007be348d38,0x00000007bec80000)
  to   space 19968K, 0% used [0x00000007bec80000,0x00000007bec80000,0x00000007c0000000)
 ParOldGen       total 349696K, used 177918K [0x00000007a0000000, 0x00000007b5580000, 0x00000007b5580000)
  object space 349696K, 50% used [0x00000007a0000000,0x00000007aadbf878,0x00000007b5580000)
 Metaspace       used 5452K, capacity 5616K, committed 5760K, reserved 1056768K
  class space    used 580K, capacity 630K, committed 640K, reserved 1048576K
2018-07-25T18:09:03.322-0800: 65.603: [GC (Allocation Failure) [PSYoungGen: 142453K->221K(155136K)] 320371K->178140K(504832K), 0.0012081 secs] [Times: user=0.01 sys=0.00, real=0.00 secs] 
Heap after GC invocations=872 (full 94):
 PSYoungGen      total 155136K, used 221K [0x00000007b5580000, 0x00000007c0000000, 0x00000007c0000000)
  eden space 135168K, 0% used [0x00000007b5580000,0x00000007b5580000,0x00000007bd980000)
  from space 19968K, 1% used [0x00000007bec80000,0x00000007becb77f8,0x00000007c0000000)
  to   space 19456K, 0% used [0x00000007bd980000,0x00000007bd980000,0x00000007bec80000)
 ParOldGen       total 349696K, used 177918K [0x00000007a0000000, 0x00000007b5580000, 0x00000007b5580000)
  object space 349696K, 50% used [0x00000007a0000000,0x00000007aadbf878,0x00000007b5580000)
 Metaspace       used 5452K, capacity 5616K, committed 5760K, reserved 1056768K
  class space    used 580K, capacity 630K, committed 640K, reserved 1048576K
}
{Heap before GC invocations=873 (full 94):
 PSYoungGen      total 155136K, used 129555K [0x00000007b5580000, 0x00000007c0000000, 0x00000007c0000000)
  eden space 135168K, 95% used [0x00000007b5580000,0x00000007bd3cd798,0x00000007bd980000)
  from space 19968K, 1% used [0x00000007bec80000,0x00000007becb77f8,0x00000007c0000000)
  to   space 19456K, 0% used [0x00000007bd980000,0x00000007bd980000,0x00000007bec80000)
 ParOldGen       total 349696K, used 177918K [0x00000007a0000000, 0x00000007b5580000, 0x00000007b5580000)
  object space 349696K, 50% used [0x00000007a0000000,0x00000007aadbf878,0x00000007b5580000)
 Metaspace       used 5452K, capacity 5616K, committed 5760K, reserved 1056768K
  class space    used 580K, capacity 630K, committed 640K, reserved 1048576K
2018-07-25T18:09:03.359-0800: 65.639: [GC (Allocation Failure) [PSYoungGen: 129555K->9797K(154624K)] 307474K->239949K(504320K), 0.0079491 secs] [Times: user=0.06 sys=0.01, real=0.01 secs] 
Heap after GC invocations=873 (full 94):
 PSYoungGen      total 154624K, used 9797K [0x00000007b5580000, 0x00000007c0000000, 0x00000007c0000000)
  eden space 135168K, 0% used [0x00000007b5580000,0x00000007b5580000,0x00000007bd980000)
  from space 19456K, 50% used [0x00000007bd980000,0x00000007be311698,0x00000007bec80000)
  to   space 19456K, 0% used [0x00000007bed00000,0x00000007bed00000,0x00000007c0000000)
 ParOldGen       total 349696K, used 230151K [0x00000007a0000000, 0x00000007b5580000, 0x00000007b5580000)
  object space 349696K, 65% used [0x00000007a0000000,0x00000007ae0c1e08,0x00000007b5580000)
 Metaspace       used 5452K, capacity 5616K, committed 5760K, reserved 1056768K
  class space    used 580K, capacity 630K, committed 640K, reserved 1048576K
}
{Heap before GC invocations=874 (full 94):
 PSYoungGen      total 154624K, used 139231K [0x00000007b5580000, 0x00000007c0000000, 0x00000007c0000000)
  eden space 135168K, 95% used [0x00000007b5580000,0x00000007bd3e6680,0x00000007bd980000)
  from space 19456K, 50% used [0x00000007bd980000,0x00000007be311698,0x00000007bec80000)
  to   space 19456K, 0% used [0x00000007bed00000,0x00000007bed00000,0x00000007c0000000)
 ParOldGen       total 349696K, used 230151K [0x00000007a0000000, 0x00000007b5580000, 0x00000007b5580000)
  object space 349696K, 65% used [0x00000007a0000000,0x00000007ae0c1e08,0x00000007b5580000)
 Metaspace       used 5452K, capacity 5616K, committed 5760K, reserved 1056768K
  class space    used 580K, capacity 630K, committed 640K, reserved 1048576K
2018-07-25T18:09:03.472-0800: 65.753: [GC (Allocation Failure) [PSYoungGen: 139231K->9987K(154112K)] 369382K->266181K(503808K), 0.0043340 secs] [Times: user=0.03 sys=0.00, real=0.00 secs] 
Heap after GC invocations=874 (full 94):
 PSYoungGen      total 154112K, used 9987K [0x00000007b5580000, 0x00000007c0000000, 0x00000007c0000000)
  eden space 134656K, 0% used [0x00000007b5580000,0x00000007b5580000,0x00000007bd900000)
  from space 19456K, 51% used [0x00000007bed00000,0x00000007bf6c0fe8,0x00000007c0000000)
  to   space 19968K, 0% used [0x00000007bd900000,0x00000007bd900000,0x00000007bec80000)
 ParOldGen       total 349696K, used 256193K [0x00000007a0000000, 0x00000007b5580000, 0x00000007b5580000)
  object space 349696K, 73% used [0x00000007a0000000,0x00000007afa304d0,0x00000007b5580000)
 Metaspace       used 5452K, capacity 5616K, committed 5760K, reserved 1056768K
  class space    used 580K, capacity 630K, committed 640K, reserved 1048576K
}
{Heap before GC invocations=875 (full 94):
 PSYoungGen      total 154112K, used 116400K [0x00000007b5580000, 0x00000007c0000000, 0x00000007c0000000)
  eden space 134656K, 79% used [0x00000007b5580000,0x00000007bbd6b3a8,0x00000007bd900000)
  from space 19456K, 51% used [0x00000007bed00000,0x00000007bf6c0fe8,0x00000007c0000000)
  to   space 19968K, 0% used [0x00000007bd900000,0x00000007bd900000,0x00000007bec80000)
 ParOldGen       total 349696K, used 256193K [0x00000007a0000000, 0x00000007b5580000, 0x00000007b5580000)
  object space 349696K, 73% used [0x00000007a0000000,0x00000007afa304d0,0x00000007b5580000)
 Metaspace       used 5452K, capacity 5616K, committed 5760K, reserved 1056768K
  class space    used 580K, capacity 630K, committed 640K, reserved 1048576K
2018-07-25T18:09:03.493-0800: 65.774: [GC (Allocation Failure) [PSYoungGen: 116400K->0K(154624K)] 372594K->292142K(504320K), 0.0052089 secs] [Times: user=0.04 sys=0.00, real=0.00 secs] 
Heap after GC invocations=875 (full 94):
 PSYoungGen      total 154624K, used 0K [0x00000007b5580000, 0x00000007c0000000, 0x00000007c0000000)
  eden space 134656K, 0% used [0x00000007b5580000,0x00000007b5580000,0x00000007bd900000)
  from space 19968K, 0% used [0x00000007bd900000,0x00000007bd900000,0x00000007bec80000)
  to   space 19456K, 0% used [0x00000007bed00000,0x00000007bed00000,0x00000007c0000000)
 ParOldGen       total 349696K, used 292142K [0x00000007a0000000, 0x00000007b5580000, 0x00000007b5580000)
  object space 349696K, 83% used [0x00000007a0000000,0x00000007b1d4bbc0,0x00000007b5580000)
 Metaspace       used 5452K, capacity 5616K, committed 5760K, reserved 1056768K
  class space    used 580K, capacity 630K, committed 640K, reserved 1048576K
}
{Heap before GC invocations=876 (full 95):
 PSYoungGen      total 154624K, used 0K [0x00000007b5580000, 0x00000007c0000000, 0x00000007c0000000)
  eden space 134656K, 0% used [0x00000007b5580000,0x00000007b5580000,0x00000007bd900000)
  from space 19968K, 0% used [0x00000007bd900000,0x00000007bd900000,0x00000007bec80000)
  to   space 19456K, 0% used [0x00000007bed00000,0x00000007bed00000,0x00000007c0000000)
 ParOldGen       total 349696K, used 292142K [0x00000007a0000000, 0x00000007b5580000, 0x00000007b5580000)
  object space 349696K, 83% used [0x00000007a0000000,0x00000007b1d4bbc0,0x00000007b5580000)
 Metaspace       used 5452K, capacity 5616K, committed 5760K, reserved 1056768K
  class space    used 580K, capacity 630K, committed 640K, reserved 1048576K
2018-07-25T18:09:03.499-0800: 65.779: [Full GC (Ergonomics) [PSYoungGen: 0K->0K(154624K)] [ParOldGen: 292142K->47710K(349696K)] 292142K->47710K(504320K), [Metaspace: 5452K->5452K(1056768K)], 0.0078951 secs] [Times: user=0.04 sys=0.00, real=0.01 secs] 
Heap after GC invocations=876 (full 95):
 PSYoungGen      total 154624K, used 0K [0x00000007b5580000, 0x00000007c0000000, 0x00000007c0000000)
  eden space 134656K, 0% used [0x00000007b5580000,0x00000007b5580000,0x00000007bd900000)
  from space 19968K, 0% used [0x00000007bd900000,0x00000007bd900000,0x00000007bec80000)
  to   space 19456K, 0% used [0x00000007bed00000,0x00000007bed00000,0x00000007c0000000)
 ParOldGen       total 349696K, used 47710K [0x00000007a0000000, 0x00000007b5580000, 0x00000007b5580000)
  object space 349696K, 13% used [0x00000007a0000000,0x00000007a2e97a10,0x00000007b5580000)
 Metaspace       used 5452K, capacity 5616K, committed 5760K, reserved 1056768K
  class space    used 580K, capacity 630K, committed 640K, reserved 1048576K
}
{Heap before GC invocations=877 (full 95):
 PSYoungGen      total 154624K, used 129225K [0x00000007b5580000, 0x00000007c0000000, 0x00000007c0000000)
  eden space 134656K, 95% used [0x00000007b5580000,0x00000007bd3b2658,0x00000007bd900000)
  from space 19968K, 0% used [0x00000007bd900000,0x00000007bd900000,0x00000007bec80000)
  to   space 19456K, 0% used [0x00000007bed00000,0x00000007bed00000,0x00000007c0000000)
 ParOldGen       total 349696K, used 47710K [0x00000007a0000000, 0x00000007b5580000, 0x00000007b5580000)
  object space 349696K, 13% used [0x00000007a0000000,0x00000007a2e97a10,0x00000007b5580000)
 Metaspace       used 5452K, capacity 5616K, committed 5760K, reserved 1056768K
  class space    used 580K, capacity 630K, committed 640K, reserved 1048576K
2018-07-25T18:09:03.621-0800: 65.902: [GC (Allocation Failure) [PSYoungGen: 129225K->9988K(154112K)] 176936K->109782K(503808K), 0.0068715 secs] [Times: user=0.05 sys=0.00, real=0.00 secs] 
Heap after GC invocations=877 (full 95):
 PSYoungGen      total 154112K, used 9988K [0x00000007b5580000, 0x00000007c0000000, 0x00000007c0000000)
  eden space 134656K, 0% used [0x00000007b5580000,0x00000007b5580000,0x00000007bd900000)
  from space 19456K, 51% used [0x00000007bed00000,0x00000007bf6c1140,0x00000007c0000000)
  to   space 19968K, 0% used [0x00000007bd900000,0x00000007bd900000,0x00000007bec80000)
 ParOldGen       total 349696K, used 99793K [0x00000007a0000000, 0x00000007b5580000, 0x00000007b5580000)
  object space 349696K, 28% used [0x00000007a0000000,0x00000007a61747c0,0x00000007b5580000)
 Metaspace       used 5452K, capacity 5616K, committed 5760K, reserved 1056768K
  class space    used 580K, capacity 630K, committed 640K, reserved 1048576K
}
{Heap before GC invocations=878 (full 95):
 PSYoungGen      total 154112K, used 142599K [0x00000007b5580000, 0x00000007c0000000, 0x00000007c0000000)
  eden space 134656K, 98% used [0x00000007b5580000,0x00000007bd700e60,0x00000007bd900000)
  from space 19456K, 51% used [0x00000007bed00000,0x00000007bf6c1140,0x00000007c0000000)
  to   space 19968K, 0% used [0x00000007bd900000,0x00000007bd900000,0x00000007bec80000)
 ParOldGen       total 349696K, used 99793K [0x00000007a0000000, 0x00000007b5580000, 0x00000007b5580000)
  object space 349696K, 28% used [0x00000007a0000000,0x00000007a61747c0,0x00000007b5580000)
 Metaspace       used 5452K, capacity 5616K, committed 5760K, reserved 1056768K
  class space    used 580K, capacity 630K, committed 640K, reserved 1048576K
2018-07-25T18:09:03.725-0800: 66.005: [GC (Allocation Failure) [PSYoungGen: 142599K->255K(154624K)] 242393K->100048K(504320K), 0.0008580 secs] [Times: user=0.01 sys=0.00, real=0.00 secs] 
Heap after GC invocations=878 (full 95):
 PSYoungGen      total 154624K, used 255K [0x00000007b5580000, 0x00000007c0000000, 0x00000007c0000000)
  eden space 134656K, 0% used [0x00000007b5580000,0x00000007b5580000,0x00000007bd900000)
  from space 19968K, 1% used [0x00000007bd900000,0x00000007bd93fc00,0x00000007bec80000)
  to   space 19456K, 0% used [0x00000007bed00000,0x00000007bed00000,0x00000007c0000000)
 ParOldGen       total 349696K, used 99793K [0x00000007a0000000, 0x00000007b5580000, 0x00000007b5580000)
  object space 349696K, 28% used [0x00000007a0000000,0x00000007a61747c0,0x00000007b5580000)
 Metaspace       used 5452K, capacity 5616K, committed 5760K, reserved 1056768K
  class space    used 580K, capacity 630K, committed 640K, reserved 1048576K
}
{Heap before GC invocations=879 (full 95):
 PSYoungGen      total 154624K, used 129699K [0x00000007b5580000, 0x00000007c0000000, 0x00000007c0000000)
  eden space 134656K, 96% used [0x00000007b5580000,0x00000007bd3e9280,0x00000007bd900000)
  from space 19968K, 1% used [0x00000007bd900000,0x00000007bd93fc00,0x00000007bec80000)
  to   space 19456K, 0% used [0x00000007bed00000,0x00000007bed00000,0x00000007c0000000)
 ParOldGen       total 349696K, used 99793K [0x00000007a0000000, 0x00000007b5580000, 0x00000007b5580000)
  object space 349696K, 28% used [0x00000007a0000000,0x00000007a61747c0,0x00000007b5580000)
 Metaspace       used 5452K, capacity 5616K, committed 5760K, reserved 1056768K
  class space    used 580K, capacity 630K, committed 640K, reserved 1048576K
2018-07-25T18:09:03.756-0800: 66.037: [GC (Allocation Failure) [PSYoungGen: 129699K->9797K(155136K)] 229493K->161833K(504832K), 0.0072630 secs] [Times: user=0.05 sys=0.00, real=0.01 secs] 
Heap after GC invocations=879 (full 95):
 PSYoungGen      total 155136K, used 9797K [0x00000007b5580000, 0x00000007c0000000, 0x00000007c0000000)
  eden space 135680K, 0% used [0x00000007b5580000,0x00000007b5580000,0x00000007bda00000)
  from space 19456K, 50% used [0x00000007bed00000,0x00000007bf691698,0x00000007c0000000)
  to   space 19456K, 0% used [0x00000007bda00000,0x00000007bda00000,0x00000007bed00000)
 ParOldGen       total 349696K, used 152036K [0x00000007a0000000, 0x00000007b5580000, 0x00000007b5580000)
  object space 349696K, 43% used [0x00000007a0000000,0x00000007a9479158,0x00000007b5580000)
 Metaspace       used 5452K, capacity 5616K, committed 5760K, reserved 1056768K
  class space    used 580K, capacity 630K, committed 640K, reserved 1048576K
}
{Heap before GC invocations=880 (full 95):
 PSYoungGen      total 155136K, used 139318K [0x00000007b5580000, 0x00000007c0000000, 0x00000007c0000000)
  eden space 135680K, 95% used [0x00000007b5580000,0x00000007bd3fc2b8,0x00000007bda00000)
  from space 19456K, 50% used [0x00000007bed00000,0x00000007bf691698,0x00000007c0000000)
  to   space 19456K, 0% used [0x00000007bda00000,0x00000007bda00000,0x00000007bed00000)
 ParOldGen       total 349696K, used 152036K [0x00000007a0000000, 0x00000007b5580000, 0x00000007b5580000)
  object space 349696K, 43% used [0x00000007a0000000,0x00000007a9479158,0x00000007b5580000)
 Metaspace       used 5452K, capacity 5616K, committed 5760K, reserved 1056768K
  class space    used 580K, capacity 630K, committed 640K, reserved 1048576K
2018-07-25T18:09:03.873-0800: 66.154: [GC (Allocation Failure) [PSYoungGen: 139318K->9988K(145920K)] 291354K->188067K(495616K), 0.0045319 secs] [Times: user=0.03 sys=0.00, real=0.00 secs] 
Heap after GC invocations=880 (full 95):
 PSYoungGen      total 145920K, used 9988K [0x00000007b5580000, 0x00000007c0000000, 0x00000007c0000000)
  eden space 135680K, 0% used [0x00000007b5580000,0x00000007b5580000,0x00000007bda00000)
  from space 10240K, 97% used [0x00000007bda00000,0x00000007be3c13f0,0x00000007be400000)
  to   space 19968K, 0% used [0x00000007bec80000,0x00000007bec80000,0x00000007c0000000)
 ParOldGen       total 349696K, used 178078K [0x00000007a0000000, 0x00000007b5580000, 0x00000007b5580000)
  object space 349696K, 50% used [0x00000007a0000000,0x00000007aade7820,0x00000007b5580000)
 Metaspace       used 5452K, capacity 5616K, committed 5760K, reserved 1056768K
  class space    used 580K, capacity 630K, committed 640K, reserved 1048576K
}
{Heap before GC invocations=881 (full 95):
 PSYoungGen      total 145920K, used 116469K [0x00000007b5580000, 0x00000007c0000000, 0x00000007c0000000)
  eden space 135680K, 78% used [0x00000007b5580000,0x00000007bbd7c028,0x00000007bda00000)
  from space 10240K, 97% used [0x00000007bda00000,0x00000007be3c13f0,0x00000007be400000)
  to   space 19968K, 0% used [0x00000007bec80000,0x00000007bec80000,0x00000007c0000000)
 ParOldGen       total 349696K, used 178078K [0x00000007a0000000, 0x00000007b5580000, 0x00000007b5580000)
  object space 349696K, 50% used [0x00000007a0000000,0x00000007aade7820,0x00000007b5580000)
 Metaspace       used 5452K, capacity 5616K, committed 5760K, reserved 1056768K
  class space    used 580K, capacity 630K, committed 640K, reserved 1048576K
2018-07-25T18:09:03.890-0800: 66.171: [GC (Allocation Failure) [PSYoungGen: 116469K->0K(155136K)] 294547K->214028K(504832K), 0.0046560 secs] [Times: user=0.03 sys=0.00, real=0.00 secs] 
Heap after GC invocations=881 (full 95):
 PSYoungGen      total 155136K, used 0K [0x00000007b5580000, 0x00000007c0000000, 0x00000007c0000000)
  eden space 135168K, 0% used [0x00000007b5580000,0x00000007b5580000,0x00000007bd980000)
  from space 19968K, 0% used [0x00000007bec80000,0x00000007bec80000,0x00000007c0000000)
  to   space 19456K, 0% used [0x00000007bd980000,0x00000007bd980000,0x00000007bec80000)
 ParOldGen       total 349696K, used 214028K [0x00000007a0000000, 0x00000007b5580000, 0x00000007b5580000)
  object space 349696K, 61% used [0x00000007a0000000,0x00000007ad103318,0x00000007b5580000)
 Metaspace       used 5452K, capacity 5616K, committed 5760K, reserved 1056768K
  class space    used 580K, capacity 630K, committed 640K, reserved 1048576K
}
{Heap before GC invocations=882 (full 95):
 PSYoungGen      total 155136K, used 129266K [0x00000007b5580000, 0x00000007c0000000, 0x00000007c0000000)
  eden space 135168K, 95% used [0x00000007b5580000,0x00000007bd3bc898,0x00000007bd980000)
  from space 19968K, 0% used [0x00000007bec80000,0x00000007bec80000,0x00000007c0000000)
  to   space 19456K, 0% used [0x00000007bd980000,0x00000007bd980000,0x00000007bec80000)
 ParOldGen       total 349696K, used 214028K [0x00000007a0000000, 0x00000007b5580000, 0x00000007b5580000)
  object space 349696K, 61% used [0x00000007a0000000,0x00000007ad103318,0x00000007b5580000)
 Metaspace       used 5452K, capacity 5616K, committed 5760K, reserved 1056768K
  class space    used 580K, capacity 630K, committed 640K, reserved 1048576K
2018-07-25T18:09:04.010-0800: 66.290: [GC (Allocation Failure) [PSYoungGen: 129266K->9957K(154624K)] 343294K->276069K(504320K), 0.0069401 secs] [Times: user=0.04 sys=0.00, real=0.00 secs] 
Heap after GC invocations=882 (full 95):
 PSYoungGen      total 154624K, used 9957K [0x00000007b5580000, 0x00000007c0000000, 0x00000007c0000000)
  eden space 135168K, 0% used [0x00000007b5580000,0x00000007b5580000,0x00000007bd980000)
  from space 19456K, 51% used [0x00000007bd980000,0x00000007be339548,0x00000007bec80000)
  to   space 19968K, 0% used [0x00000007bec80000,0x00000007bec80000,0x00000007c0000000)
 ParOldGen       total 349696K, used 266112K [0x00000007a0000000, 0x00000007b5580000, 0x00000007b5580000)
  object space 349696K, 76% used [0x00000007a0000000,0x00000007b03e00c8,0x00000007b5580000)
 Metaspace       used 5452K, capacity 5616K, committed 5760K, reserved 1056768K
  class space    used 580K, capacity 630K, committed 640K, reserved 1048576K
}
{Heap before GC invocations=883 (full 95):
 PSYoungGen      total 154624K, used 142615K [0x00000007b5580000, 0x00000007c0000000, 0x00000007c0000000)
  eden space 135168K, 98% used [0x00000007b5580000,0x00000007bd70c878,0x00000007bd980000)
  from space 19456K, 51% used [0x00000007bd980000,0x00000007be339548,0x00000007bec80000)
  to   space 19968K, 0% used [0x00000007bec80000,0x00000007bec80000,0x00000007c0000000)
 ParOldGen       total 349696K, used 266112K [0x00000007a0000000, 0x00000007b5580000, 0x00000007b5580000)
  object space 349696K, 76% used [0x00000007a0000000,0x00000007b03e00c8,0x00000007b5580000)
 Metaspace       used 5452K, capacity 5616K, committed 5760K, reserved 1056768K
  class space    used 580K, capacity 630K, committed 640K, reserved 1048576K
2018-07-25T18:09:04.115-0800: 66.395: [GC (Allocation Failure) [PSYoungGen: 142615K->224K(155136K)] 408727K->266336K(504832K), 0.0014615 secs] [Times: user=0.01 sys=0.00, real=0.00 secs] 
Heap after GC invocations=883 (full 95):
 PSYoungGen      total 155136K, used 224K [0x00000007b5580000, 0x00000007c0000000, 0x00000007c0000000)
  eden space 135168K, 0% used [0x00000007b5580000,0x00000007b5580000,0x00000007bd980000)
  from space 19968K, 1% used [0x00000007bec80000,0x00000007becb8008,0x00000007c0000000)
  to   space 19456K, 0% used [0x00000007bd980000,0x00000007bd980000,0x00000007bec80000)
 ParOldGen       total 349696K, used 266112K [0x00000007a0000000, 0x00000007b5580000, 0x00000007b5580000)
  object space 349696K, 76% used [0x00000007a0000000,0x00000007b03e00c8,0x00000007b5580000)
 Metaspace       used 5452K, capacity 5616K, committed 5760K, reserved 1056768K
  class space    used 580K, capacity 630K, committed 640K, reserved 1048576K
}
{Heap before GC invocations=884 (full 95):
 PSYoungGen      total 155136K, used 129702K [0x00000007b5580000, 0x00000007c0000000, 0x00000007c0000000)
  eden space 135168K, 95% used [0x00000007b5580000,0x00000007bd3f1868,0x00000007bd980000)
  from space 19968K, 1% used [0x00000007bec80000,0x00000007becb8008,0x00000007c0000000)
  to   space 19456K, 0% used [0x00000007bd980000,0x00000007bd980000,0x00000007bec80000)
 ParOldGen       total 349696K, used 266112K [0x00000007a0000000, 0x00000007b5580000, 0x00000007b5580000)
  object space 349696K, 76% used [0x00000007a0000000,0x00000007b03e00c8,0x00000007b5580000)
 Metaspace       used 5452K, capacity 5616K, committed 5760K, reserved 1056768K
  class space    used 580K, capacity 630K, committed 640K, reserved 1048576K
2018-07-25T18:09:04.146-0800: 66.427: [GC (Allocation Failure) [PSYoungGen: 129702K->9797K(154624K)] 395814K->328145K(504320K), 0.0082574 secs] [Times: user=0.06 sys=0.00, real=0.01 secs] 
Heap after GC invocations=884 (full 95):
 PSYoungGen      total 154624K, used 9797K [0x00000007b5580000, 0x00000007c0000000, 0x00000007c0000000)
  eden space 135168K, 0% used [0x00000007b5580000,0x00000007b5580000,0x00000007bd980000)
  from space 19456K, 50% used [0x00000007bd980000,0x00000007be311698,0x00000007bec80000)
  to   space 19456K, 0% used [0x00000007bed00000,0x00000007bed00000,0x00000007c0000000)
 ParOldGen       total 349696K, used 318347K [0x00000007a0000000, 0x00000007b5580000, 0x00000007b5580000)
  object space 349696K, 91% used [0x00000007a0000000,0x00000007b36e2e68,0x00000007b5580000)
 Metaspace       used 5452K, capacity 5616K, committed 5760K, reserved 1056768K
  class space    used 580K, capacity 630K, committed 640K, reserved 1048576K
}
{Heap before GC invocations=885 (full 96):
 PSYoungGen      total 154624K, used 9797K [0x00000007b5580000, 0x00000007c0000000, 0x00000007c0000000)
  eden space 135168K, 0% used [0x00000007b5580000,0x00000007b5580000,0x00000007bd980000)
  from space 19456K, 50% used [0x00000007bd980000,0x00000007be311698,0x00000007bec80000)
  to   space 19456K, 0% used [0x00000007bed00000,0x00000007bed00000,0x00000007c0000000)
 ParOldGen       total 349696K, used 318347K [0x00000007a0000000, 0x00000007b5580000, 0x00000007b5580000)
  object space 349696K, 91% used [0x00000007a0000000,0x00000007b36e2e68,0x00000007b5580000)
 Metaspace       used 5452K, capacity 5616K, committed 5760K, reserved 1056768K
  class space    used 580K, capacity 630K, committed 640K, reserved 1048576K
2018-07-25T18:09:04.155-0800: 66.435: [Full GC (Ergonomics) [PSYoungGen: 9797K->0K(154624K)] [ParOldGen: 318347K->73753K(349696K)] 328145K->73753K(504320K), [Metaspace: 5452K->5452K(1056768K)], 0.0113304 secs] [Times: user=0.06 sys=0.01, real=0.01 secs] 
Heap after GC invocations=885 (full 96):
 PSYoungGen      total 154624K, used 0K [0x00000007b5580000, 0x00000007c0000000, 0x00000007c0000000)
  eden space 135168K, 0% used [0x00000007b5580000,0x00000007b5580000,0x00000007bd980000)
  from space 19456K, 0% used [0x00000007bd980000,0x00000007bd980000,0x00000007bec80000)
  to   space 19456K, 0% used [0x00000007bed00000,0x00000007bed00000,0x00000007c0000000)
 ParOldGen       total 349696K, used 73753K [0x00000007a0000000, 0x00000007b5580000, 0x00000007b5580000)
  object space 349696K, 21% used [0x00000007a0000000,0x00000007a4806770,0x00000007b5580000)
 Metaspace       used 5452K, capacity 5616K, committed 5760K, reserved 1056768K
  class space    used 580K, capacity 630K, committed 640K, reserved 1048576K
}
{Heap before GC invocations=886 (full 96):
 PSYoungGen      total 154624K, used 129526K [0x00000007b5580000, 0x00000007c0000000, 0x00000007c0000000)
  eden space 135168K, 95% used [0x00000007b5580000,0x00000007bd3fd988,0x00000007bd980000)
  from space 19456K, 0% used [0x00000007bd980000,0x00000007bd980000,0x00000007bec80000)
  to   space 19456K, 0% used [0x00000007bed00000,0x00000007bed00000,0x00000007c0000000)
 ParOldGen       total 349696K, used 73753K [0x00000007a0000000, 0x00000007b5580000, 0x00000007b5580000)
  object space 349696K, 21% used [0x00000007a0000000,0x00000007a4806770,0x00000007b5580000)
 Metaspace       used 5452K, capacity 5616K, committed 5760K, reserved 1056768K
  class space    used 580K, capacity 630K, committed 640K, reserved 1048576K
2018-07-25T18:09:04.281-0800: 66.561: [GC (Allocation Failure) [PSYoungGen: 129526K->9989K(154112K)] 203280K->135827K(503808K), 0.0066260 secs] [Times: user=0.04 sys=0.00, real=0.00 secs] 
Heap after GC invocations=886 (full 96):
 PSYoungGen      total 154112K, used 9989K [0x00000007b5580000, 0x00000007c0000000, 0x00000007c0000000)
  eden space 134656K, 0% used [0x00000007b5580000,0x00000007b5580000,0x00000007bd900000)
  from space 19456K, 51% used [0x00000007bed00000,0x00000007bf6c17f8,0x00000007c0000000)
  to   space 19968K, 0% used [0x00000007bd900000,0x00000007bd900000,0x00000007bec80000)
 ParOldGen       total 349696K, used 125837K [0x00000007a0000000, 0x00000007b5580000, 0x00000007b5580000)
  object space 349696K, 35% used [0x00000007a0000000,0x00000007a7ae3540,0x00000007b5580000)
 Metaspace       used 5452K, capacity 5616K, committed 5760K, reserved 1056768K
  class space    used 580K, capacity 630K, committed 640K, reserved 1048576K
}
{Heap before GC invocations=887 (full 96):
 PSYoungGen      total 154112K, used 116462K [0x00000007b5580000, 0x00000007c0000000, 0x00000007c0000000)
  eden space 134656K, 79% used [0x00000007b5580000,0x00000007bbd7a210,0x00000007bd900000)
  from space 19456K, 51% used [0x00000007bed00000,0x00000007bf6c17f8,0x00000007c0000000)
  to   space 19968K, 0% used [0x00000007bd900000,0x00000007bd900000,0x00000007bec80000)
 ParOldGen       total 349696K, used 125837K [0x00000007a0000000, 0x00000007b5580000, 0x00000007b5580000)
  object space 349696K, 35% used [0x00000007a0000000,0x00000007a7ae3540,0x00000007b5580000)
 Metaspace       used 5452K, capacity 5616K, committed 5760K, reserved 1056768K
  class space    used 580K, capacity 630K, committed 640K, reserved 1048576K
2018-07-25T18:09:04.302-0800: 66.582: [GC (Allocation Failure) [PSYoungGen: 116462K->0K(154624K)] 242299K->161797K(504320K), 0.0053440 secs] [Times: user=0.03 sys=0.00, real=0.00 secs] 
Heap after GC invocations=887 (full 96):
 PSYoungGen      total 154624K, used 0K [0x00000007b5580000, 0x00000007c0000000, 0x00000007c0000000)
  eden space 134656K, 0% used [0x00000007b5580000,0x00000007b5580000,0x00000007bd900000)
  from space 19968K, 0% used [0x00000007bd900000,0x00000007bd900000,0x00000007bec80000)
  to   space 19456K, 0% used [0x00000007bed00000,0x00000007bed00000,0x00000007c0000000)
 ParOldGen       total 349696K, used 161797K [0x00000007a0000000, 0x00000007b5580000, 0x00000007b5580000)
  object space 349696K, 46% used [0x00000007a0000000,0x00000007a9e01440,0x00000007b5580000)
 Metaspace       used 5452K, capacity 5616K, committed 5760K, reserved 1056768K
  class space    used 580K, capacity 630K, committed 640K, reserved 1048576K
}
{Heap before GC invocations=888 (full 96):
 PSYoungGen      total 154624K, used 129263K [0x00000007b5580000, 0x00000007c0000000, 0x00000007c0000000)
  eden space 134656K, 95% used [0x00000007b5580000,0x00000007bd3bbfc8,0x00000007bd900000)
  from space 19968K, 0% used [0x00000007bd900000,0x00000007bd900000,0x00000007bec80000)
  to   space 19456K, 0% used [0x00000007bed00000,0x00000007bed00000,0x00000007c0000000)
 ParOldGen       total 349696K, used 161797K [0x00000007a0000000, 0x00000007b5580000, 0x00000007b5580000)
  object space 349696K, 46% used [0x00000007a0000000,0x00000007a9e01440,0x00000007b5580000)
 Metaspace       used 5452K, capacity 5616K, committed 5760K, reserved 1056768K
  class space    used 580K, capacity 630K, committed 640K, reserved 1048576K
2018-07-25T18:09:04.422-0800: 66.703: [GC (Allocation Failure) [PSYoungGen: 129263K->9990K(154112K)] 291061K->223870K(503808K), 0.0067912 secs] [Times: user=0.05 sys=0.00, real=0.00 secs] 
Heap after GC invocations=888 (full 96):
 PSYoungGen      total 154112K, used 9990K [0x00000007b5580000, 0x00000007c0000000, 0x00000007c0000000)
  eden space 134656K, 0% used [0x00000007b5580000,0x00000007b5580000,0x00000007bd900000)
  from space 19456K, 51% used [0x00000007bed00000,0x00000007bf6c1950,0x00000007c0000000)
  to   space 19968K, 0% used [0x00000007bd900000,0x00000007bd900000,0x00000007bec80000)
 ParOldGen       total 349696K, used 213880K [0x00000007a0000000, 0x00000007b5580000, 0x00000007b5580000)
  object space 349696K, 61% used [0x00000007a0000000,0x00000007ad0de1f0,0x00000007b5580000)
 Metaspace       used 5452K, capacity 5616K, committed 5760K, reserved 1056768K
  class space    used 580K, capacity 630K, committed 640K, reserved 1048576K
}
{Heap before GC invocations=889 (full 96):
 PSYoungGen      total 154112K, used 142643K [0x00000007b5580000, 0x00000007c0000000, 0x00000007c0000000)
  eden space 134656K, 98% used [0x00000007b5580000,0x00000007bd70b468,0x00000007bd900000)
  from space 19456K, 51% used [0x00000007bed00000,0x00000007bf6c1950,0x00000007c0000000)
  to   space 19968K, 0% used [0x00000007bd900000,0x00000007bd900000,0x00000007bec80000)
 ParOldGen       total 349696K, used 213880K [0x00000007a0000000, 0x00000007b5580000, 0x00000007b5580000)
  object space 349696K, 61% used [0x00000007a0000000,0x00000007ad0de1f0,0x00000007b5580000)
 Metaspace       used 5452K, capacity 5616K, committed 5760K, reserved 1056768K
  class space    used 580K, capacity 630K, committed 640K, reserved 1048576K
2018-07-25T18:09:04.528-0800: 66.808: [GC (Allocation Failure) [PSYoungGen: 142643K->193K(154624K)] 356523K->214073K(504320K), 0.0014748 secs] [Times: user=0.00 sys=0.00, real=0.00 secs] 
Heap after GC invocations=889 (full 96):
 PSYoungGen      total 154624K, used 193K [0x00000007b5580000, 0x00000007c0000000, 0x00000007c0000000)
  eden space 134656K, 0% used [0x00000007b5580000,0x00000007b5580000,0x00000007bd900000)
  from space 19968K, 0% used [0x00000007bd900000,0x00000007bd930410,0x00000007bec80000)
  to   space 19456K, 0% used [0x00000007bed00000,0x00000007bed00000,0x00000007c0000000)
 ParOldGen       total 349696K, used 213880K [0x00000007a0000000, 0x00000007b5580000, 0x00000007b5580000)
  object space 349696K, 61% used [0x00000007a0000000,0x00000007ad0de1f0,0x00000007b5580000)
 Metaspace       used 5452K, capacity 5616K, committed 5760K, reserved 1056768K
  class space    used 580K, capacity 630K, committed 640K, reserved 1048576K
}
{Heap before GC invocations=890 (full 96):
 PSYoungGen      total 154624K, used 129664K [0x00000007b5580000, 0x00000007c0000000, 0x00000007c0000000)
  eden space 134656K, 96% used [0x00000007b5580000,0x00000007bd3efd80,0x00000007bd900000)
  from space 19968K, 0% used [0x00000007bd900000,0x00000007bd930410,0x00000007bec80000)
  to   space 19456K, 0% used [0x00000007bed00000,0x00000007bed00000,0x00000007c0000000)
 ParOldGen       total 349696K, used 213880K [0x00000007a0000000, 0x00000007b5580000, 0x00000007b5580000)
  object space 349696K, 61% used [0x00000007a0000000,0x00000007ad0de1f0,0x00000007b5580000)
 Metaspace       used 5452K, capacity 5616K, committed 5760K, reserved 1056768K
  class space    used 580K, capacity 630K, committed 640K, reserved 1048576K
2018-07-25T18:09:04.566-0800: 66.846: [GC (Allocation Failure) [PSYoungGen: 129664K->9797K(155136K)] 343544K->275914K(504832K), 0.0091734 secs] [Times: user=0.06 sys=0.00, real=0.01 secs] 
Heap after GC invocations=890 (full 96):
 PSYoungGen      total 155136K, used 9797K [0x00000007b5580000, 0x00000007c0000000, 0x00000007c0000000)
  eden space 135680K, 0% used [0x00000007b5580000,0x00000007b5580000,0x00000007bda00000)
  from space 19456K, 50% used [0x00000007bed00000,0x00000007bf691698,0x00000007c0000000)
  to   space 19456K, 0% used [0x00000007bda00000,0x00000007bda00000,0x00000007bed00000)
 ParOldGen       total 349696K, used 266116K [0x00000007a0000000, 0x00000007b5580000, 0x00000007b5580000)
  object space 349696K, 76% used [0x00000007a0000000,0x00000007b03e1398,0x00000007b5580000)
 Metaspace       used 5452K, capacity 5616K, committed 5760K, reserved 1056768K
  class space    used 580K, capacity 630K, committed 640K, reserved 1048576K
}
{Heap before GC invocations=891 (full 96):
 PSYoungGen      total 155136K, used 139335K [0x00000007b5580000, 0x00000007c0000000, 0x00000007c0000000)
  eden space 135680K, 95% used [0x00000007b5580000,0x00000007bd400840,0x00000007bda00000)
  from space 19456K, 50% used [0x00000007bed00000,0x00000007bf691698,0x00000007c0000000)
  to   space 19456K, 0% used [0x00000007bda00000,0x00000007bda00000,0x00000007bed00000)
 ParOldGen       total 349696K, used 266116K [0x00000007a0000000, 0x00000007b5580000, 0x00000007b5580000)
  object space 349696K, 76% used [0x00000007a0000000,0x00000007b03e1398,0x00000007b5580000)
 Metaspace       used 5452K, capacity 5616K, committed 5760K, reserved 1056768K
  class space    used 580K, capacity 630K, committed 640K, reserved 1048576K
2018-07-25T18:09:04.691-0800: 66.971: [GC (Allocation Failure) [PSYoungGen: 139335K->9991K(145920K)] 405452K->302149K(495616K), 0.0113250 secs] [Times: user=0.07 sys=0.00, real=0.01 secs] 
Heap after GC invocations=891 (full 96):
 PSYoungGen      total 145920K, used 9991K [0x00000007b5580000, 0x00000007c0000000, 0x00000007c0000000)
  eden space 135680K, 0% used [0x00000007b5580000,0x00000007b5580000,0x00000007bda00000)
  from space 10240K, 97% used [0x00000007bda00000,0x00000007be3c1c00,0x00000007be400000)
  to   space 19968K, 0% used [0x00000007bec80000,0x00000007bec80000,0x00000007c0000000)
 ParOldGen       total 349696K, used 292158K [0x00000007a0000000, 0x00000007b5580000, 0x00000007b5580000)
  object space 349696K, 83% used [0x00000007a0000000,0x00000007b1d4fa60,0x00000007b5580000)
 Metaspace       used 5452K, capacity 5616K, committed 5760K, reserved 1056768K
  class space    used 580K, capacity 630K, committed 640K, reserved 1048576K
}
{Heap before GC invocations=892 (full 97):
 PSYoungGen      total 145920K, used 9991K [0x00000007b5580000, 0x00000007c0000000, 0x00000007c0000000)
  eden space 135680K, 0% used [0x00000007b5580000,0x00000007b5580000,0x00000007bda00000)
  from space 10240K, 97% used [0x00000007bda00000,0x00000007be3c1c00,0x00000007be400000)
  to   space 19968K, 0% used [0x00000007bec80000,0x00000007bec80000,0x00000007c0000000)
 ParOldGen       total 349696K, used 292158K [0x00000007a0000000, 0x00000007b5580000, 0x00000007b5580000)
  object space 349696K, 83% used [0x00000007a0000000,0x00000007b1d4fa60,0x00000007b5580000)
 Metaspace       used 5452K, capacity 5616K, committed 5760K, reserved 1056768K
  class space    used 580K, capacity 630K, committed 640K, reserved 1048576K
2018-07-25T18:09:04.702-0800: 66.983: [Full GC (Ergonomics) [PSYoungGen: 9991K->0K(145920K)] [ParOldGen: 292158K->47713K(349696K)] 302149K->47713K(495616K), [Metaspace: 5452K->5452K(1056768K)], 0.0093598 secs] [Times: user=0.04 sys=0.00, real=0.01 secs] 
Heap after GC invocations=892 (full 97):
 PSYoungGen      total 145920K, used 0K [0x00000007b5580000, 0x00000007c0000000, 0x00000007c0000000)
  eden space 135680K, 0% used [0x00000007b5580000,0x00000007b5580000,0x00000007bda00000)
  from space 10240K, 0% used [0x00000007bda00000,0x00000007bda00000,0x00000007be400000)
  to   space 19968K, 0% used [0x00000007bec80000,0x00000007bec80000,0x00000007c0000000)
 ParOldGen       total 349696K, used 47713K [0x00000007a0000000, 0x00000007b5580000, 0x00000007b5580000)
  object space 349696K, 13% used [0x00000007a0000000,0x00000007a2e98648,0x00000007b5580000)
 Metaspace       used 5452K, capacity 5616K, committed 5760K, reserved 1056768K
  class space    used 580K, capacity 630K, committed 640K, reserved 1048576K
}
{Heap before GC invocations=893 (full 97):
 PSYoungGen      total 145920K, used 106491K [0x00000007b5580000, 0x00000007c0000000, 0x00000007c0000000)
  eden space 135680K, 78% used [0x00000007b5580000,0x00000007bbd7ed00,0x00000007bda00000)
  from space 10240K, 0% used [0x00000007bda00000,0x00000007bda00000,0x00000007be400000)
  to   space 19968K, 0% used [0x00000007bec80000,0x00000007bec80000,0x00000007c0000000)
 ParOldGen       total 349696K, used 47713K [0x00000007a0000000, 0x00000007b5580000, 0x00000007b5580000)
  object space 349696K, 13% used [0x00000007a0000000,0x00000007a2e98648,0x00000007b5580000)
 Metaspace       used 5452K, capacity 5616K, committed 5760K, reserved 1056768K
  class space    used 580K, capacity 630K, committed 640K, reserved 1048576K
2018-07-25T18:09:04.726-0800: 67.007: [GC (Allocation Failure) [PSYoungGen: 106491K->0K(155136K)] 154204K->125838K(504832K), 0.0156447 secs] [Times: user=0.12 sys=0.01, real=0.02 secs] 
Heap after GC invocations=893 (full 97):
 PSYoungGen      total 155136K, used 0K [0x00000007b5580000, 0x00000007c0000000, 0x00000007c0000000)
  eden space 135168K, 0% used [0x00000007b5580000,0x00000007b5580000,0x00000007bd980000)
  from space 19968K, 0% used [0x00000007bec80000,0x00000007bec80000,0x00000007c0000000)
  to   space 19456K, 0% used [0x00000007bd980000,0x00000007bd980000,0x00000007bec80000)
 ParOldGen       total 349696K, used 125838K [0x00000007a0000000, 0x00000007b5580000, 0x00000007b5580000)
  object space 349696K, 35% used [0x00000007a0000000,0x00000007a7ae3ae8,0x00000007b5580000)
 Metaspace       used 5452K, capacity 5616K, committed 5760K, reserved 1056768K
  class space    used 580K, capacity 630K, committed 640K, reserved 1048576K
}
{Heap before GC invocations=894 (full 97):
 PSYoungGen      total 155136K, used 128921K [0x00000007b5580000, 0x00000007c0000000, 0x00000007c0000000)
  eden space 135168K, 95% used [0x00000007b5580000,0x00000007bd366560,0x00000007bd980000)
  from space 19968K, 0% used [0x00000007bec80000,0x00000007bec80000,0x00000007c0000000)
  to   space 19456K, 0% used [0x00000007bd980000,0x00000007bd980000,0x00000007bec80000)
 ParOldGen       total 349696K, used 125838K [0x00000007a0000000, 0x00000007b5580000, 0x00000007b5580000)
  object space 349696K, 35% used [0x00000007a0000000,0x00000007a7ae3ae8,0x00000007b5580000)
 Metaspace       used 5452K, capacity 5616K, committed 5760K, reserved 1056768K
  class space    used 580K, capacity 630K, committed 640K, reserved 1048576K
2018-07-25T18:09:04.869-0800: 67.149: [GC (Allocation Failure) [PSYoungGen: 128921K->10023K(154624K)] 254760K->187945K(504320K), 0.0056368 secs] [Times: user=0.04 sys=0.00, real=0.01 secs] 
Heap after GC invocations=894 (full 97):
 PSYoungGen      total 154624K, used 10023K [0x00000007b5580000, 0x00000007c0000000, 0x00000007c0000000)
  eden space 135168K, 0% used [0x00000007b5580000,0x00000007b5580000,0x00000007bd980000)
  from space 19456K, 51% used [0x00000007bd980000,0x00000007be349d58,0x00000007bec80000)
  to   space 19968K, 0% used [0x00000007bec80000,0x00000007bec80000,0x00000007c0000000)
 ParOldGen       total 349696K, used 177922K [0x00000007a0000000, 0x00000007b5580000, 0x00000007b5580000)
  object space 349696K, 50% used [0x00000007a0000000,0x00000007aadc0898,0x00000007b5580000)
 Metaspace       used 5452K, capacity 5616K, committed 5760K, reserved 1056768K
  class space    used 580K, capacity 630K, committed 640K, reserved 1048576K
}
{Heap before GC invocations=895 (full 97):
 PSYoungGen      total 154624K, used 142457K [0x00000007b5580000, 0x00000007c0000000, 0x00000007c0000000)
  eden space 135168K, 97% used [0x00000007b5580000,0x00000007bd6d47f8,0x00000007bd980000)
  from space 19456K, 51% used [0x00000007bd980000,0x00000007be349d58,0x00000007bec80000)
  to   space 19968K, 0% used [0x00000007bec80000,0x00000007bec80000,0x00000007c0000000)
 ParOldGen       total 349696K, used 177922K [0x00000007a0000000, 0x00000007b5580000, 0x00000007b5580000)
  object space 349696K, 50% used [0x00000007a0000000,0x00000007aadc0898,0x00000007b5580000)
 Metaspace       used 5452K, capacity 5616K, committed 5760K, reserved 1056768K
  class space    used 580K, capacity 630K, committed 640K, reserved 1048576K
2018-07-25T18:09:04.970-0800: 67.250: [GC (Allocation Failure) [PSYoungGen: 142457K->226K(155136K)] 320379K->178148K(504832K), 0.0013761 secs] [Times: user=0.00 sys=0.00, real=0.00 secs] 
Heap after GC invocations=895 (full 97):
 PSYoungGen      total 155136K, used 226K [0x00000007b5580000, 0x00000007c0000000, 0x00000007c0000000)
  eden space 135168K, 0% used [0x00000007b5580000,0x00000007b5580000,0x00000007bd980000)
  from space 19968K, 1% used [0x00000007bec80000,0x00000007becb8818,0x00000007c0000000)
  to   space 19456K, 0% used [0x00000007bd980000,0x00000007bd980000,0x00000007bec80000)
 ParOldGen       total 349696K, used 177922K [0x00000007a0000000, 0x00000007b5580000, 0x00000007b5580000)
  object space 349696K, 50% used [0x00000007a0000000,0x00000007aadc0898,0x00000007b5580000)
 Metaspace       used 5452K, capacity 5616K, committed 5760K, reserved 1056768K
  class space    used 580K, capacity 630K, committed 640K, reserved 1048576K
}
{Heap before GC invocations=896 (full 97):
 PSYoungGen      total 155136K, used 129560K [0x00000007b5580000, 0x00000007c0000000, 0x00000007c0000000)
  eden space 135168K, 95% used [0x00000007b5580000,0x00000007bd3cd838,0x00000007bd980000)
  from space 19968K, 1% used [0x00000007bec80000,0x00000007becb8818,0x00000007c0000000)
  to   space 19456K, 0% used [0x00000007bd980000,0x00000007bd980000,0x00000007bec80000)
 ParOldGen       total 349696K, used 177922K [0x00000007a0000000, 0x00000007b5580000, 0x00000007b5580000)
  object space 349696K, 50% used [0x00000007a0000000,0x00000007aadc0898,0x00000007b5580000)
 Metaspace       used 5452K, capacity 5616K, committed 5760K, reserved 1056768K
  class space    used 580K, capacity 630K, committed 640K, reserved 1048576K
2018-07-25T18:09:05.000-0800: 67.280: [GC (Allocation Failure) [PSYoungGen: 129560K->9797K(154624K)] 307482K->239949K(504320K), 0.0079560 secs] [Times: user=0.06 sys=0.00, real=0.00 secs] 
Heap after GC invocations=896 (full 97):
 PSYoungGen      total 154624K, used 9797K [0x00000007b5580000, 0x00000007c0000000, 0x00000007c0000000)
  eden space 135168K, 0% used [0x00000007b5580000,0x00000007b5580000,0x00000007bd980000)
  from space 19456K, 50% used [0x00000007bd980000,0x00000007be311698,0x00000007bec80000)
  to   space 19456K, 0% used [0x00000007bed00000,0x00000007bed00000,0x00000007c0000000)
 ParOldGen       total 349696K, used 230151K [0x00000007a0000000, 0x00000007b5580000, 0x00000007b5580000)
  object space 349696K, 65% used [0x00000007a0000000,0x00000007ae0c1e48,0x00000007b5580000)
 Metaspace       used 5452K, capacity 5616K, committed 5760K, reserved 1056768K
  class space    used 580K, capacity 630K, committed 640K, reserved 1048576K
}
{Heap before GC invocations=897 (full 97):
 PSYoungGen      total 154624K, used 139231K [0x00000007b5580000, 0x00000007c0000000, 0x00000007c0000000)
  eden space 135168K, 95% used [0x00000007b5580000,0x00000007bd3e6768,0x00000007bd980000)
  from space 19456K, 50% used [0x00000007bd980000,0x00000007be311698,0x00000007bec80000)
  to   space 19456K, 0% used [0x00000007bed00000,0x00000007bed00000,0x00000007c0000000)
 ParOldGen       total 349696K, used 230151K [0x00000007a0000000, 0x00000007b5580000, 0x00000007b5580000)
  object space 349696K, 65% used [0x00000007a0000000,0x00000007ae0c1e48,0x00000007b5580000)
 Metaspace       used 5452K, capacity 5616K, committed 5760K, reserved 1056768K
  class space    used 580K, capacity 630K, committed 640K, reserved 1048576K
2018-07-25T18:09:05.115-0800: 67.395: [GC (Allocation Failure) [PSYoungGen: 139231K->9992K(154112K)] 369383K->266185K(503808K), 0.0045508 secs] [Times: user=0.03 sys=0.00, real=0.00 secs] 
Heap after GC invocations=897 (full 97):
 PSYoungGen      total 154112K, used 9992K [0x00000007b5580000, 0x00000007c0000000, 0x00000007c0000000)
  eden space 134656K, 0% used [0x00000007b5580000,0x00000007b5580000,0x00000007bd900000)
  from space 19456K, 51% used [0x00000007bed00000,0x00000007bf6c2008,0x00000007c0000000)
  to   space 19968K, 0% used [0x00000007bd900000,0x00000007bd900000,0x00000007bec80000)
 ParOldGen       total 349696K, used 256193K [0x00000007a0000000, 0x00000007b5580000, 0x00000007b5580000)
  object space 349696K, 73% used [0x00000007a0000000,0x00000007afa30510,0x00000007b5580000)
 Metaspace       used 5452K, capacity 5616K, committed 5760K, reserved 1056768K
  class space    used 580K, capacity 630K, committed 640K, reserved 1048576K
}
{Heap before GC invocations=898 (full 97):
 PSYoungGen      total 154112K, used 116405K [0x00000007b5580000, 0x00000007c0000000, 0x00000007c0000000)
  eden space 134656K, 79% used [0x00000007b5580000,0x00000007bbd6b438,0x00000007bd900000)
  from space 19456K, 51% used [0x00000007bed00000,0x00000007bf6c2008,0x00000007c0000000)
  to   space 19968K, 0% used [0x00000007bd900000,0x00000007bd900000,0x00000007bec80000)
 ParOldGen       total 349696K, used 256193K [0x00000007a0000000, 0x00000007b5580000, 0x00000007b5580000)
  object space 349696K, 73% used [0x00000007a0000000,0x00000007afa30510,0x00000007b5580000)
 Metaspace       used 5452K, capacity 5616K, committed 5760K, reserved 1056768K
  class space    used 580K, capacity 630K, committed 640K, reserved 1048576K
2018-07-25T18:09:05.131-0800: 67.412: [GC (Allocation Failure) [PSYoungGen: 116405K->0K(154624K)] 372598K->292147K(504320K), 0.0056664 secs] [Times: user=0.04 sys=0.00, real=0.00 secs] 
Heap after GC invocations=898 (full 97):
 PSYoungGen      total 154624K, used 0K [0x00000007b5580000, 0x00000007c0000000, 0x00000007c0000000)
  eden space 134656K, 0% used [0x00000007b5580000,0x00000007b5580000,0x00000007bd900000)
  from space 19968K, 0% used [0x00000007bd900000,0x00000007bd900000,0x00000007bec80000)
  to   space 19456K, 0% used [0x00000007bed00000,0x00000007bed00000,0x00000007c0000000)
 ParOldGen       total 349696K, used 292147K [0x00000007a0000000, 0x00000007b5580000, 0x00000007b5580000)
  object space 349696K, 83% used [0x00000007a0000000,0x00000007b1d4cc20,0x00000007b5580000)
 Metaspace       used 5452K, capacity 5616K, committed 5760K, reserved 1056768K
  class space    used 580K, capacity 630K, committed 640K, reserved 1048576K
}
{Heap before GC invocations=899 (full 98):
 PSYoungGen      total 154624K, used 0K [0x00000007b5580000, 0x00000007c0000000, 0x00000007c0000000)
  eden space 134656K, 0% used [0x00000007b5580000,0x00000007b5580000,0x00000007bd900000)
  from space 19968K, 0% used [0x00000007bd900000,0x00000007bd900000,0x00000007bec80000)
  to   space 19456K, 0% used [0x00000007bed00000,0x00000007bed00000,0x00000007c0000000)
 ParOldGen       total 349696K, used 292147K [0x00000007a0000000, 0x00000007b5580000, 0x00000007b5580000)
  object space 349696K, 83% used [0x00000007a0000000,0x00000007b1d4cc20,0x00000007b5580000)
 Metaspace       used 5452K, capacity 5616K, committed 5760K, reserved 1056768K
  class space    used 580K, capacity 630K, committed 640K, reserved 1048576K
2018-07-25T18:09:05.137-0800: 67.417: [Full GC (Ergonomics) [PSYoungGen: 0K->0K(154624K)] [ParOldGen: 292147K->47714K(349696K)] 292147K->47714K(504320K), [Metaspace: 5452K->5452K(1056768K)], 0.0079026 secs] [Times: user=0.04 sys=0.00, real=0.01 secs] 
Heap after GC invocations=899 (full 98):
 PSYoungGen      total 154624K, used 0K [0x00000007b5580000, 0x00000007c0000000, 0x00000007c0000000)
  eden space 134656K, 0% used [0x00000007b5580000,0x00000007b5580000,0x00000007bd900000)
  from space 19968K, 0% used [0x00000007bd900000,0x00000007bd900000,0x00000007bec80000)
  to   space 19456K, 0% used [0x00000007bed00000,0x00000007bed00000,0x00000007c0000000)
 ParOldGen       total 349696K, used 47714K [0x00000007a0000000, 0x00000007b5580000, 0x00000007b5580000)
  object space 349696K, 13% used [0x00000007a0000000,0x00000007a2e98a30,0x00000007b5580000)
 Metaspace       used 5452K, capacity 5616K, committed 5760K, reserved 1056768K
  class space    used 580K, capacity 630K, committed 640K, reserved 1048576K
}
{Heap before GC invocations=900 (full 98):
 PSYoungGen      total 154624K, used 129225K [0x00000007b5580000, 0x00000007c0000000, 0x00000007c0000000)
  eden space 134656K, 95% used [0x00000007b5580000,0x00000007bd3b2748,0x00000007bd900000)
  from space 19968K, 0% used [0x00000007bd900000,0x00000007bd900000,0x00000007bec80000)
  to   space 19456K, 0% used [0x00000007bed00000,0x00000007bed00000,0x00000007c0000000)
 ParOldGen       total 349696K, used 47714K [0x00000007a0000000, 0x00000007b5580000, 0x00000007b5580000)
  object space 349696K, 13% used [0x00000007a0000000,0x00000007a2e98a30,0x00000007b5580000)
 Metaspace       used 5452K, capacity 5616K, committed 5760K, reserved 1056768K
  class space    used 580K, capacity 630K, committed 640K, reserved 1048576K
2018-07-25T18:09:05.257-0800: 67.538: [GC (Allocation Failure) [PSYoungGen: 129225K->10024K(154112K)] 176940K->109822K(503808K), 0.0063144 secs] [Times: user=0.05 sys=0.00, real=0.01 secs] 
Heap after GC invocations=900 (full 98):
 PSYoungGen      total 154112K, used 10024K [0x00000007b5580000, 0x00000007c0000000, 0x00000007c0000000)
  eden space 134656K, 0% used [0x00000007b5580000,0x00000007b5580000,0x00000007bd900000)
  from space 19456K, 51% used [0x00000007bed00000,0x00000007bf6ca160,0x00000007c0000000)
  to   space 19968K, 0% used [0x00000007bd900000,0x00000007bd900000,0x00000007bec80000)
 ParOldGen       total 349696K, used 99797K [0x00000007a0000000, 0x00000007b5580000, 0x00000007b5580000)
  object space 349696K, 28% used [0x00000007a0000000,0x00000007a61757e0,0x00000007b5580000)
 Metaspace       used 5452K, capacity 5616K, committed 5760K, reserved 1056768K
  class space    used 580K, capacity 630K, committed 640K, reserved 1048576K
}
{Heap before GC invocations=901 (full 98):
 PSYoungGen      total 154112K, used 142636K [0x00000007b5580000, 0x00000007c0000000, 0x00000007c0000000)
  eden space 134656K, 98% used [0x00000007b5580000,0x00000007bd700ef8,0x00000007bd900000)
  from space 19456K, 51% used [0x00000007bed00000,0x00000007bf6ca160,0x00000007c0000000)
  to   space 19968K, 0% used [0x00000007bd900000,0x00000007bd900000,0x00000007bec80000)
 ParOldGen       total 349696K, used 99797K [0x00000007a0000000, 0x00000007b5580000, 0x00000007b5580000)
  object space 349696K, 28% used [0x00000007a0000000,0x00000007a61757e0,0x00000007b5580000)
 Metaspace       used 5452K, capacity 5616K, committed 5760K, reserved 1056768K
  class space    used 580K, capacity 630K, committed 640K, reserved 1048576K
2018-07-25T18:09:05.356-0800: 67.636: [GC (Allocation Failure) [PSYoungGen: 142636K->227K(154624K)] 242434K->100025K(504320K), 0.0010465 secs] [Times: user=0.00 sys=0.00, real=0.00 secs] 
Heap after GC invocations=901 (full 98):
 PSYoungGen      total 154624K, used 227K [0x00000007b5580000, 0x00000007c0000000, 0x00000007c0000000)
  eden space 134656K, 0% used [0x00000007b5580000,0x00000007b5580000,0x00000007bd900000)
  from space 19968K, 1% used [0x00000007bd900000,0x00000007bd938c20,0x00000007bec80000)
  to   space 19456K, 0% used [0x00000007bed00000,0x00000007bed00000,0x00000007c0000000)
 ParOldGen       total 349696K, used 99797K [0x00000007a0000000, 0x00000007b5580000, 0x00000007b5580000)
  object space 349696K, 28% used [0x00000007a0000000,0x00000007a61757e0,0x00000007b5580000)
 Metaspace       used 5452K, capacity 5616K, committed 5760K, reserved 1056768K
  class space    used 580K, capacity 630K, committed 640K, reserved 1048576K
}
{Heap before GC invocations=902 (full 98):
 PSYoungGen      total 154624K, used 129671K [0x00000007b5580000, 0x00000007c0000000, 0x00000007c0000000)
  eden space 134656K, 96% used [0x00000007b5580000,0x00000007bd3e9358,0x00000007bd900000)
  from space 19968K, 1% used [0x00000007bd900000,0x00000007bd938c20,0x00000007bec80000)
  to   space 19456K, 0% used [0x00000007bed00000,0x00000007bed00000,0x00000007c0000000)
 ParOldGen       total 349696K, used 99797K [0x00000007a0000000, 0x00000007b5580000, 0x00000007b5580000)
  object space 349696K, 28% used [0x00000007a0000000,0x00000007a61757e0,0x00000007b5580000)
 Metaspace       used 5452K, capacity 5616K, committed 5760K, reserved 1056768K
  class space    used 580K, capacity 630K, committed 640K, reserved 1048576K
2018-07-25T18:09:05.386-0800: 67.667: [GC (Allocation Failure) [PSYoungGen: 129671K->9797K(155136K)] 229469K->161842K(504832K), 0.0072538 secs] [Times: user=0.06 sys=0.00, real=0.01 secs] 
Heap after GC invocations=902 (full 98):
 PSYoungGen      total 155136K, used 9797K [0x00000007b5580000, 0x00000007c0000000, 0x00000007c0000000)
  eden space 135680K, 0% used [0x00000007b5580000,0x00000007b5580000,0x00000007bda00000)
  from space 19456K, 50% used [0x00000007bed00000,0x00000007bf691698,0x00000007c0000000)
  to   space 19456K, 0% used [0x00000007bda00000,0x00000007bda00000,0x00000007bed00000)
 ParOldGen       total 349696K, used 152044K [0x00000007a0000000, 0x00000007b5580000, 0x00000007b5580000)
  object space 349696K, 43% used [0x00000007a0000000,0x00000007a947b198,0x00000007b5580000)
 Metaspace       used 5452K, capacity 5616K, committed 5760K, reserved 1056768K
  class space    used 580K, capacity 630K, committed 640K, reserved 1048576K
}
{Heap before GC invocations=903 (full 98):
 PSYoungGen      total 155136K, used 139318K [0x00000007b5580000, 0x00000007c0000000, 0x00000007c0000000)
  eden space 135680K, 95% used [0x00000007b5580000,0x00000007bd3fc3b8,0x00000007bda00000)
  from space 19456K, 50% used [0x00000007bed00000,0x00000007bf691698,0x00000007c0000000)
  to   space 19456K, 0% used [0x00000007bda00000,0x00000007bda00000,0x00000007bed00000)
 ParOldGen       total 349696K, used 152044K [0x00000007a0000000, 0x00000007b5580000, 0x00000007b5580000)
  object space 349696K, 43% used [0x00000007a0000000,0x00000007a947b198,0x00000007b5580000)
 Metaspace       used 5452K, capacity 5616K, committed 5760K, reserved 1056768K
  class space    used 580K, capacity 630K, committed 640K, reserved 1048576K
2018-07-25T18:09:05.503-0800: 67.783: [GC (Allocation Failure) [PSYoungGen: 139318K->9993K(145920K)] 291362K->188079K(495616K), 0.0046645 secs] [Times: user=0.03 sys=0.00, real=0.00 secs] 
Heap after GC invocations=903 (full 98):
 PSYoungGen      total 145920K, used 9993K [0x00000007b5580000, 0x00000007c0000000, 0x00000007c0000000)
  eden space 135680K, 0% used [0x00000007b5580000,0x00000007b5580000,0x00000007bda00000)
  from space 10240K, 97% used [0x00000007bda00000,0x00000007be3c2410,0x00000007be400000)
  to   space 19968K, 0% used [0x00000007bec80000,0x00000007bec80000,0x00000007c0000000)
 ParOldGen       total 349696K, used 178086K [0x00000007a0000000, 0x00000007b5580000, 0x00000007b5580000)
  object space 349696K, 50% used [0x00000007a0000000,0x00000007aade9860,0x00000007b5580000)
 Metaspace       used 5452K, capacity 5616K, committed 5760K, reserved 1056768K
  class space    used 580K, capacity 630K, committed 640K, reserved 1048576K
}
{Heap before GC invocations=904 (full 98):
 PSYoungGen      total 145920K, used 116473K [0x00000007b5580000, 0x00000007c0000000, 0x00000007c0000000)
  eden space 135680K, 78% used [0x00000007b5580000,0x00000007bbd7c0d0,0x00000007bda00000)
  from space 10240K, 97% used [0x00000007bda00000,0x00000007be3c2410,0x00000007be400000)
  to   space 19968K, 0% used [0x00000007bec80000,0x00000007bec80000,0x00000007c0000000)
 ParOldGen       total 349696K, used 178086K [0x00000007a0000000, 0x00000007b5580000, 0x00000007b5580000)
  object space 349696K, 50% used [0x00000007a0000000,0x00000007aade9860,0x00000007b5580000)
 Metaspace       used 5452K, capacity 5616K, committed 5760K, reserved 1056768K
  class space    used 580K, capacity 630K, committed 640K, reserved 1048576K
2018-07-25T18:09:05.520-0800: 67.800: [GC (Allocation Failure) [PSYoungGen: 116473K->0K(155136K)] 294559K->214048K(504832K), 0.0044573 secs] [Times: user=0.03 sys=0.00, real=0.00 secs] 
Heap after GC invocations=904 (full 98):
 PSYoungGen      total 155136K, used 0K [0x00000007b5580000, 0x00000007c0000000, 0x00000007c0000000)
  eden space 135168K, 0% used [0x00000007b5580000,0x00000007b5580000,0x00000007bd980000)
  from space 19968K, 0% used [0x00000007bec80000,0x00000007bec80000,0x00000007c0000000)
  to   space 19456K, 0% used [0x00000007bd980000,0x00000007bd980000,0x00000007bec80000)
 ParOldGen       total 349696K, used 214048K [0x00000007a0000000, 0x00000007b5580000, 0x00000007b5580000)
  object space 349696K, 61% used [0x00000007a0000000,0x00000007ad108378,0x00000007b5580000)
 Metaspace       used 5452K, capacity 5616K, committed 5760K, reserved 1056768K
  class space    used 580K, capacity 630K, committed 640K, reserved 1048576K
}
{Heap before GC invocations=905 (full 98):
 PSYoungGen      total 155136K, used 129266K [0x00000007b5580000, 0x00000007c0000000, 0x00000007c0000000)
  eden space 135168K, 95% used [0x00000007b5580000,0x00000007bd3bc998,0x00000007bd980000)
  from space 19968K, 0% used [0x00000007bec80000,0x00000007bec80000,0x00000007c0000000)
  to   space 19456K, 0% used [0x00000007bd980000,0x00000007bd980000,0x00000007bec80000)
 ParOldGen       total 349696K, used 214048K [0x00000007a0000000, 0x00000007b5580000, 0x00000007b5580000)
  object space 349696K, 61% used [0x00000007a0000000,0x00000007ad108378,0x00000007b5580000)
 Metaspace       used 5452K, capacity 5616K, committed 5760K, reserved 1056768K
  class space    used 580K, capacity 630K, committed 640K, reserved 1048576K
2018-07-25T18:09:05.633-0800: 67.914: [GC (Allocation Failure) [PSYoungGen: 129266K->9961K(154624K)] 343315K->276093K(504320K), 0.0054738 secs] [Times: user=0.04 sys=0.00, real=0.00 secs] 
Heap after GC invocations=905 (full 98):
 PSYoungGen      total 154624K, used 9961K [0x00000007b5580000, 0x00000007c0000000, 0x00000007c0000000)
  eden space 135168K, 0% used [0x00000007b5580000,0x00000007b5580000,0x00000007bd980000)
  from space 19456K, 51% used [0x00000007bd980000,0x00000007be33a568,0x00000007bec80000)
  to   space 19968K, 0% used [0x00000007bec80000,0x00000007bec80000,0x00000007c0000000)
 ParOldGen       total 349696K, used 266132K [0x00000007a0000000, 0x00000007b5580000, 0x00000007b5580000)
  object space 349696K, 76% used [0x00000007a0000000,0x00000007b03e5128,0x00000007b5580000)
 Metaspace       used 5452K, capacity 5616K, committed 5760K, reserved 1056768K
  class space    used 580K, capacity 630K, committed 640K, reserved 1048576K
}
{Heap before GC invocations=906 (full 98):
 PSYoungGen      total 154624K, used 142619K [0x00000007b5580000, 0x00000007c0000000, 0x00000007c0000000)
  eden space 135168K, 98% used [0x00000007b5580000,0x00000007bd70c920,0x00000007bd980000)
  from space 19456K, 51% used [0x00000007bd980000,0x00000007be33a568,0x00000007bec80000)
  to   space 19968K, 0% used [0x00000007bec80000,0x00000007bec80000,0x00000007c0000000)
 ParOldGen       total 349696K, used 266132K [0x00000007a0000000, 0x00000007b5580000, 0x00000007b5580000)
  object space 349696K, 76% used [0x00000007a0000000,0x00000007b03e5128,0x00000007b5580000)
 Metaspace       used 5452K, capacity 5616K, committed 5760K, reserved 1056768K
  class space    used 580K, capacity 630K, committed 640K, reserved 1048576K
2018-07-25T18:09:05.732-0800: 68.013: [GC (Allocation Failure) [PSYoungGen: 142619K->228K(155136K)] 408751K->266360K(504832K), 0.0011443 secs] [Times: user=0.00 sys=0.00, real=0.00 secs] 
Heap after GC invocations=906 (full 98):
 PSYoungGen      total 155136K, used 228K [0x00000007b5580000, 0x00000007c0000000, 0x00000007c0000000)
  eden space 135168K, 0% used [0x00000007b5580000,0x00000007b5580000,0x00000007bd980000)
  from space 19968K, 1% used [0x00000007bec80000,0x00000007becb9028,0x00000007c0000000)
  to   space 19456K, 0% used [0x00000007bd980000,0x00000007bd980000,0x00000007bec80000)
 ParOldGen       total 349696K, used 266132K [0x00000007a0000000, 0x00000007b5580000, 0x00000007b5580000)
  object space 349696K, 76% used [0x00000007a0000000,0x00000007b03e5128,0x00000007b5580000)
 Metaspace       used 5452K, capacity 5616K, committed 5760K, reserved 1056768K
  class space    used 580K, capacity 630K, committed 640K, reserved 1048576K
}
{Heap before GC invocations=907 (full 98):
 PSYoungGen      total 155136K, used 129706K [0x00000007b5580000, 0x00000007c0000000, 0x00000007c0000000)
  eden space 135168K, 95% used [0x00000007b5580000,0x00000007bd3f1948,0x00000007bd980000)
  from space 19968K, 1% used [0x00000007bec80000,0x00000007becb9028,0x00000007c0000000)
  to   space 19456K, 0% used [0x00000007bd980000,0x00000007bd980000,0x00000007bec80000)
 ParOldGen       total 349696K, used 266132K [0x00000007a0000000, 0x00000007b5580000, 0x00000007b5580000)
  object space 349696K, 76% used [0x00000007a0000000,0x00000007b03e5128,0x00000007b5580000)
 Metaspace       used 5452K, capacity 5616K, committed 5760K, reserved 1056768K
  class space    used 580K, capacity 630K, committed 640K, reserved 1048576K
2018-07-25T18:09:05.763-0800: 68.043: [GC (Allocation Failure) [PSYoungGen: 129706K->9797K(154624K)] 395838K->328169K(504320K), 0.0082898 secs] [Times: user=0.06 sys=0.01, real=0.01 secs] 
Heap after GC invocations=907 (full 98):
 PSYoungGen      total 154624K, used 9797K [0x00000007b5580000, 0x00000007c0000000, 0x00000007c0000000)
  eden space 135168K, 0% used [0x00000007b5580000,0x00000007b5580000,0x00000007bd980000)
  from space 19456K, 50% used [0x00000007bd980000,0x00000007be311698,0x00000007bec80000)
  to   space 19456K, 0% used [0x00000007bed00000,0x00000007bed00000,0x00000007c0000000)
 ParOldGen       total 349696K, used 318371K [0x00000007a0000000, 0x00000007b5580000, 0x00000007b5580000)
  object space 349696K, 91% used [0x00000007a0000000,0x00000007b36e8ee8,0x00000007b5580000)
 Metaspace       used 5452K, capacity 5616K, committed 5760K, reserved 1056768K
  class space    used 580K, capacity 630K, committed 640K, reserved 1048576K
}
{Heap before GC invocations=908 (full 99):
 PSYoungGen      total 154624K, used 9797K [0x00000007b5580000, 0x00000007c0000000, 0x00000007c0000000)
  eden space 135168K, 0% used [0x00000007b5580000,0x00000007b5580000,0x00000007bd980000)
  from space 19456K, 50% used [0x00000007bd980000,0x00000007be311698,0x00000007bec80000)
  to   space 19456K, 0% used [0x00000007bed00000,0x00000007bed00000,0x00000007c0000000)
 ParOldGen       total 349696K, used 318371K [0x00000007a0000000, 0x00000007b5580000, 0x00000007b5580000)
  object space 349696K, 91% used [0x00000007a0000000,0x00000007b36e8ee8,0x00000007b5580000)
 Metaspace       used 5452K, capacity 5616K, committed 5760K, reserved 1056768K
  class space    used 580K, capacity 630K, committed 640K, reserved 1048576K
2018-07-25T18:09:05.771-0800: 68.052: [Full GC (Ergonomics) [PSYoungGen: 9797K->0K(154624K)] [ParOldGen: 318371K->73757K(349696K)] 328169K->73757K(504320K), [Metaspace: 5452K->5452K(1056768K)], 0.0107005 secs] [Times: user=0.06 sys=0.00, real=0.01 secs] 
Heap after GC invocations=908 (full 99):
 PSYoungGen      total 154624K, used 0K [0x00000007b5580000, 0x00000007c0000000, 0x00000007c0000000)
  eden space 135168K, 0% used [0x00000007b5580000,0x00000007b5580000,0x00000007bd980000)
  from space 19456K, 0% used [0x00000007bd980000,0x00000007bd980000,0x00000007bec80000)
  to   space 19456K, 0% used [0x00000007bed00000,0x00000007bed00000,0x00000007c0000000)
 ParOldGen       total 349696K, used 73757K [0x00000007a0000000, 0x00000007b5580000, 0x00000007b5580000)
  object space 349696K, 21% used [0x00000007a0000000,0x00000007a4807790,0x00000007b5580000)
 Metaspace       used 5452K, capacity 5616K, committed 5760K, reserved 1056768K
  class space    used 580K, capacity 630K, committed 640K, reserved 1048576K
}
{Heap before GC invocations=909 (full 99):
 PSYoungGen      total 154624K, used 129526K [0x00000007b5580000, 0x00000007c0000000, 0x00000007c0000000)
  eden space 135168K, 95% used [0x00000007b5580000,0x00000007bd3fda90,0x00000007bd980000)
  from space 19456K, 0% used [0x00000007bd980000,0x00000007bd980000,0x00000007bec80000)
  to   space 19456K, 0% used [0x00000007bed00000,0x00000007bed00000,0x00000007c0000000)
 ParOldGen       total 349696K, used 73757K [0x00000007a0000000, 0x00000007b5580000, 0x00000007b5580000)
  object space 349696K, 21% used [0x00000007a0000000,0x00000007a4807790,0x00000007b5580000)
 Metaspace       used 5452K, capacity 5616K, committed 5760K, reserved 1056768K
  class space    used 580K, capacity 630K, committed 640K, reserved 1048576K
2018-07-25T18:09:05.896-0800: 68.177: [GC (Allocation Failure) [PSYoungGen: 129526K->9962K(154112K)] 203284K->135803K(503808K), 0.0065414 secs] [Times: user=0.04 sys=0.00, real=0.01 secs] 
Heap after GC invocations=909 (full 99):
 PSYoungGen      total 154112K, used 9962K [0x00000007b5580000, 0x00000007c0000000, 0x00000007c0000000)
  eden space 134656K, 0% used [0x00000007b5580000,0x00000007b5580000,0x00000007bd900000)
  from space 19456K, 51% used [0x00000007bed00000,0x00000007bf6ba818,0x00000007c0000000)
  to   space 19968K, 0% used [0x00000007bd900000,0x00000007bd900000,0x00000007bec80000)
 ParOldGen       total 349696K, used 125841K [0x00000007a0000000, 0x00000007b5580000, 0x00000007b5580000)
  object space 349696K, 35% used [0x00000007a0000000,0x00000007a7ae4560,0x00000007b5580000)
 Metaspace       used 5452K, capacity 5616K, committed 5760K, reserved 1056768K
  class space    used 580K, capacity 630K, committed 640K, reserved 1048576K
}
{Heap before GC invocations=910 (full 99):
 PSYoungGen      total 154112K, used 116434K [0x00000007b5580000, 0x00000007c0000000, 0x00000007c0000000)
  eden space 134656K, 79% used [0x00000007b5580000,0x00000007bbd7a2b8,0x00000007bd900000)
  from space 19456K, 51% used [0x00000007bed00000,0x00000007bf6ba818,0x00000007c0000000)
  to   space 19968K, 0% used [0x00000007bd900000,0x00000007bd900000,0x00000007bec80000)
 ParOldGen       total 349696K, used 125841K [0x00000007a0000000, 0x00000007b5580000, 0x00000007b5580000)
  object space 349696K, 35% used [0x00000007a0000000,0x00000007a7ae4560,0x00000007b5580000)
 Metaspace       used 5452K, capacity 5616K, committed 5760K, reserved 1056768K
  class space    used 580K, capacity 630K, committed 640K, reserved 1048576K
2018-07-25T18:09:05.917-0800: 68.197: [GC (Allocation Failure) [PSYoungGen: 116434K->0K(154624K)] 242276K->161805K(504320K), 0.0069564 secs] [Times: user=0.05 sys=0.00, real=0.01 secs] 
Heap after GC invocations=910 (full 99):
 PSYoungGen      total 154624K, used 0K [0x00000007b5580000, 0x00000007c0000000, 0x00000007c0000000)
  eden space 134656K, 0% used [0x00000007b5580000,0x00000007b5580000,0x00000007bd900000)
  from space 19968K, 0% used [0x00000007bd900000,0x00000007bd900000,0x00000007bec80000)
  to   space 19456K, 0% used [0x00000007bed00000,0x00000007bed00000,0x00000007c0000000)
 ParOldGen       total 349696K, used 161805K [0x00000007a0000000, 0x00000007b5580000, 0x00000007b5580000)
  object space 349696K, 46% used [0x00000007a0000000,0x00000007a9e03480,0x00000007b5580000)
 Metaspace       used 5452K, capacity 5616K, committed 5760K, reserved 1056768K
  class space    used 580K, capacity 630K, committed 640K, reserved 1048576K
}
{Heap before GC invocations=911 (full 99):
 PSYoungGen      total 154624K, used 129264K [0x00000007b5580000, 0x00000007c0000000, 0x00000007c0000000)
  eden space 134656K, 95% used [0x00000007b5580000,0x00000007bd3bc0c8,0x00000007bd900000)
  from space 19968K, 0% used [0x00000007bd900000,0x00000007bd900000,0x00000007bec80000)
  to   space 19456K, 0% used [0x00000007bed00000,0x00000007bed00000,0x00000007c0000000)
 ParOldGen       total 349696K, used 161805K [0x00000007a0000000, 0x00000007b5580000, 0x00000007b5580000)
  object space 349696K, 46% used [0x00000007a0000000,0x00000007a9e03480,0x00000007b5580000)
 Metaspace       used 5452K, capacity 5616K, committed 5760K, reserved 1056768K
  class space    used 580K, capacity 630K, committed 640K, reserved 1048576K
2018-07-25T18:09:06.047-0800: 68.327: [GC (Allocation Failure) [PSYoungGen: 129264K->9962K(154112K)] 291069K->223850K(503808K), 0.0096227 secs] [Times: user=0.07 sys=0.00, real=0.01 secs] 
Heap after GC invocations=911 (full 99):
 PSYoungGen      total 154112K, used 9962K [0x00000007b5580000, 0x00000007c0000000, 0x00000007c0000000)
  eden space 134656K, 0% used [0x00000007b5580000,0x00000007b5580000,0x00000007bd900000)
  from space 19456K, 51% used [0x00000007bed00000,0x00000007bf6ba970,0x00000007c0000000)
  to   space 19968K, 0% used [0x00000007bd900000,0x00000007bd900000,0x00000007bec80000)
 ParOldGen       total 349696K, used 213888K [0x00000007a0000000, 0x00000007b5580000, 0x00000007b5580000)
  object space 349696K, 61% used [0x00000007a0000000,0x00000007ad0e0230,0x00000007b5580000)
 Metaspace       used 5452K, capacity 5616K, committed 5760K, reserved 1056768K
  class space    used 580K, capacity 630K, committed 640K, reserved 1048576K
}
{Heap before GC invocations=912 (full 99):
 PSYoungGen      total 154112K, used 142615K [0x00000007b5580000, 0x00000007c0000000, 0x00000007c0000000)
  eden space 134656K, 98% used [0x00000007b5580000,0x00000007bd70b508,0x00000007bd900000)
  from space 19456K, 51% used [0x00000007bed00000,0x00000007bf6ba970,0x00000007c0000000)
  to   space 19968K, 0% used [0x00000007bd900000,0x00000007bd900000,0x00000007bec80000)
 ParOldGen       total 349696K, used 213888K [0x00000007a0000000, 0x00000007b5580000, 0x00000007b5580000)
  object space 349696K, 61% used [0x00000007a0000000,0x00000007ad0e0230,0x00000007b5580000)
 Metaspace       used 5452K, capacity 5616K, committed 5760K, reserved 1056768K
  class space    used 580K, capacity 630K, committed 640K, reserved 1048576K
2018-07-25T18:09:06.154-0800: 68.434: [GC (Allocation Failure) [PSYoungGen: 142615K->229K(154624K)] 356504K->214117K(504320K), 0.0013081 secs] [Times: user=0.01 sys=0.00, real=0.00 secs] 
Heap after GC invocations=912 (full 99):
 PSYoungGen      total 154624K, used 229K [0x00000007b5580000, 0x00000007c0000000, 0x00000007c0000000)
  eden space 134656K, 0% used [0x00000007b5580000,0x00000007b5580000,0x00000007bd900000)
  from space 19968K, 1% used [0x00000007bd900000,0x00000007bd939430,0x00000007bec80000)
  to   space 19456K, 0% used [0x00000007bed00000,0x00000007bed00000,0x00000007c0000000)
 ParOldGen       total 349696K, used 213888K [0x00000007a0000000, 0x00000007b5580000, 0x00000007b5580000)
  object space 349696K, 61% used [0x00000007a0000000,0x00000007ad0e0230,0x00000007b5580000)
 Metaspace       used 5452K, capacity 5616K, committed 5760K, reserved 1056768K
  class space    used 580K, capacity 630K, committed 640K, reserved 1048576K
}
{Heap before GC invocations=913 (full 99):
 PSYoungGen      total 154624K, used 129700K [0x00000007b5580000, 0x00000007c0000000, 0x00000007c0000000)
  eden space 134656K, 96% used [0x00000007b5580000,0x00000007bd3efe60,0x00000007bd900000)
  from space 19968K, 1% used [0x00000007bd900000,0x00000007bd939430,0x00000007bec80000)
  to   space 19456K, 0% used [0x00000007bed00000,0x00000007bed00000,0x00000007c0000000)
 ParOldGen       total 349696K, used 213888K [0x00000007a0000000, 0x00000007b5580000, 0x00000007b5580000)
  object space 349696K, 61% used [0x00000007a0000000,0x00000007ad0e0230,0x00000007b5580000)
 Metaspace       used 5452K, capacity 5616K, committed 5760K, reserved 1056768K
  class space    used 580K, capacity 630K, committed 640K, reserved 1048576K
2018-07-25T18:09:06.185-0800: 68.466: [GC (Allocation Failure) [PSYoungGen: 129700K->9797K(155136K)] 343589K->275918K(504832K), 0.0083329 secs] [Times: user=0.06 sys=0.00, real=0.01 secs] 
Heap after GC invocations=913 (full 99):
 PSYoungGen      total 155136K, used 9797K [0x00000007b5580000, 0x00000007c0000000, 0x00000007c0000000)
  eden space 135680K, 0% used [0x00000007b5580000,0x00000007b5580000,0x00000007bda00000)
  from space 19456K, 50% used [0x00000007bed00000,0x00000007bf691698,0x00000007c0000000)
  to   space 19456K, 0% used [0x00000007bda00000,0x00000007bda00000,0x00000007bed00000)
 ParOldGen       total 349696K, used 266120K [0x00000007a0000000, 0x00000007b5580000, 0x00000007b5580000)
  object space 349696K, 76% used [0x00000007a0000000,0x00000007b03e23f8,0x00000007b5580000)
 Metaspace       used 5452K, capacity 5616K, committed 5760K, reserved 1056768K
  class space    used 580K, capacity 630K, committed 640K, reserved 1048576K
}
{Heap before GC invocations=914 (full 99):
 PSYoungGen      total 155136K, used 139335K [0x00000007b5580000, 0x00000007c0000000, 0x00000007c0000000)
  eden space 135680K, 95% used [0x00000007b5580000,0x00000007bd400948,0x00000007bda00000)
  from space 19456K, 50% used [0x00000007bed00000,0x00000007bf691698,0x00000007c0000000)
  to   space 19456K, 0% used [0x00000007bda00000,0x00000007bda00000,0x00000007bed00000)
 ParOldGen       total 349696K, used 266120K [0x00000007a0000000, 0x00000007b5580000, 0x00000007b5580000)
  object space 349696K, 76% used [0x00000007a0000000,0x00000007b03e23f8,0x00000007b5580000)
 Metaspace       used 5452K, capacity 5616K, committed 5760K, reserved 1056768K
  class space    used 580K, capacity 630K, committed 640K, reserved 1048576K
2018-07-25T18:09:06.304-0800: 68.585: [GC (Allocation Failure) [PSYoungGen: 139335K->9995K(145920K)] 405456K->302157K(495616K), 0.0044681 secs] [Times: user=0.03 sys=0.00, real=0.00 secs] 
Heap after GC invocations=914 (full 99):
 PSYoungGen      total 145920K, used 9995K [0x00000007b5580000, 0x00000007c0000000, 0x00000007c0000000)
  eden space 135680K, 0% used [0x00000007b5580000,0x00000007b5580000,0x00000007bda00000)
  from space 10240K, 97% used [0x00000007bda00000,0x00000007be3c2c20,0x00000007be400000)
  to   space 19968K, 0% used [0x00000007bec80000,0x00000007bec80000,0x00000007c0000000)
 ParOldGen       total 349696K, used 292162K [0x00000007a0000000, 0x00000007b5580000, 0x00000007b5580000)
  object space 349696K, 83% used [0x00000007a0000000,0x00000007b1d50ac0,0x00000007b5580000)
 Metaspace       used 5452K, capacity 5616K, committed 5760K, reserved 1056768K
  class space    used 580K, capacity 630K, committed 640K, reserved 1048576K
}
{Heap before GC invocations=915 (full 100):
 PSYoungGen      total 145920K, used 9995K [0x00000007b5580000, 0x00000007c0000000, 0x00000007c0000000)
  eden space 135680K, 0% used [0x00000007b5580000,0x00000007b5580000,0x00000007bda00000)
  from space 10240K, 97% used [0x00000007bda00000,0x00000007be3c2c20,0x00000007be400000)
  to   space 19968K, 0% used [0x00000007bec80000,0x00000007bec80000,0x00000007c0000000)
 ParOldGen       total 349696K, used 292162K [0x00000007a0000000, 0x00000007b5580000, 0x00000007b5580000)
  object space 349696K, 83% used [0x00000007a0000000,0x00000007b1d50ac0,0x00000007b5580000)
 Metaspace       used 5452K, capacity 5616K, committed 5760K, reserved 1056768K
  class space    used 580K, capacity 630K, committed 640K, reserved 1048576K
2018-07-25T18:09:06.309-0800: 68.589: [Full GC (Ergonomics) [PSYoungGen: 9995K->0K(145920K)] [ParOldGen: 292162K->47717K(349696K)] 302157K->47717K(495616K), [Metaspace: 5452K->5452K(1056768K)], 0.0077405 secs] [Times: user=0.03 sys=0.00, real=0.01 secs] 
Heap after GC invocations=915 (full 100):
 PSYoungGen      total 145920K, used 0K [0x00000007b5580000, 0x00000007c0000000, 0x00000007c0000000)
  eden space 135680K, 0% used [0x00000007b5580000,0x00000007b5580000,0x00000007bda00000)
  from space 10240K, 0% used [0x00000007bda00000,0x00000007bda00000,0x00000007be400000)
  to   space 19968K, 0% used [0x00000007bec80000,0x00000007bec80000,0x00000007c0000000)
 ParOldGen       total 349696K, used 47717K [0x00000007a0000000, 0x00000007b5580000, 0x00000007b5580000)
  object space 349696K, 13% used [0x00000007a0000000,0x00000007a2e99668,0x00000007b5580000)
 Metaspace       used 5452K, capacity 5616K, committed 5760K, reserved 1056768K
  class space    used 580K, capacity 630K, committed 640K, reserved 1048576K
}
{Heap before GC invocations=916 (full 100):
 PSYoungGen      total 145920K, used 106491K [0x00000007b5580000, 0x00000007c0000000, 0x00000007c0000000)
  eden space 135680K, 78% used [0x00000007b5580000,0x00000007bbd7eda8,0x00000007bda00000)
  from space 10240K, 0% used [0x00000007bda00000,0x00000007bda00000,0x00000007be400000)
  to   space 19968K, 0% used [0x00000007bec80000,0x00000007bec80000,0x00000007c0000000)
 ParOldGen       total 349696K, used 47717K [0x00000007a0000000, 0x00000007b5580000, 0x00000007b5580000)
  object space 349696K, 13% used [0x00000007a0000000,0x00000007a2e99668,0x00000007b5580000)
 Metaspace       used 5452K, capacity 5616K, committed 5760K, reserved 1056768K
  class space    used 580K, capacity 630K, committed 640K, reserved 1048576K
2018-07-25T18:09:06.330-0800: 68.611: [GC (Allocation Failure) [PSYoungGen: 106491K->0K(155136K)] 154209K->125842K(504832K), 0.0092539 secs] [Times: user=0.07 sys=0.00, real=0.00 secs] 
Heap after GC invocations=916 (full 100):
 PSYoungGen      total 155136K, used 0K [0x00000007b5580000, 0x00000007c0000000, 0x00000007c0000000)
  eden space 135168K, 0% used [0x00000007b5580000,0x00000007b5580000,0x00000007bd980000)
  from space 19968K, 0% used [0x00000007bec80000,0x00000007bec80000,0x00000007c0000000)
  to   space 19456K, 0% used [0x00000007bd980000,0x00000007bd980000,0x00000007bec80000)
 ParOldGen       total 349696K, used 125842K [0x00000007a0000000, 0x00000007b5580000, 0x00000007b5580000)
  object space 349696K, 35% used [0x00000007a0000000,0x00000007a7ae4b08,0x00000007b5580000)
 Metaspace       used 5452K, capacity 5616K, committed 5760K, reserved 1056768K
  class space    used 580K, capacity 630K, committed 640K, reserved 1048576K
}
{Heap before GC invocations=917 (full 100):
 PSYoungGen      total 155136K, used 128921K [0x00000007b5580000, 0x00000007c0000000, 0x00000007c0000000)
  eden space 135168K, 95% used [0x00000007b5580000,0x00000007bd3665d0,0x00000007bd980000)
  from space 19968K, 0% used [0x00000007bec80000,0x00000007bec80000,0x00000007c0000000)
  to   space 19456K, 0% used [0x00000007bd980000,0x00000007bd980000,0x00000007bec80000)
 ParOldGen       total 349696K, used 125842K [0x00000007a0000000, 0x00000007b5580000, 0x00000007b5580000)
  object space 349696K, 35% used [0x00000007a0000000,0x00000007a7ae4b08,0x00000007b5580000)
 Metaspace       used 5452K, capacity 5616K, committed 5760K, reserved 1056768K
  class space    used 580K, capacity 630K, committed 640K, reserved 1048576K
2018-07-25T18:09:06.454-0800: 68.734: [GC (Allocation Failure) [PSYoungGen: 128921K->10027K(154624K)] 254764K->187953K(504320K), 0.0128705 secs] [Times: user=0.08 sys=0.01, real=0.01 secs] 
Heap after GC invocations=917 (full 100):
 PSYoungGen      total 154624K, used 10027K [0x00000007b5580000, 0x00000007c0000000, 0x00000007c0000000)
  eden space 135168K, 0% used [0x00000007b5580000,0x00000007b5580000,0x00000007bd980000)
  from space 19456K, 51% used [0x00000007bd980000,0x00000007be34ad78,0x00000007bec80000)
  to   space 19968K, 0% used [0x00000007bec80000,0x00000007bec80000,0x00000007c0000000)
 ParOldGen       total 349696K, used 177926K [0x00000007a0000000, 0x00000007b5580000, 0x00000007b5580000)
  object space 349696K, 50% used [0x00000007a0000000,0x00000007aadc18b8,0x00000007b5580000)
 Metaspace       used 5452K, capacity 5616K, committed 5760K, reserved 1056768K
  class space    used 580K, capacity 630K, committed 640K, reserved 1048576K
}
{Heap before GC invocations=918 (full 100):
 PSYoungGen      total 154624K, used 142461K [0x00000007b5580000, 0x00000007c0000000, 0x00000007c0000000)
  eden space 135168K, 97% used [0x00000007b5580000,0x00000007bd6d4840,0x00000007bd980000)
  from space 19456K, 51% used [0x00000007bd980000,0x00000007be34ad78,0x00000007bec80000)
  to   space 19968K, 0% used [0x00000007bec80000,0x00000007bec80000,0x00000007c0000000)
 ParOldGen       total 349696K, used 177926K [0x00000007a0000000, 0x00000007b5580000, 0x00000007b5580000)
  object space 349696K, 50% used [0x00000007a0000000,0x00000007aadc18b8,0x00000007b5580000)
 Metaspace       used 5452K, capacity 5616K, committed 5760K, reserved 1056768K
  class space    used 580K, capacity 630K, committed 640K, reserved 1048576K
2018-07-25T18:09:06.565-0800: 68.846: [GC (Allocation Failure) [PSYoungGen: 142461K->198K(155136K)] 320387K->178124K(504832K), 0.0012001 secs] [Times: user=0.01 sys=0.00, real=0.00 secs] 
Heap after GC invocations=918 (full 100):
 PSYoungGen      total 155136K, used 198K [0x00000007b5580000, 0x00000007c0000000, 0x00000007c0000000)
  eden space 135168K, 0% used [0x00000007b5580000,0x00000007b5580000,0x00000007bd980000)
  from space 19968K, 0% used [0x00000007bec80000,0x00000007becb1838,0x00000007c0000000)
  to   space 19456K, 0% used [0x00000007bd980000,0x00000007bd980000,0x00000007bec80000)
 ParOldGen       total 349696K, used 177926K [0x00000007a0000000, 0x00000007b5580000, 0x00000007b5580000)
  object space 349696K, 50% used [0x00000007a0000000,0x00000007aadc18b8,0x00000007b5580000)
 Metaspace       used 5452K, capacity 5616K, committed 5760K, reserved 1056768K
  class space    used 580K, capacity 630K, committed 640K, reserved 1048576K
}
{Heap before GC invocations=919 (full 100):
 PSYoungGen      total 155136K, used 129532K [0x00000007b5580000, 0x00000007c0000000, 0x00000007c0000000)
  eden space 135168K, 95% used [0x00000007b5580000,0x00000007bd3cd8e0,0x00000007bd980000)
  from space 19968K, 0% used [0x00000007bec80000,0x00000007becb1838,0x00000007c0000000)
  to   space 19456K, 0% used [0x00000007bd980000,0x00000007bd980000,0x00000007bec80000)
 ParOldGen       total 349696K, used 177926K [0x00000007a0000000, 0x00000007b5580000, 0x00000007b5580000)
  object space 349696K, 50% used [0x00000007a0000000,0x00000007aadc18b8,0x00000007b5580000)
 Metaspace       used 5452K, capacity 5616K, committed 5760K, reserved 1056768K
  class space    used 580K, capacity 630K, committed 640K, reserved 1048576K
2018-07-25T18:09:06.604-0800: 68.885: [GC (Allocation Failure) [PSYoungGen: 129532K->9797K(154624K)] 307458K->239957K(504320K), 0.0094924 secs] [Times: user=0.07 sys=0.00, real=0.01 secs] 
Heap after GC invocations=919 (full 100):
 PSYoungGen      total 154624K, used 9797K [0x00000007b5580000, 0x00000007c0000000, 0x00000007c0000000)
  eden space 135168K, 0% used [0x00000007b5580000,0x00000007b5580000,0x00000007bd980000)
  from space 19456K, 50% used [0x00000007bd980000,0x00000007be311698,0x00000007bec80000)
  to   space 19456K, 0% used [0x00000007bed00000,0x00000007bed00000,0x00000007c0000000)
 ParOldGen       total 349696K, used 230159K [0x00000007a0000000, 0x00000007b5580000, 0x00000007b5580000)
  object space 349696K, 65% used [0x00000007a0000000,0x00000007ae0c3e88,0x00000007b5580000)
 Metaspace       used 5452K, capacity 5616K, committed 5760K, reserved 1056768K
  class space    used 580K, capacity 630K, committed 640K, reserved 1048576K
}
{Heap before GC invocations=920 (full 100):
 PSYoungGen      total 154624K, used 139231K [0x00000007b5580000, 0x00000007c0000000, 0x00000007c0000000)
  eden space 135168K, 95% used [0x00000007b5580000,0x00000007bd3e6848,0x00000007bd980000)
  from space 19456K, 50% used [0x00000007bd980000,0x00000007be311698,0x00000007bec80000)
  to   space 19456K, 0% used [0x00000007bed00000,0x00000007bed00000,0x00000007c0000000)
 ParOldGen       total 349696K, used 230159K [0x00000007a0000000, 0x00000007b5580000, 0x00000007b5580000)
  object space 349696K, 65% used [0x00000007a0000000,0x00000007ae0c3e88,0x00000007b5580000)
 Metaspace       used 5452K, capacity 5616K, committed 5760K, reserved 1056768K
  class space    used 580K, capacity 630K, committed 640K, reserved 1048576K
2018-07-25T18:09:06.731-0800: 69.012: [GC (Allocation Failure) [PSYoungGen: 139231K->9996K(154112K)] 369391K->266197K(503808K), 0.0054757 secs] [Times: user=0.04 sys=0.00, real=0.00 secs] 
Heap after GC invocations=920 (full 100):
 PSYoungGen      total 154112K, used 9996K [0x00000007b5580000, 0x00000007c0000000, 0x00000007c0000000)
  eden space 134656K, 0% used [0x00000007b5580000,0x00000007b5580000,0x00000007bd900000)
  from space 19456K, 51% used [0x00000007bed00000,0x00000007bf6c3028,0x00000007c0000000)
  to   space 19968K, 0% used [0x00000007bd900000,0x00000007bd900000,0x00000007bec80000)
 ParOldGen       total 349696K, used 256201K [0x00000007a0000000, 0x00000007b5580000, 0x00000007b5580000)
  object space 349696K, 73% used [0x00000007a0000000,0x00000007afa32550,0x00000007b5580000)
 Metaspace       used 5452K, capacity 5616K, committed 5760K, reserved 1056768K
  class space    used 580K, capacity 630K, committed 640K, reserved 1048576K
}
{Heap before GC invocations=921 (full 100):
 PSYoungGen      total 154112K, used 116409K [0x00000007b5580000, 0x00000007c0000000, 0x00000007c0000000)
  eden space 134656K, 79% used [0x00000007b5580000,0x00000007bbd6b4c8,0x00000007bd900000)
  from space 19456K, 51% used [0x00000007bed00000,0x00000007bf6c3028,0x00000007c0000000)
  to   space 19968K, 0% used [0x00000007bd900000,0x00000007bd900000,0x00000007bec80000)
 ParOldGen       total 349696K, used 256201K [0x00000007a0000000, 0x00000007b5580000, 0x00000007b5580000)
  object space 349696K, 73% used [0x00000007a0000000,0x00000007afa32550,0x00000007b5580000)
 Metaspace       used 5452K, capacity 5616K, committed 5760K, reserved 1056768K
  class space    used 580K, capacity 630K, committed 640K, reserved 1048576K
2018-07-25T18:09:06.757-0800: 69.037: [GC (Allocation Failure) [PSYoungGen: 116409K->0K(154624K)] 372610K->292159K(504320K), 0.0064700 secs] [Times: user=0.04 sys=0.00, real=0.01 secs] 
Heap after GC invocations=921 (full 100):
 PSYoungGen      total 154624K, used 0K [0x00000007b5580000, 0x00000007c0000000, 0x00000007c0000000)
  eden space 134656K, 0% used [0x00000007b5580000,0x00000007b5580000,0x00000007bd900000)
  from space 19968K, 0% used [0x00000007bd900000,0x00000007bd900000,0x00000007bec80000)
  to   space 19456K, 0% used [0x00000007bed00000,0x00000007bed00000,0x00000007c0000000)
 ParOldGen       total 349696K, used 292159K [0x00000007a0000000, 0x00000007b5580000, 0x00000007b5580000)
  object space 349696K, 83% used [0x00000007a0000000,0x00000007b1d4fc80,0x00000007b5580000)
 Metaspace       used 5452K, capacity 5616K, committed 5760K, reserved 1056768K
  class space    used 580K, capacity 630K, committed 640K, reserved 1048576K
}
{Heap before GC invocations=922 (full 101):
 PSYoungGen      total 154624K, used 0K [0x00000007b5580000, 0x00000007c0000000, 0x00000007c0000000)
  eden space 134656K, 0% used [0x00000007b5580000,0x00000007b5580000,0x00000007bd900000)
  from space 19968K, 0% used [0x00000007bd900000,0x00000007bd900000,0x00000007bec80000)
  to   space 19456K, 0% used [0x00000007bed00000,0x00000007bed00000,0x00000007c0000000)
 ParOldGen       total 349696K, used 292159K [0x00000007a0000000, 0x00000007b5580000, 0x00000007b5580000)
  object space 349696K, 83% used [0x00000007a0000000,0x00000007b1d4fc80,0x00000007b5580000)
 Metaspace       used 5452K, capacity 5616K, committed 5760K, reserved 1056768K
  class space    used 580K, capacity 630K, committed 640K, reserved 1048576K
2018-07-25T18:09:06.763-0800: 69.044: [Full GC (Ergonomics) [PSYoungGen: 0K->0K(154624K)] [ParOldGen: 292159K->47718K(349696K)] 292159K->47718K(504320K), [Metaspace: 5452K->5452K(1056768K)], 0.0085568 secs] [Times: user=0.04 sys=0.00, real=0.01 secs] 
Heap after GC invocations=922 (full 101):
 PSYoungGen      total 154624K, used 0K [0x00000007b5580000, 0x00000007c0000000, 0x00000007c0000000)
  eden space 134656K, 0% used [0x00000007b5580000,0x00000007b5580000,0x00000007bd900000)
  from space 19968K, 0% used [0x00000007bd900000,0x00000007bd900000,0x00000007bec80000)
  to   space 19456K, 0% used [0x00000007bed00000,0x00000007bed00000,0x00000007c0000000)
 ParOldGen       total 349696K, used 47718K [0x00000007a0000000, 0x00000007b5580000, 0x00000007b5580000)
  object space 349696K, 13% used [0x00000007a0000000,0x00000007a2e99a50,0x00000007b5580000)
 Metaspace       used 5452K, capacity 5616K, committed 5760K, reserved 1056768K
  class space    used 580K, capacity 630K, committed 640K, reserved 1048576K
}
{Heap before GC invocations=923 (full 101):
 PSYoungGen      total 154624K, used 129226K [0x00000007b5580000, 0x00000007c0000000, 0x00000007c0000000)
  eden space 134656K, 95% used [0x00000007b5580000,0x00000007bd3b2838,0x00000007bd900000)
  from space 19968K, 0% used [0x00000007bd900000,0x00000007bd900000,0x00000007bec80000)
  to   space 19456K, 0% used [0x00000007bed00000,0x00000007bed00000,0x00000007c0000000)
 ParOldGen       total 349696K, used 47718K [0x00000007a0000000, 0x00000007b5580000, 0x00000007b5580000)
  object space 349696K, 13% used [0x00000007a0000000,0x00000007a2e99a50,0x00000007b5580000)
 Metaspace       used 5452K, capacity 5616K, committed 5760K, reserved 1056768K
  class space    used 580K, capacity 630K, committed 640K, reserved 1048576K
2018-07-25T18:09:06.887-0800: 69.168: [GC (Allocation Failure) [PSYoungGen: 129226K->9996K(154112K)] 176944K->109798K(503808K), 0.0059581 secs] [Times: user=0.04 sys=0.00, real=0.01 secs] 
Heap after GC invocations=923 (full 101):
 PSYoungGen      total 154112K, used 9996K [0x00000007b5580000, 0x00000007c0000000, 0x00000007c0000000)
  eden space 134656K, 0% used [0x00000007b5580000,0x00000007b5580000,0x00000007bd900000)
  from space 19456K, 51% used [0x00000007bed00000,0x00000007bf6c3180,0x00000007c0000000)
  to   space 19968K, 0% used [0x00000007bd900000,0x00000007bd900000,0x00000007bec80000)
 ParOldGen       total 349696K, used 99802K [0x00000007a0000000, 0x00000007b5580000, 0x00000007b5580000)
  object space 349696K, 28% used [0x00000007a0000000,0x00000007a6176800,0x00000007b5580000)
 Metaspace       used 5452K, capacity 5616K, committed 5760K, reserved 1056768K
  class space    used 580K, capacity 630K, committed 640K, reserved 1048576K
}
{Heap before GC invocations=924 (full 101):
 PSYoungGen      total 154112K, used 142608K [0x00000007b5580000, 0x00000007c0000000, 0x00000007c0000000)
  eden space 134656K, 98% used [0x00000007b5580000,0x00000007bd700f98,0x00000007bd900000)
  from space 19456K, 51% used [0x00000007bed00000,0x00000007bf6c3180,0x00000007c0000000)
  to   space 19968K, 0% used [0x00000007bd900000,0x00000007bd900000,0x00000007bec80000)
 ParOldGen       total 349696K, used 99802K [0x00000007a0000000, 0x00000007b5580000, 0x00000007b5580000)
  object space 349696K, 28% used [0x00000007a0000000,0x00000007a6176800,0x00000007b5580000)
 Metaspace       used 5452K, capacity 5616K, committed 5760K, reserved 1056768K
  class space    used 580K, capacity 630K, committed 640K, reserved 1048576K
2018-07-25T18:09:06.987-0800: 69.268: [GC (Allocation Failure) [PSYoungGen: 142608K->231K(154624K)] 242410K->100033K(504320K), 0.0008515 secs] [Times: user=0.00 sys=0.00, real=0.00 secs] 
Heap after GC invocations=924 (full 101):
 PSYoungGen      total 154624K, used 231K [0x00000007b5580000, 0x00000007c0000000, 0x00000007c0000000)
  eden space 134656K, 0% used [0x00000007b5580000,0x00000007b5580000,0x00000007bd900000)
  from space 19968K, 1% used [0x00000007bd900000,0x00000007bd939c40,0x00000007bec80000)
  to   space 19456K, 0% used [0x00000007bed00000,0x00000007bed00000,0x00000007c0000000)
 ParOldGen       total 349696K, used 99802K [0x00000007a0000000, 0x00000007b5580000, 0x00000007b5580000)
  object space 349696K, 28% used [0x00000007a0000000,0x00000007a6176800,0x00000007b5580000)
 Metaspace       used 5452K, capacity 5616K, committed 5760K, reserved 1056768K
  class space    used 580K, capacity 630K, committed 640K, reserved 1048576K
}
{Heap before GC invocations=925 (full 101):
 PSYoungGen      total 154624K, used 129676K [0x00000007b5580000, 0x00000007c0000000, 0x00000007c0000000)
  eden space 134656K, 96% used [0x00000007b5580000,0x00000007bd3e9430,0x00000007bd900000)
  from space 19968K, 1% used [0x00000007bd900000,0x00000007bd939c40,0x00000007bec80000)
  to   space 19456K, 0% used [0x00000007bed00000,0x00000007bed00000,0x00000007c0000000)
 ParOldGen       total 349696K, used 99802K [0x00000007a0000000, 0x00000007b5580000, 0x00000007b5580000)
  object space 349696K, 28% used [0x00000007a0000000,0x00000007a6176800,0x00000007b5580000)
 Metaspace       used 5452K, capacity 5616K, committed 5760K, reserved 1056768K
  class space    used 580K, capacity 630K, committed 640K, reserved 1048576K
2018-07-25T18:09:07.021-0800: 69.301: [GC (Allocation Failure) [PSYoungGen: 129676K->9797K(155136K)] 229478K->161850K(504832K), 0.0074269 secs] [Times: user=0.05 sys=0.00, real=0.00 secs] 
Heap after GC invocations=925 (full 101):
 PSYoungGen      total 155136K, used 9797K [0x00000007b5580000, 0x00000007c0000000, 0x00000007c0000000)
  eden space 135680K, 0% used [0x00000007b5580000,0x00000007b5580000,0x00000007bda00000)
  from space 19456K, 50% used [0x00000007bed00000,0x00000007bf691698,0x00000007c0000000)
  to   space 19456K, 0% used [0x00000007bda00000,0x00000007bda00000,0x00000007bed00000)
 ParOldGen       total 349696K, used 152052K [0x00000007a0000000, 0x00000007b5580000, 0x00000007b5580000)
  object space 349696K, 43% used [0x00000007a0000000,0x00000007a947d1d8,0x00000007b5580000)
 Metaspace       used 5452K, capacity 5616K, committed 5760K, reserved 1056768K
  class space    used 580K, capacity 630K, committed 640K, reserved 1048576K
}
{Heap before GC invocations=926 (full 101):
 PSYoungGen      total 155136K, used 139318K [0x00000007b5580000, 0x00000007c0000000, 0x00000007c0000000)
  eden space 135680K, 95% used [0x00000007b5580000,0x00000007bd3fc4c0,0x00000007bda00000)
  from space 19456K, 50% used [0x00000007bed00000,0x00000007bf691698,0x00000007c0000000)
  to   space 19456K, 0% used [0x00000007bda00000,0x00000007bda00000,0x00000007bed00000)
 ParOldGen       total 349696K, used 152052K [0x00000007a0000000, 0x00000007b5580000, 0x00000007b5580000)
  object space 349696K, 43% used [0x00000007a0000000,0x00000007a947d1d8,0x00000007b5580000)
 Metaspace       used 5452K, capacity 5616K, committed 5760K, reserved 1056768K
  class space    used 580K, capacity 630K, committed 640K, reserved 1048576K
2018-07-25T18:09:07.138-0800: 69.419: [GC (Allocation Failure) [PSYoungGen: 139318K->9965K(145920K)] 291371K->188059K(495616K), 0.0045247 secs] [Times: user=0.03 sys=0.00, real=0.01 secs] 
Heap after GC invocations=926 (full 101):
 PSYoungGen      total 145920K, used 9965K [0x00000007b5580000, 0x00000007c0000000, 0x00000007c0000000)
  eden space 135680K, 0% used [0x00000007b5580000,0x00000007b5580000,0x00000007bda00000)
  from space 10240K, 97% used [0x00000007bda00000,0x00000007be3bb430,0x00000007be400000)
  to   space 19968K, 0% used [0x00000007bec80000,0x00000007bec80000,0x00000007c0000000)
 ParOldGen       total 349696K, used 178094K [0x00000007a0000000, 0x00000007b5580000, 0x00000007b5580000)
  object space 349696K, 50% used [0x00000007a0000000,0x00000007aadeb8a0,0x00000007b5580000)
 Metaspace       used 5452K, capacity 5616K, committed 5760K, reserved 1056768K
  class space    used 580K, capacity 630K, committed 640K, reserved 1048576K
}
{Heap before GC invocations=927 (full 101):
 PSYoungGen      total 145920K, used 116445K [0x00000007b5580000, 0x00000007c0000000, 0x00000007c0000000)
  eden space 135680K, 78% used [0x00000007b5580000,0x00000007bbd7c178,0x00000007bda00000)
  from space 10240K, 97% used [0x00000007bda00000,0x00000007be3bb430,0x00000007be400000)
  to   space 19968K, 0% used [0x00000007bec80000,0x00000007bec80000,0x00000007c0000000)
 ParOldGen       total 349696K, used 178094K [0x00000007a0000000, 0x00000007b5580000, 0x00000007b5580000)
  object space 349696K, 50% used [0x00000007a0000000,0x00000007aadeb8a0,0x00000007b5580000)
 Metaspace       used 5452K, capacity 5616K, committed 5760K, reserved 1056768K
  class space    used 580K, capacity 630K, committed 640K, reserved 1048576K
2018-07-25T18:09:07.156-0800: 69.436: [GC (Allocation Failure) [PSYoungGen: 116445K->0K(155136K)] 294539K->214060K(504832K), 0.0051343 secs] [Times: user=0.04 sys=0.00, real=0.01 secs] 
Heap after GC invocations=927 (full 101):
 PSYoungGen      total 155136K, used 0K [0x00000007b5580000, 0x00000007c0000000, 0x00000007c0000000)
  eden space 135168K, 0% used [0x00000007b5580000,0x00000007b5580000,0x00000007bd980000)
  from space 19968K, 0% used [0x00000007bec80000,0x00000007bec80000,0x00000007c0000000)
  to   space 19456K, 0% used [0x00000007bd980000,0x00000007bd980000,0x00000007bec80000)
 ParOldGen       total 349696K, used 214060K [0x00000007a0000000, 0x00000007b5580000, 0x00000007b5580000)
  object space 349696K, 61% used [0x00000007a0000000,0x00000007ad10b3d8,0x00000007b5580000)
 Metaspace       used 5452K, capacity 5616K, committed 5760K, reserved 1056768K
  class space    used 580K, capacity 630K, committed 640K, reserved 1048576K
}
{Heap before GC invocations=928 (full 101):
 PSYoungGen      total 155136K, used 129266K [0x00000007b5580000, 0x00000007c0000000, 0x00000007c0000000)
  eden space 135168K, 95% used [0x00000007b5580000,0x00000007bd3bcaa0,0x00000007bd980000)
  from space 19968K, 0% used [0x00000007bec80000,0x00000007bec80000,0x00000007c0000000)
  to   space 19456K, 0% used [0x00000007bd980000,0x00000007bd980000,0x00000007bec80000)
 ParOldGen       total 349696K, used 214060K [0x00000007a0000000, 0x00000007b5580000, 0x00000007b5580000)
  object space 349696K, 61% used [0x00000007a0000000,0x00000007ad10b3d8,0x00000007b5580000)
 Metaspace       used 5452K, capacity 5616K, committed 5760K, reserved 1056768K
  class space    used 580K, capacity 630K, committed 640K, reserved 1048576K
2018-07-25T18:09:07.277-0800: 69.557: [GC (Allocation Failure) [PSYoungGen: 129266K->9997K(154624K)] 343327K->276141K(504320K), 0.0066042 secs] [Times: user=0.04 sys=0.00, real=0.01 secs] 
Heap after GC invocations=928 (full 101):
 PSYoungGen      total 154624K, used 9997K [0x00000007b5580000, 0x00000007c0000000, 0x00000007c0000000)
  eden space 135168K, 0% used [0x00000007b5580000,0x00000007b5580000,0x00000007bd980000)
  from space 19456K, 51% used [0x00000007bd980000,0x00000007be343588,0x00000007bec80000)
  to   space 19968K, 0% used [0x00000007bec80000,0x00000007bec80000,0x00000007c0000000)
 ParOldGen       total 349696K, used 266144K [0x00000007a0000000, 0x00000007b5580000, 0x00000007b5580000)
  object space 349696K, 76% used [0x00000007a0000000,0x00000007b03e8188,0x00000007b5580000)
 Metaspace       used 5452K, capacity 5616K, committed 5760K, reserved 1056768K
  class space    used 580K, capacity 630K, committed 640K, reserved 1048576K
}
{Heap before GC invocations=929 (full 101):
 PSYoungGen      total 154624K, used 142655K [0x00000007b5580000, 0x00000007c0000000, 0x00000007c0000000)
  eden space 135168K, 98% used [0x00000007b5580000,0x00000007bd70c9c8,0x00000007bd980000)
  from space 19456K, 51% used [0x00000007bd980000,0x00000007be343588,0x00000007bec80000)
  to   space 19968K, 0% used [0x00000007bec80000,0x00000007bec80000,0x00000007c0000000)
 ParOldGen       total 349696K, used 266144K [0x00000007a0000000, 0x00000007b5580000, 0x00000007b5580000)
  object space 349696K, 76% used [0x00000007a0000000,0x00000007b03e8188,0x00000007b5580000)
 Metaspace       used 5452K, capacity 5616K, committed 5760K, reserved 1056768K
  class space    used 580K, capacity 630K, committed 640K, reserved 1048576K
2018-07-25T18:09:07.380-0800: 69.660: [GC (Allocation Failure) [PSYoungGen: 142655K->232K(155136K)] 408800K->266376K(504832K), 0.0014808 secs] [Times: user=0.00 sys=0.00, real=0.00 secs] 
Heap after GC invocations=929 (full 101):
 PSYoungGen      total 155136K, used 232K [0x00000007b5580000, 0x00000007c0000000, 0x00000007c0000000)
  eden space 135168K, 0% used [0x00000007b5580000,0x00000007b5580000,0x00000007bd980000)
  from space 19968K, 1% used [0x00000007bec80000,0x00000007becba048,0x00000007c0000000)
  to   space 19456K, 0% used [0x00000007bd980000,0x00000007bd980000,0x00000007bec80000)
 ParOldGen       total 349696K, used 266144K [0x00000007a0000000, 0x00000007b5580000, 0x00000007b5580000)
  object space 349696K, 76% used [0x00000007a0000000,0x00000007b03e8188,0x00000007b5580000)
 Metaspace       used 5452K, capacity 5616K, committed 5760K, reserved 1056768K
  class space    used 580K, capacity 630K, committed 640K, reserved 1048576K
}
{Heap before GC invocations=930 (full 101):
 PSYoungGen      total 155136K, used 129710K [0x00000007b5580000, 0x00000007c0000000, 0x00000007c0000000)
  eden space 135168K, 95% used [0x00000007b5580000,0x00000007bd3f1a30,0x00000007bd980000)
  from space 19968K, 1% used [0x00000007bec80000,0x00000007becba048,0x00000007c0000000)
  to   space 19456K, 0% used [0x00000007bd980000,0x00000007bd980000,0x00000007bec80000)
 ParOldGen       total 349696K, used 266144K [0x00000007a0000000, 0x00000007b5580000, 0x00000007b5580000)
  object space 349696K, 76% used [0x00000007a0000000,0x00000007b03e8188,0x00000007b5580000)
 Metaspace       used 5452K, capacity 5616K, committed 5760K, reserved 1056768K
  class space    used 580K, capacity 630K, committed 640K, reserved 1048576K
2018-07-25T18:09:07.419-0800: 69.699: [GC (Allocation Failure) [PSYoungGen: 129710K->9797K(154624K)] 395855K->328185K(504320K), 0.0088117 secs] [Times: user=0.06 sys=0.00, real=0.01 secs] 
Heap after GC invocations=930 (full 101):
 PSYoungGen      total 154624K, used 9797K [0x00000007b5580000, 0x00000007c0000000, 0x00000007c0000000)
  eden space 135168K, 0% used [0x00000007b5580000,0x00000007b5580000,0x00000007bd980000)
  from space 19456K, 50% used [0x00000007bd980000,0x00000007be311698,0x00000007bec80000)
  to   space 19456K, 0% used [0x00000007bed00000,0x00000007bed00000,0x00000007c0000000)
 ParOldGen       total 349696K, used 318387K [0x00000007a0000000, 0x00000007b5580000, 0x00000007b5580000)
  object space 349696K, 91% used [0x00000007a0000000,0x00000007b36ecf68,0x00000007b5580000)
 Metaspace       used 5452K, capacity 5616K, committed 5760K, reserved 1056768K
  class space    used 580K, capacity 630K, committed 640K, reserved 1048576K
}
{Heap before GC invocations=931 (full 102):
 PSYoungGen      total 154624K, used 9797K [0x00000007b5580000, 0x00000007c0000000, 0x00000007c0000000)
  eden space 135168K, 0% used [0x00000007b5580000,0x00000007b5580000,0x00000007bd980000)
  from space 19456K, 50% used [0x00000007bd980000,0x00000007be311698,0x00000007bec80000)
  to   space 19456K, 0% used [0x00000007bed00000,0x00000007bed00000,0x00000007c0000000)
 ParOldGen       total 349696K, used 318387K [0x00000007a0000000, 0x00000007b5580000, 0x00000007b5580000)
  object space 349696K, 91% used [0x00000007a0000000,0x00000007b36ecf68,0x00000007b5580000)
 Metaspace       used 5452K, capacity 5616K, committed 5760K, reserved 1056768K
  class space    used 580K, capacity 630K, committed 640K, reserved 1048576K
2018-07-25T18:09:07.428-0800: 69.708: [Full GC (Ergonomics) [PSYoungGen: 9797K->0K(154624K)] [ParOldGen: 318387K->73761K(349696K)] 328185K->73761K(504320K), [Metaspace: 5452K->5452K(1056768K)], 0.0147993 secs] [Times: user=0.08 sys=0.00, real=0.02 secs] 
Heap after GC invocations=931 (full 102):
 PSYoungGen      total 154624K, used 0K [0x00000007b5580000, 0x00000007c0000000, 0x00000007c0000000)
  eden space 135168K, 0% used [0x00000007b5580000,0x00000007b5580000,0x00000007bd980000)
  from space 19456K, 0% used [0x00000007bd980000,0x00000007bd980000,0x00000007bec80000)
  to   space 19456K, 0% used [0x00000007bed00000,0x00000007bed00000,0x00000007c0000000)
 ParOldGen       total 349696K, used 73761K [0x00000007a0000000, 0x00000007b5580000, 0x00000007b5580000)
  object space 349696K, 21% used [0x00000007a0000000,0x00000007a48087b0,0x00000007b5580000)
 Metaspace       used 5452K, capacity 5616K, committed 5760K, reserved 1056768K
  class space    used 580K, capacity 630K, committed 640K, reserved 1048576K
}
{Heap before GC invocations=932 (full 102):
 PSYoungGen      total 154624K, used 129526K [0x00000007b5580000, 0x00000007c0000000, 0x00000007c0000000)
  eden space 135168K, 95% used [0x00000007b5580000,0x00000007bd3fdb98,0x00000007bd980000)
  from space 19456K, 0% used [0x00000007bd980000,0x00000007bd980000,0x00000007bec80000)
  to   space 19456K, 0% used [0x00000007bed00000,0x00000007bed00000,0x00000007c0000000)
 ParOldGen       total 349696K, used 73761K [0x00000007a0000000, 0x00000007b5580000, 0x00000007b5580000)
  object space 349696K, 21% used [0x00000007a0000000,0x00000007a48087b0,0x00000007b5580000)
 Metaspace       used 5452K, capacity 5616K, committed 5760K, reserved 1056768K
  class space    used 580K, capacity 630K, committed 640K, reserved 1048576K
2018-07-25T18:09:07.568-0800: 69.849: [GC (Allocation Failure) [PSYoungGen: 129526K->9998K(154112K)] 203288K->135843K(503808K), 0.0068844 secs] [Times: user=0.05 sys=0.00, real=0.01 secs] 
Heap after GC invocations=932 (full 102):
 PSYoungGen      total 154112K, used 9998K [0x00000007b5580000, 0x00000007c0000000, 0x00000007c0000000)
  eden space 134656K, 0% used [0x00000007b5580000,0x00000007b5580000,0x00000007bd900000)
  from space 19456K, 51% used [0x00000007bed00000,0x00000007bf6c3838,0x00000007c0000000)
  to   space 19968K, 0% used [0x00000007bd900000,0x00000007bd900000,0x00000007bec80000)
 ParOldGen       total 349696K, used 125845K [0x00000007a0000000, 0x00000007b5580000, 0x00000007b5580000)
  object space 349696K, 35% used [0x00000007a0000000,0x00000007a7ae5580,0x00000007b5580000)
 Metaspace       used 5452K, capacity 5616K, committed 5760K, reserved 1056768K
  class space    used 580K, capacity 630K, committed 640K, reserved 1048576K
}
{Heap before GC invocations=933 (full 102):
 PSYoungGen      total 154112K, used 116470K [0x00000007b5580000, 0x00000007c0000000, 0x00000007c0000000)
  eden space 134656K, 79% used [0x00000007b5580000,0x00000007bbd7a368,0x00000007bd900000)
  from space 19456K, 51% used [0x00000007bed00000,0x00000007bf6c3838,0x00000007c0000000)
  to   space 19968K, 0% used [0x00000007bd900000,0x00000007bd900000,0x00000007bec80000)
 ParOldGen       total 349696K, used 125845K [0x00000007a0000000, 0x00000007b5580000, 0x00000007b5580000)
  object space 349696K, 35% used [0x00000007a0000000,0x00000007a7ae5580,0x00000007b5580000)
 Metaspace       used 5452K, capacity 5616K, committed 5760K, reserved 1056768K
  class space    used 580K, capacity 630K, committed 640K, reserved 1048576K
2018-07-25T18:09:07.588-0800: 69.869: [GC (Allocation Failure) [PSYoungGen: 116470K->0K(154624K)] 242316K->161805K(504320K), 0.0051123 secs] [Times: user=0.03 sys=0.00, real=0.01 secs] 
Heap after GC invocations=933 (full 102):
 PSYoungGen      total 154624K, used 0K [0x00000007b5580000, 0x00000007c0000000, 0x00000007c0000000)
  eden space 134656K, 0% used [0x00000007b5580000,0x00000007b5580000,0x00000007bd900000)
  from space 19968K, 0% used [0x00000007bd900000,0x00000007bd900000,0x00000007bec80000)
  to   space 19456K, 0% used [0x00000007bed00000,0x00000007bed00000,0x00000007c0000000)
 ParOldGen       total 349696K, used 161805K [0x00000007a0000000, 0x00000007b5580000, 0x00000007b5580000)
  object space 349696K, 46% used [0x00000007a0000000,0x00000007a9e034c0,0x00000007b5580000)
 Metaspace       used 5452K, capacity 5616K, committed 5760K, reserved 1056768K
  class space    used 580K, capacity 630K, committed 640K, reserved 1048576K
}
{Heap before GC invocations=934 (full 102):
 PSYoungGen      total 154624K, used 129264K [0x00000007b5580000, 0x00000007c0000000, 0x00000007c0000000)
  eden space 134656K, 95% used [0x00000007b5580000,0x00000007bd3bc1c8,0x00000007bd900000)
  from space 19968K, 0% used [0x00000007bd900000,0x00000007bd900000,0x00000007bec80000)
  to   space 19456K, 0% used [0x00000007bed00000,0x00000007bed00000,0x00000007c0000000)
 ParOldGen       total 349696K, used 161805K [0x00000007a0000000, 0x00000007b5580000, 0x00000007b5580000)
  object space 349696K, 46% used [0x00000007a0000000,0x00000007a9e034c0,0x00000007b5580000)
 Metaspace       used 5452K, capacity 5616K, committed 5760K, reserved 1056768K
  class space    used 580K, capacity 630K, committed 640K, reserved 1048576K
2018-07-25T18:09:07.702-0800: 69.983: [GC (Allocation Failure) [PSYoungGen: 129264K->9998K(154112K)] 291069K->223887K(503808K), 0.0068943 secs] [Times: user=0.05 sys=0.00, real=0.00 secs] 
Heap after GC invocations=934 (full 102):
 PSYoungGen      total 154112K, used 9998K [0x00000007b5580000, 0x00000007c0000000, 0x00000007c0000000)
  eden space 134656K, 0% used [0x00000007b5580000,0x00000007b5580000,0x00000007bd900000)
  from space 19456K, 51% used [0x00000007bed00000,0x00000007bf6c3990,0x00000007c0000000)
  to   space 19968K, 0% used [0x00000007bd900000,0x00000007bd900000,0x00000007bec80000)
 ParOldGen       total 349696K, used 213888K [0x00000007a0000000, 0x00000007b5580000, 0x00000007b5580000)
  object space 349696K, 61% used [0x00000007a0000000,0x00000007ad0e0270,0x00000007b5580000)
 Metaspace       used 5452K, capacity 5616K, committed 5760K, reserved 1056768K
  class space    used 580K, capacity 630K, committed 640K, reserved 1048576K
}
{Heap before GC invocations=935 (full 102):
 PSYoungGen      total 154112K, used 142651K [0x00000007b5580000, 0x00000007c0000000, 0x00000007c0000000)
  eden space 134656K, 98% used [0x00000007b5580000,0x00000007bd70b5b0,0x00000007bd900000)
  from space 19456K, 51% used [0x00000007bed00000,0x00000007bf6c3990,0x00000007c0000000)
  to   space 19968K, 0% used [0x00000007bd900000,0x00000007bd900000,0x00000007bec80000)
 ParOldGen       total 349696K, used 213888K [0x00000007a0000000, 0x00000007b5580000, 0x00000007b5580000)
  object space 349696K, 61% used [0x00000007a0000000,0x00000007ad0e0270,0x00000007b5580000)
 Metaspace       used 5452K, capacity 5616K, committed 5760K, reserved 1056768K
  class space    used 580K, capacity 630K, committed 640K, reserved 1048576K
2018-07-25T18:09:07.803-0800: 70.083: [GC (Allocation Failure) [PSYoungGen: 142651K->233K(154624K)] 356540K->214121K(504320K), 0.0014161 secs] [Times: user=0.00 sys=0.00, real=0.00 secs] 
Heap after GC invocations=935 (full 102):
 PSYoungGen      total 154624K, used 233K [0x00000007b5580000, 0x00000007c0000000, 0x00000007c0000000)
  eden space 134656K, 0% used [0x00000007b5580000,0x00000007b5580000,0x00000007bd900000)
  from space 19968K, 1% used [0x00000007bd900000,0x00000007bd93a450,0x00000007bec80000)
  to   space 19456K, 0% used [0x00000007bed00000,0x00000007bed00000,0x00000007c0000000)
 ParOldGen       total 349696K, used 213888K [0x00000007a0000000, 0x00000007b5580000, 0x00000007b5580000)
  object space 349696K, 61% used [0x00000007a0000000,0x00000007ad0e0270,0x00000007b5580000)
 Metaspace       used 5452K, capacity 5616K, committed 5760K, reserved 1056768K
  class space    used 580K, capacity 630K, committed 640K, reserved 1048576K
}
{Heap before GC invocations=936 (full 102):
 PSYoungGen      total 154624K, used 129704K [0x00000007b5580000, 0x00000007c0000000, 0x00000007c0000000)
  eden space 134656K, 96% used [0x00000007b5580000,0x00000007bd3eff40,0x00000007bd900000)
  from space 19968K, 1% used [0x00000007bd900000,0x00000007bd93a450,0x00000007bec80000)
  to   space 19456K, 0% used [0x00000007bed00000,0x00000007bed00000,0x00000007c0000000)
 ParOldGen       total 349696K, used 213888K [0x00000007a0000000, 0x00000007b5580000, 0x00000007b5580000)
  object space 349696K, 61% used [0x00000007a0000000,0x00000007ad0e0270,0x00000007b5580000)
 Metaspace       used 5452K, capacity 5616K, committed 5760K, reserved 1056768K
  class space    used 580K, capacity 630K, committed 640K, reserved 1048576K
2018-07-25T18:09:07.834-0800: 70.114: [GC (Allocation Failure) [PSYoungGen: 129704K->9797K(155136K)] 343593K->275922K(504832K), 0.0085334 secs] [Times: user=0.06 sys=0.00, real=0.01 secs] 
Heap after GC invocations=936 (full 102):
 PSYoungGen      total 155136K, used 9797K [0x00000007b5580000, 0x00000007c0000000, 0x00000007c0000000)
  eden space 135680K, 0% used [0x00000007b5580000,0x00000007b5580000,0x00000007bda00000)
  from space 19456K, 50% used [0x00000007bed00000,0x00000007bf691698,0x00000007c0000000)
  to   space 19456K, 0% used [0x00000007bda00000,0x00000007bda00000,0x00000007bed00000)
 ParOldGen       total 349696K, used 266125K [0x00000007a0000000, 0x00000007b5580000, 0x00000007b5580000)
  object space 349696K, 76% used [0x00000007a0000000,0x00000007b03e3458,0x00000007b5580000)
 Metaspace       used 5452K, capacity 5616K, committed 5760K, reserved 1056768K
  class space    used 580K, capacity 630K, committed 640K, reserved 1048576K
}
{Heap before GC invocations=937 (full 102):
 PSYoungGen      total 155136K, used 139336K [0x00000007b5580000, 0x00000007c0000000, 0x00000007c0000000)
  eden space 135680K, 95% used [0x00000007b5580000,0x00000007bd400a50,0x00000007bda00000)
  from space 19456K, 50% used [0x00000007bed00000,0x00000007bf691698,0x00000007c0000000)
  to   space 19456K, 0% used [0x00000007bda00000,0x00000007bda00000,0x00000007bed00000)
 ParOldGen       total 349696K, used 266125K [0x00000007a0000000, 0x00000007b5580000, 0x00000007b5580000)
  object space 349696K, 76% used [0x00000007a0000000,0x00000007b03e3458,0x00000007b5580000)
 Metaspace       used 5452K, capacity 5616K, committed 5760K, reserved 1056768K
  class space    used 580K, capacity 630K, committed 640K, reserved 1048576K
2018-07-25T18:09:07.952-0800: 70.233: [GC (Allocation Failure) [PSYoungGen: 139336K->9999K(145920K)] 405461K->302165K(495616K), 0.0062631 secs] [Times: user=0.05 sys=0.00, real=0.00 secs] 
Heap after GC invocations=937 (full 102):
 PSYoungGen      total 145920K, used 9999K [0x00000007b5580000, 0x00000007c0000000, 0x00000007c0000000)
  eden space 135680K, 0% used [0x00000007b5580000,0x00000007b5580000,0x00000007bda00000)
  from space 10240K, 97% used [0x00000007bda00000,0x00000007be3c3c40,0x00000007be400000)
  to   space 19968K, 0% used [0x00000007bec80000,0x00000007bec80000,0x00000007c0000000)
 ParOldGen       total 349696K, used 292166K [0x00000007a0000000, 0x00000007b5580000, 0x00000007b5580000)
  object space 349696K, 83% used [0x00000007a0000000,0x00000007b1d51b20,0x00000007b5580000)
 Metaspace       used 5452K, capacity 5616K, committed 5760K, reserved 1056768K
  class space    used 580K, capacity 630K, committed 640K, reserved 1048576K
}
{Heap before GC invocations=938 (full 103):
 PSYoungGen      total 145920K, used 9999K [0x00000007b5580000, 0x00000007c0000000, 0x00000007c0000000)
  eden space 135680K, 0% used [0x00000007b5580000,0x00000007b5580000,0x00000007bda00000)
  from space 10240K, 97% used [0x00000007bda00000,0x00000007be3c3c40,0x00000007be400000)
  to   space 19968K, 0% used [0x00000007bec80000,0x00000007bec80000,0x00000007c0000000)
 ParOldGen       total 349696K, used 292166K [0x00000007a0000000, 0x00000007b5580000, 0x00000007b5580000)
  object space 349696K, 83% used [0x00000007a0000000,0x00000007b1d51b20,0x00000007b5580000)
 Metaspace       used 5452K, capacity 5616K, committed 5760K, reserved 1056768K
  class space    used 580K, capacity 630K, committed 640K, reserved 1048576K
2018-07-25T18:09:07.959-0800: 70.239: [Full GC (Ergonomics) [PSYoungGen: 9999K->0K(145920K)] [ParOldGen: 292166K->47721K(349696K)] 302165K->47721K(495616K), [Metaspace: 5452K->5452K(1056768K)], 0.0077579 secs] [Times: user=0.04 sys=0.00, real=0.01 secs] 
Heap after GC invocations=938 (full 103):
 PSYoungGen      total 145920K, used 0K [0x00000007b5580000, 0x00000007c0000000, 0x00000007c0000000)
  eden space 135680K, 0% used [0x00000007b5580000,0x00000007b5580000,0x00000007bda00000)
  from space 10240K, 0% used [0x00000007bda00000,0x00000007bda00000,0x00000007be400000)
  to   space 19968K, 0% used [0x00000007bec80000,0x00000007bec80000,0x00000007c0000000)
 ParOldGen       total 349696K, used 47721K [0x00000007a0000000, 0x00000007b5580000, 0x00000007b5580000)
  object space 349696K, 13% used [0x00000007a0000000,0x00000007a2e9a688,0x00000007b5580000)
 Metaspace       used 5452K, capacity 5616K, committed 5760K, reserved 1056768K
  class space    used 580K, capacity 630K, committed 640K, reserved 1048576K
}
{Heap before GC invocations=939 (full 103):
 PSYoungGen      total 145920K, used 106491K [0x00000007b5580000, 0x00000007c0000000, 0x00000007c0000000)
  eden space 135680K, 78% used [0x00000007b5580000,0x00000007bbd7ee58,0x00000007bda00000)
  from space 10240K, 0% used [0x00000007bda00000,0x00000007bda00000,0x00000007be400000)
  to   space 19968K, 0% used [0x00000007bec80000,0x00000007bec80000,0x00000007c0000000)
 ParOldGen       total 349696K, used 47721K [0x00000007a0000000, 0x00000007b5580000, 0x00000007b5580000)
  object space 349696K, 13% used [0x00000007a0000000,0x00000007a2e9a688,0x00000007b5580000)
 Metaspace       used 5452K, capacity 5616K, committed 5760K, reserved 1056768K
  class space    used 580K, capacity 630K, committed 640K, reserved 1048576K
2018-07-25T18:09:07.980-0800: 70.260: [GC (Allocation Failure) [PSYoungGen: 106491K->0K(155136K)] 154213K->125846K(504832K), 0.0097264 secs] [Times: user=0.07 sys=0.00, real=0.00 secs] 
Heap after GC invocations=939 (full 103):
 PSYoungGen      total 155136K, used 0K [0x00000007b5580000, 0x00000007c0000000, 0x00000007c0000000)
  eden space 135168K, 0% used [0x00000007b5580000,0x00000007b5580000,0x00000007bd980000)
  from space 19968K, 0% used [0x00000007bec80000,0x00000007bec80000,0x00000007c0000000)
  to   space 19456K, 0% used [0x00000007bd980000,0x00000007bd980000,0x00000007bec80000)
 ParOldGen       total 349696K, used 125846K [0x00000007a0000000, 0x00000007b5580000, 0x00000007b5580000)
  object space 349696K, 35% used [0x00000007a0000000,0x00000007a7ae5b28,0x00000007b5580000)
 Metaspace       used 5452K, capacity 5616K, committed 5760K, reserved 1056768K
  class space    used 580K, capacity 630K, committed 640K, reserved 1048576K
}
{Heap before GC invocations=940 (full 103):
 PSYoungGen      total 155136K, used 128921K [0x00000007b5580000, 0x00000007c0000000, 0x00000007c0000000)
  eden space 135168K, 95% used [0x00000007b5580000,0x00000007bd366640,0x00000007bd980000)
  from space 19968K, 0% used [0x00000007bec80000,0x00000007bec80000,0x00000007c0000000)
  to   space 19456K, 0% used [0x00000007bd980000,0x00000007bd980000,0x00000007bec80000)
 ParOldGen       total 349696K, used 125846K [0x00000007a0000000, 0x00000007b5580000, 0x00000007b5580000)
  object space 349696K, 35% used [0x00000007a0000000,0x00000007a7ae5b28,0x00000007b5580000)
 Metaspace       used 5452K, capacity 5616K, committed 5760K, reserved 1056768K
  class space    used 580K, capacity 630K, committed 640K, reserved 1048576K
2018-07-25T18:09:08.102-0800: 70.382: [GC (Allocation Failure) [PSYoungGen: 128921K->9999K(154624K)] 254768K->187929K(504320K), 0.0061502 secs] [Times: user=0.05 sys=0.00, real=0.00 secs] 
Heap after GC invocations=940 (full 103):
 PSYoungGen      total 154624K, used 9999K [0x00000007b5580000, 0x00000007c0000000, 0x00000007c0000000)
  eden space 135168K, 0% used [0x00000007b5580000,0x00000007b5580000,0x00000007bd980000)
  from space 19456K, 51% used [0x00000007bd980000,0x00000007be343d98,0x00000007bec80000)
  to   space 19968K, 0% used [0x00000007bec80000,0x00000007bec80000,0x00000007c0000000)
 ParOldGen       total 349696K, used 177930K [0x00000007a0000000, 0x00000007b5580000, 0x00000007b5580000)
  object space 349696K, 50% used [0x00000007a0000000,0x00000007aadc28d8,0x00000007b5580000)
 Metaspace       used 5452K, capacity 5616K, committed 5760K, reserved 1056768K
  class space    used 580K, capacity 630K, committed 640K, reserved 1048576K
}
{Heap before GC invocations=941 (full 103):
 PSYoungGen      total 154624K, used 142433K [0x00000007b5580000, 0x00000007c0000000, 0x00000007c0000000)
  eden space 135168K, 97% used [0x00000007b5580000,0x00000007bd6d4888,0x00000007bd980000)
  from space 19456K, 51% used [0x00000007bd980000,0x00000007be343d98,0x00000007bec80000)
  to   space 19968K, 0% used [0x00000007bec80000,0x00000007bec80000,0x00000007c0000000)
 ParOldGen       total 349696K, used 177930K [0x00000007a0000000, 0x00000007b5580000, 0x00000007b5580000)
  object space 349696K, 50% used [0x00000007a0000000,0x00000007aadc28d8,0x00000007b5580000)
 Metaspace       used 5452K, capacity 5616K, committed 5760K, reserved 1056768K
  class space    used 580K, capacity 630K, committed 640K, reserved 1048576K
2018-07-25T18:09:08.200-0800: 70.480: [GC (Allocation Failure) [PSYoungGen: 142433K->234K(155136K)] 320363K->178164K(504832K), 0.0011949 secs] [Times: user=0.01 sys=0.01, real=0.00 secs] 
Heap after GC invocations=941 (full 103):
 PSYoungGen      total 155136K, used 234K [0x00000007b5580000, 0x00000007c0000000, 0x00000007c0000000)
  eden space 135168K, 0% used [0x00000007b5580000,0x00000007b5580000,0x00000007bd980000)
  from space 19968K, 1% used [0x00000007bec80000,0x00000007becba858,0x00000007c0000000)
  to   space 19456K, 0% used [0x00000007bd980000,0x00000007bd980000,0x00000007bec80000)
 ParOldGen       total 349696K, used 177930K [0x00000007a0000000, 0x00000007b5580000, 0x00000007b5580000)
  object space 349696K, 50% used [0x00000007a0000000,0x00000007aadc28d8,0x00000007b5580000)
 Metaspace       used 5452K, capacity 5616K, committed 5760K, reserved 1056768K
  class space    used 580K, capacity 630K, committed 640K, reserved 1048576K
}
{Heap before GC invocations=942 (full 103):
 PSYoungGen      total 155136K, used 129568K [0x00000007b5580000, 0x00000007c0000000, 0x00000007c0000000)
  eden space 135168K, 95% used [0x00000007b5580000,0x00000007bd3cd980,0x00000007bd980000)
  from space 19968K, 1% used [0x00000007bec80000,0x00000007becba858,0x00000007c0000000)
  to   space 19456K, 0% used [0x00000007bd980000,0x00000007bd980000,0x00000007bec80000)
 ParOldGen       total 349696K, used 177930K [0x00000007a0000000, 0x00000007b5580000, 0x00000007b5580000)
  object space 349696K, 50% used [0x00000007a0000000,0x00000007aadc28d8,0x00000007b5580000)
 Metaspace       used 5452K, capacity 5616K, committed 5760K, reserved 1056768K
  class space    used 580K, capacity 630K, committed 640K, reserved 1048576K
2018-07-25T18:09:08.229-0800: 70.510: [GC (Allocation Failure) [PSYoungGen: 129568K->9797K(154624K)] 307498K->239973K(504320K), 0.0078561 secs] [Times: user=0.06 sys=0.00, real=0.01 secs] 
Heap after GC invocations=942 (full 103):
 PSYoungGen      total 154624K, used 9797K [0x00000007b5580000, 0x00000007c0000000, 0x00000007c0000000)
  eden space 135168K, 0% used [0x00000007b5580000,0x00000007b5580000,0x00000007bd980000)
  from space 19456K, 50% used [0x00000007bd980000,0x00000007be311698,0x00000007bec80000)
  to   space 19456K, 0% used [0x00000007bed00000,0x00000007bed00000,0x00000007c0000000)
 ParOldGen       total 349696K, used 230175K [0x00000007a0000000, 0x00000007b5580000, 0x00000007b5580000)
  object space 349696K, 65% used [0x00000007a0000000,0x00000007ae0c7ec8,0x00000007b5580000)
 Metaspace       used 5452K, capacity 5616K, committed 5760K, reserved 1056768K
  class space    used 580K, capacity 630K, committed 640K, reserved 1048576K
}
{Heap before GC invocations=943 (full 103):
 PSYoungGen      total 154624K, used 139231K [0x00000007b5580000, 0x00000007c0000000, 0x00000007c0000000)
  eden space 135168K, 95% used [0x00000007b5580000,0x00000007bd3e6928,0x00000007bd980000)
  from space 19456K, 50% used [0x00000007bd980000,0x00000007be311698,0x00000007bec80000)
  to   space 19456K, 0% used [0x00000007bed00000,0x00000007bed00000,0x00000007c0000000)
 ParOldGen       total 349696K, used 230175K [0x00000007a0000000, 0x00000007b5580000, 0x00000007b5580000)
  object space 349696K, 65% used [0x00000007a0000000,0x00000007ae0c7ec8,0x00000007b5580000)
 Metaspace       used 5452K, capacity 5616K, committed 5760K, reserved 1056768K
  class space    used 580K, capacity 630K, committed 640K, reserved 1048576K
2018-07-25T18:09:08.345-0800: 70.626: [GC (Allocation Failure) [PSYoungGen: 139231K->10000K(154112K)] 369407K->266217K(503808K), 0.0047341 secs] [Times: user=0.03 sys=0.00, real=0.01 secs] 
Heap after GC invocations=943 (full 103):
 PSYoungGen      total 154112K, used 10000K [0x00000007b5580000, 0x00000007c0000000, 0x00000007c0000000)
  eden space 134656K, 0% used [0x00000007b5580000,0x00000007b5580000,0x00000007bd900000)
  from space 19456K, 51% used [0x00000007bed00000,0x00000007bf6c4048,0x00000007c0000000)
  to   space 19968K, 0% used [0x00000007bd900000,0x00000007bd900000,0x00000007bec80000)
 ParOldGen       total 349696K, used 256217K [0x00000007a0000000, 0x00000007b5580000, 0x00000007b5580000)
  object space 349696K, 73% used [0x00000007a0000000,0x00000007afa36590,0x00000007b5580000)
 Metaspace       used 5452K, capacity 5616K, committed 5760K, reserved 1056768K
  class space    used 580K, capacity 630K, committed 640K, reserved 1048576K
}
{Heap before GC invocations=944 (full 103):
 PSYoungGen      total 154112K, used 116413K [0x00000007b5580000, 0x00000007c0000000, 0x00000007c0000000)
  eden space 134656K, 79% used [0x00000007b5580000,0x00000007bbd6b558,0x00000007bd900000)
  from space 19456K, 51% used [0x00000007bed00000,0x00000007bf6c4048,0x00000007c0000000)
  to   space 19968K, 0% used [0x00000007bd900000,0x00000007bd900000,0x00000007bec80000)
 ParOldGen       total 349696K, used 256217K [0x00000007a0000000, 0x00000007b5580000, 0x00000007b5580000)
  object space 349696K, 73% used [0x00000007a0000000,0x00000007afa36590,0x00000007b5580000)
 Metaspace       used 5452K, capacity 5616K, committed 5760K, reserved 1056768K
  class space    used 580K, capacity 630K, committed 640K, reserved 1048576K
2018-07-25T18:09:08.363-0800: 70.644: [GC (Allocation Failure) [PSYoungGen: 116413K->0K(154624K)] 372630K->292179K(504320K), 0.0051650 secs] [Times: user=0.03 sys=0.00, real=0.00 secs] 
Heap after GC invocations=944 (full 103):
 PSYoungGen      total 154624K, used 0K [0x00000007b5580000, 0x00000007c0000000, 0x00000007c0000000)
  eden space 134656K, 0% used [0x00000007b5580000,0x00000007b5580000,0x00000007bd900000)
  from space 19968K, 0% used [0x00000007bd900000,0x00000007bd900000,0x00000007bec80000)
  to   space 19456K, 0% used [0x00000007bed00000,0x00000007bed00000,0x00000007c0000000)
 ParOldGen       total 349696K, used 292179K [0x00000007a0000000, 0x00000007b5580000, 0x00000007b5580000)
  object space 349696K, 83% used [0x00000007a0000000,0x00000007b1d54ce0,0x00000007b5580000)
 Metaspace       used 5452K, capacity 5616K, committed 5760K, reserved 1056768K
  class space    used 580K, capacity 630K, committed 640K, reserved 1048576K
}
{Heap before GC invocations=945 (full 104):
 PSYoungGen      total 154624K, used 0K [0x00000007b5580000, 0x00000007c0000000, 0x00000007c0000000)
  eden space 134656K, 0% used [0x00000007b5580000,0x00000007b5580000,0x00000007bd900000)
  from space 19968K, 0% used [0x00000007bd900000,0x00000007bd900000,0x00000007bec80000)
  to   space 19456K, 0% used [0x00000007bed00000,0x00000007bed00000,0x00000007c0000000)
 ParOldGen       total 349696K, used 292179K [0x00000007a0000000, 0x00000007b5580000, 0x00000007b5580000)
  object space 349696K, 83% used [0x00000007a0000000,0x00000007b1d54ce0,0x00000007b5580000)
 Metaspace       used 5452K, capacity 5616K, committed 5760K, reserved 1056768K
  class space    used 580K, capacity 630K, committed 640K, reserved 1048576K
2018-07-25T18:09:08.368-0800: 70.649: [Full GC (Ergonomics) [PSYoungGen: 0K->0K(154624K)] [ParOldGen: 292179K->47722K(349696K)] 292179K->47722K(504320K), [Metaspace: 5452K->5452K(1056768K)], 0.0080136 secs] [Times: user=0.04 sys=0.00, real=0.01 secs] 
Heap after GC invocations=945 (full 104):
 PSYoungGen      total 154624K, used 0K [0x00000007b5580000, 0x00000007c0000000, 0x00000007c0000000)
  eden space 134656K, 0% used [0x00000007b5580000,0x00000007b5580000,0x00000007bd900000)
  from space 19968K, 0% used [0x00000007bd900000,0x00000007bd900000,0x00000007bec80000)
  to   space 19456K, 0% used [0x00000007bed00000,0x00000007bed00000,0x00000007c0000000)
 ParOldGen       total 349696K, used 47722K [0x00000007a0000000, 0x00000007b5580000, 0x00000007b5580000)
  object space 349696K, 13% used [0x00000007a0000000,0x00000007a2e9aa70,0x00000007b5580000)
 Metaspace       used 5452K, capacity 5616K, committed 5760K, reserved 1056768K
  class space    used 580K, capacity 630K, committed 640K, reserved 1048576K
}
{Heap before GC invocations=946 (full 104):
 PSYoungGen      total 154624K, used 129226K [0x00000007b5580000, 0x00000007c0000000, 0x00000007c0000000)
  eden space 134656K, 95% used [0x00000007b5580000,0x00000007bd3b2928,0x00000007bd900000)
  from space 19968K, 0% used [0x00000007bd900000,0x00000007bd900000,0x00000007bec80000)
  to   space 19456K, 0% used [0x00000007bed00000,0x00000007bed00000,0x00000007c0000000)
 ParOldGen       total 349696K, used 47722K [0x00000007a0000000, 0x00000007b5580000, 0x00000007b5580000)
  object space 349696K, 13% used [0x00000007a0000000,0x00000007a2e9aa70,0x00000007b5580000)
 Metaspace       used 5452K, capacity 5616K, committed 5760K, reserved 1056768K
  class space    used 580K, capacity 630K, committed 640K, reserved 1048576K
2018-07-25T18:09:08.496-0800: 70.776: [GC (Allocation Failure) [PSYoungGen: 129226K->10032K(154112K)] 176948K->109838K(503808K), 0.0063165 secs] [Times: user=0.04 sys=0.00, real=0.01 secs] 
Heap after GC invocations=946 (full 104):
 PSYoungGen      total 154112K, used 10032K [0x00000007b5580000, 0x00000007c0000000, 0x00000007c0000000)
  eden space 134656K, 0% used [0x00000007b5580000,0x00000007b5580000,0x00000007bd900000)
  from space 19456K, 51% used [0x00000007bed00000,0x00000007bf6cc1a0,0x00000007c0000000)
  to   space 19968K, 0% used [0x00000007bd900000,0x00000007bd900000,0x00000007bec80000)
 ParOldGen       total 349696K, used 99806K [0x00000007a0000000, 0x00000007b5580000, 0x00000007b5580000)
  object space 349696K, 28% used [0x00000007a0000000,0x00000007a6177820,0x00000007b5580000)
 Metaspace       used 5452K, capacity 5616K, committed 5760K, reserved 1056768K
  class space    used 580K, capacity 630K, committed 640K, reserved 1048576K
}
{Heap before GC invocations=947 (full 104):
 PSYoungGen      total 154112K, used 142644K [0x00000007b5580000, 0x00000007c0000000, 0x00000007c0000000)
  eden space 134656K, 98% used [0x00000007b5580000,0x00000007bd701030,0x00000007bd900000)
  from space 19456K, 51% used [0x00000007bed00000,0x00000007bf6cc1a0,0x00000007c0000000)
  to   space 19968K, 0% used [0x00000007bd900000,0x00000007bd900000,0x00000007bec80000)
 ParOldGen       total 349696K, used 99806K [0x00000007a0000000, 0x00000007b5580000, 0x00000007b5580000)
  object space 349696K, 28% used [0x00000007a0000000,0x00000007a6177820,0x00000007b5580000)
 Metaspace       used 5452K, capacity 5616K, committed 5760K, reserved 1056768K
  class space    used 580K, capacity 630K, committed 640K, reserved 1048576K
2018-07-25T18:09:08.611-0800: 70.891: [GC (Allocation Failure) [PSYoungGen: 142644K->235K(154624K)] 242450K->100041K(504320K), 0.0010323 secs] [Times: user=0.01 sys=0.00, real=0.00 secs] 
Heap after GC invocations=947 (full 104):
 PSYoungGen      total 154624K, used 235K [0x00000007b5580000, 0x00000007c0000000, 0x00000007c0000000)
  eden space 134656K, 0% used [0x00000007b5580000,0x00000007b5580000,0x00000007bd900000)
  from space 19968K, 1% used [0x00000007bd900000,0x00000007bd93ac60,0x00000007bec80000)
  to   space 19456K, 0% used [0x00000007bed00000,0x00000007bed00000,0x00000007c0000000)
 ParOldGen       total 349696K, used 99806K [0x00000007a0000000, 0x00000007b5580000, 0x00000007b5580000)
  object space 349696K, 28% used [0x00000007a0000000,0x00000007a6177820,0x00000007b5580000)
 Metaspace       used 5452K, capacity 5616K, committed 5760K, reserved 1056768K
  class space    used 580K, capacity 630K, committed 640K, reserved 1048576K
}
{Heap before GC invocations=948 (full 104):
 PSYoungGen      total 154624K, used 129680K [0x00000007b5580000, 0x00000007c0000000, 0x00000007c0000000)
  eden space 134656K, 96% used [0x00000007b5580000,0x00000007bd3e9508,0x00000007bd900000)
  from space 19968K, 1% used [0x00000007bd900000,0x00000007bd93ac60,0x00000007bec80000)
  to   space 19456K, 0% used [0x00000007bed00000,0x00000007bed00000,0x00000007c0000000)
 ParOldGen       total 349696K, used 99806K [0x00000007a0000000, 0x00000007b5580000, 0x00000007b5580000)
  object space 349696K, 28% used [0x00000007a0000000,0x00000007a6177820,0x00000007b5580000)
 Metaspace       used 5452K, capacity 5616K, committed 5760K, reserved 1056768K
  class space    used 580K, capacity 630K, committed 640K, reserved 1048576K
2018-07-25T18:09:08.642-0800: 70.923: [GC (Allocation Failure) [PSYoungGen: 129680K->9797K(155136K)] 229486K->161858K(504832K), 0.0077768 secs] [Times: user=0.05 sys=0.00, real=0.01 secs] 
Heap after GC invocations=948 (full 104):
 PSYoungGen      total 155136K, used 9797K [0x00000007b5580000, 0x00000007c0000000, 0x00000007c0000000)
  eden space 135680K, 0% used [0x00000007b5580000,0x00000007b5580000,0x00000007bda00000)
  from space 19456K, 50% used [0x00000007bed00000,0x00000007bf691698,0x00000007c0000000)
  to   space 19456K, 0% used [0x00000007bda00000,0x00000007bda00000,0x00000007bed00000)
 ParOldGen       total 349696K, used 152060K [0x00000007a0000000, 0x00000007b5580000, 0x00000007b5580000)
  object space 349696K, 43% used [0x00000007a0000000,0x00000007a947f218,0x00000007b5580000)
 Metaspace       used 5452K, capacity 5616K, committed 5760K, reserved 1056768K
  class space    used 580K, capacity 630K, committed 640K, reserved 1048576K
}
{Heap before GC invocations=949 (full 104):
 PSYoungGen      total 155136K, used 139319K [0x00000007b5580000, 0x00000007c0000000, 0x00000007c0000000)
  eden space 135680K, 95% used [0x00000007b5580000,0x00000007bd3fc5c8,0x00000007bda00000)
  from space 19456K, 50% used [0x00000007bed00000,0x00000007bf691698,0x00000007c0000000)
  to   space 19456K, 0% used [0x00000007bda00000,0x00000007bda00000,0x00000007bed00000)
 ParOldGen       total 349696K, used 152060K [0x00000007a0000000, 0x00000007b5580000, 0x00000007b5580000)
  object space 349696K, 43% used [0x00000007a0000000,0x00000007a947f218,0x00000007b5580000)
 Metaspace       used 5452K, capacity 5616K, committed 5760K, reserved 1056768K
  class space    used 580K, capacity 630K, committed 640K, reserved 1048576K
2018-07-25T18:09:08.759-0800: 71.040: [GC (Allocation Failure) [PSYoungGen: 139319K->9969K(145920K)] 291379K->188071K(495616K), 0.0043141 secs] [Times: user=0.03 sys=0.00, real=0.01 secs] 
Heap after GC invocations=949 (full 104):
 PSYoungGen      total 145920K, used 9969K [0x00000007b5580000, 0x00000007c0000000, 0x00000007c0000000)
  eden space 135680K, 0% used [0x00000007b5580000,0x00000007b5580000,0x00000007bda00000)
  from space 10240K, 97% used [0x00000007bda00000,0x00000007be3bc450,0x00000007be400000)
  to   space 19968K, 0% used [0x00000007bec80000,0x00000007bec80000,0x00000007c0000000)
 ParOldGen       total 349696K, used 178102K [0x00000007a0000000, 0x00000007b5580000, 0x00000007b5580000)
  object space 349696K, 50% used [0x00000007a0000000,0x00000007aaded8e0,0x00000007b5580000)
 Metaspace       used 5452K, capacity 5616K, committed 5760K, reserved 1056768K
  class space    used 580K, capacity 630K, committed 640K, reserved 1048576K
}
{Heap before GC invocations=950 (full 104):
 PSYoungGen      total 145920K, used 116449K [0x00000007b5580000, 0x00000007c0000000, 0x00000007c0000000)
  eden space 135680K, 78% used [0x00000007b5580000,0x00000007bbd7c220,0x00000007bda00000)
  from space 10240K, 97% used [0x00000007bda00000,0x00000007be3bc450,0x00000007be400000)
  to   space 19968K, 0% used [0x00000007bec80000,0x00000007bec80000,0x00000007c0000000)
 ParOldGen       total 349696K, used 178102K [0x00000007a0000000, 0x00000007b5580000, 0x00000007b5580000)
  object space 349696K, 50% used [0x00000007a0000000,0x00000007aaded8e0,0x00000007b5580000)
 Metaspace       used 5452K, capacity 5616K, committed 5760K, reserved 1056768K
  class space    used 580K, capacity 630K, committed 640K, reserved 1048576K
2018-07-25T18:09:08.779-0800: 71.059: [GC (Allocation Failure) [PSYoungGen: 116449K->0K(155136K)] 294551K->214073K(504832K), 0.0050617 secs] [Times: user=0.03 sys=0.00, real=0.01 secs] 
Heap after GC invocations=950 (full 104):
 PSYoungGen      total 155136K, used 0K [0x00000007b5580000, 0x00000007c0000000, 0x00000007c0000000)
  eden space 135168K, 0% used [0x00000007b5580000,0x00000007b5580000,0x00000007bd980000)
  from space 19968K, 0% used [0x00000007bec80000,0x00000007bec80000,0x00000007c0000000)
  to   space 19456K, 0% used [0x00000007bd980000,0x00000007bd980000,0x00000007bec80000)
 ParOldGen       total 349696K, used 214073K [0x00000007a0000000, 0x00000007b5580000, 0x00000007b5580000)
  object space 349696K, 61% used [0x00000007a0000000,0x00000007ad10e438,0x00000007b5580000)
 Metaspace       used 5452K, capacity 5616K, committed 5760K, reserved 1056768K
  class space    used 580K, capacity 630K, committed 640K, reserved 1048576K
}
{Heap before GC invocations=951 (full 104):
 PSYoungGen      total 155136K, used 129266K [0x00000007b5580000, 0x00000007c0000000, 0x00000007c0000000)
  eden space 135168K, 95% used [0x00000007b5580000,0x00000007bd3bcb98,0x00000007bd980000)
  from space 19968K, 0% used [0x00000007bec80000,0x00000007bec80000,0x00000007c0000000)
  to   space 19456K, 0% used [0x00000007bd980000,0x00000007bd980000,0x00000007bec80000)
 ParOldGen       total 349696K, used 214073K [0x00000007a0000000, 0x00000007b5580000, 0x00000007b5580000)
  object space 349696K, 61% used [0x00000007a0000000,0x00000007ad10e438,0x00000007b5580000)
 Metaspace       used 5452K, capacity 5616K, committed 5760K, reserved 1056768K
  class space    used 580K, capacity 630K, committed 640K, reserved 1048576K
2018-07-25T18:09:08.896-0800: 71.176: [GC (Allocation Failure) [PSYoungGen: 129266K->10001K(154624K)] 343339K->276157K(504320K), 0.0066306 secs] [Times: user=0.05 sys=0.00, real=0.01 secs] 
Heap after GC invocations=951 (full 104):
 PSYoungGen      total 154624K, used 10001K [0x00000007b5580000, 0x00000007c0000000, 0x00000007c0000000)
  eden space 135168K, 0% used [0x00000007b5580000,0x00000007b5580000,0x00000007bd980000)
  from space 19456K, 51% used [0x00000007bd980000,0x00000007be3445a8,0x00000007bec80000)
  to   space 19968K, 0% used [0x00000007bec80000,0x00000007bec80000,0x00000007c0000000)
 ParOldGen       total 349696K, used 266156K [0x00000007a0000000, 0x00000007b5580000, 0x00000007b5580000)
  object space 349696K, 76% used [0x00000007a0000000,0x00000007b03eb1e8,0x00000007b5580000)
 Metaspace       used 5452K, capacity 5616K, committed 5760K, reserved 1056768K
  class space    used 580K, capacity 630K, committed 640K, reserved 1048576K
}
{Heap before GC invocations=952 (full 104):
 PSYoungGen      total 154624K, used 142660K [0x00000007b5580000, 0x00000007c0000000, 0x00000007c0000000)
  eden space 135168K, 98% used [0x00000007b5580000,0x00000007bd70ca68,0x00000007bd980000)
  from space 19456K, 51% used [0x00000007bd980000,0x00000007be3445a8,0x00000007bec80000)
  to   space 19968K, 0% used [0x00000007bec80000,0x00000007bec80000,0x00000007c0000000)
 ParOldGen       total 349696K, used 266156K [0x00000007a0000000, 0x00000007b5580000, 0x00000007b5580000)
  object space 349696K, 76% used [0x00000007a0000000,0x00000007b03eb1e8,0x00000007b5580000)
 Metaspace       used 5452K, capacity 5616K, committed 5760K, reserved 1056768K
  class space    used 580K, capacity 630K, committed 640K, reserved 1048576K
2018-07-25T18:09:08.995-0800: 71.276: [GC (Allocation Failure) [PSYoungGen: 142660K->236K(155136K)] 408816K->266392K(504832K), 0.0013298 secs] [Times: user=0.01 sys=0.00, real=0.00 secs] 
Heap after GC invocations=952 (full 104):
 PSYoungGen      total 155136K, used 236K [0x00000007b5580000, 0x00000007c0000000, 0x00000007c0000000)
  eden space 135168K, 0% used [0x00000007b5580000,0x00000007b5580000,0x00000007bd980000)
  from space 19968K, 1% used [0x00000007bec80000,0x00000007becbb068,0x00000007c0000000)
  to   space 19456K, 0% used [0x00000007bd980000,0x00000007bd980000,0x00000007bec80000)
 ParOldGen       total 349696K, used 266156K [0x00000007a0000000, 0x00000007b5580000, 0x00000007b5580000)
  object space 349696K, 76% used [0x00000007a0000000,0x00000007b03eb1e8,0x00000007b5580000)
 Metaspace       used 5452K, capacity 5616K, committed 5760K, reserved 1056768K
  class space    used 580K, capacity 630K, committed 640K, reserved 1048576K
}
{Heap before GC invocations=953 (full 104):
 PSYoungGen      total 155136K, used 129714K [0x00000007b5580000, 0x00000007c0000000, 0x00000007c0000000)
  eden space 135168K, 95% used [0x00000007b5580000,0x00000007bd3f1b08,0x00000007bd980000)
  from space 19968K, 1% used [0x00000007bec80000,0x00000007becbb068,0x00000007c0000000)
  to   space 19456K, 0% used [0x00000007bd980000,0x00000007bd980000,0x00000007bec80000)
 ParOldGen       total 349696K, used 266156K [0x00000007a0000000, 0x00000007b5580000, 0x00000007b5580000)
  object space 349696K, 76% used [0x00000007a0000000,0x00000007b03eb1e8,0x00000007b5580000)
 Metaspace       used 5452K, capacity 5616K, committed 5760K, reserved 1056768K
  class space    used 580K, capacity 630K, committed 640K, reserved 1048576K
2018-07-25T18:09:09.025-0800: 71.305: [GC (Allocation Failure) [PSYoungGen: 129714K->9797K(154624K)] 395871K->328201K(504320K), 0.0081192 secs] [Times: user=0.06 sys=0.01, real=0.01 secs] 
Heap after GC invocations=953 (full 104):
 PSYoungGen      total 154624K, used 9797K [0x00000007b5580000, 0x00000007c0000000, 0x00000007c0000000)
  eden space 135168K, 0% used [0x00000007b5580000,0x00000007b5580000,0x00000007bd980000)
  from space 19456K, 50% used [0x00000007bd980000,0x00000007be311698,0x00000007bec80000)
  to   space 19456K, 0% used [0x00000007bed00000,0x00000007bed00000,0x00000007c0000000)
 ParOldGen       total 349696K, used 318403K [0x00000007a0000000, 0x00000007b5580000, 0x00000007b5580000)
  object space 349696K, 91% used [0x00000007a0000000,0x00000007b36f0fe8,0x00000007b5580000)
 Metaspace       used 5452K, capacity 5616K, committed 5760K, reserved 1056768K
  class space    used 580K, capacity 630K, committed 640K, reserved 1048576K
}
{Heap before GC invocations=954 (full 105):
 PSYoungGen      total 154624K, used 9797K [0x00000007b5580000, 0x00000007c0000000, 0x00000007c0000000)
  eden space 135168K, 0% used [0x00000007b5580000,0x00000007b5580000,0x00000007bd980000)
  from space 19456K, 50% used [0x00000007bd980000,0x00000007be311698,0x00000007bec80000)
  to   space 19456K, 0% used [0x00000007bed00000,0x00000007bed00000,0x00000007c0000000)
 ParOldGen       total 349696K, used 318403K [0x00000007a0000000, 0x00000007b5580000, 0x00000007b5580000)
  object space 349696K, 91% used [0x00000007a0000000,0x00000007b36f0fe8,0x00000007b5580000)
 Metaspace       used 5452K, capacity 5616K, committed 5760K, reserved 1056768K
  class space    used 580K, capacity 630K, committed 640K, reserved 1048576K
2018-07-25T18:09:09.033-0800: 71.314: [Full GC (Ergonomics) [PSYoungGen: 9797K->0K(154624K)] [ParOldGen: 318403K->73765K(349696K)] 328201K->73765K(504320K), [Metaspace: 5452K->5452K(1056768K)], 0.0098683 secs] [Times: user=0.05 sys=0.00, real=0.01 secs] 
Heap after GC invocations=954 (full 105):
 PSYoungGen      total 154624K, used 0K [0x00000007b5580000, 0x00000007c0000000, 0x00000007c0000000)
  eden space 135168K, 0% used [0x00000007b5580000,0x00000007b5580000,0x00000007bd980000)
  from space 19456K, 0% used [0x00000007bd980000,0x00000007bd980000,0x00000007bec80000)
  to   space 19456K, 0% used [0x00000007bed00000,0x00000007bed00000,0x00000007c0000000)
 ParOldGen       total 349696K, used 73765K [0x00000007a0000000, 0x00000007b5580000, 0x00000007b5580000)
  object space 349696K, 21% used [0x00000007a0000000,0x00000007a48097d0,0x00000007b5580000)
 Metaspace       used 5452K, capacity 5616K, committed 5760K, reserved 1056768K
  class space    used 580K, capacity 630K, committed 640K, reserved 1048576K
}
{Heap before GC invocations=955 (full 105):
 PSYoungGen      total 154624K, used 129527K [0x00000007b5580000, 0x00000007c0000000, 0x00000007c0000000)
  eden space 135168K, 95% used [0x00000007b5580000,0x00000007bd3fdca0,0x00000007bd980000)
  from space 19456K, 0% used [0x00000007bd980000,0x00000007bd980000,0x00000007bec80000)
  to   space 19456K, 0% used [0x00000007bed00000,0x00000007bed00000,0x00000007c0000000)
 ParOldGen       total 349696K, used 73765K [0x00000007a0000000, 0x00000007b5580000, 0x00000007b5580000)
  object space 349696K, 21% used [0x00000007a0000000,0x00000007a48097d0,0x00000007b5580000)
 Metaspace       used 5452K, capacity 5616K, committed 5760K, reserved 1056768K
  class space    used 580K, capacity 630K, committed 640K, reserved 1048576K
2018-07-25T18:09:09.155-0800: 71.436: [GC (Allocation Failure) [PSYoungGen: 129527K->10034K(154112K)] 203293K->135883K(503808K), 0.0069355 secs] [Times: user=0.05 sys=0.00, real=0.01 secs] 
Heap after GC invocations=955 (full 105):
 PSYoungGen      total 154112K, used 10034K [0x00000007b5580000, 0x00000007c0000000, 0x00000007c0000000)
  eden space 134656K, 0% used [0x00000007b5580000,0x00000007b5580000,0x00000007bd900000)
  from space 19456K, 51% used [0x00000007bed00000,0x00000007bf6cc858,0x00000007c0000000)
  to   space 19968K, 0% used [0x00000007bd900000,0x00000007bd900000,0x00000007bec80000)
 ParOldGen       total 349696K, used 125849K [0x00000007a0000000, 0x00000007b5580000, 0x00000007b5580000)
  object space 349696K, 35% used [0x00000007a0000000,0x00000007a7ae65a0,0x00000007b5580000)
 Metaspace       used 5452K, capacity 5616K, committed 5760K, reserved 1056768K
  class space    used 580K, capacity 630K, committed 640K, reserved 1048576K
}
{Heap before GC invocations=956 (full 105):
 PSYoungGen      total 154112K, used 116507K [0x00000007b5580000, 0x00000007c0000000, 0x00000007c0000000)
  eden space 134656K, 79% used [0x00000007b5580000,0x00000007bbd7a410,0x00000007bd900000)
  from space 19456K, 51% used [0x00000007bed00000,0x00000007bf6cc858,0x00000007c0000000)
  to   space 19968K, 0% used [0x00000007bd900000,0x00000007bd900000,0x00000007bec80000)
 ParOldGen       total 349696K, used 125849K [0x00000007a0000000, 0x00000007b5580000, 0x00000007b5580000)
  object space 349696K, 35% used [0x00000007a0000000,0x00000007a7ae65a0,0x00000007b5580000)
 Metaspace       used 5452K, capacity 5616K, committed 5760K, reserved 1056768K
  class space    used 580K, capacity 630K, committed 640K, reserved 1048576K
2018-07-25T18:09:09.174-0800: 71.455: [GC (Allocation Failure) [PSYoungGen: 116507K->0K(154624K)] 242356K->161821K(504320K), 0.0045604 secs] [Times: user=0.04 sys=0.00, real=0.00 secs] 
Heap after GC invocations=956 (full 105):
 PSYoungGen      total 154624K, used 0K [0x00000007b5580000, 0x00000007c0000000, 0x00000007c0000000)
  eden space 134656K, 0% used [0x00000007b5580000,0x00000007b5580000,0x00000007bd900000)
  from space 19968K, 0% used [0x00000007bd900000,0x00000007bd900000,0x00000007bec80000)
  to   space 19456K, 0% used [0x00000007bed00000,0x00000007bed00000,0x00000007c0000000)
 ParOldGen       total 349696K, used 161821K [0x00000007a0000000, 0x00000007b5580000, 0x00000007b5580000)
  object space 349696K, 46% used [0x00000007a0000000,0x00000007a9e07500,0x00000007b5580000)
 Metaspace       used 5452K, capacity 5616K, committed 5760K, reserved 1056768K
  class space    used 580K, capacity 630K, committed 640K, reserved 1048576K
}
{Heap before GC invocations=957 (full 105):
 PSYoungGen      total 154624K, used 129264K [0x00000007b5580000, 0x00000007c0000000, 0x00000007c0000000)
  eden space 134656K, 95% used [0x00000007b5580000,0x00000007bd3bc2c8,0x00000007bd900000)
  from space 19968K, 0% used [0x00000007bd900000,0x00000007bd900000,0x00000007bec80000)
  to   space 19456K, 0% used [0x00000007bed00000,0x00000007bed00000,0x00000007c0000000)
 ParOldGen       total 349696K, used 161821K [0x00000007a0000000, 0x00000007b5580000, 0x00000007b5580000)
  object space 349696K, 46% used [0x00000007a0000000,0x00000007a9e07500,0x00000007b5580000)
 Metaspace       used 5452K, capacity 5616K, committed 5760K, reserved 1056768K
  class space    used 580K, capacity 630K, committed 640K, reserved 1048576K
2018-07-25T18:09:09.290-0800: 71.570: [GC (Allocation Failure) [PSYoungGen: 129264K->10002K(154112K)] 291085K->223907K(503808K), 0.0087100 secs] [Times: user=0.06 sys=0.00, real=0.00 secs] 
Heap after GC invocations=957 (full 105):
 PSYoungGen      total 154112K, used 10002K [0x00000007b5580000, 0x00000007c0000000, 0x00000007c0000000)
  eden space 134656K, 0% used [0x00000007b5580000,0x00000007b5580000,0x00000007bd900000)
  from space 19456K, 51% used [0x00000007bed00000,0x00000007bf6c49b0,0x00000007c0000000)
  to   space 19968K, 0% used [0x00000007bd900000,0x00000007bd900000,0x00000007bec80000)
 ParOldGen       total 349696K, used 213904K [0x00000007a0000000, 0x00000007b5580000, 0x00000007b5580000)
  object space 349696K, 61% used [0x00000007a0000000,0x00000007ad0e42b0,0x00000007b5580000)
 Metaspace       used 5452K, capacity 5616K, committed 5760K, reserved 1056768K
  class space    used 580K, capacity 630K, committed 640K, reserved 1048576K
}
{Heap before GC invocations=958 (full 105):
 PSYoungGen      total 154112K, used 142656K [0x00000007b5580000, 0x00000007c0000000, 0x00000007c0000000)
  eden space 134656K, 98% used [0x00000007b5580000,0x00000007bd70b658,0x00000007bd900000)
  from space 19456K, 51% used [0x00000007bed00000,0x00000007bf6c49b0,0x00000007c0000000)
  to   space 19968K, 0% used [0x00000007bd900000,0x00000007bd900000,0x00000007bec80000)
 ParOldGen       total 349696K, used 213904K [0x00000007a0000000, 0x00000007b5580000, 0x00000007b5580000)
  object space 349696K, 61% used [0x00000007a0000000,0x00000007ad0e42b0,0x00000007b5580000)
 Metaspace       used 5452K, capacity 5616K, committed 5760K, reserved 1056768K
  class space    used 580K, capacity 630K, committed 640K, reserved 1048576K
2018-07-25T18:09:09.402-0800: 71.682: [GC (Allocation Failure) [PSYoungGen: 142656K->237K(154624K)] 356560K->214141K(504320K), 0.0015604 secs] [Times: user=0.01 sys=0.00, real=0.00 secs] 
Heap after GC invocations=958 (full 105):
 PSYoungGen      total 154624K, used 237K [0x00000007b5580000, 0x00000007c0000000, 0x00000007c0000000)
  eden space 134656K, 0% used [0x00000007b5580000,0x00000007b5580000,0x00000007bd900000)
  from space 19968K, 1% used [0x00000007bd900000,0x00000007bd93b470,0x00000007bec80000)
  to   space 19456K, 0% used [0x00000007bed00000,0x00000007bed00000,0x00000007c0000000)
 ParOldGen       total 349696K, used 213904K [0x00000007a0000000, 0x00000007b5580000, 0x00000007b5580000)
  object space 349696K, 61% used [0x00000007a0000000,0x00000007ad0e42b0,0x00000007b5580000)
 Metaspace       used 5452K, capacity 5616K, committed 5760K, reserved 1056768K
  class space    used 580K, capacity 630K, committed 640K, reserved 1048576K
}
{Heap before GC invocations=959 (full 105):
 PSYoungGen      total 154624K, used 129709K [0x00000007b5580000, 0x00000007c0000000, 0x00000007c0000000)
  eden space 134656K, 96% used [0x00000007b5580000,0x00000007bd3f0020,0x00000007bd900000)
  from space 19968K, 1% used [0x00000007bd900000,0x00000007bd93b470,0x00000007bec80000)
  to   space 19456K, 0% used [0x00000007bed00000,0x00000007bed00000,0x00000007c0000000)
 ParOldGen       total 349696K, used 213904K [0x00000007a0000000, 0x00000007b5580000, 0x00000007b5580000)
  object space 349696K, 61% used [0x00000007a0000000,0x00000007ad0e42b0,0x00000007b5580000)
 Metaspace       used 5452K, capacity 5616K, committed 5760K, reserved 1056768K
  class space    used 580K, capacity 630K, committed 640K, reserved 1048576K
2018-07-25T18:09:09.434-0800: 71.714: [GC (Allocation Failure) [PSYoungGen: 129709K->9797K(155136K)] 343613K->275950K(504832K), 0.0110129 secs] [Times: user=0.07 sys=0.00, real=0.01 secs] 
Heap after GC invocations=959 (full 105):
 PSYoungGen      total 155136K, used 9797K [0x00000007b5580000, 0x00000007c0000000, 0x00000007c0000000)
  eden space 135680K, 0% used [0x00000007b5580000,0x00000007b5580000,0x00000007bda00000)
  from space 19456K, 50% used [0x00000007bed00000,0x00000007bf691698,0x00000007c0000000)
  to   space 19456K, 0% used [0x00000007bda00000,0x00000007bda00000,0x00000007bed00000)
 ParOldGen       total 349696K, used 266153K [0x00000007a0000000, 0x00000007b5580000, 0x00000007b5580000)
  object space 349696K, 76% used [0x00000007a0000000,0x00000007b03ea4b8,0x00000007b5580000)
 Metaspace       used 5452K, capacity 5616K, committed 5760K, reserved 1056768K
  class space    used 580K, capacity 630K, committed 640K, reserved 1048576K
}
{Heap before GC invocations=960 (full 105):
 PSYoungGen      total 155136K, used 139336K [0x00000007b5580000, 0x00000007c0000000, 0x00000007c0000000)
  eden space 135680K, 95% used [0x00000007b5580000,0x00000007bd400b58,0x00000007bda00000)
  from space 19456K, 50% used [0x00000007bed00000,0x00000007bf691698,0x00000007c0000000)
  to   space 19456K, 0% used [0x00000007bda00000,0x00000007bda00000,0x00000007bed00000)
 ParOldGen       total 349696K, used 266153K [0x00000007a0000000, 0x00000007b5580000, 0x00000007b5580000)
  object space 349696K, 76% used [0x00000007a0000000,0x00000007b03ea4b8,0x00000007b5580000)
 Metaspace       used 5452K, capacity 5616K, committed 5760K, reserved 1056768K
  class space    used 580K, capacity 630K, committed 640K, reserved 1048576K
2018-07-25T18:09:09.561-0800: 71.842: [GC (Allocation Failure) [PSYoungGen: 139336K->10003K(145920K)] 405489K->302197K(495616K), 0.0047340 secs] [Times: user=0.03 sys=0.00, real=0.00 secs] 
Heap after GC invocations=960 (full 105):
 PSYoungGen      total 145920K, used 10003K [0x00000007b5580000, 0x00000007c0000000, 0x00000007c0000000)
  eden space 135680K, 0% used [0x00000007b5580000,0x00000007b5580000,0x00000007bda00000)
  from space 10240K, 97% used [0x00000007bda00000,0x00000007be3c4c60,0x00000007be400000)
  to   space 19968K, 0% used [0x00000007bec80000,0x00000007bec80000,0x00000007c0000000)
 ParOldGen       total 349696K, used 292194K [0x00000007a0000000, 0x00000007b5580000, 0x00000007b5580000)
  object space 349696K, 83% used [0x00000007a0000000,0x00000007b1d58b80,0x00000007b5580000)
 Metaspace       used 5452K, capacity 5616K, committed 5760K, reserved 1056768K
  class space    used 580K, capacity 630K, committed 640K, reserved 1048576K
}
{Heap before GC invocations=961 (full 106):
 PSYoungGen      total 145920K, used 10003K [0x00000007b5580000, 0x00000007c0000000, 0x00000007c0000000)
  eden space 135680K, 0% used [0x00000007b5580000,0x00000007b5580000,0x00000007bda00000)
  from space 10240K, 97% used [0x00000007bda00000,0x00000007be3c4c60,0x00000007be400000)
  to   space 19968K, 0% used [0x00000007bec80000,0x00000007bec80000,0x00000007c0000000)
 ParOldGen       total 349696K, used 292194K [0x00000007a0000000, 0x00000007b5580000, 0x00000007b5580000)
  object space 349696K, 83% used [0x00000007a0000000,0x00000007b1d58b80,0x00000007b5580000)
 Metaspace       used 5452K, capacity 5616K, committed 5760K, reserved 1056768K
  class space    used 580K, capacity 630K, committed 640K, reserved 1048576K
2018-07-25T18:09:09.566-0800: 71.847: [Full GC (Ergonomics) [PSYoungGen: 10003K->0K(145920K)] [ParOldGen: 292194K->47725K(349696K)] 302197K->47725K(495616K), [Metaspace: 5452K->5452K(1056768K)], 0.0073928 secs] [Times: user=0.04 sys=0.00, real=0.01 secs] 
Heap after GC invocations=961 (full 106):
 PSYoungGen      total 145920K, used 0K [0x00000007b5580000, 0x00000007c0000000, 0x00000007c0000000)
  eden space 135680K, 0% used [0x00000007b5580000,0x00000007b5580000,0x00000007bda00000)
  from space 10240K, 0% used [0x00000007bda00000,0x00000007bda00000,0x00000007be400000)
  to   space 19968K, 0% used [0x00000007bec80000,0x00000007bec80000,0x00000007c0000000)
 ParOldGen       total 349696K, used 47725K [0x00000007a0000000, 0x00000007b5580000, 0x00000007b5580000)
  object space 349696K, 13% used [0x00000007a0000000,0x00000007a2e9b6a8,0x00000007b5580000)
 Metaspace       used 5452K, capacity 5616K, committed 5760K, reserved 1056768K
  class space    used 580K, capacity 630K, committed 640K, reserved 1048576K
}
{Heap before GC invocations=962 (full 106):
 PSYoungGen      total 145920K, used 106491K [0x00000007b5580000, 0x00000007c0000000, 0x00000007c0000000)
  eden space 135680K, 78% used [0x00000007b5580000,0x00000007bbd7ef00,0x00000007bda00000)
  from space 10240K, 0% used [0x00000007bda00000,0x00000007bda00000,0x00000007be400000)
  to   space 19968K, 0% used [0x00000007bec80000,0x00000007bec80000,0x00000007c0000000)
 ParOldGen       total 349696K, used 47725K [0x00000007a0000000, 0x00000007b5580000, 0x00000007b5580000)
  object space 349696K, 13% used [0x00000007a0000000,0x00000007a2e9b6a8,0x00000007b5580000)
 Metaspace       used 5452K, capacity 5616K, committed 5760K, reserved 1056768K
  class space    used 580K, capacity 630K, committed 640K, reserved 1048576K
2018-07-25T18:09:09.596-0800: 71.877: [GC (Allocation Failure) [PSYoungGen: 106491K->0K(155136K)] 154217K->125850K(504832K), 0.0168427 secs] [Times: user=0.11 sys=0.00, real=0.02 secs] 
Heap after GC invocations=962 (full 106):
 PSYoungGen      total 155136K, used 0K [0x00000007b5580000, 0x00000007c0000000, 0x00000007c0000000)
  eden space 135168K, 0% used [0x00000007b5580000,0x00000007b5580000,0x00000007bd980000)
  from space 19968K, 0% used [0x00000007bec80000,0x00000007bec80000,0x00000007c0000000)
  to   space 19456K, 0% used [0x00000007bd980000,0x00000007bd980000,0x00000007bec80000)
 ParOldGen       total 349696K, used 125850K [0x00000007a0000000, 0x00000007b5580000, 0x00000007b5580000)
  object space 349696K, 35% used [0x00000007a0000000,0x00000007a7ae6b48,0x00000007b5580000)
 Metaspace       used 5452K, capacity 5616K, committed 5760K, reserved 1056768K
  class space    used 580K, capacity 630K, committed 640K, reserved 1048576K
}
{Heap before GC invocations=963 (full 106):
 PSYoungGen      total 155136K, used 128921K [0x00000007b5580000, 0x00000007c0000000, 0x00000007c0000000)
  eden space 135168K, 95% used [0x00000007b5580000,0x00000007bd3666a8,0x00000007bd980000)
  from space 19968K, 0% used [0x00000007bec80000,0x00000007bec80000,0x00000007c0000000)
  to   space 19456K, 0% used [0x00000007bd980000,0x00000007bd980000,0x00000007bec80000)
 ParOldGen       total 349696K, used 125850K [0x00000007a0000000, 0x00000007b5580000, 0x00000007b5580000)
  object space 349696K, 35% used [0x00000007a0000000,0x00000007a7ae6b48,0x00000007b5580000)
 Metaspace       used 5452K, capacity 5616K, committed 5760K, reserved 1056768K
  class space    used 580K, capacity 630K, committed 640K, reserved 1048576K
2018-07-25T18:09:09.740-0800: 72.020: [GC (Allocation Failure) [PSYoungGen: 128921K->10003K(154624K)] 254772K->187937K(504320K), 0.0057367 secs] [Times: user=0.04 sys=0.01, real=0.00 secs] 
Heap after GC invocations=963 (full 106):
 PSYoungGen      total 154624K, used 10003K [0x00000007b5580000, 0x00000007c0000000, 0x00000007c0000000)
  eden space 135168K, 0% used [0x00000007b5580000,0x00000007b5580000,0x00000007bd980000)
  from space 19456K, 51% used [0x00000007bd980000,0x00000007be344db8,0x00000007bec80000)
  to   space 19968K, 0% used [0x00000007bec80000,0x00000007bec80000,0x00000007c0000000)
 ParOldGen       total 349696K, used 177934K [0x00000007a0000000, 0x00000007b5580000, 0x00000007b5580000)
  object space 349696K, 50% used [0x00000007a0000000,0x00000007aadc38f8,0x00000007b5580000)
 Metaspace       used 5452K, capacity 5616K, committed 5760K, reserved 1056768K
  class space    used 580K, capacity 630K, committed 640K, reserved 1048576K
}
{Heap before GC invocations=964 (full 106):
 PSYoungGen      total 154624K, used 142437K [0x00000007b5580000, 0x00000007c0000000, 0x00000007c0000000)
  eden space 135168K, 97% used [0x00000007b5580000,0x00000007bd6d48d0,0x00000007bd980000)
  from space 19456K, 51% used [0x00000007bd980000,0x00000007be344db8,0x00000007bec80000)
  to   space 19968K, 0% used [0x00000007bec80000,0x00000007bec80000,0x00000007c0000000)
 ParOldGen       total 349696K, used 177934K [0x00000007a0000000, 0x00000007b5580000, 0x00000007b5580000)
  object space 349696K, 50% used [0x00000007a0000000,0x00000007aadc38f8,0x00000007b5580000)
 Metaspace       used 5452K, capacity 5616K, committed 5760K, reserved 1056768K
  class space    used 580K, capacity 630K, committed 640K, reserved 1048576K
2018-07-25T18:09:09.843-0800: 72.124: [GC (Allocation Failure) [PSYoungGen: 142437K->238K(155136K)] 320371K->178172K(504832K), 0.0011880 secs] [Times: user=0.00 sys=0.00, real=0.00 secs] 
Heap after GC invocations=964 (full 106):
 PSYoungGen      total 155136K, used 238K [0x00000007b5580000, 0x00000007c0000000, 0x00000007c0000000)
  eden space 135168K, 0% used [0x00000007b5580000,0x00000007b5580000,0x00000007bd980000)
  from space 19968K, 1% used [0x00000007bec80000,0x00000007becbb878,0x00000007c0000000)
  to   space 19456K, 0% used [0x00000007bd980000,0x00000007bd980000,0x00000007bec80000)
 ParOldGen       total 349696K, used 177934K [0x00000007a0000000, 0x00000007b5580000, 0x00000007b5580000)
  object space 349696K, 50% used [0x00000007a0000000,0x00000007aadc38f8,0x00000007b5580000)
 Metaspace       used 5452K, capacity 5616K, committed 5760K, reserved 1056768K
  class space    used 580K, capacity 630K, committed 640K, reserved 1048576K
}
{Heap before GC invocations=965 (full 106):
 PSYoungGen      total 155136K, used 129572K [0x00000007b5580000, 0x00000007c0000000, 0x00000007c0000000)
  eden space 135168K, 95% used [0x00000007b5580000,0x00000007bd3cda28,0x00000007bd980000)
  from space 19968K, 1% used [0x00000007bec80000,0x00000007becbb878,0x00000007c0000000)
  to   space 19456K, 0% used [0x00000007bd980000,0x00000007bd980000,0x00000007bec80000)
 ParOldGen       total 349696K, used 177934K [0x00000007a0000000, 0x00000007b5580000, 0x00000007b5580000)
  object space 349696K, 50% used [0x00000007a0000000,0x00000007aadc38f8,0x00000007b5580000)
 Metaspace       used 5452K, capacity 5616K, committed 5760K, reserved 1056768K
  class space    used 580K, capacity 630K, committed 640K, reserved 1048576K
2018-07-25T18:09:09.878-0800: 72.158: [GC (Allocation Failure) [PSYoungGen: 129572K->9797K(154624K)] 307506K->239973K(504320K), 0.0089352 secs] [Times: user=0.05 sys=0.00, real=0.01 secs] 
Heap after GC invocations=965 (full 106):
 PSYoungGen      total 154624K, used 9797K [0x00000007b5580000, 0x00000007c0000000, 0x00000007c0000000)
  eden space 135168K, 0% used [0x00000007b5580000,0x00000007b5580000,0x00000007bd980000)
  from space 19456K, 50% used [0x00000007bd980000,0x00000007be311698,0x00000007bec80000)
  to   space 19456K, 0% used [0x00000007bed00000,0x00000007bed00000,0x00000007c0000000)
 ParOldGen       total 349696K, used 230175K [0x00000007a0000000, 0x00000007b5580000, 0x00000007b5580000)
  object space 349696K, 65% used [0x00000007a0000000,0x00000007ae0c7f08,0x00000007b5580000)
 Metaspace       used 5452K, capacity 5616K, committed 5760K, reserved 1056768K
  class space    used 580K, capacity 630K, committed 640K, reserved 1048576K
}
{Heap before GC invocations=966 (full 106):
 PSYoungGen      total 154624K, used 139232K [0x00000007b5580000, 0x00000007c0000000, 0x00000007c0000000)
  eden space 135168K, 95% used [0x00000007b5580000,0x00000007bd3e6a08,0x00000007bd980000)
  from space 19456K, 50% used [0x00000007bd980000,0x00000007be311698,0x00000007bec80000)
  to   space 19456K, 0% used [0x00000007bed00000,0x00000007bed00000,0x00000007c0000000)
 ParOldGen       total 349696K, used 230175K [0x00000007a0000000, 0x00000007b5580000, 0x00000007b5580000)
  object space 349696K, 65% used [0x00000007a0000000,0x00000007ae0c7f08,0x00000007b5580000)
 Metaspace       used 5452K, capacity 5616K, committed 5760K, reserved 1056768K
  class space    used 580K, capacity 630K, committed 640K, reserved 1048576K
2018-07-25T18:09:09.998-0800: 72.279: [GC (Allocation Failure) [PSYoungGen: 139232K->10004K(154112K)] 369407K->266221K(503808K), 0.0044645 secs] [Times: user=0.04 sys=0.00, real=0.01 secs] 
Heap after GC invocations=966 (full 106):
 PSYoungGen      total 154112K, used 10004K [0x00000007b5580000, 0x00000007c0000000, 0x00000007c0000000)
  eden space 134656K, 0% used [0x00000007b5580000,0x00000007b5580000,0x00000007bd900000)
  from space 19456K, 51% used [0x00000007bed00000,0x00000007bf6c5068,0x00000007c0000000)
  to   space 19968K, 0% used [0x00000007bd900000,0x00000007bd900000,0x00000007bec80000)
 ParOldGen       total 349696K, used 256217K [0x00000007a0000000, 0x00000007b5580000, 0x00000007b5580000)
  object space 349696K, 73% used [0x00000007a0000000,0x00000007afa365d0,0x00000007b5580000)
 Metaspace       used 5452K, capacity 5616K, committed 5760K, reserved 1056768K
  class space    used 580K, capacity 630K, committed 640K, reserved 1048576K
}
{Heap before GC invocations=967 (full 106):
 PSYoungGen      total 154112K, used 116417K [0x00000007b5580000, 0x00000007c0000000, 0x00000007c0000000)
  eden space 134656K, 79% used [0x00000007b5580000,0x00000007bbd6b5e8,0x00000007bd900000)
  from space 19456K, 51% used [0x00000007bed00000,0x00000007bf6c5068,0x00000007c0000000)
  to   space 19968K, 0% used [0x00000007bd900000,0x00000007bd900000,0x00000007bec80000)
 ParOldGen       total 349696K, used 256217K [0x00000007a0000000, 0x00000007b5580000, 0x00000007b5580000)
  object space 349696K, 73% used [0x00000007a0000000,0x00000007afa365d0,0x00000007b5580000)
 Metaspace       used 5452K, capacity 5616K, committed 5760K, reserved 1056768K
  class space    used 580K, capacity 630K, committed 640K, reserved 1048576K
2018-07-25T18:09:10.018-0800: 72.299: [GC (Allocation Failure) [PSYoungGen: 116417K->0K(154624K)] 372635K->292183K(504320K), 0.0052981 secs] [Times: user=0.04 sys=0.00, real=0.01 secs] 
Heap after GC invocations=967 (full 106):
 PSYoungGen      total 154624K, used 0K [0x00000007b5580000, 0x00000007c0000000, 0x00000007c0000000)
  eden space 134656K, 0% used [0x00000007b5580000,0x00000007b5580000,0x00000007bd900000)
  from space 19968K, 0% used [0x00000007bd900000,0x00000007bd900000,0x00000007bec80000)
  to   space 19456K, 0% used [0x00000007bed00000,0x00000007bed00000,0x00000007c0000000)
 ParOldGen       total 349696K, used 292183K [0x00000007a0000000, 0x00000007b5580000, 0x00000007b5580000)
  object space 349696K, 83% used [0x00000007a0000000,0x00000007b1d55d40,0x00000007b5580000)
 Metaspace       used 5452K, capacity 5616K, committed 5760K, reserved 1056768K
  class space    used 580K, capacity 630K, committed 640K, reserved 1048576K
}
{Heap before GC invocations=968 (full 107):
 PSYoungGen      total 154624K, used 0K [0x00000007b5580000, 0x00000007c0000000, 0x00000007c0000000)
  eden space 134656K, 0% used [0x00000007b5580000,0x00000007b5580000,0x00000007bd900000)
  from space 19968K, 0% used [0x00000007bd900000,0x00000007bd900000,0x00000007bec80000)
  to   space 19456K, 0% used [0x00000007bed00000,0x00000007bed00000,0x00000007c0000000)
 ParOldGen       total 349696K, used 292183K [0x00000007a0000000, 0x00000007b5580000, 0x00000007b5580000)
  object space 349696K, 83% used [0x00000007a0000000,0x00000007b1d55d40,0x00000007b5580000)
 Metaspace       used 5452K, capacity 5616K, committed 5760K, reserved 1056768K
  class space    used 580K, capacity 630K, committed 640K, reserved 1048576K
2018-07-25T18:09:10.023-0800: 72.304: [Full GC (Ergonomics) [PSYoungGen: 0K->0K(154624K)] [ParOldGen: 292183K->47726K(349696K)] 292183K->47726K(504320K), [Metaspace: 5452K->5452K(1056768K)], 0.0079960 secs] [Times: user=0.04 sys=0.00, real=0.01 secs] 
Heap after GC invocations=968 (full 107):
 PSYoungGen      total 154624K, used 0K [0x00000007b5580000, 0x00000007c0000000, 0x00000007c0000000)
  eden space 134656K, 0% used [0x00000007b5580000,0x00000007b5580000,0x00000007bd900000)
  from space 19968K, 0% used [0x00000007bd900000,0x00000007bd900000,0x00000007bec80000)
  to   space 19456K, 0% used [0x00000007bed00000,0x00000007bed00000,0x00000007c0000000)
 ParOldGen       total 349696K, used 47726K [0x00000007a0000000, 0x00000007b5580000, 0x00000007b5580000)
  object space 349696K, 13% used [0x00000007a0000000,0x00000007a2e9ba90,0x00000007b5580000)
 Metaspace       used 5452K, capacity 5616K, committed 5760K, reserved 1056768K
  class space    used 580K, capacity 630K, committed 640K, reserved 1048576K
}
{Heap before GC invocations=969 (full 107):
 PSYoungGen      total 154624K, used 129226K [0x00000007b5580000, 0x00000007c0000000, 0x00000007c0000000)
  eden space 134656K, 95% used [0x00000007b5580000,0x00000007bd3b2a18,0x00000007bd900000)
  from space 19968K, 0% used [0x00000007bd900000,0x00000007bd900000,0x00000007bec80000)
  to   space 19456K, 0% used [0x00000007bed00000,0x00000007bed00000,0x00000007c0000000)
 ParOldGen       total 349696K, used 47726K [0x00000007a0000000, 0x00000007b5580000, 0x00000007b5580000)
  object space 349696K, 13% used [0x00000007a0000000,0x00000007a2e9ba90,0x00000007b5580000)
 Metaspace       used 5452K, capacity 5616K, committed 5760K, reserved 1056768K
  class space    used 580K, capacity 630K, committed 640K, reserved 1048576K
2018-07-25T18:09:10.147-0800: 72.427: [GC (Allocation Failure) [PSYoungGen: 129226K->10004K(154112K)] 176953K->109814K(503808K), 0.0094888 secs] [Times: user=0.07 sys=0.00, real=0.01 secs] 
Heap after GC invocations=969 (full 107):
 PSYoungGen      total 154112K, used 10004K [0x00000007b5580000, 0x00000007c0000000, 0x00000007c0000000)
  eden space 134656K, 0% used [0x00000007b5580000,0x00000007b5580000,0x00000007bd900000)
  from space 19456K, 51% used [0x00000007bed00000,0x00000007bf6c51c0,0x00000007c0000000)
  to   space 19968K, 0% used [0x00000007bd900000,0x00000007bd900000,0x00000007bec80000)
 ParOldGen       total 349696K, used 99810K [0x00000007a0000000, 0x00000007b5580000, 0x00000007b5580000)
  object space 349696K, 28% used [0x00000007a0000000,0x00000007a6178840,0x00000007b5580000)
 Metaspace       used 5452K, capacity 5616K, committed 5760K, reserved 1056768K
  class space    used 580K, capacity 630K, committed 640K, reserved 1048576K
}
{Heap before GC invocations=970 (full 107):
 PSYoungGen      total 154112K, used 142616K [0x00000007b5580000, 0x00000007c0000000, 0x00000007c0000000)
  eden space 134656K, 98% used [0x00000007b5580000,0x00000007bd7010c8,0x00000007bd900000)
  from space 19456K, 51% used [0x00000007bed00000,0x00000007bf6c51c0,0x00000007c0000000)
  to   space 19968K, 0% used [0x00000007bd900000,0x00000007bd900000,0x00000007bec80000)
 ParOldGen       total 349696K, used 99810K [0x00000007a0000000, 0x00000007b5580000, 0x00000007b5580000)
  object space 349696K, 28% used [0x00000007a0000000,0x00000007a6178840,0x00000007b5580000)
 Metaspace       used 5452K, capacity 5616K, committed 5760K, reserved 1056768K
  class space    used 580K, capacity 630K, committed 640K, reserved 1048576K
2018-07-25T18:09:10.260-0800: 72.541: [GC (Allocation Failure) [PSYoungGen: 142616K->271K(154624K)] 242426K->100081K(504320K), 0.0009627 secs] [Times: user=0.00 sys=0.00, real=0.00 secs] 
Heap after GC invocations=970 (full 107):
 PSYoungGen      total 154624K, used 271K [0x00000007b5580000, 0x00000007c0000000, 0x00000007c0000000)
  eden space 134656K, 0% used [0x00000007b5580000,0x00000007b5580000,0x00000007bd900000)
  from space 19968K, 1% used [0x00000007bd900000,0x00000007bd943c80,0x00000007bec80000)
  to   space 19456K, 0% used [0x00000007bed00000,0x00000007bed00000,0x00000007c0000000)
 ParOldGen       total 349696K, used 99810K [0x00000007a0000000, 0x00000007b5580000, 0x00000007b5580000)
  object space 349696K, 28% used [0x00000007a0000000,0x00000007a6178840,0x00000007b5580000)
 Metaspace       used 5452K, capacity 5616K, committed 5760K, reserved 1056768K
  class space    used 580K, capacity 630K, committed 640K, reserved 1048576K
}
{Heap before GC invocations=971 (full 107):
 PSYoungGen      total 154624K, used 129716K [0x00000007b5580000, 0x00000007c0000000, 0x00000007c0000000)
  eden space 134656K, 96% used [0x00000007b5580000,0x00000007bd3e95e0,0x00000007bd900000)
  from space 19968K, 1% used [0x00000007bd900000,0x00000007bd943c80,0x00000007bec80000)
  to   space 19456K, 0% used [0x00000007bed00000,0x00000007bed00000,0x00000007c0000000)
 ParOldGen       total 349696K, used 99810K [0x00000007a0000000, 0x00000007b5580000, 0x00000007b5580000)
  object space 349696K, 28% used [0x00000007a0000000,0x00000007a6178840,0x00000007b5580000)
 Metaspace       used 5452K, capacity 5616K, committed 5760K, reserved 1056768K
  class space    used 580K, capacity 630K, committed 640K, reserved 1048576K
2018-07-25T18:09:10.291-0800: 72.571: [GC (Allocation Failure) [PSYoungGen: 129716K->9797K(155136K)] 229526K->161858K(504832K), 0.0076487 secs] [Times: user=0.06 sys=0.00, real=0.00 secs] 
Heap after GC invocations=971 (full 107):
 PSYoungGen      total 155136K, used 9797K [0x00000007b5580000, 0x00000007c0000000, 0x00000007c0000000)
  eden space 135680K, 0% used [0x00000007b5580000,0x00000007b5580000,0x00000007bda00000)
  from space 19456K, 50% used [0x00000007bed00000,0x00000007bf691698,0x00000007c0000000)
  to   space 19456K, 0% used [0x00000007bda00000,0x00000007bda00000,0x00000007bed00000)
 ParOldGen       total 349696K, used 152060K [0x00000007a0000000, 0x00000007b5580000, 0x00000007b5580000)
  object space 349696K, 43% used [0x00000007a0000000,0x00000007a947f258,0x00000007b5580000)
 Metaspace       used 5452K, capacity 5616K, committed 5760K, reserved 1056768K
  class space    used 580K, capacity 630K, committed 640K, reserved 1048576K
}
{Heap before GC invocations=972 (full 107):
 PSYoungGen      total 155136K, used 139319K [0x00000007b5580000, 0x00000007c0000000, 0x00000007c0000000)
  eden space 135680K, 95% used [0x00000007b5580000,0x00000007bd3fc6d0,0x00000007bda00000)
  from space 19456K, 50% used [0x00000007bed00000,0x00000007bf691698,0x00000007c0000000)
  to   space 19456K, 0% used [0x00000007bda00000,0x00000007bda00000,0x00000007bed00000)
 ParOldGen       total 349696K, used 152060K [0x00000007a0000000, 0x00000007b5580000, 0x00000007b5580000)
  object space 349696K, 43% used [0x00000007a0000000,0x00000007a947f258,0x00000007b5580000)
 Metaspace       used 5452K, capacity 5616K, committed 5760K, reserved 1056768K
  class space    used 580K, capacity 630K, committed 640K, reserved 1048576K
2018-07-25T18:09:10.408-0800: 72.689: [GC (Allocation Failure) [PSYoungGen: 139319K->10005K(145920K)] 291379K->188107K(495616K), 0.0042512 secs] [Times: user=0.03 sys=0.00, real=0.01 secs] 
Heap after GC invocations=972 (full 107):
 PSYoungGen      total 145920K, used 10005K [0x00000007b5580000, 0x00000007c0000000, 0x00000007c0000000)
  eden space 135680K, 0% used [0x00000007b5580000,0x00000007b5580000,0x00000007bda00000)
  from space 10240K, 97% used [0x00000007bda00000,0x00000007be3c5470,0x00000007be400000)
  to   space 19968K, 0% used [0x00000007bec80000,0x00000007bec80000,0x00000007c0000000)
 ParOldGen       total 349696K, used 178102K [0x00000007a0000000, 0x00000007b5580000, 0x00000007b5580000)
  object space 349696K, 50% used [0x00000007a0000000,0x00000007aaded920,0x00000007b5580000)
 Metaspace       used 5452K, capacity 5616K, committed 5760K, reserved 1056768K
  class space    used 580K, capacity 630K, committed 640K, reserved 1048576K
}
{Heap before GC invocations=973 (full 107):
 PSYoungGen      total 145920K, used 116485K [0x00000007b5580000, 0x00000007c0000000, 0x00000007c0000000)
  eden space 135680K, 78% used [0x00000007b5580000,0x00000007bbd7c2c8,0x00000007bda00000)
  from space 10240K, 97% used [0x00000007bda00000,0x00000007be3c5470,0x00000007be400000)
  to   space 19968K, 0% used [0x00000007bec80000,0x00000007bec80000,0x00000007c0000000)
 ParOldGen       total 349696K, used 178102K [0x00000007a0000000, 0x00000007b5580000, 0x00000007b5580000)
  object space 349696K, 50% used [0x00000007a0000000,0x00000007aaded920,0x00000007b5580000)
 Metaspace       used 5452K, capacity 5616K, committed 5760K, reserved 1056768K
  class space    used 580K, capacity 630K, committed 640K, reserved 1048576K
2018-07-25T18:09:10.425-0800: 72.706: [GC (Allocation Failure) [PSYoungGen: 116485K->0K(155136K)] 294588K->214077K(504832K), 0.0053290 secs] [Times: user=0.03 sys=0.00, real=0.01 secs] 
Heap after GC invocations=973 (full 107):
 PSYoungGen      total 155136K, used 0K [0x00000007b5580000, 0x00000007c0000000, 0x00000007c0000000)
  eden space 135168K, 0% used [0x00000007b5580000,0x00000007b5580000,0x00000007bd980000)
  from space 19968K, 0% used [0x00000007bec80000,0x00000007bec80000,0x00000007c0000000)
  to   space 19456K, 0% used [0x00000007bd980000,0x00000007bd980000,0x00000007bec80000)
 ParOldGen       total 349696K, used 214077K [0x00000007a0000000, 0x00000007b5580000, 0x00000007b5580000)
  object space 349696K, 61% used [0x00000007a0000000,0x00000007ad10f498,0x00000007b5580000)
 Metaspace       used 5452K, capacity 5616K, committed 5760K, reserved 1056768K
  class space    used 580K, capacity 630K, committed 640K, reserved 1048576K
}
{Heap before GC invocations=974 (full 107):
 PSYoungGen      total 155136K, used 129267K [0x00000007b5580000, 0x00000007c0000000, 0x00000007c0000000)
  eden space 135168K, 95% used [0x00000007b5580000,0x00000007bd3bcc98,0x00000007bd980000)
  from space 19968K, 0% used [0x00000007bec80000,0x00000007bec80000,0x00000007c0000000)
  to   space 19456K, 0% used [0x00000007bd980000,0x00000007bd980000,0x00000007bec80000)
 ParOldGen       total 349696K, used 214077K [0x00000007a0000000, 0x00000007b5580000, 0x00000007b5580000)
  object space 349696K, 61% used [0x00000007a0000000,0x00000007ad10f498,0x00000007b5580000)
 Metaspace       used 5452K, capacity 5616K, committed 5760K, reserved 1056768K
  class space    used 580K, capacity 630K, committed 640K, reserved 1048576K
2018-07-25T18:09:10.548-0800: 72.828: [GC (Allocation Failure) [PSYoungGen: 129267K->10005K(154624K)] 343344K->276166K(504320K), 0.0055730 secs] [Times: user=0.04 sys=0.00, real=0.01 secs] 
Heap after GC invocations=974 (full 107):
 PSYoungGen      total 154624K, used 10005K [0x00000007b5580000, 0x00000007c0000000, 0x00000007c0000000)
  eden space 135168K, 0% used [0x00000007b5580000,0x00000007b5580000,0x00000007bd980000)
  from space 19456K, 51% used [0x00000007bd980000,0x00000007be3455c8,0x00000007bec80000)
  to   space 19968K, 0% used [0x00000007bec80000,0x00000007bec80000,0x00000007c0000000)
 ParOldGen       total 349696K, used 266160K [0x00000007a0000000, 0x00000007b5580000, 0x00000007b5580000)
  object space 349696K, 76% used [0x00000007a0000000,0x00000007b03ec248,0x00000007b5580000)
 Metaspace       used 5452K, capacity 5616K, committed 5760K, reserved 1056768K
  class space    used 580K, capacity 630K, committed 640K, reserved 1048576K
}
{Heap before GC invocations=975 (full 107):
 PSYoungGen      total 154624K, used 142664K [0x00000007b5580000, 0x00000007c0000000, 0x00000007c0000000)
  eden space 135168K, 98% used [0x00000007b5580000,0x00000007bd70cb10,0x00000007bd980000)
  from space 19456K, 51% used [0x00000007bd980000,0x00000007be3455c8,0x00000007bec80000)
  to   space 19968K, 0% used [0x00000007bec80000,0x00000007bec80000,0x00000007c0000000)
 ParOldGen       total 349696K, used 266160K [0x00000007a0000000, 0x00000007b5580000, 0x00000007b5580000)
  object space 349696K, 76% used [0x00000007a0000000,0x00000007b03ec248,0x00000007b5580000)
 Metaspace       used 5452K, capacity 5616K, committed 5760K, reserved 1056768K
  class space    used 580K, capacity 630K, committed 640K, reserved 1048576K
2018-07-25T18:09:10.646-0800: 72.927: [GC (Allocation Failure) [PSYoungGen: 142664K->240K(155136K)] 408824K->266400K(504832K), 0.0015349 secs] [Times: user=0.01 sys=0.00, real=0.00 secs] 
Heap after GC invocations=975 (full 107):
 PSYoungGen      total 155136K, used 240K [0x00000007b5580000, 0x00000007c0000000, 0x00000007c0000000)
  eden space 135168K, 0% used [0x00000007b5580000,0x00000007b5580000,0x00000007bd980000)
  from space 19968K, 1% used [0x00000007bec80000,0x00000007becbc088,0x00000007c0000000)
  to   space 19456K, 0% used [0x00000007bd980000,0x00000007bd980000,0x00000007bec80000)
 ParOldGen       total 349696K, used 266160K [0x00000007a0000000, 0x00000007b5580000, 0x00000007b5580000)
  object space 349696K, 76% used [0x00000007a0000000,0x00000007b03ec248,0x00000007b5580000)
 Metaspace       used 5452K, capacity 5616K, committed 5760K, reserved 1056768K
  class space    used 580K, capacity 630K, committed 640K, reserved 1048576K
}
{Heap before GC invocations=976 (full 107):
 PSYoungGen      total 155136K, used 129719K [0x00000007b5580000, 0x00000007c0000000, 0x00000007c0000000)
  eden space 135168K, 95% used [0x00000007b5580000,0x00000007bd3f1be8,0x00000007bd980000)
  from space 19968K, 1% used [0x00000007bec80000,0x00000007becbc088,0x00000007c0000000)
  to   space 19456K, 0% used [0x00000007bd980000,0x00000007bd980000,0x00000007bec80000)
 ParOldGen       total 349696K, used 266160K [0x00000007a0000000, 0x00000007b5580000, 0x00000007b5580000)
  object space 349696K, 76% used [0x00000007a0000000,0x00000007b03ec248,0x00000007b5580000)
 Metaspace       used 5452K, capacity 5616K, committed 5760K, reserved 1056768K
  class space    used 580K, capacity 630K, committed 640K, reserved 1048576K
2018-07-25T18:09:10.676-0800: 72.957: [GC (Allocation Failure) [PSYoungGen: 129719K->9797K(154624K)] 395879K->328209K(504320K), 0.0078599 secs] [Times: user=0.06 sys=0.00, real=0.01 secs] 
Heap after GC invocations=976 (full 107):
 PSYoungGen      total 154624K, used 9797K [0x00000007b5580000, 0x00000007c0000000, 0x00000007c0000000)
  eden space 135168K, 0% used [0x00000007b5580000,0x00000007b5580000,0x00000007bd980000)
  from space 19456K, 50% used [0x00000007bd980000,0x00000007be311698,0x00000007bec80000)
  to   space 19456K, 0% used [0x00000007bed00000,0x00000007bed00000,0x00000007c0000000)
 ParOldGen       total 349696K, used 318412K [0x00000007a0000000, 0x00000007b5580000, 0x00000007b5580000)
  object space 349696K, 91% used [0x00000007a0000000,0x00000007b36f3068,0x00000007b5580000)
 Metaspace       used 5452K, capacity 5616K, committed 5760K, reserved 1056768K
  class space    used 580K, capacity 630K, committed 640K, reserved 1048576K
}
{Heap before GC invocations=977 (full 108):
 PSYoungGen      total 154624K, used 9797K [0x00000007b5580000, 0x00000007c0000000, 0x00000007c0000000)
  eden space 135168K, 0% used [0x00000007b5580000,0x00000007b5580000,0x00000007bd980000)
  from space 19456K, 50% used [0x00000007bd980000,0x00000007be311698,0x00000007bec80000)
  to   space 19456K, 0% used [0x00000007bed00000,0x00000007bed00000,0x00000007c0000000)
 ParOldGen       total 349696K, used 318412K [0x00000007a0000000, 0x00000007b5580000, 0x00000007b5580000)
  object space 349696K, 91% used [0x00000007a0000000,0x00000007b36f3068,0x00000007b5580000)
 Metaspace       used 5452K, capacity 5616K, committed 5760K, reserved 1056768K
  class space    used 580K, capacity 630K, committed 640K, reserved 1048576K
2018-07-25T18:09:10.684-0800: 72.965: [Full GC (Ergonomics) [PSYoungGen: 9797K->0K(154624K)] [ParOldGen: 318412K->73625K(349696K)] 328209K->73625K(504320K), [Metaspace: 5452K->5452K(1056768K)], 0.0109931 secs] [Times: user=0.06 sys=0.00, real=0.01 secs] 
Heap after GC invocations=977 (full 108):
 PSYoungGen      total 154624K, used 0K [0x00000007b5580000, 0x00000007c0000000, 0x00000007c0000000)
  eden space 135168K, 0% used [0x00000007b5580000,0x00000007b5580000,0x00000007bd980000)
  from space 19456K, 0% used [0x00000007bd980000,0x00000007bd980000,0x00000007bec80000)
  to   space 19456K, 0% used [0x00000007bed00000,0x00000007bed00000,0x00000007c0000000)
 ParOldGen       total 349696K, used 73625K [0x00000007a0000000, 0x00000007b5580000, 0x00000007b5580000)
  object space 349696K, 21% used [0x00000007a0000000,0x00000007a47e64f8,0x00000007b5580000)
 Metaspace       used 5452K, capacity 5616K, committed 5760K, reserved 1056768K
  class space    used 580K, capacity 630K, committed 640K, reserved 1048576K
}
{Heap before GC invocations=978 (full 108):
 PSYoungGen      total 154624K, used 129527K [0x00000007b5580000, 0x00000007c0000000, 0x00000007c0000000)
  eden space 135168K, 95% used [0x00000007b5580000,0x00000007bd3fdda8,0x00000007bd980000)
  from space 19456K, 0% used [0x00000007bd980000,0x00000007bd980000,0x00000007bec80000)
  to   space 19456K, 0% used [0x00000007bed00000,0x00000007bed00000,0x00000007c0000000)
 ParOldGen       total 349696K, used 73625K [0x00000007a0000000, 0x00000007b5580000, 0x00000007b5580000)
  object space 349696K, 21% used [0x00000007a0000000,0x00000007a47e64f8,0x00000007b5580000)
 Metaspace       used 5452K, capacity 5616K, committed 5760K, reserved 1056768K
  class space    used 580K, capacity 630K, committed 640K, reserved 1048576K
2018-07-25T18:09:10.807-0800: 73.087: [GC (Allocation Failure) [PSYoungGen: 129527K->10006K(154112K)] 203152K->135714K(503808K), 0.0064247 secs] [Times: user=0.04 sys=0.00, real=0.01 secs] 
Heap after GC invocations=978 (full 108):
 PSYoungGen      total 154112K, used 10006K [0x00000007b5580000, 0x00000007c0000000, 0x00000007c0000000)
  eden space 134656K, 0% used [0x00000007b5580000,0x00000007b5580000,0x00000007bd900000)
  from space 19456K, 51% used [0x00000007bed00000,0x00000007bf6c5878,0x00000007c0000000)
  to   space 19968K, 0% used [0x00000007bd900000,0x00000007bd900000,0x00000007bec80000)
 ParOldGen       total 349696K, used 125708K [0x00000007a0000000, 0x00000007b5580000, 0x00000007b5580000)
  object space 349696K, 35% used [0x00000007a0000000,0x00000007a7ac32c8,0x00000007b5580000)
 Metaspace       used 5452K, capacity 5616K, committed 5760K, reserved 1056768K
  class space    used 580K, capacity 630K, committed 640K, reserved 1048576K
}
{Heap before GC invocations=979 (full 108):
 PSYoungGen      total 154112K, used 116479K [0x00000007b5580000, 0x00000007c0000000, 0x00000007c0000000)
  eden space 134656K, 79% used [0x00000007b5580000,0x00000007bbd7a4b8,0x00000007bd900000)
  from space 19456K, 51% used [0x00000007bed00000,0x00000007bf6c5878,0x00000007c0000000)
  to   space 19968K, 0% used [0x00000007bd900000,0x00000007bd900000,0x00000007bec80000)
 ParOldGen       total 349696K, used 125708K [0x00000007a0000000, 0x00000007b5580000, 0x00000007b5580000)
  object space 349696K, 35% used [0x00000007a0000000,0x00000007a7ac32c8,0x00000007b5580000)
 Metaspace       used 5452K, capacity 5616K, committed 5760K, reserved 1056768K
  class space    used 580K, capacity 630K, committed 640K, reserved 1048576K
2018-07-25T18:09:10.826-0800: 73.106: [GC (Allocation Failure) [PSYoungGen: 116479K->0K(154624K)] 242187K->161684K(504320K), 0.0057022 secs] [Times: user=0.03 sys=0.00, real=0.01 secs] 
Heap after GC invocations=979 (full 108):
 PSYoungGen      total 154624K, used 0K [0x00000007b5580000, 0x00000007c0000000, 0x00000007c0000000)
  eden space 134656K, 0% used [0x00000007b5580000,0x00000007b5580000,0x00000007bd900000)
  from space 19968K, 0% used [0x00000007bd900000,0x00000007bd900000,0x00000007bec80000)
  to   space 19456K, 0% used [0x00000007bed00000,0x00000007bed00000,0x00000007c0000000)
 ParOldGen       total 349696K, used 161684K [0x00000007a0000000, 0x00000007b5580000, 0x00000007b5580000)
  object space 349696K, 46% used [0x00000007a0000000,0x00000007a9de5248,0x00000007b5580000)
 Metaspace       used 5452K, capacity 5616K, committed 5760K, reserved 1056768K
  class space    used 580K, capacity 630K, committed 640K, reserved 1048576K
}
{Heap before GC invocations=980 (full 108):
 PSYoungGen      total 154624K, used 129264K [0x00000007b5580000, 0x00000007c0000000, 0x00000007c0000000)
  eden space 134656K, 95% used [0x00000007b5580000,0x00000007bd3bc3c8,0x00000007bd900000)
  from space 19968K, 0% used [0x00000007bd900000,0x00000007bd900000,0x00000007bec80000)
  to   space 19456K, 0% used [0x00000007bed00000,0x00000007bed00000,0x00000007c0000000)
 ParOldGen       total 349696K, used 161684K [0x00000007a0000000, 0x00000007b5580000, 0x00000007b5580000)
  object space 349696K, 46% used [0x00000007a0000000,0x00000007a9de5248,0x00000007b5580000)
 Metaspace       used 5452K, capacity 5616K, committed 5760K, reserved 1056768K
  class space    used 580K, capacity 630K, committed 640K, reserved 1048576K
2018-07-25T18:09:10.953-0800: 73.234: [GC (Allocation Failure) [PSYoungGen: 129264K->10006K(154112K)] 290949K->223774K(503808K), 0.0075604 secs] [Times: user=0.05 sys=0.00, real=0.01 secs] 
Heap after GC invocations=980 (full 108):
 PSYoungGen      total 154112K, used 10006K [0x00000007b5580000, 0x00000007c0000000, 0x00000007c0000000)
  eden space 134656K, 0% used [0x00000007b5580000,0x00000007b5580000,0x00000007bd900000)
  from space 19456K, 51% used [0x00000007bed00000,0x00000007bf6c59d0,0x00000007c0000000)
  to   space 19968K, 0% used [0x00000007bd900000,0x00000007bd900000,0x00000007bec80000)
 ParOldGen       total 349696K, used 213767K [0x00000007a0000000, 0x00000007b5580000, 0x00000007b5580000)
  object space 349696K, 61% used [0x00000007a0000000,0x00000007ad0c1ff8,0x00000007b5580000)
 Metaspace       used 5452K, capacity 5616K, committed 5760K, reserved 1056768K
  class space    used 580K, capacity 630K, committed 640K, reserved 1048576K
}
{Heap before GC invocations=981 (full 108):
 PSYoungGen      total 154112K, used 142660K [0x00000007b5580000, 0x00000007c0000000, 0x00000007c0000000)
  eden space 134656K, 98% used [0x00000007b5580000,0x00000007bd70b700,0x00000007bd900000)
  from space 19456K, 51% used [0x00000007bed00000,0x00000007bf6c59d0,0x00000007c0000000)
  to   space 19968K, 0% used [0x00000007bd900000,0x00000007bd900000,0x00000007bec80000)
 ParOldGen       total 349696K, used 213767K [0x00000007a0000000, 0x00000007b5580000, 0x00000007b5580000)
  object space 349696K, 61% used [0x00000007a0000000,0x00000007ad0c1ff8,0x00000007b5580000)
 Metaspace       used 5452K, capacity 5616K, committed 5760K, reserved 1056768K
  class space    used 580K, capacity 630K, committed 640K, reserved 1048576K
2018-07-25T18:09:11.064-0800: 73.344: [GC (Allocation Failure) [PSYoungGen: 142660K->177K(154624K)] 356428K->213945K(504320K), 0.0015336 secs] [Times: user=0.01 sys=0.00, real=0.00 secs] 
Heap after GC invocations=981 (full 108):
 PSYoungGen      total 154624K, used 177K [0x00000007b5580000, 0x00000007c0000000, 0x00000007c0000000)
  eden space 134656K, 0% used [0x00000007b5580000,0x00000007b5580000,0x00000007bd900000)
  from space 19968K, 0% used [0x00000007bd900000,0x00000007bd92c490,0x00000007bec80000)
  to   space 19456K, 0% used [0x00000007bed00000,0x00000007bed00000,0x00000007c0000000)
 ParOldGen       total 349696K, used 213767K [0x00000007a0000000, 0x00000007b5580000, 0x00000007b5580000)
  object space 349696K, 61% used [0x00000007a0000000,0x00000007ad0c1ff8,0x00000007b5580000)
 Metaspace       used 5452K, capacity 5616K, committed 5760K, reserved 1056768K
  class space    used 580K, capacity 630K, committed 640K, reserved 1048576K
}
{Heap before GC invocations=982 (full 108):
 PSYoungGen      total 154624K, used 129649K [0x00000007b5580000, 0x00000007c0000000, 0x00000007c0000000)
  eden space 134656K, 96% used [0x00000007b5580000,0x00000007bd3f0100,0x00000007bd900000)
  from space 19968K, 0% used [0x00000007bd900000,0x00000007bd92c490,0x00000007bec80000)
  to   space 19456K, 0% used [0x00000007bed00000,0x00000007bed00000,0x00000007c0000000)
 ParOldGen       total 349696K, used 213767K [0x00000007a0000000, 0x00000007b5580000, 0x00000007b5580000)
  object space 349696K, 61% used [0x00000007a0000000,0x00000007ad0c1ff8,0x00000007b5580000)
 Metaspace       used 5452K, capacity 5616K, committed 5760K, reserved 1056768K
  class space    used 580K, capacity 630K, committed 640K, reserved 1048576K
2018-07-25T18:09:11.094-0800: 73.375: [GC (Allocation Failure) [PSYoungGen: 129649K->9797K(155136K)] 343417K->275810K(504832K), 0.0081630 secs] [Times: user=0.06 sys=0.00, real=0.01 secs] 
Heap after GC invocations=982 (full 108):
 PSYoungGen      total 155136K, used 9797K [0x00000007b5580000, 0x00000007c0000000, 0x00000007c0000000)
  eden space 135680K, 0% used [0x00000007b5580000,0x00000007b5580000,0x00000007bda00000)
  from space 19456K, 50% used [0x00000007bed00000,0x00000007bf691698,0x00000007c0000000)
  to   space 19456K, 0% used [0x00000007bda00000,0x00000007bda00000,0x00000007bed00000)
 ParOldGen       total 349696K, used 266012K [0x00000007a0000000, 0x00000007b5580000, 0x00000007b5580000)
  object space 349696K, 76% used [0x00000007a0000000,0x00000007b03c7220,0x00000007b5580000)
 Metaspace       used 5452K, capacity 5616K, committed 5760K, reserved 1056768K
  class space    used 580K, capacity 630K, committed 640K, reserved 1048576K
}
{Heap before GC invocations=983 (full 108):
 PSYoungGen      total 155136K, used 139336K [0x00000007b5580000, 0x00000007c0000000, 0x00000007c0000000)
  eden space 135680K, 95% used [0x00000007b5580000,0x00000007bd400c68,0x00000007bda00000)
  from space 19456K, 50% used [0x00000007bed00000,0x00000007bf691698,0x00000007c0000000)
  to   space 19456K, 0% used [0x00000007bda00000,0x00000007bda00000,0x00000007bed00000)
 ParOldGen       total 349696K, used 266012K [0x00000007a0000000, 0x00000007b5580000, 0x00000007b5580000)
  object space 349696K, 76% used [0x00000007a0000000,0x00000007b03c7220,0x00000007b5580000)
 Metaspace       used 5452K, capacity 5616K, committed 5760K, reserved 1056768K
  class space    used 580K, capacity 630K, committed 640K, reserved 1048576K
2018-07-25T18:09:11.208-0800: 73.489: [GC (Allocation Failure) [PSYoungGen: 139336K->10007K(145920K)] 405349K->302061K(495616K), 0.0041135 secs] [Times: user=0.02 sys=0.00, real=0.01 secs] 
Heap after GC invocations=983 (full 108):
 PSYoungGen      total 145920K, used 10007K [0x00000007b5580000, 0x00000007c0000000, 0x00000007c0000000)
  eden space 135680K, 0% used [0x00000007b5580000,0x00000007b5580000,0x00000007bda00000)
  from space 10240K, 97% used [0x00000007bda00000,0x00000007be3c5c80,0x00000007be400000)
  to   space 19968K, 0% used [0x00000007bec80000,0x00000007bec80000,0x00000007c0000000)
 ParOldGen       total 349696K, used 292054K [0x00000007a0000000, 0x00000007b5580000, 0x00000007b5580000)
  object space 349696K, 83% used [0x00000007a0000000,0x00000007b1d358e8,0x00000007b5580000)
 Metaspace       used 5452K, capacity 5616K, committed 5760K, reserved 1056768K
  class space    used 580K, capacity 630K, committed 640K, reserved 1048576K
}
{Heap before GC invocations=984 (full 109):
 PSYoungGen      total 145920K, used 10007K [0x00000007b5580000, 0x00000007c0000000, 0x00000007c0000000)
  eden space 135680K, 0% used [0x00000007b5580000,0x00000007b5580000,0x00000007bda00000)
  from space 10240K, 97% used [0x00000007bda00000,0x00000007be3c5c80,0x00000007be400000)
  to   space 19968K, 0% used [0x00000007bec80000,0x00000007bec80000,0x00000007c0000000)
 ParOldGen       total 349696K, used 292054K [0x00000007a0000000, 0x00000007b5580000, 0x00000007b5580000)
  object space 349696K, 83% used [0x00000007a0000000,0x00000007b1d358e8,0x00000007b5580000)
 Metaspace       used 5452K, capacity 5616K, committed 5760K, reserved 1056768K
  class space    used 580K, capacity 630K, committed 640K, reserved 1048576K
2018-07-25T18:09:11.213-0800: 73.493: [Full GC (Ergonomics) [PSYoungGen: 10007K->0K(145920K)] [ParOldGen: 292054K->47729K(349696K)] 302061K->47729K(495616K), [Metaspace: 5452K->5452K(1056768K)], 0.0074880 secs] [Times: user=0.04 sys=0.00, real=0.01 secs] 
Heap after GC invocations=984 (full 109):
 PSYoungGen      total 145920K, used 0K [0x00000007b5580000, 0x00000007c0000000, 0x00000007c0000000)
  eden space 135680K, 0% used [0x00000007b5580000,0x00000007b5580000,0x00000007bda00000)
  from space 10240K, 0% used [0x00000007bda00000,0x00000007bda00000,0x00000007be400000)
  to   space 19968K, 0% used [0x00000007bec80000,0x00000007bec80000,0x00000007c0000000)
 ParOldGen       total 349696K, used 47729K [0x00000007a0000000, 0x00000007b5580000, 0x00000007b5580000)
  object space 349696K, 13% used [0x00000007a0000000,0x00000007a2e9c6c8,0x00000007b5580000)
 Metaspace       used 5452K, capacity 5616K, committed 5760K, reserved 1056768K
  class space    used 580K, capacity 630K, committed 640K, reserved 1048576K
}
{Heap before GC invocations=985 (full 109):
 PSYoungGen      total 145920K, used 106491K [0x00000007b5580000, 0x00000007c0000000, 0x00000007c0000000)
  eden space 135680K, 78% used [0x00000007b5580000,0x00000007bbd7efb0,0x00000007bda00000)
  from space 10240K, 0% used [0x00000007bda00000,0x00000007bda00000,0x00000007be400000)
  to   space 19968K, 0% used [0x00000007bec80000,0x00000007bec80000,0x00000007c0000000)
 ParOldGen       total 349696K, used 47729K [0x00000007a0000000, 0x00000007b5580000, 0x00000007b5580000)
  object space 349696K, 13% used [0x00000007a0000000,0x00000007a2e9c6c8,0x00000007b5580000)
 Metaspace       used 5452K, capacity 5616K, committed 5760K, reserved 1056768K
  class space    used 580K, capacity 630K, committed 640K, reserved 1048576K
2018-07-25T18:09:11.233-0800: 73.513: [GC (Allocation Failure) [PSYoungGen: 106491K->0K(155136K)] 154221K->125854K(504832K), 0.0091249 secs] [Times: user=0.07 sys=0.00, real=0.01 secs] 
Heap after GC invocations=985 (full 109):
 PSYoungGen      total 155136K, used 0K [0x00000007b5580000, 0x00000007c0000000, 0x00000007c0000000)
  eden space 135168K, 0% used [0x00000007b5580000,0x00000007b5580000,0x00000007bd980000)
  from space 19968K, 0% used [0x00000007bec80000,0x00000007bec80000,0x00000007c0000000)
  to   space 19456K, 0% used [0x00000007bd980000,0x00000007bd980000,0x00000007bec80000)
 ParOldGen       total 349696K, used 125854K [0x00000007a0000000, 0x00000007b5580000, 0x00000007b5580000)
  object space 349696K, 35% used [0x00000007a0000000,0x00000007a7ae7b68,0x00000007b5580000)
 Metaspace       used 5452K, capacity 5616K, committed 5760K, reserved 1056768K
  class space    used 580K, capacity 630K, committed 640K, reserved 1048576K
}
{Heap before GC invocations=986 (full 109):
 PSYoungGen      total 155136K, used 128921K [0x00000007b5580000, 0x00000007c0000000, 0x00000007c0000000)
  eden space 135168K, 95% used [0x00000007b5580000,0x00000007bd366718,0x00000007bd980000)
  from space 19968K, 0% used [0x00000007bec80000,0x00000007bec80000,0x00000007c0000000)
  to   space 19456K, 0% used [0x00000007bd980000,0x00000007bd980000,0x00000007bec80000)
 ParOldGen       total 349696K, used 125854K [0x00000007a0000000, 0x00000007b5580000, 0x00000007b5580000)
  object space 349696K, 35% used [0x00000007a0000000,0x00000007a7ae7b68,0x00000007b5580000)
 Metaspace       used 5452K, capacity 5616K, committed 5760K, reserved 1056768K
  class space    used 580K, capacity 630K, committed 640K, reserved 1048576K
2018-07-25T18:09:11.359-0800: 73.640: [GC (Allocation Failure) [PSYoungGen: 128921K->10039K(154624K)] 254776K->187977K(504320K), 0.0069623 secs] [Times: user=0.05 sys=0.01, real=0.01 secs] 
Heap after GC invocations=986 (full 109):
 PSYoungGen      total 154624K, used 10039K [0x00000007b5580000, 0x00000007c0000000, 0x00000007c0000000)
  eden space 135168K, 0% used [0x00000007b5580000,0x00000007b5580000,0x00000007bd980000)
  from space 19456K, 51% used [0x00000007bd980000,0x00000007be34ddd8,0x00000007bec80000)
  to   space 19968K, 0% used [0x00000007bec80000,0x00000007bec80000,0x00000007c0000000)
 ParOldGen       total 349696K, used 177938K [0x00000007a0000000, 0x00000007b5580000, 0x00000007b5580000)
  object space 349696K, 50% used [0x00000007a0000000,0x00000007aadc4918,0x00000007b5580000)
 Metaspace       used 5452K, capacity 5616K, committed 5760K, reserved 1056768K
  class space    used 580K, capacity 630K, committed 640K, reserved 1048576K
}
{Heap before GC invocations=987 (full 109):
 PSYoungGen      total 154624K, used 142473K [0x00000007b5580000, 0x00000007c0000000, 0x00000007c0000000)
  eden space 135168K, 97% used [0x00000007b5580000,0x00000007bd6d4918,0x00000007bd980000)
  from space 19456K, 51% used [0x00000007bd980000,0x00000007be34ddd8,0x00000007bec80000)
  to   space 19968K, 0% used [0x00000007bec80000,0x00000007bec80000,0x00000007c0000000)
 ParOldGen       total 349696K, used 177938K [0x00000007a0000000, 0x00000007b5580000, 0x00000007b5580000)
  object space 349696K, 50% used [0x00000007a0000000,0x00000007aadc4918,0x00000007b5580000)
 Metaspace       used 5452K, capacity 5616K, committed 5760K, reserved 1056768K
  class space    used 580K, capacity 630K, committed 640K, reserved 1048576K
2018-07-25T18:09:11.464-0800: 73.744: [GC (Allocation Failure) [PSYoungGen: 142473K->242K(155136K)] 320412K->178180K(504832K), 0.0012201 secs] [Times: user=0.00 sys=0.00, real=0.00 secs] 
Heap after GC invocations=987 (full 109):
 PSYoungGen      total 155136K, used 242K [0x00000007b5580000, 0x00000007c0000000, 0x00000007c0000000)
  eden space 135168K, 0% used [0x00000007b5580000,0x00000007b5580000,0x00000007bd980000)
  from space 19968K, 1% used [0x00000007bec80000,0x00000007becbc898,0x00000007c0000000)
  to   space 19456K, 0% used [0x00000007bd980000,0x00000007bd980000,0x00000007bec80000)
 ParOldGen       total 349696K, used 177938K [0x00000007a0000000, 0x00000007b5580000, 0x00000007b5580000)
  object space 349696K, 50% used [0x00000007a0000000,0x00000007aadc4918,0x00000007b5580000)
 Metaspace       used 5452K, capacity 5616K, committed 5760K, reserved 1056768K
  class space    used 580K, capacity 630K, committed 640K, reserved 1048576K
}
{Heap before GC invocations=988 (full 109):
 PSYoungGen      total 155136K, used 129576K [0x00000007b5580000, 0x00000007c0000000, 0x00000007c0000000)
  eden space 135168K, 95% used [0x00000007b5580000,0x00000007bd3cdad0,0x00000007bd980000)
  from space 19968K, 1% used [0x00000007bec80000,0x00000007becbc898,0x00000007c0000000)
  to   space 19456K, 0% used [0x00000007bd980000,0x00000007bd980000,0x00000007bec80000)
 ParOldGen       total 349696K, used 177938K [0x00000007a0000000, 0x00000007b5580000, 0x00000007b5580000)
  object space 349696K, 50% used [0x00000007a0000000,0x00000007aadc4918,0x00000007b5580000)
 Metaspace       used 5452K, capacity 5616K, committed 5760K, reserved 1056768K
  class space    used 580K, capacity 630K, committed 640K, reserved 1048576K
2018-07-25T18:09:11.496-0800: 73.777: [GC (Allocation Failure) [PSYoungGen: 129576K->9797K(154624K)] 307515K->239989K(504320K), 0.0085938 secs] [Times: user=0.07 sys=0.00, real=0.01 secs] 
Heap after GC invocations=988 (full 109):
 PSYoungGen      total 154624K, used 9797K [0x00000007b5580000, 0x00000007c0000000, 0x00000007c0000000)
  eden space 135168K, 0% used [0x00000007b5580000,0x00000007b5580000,0x00000007bd980000)
  from space 19456K, 50% used [0x00000007bd980000,0x00000007be311698,0x00000007bec80000)
  to   space 19456K, 0% used [0x00000007bed00000,0x00000007bed00000,0x00000007c0000000)
 ParOldGen       total 349696K, used 230191K [0x00000007a0000000, 0x00000007b5580000, 0x00000007b5580000)
  object space 349696K, 65% used [0x00000007a0000000,0x00000007ae0cbf48,0x00000007b5580000)
 Metaspace       used 5452K, capacity 5616K, committed 5760K, reserved 1056768K
  class space    used 580K, capacity 630K, committed 640K, reserved 1048576K
}
{Heap before GC invocations=989 (full 109):
 PSYoungGen      total 154624K, used 139232K [0x00000007b5580000, 0x00000007c0000000, 0x00000007c0000000)
  eden space 135168K, 95% used [0x00000007b5580000,0x00000007bd3e6af0,0x00000007bd980000)
  from space 19456K, 50% used [0x00000007bd980000,0x00000007be311698,0x00000007bec80000)
  to   space 19456K, 0% used [0x00000007bed00000,0x00000007bed00000,0x00000007c0000000)
 ParOldGen       total 349696K, used 230191K [0x00000007a0000000, 0x00000007b5580000, 0x00000007b5580000)
  object space 349696K, 65% used [0x00000007a0000000,0x00000007ae0cbf48,0x00000007b5580000)
 Metaspace       used 5452K, capacity 5616K, committed 5760K, reserved 1056768K
  class space    used 580K, capacity 630K, committed 640K, reserved 1048576K
2018-07-25T18:09:11.611-0800: 73.892: [GC (Allocation Failure) [PSYoungGen: 139232K->10008K(154112K)] 369424K->266241K(503808K), 0.0044764 secs] [Times: user=0.03 sys=0.00, real=0.00 secs] 
Heap after GC invocations=989 (full 109):
 PSYoungGen      total 154112K, used 10008K [0x00000007b5580000, 0x00000007c0000000, 0x00000007c0000000)
  eden space 134656K, 0% used [0x00000007b5580000,0x00000007b5580000,0x00000007bd900000)
  from space 19456K, 51% used [0x00000007bed00000,0x00000007bf6c6088,0x00000007c0000000)
  to   space 19968K, 0% used [0x00000007bd900000,0x00000007bd900000,0x00000007bec80000)
 ParOldGen       total 349696K, used 256233K [0x00000007a0000000, 0x00000007b5580000, 0x00000007b5580000)
  object space 349696K, 73% used [0x00000007a0000000,0x00000007afa3a610,0x00000007b5580000)
 Metaspace       used 5452K, capacity 5616K, committed 5760K, reserved 1056768K
  class space    used 580K, capacity 630K, committed 640K, reserved 1048576K
}
{Heap before GC invocations=990 (full 109):
 PSYoungGen      total 154112K, used 116421K [0x00000007b5580000, 0x00000007c0000000, 0x00000007c0000000)
  eden space 134656K, 79% used [0x00000007b5580000,0x00000007bbd6b680,0x00000007bd900000)
  from space 19456K, 51% used [0x00000007bed00000,0x00000007bf6c6088,0x00000007c0000000)
  to   space 19968K, 0% used [0x00000007bd900000,0x00000007bd900000,0x00000007bec80000)
 ParOldGen       total 349696K, used 256233K [0x00000007a0000000, 0x00000007b5580000, 0x00000007b5580000)
  object space 349696K, 73% used [0x00000007a0000000,0x00000007afa3a610,0x00000007b5580000)
 Metaspace       used 5452K, capacity 5616K, committed 5760K, reserved 1056768K
  class space    used 580K, capacity 630K, committed 640K, reserved 1048576K
2018-07-25T18:09:11.628-0800: 73.908: [GC (Allocation Failure) [PSYoungGen: 116421K->0K(154624K)] 372655K->292203K(504320K), 0.0052014 secs] [Times: user=0.04 sys=0.00, real=0.01 secs] 
Heap after GC invocations=990 (full 109):
 PSYoungGen      total 154624K, used 0K [0x00000007b5580000, 0x00000007c0000000, 0x00000007c0000000)
  eden space 134656K, 0% used [0x00000007b5580000,0x00000007b5580000,0x00000007bd900000)
  from space 19968K, 0% used [0x00000007bd900000,0x00000007bd900000,0x00000007bec80000)
  to   space 19456K, 0% used [0x00000007bed00000,0x00000007bed00000,0x00000007c0000000)
 ParOldGen       total 349696K, used 292203K [0x00000007a0000000, 0x00000007b5580000, 0x00000007b5580000)
  object space 349696K, 83% used [0x00000007a0000000,0x00000007b1d5ada0,0x00000007b5580000)
 Metaspace       used 5452K, capacity 5616K, committed 5760K, reserved 1056768K
  class space    used 580K, capacity 630K, committed 640K, reserved 1048576K
}
{Heap before GC invocations=991 (full 110):
 PSYoungGen      total 154624K, used 0K [0x00000007b5580000, 0x00000007c0000000, 0x00000007c0000000)
  eden space 134656K, 0% used [0x00000007b5580000,0x00000007b5580000,0x00000007bd900000)
  from space 19968K, 0% used [0x00000007bd900000,0x00000007bd900000,0x00000007bec80000)
  to   space 19456K, 0% used [0x00000007bed00000,0x00000007bed00000,0x00000007c0000000)
 ParOldGen       total 349696K, used 292203K [0x00000007a0000000, 0x00000007b5580000, 0x00000007b5580000)
  object space 349696K, 83% used [0x00000007a0000000,0x00000007b1d5ada0,0x00000007b5580000)
 Metaspace       used 5452K, capacity 5616K, committed 5760K, reserved 1056768K
  class space    used 580K, capacity 630K, committed 640K, reserved 1048576K
2018-07-25T18:09:11.633-0800: 73.914: [Full GC (Ergonomics) [PSYoungGen: 0K->0K(154624K)] [ParOldGen: 292203K->47730K(349696K)] 292203K->47730K(504320K), [Metaspace: 5452K->5452K(1056768K)], 0.0080073 secs] [Times: user=0.04 sys=0.00, real=0.01 secs] 
Heap after GC invocations=991 (full 110):
 PSYoungGen      total 154624K, used 0K [0x00000007b5580000, 0x00000007c0000000, 0x00000007c0000000)
  eden space 134656K, 0% used [0x00000007b5580000,0x00000007b5580000,0x00000007bd900000)
  from space 19968K, 0% used [0x00000007bd900000,0x00000007bd900000,0x00000007bec80000)
  to   space 19456K, 0% used [0x00000007bed00000,0x00000007bed00000,0x00000007c0000000)
 ParOldGen       total 349696K, used 47730K [0x00000007a0000000, 0x00000007b5580000, 0x00000007b5580000)
  object space 349696K, 13% used [0x00000007a0000000,0x00000007a2e9cab0,0x00000007b5580000)
 Metaspace       used 5452K, capacity 5616K, committed 5760K, reserved 1056768K
  class space    used 580K, capacity 630K, committed 640K, reserved 1048576K
}
{Heap before GC invocations=992 (full 110):
 PSYoungGen      total 154624K, used 129226K [0x00000007b5580000, 0x00000007c0000000, 0x00000007c0000000)
  eden space 134656K, 95% used [0x00000007b5580000,0x00000007bd3b2b08,0x00000007bd900000)
  from space 19968K, 0% used [0x00000007bd900000,0x00000007bd900000,0x00000007bec80000)
  to   space 19456K, 0% used [0x00000007bed00000,0x00000007bed00000,0x00000007c0000000)
 ParOldGen       total 349696K, used 47730K [0x00000007a0000000, 0x00000007b5580000, 0x00000007b5580000)
  object space 349696K, 13% used [0x00000007a0000000,0x00000007a2e9cab0,0x00000007b5580000)
 Metaspace       used 5452K, capacity 5616K, committed 5760K, reserved 1056768K
  class space    used 580K, capacity 630K, committed 640K, reserved 1048576K
2018-07-25T18:09:11.751-0800: 74.031: [GC (Allocation Failure) [PSYoungGen: 129226K->10008K(154112K)] 176957K->109822K(503808K), 0.0053764 secs] [Times: user=0.04 sys=0.00, real=0.00 secs] 
Heap after GC invocations=992 (full 110):
 PSYoungGen      total 154112K, used 10008K [0x00000007b5580000, 0x00000007c0000000, 0x00000007c0000000)
  eden space 134656K, 0% used [0x00000007b5580000,0x00000007b5580000,0x00000007bd900000)
  from space 19456K, 51% used [0x00000007bed00000,0x00000007bf6c61e0,0x00000007c0000000)
  to   space 19968K, 0% used [0x00000007bd900000,0x00000007bd900000,0x00000007bec80000)
 ParOldGen       total 349696K, used 99814K [0x00000007a0000000, 0x00000007b5580000, 0x00000007b5580000)
  object space 349696K, 28% used [0x00000007a0000000,0x00000007a6179860,0x00000007b5580000)
 Metaspace       used 5452K, capacity 5616K, committed 5760K, reserved 1056768K
  class space    used 580K, capacity 630K, committed 640K, reserved 1048576K
}
{Heap before GC invocations=993 (full 110):
 PSYoungGen      total 154112K, used 142620K [0x00000007b5580000, 0x00000007c0000000, 0x00000007c0000000)
  eden space 134656K, 98% used [0x00000007b5580000,0x00000007bd701160,0x00000007bd900000)
  from space 19456K, 51% used [0x00000007bed00000,0x00000007bf6c61e0,0x00000007c0000000)
  to   space 19968K, 0% used [0x00000007bd900000,0x00000007bd900000,0x00000007bec80000)
 ParOldGen       total 349696K, used 99814K [0x00000007a0000000, 0x00000007b5580000, 0x00000007b5580000)
  object space 349696K, 28% used [0x00000007a0000000,0x00000007a6179860,0x00000007b5580000)
 Metaspace       used 5452K, capacity 5616K, committed 5760K, reserved 1056768K
  class space    used 580K, capacity 630K, committed 640K, reserved 1048576K
2018-07-25T18:09:11.849-0800: 74.129: [GC (Allocation Failure) [PSYoungGen: 142620K->275K(154624K)] 242434K->100089K(504320K), 0.0009707 secs] [Times: user=0.00 sys=0.00, real=0.01 secs] 
Heap after GC invocations=993 (full 110):
 PSYoungGen      total 154624K, used 275K [0x00000007b5580000, 0x00000007c0000000, 0x00000007c0000000)
  eden space 134656K, 0% used [0x00000007b5580000,0x00000007b5580000,0x00000007bd900000)
  from space 19968K, 1% used [0x00000007bd900000,0x00000007bd944ca0,0x00000007bec80000)
  to   space 19456K, 0% used [0x00000007bed00000,0x00000007bed00000,0x00000007c0000000)
 ParOldGen       total 349696K, used 99814K [0x00000007a0000000, 0x00000007b5580000, 0x00000007b5580000)
  object space 349696K, 28% used [0x00000007a0000000,0x00000007a6179860,0x00000007b5580000)
 Metaspace       used 5452K, capacity 5616K, committed 5760K, reserved 1056768K
  class space    used 580K, capacity 630K, committed 640K, reserved 1048576K
}
{Heap before GC invocations=994 (full 110):
 PSYoungGen      total 154624K, used 129720K [0x00000007b5580000, 0x00000007c0000000, 0x00000007c0000000)
  eden space 134656K, 96% used [0x00000007b5580000,0x00000007bd3e96b8,0x00000007bd900000)
  from space 19968K, 1% used [0x00000007bd900000,0x00000007bd944ca0,0x00000007bec80000)
  to   space 19456K, 0% used [0x00000007bed00000,0x00000007bed00000,0x00000007c0000000)
 ParOldGen       total 349696K, used 99814K [0x00000007a0000000, 0x00000007b5580000, 0x00000007b5580000)
  object space 349696K, 28% used [0x00000007a0000000,0x00000007a6179860,0x00000007b5580000)
 Metaspace       used 5452K, capacity 5616K, committed 5760K, reserved 1056768K
  class space    used 580K, capacity 630K, committed 640K, reserved 1048576K
2018-07-25T18:09:11.886-0800: 74.166: [GC (Allocation Failure) [PSYoungGen: 129720K->9797K(155136K)] 229534K->161874K(504832K), 0.0075199 secs] [Times: user=0.05 sys=0.00, real=0.01 secs] 
Heap after GC invocations=994 (full 110):
 PSYoungGen      total 155136K, used 9797K [0x00000007b5580000, 0x00000007c0000000, 0x00000007c0000000)
  eden space 135680K, 0% used [0x00000007b5580000,0x00000007b5580000,0x00000007bda00000)
  from space 19456K, 50% used [0x00000007bed00000,0x00000007bf691698,0x00000007c0000000)
  to   space 19456K, 0% used [0x00000007bda00000,0x00000007bda00000,0x00000007bed00000)
 ParOldGen       total 349696K, used 152076K [0x00000007a0000000, 0x00000007b5580000, 0x00000007b5580000)
  object space 349696K, 43% used [0x00000007a0000000,0x00000007a9483298,0x00000007b5580000)
 Metaspace       used 5452K, capacity 5616K, committed 5760K, reserved 1056768K
  class space    used 580K, capacity 630K, committed 640K, reserved 1048576K
}
{Heap before GC invocations=995 (full 110):
 PSYoungGen      total 155136K, used 139319K [0x00000007b5580000, 0x00000007c0000000, 0x00000007c0000000)
  eden space 135680K, 95% used [0x00000007b5580000,0x00000007bd3fc7d0,0x00000007bda00000)
  from space 19456K, 50% used [0x00000007bed00000,0x00000007bf691698,0x00000007c0000000)
  to   space 19456K, 0% used [0x00000007bda00000,0x00000007bda00000,0x00000007bed00000)
 ParOldGen       total 349696K, used 152076K [0x00000007a0000000, 0x00000007b5580000, 0x00000007b5580000)
  object space 349696K, 43% used [0x00000007a0000000,0x00000007a9483298,0x00000007b5580000)
 Metaspace       used 5452K, capacity 5616K, committed 5760K, reserved 1056768K
  class space    used 580K, capacity 630K, committed 640K, reserved 1048576K
2018-07-25T18:09:12.003-0800: 74.284: [GC (Allocation Failure) [PSYoungGen: 139319K->9977K(145920K)] 291396K->188095K(495616K), 0.0044964 secs] [Times: user=0.03 sys=0.00, real=0.00 secs] 
Heap after GC invocations=995 (full 110):
 PSYoungGen      total 145920K, used 9977K [0x00000007b5580000, 0x00000007c0000000, 0x00000007c0000000)
  eden space 135680K, 0% used [0x00000007b5580000,0x00000007b5580000,0x00000007bda00000)
  from space 10240K, 97% used [0x00000007bda00000,0x00000007be3be490,0x00000007be400000)
  to   space 19968K, 0% used [0x00000007bec80000,0x00000007bec80000,0x00000007c0000000)
 ParOldGen       total 349696K, used 178118K [0x00000007a0000000, 0x00000007b5580000, 0x00000007b5580000)
  object space 349696K, 50% used [0x00000007a0000000,0x00000007aadf1960,0x00000007b5580000)
 Metaspace       used 5452K, capacity 5616K, committed 5760K, reserved 1056768K
  class space    used 580K, capacity 630K, committed 640K, reserved 1048576K
}
{Heap before GC invocations=996 (full 110):
 PSYoungGen      total 145920K, used 116458K [0x00000007b5580000, 0x00000007c0000000, 0x00000007c0000000)
  eden space 135680K, 78% used [0x00000007b5580000,0x00000007bbd7c370,0x00000007bda00000)
  from space 10240K, 97% used [0x00000007bda00000,0x00000007be3be490,0x00000007be400000)
  to   space 19968K, 0% used [0x00000007bec80000,0x00000007bec80000,0x00000007c0000000)
 ParOldGen       total 349696K, used 178118K [0x00000007a0000000, 0x00000007b5580000, 0x00000007b5580000)
  object space 349696K, 50% used [0x00000007a0000000,0x00000007aadf1960,0x00000007b5580000)
 Metaspace       used 5452K, capacity 5616K, committed 5760K, reserved 1056768K
  class space    used 580K, capacity 630K, committed 640K, reserved 1048576K
2018-07-25T18:09:12.021-0800: 74.301: [GC (Allocation Failure) [PSYoungGen: 116458K->0K(155136K)] 294576K->214097K(504832K), 0.0053432 secs] [Times: user=0.04 sys=0.00, real=0.00 secs] 
Heap after GC invocations=996 (full 110):
 PSYoungGen      total 155136K, used 0K [0x00000007b5580000, 0x00000007c0000000, 0x00000007c0000000)
  eden space 135168K, 0% used [0x00000007b5580000,0x00000007b5580000,0x00000007bd980000)
  from space 19968K, 0% used [0x00000007bec80000,0x00000007bec80000,0x00000007c0000000)
  to   space 19456K, 0% used [0x00000007bd980000,0x00000007bd980000,0x00000007bec80000)
 ParOldGen       total 349696K, used 214097K [0x00000007a0000000, 0x00000007b5580000, 0x00000007b5580000)
  object space 349696K, 61% used [0x00000007a0000000,0x00000007ad1144f8,0x00000007b5580000)
 Metaspace       used 5452K, capacity 5616K, committed 5760K, reserved 1056768K
  class space    used 580K, capacity 630K, committed 640K, reserved 1048576K
}
{Heap before GC invocations=997 (full 110):
 PSYoungGen      total 155136K, used 129267K [0x00000007b5580000, 0x00000007c0000000, 0x00000007c0000000)
  eden space 135168K, 95% used [0x00000007b5580000,0x00000007bd3bcd98,0x00000007bd980000)
  from space 19968K, 0% used [0x00000007bec80000,0x00000007bec80000,0x00000007c0000000)
  to   space 19456K, 0% used [0x00000007bd980000,0x00000007bd980000,0x00000007bec80000)
 ParOldGen       total 349696K, used 214097K [0x00000007a0000000, 0x00000007b5580000, 0x00000007b5580000)
  object space 349696K, 61% used [0x00000007a0000000,0x00000007ad1144f8,0x00000007b5580000)
 Metaspace       used 5452K, capacity 5616K, committed 5760K, reserved 1056768K
  class space    used 580K, capacity 630K, committed 640K, reserved 1048576K
2018-07-25T18:09:12.152-0800: 74.433: [GC (Allocation Failure) [PSYoungGen: 129267K->10009K(154624K)] 343364K->276190K(504320K), 0.0091314 secs] [Times: user=0.07 sys=0.00, real=0.01 secs] 
Heap after GC invocations=997 (full 110):
 PSYoungGen      total 154624K, used 10009K [0x00000007b5580000, 0x00000007c0000000, 0x00000007c0000000)
  eden space 135168K, 0% used [0x00000007b5580000,0x00000007b5580000,0x00000007bd980000)
  from space 19456K, 51% used [0x00000007bd980000,0x00000007be3465e8,0x00000007bec80000)
  to   space 19968K, 0% used [0x00000007bec80000,0x00000007bec80000,0x00000007c0000000)
 ParOldGen       total 349696K, used 266180K [0x00000007a0000000, 0x00000007b5580000, 0x00000007b5580000)
  object space 349696K, 76% used [0x00000007a0000000,0x00000007b03f12a8,0x00000007b5580000)
 Metaspace       used 5452K, capacity 5616K, committed 5760K, reserved 1056768K
  class space    used 580K, capacity 630K, committed 640K, reserved 1048576K
}
{Heap before GC invocations=998 (full 110):
 PSYoungGen      total 154624K, used 142668K [0x00000007b5580000, 0x00000007c0000000, 0x00000007c0000000)
  eden space 135168K, 98% used [0x00000007b5580000,0x00000007bd70cbb8,0x00000007bd980000)
  from space 19456K, 51% used [0x00000007bd980000,0x00000007be3465e8,0x00000007bec80000)
  to   space 19968K, 0% used [0x00000007bec80000,0x00000007bec80000,0x00000007c0000000)
 ParOldGen       total 349696K, used 266180K [0x00000007a0000000, 0x00000007b5580000, 0x00000007b5580000)
  object space 349696K, 76% used [0x00000007a0000000,0x00000007b03f12a8,0x00000007b5580000)
 Metaspace       used 5452K, capacity 5616K, committed 5760K, reserved 1056768K
  class space    used 580K, capacity 630K, committed 640K, reserved 1048576K
2018-07-25T18:09:12.260-0800: 74.540: [GC (Allocation Failure) [PSYoungGen: 142668K->212K(155136K)] 408849K->266392K(504832K), 0.0012568 secs] [Times: user=0.01 sys=0.00, real=0.00 secs] 
Heap after GC invocations=998 (full 110):
 PSYoungGen      total 155136K, used 212K [0x00000007b5580000, 0x00000007c0000000, 0x00000007c0000000)
  eden space 135168K, 0% used [0x00000007b5580000,0x00000007b5580000,0x00000007bd980000)
  from space 19968K, 1% used [0x00000007bec80000,0x00000007becb50a8,0x00000007c0000000)
  to   space 19456K, 0% used [0x00000007bd980000,0x00000007bd980000,0x00000007bec80000)
 ParOldGen       total 349696K, used 266180K [0x00000007a0000000, 0x00000007b5580000, 0x00000007b5580000)
  object space 349696K, 76% used [0x00000007a0000000,0x00000007b03f12a8,0x00000007b5580000)
 Metaspace       used 5452K, capacity 5616K, committed 5760K, reserved 1056768K
  class space    used 580K, capacity 630K, committed 640K, reserved 1048576K
}
{Heap before GC invocations=999 (full 110):
 PSYoungGen      total 155136K, used 129691K [0x00000007b5580000, 0x00000007c0000000, 0x00000007c0000000)
  eden space 135168K, 95% used [0x00000007b5580000,0x00000007bd3f1cc8,0x00000007bd980000)
  from space 19968K, 1% used [0x00000007bec80000,0x00000007becb50a8,0x00000007c0000000)
  to   space 19456K, 0% used [0x00000007bd980000,0x00000007bd980000,0x00000007bec80000)
 ParOldGen       total 349696K, used 266180K [0x00000007a0000000, 0x00000007b5580000, 0x00000007b5580000)
  object space 349696K, 76% used [0x00000007a0000000,0x00000007b03f12a8,0x00000007b5580000)
 Metaspace       used 5452K, capacity 5616K, committed 5760K, reserved 1056768K
  class space    used 580K, capacity 630K, committed 640K, reserved 1048576K
2018-07-25T18:09:12.289-0800: 74.569: [GC (Allocation Failure) [PSYoungGen: 129691K->9797K(154624K)] 395872K->328225K(504320K), 0.0078702 secs] [Times: user=0.06 sys=0.00, real=0.01 secs] 
Heap after GC invocations=999 (full 110):
 PSYoungGen      total 154624K, used 9797K [0x00000007b5580000, 0x00000007c0000000, 0x00000007c0000000)
  eden space 135168K, 0% used [0x00000007b5580000,0x00000007b5580000,0x00000007bd980000)
  from space 19456K, 50% used [0x00000007bd980000,0x00000007be311698,0x00000007bec80000)
  to   space 19456K, 0% used [0x00000007bed00000,0x00000007bed00000,0x00000007c0000000)
 ParOldGen       total 349696K, used 318428K [0x00000007a0000000, 0x00000007b5580000, 0x00000007b5580000)
  object space 349696K, 91% used [0x00000007a0000000,0x00000007b36f70e8,0x00000007b5580000)
 Metaspace       used 5452K, capacity 5616K, committed 5760K, reserved 1056768K
  class space    used 580K, capacity 630K, committed 640K, reserved 1048576K
}
{Heap before GC invocations=1000 (full 111):
 PSYoungGen      total 154624K, used 9797K [0x00000007b5580000, 0x00000007c0000000, 0x00000007c0000000)
  eden space 135168K, 0% used [0x00000007b5580000,0x00000007b5580000,0x00000007bd980000)
  from space 19456K, 50% used [0x00000007bd980000,0x00000007be311698,0x00000007bec80000)
  to   space 19456K, 0% used [0x00000007bed00000,0x00000007bed00000,0x00000007c0000000)
 ParOldGen       total 349696K, used 318428K [0x00000007a0000000, 0x00000007b5580000, 0x00000007b5580000)
  object space 349696K, 91% used [0x00000007a0000000,0x00000007b36f70e8,0x00000007b5580000)
 Metaspace       used 5452K, capacity 5616K, committed 5760K, reserved 1056768K
  class space    used 580K, capacity 630K, committed 640K, reserved 1048576K
2018-07-25T18:09:12.297-0800: 74.577: [Full GC (Ergonomics) [PSYoungGen: 9797K->0K(154624K)] [ParOldGen: 318428K->73774K(349696K)] 328225K->73774K(504320K), [Metaspace: 5452K->5452K(1056768K)], 0.0107319 secs] [Times: user=0.06 sys=0.00, real=0.01 secs] 
Heap after GC invocations=1000 (full 111):
 PSYoungGen      total 154624K, used 0K [0x00000007b5580000, 0x00000007c0000000, 0x00000007c0000000)
  eden space 135168K, 0% used [0x00000007b5580000,0x00000007b5580000,0x00000007bd980000)
  from space 19456K, 0% used [0x00000007bd980000,0x00000007bd980000,0x00000007bec80000)
  to   space 19456K, 0% used [0x00000007bed00000,0x00000007bed00000,0x00000007c0000000)
 ParOldGen       total 349696K, used 73774K [0x00000007a0000000, 0x00000007b5580000, 0x00000007b5580000)
  object space 349696K, 21% used [0x00000007a0000000,0x00000007a480b810,0x00000007b5580000)
 Metaspace       used 5452K, capacity 5616K, committed 5760K, reserved 1056768K
  class space    used 580K, capacity 630K, committed 640K, reserved 1048576K
}
{Heap before GC invocations=1001 (full 111):
 PSYoungGen      total 154624K, used 129527K [0x00000007b5580000, 0x00000007c0000000, 0x00000007c0000000)
  eden space 135168K, 95% used [0x00000007b5580000,0x00000007bd3fdeb0,0x00000007bd980000)
  from space 19456K, 0% used [0x00000007bd980000,0x00000007bd980000,0x00000007bec80000)
  to   space 19456K, 0% used [0x00000007bed00000,0x00000007bed00000,0x00000007c0000000)
 ParOldGen       total 349696K, used 73774K [0x00000007a0000000, 0x00000007b5580000, 0x00000007b5580000)
  object space 349696K, 21% used [0x00000007a0000000,0x00000007a480b810,0x00000007b5580000)
 Metaspace       used 5452K, capacity 5616K, committed 5760K, reserved 1056768K
  class space    used 580K, capacity 630K, committed 640K, reserved 1048576K
2018-07-25T18:09:12.421-0800: 74.701: [GC (Allocation Failure) [PSYoungGen: 129527K->10010K(154112K)] 203301K->135867K(503808K), 0.0067836 secs] [Times: user=0.05 sys=0.00, real=0.00 secs] 
Heap after GC invocations=1001 (full 111):
 PSYoungGen      total 154112K, used 10010K [0x00000007b5580000, 0x00000007c0000000, 0x00000007c0000000)
  eden space 134656K, 0% used [0x00000007b5580000,0x00000007b5580000,0x00000007bd900000)
  from space 19456K, 51% used [0x00000007bed00000,0x00000007bf6c6898,0x00000007c0000000)
  to   space 19968K, 0% used [0x00000007bd900000,0x00000007bd900000,0x00000007bec80000)
 ParOldGen       total 349696K, used 125857K [0x00000007a0000000, 0x00000007b5580000, 0x00000007b5580000)
  object space 349696K, 35% used [0x00000007a0000000,0x00000007a7ae85e0,0x00000007b5580000)
 Metaspace       used 5452K, capacity 5616K, committed 5760K, reserved 1056768K
  class space    used 580K, capacity 630K, committed 640K, reserved 1048576K
}
{Heap before GC invocations=1002 (full 111):
 PSYoungGen      total 154112K, used 116483K [0x00000007b5580000, 0x00000007c0000000, 0x00000007c0000000)
  eden space 134656K, 79% used [0x00000007b5580000,0x00000007bbd7a560,0x00000007bd900000)
  from space 19456K, 51% used [0x00000007bed00000,0x00000007bf6c6898,0x00000007c0000000)
  to   space 19968K, 0% used [0x00000007bd900000,0x00000007bd900000,0x00000007bec80000)
 ParOldGen       total 349696K, used 125857K [0x00000007a0000000, 0x00000007b5580000, 0x00000007b5580000)
  object space 349696K, 35% used [0x00000007a0000000,0x00000007a7ae85e0,0x00000007b5580000)
 Metaspace       used 5452K, capacity 5616K, committed 5760K, reserved 1056768K
  class space    used 580K, capacity 630K, committed 640K, reserved 1048576K
2018-07-25T18:09:12.441-0800: 74.721: [GC (Allocation Failure) [PSYoungGen: 116483K->0K(154624K)] 242340K->161837K(504320K), 0.0049352 secs] [Times: user=0.03 sys=0.00, real=0.00 secs] 
Heap after GC invocations=1002 (full 111):
 PSYoungGen      total 154624K, used 0K [0x00000007b5580000, 0x00000007c0000000, 0x00000007c0000000)
  eden space 134656K, 0% used [0x00000007b5580000,0x00000007b5580000,0x00000007bd900000)
  from space 19968K, 0% used [0x00000007bd900000,0x00000007bd900000,0x00000007bec80000)
  to   space 19456K, 0% used [0x00000007bed00000,0x00000007bed00000,0x00000007c0000000)
 ParOldGen       total 349696K, used 161837K [0x00000007a0000000, 0x00000007b5580000, 0x00000007b5580000)
  object space 349696K, 46% used [0x00000007a0000000,0x00000007a9e0b580,0x00000007b5580000)
 Metaspace       used 5452K, capacity 5616K, committed 5760K, reserved 1056768K
  class space    used 580K, capacity 630K, committed 640K, reserved 1048576K
}
{Heap before GC invocations=1003 (full 111):
 PSYoungGen      total 154624K, used 129265K [0x00000007b5580000, 0x00000007c0000000, 0x00000007c0000000)
  eden space 134656K, 95% used [0x00000007b5580000,0x00000007bd3bc4c0,0x00000007bd900000)
  from space 19968K, 0% used [0x00000007bd900000,0x00000007bd900000,0x00000007bec80000)
  to   space 19456K, 0% used [0x00000007bed00000,0x00000007bed00000,0x00000007c0000000)
 ParOldGen       total 349696K, used 161837K [0x00000007a0000000, 0x00000007b5580000, 0x00000007b5580000)
  object space 349696K, 46% used [0x00000007a0000000,0x00000007a9e0b580,0x00000007b5580000)
 Metaspace       used 5452K, capacity 5616K, committed 5760K, reserved 1056768K
  class space    used 580K, capacity 630K, committed 640K, reserved 1048576K
2018-07-25T18:09:12.559-0800: 74.840: [GC (Allocation Failure) [PSYoungGen: 129265K->10010K(154112K)] 291102K->223931K(503808K), 0.0062395 secs] [Times: user=0.04 sys=0.00, real=0.01 secs] 
Heap after GC invocations=1003 (full 111):
 PSYoungGen      total 154112K, used 10010K [0x00000007b5580000, 0x00000007c0000000, 0x00000007c0000000)
  eden space 134656K, 0% used [0x00000007b5580000,0x00000007b5580000,0x00000007bd900000)
  from space 19456K, 51% used [0x00000007bed00000,0x00000007bf6c69f0,0x00000007c0000000)
  to   space 19968K, 0% used [0x00000007bd900000,0x00000007bd900000,0x00000007bec80000)
 ParOldGen       total 349696K, used 213920K [0x00000007a0000000, 0x00000007b5580000, 0x00000007b5580000)
  object space 349696K, 61% used [0x00000007a0000000,0x00000007ad0e8330,0x00000007b5580000)
 Metaspace       used 5452K, capacity 5616K, committed 5760K, reserved 1056768K
  class space    used 580K, capacity 630K, committed 640K, reserved 1048576K
}
{Heap before GC invocations=1004 (full 111):
 PSYoungGen      total 154112K, used 142664K [0x00000007b5580000, 0x00000007c0000000, 0x00000007c0000000)
  eden space 134656K, 98% used [0x00000007b5580000,0x00000007bd70b7a0,0x00000007bd900000)
  from space 19456K, 51% used [0x00000007bed00000,0x00000007bf6c69f0,0x00000007c0000000)
  to   space 19968K, 0% used [0x00000007bd900000,0x00000007bd900000,0x00000007bec80000)
 ParOldGen       total 349696K, used 213920K [0x00000007a0000000, 0x00000007b5580000, 0x00000007b5580000)
  object space 349696K, 61% used [0x00000007a0000000,0x00000007ad0e8330,0x00000007b5580000)
 Metaspace       used 5452K, capacity 5616K, committed 5760K, reserved 1056768K
  class space    used 580K, capacity 630K, committed 640K, reserved 1048576K
2018-07-25T18:09:12.660-0800: 74.940: [GC (Allocation Failure) [PSYoungGen: 142664K->213K(154624K)] 356585K->214133K(504320K), 0.0015185 secs] [Times: user=0.00 sys=0.00, real=0.00 secs] 
Heap after GC invocations=1004 (full 111):
 PSYoungGen      total 154624K, used 213K [0x00000007b5580000, 0x00000007c0000000, 0x00000007c0000000)
  eden space 134656K, 0% used [0x00000007b5580000,0x00000007b5580000,0x00000007bd900000)
  from space 19968K, 1% used [0x00000007bd900000,0x00000007bd9354b0,0x00000007bec80000)
  to   space 19456K, 0% used [0x00000007bed00000,0x00000007bed00000,0x00000007c0000000)
 ParOldGen       total 349696K, used 213920K [0x00000007a0000000, 0x00000007b5580000, 0x00000007b5580000)
  object space 349696K, 61% used [0x00000007a0000000,0x00000007ad0e8330,0x00000007b5580000)
 Metaspace       used 5452K, capacity 5616K, committed 5760K, reserved 1056768K
  class space    used 580K, capacity 630K, committed 640K, reserved 1048576K
}
{Heap before GC invocations=1005 (full 111):
 PSYoungGen      total 154624K, used 129685K [0x00000007b5580000, 0x00000007c0000000, 0x00000007c0000000)
  eden space 134656K, 96% used [0x00000007b5580000,0x00000007bd3f01e0,0x00000007bd900000)
  from space 19968K, 1% used [0x00000007bd900000,0x00000007bd9354b0,0x00000007bec80000)
  to   space 19456K, 0% used [0x00000007bed00000,0x00000007bed00000,0x00000007c0000000)
 ParOldGen       total 349696K, used 213920K [0x00000007a0000000, 0x00000007b5580000, 0x00000007b5580000)
  object space 349696K, 61% used [0x00000007a0000000,0x00000007ad0e8330,0x00000007b5580000)
 Metaspace       used 5452K, capacity 5616K, committed 5760K, reserved 1056768K
  class space    used 580K, capacity 630K, committed 640K, reserved 1048576K
2018-07-25T18:09:12.689-0800: 74.970: [GC (Allocation Failure) [PSYoungGen: 129685K->9797K(155136K)] 343606K->275975K(504832K), 0.0078117 secs] [Times: user=0.06 sys=0.00, real=0.01 secs] 
Heap after GC invocations=1005 (full 111):
 PSYoungGen      total 155136K, used 9797K [0x00000007b5580000, 0x00000007c0000000, 0x00000007c0000000)
  eden space 135680K, 0% used [0x00000007b5580000,0x00000007b5580000,0x00000007bda00000)
  from space 19456K, 50% used [0x00000007bed00000,0x00000007bf691698,0x00000007c0000000)
  to   space 19456K, 0% used [0x00000007bda00000,0x00000007bda00000,0x00000007bed00000)
 ParOldGen       total 349696K, used 266177K [0x00000007a0000000, 0x00000007b5580000, 0x00000007b5580000)
  object space 349696K, 76% used [0x00000007a0000000,0x00000007b03f0578,0x00000007b5580000)
 Metaspace       used 5452K, capacity 5616K, committed 5760K, reserved 1056768K
  class space    used 580K, capacity 630K, committed 640K, reserved 1048576K
}
{Heap before GC invocations=1006 (full 111):
 PSYoungGen      total 155136K, used 139337K [0x00000007b5580000, 0x00000007c0000000, 0x00000007c0000000)
  eden space 135680K, 95% used [0x00000007b5580000,0x00000007bd400d70,0x00000007bda00000)
  from space 19456K, 50% used [0x00000007bed00000,0x00000007bf691698,0x00000007c0000000)
  to   space 19456K, 0% used [0x00000007bda00000,0x00000007bda00000,0x00000007bed00000)
 ParOldGen       total 349696K, used 266177K [0x00000007a0000000, 0x00000007b5580000, 0x00000007b5580000)
  object space 349696K, 76% used [0x00000007a0000000,0x00000007b03f0578,0x00000007b5580000)
 Metaspace       used 5452K, capacity 5616K, committed 5760K, reserved 1056768K
  class space    used 580K, capacity 630K, committed 640K, reserved 1048576K
2018-07-25T18:09:12.807-0800: 75.087: [GC (Allocation Failure) [PSYoungGen: 139337K->10011K(145920K)] 405514K->302230K(495616K), 0.0045853 secs] [Times: user=0.03 sys=0.00, real=0.01 secs] 
Heap after GC invocations=1006 (full 111):
 PSYoungGen      total 145920K, used 10011K [0x00000007b5580000, 0x00000007c0000000, 0x00000007c0000000)
  eden space 135680K, 0% used [0x00000007b5580000,0x00000007b5580000,0x00000007bda00000)
  from space 10240K, 97% used [0x00000007bda00000,0x00000007be3c6ca0,0x00000007be400000)
  to   space 19968K, 0% used [0x00000007bec80000,0x00000007bec80000,0x00000007c0000000)
 ParOldGen       total 349696K, used 292219K [0x00000007a0000000, 0x00000007b5580000, 0x00000007b5580000)
  object space 349696K, 83% used [0x00000007a0000000,0x00000007b1d5ec40,0x00000007b5580000)
 Metaspace       used 5452K, capacity 5616K, committed 5760K, reserved 1056768K
  class space    used 580K, capacity 630K, committed 640K, reserved 1048576K
}
{Heap before GC invocations=1007 (full 112):
 PSYoungGen      total 145920K, used 10011K [0x00000007b5580000, 0x00000007c0000000, 0x00000007c0000000)
  eden space 135680K, 0% used [0x00000007b5580000,0x00000007b5580000,0x00000007bda00000)
  from space 10240K, 97% used [0x00000007bda00000,0x00000007be3c6ca0,0x00000007be400000)
  to   space 19968K, 0% used [0x00000007bec80000,0x00000007bec80000,0x00000007c0000000)
 ParOldGen       total 349696K, used 292219K [0x00000007a0000000, 0x00000007b5580000, 0x00000007b5580000)
  object space 349696K, 83% used [0x00000007a0000000,0x00000007b1d5ec40,0x00000007b5580000)
 Metaspace       used 5452K, capacity 5616K, committed 5760K, reserved 1056768K
  class space    used 580K, capacity 630K, committed 640K, reserved 1048576K
2018-07-25T18:09:12.812-0800: 75.092: [Full GC (Ergonomics) [PSYoungGen: 10011K->0K(145920K)] [ParOldGen: 292219K->47733K(349696K)] 302230K->47733K(495616K), [Metaspace: 5452K->5452K(1056768K)], 0.0073586 secs] [Times: user=0.04 sys=0.00, real=0.00 secs] 
Heap after GC invocations=1007 (full 112):
 PSYoungGen      total 145920K, used 0K [0x00000007b5580000, 0x00000007c0000000, 0x00000007c0000000)
  eden space 135680K, 0% used [0x00000007b5580000,0x00000007b5580000,0x00000007bda00000)
  from space 10240K, 0% used [0x00000007bda00000,0x00000007bda00000,0x00000007be400000)
  to   space 19968K, 0% used [0x00000007bec80000,0x00000007bec80000,0x00000007c0000000)
 ParOldGen       total 349696K, used 47733K [0x00000007a0000000, 0x00000007b5580000, 0x00000007b5580000)
  object space 349696K, 13% used [0x00000007a0000000,0x00000007a2e9d6e8,0x00000007b5580000)
 Metaspace       used 5452K, capacity 5616K, committed 5760K, reserved 1056768K
  class space    used 580K, capacity 630K, committed 640K, reserved 1048576K
}
{Heap before GC invocations=1008 (full 112):
 PSYoungGen      total 145920K, used 106492K [0x00000007b5580000, 0x00000007c0000000, 0x00000007c0000000)
  eden space 135680K, 78% used [0x00000007b5580000,0x00000007bbd7f058,0x00000007bda00000)
  from space 10240K, 0% used [0x00000007bda00000,0x00000007bda00000,0x00000007be400000)
  to   space 19968K, 0% used [0x00000007bec80000,0x00000007bec80000,0x00000007c0000000)
 ParOldGen       total 349696K, used 47733K [0x00000007a0000000, 0x00000007b5580000, 0x00000007b5580000)
  object space 349696K, 13% used [0x00000007a0000000,0x00000007a2e9d6e8,0x00000007b5580000)
 Metaspace       used 5452K, capacity 5616K, committed 5760K, reserved 1056768K
  class space    used 580K, capacity 630K, committed 640K, reserved 1048576K
2018-07-25T18:09:12.832-0800: 75.112: [GC (Allocation Failure) [PSYoungGen: 106492K->0K(155136K)] 154225K->125858K(504832K), 0.0108412 secs] [Times: user=0.08 sys=0.00, real=0.01 secs] 
Heap after GC invocations=1008 (full 112):
 PSYoungGen      total 155136K, used 0K [0x00000007b5580000, 0x00000007c0000000, 0x00000007c0000000)
  eden space 135168K, 0% used [0x00000007b5580000,0x00000007b5580000,0x00000007bd980000)
  from space 19968K, 0% used [0x00000007bec80000,0x00000007bec80000,0x00000007c0000000)
  to   space 19456K, 0% used [0x00000007bd980000,0x00000007bd980000,0x00000007bec80000)
 ParOldGen       total 349696K, used 125858K [0x00000007a0000000, 0x00000007b5580000, 0x00000007b5580000)
  object space 349696K, 35% used [0x00000007a0000000,0x00000007a7ae8b88,0x00000007b5580000)
 Metaspace       used 5452K, capacity 5616K, committed 5760K, reserved 1056768K
  class space    used 580K, capacity 630K, committed 640K, reserved 1048576K
}
{Heap before GC invocations=1009 (full 112):
 PSYoungGen      total 155136K, used 128921K [0x00000007b5580000, 0x00000007c0000000, 0x00000007c0000000)
  eden space 135168K, 95% used [0x00000007b5580000,0x00000007bd366788,0x00000007bd980000)
  from space 19968K, 0% used [0x00000007bec80000,0x00000007bec80000,0x00000007c0000000)
  to   space 19456K, 0% used [0x00000007bd980000,0x00000007bd980000,0x00000007bec80000)
 ParOldGen       total 349696K, used 125858K [0x00000007a0000000, 0x00000007b5580000, 0x00000007b5580000)
  object space 349696K, 35% used [0x00000007a0000000,0x00000007a7ae8b88,0x00000007b5580000)
 Metaspace       used 5452K, capacity 5616K, committed 5760K, reserved 1056768K
  class space    used 580K, capacity 630K, committed 640K, reserved 1048576K
2018-07-25T18:09:12.952-0800: 75.233: [GC (Allocation Failure) [PSYoungGen: 128921K->10043K(154624K)] 254780K->187985K(504320K), 0.0061263 secs] [Times: user=0.05 sys=0.00, real=0.00 secs] 
Heap after GC invocations=1009 (full 112):
 PSYoungGen      total 154624K, used 10043K [0x00000007b5580000, 0x00000007c0000000, 0x00000007c0000000)
  eden space 135168K, 0% used [0x00000007b5580000,0x00000007b5580000,0x00000007bd980000)
  from space 19456K, 51% used [0x00000007bd980000,0x00000007be34edf8,0x00000007bec80000)
  to   space 19968K, 0% used [0x00000007bec80000,0x00000007bec80000,0x00000007c0000000)
 ParOldGen       total 349696K, used 177942K [0x00000007a0000000, 0x00000007b5580000, 0x00000007b5580000)
  object space 349696K, 50% used [0x00000007a0000000,0x00000007aadc5938,0x00000007b5580000)
 Metaspace       used 5452K, capacity 5616K, committed 5760K, reserved 1056768K
  class space    used 580K, capacity 630K, committed 640K, reserved 1048576K
}
{Heap before GC invocations=1010 (full 112):
 PSYoungGen      total 154624K, used 142477K [0x00000007b5580000, 0x00000007c0000000, 0x00000007c0000000)
  eden space 135168K, 97% used [0x00000007b5580000,0x00000007bd6d4960,0x00000007bd980000)
  from space 19456K, 51% used [0x00000007bd980000,0x00000007be34edf8,0x00000007bec80000)
  to   space 19968K, 0% used [0x00000007bec80000,0x00000007bec80000,0x00000007c0000000)
 ParOldGen       total 349696K, used 177942K [0x00000007a0000000, 0x00000007b5580000, 0x00000007b5580000)
  object space 349696K, 50% used [0x00000007a0000000,0x00000007aadc5938,0x00000007b5580000)
 Metaspace       used 5452K, capacity 5616K, committed 5760K, reserved 1056768K
  class space    used 580K, capacity 630K, committed 640K, reserved 1048576K
2018-07-25T18:09:13.051-0800: 75.332: [GC (Allocation Failure) [PSYoungGen: 142477K->246K(155136K)] 320420K->178188K(504832K), 0.0011984 secs] [Times: user=0.01 sys=0.00, real=0.00 secs] 
Heap after GC invocations=1010 (full 112):
 PSYoungGen      total 155136K, used 246K [0x00000007b5580000, 0x00000007c0000000, 0x00000007c0000000)
  eden space 135168K, 0% used [0x00000007b5580000,0x00000007b5580000,0x00000007bd980000)
  from space 19968K, 1% used [0x00000007bec80000,0x00000007becbd8b8,0x00000007c0000000)
  to   space 19456K, 0% used [0x00000007bd980000,0x00000007bd980000,0x00000007bec80000)
 ParOldGen       total 349696K, used 177942K [0x00000007a0000000, 0x00000007b5580000, 0x00000007b5580000)
  object space 349696K, 50% used [0x00000007a0000000,0x00000007aadc5938,0x00000007b5580000)
 Metaspace       used 5452K, capacity 5616K, committed 5760K, reserved 1056768K
  class space    used 580K, capacity 630K, committed 640K, reserved 1048576K
}
{Heap before GC invocations=1011 (full 112):
 PSYoungGen      total 155136K, used 129581K [0x00000007b5580000, 0x00000007c0000000, 0x00000007c0000000)
  eden space 135168K, 95% used [0x00000007b5580000,0x00000007bd3cdb70,0x00000007bd980000)
  from space 19968K, 1% used [0x00000007bec80000,0x00000007becbd8b8,0x00000007c0000000)
  to   space 19456K, 0% used [0x00000007bd980000,0x00000007bd980000,0x00000007bec80000)
 ParOldGen       total 349696K, used 177942K [0x00000007a0000000, 0x00000007b5580000, 0x00000007b5580000)
  object space 349696K, 50% used [0x00000007a0000000,0x00000007aadc5938,0x00000007b5580000)
 Metaspace       used 5452K, capacity 5616K, committed 5760K, reserved 1056768K
  class space    used 580K, capacity 630K, committed 640K, reserved 1048576K
2018-07-25T18:09:13.081-0800: 75.361: [GC (Allocation Failure) [PSYoungGen: 129581K->9797K(154624K)] 307523K->239997K(504320K), 0.0078583 secs] [Times: user=0.06 sys=0.00, real=0.00 secs] 
Heap after GC invocations=1011 (full 112):
 PSYoungGen      total 154624K, used 9797K [0x00000007b5580000, 0x00000007c0000000, 0x00000007c0000000)
  eden space 135168K, 0% used [0x00000007b5580000,0x00000007b5580000,0x00000007bd980000)
  from space 19456K, 50% used [0x00000007bd980000,0x00000007be311698,0x00000007bec80000)
  to   space 19456K, 0% used [0x00000007bed00000,0x00000007bed00000,0x00000007c0000000)
 ParOldGen       total 349696K, used 230199K [0x00000007a0000000, 0x00000007b5580000, 0x00000007b5580000)
  object space 349696K, 65% used [0x00000007a0000000,0x00000007ae0cdf88,0x00000007b5580000)
 Metaspace       used 5452K, capacity 5616K, committed 5760K, reserved 1056768K
  class space    used 580K, capacity 630K, committed 640K, reserved 1048576K
}
{Heap before GC invocations=1012 (full 112):
 PSYoungGen      total 154624K, used 139232K [0x00000007b5580000, 0x00000007c0000000, 0x00000007c0000000)
  eden space 135168K, 95% used [0x00000007b5580000,0x00000007bd3e6bd0,0x00000007bd980000)
  from space 19456K, 50% used [0x00000007bd980000,0x00000007be311698,0x00000007bec80000)
  to   space 19456K, 0% used [0x00000007bed00000,0x00000007bed00000,0x00000007c0000000)
 ParOldGen       total 349696K, used 230199K [0x00000007a0000000, 0x00000007b5580000, 0x00000007b5580000)
  object space 349696K, 65% used [0x00000007a0000000,0x00000007ae0cdf88,0x00000007b5580000)
 Metaspace       used 5452K, capacity 5616K, committed 5760K, reserved 1056768K
  class space    used 580K, capacity 630K, committed 640K, reserved 1048576K
2018-07-25T18:09:13.195-0800: 75.475: [GC (Allocation Failure) [PSYoungGen: 139232K->10012K(154112K)] 369432K->266253K(503808K), 0.0045441 secs] [Times: user=0.03 sys=0.00, real=0.01 secs] 
Heap after GC invocations=1012 (full 112):
 PSYoungGen      total 154112K, used 10012K [0x00000007b5580000, 0x00000007c0000000, 0x00000007c0000000)
  eden space 134656K, 0% used [0x00000007b5580000,0x00000007b5580000,0x00000007bd900000)
  from space 19456K, 51% used [0x00000007bed00000,0x00000007bf6c70a8,0x00000007c0000000)
  to   space 19968K, 0% used [0x00000007bd900000,0x00000007bd900000,0x00000007bec80000)
 ParOldGen       total 349696K, used 256241K [0x00000007a0000000, 0x00000007b5580000, 0x00000007b5580000)
  object space 349696K, 73% used [0x00000007a0000000,0x00000007afa3c650,0x00000007b5580000)
 Metaspace       used 5452K, capacity 5616K, committed 5760K, reserved 1056768K
  class space    used 580K, capacity 630K, committed 640K, reserved 1048576K
}
{Heap before GC invocations=1013 (full 112):
 PSYoungGen      total 154112K, used 116425K [0x00000007b5580000, 0x00000007c0000000, 0x00000007c0000000)
  eden space 134656K, 79% used [0x00000007b5580000,0x00000007bbd6b710,0x00000007bd900000)
  from space 19456K, 51% used [0x00000007bed00000,0x00000007bf6c70a8,0x00000007c0000000)
  to   space 19968K, 0% used [0x00000007bd900000,0x00000007bd900000,0x00000007bec80000)
 ParOldGen       total 349696K, used 256241K [0x00000007a0000000, 0x00000007b5580000, 0x00000007b5580000)
  object space 349696K, 73% used [0x00000007a0000000,0x00000007afa3c650,0x00000007b5580000)
 Metaspace       used 5452K, capacity 5616K, committed 5760K, reserved 1056768K
  class space    used 580K, capacity 630K, committed 640K, reserved 1048576K
2018-07-25T18:09:13.211-0800: 75.492: [GC (Allocation Failure) [PSYoungGen: 116425K->0K(154624K)] 372667K->292215K(504320K), 0.0051476 secs] [Times: user=0.04 sys=0.00, real=0.00 secs] 
Heap after GC invocations=1013 (full 112):
 PSYoungGen      total 154624K, used 0K [0x00000007b5580000, 0x00000007c0000000, 0x00000007c0000000)
  eden space 134656K, 0% used [0x00000007b5580000,0x00000007b5580000,0x00000007bd900000)
  from space 19968K, 0% used [0x00000007bd900000,0x00000007bd900000,0x00000007bec80000)
  to   space 19456K, 0% used [0x00000007bed00000,0x00000007bed00000,0x00000007c0000000)
 ParOldGen       total 349696K, used 292215K [0x00000007a0000000, 0x00000007b5580000, 0x00000007b5580000)
  object space 349696K, 83% used [0x00000007a0000000,0x00000007b1d5de00,0x00000007b5580000)
 Metaspace       used 5452K, capacity 5616K, committed 5760K, reserved 1056768K
  class space    used 580K, capacity 630K, committed 640K, reserved 1048576K
}
{Heap before GC invocations=1014 (full 113):
 PSYoungGen      total 154624K, used 0K [0x00000007b5580000, 0x00000007c0000000, 0x00000007c0000000)
  eden space 134656K, 0% used [0x00000007b5580000,0x00000007b5580000,0x00000007bd900000)
  from space 19968K, 0% used [0x00000007bd900000,0x00000007bd900000,0x00000007bec80000)
  to   space 19456K, 0% used [0x00000007bed00000,0x00000007bed00000,0x00000007c0000000)
 ParOldGen       total 349696K, used 292215K [0x00000007a0000000, 0x00000007b5580000, 0x00000007b5580000)
  object space 349696K, 83% used [0x00000007a0000000,0x00000007b1d5de00,0x00000007b5580000)
 Metaspace       used 5452K, capacity 5616K, committed 5760K, reserved 1056768K
  class space    used 580K, capacity 630K, committed 640K, reserved 1048576K
2018-07-25T18:09:13.217-0800: 75.497: [Full GC (Ergonomics) [PSYoungGen: 0K->0K(154624K)] [ParOldGen: 292215K->47734K(349696K)] 292215K->47734K(504320K), [Metaspace: 5452K->5452K(1056768K)], 0.0082281 secs] [Times: user=0.04 sys=0.00, real=0.01 secs] 
Heap after GC invocations=1014 (full 113):
 PSYoungGen      total 154624K, used 0K [0x00000007b5580000, 0x00000007c0000000, 0x00000007c0000000)
  eden space 134656K, 0% used [0x00000007b5580000,0x00000007b5580000,0x00000007bd900000)
  from space 19968K, 0% used [0x00000007bd900000,0x00000007bd900000,0x00000007bec80000)
  to   space 19456K, 0% used [0x00000007bed00000,0x00000007bed00000,0x00000007c0000000)
 ParOldGen       total 349696K, used 47734K [0x00000007a0000000, 0x00000007b5580000, 0x00000007b5580000)
  object space 349696K, 13% used [0x00000007a0000000,0x00000007a2e9dad0,0x00000007b5580000)
 Metaspace       used 5452K, capacity 5616K, committed 5760K, reserved 1056768K
  class space    used 580K, capacity 630K, committed 640K, reserved 1048576K
}
{Heap before GC invocations=1015 (full 113):
 PSYoungGen      total 154624K, used 129226K [0x00000007b5580000, 0x00000007c0000000, 0x00000007c0000000)
  eden space 134656K, 95% used [0x00000007b5580000,0x00000007bd3b2bf8,0x00000007bd900000)
  from space 19968K, 0% used [0x00000007bd900000,0x00000007bd900000,0x00000007bec80000)
  to   space 19456K, 0% used [0x00000007bed00000,0x00000007bed00000,0x00000007c0000000)
 ParOldGen       total 349696K, used 47734K [0x00000007a0000000, 0x00000007b5580000, 0x00000007b5580000)
  object space 349696K, 13% used [0x00000007a0000000,0x00000007a2e9dad0,0x00000007b5580000)
 Metaspace       used 5452K, capacity 5616K, committed 5760K, reserved 1056768K
  class space    used 580K, capacity 630K, committed 640K, reserved 1048576K
2018-07-25T18:09:13.335-0800: 75.616: [GC (Allocation Failure) [PSYoungGen: 129226K->10012K(154112K)] 176961K->109830K(503808K), 0.0053664 secs] [Times: user=0.04 sys=0.01, real=0.01 secs] 
Heap after GC invocations=1015 (full 113):
 PSYoungGen      total 154112K, used 10012K [0x00000007b5580000, 0x00000007c0000000, 0x00000007c0000000)
  eden space 134656K, 0% used [0x00000007b5580000,0x00000007b5580000,0x00000007bd900000)
  from space 19456K, 51% used [0x00000007bed00000,0x00000007bf6c7200,0x00000007c0000000)
  to   space 19968K, 0% used [0x00000007bd900000,0x00000007bd900000,0x00000007bec80000)
 ParOldGen       total 349696K, used 99818K [0x00000007a0000000, 0x00000007b5580000, 0x00000007b5580000)
  object space 349696K, 28% used [0x00000007a0000000,0x00000007a617a880,0x00000007b5580000)
 Metaspace       used 5452K, capacity 5616K, committed 5760K, reserved 1056768K
  class space    used 580K, capacity 630K, committed 640K, reserved 1048576K
}
{Heap before GC invocations=1016 (full 113):
 PSYoungGen      total 154112K, used 142625K [0x00000007b5580000, 0x00000007c0000000, 0x00000007c0000000)
  eden space 134656K, 98% used [0x00000007b5580000,0x00000007bd701200,0x00000007bd900000)
  from space 19456K, 51% used [0x00000007bed00000,0x00000007bf6c7200,0x00000007c0000000)
  to   space 19968K, 0% used [0x00000007bd900000,0x00000007bd900000,0x00000007bec80000)
 ParOldGen       total 349696K, used 99818K [0x00000007a0000000, 0x00000007b5580000, 0x00000007b5580000)
  object space 349696K, 28% used [0x00000007a0000000,0x00000007a617a880,0x00000007b5580000)
 Metaspace       used 5452K, capacity 5616K, committed 5760K, reserved 1056768K
  class space    used 580K, capacity 630K, committed 640K, reserved 1048576K
2018-07-25T18:09:13.434-0800: 75.715: [GC (Allocation Failure) [PSYoungGen: 142625K->215K(154624K)] 242443K->100033K(504320K), 0.0010120 secs] [Times: user=0.00 sys=0.00, real=0.00 secs] 
Heap after GC invocations=1016 (full 113):
 PSYoungGen      total 154624K, used 215K [0x00000007b5580000, 0x00000007c0000000, 0x00000007c0000000)
  eden space 134656K, 0% used [0x00000007b5580000,0x00000007b5580000,0x00000007bd900000)
  from space 19968K, 1% used [0x00000007bd900000,0x00000007bd935cc0,0x00000007bec80000)
  to   space 19456K, 0% used [0x00000007bed00000,0x00000007bed00000,0x00000007c0000000)
 ParOldGen       total 349696K, used 99818K [0x00000007a0000000, 0x00000007b5580000, 0x00000007b5580000)
  object space 349696K, 28% used [0x00000007a0000000,0x00000007a617a880,0x00000007b5580000)
 Metaspace       used 5452K, capacity 5616K, committed 5760K, reserved 1056768K
  class space    used 580K, capacity 630K, committed 640K, reserved 1048576K
}
{Heap before GC invocations=1017 (full 113):
 PSYoungGen      total 154624K, used 129661K [0x00000007b5580000, 0x00000007c0000000, 0x00000007c0000000)
  eden space 134656K, 96% used [0x00000007b5580000,0x00000007bd3e9798,0x00000007bd900000)
  from space 19968K, 1% used [0x00000007bd900000,0x00000007bd935cc0,0x00000007bec80000)
  to   space 19456K, 0% used [0x00000007bed00000,0x00000007bed00000,0x00000007c0000000)
 ParOldGen       total 349696K, used 99818K [0x00000007a0000000, 0x00000007b5580000, 0x00000007b5580000)
  object space 349696K, 28% used [0x00000007a0000000,0x00000007a617a880,0x00000007b5580000)
 Metaspace       used 5452K, capacity 5616K, committed 5760K, reserved 1056768K
  class space    used 580K, capacity 630K, committed 640K, reserved 1048576K
2018-07-25T18:09:13.464-0800: 75.745: [GC (Allocation Failure) [PSYoungGen: 129661K->9797K(155136K)] 229479K->161874K(504832K), 0.0070394 secs] [Times: user=0.05 sys=0.00, real=0.01 secs] 
Heap after GC invocations=1017 (full 113):
 PSYoungGen      total 155136K, used 9797K [0x00000007b5580000, 0x00000007c0000000, 0x00000007c0000000)
  eden space 135680K, 0% used [0x00000007b5580000,0x00000007b5580000,0x00000007bda00000)
  from space 19456K, 50% used [0x00000007bed00000,0x00000007bf691698,0x00000007c0000000)
  to   space 19456K, 0% used [0x00000007bda00000,0x00000007bda00000,0x00000007bed00000)
 ParOldGen       total 349696K, used 152076K [0x00000007a0000000, 0x00000007b5580000, 0x00000007b5580000)
  object space 349696K, 43% used [0x00000007a0000000,0x00000007a94832d8,0x00000007b5580000)
 Metaspace       used 5452K, capacity 5616K, committed 5760K, reserved 1056768K
  class space    used 580K, capacity 630K, committed 640K, reserved 1048576K
}
{Heap before GC invocations=1018 (full 113):
 PSYoungGen      total 155136K, used 139319K [0x00000007b5580000, 0x00000007c0000000, 0x00000007c0000000)
  eden space 135680K, 95% used [0x00000007b5580000,0x00000007bd3fc8d8,0x00000007bda00000)
  from space 19456K, 50% used [0x00000007bed00000,0x00000007bf691698,0x00000007c0000000)
  to   space 19456K, 0% used [0x00000007bda00000,0x00000007bda00000,0x00000007bed00000)
 ParOldGen       total 349696K, used 152076K [0x00000007a0000000, 0x00000007b5580000, 0x00000007b5580000)
  object space 349696K, 43% used [0x00000007a0000000,0x00000007a94832d8,0x00000007b5580000)
 Metaspace       used 5452K, capacity 5616K, committed 5760K, reserved 1056768K
  class space    used 580K, capacity 630K, committed 640K, reserved 1048576K
2018-07-25T18:09:13.580-0800: 75.861: [GC (Allocation Failure) [PSYoungGen: 139319K->9981K(145920K)] 291396K->188099K(495616K), 0.0045135 secs] [Times: user=0.03 sys=0.00, real=0.00 secs] 
Heap after GC invocations=1018 (full 113):
 PSYoungGen      total 145920K, used 9981K [0x00000007b5580000, 0x00000007c0000000, 0x00000007c0000000)
  eden space 135680K, 0% used [0x00000007b5580000,0x00000007b5580000,0x00000007bda00000)
  from space 10240K, 97% used [0x00000007bda00000,0x00000007be3bf4b0,0x00000007be400000)
  to   space 19968K, 0% used [0x00000007bec80000,0x00000007bec80000,0x00000007c0000000)
 ParOldGen       total 349696K, used 178118K [0x00000007a0000000, 0x00000007b5580000, 0x00000007b5580000)
  object space 349696K, 50% used [0x00000007a0000000,0x00000007aadf19a0,0x00000007b5580000)
 Metaspace       used 5452K, capacity 5616K, committed 5760K, reserved 1056768K
  class space    used 580K, capacity 630K, committed 640K, reserved 1048576K
}
{Heap before GC invocations=1019 (full 113):
 PSYoungGen      total 145920K, used 116462K [0x00000007b5580000, 0x00000007c0000000, 0x00000007c0000000)
  eden space 135680K, 78% used [0x00000007b5580000,0x00000007bbd7c418,0x00000007bda00000)
  from space 10240K, 97% used [0x00000007bda00000,0x00000007be3bf4b0,0x00000007be400000)
  to   space 19968K, 0% used [0x00000007bec80000,0x00000007bec80000,0x00000007c0000000)
 ParOldGen       total 349696K, used 178118K [0x00000007a0000000, 0x00000007b5580000, 0x00000007b5580000)
  object space 349696K, 50% used [0x00000007a0000000,0x00000007aadf19a0,0x00000007b5580000)
 Metaspace       used 5452K, capacity 5616K, committed 5760K, reserved 1056768K
  class space    used 580K, capacity 630K, committed 640K, reserved 1048576K
2018-07-25T18:09:13.601-0800: 75.881: [GC (Allocation Failure) [PSYoungGen: 116462K->0K(155136K)] 294580K->214101K(504832K), 0.0041493 secs] [Times: user=0.03 sys=0.00, real=0.00 secs] 
Heap after GC invocations=1019 (full 113):
 PSYoungGen      total 155136K, used 0K [0x00000007b5580000, 0x00000007c0000000, 0x00000007c0000000)
  eden space 135168K, 0% used [0x00000007b5580000,0x00000007b5580000,0x00000007bd980000)
  from space 19968K, 0% used [0x00000007bec80000,0x00000007bec80000,0x00000007c0000000)
  to   space 19456K, 0% used [0x00000007bd980000,0x00000007bd980000,0x00000007bec80000)
 ParOldGen       total 349696K, used 214101K [0x00000007a0000000, 0x00000007b5580000, 0x00000007b5580000)
  object space 349696K, 61% used [0x00000007a0000000,0x00000007ad115558,0x00000007b5580000)
 Metaspace       used 5452K, capacity 5616K, committed 5760K, reserved 1056768K
  class space    used 580K, capacity 630K, committed 640K, reserved 1048576K
}
{Heap before GC invocations=1020 (full 113):
 PSYoungGen      total 155136K, used 129267K [0x00000007b5580000, 0x00000007c0000000, 0x00000007c0000000)
  eden space 135168K, 95% used [0x00000007b5580000,0x00000007bd3bce98,0x00000007bd980000)
  from space 19968K, 0% used [0x00000007bec80000,0x00000007bec80000,0x00000007c0000000)
  to   space 19456K, 0% used [0x00000007bd980000,0x00000007bd980000,0x00000007bec80000)
 ParOldGen       total 349696K, used 214101K [0x00000007a0000000, 0x00000007b5580000, 0x00000007b5580000)
  object space 349696K, 61% used [0x00000007a0000000,0x00000007ad115558,0x00000007b5580000)
 Metaspace       used 5452K, capacity 5616K, committed 5760K, reserved 1056768K
  class space    used 580K, capacity 630K, committed 640K, reserved 1048576K
2018-07-25T18:09:13.710-0800: 75.991: [GC (Allocation Failure) [PSYoungGen: 129267K->9981K(154624K)] 343368K->276166K(504320K), 0.0057471 secs] [Times: user=0.04 sys=0.00, real=0.00 secs] 
Heap after GC invocations=1020 (full 113):
 PSYoungGen      total 154624K, used 9981K [0x00000007b5580000, 0x00000007c0000000, 0x00000007c0000000)
  eden space 135168K, 0% used [0x00000007b5580000,0x00000007b5580000,0x00000007bd980000)
  from space 19456K, 51% used [0x00000007bd980000,0x00000007be33f608,0x00000007bec80000)
  to   space 19968K, 0% used [0x00000007bec80000,0x00000007bec80000,0x00000007c0000000)
 ParOldGen       total 349696K, used 266184K [0x00000007a0000000, 0x00000007b5580000, 0x00000007b5580000)
  object space 349696K, 76% used [0x00000007a0000000,0x00000007b03f2308,0x00000007b5580000)
 Metaspace       used 5452K, capacity 5616K, committed 5760K, reserved 1056768K
  class space    used 580K, capacity 630K, committed 640K, reserved 1048576K
}
{Heap before GC invocations=1021 (full 113):
 PSYoungGen      total 154624K, used 142640K [0x00000007b5580000, 0x00000007c0000000, 0x00000007c0000000)
  eden space 135168K, 98% used [0x00000007b5580000,0x00000007bd70cc58,0x00000007bd980000)
  from space 19456K, 51% used [0x00000007bd980000,0x00000007be33f608,0x00000007bec80000)
  to   space 19968K, 0% used [0x00000007bec80000,0x00000007bec80000,0x00000007c0000000)
 ParOldGen       total 349696K, used 266184K [0x00000007a0000000, 0x00000007b5580000, 0x00000007b5580000)
  object space 349696K, 76% used [0x00000007a0000000,0x00000007b03f2308,0x00000007b5580000)
 Metaspace       used 5452K, capacity 5616K, committed 5760K, reserved 1056768K
  class space    used 580K, capacity 630K, committed 640K, reserved 1048576K
2018-07-25T18:09:13.808-0800: 76.088: [GC (Allocation Failure) [PSYoungGen: 142640K->216K(155136K)] 408825K->266400K(504832K), 0.0016762 secs] [Times: user=0.01 sys=0.00, real=0.00 secs] 
Heap after GC invocations=1021 (full 113):
 PSYoungGen      total 155136K, used 216K [0x00000007b5580000, 0x00000007c0000000, 0x00000007c0000000)
  eden space 135168K, 0% used [0x00000007b5580000,0x00000007b5580000,0x00000007bd980000)
  from space 19968K, 1% used [0x00000007bec80000,0x00000007becb60c8,0x00000007c0000000)
  to   space 19456K, 0% used [0x00000007bd980000,0x00000007bd980000,0x00000007bec80000)
 ParOldGen       total 349696K, used 266184K [0x00000007a0000000, 0x00000007b5580000, 0x00000007b5580000)
  object space 349696K, 76% used [0x00000007a0000000,0x00000007b03f2308,0x00000007b5580000)
 Metaspace       used 5452K, capacity 5616K, committed 5760K, reserved 1056768K
  class space    used 580K, capacity 630K, committed 640K, reserved 1048576K
}
{Heap before GC invocations=1022 (full 113):
 PSYoungGen      total 155136K, used 129695K [0x00000007b5580000, 0x00000007c0000000, 0x00000007c0000000)
  eden space 135168K, 95% used [0x00000007b5580000,0x00000007bd3f1da8,0x00000007bd980000)
  from space 19968K, 1% used [0x00000007bec80000,0x00000007becb60c8,0x00000007c0000000)
  to   space 19456K, 0% used [0x00000007bd980000,0x00000007bd980000,0x00000007bec80000)
 ParOldGen       total 349696K, used 266184K [0x00000007a0000000, 0x00000007b5580000, 0x00000007b5580000)
  object space 349696K, 76% used [0x00000007a0000000,0x00000007b03f2308,0x00000007b5580000)
 Metaspace       used 5452K, capacity 5616K, committed 5760K, reserved 1056768K
  class space    used 580K, capacity 630K, committed 640K, reserved 1048576K
2018-07-25T18:09:13.840-0800: 76.120: [GC (Allocation Failure) [PSYoungGen: 129695K->9797K(154624K)] 395880K->328234K(504320K), 0.0077217 secs] [Times: user=0.06 sys=0.00, real=0.00 secs] 
Heap after GC invocations=1022 (full 113):
 PSYoungGen      total 154624K, used 9797K [0x00000007b5580000, 0x00000007c0000000, 0x00000007c0000000)
  eden space 135168K, 0% used [0x00000007b5580000,0x00000007b5580000,0x00000007bd980000)
  from space 19456K, 50% used [0x00000007bd980000,0x00000007be311698,0x00000007bec80000)
  to   space 19456K, 0% used [0x00000007bed00000,0x00000007bed00000,0x00000007c0000000)
 ParOldGen       total 349696K, used 318436K [0x00000007a0000000, 0x00000007b5580000, 0x00000007b5580000)
  object space 349696K, 91% used [0x00000007a0000000,0x00000007b36f9168,0x00000007b5580000)
 Metaspace       used 5452K, capacity 5616K, committed 5760K, reserved 1056768K
  class space    used 580K, capacity 630K, committed 640K, reserved 1048576K
}
{Heap before GC invocations=1023 (full 114):
 PSYoungGen      total 154624K, used 9797K [0x00000007b5580000, 0x00000007c0000000, 0x00000007c0000000)
  eden space 135168K, 0% used [0x00000007b5580000,0x00000007b5580000,0x00000007bd980000)
  from space 19456K, 50% used [0x00000007bd980000,0x00000007be311698,0x00000007bec80000)
  to   space 19456K, 0% used [0x00000007bed00000,0x00000007bed00000,0x00000007c0000000)
 ParOldGen       total 349696K, used 318436K [0x00000007a0000000, 0x00000007b5580000, 0x00000007b5580000)
  object space 349696K, 91% used [0x00000007a0000000,0x00000007b36f9168,0x00000007b5580000)
 Metaspace       used 5452K, capacity 5616K, committed 5760K, reserved 1056768K
  class space    used 580K, capacity 630K, committed 640K, reserved 1048576K
2018-07-25T18:09:13.847-0800: 76.128: [Full GC (Ergonomics) [PSYoungGen: 9797K->0K(154624K)] [ParOldGen: 318436K->73778K(349696K)] 328234K->73778K(504320K), [Metaspace: 5452K->5452K(1056768K)], 0.0109668 secs] [Times: user=0.06 sys=0.00, real=0.01 secs] 
Heap after GC invocations=1023 (full 114):
 PSYoungGen      total 154624K, used 0K [0x00000007b5580000, 0x00000007c0000000, 0x00000007c0000000)
  eden space 135168K, 0% used [0x00000007b5580000,0x00000007b5580000,0x00000007bd980000)
  from space 19456K, 0% used [0x00000007bd980000,0x00000007bd980000,0x00000007bec80000)
  to   space 19456K, 0% used [0x00000007bed00000,0x00000007bed00000,0x00000007c0000000)
 ParOldGen       total 349696K, used 73778K [0x00000007a0000000, 0x00000007b5580000, 0x00000007b5580000)
  object space 349696K, 21% used [0x00000007a0000000,0x00000007a480c830,0x00000007b5580000)
 Metaspace       used 5452K, capacity 5616K, committed 5760K, reserved 1056768K
  class space    used 580K, capacity 630K, committed 640K, reserved 1048576K
}
{Heap before GC invocations=1024 (full 114):
 PSYoungGen      total 154624K, used 129527K [0x00000007b5580000, 0x00000007c0000000, 0x00000007c0000000)
  eden space 135168K, 95% used [0x00000007b5580000,0x00000007bd3fdfb8,0x00000007bd980000)
  from space 19456K, 0% used [0x00000007bd980000,0x00000007bd980000,0x00000007bec80000)
  to   space 19456K, 0% used [0x00000007bed00000,0x00000007bed00000,0x00000007c0000000)
 ParOldGen       total 349696K, used 73778K [0x00000007a0000000, 0x00000007b5580000, 0x00000007b5580000)
  object space 349696K, 21% used [0x00000007a0000000,0x00000007a480c830,0x00000007b5580000)
 Metaspace       used 5452K, capacity 5616K, committed 5760K, reserved 1056768K
  class space    used 580K, capacity 630K, committed 640K, reserved 1048576K
2018-07-25T18:09:13.971-0800: 76.252: [GC (Allocation Failure) [PSYoungGen: 129527K->9982K(154112K)] 203305K->135843K(503808K), 0.0071056 secs] [Times: user=0.05 sys=0.00, real=0.00 secs] 
Heap after GC invocations=1024 (full 114):
 PSYoungGen      total 154112K, used 9982K [0x00000007b5580000, 0x00000007c0000000, 0x00000007c0000000)
  eden space 134656K, 0% used [0x00000007b5580000,0x00000007b5580000,0x00000007bd900000)
  from space 19456K, 51% used [0x00000007bed00000,0x00000007bf6bf8b8,0x00000007c0000000)
  to   space 19968K, 0% used [0x00000007bd900000,0x00000007bd900000,0x00000007bec80000)
 ParOldGen       total 349696K, used 125861K [0x00000007a0000000, 0x00000007b5580000, 0x00000007b5580000)
  object space 349696K, 35% used [0x00000007a0000000,0x00000007a7ae9600,0x00000007b5580000)
 Metaspace       used 5452K, capacity 5616K, committed 5760K, reserved 1056768K
  class space    used 580K, capacity 630K, committed 640K, reserved 1048576K
}
{Heap before GC invocations=1025 (full 114):
 PSYoungGen      total 154112K, used 116455K [0x00000007b5580000, 0x00000007c0000000, 0x00000007c0000000)
  eden space 134656K, 79% used [0x00000007b5580000,0x00000007bbd7a610,0x00000007bd900000)
  from space 19456K, 51% used [0x00000007bed00000,0x00000007bf6bf8b8,0x00000007c0000000)
  to   space 19968K, 0% used [0x00000007bd900000,0x00000007bd900000,0x00000007bec80000)
 ParOldGen       total 349696K, used 125861K [0x00000007a0000000, 0x00000007b5580000, 0x00000007b5580000)
  object space 349696K, 35% used [0x00000007a0000000,0x00000007a7ae9600,0x00000007b5580000)
 Metaspace       used 5452K, capacity 5616K, committed 5760K, reserved 1056768K
  class space    used 580K, capacity 630K, committed 640K, reserved 1048576K
2018-07-25T18:09:13.991-0800: 76.272: [GC (Allocation Failure) [PSYoungGen: 116455K->0K(154624K)] 242317K->161845K(504320K), 0.0056720 secs] [Times: user=0.04 sys=0.00, real=0.00 secs] 
Heap after GC invocations=1025 (full 114):
 PSYoungGen      total 154624K, used 0K [0x00000007b5580000, 0x00000007c0000000, 0x00000007c0000000)
  eden space 134656K, 0% used [0x00000007b5580000,0x00000007b5580000,0x00000007bd900000)
  from space 19968K, 0% used [0x00000007bd900000,0x00000007bd900000,0x00000007bec80000)
  to   space 19456K, 0% used [0x00000007bed00000,0x00000007bed00000,0x00000007c0000000)
 ParOldGen       total 349696K, used 161845K [0x00000007a0000000, 0x00000007b5580000, 0x00000007b5580000)
  object space 349696K, 46% used [0x00000007a0000000,0x00000007a9e0d5c0,0x00000007b5580000)
 Metaspace       used 5452K, capacity 5616K, committed 5760K, reserved 1056768K
  class space    used 580K, capacity 630K, committed 640K, reserved 1048576K
}
{Heap before GC invocations=1026 (full 114):
 PSYoungGen      total 154624K, used 129265K [0x00000007b5580000, 0x00000007c0000000, 0x00000007c0000000)
  eden space 134656K, 95% used [0x00000007b5580000,0x00000007bd3bc5c8,0x00000007bd900000)
  from space 19968K, 0% used [0x00000007bd900000,0x00000007bd900000,0x00000007bec80000)
  to   space 19456K, 0% used [0x00000007bed00000,0x00000007bed00000,0x00000007c0000000)
 ParOldGen       total 349696K, used 161845K [0x00000007a0000000, 0x00000007b5580000, 0x00000007b5580000)
  object space 349696K, 46% used [0x00000007a0000000,0x00000007a9e0d5c0,0x00000007b5580000)
 Metaspace       used 5452K, capacity 5616K, committed 5760K, reserved 1056768K
  class space    used 580K, capacity 630K, committed 640K, reserved 1048576K
2018-07-25T18:09:14.108-0800: 76.389: [GC (Allocation Failure) [PSYoungGen: 129265K->10014K(154112K)] 291110K->223943K(503808K), 0.0055724 secs] [Times: user=0.04 sys=0.00, real=0.01 secs] 
Heap after GC invocations=1026 (full 114):
 PSYoungGen      total 154112K, used 10014K [0x00000007b5580000, 0x00000007c0000000, 0x00000007c0000000)
  eden space 134656K, 0% used [0x00000007b5580000,0x00000007b5580000,0x00000007bd900000)
  from space 19456K, 51% used [0x00000007bed00000,0x00000007bf6c7a10,0x00000007c0000000)
  to   space 19968K, 0% used [0x00000007bd900000,0x00000007bd900000,0x00000007bec80000)
 ParOldGen       total 349696K, used 213928K [0x00000007a0000000, 0x00000007b5580000, 0x00000007b5580000)
  object space 349696K, 61% used [0x00000007a0000000,0x00000007ad0ea370,0x00000007b5580000)
 Metaspace       used 5452K, capacity 5616K, committed 5760K, reserved 1056768K
  class space    used 580K, capacity 630K, committed 640K, reserved 1048576K
}
{Heap before GC invocations=1027 (full 114):
 PSYoungGen      total 154112K, used 142668K [0x00000007b5580000, 0x00000007c0000000, 0x00000007c0000000)
  eden space 134656K, 98% used [0x00000007b5580000,0x00000007bd70b848,0x00000007bd900000)
  from space 19456K, 51% used [0x00000007bed00000,0x00000007bf6c7a10,0x00000007c0000000)
  to   space 19968K, 0% used [0x00000007bd900000,0x00000007bd900000,0x00000007bec80000)
 ParOldGen       total 349696K, used 213928K [0x00000007a0000000, 0x00000007b5580000, 0x00000007b5580000)
  object space 349696K, 61% used [0x00000007a0000000,0x00000007ad0ea370,0x00000007b5580000)
 Metaspace       used 5452K, capacity 5616K, committed 5760K, reserved 1056768K
  class space    used 580K, capacity 630K, committed 640K, reserved 1048576K
2018-07-25T18:09:14.207-0800: 76.487: [GC (Allocation Failure) [PSYoungGen: 142668K->217K(154624K)] 356597K->214146K(504320K), 0.0015051 secs] [Times: user=0.01 sys=0.00, real=0.00 secs] 
Heap after GC invocations=1027 (full 114):
 PSYoungGen      total 154624K, used 217K [0x00000007b5580000, 0x00000007c0000000, 0x00000007c0000000)
  eden space 134656K, 0% used [0x00000007b5580000,0x00000007b5580000,0x00000007bd900000)
  from space 19968K, 1% used [0x00000007bd900000,0x00000007bd9364d0,0x00000007bec80000)
  to   space 19456K, 0% used [0x00000007bed00000,0x00000007bed00000,0x00000007c0000000)
 ParOldGen       total 349696K, used 213928K [0x00000007a0000000, 0x00000007b5580000, 0x00000007b5580000)
  object space 349696K, 61% used [0x00000007a0000000,0x00000007ad0ea370,0x00000007b5580000)
 Metaspace       used 5452K, capacity 5616K, committed 5760K, reserved 1056768K
  class space    used 580K, capacity 630K, committed 640K, reserved 1048576K
}
{Heap before GC invocations=1028 (full 114):
 PSYoungGen      total 154624K, used 129689K [0x00000007b5580000, 0x00000007c0000000, 0x00000007c0000000)
  eden space 134656K, 96% used [0x00000007b5580000,0x00000007bd3f02c0,0x00000007bd900000)
  from space 19968K, 1% used [0x00000007bd900000,0x00000007bd9364d0,0x00000007bec80000)
  to   space 19456K, 0% used [0x00000007bed00000,0x00000007bed00000,0x00000007c0000000)
 ParOldGen       total 349696K, used 213928K [0x00000007a0000000, 0x00000007b5580000, 0x00000007b5580000)
  object space 349696K, 61% used [0x00000007a0000000,0x00000007ad0ea370,0x00000007b5580000)
 Metaspace       used 5452K, capacity 5616K, committed 5760K, reserved 1056768K
  class space    used 580K, capacity 630K, committed 640K, reserved 1048576K
2018-07-25T18:09:14.237-0800: 76.517: [GC (Allocation Failure) [PSYoungGen: 129689K->9797K(155136K)] 343618K->275987K(504832K), 0.0078437 secs] [Times: user=0.06 sys=0.00, real=0.01 secs] 
Heap after GC invocations=1028 (full 114):
 PSYoungGen      total 155136K, used 9797K [0x00000007b5580000, 0x00000007c0000000, 0x00000007c0000000)
  eden space 135680K, 0% used [0x00000007b5580000,0x00000007b5580000,0x00000007bda00000)
  from space 19456K, 50% used [0x00000007bed00000,0x00000007bf691698,0x00000007c0000000)
  to   space 19456K, 0% used [0x00000007bda00000,0x00000007bda00000,0x00000007bed00000)
 ParOldGen       total 349696K, used 266189K [0x00000007a0000000, 0x00000007b5580000, 0x00000007b5580000)
  object space 349696K, 76% used [0x00000007a0000000,0x00000007b03f35d8,0x00000007b5580000)
 Metaspace       used 5452K, capacity 5616K, committed 5760K, reserved 1056768K
  class space    used 580K, capacity 630K, committed 640K, reserved 1048576K
}
{Heap before GC invocations=1029 (full 114):
 PSYoungGen      total 155136K, used 139337K [0x00000007b5580000, 0x00000007c0000000, 0x00000007c0000000)
  eden space 135680K, 95% used [0x00000007b5580000,0x00000007bd400e78,0x00000007bda00000)
  from space 19456K, 50% used [0x00000007bed00000,0x00000007bf691698,0x00000007c0000000)
  to   space 19456K, 0% used [0x00000007bda00000,0x00000007bda00000,0x00000007bed00000)
 ParOldGen       total 349696K, used 266189K [0x00000007a0000000, 0x00000007b5580000, 0x00000007b5580000)
  object space 349696K, 76% used [0x00000007a0000000,0x00000007b03f35d8,0x00000007b5580000)
 Metaspace       used 5452K, capacity 5616K, committed 5760K, reserved 1056768K
  class space    used 580K, capacity 630K, committed 640K, reserved 1048576K
2018-07-25T18:09:14.351-0800: 76.632: [GC (Allocation Failure) [PSYoungGen: 139337K->10015K(145920K)] 405526K->302246K(495616K), 0.0043537 secs] [Times: user=0.03 sys=0.00, real=0.00 secs] 
Heap after GC invocations=1029 (full 114):
 PSYoungGen      total 145920K, used 10015K [0x00000007b5580000, 0x00000007c0000000, 0x00000007c0000000)
  eden space 135680K, 0% used [0x00000007b5580000,0x00000007b5580000,0x00000007bda00000)
  from space 10240K, 97% used [0x00000007bda00000,0x00000007be3c7cc0,0x00000007be400000)
  to   space 19968K, 0% used [0x00000007bec80000,0x00000007bec80000,0x00000007c0000000)
 ParOldGen       total 349696K, used 292231K [0x00000007a0000000, 0x00000007b5580000, 0x00000007b5580000)
  object space 349696K, 83% used [0x00000007a0000000,0x00000007b1d61ca0,0x00000007b5580000)
 Metaspace       used 5452K, capacity 5616K, committed 5760K, reserved 1056768K
  class space    used 580K, capacity 630K, committed 640K, reserved 1048576K
}
{Heap before GC invocations=1030 (full 115):
 PSYoungGen      total 145920K, used 10015K [0x00000007b5580000, 0x00000007c0000000, 0x00000007c0000000)
  eden space 135680K, 0% used [0x00000007b5580000,0x00000007b5580000,0x00000007bda00000)
  from space 10240K, 97% used [0x00000007bda00000,0x00000007be3c7cc0,0x00000007be400000)
  to   space 19968K, 0% used [0x00000007bec80000,0x00000007bec80000,0x00000007c0000000)
 ParOldGen       total 349696K, used 292231K [0x00000007a0000000, 0x00000007b5580000, 0x00000007b5580000)
  object space 349696K, 83% used [0x00000007a0000000,0x00000007b1d61ca0,0x00000007b5580000)
 Metaspace       used 5452K, capacity 5616K, committed 5760K, reserved 1056768K
  class space    used 580K, capacity 630K, committed 640K, reserved 1048576K
2018-07-25T18:09:14.356-0800: 76.636: [Full GC (Ergonomics) [PSYoungGen: 10015K->0K(145920K)] [ParOldGen: 292231K->47737K(349696K)] 302246K->47737K(495616K), [Metaspace: 5452K->5452K(1056768K)], 0.0078550 secs] [Times: user=0.04 sys=0.00, real=0.01 secs] 
Heap after GC invocations=1030 (full 115):
 PSYoungGen      total 145920K, used 0K [0x00000007b5580000, 0x00000007c0000000, 0x00000007c0000000)
  eden space 135680K, 0% used [0x00000007b5580000,0x00000007b5580000,0x00000007bda00000)
  from space 10240K, 0% used [0x00000007bda00000,0x00000007bda00000,0x00000007be400000)
  to   space 19968K, 0% used [0x00000007bec80000,0x00000007bec80000,0x00000007c0000000)
 ParOldGen       total 349696K, used 47737K [0x00000007a0000000, 0x00000007b5580000, 0x00000007b5580000)
  object space 349696K, 13% used [0x00000007a0000000,0x00000007a2e9e708,0x00000007b5580000)
 Metaspace       used 5452K, capacity 5616K, committed 5760K, reserved 1056768K
  class space    used 580K, capacity 630K, committed 640K, reserved 1048576K
}
{Heap before GC invocations=1031 (full 115):
 PSYoungGen      total 145920K, used 106492K [0x00000007b5580000, 0x00000007c0000000, 0x00000007c0000000)
  eden space 135680K, 78% used [0x00000007b5580000,0x00000007bbd7f108,0x00000007bda00000)
  from space 10240K, 0% used [0x00000007bda00000,0x00000007bda00000,0x00000007be400000)
  to   space 19968K, 0% used [0x00000007bec80000,0x00000007bec80000,0x00000007c0000000)
 ParOldGen       total 349696K, used 47737K [0x00000007a0000000, 0x00000007b5580000, 0x00000007b5580000)
  object space 349696K, 13% used [0x00000007a0000000,0x00000007a2e9e708,0x00000007b5580000)
 Metaspace       used 5452K, capacity 5616K, committed 5760K, reserved 1056768K
  class space    used 580K, capacity 630K, committed 640K, reserved 1048576K
2018-07-25T18:09:14.377-0800: 76.657: [GC (Allocation Failure) [PSYoungGen: 106492K->0K(155136K)] 154230K->125862K(504832K), 0.0093132 secs] [Times: user=0.07 sys=0.01, real=0.01 secs] 
Heap after GC invocations=1031 (full 115):
 PSYoungGen      total 155136K, used 0K [0x00000007b5580000, 0x00000007c0000000, 0x00000007c0000000)
  eden space 135168K, 0% used [0x00000007b5580000,0x00000007b5580000,0x00000007bd980000)
  from space 19968K, 0% used [0x00000007bec80000,0x00000007bec80000,0x00000007c0000000)
  to   space 19456K, 0% used [0x00000007bd980000,0x00000007bd980000,0x00000007bec80000)
 ParOldGen       total 349696K, used 125862K [0x00000007a0000000, 0x00000007b5580000, 0x00000007b5580000)
  object space 349696K, 35% used [0x00000007a0000000,0x00000007a7ae9ba8,0x00000007b5580000)
 Metaspace       used 5452K, capacity 5616K, committed 5760K, reserved 1056768K
  class space    used 580K, capacity 630K, committed 640K, reserved 1048576K
}
{Heap before GC invocations=1032 (full 115):
 PSYoungGen      total 155136K, used 128921K [0x00000007b5580000, 0x00000007c0000000, 0x00000007c0000000)
  eden space 135168K, 95% used [0x00000007b5580000,0x00000007bd3667f8,0x00000007bd980000)
  from space 19968K, 0% used [0x00000007bec80000,0x00000007bec80000,0x00000007c0000000)
  to   space 19456K, 0% used [0x00000007bd980000,0x00000007bd980000,0x00000007bec80000)
 ParOldGen       total 349696K, used 125862K [0x00000007a0000000, 0x00000007b5580000, 0x00000007b5580000)
  object space 349696K, 35% used [0x00000007a0000000,0x00000007a7ae9ba8,0x00000007b5580000)
 Metaspace       used 5452K, capacity 5616K, committed 5760K, reserved 1056768K
  class space    used 580K, capacity 630K, committed 640K, reserved 1048576K
2018-07-25T18:09:14.497-0800: 76.777: [GC (Allocation Failure) [PSYoungGen: 128921K->9983K(154624K)] 254784K->187929K(504320K), 0.0063851 secs] [Times: user=0.05 sys=0.00, real=0.01 secs] 
Heap after GC invocations=1032 (full 115):
 PSYoungGen      total 154624K, used 9983K [0x00000007b5580000, 0x00000007c0000000, 0x00000007c0000000)
  eden space 135168K, 0% used [0x00000007b5580000,0x00000007b5580000,0x00000007bd980000)
  from space 19456K, 51% used [0x00000007bd980000,0x00000007be33fe18,0x00000007bec80000)
  to   space 19968K, 0% used [0x00000007bec80000,0x00000007bec80000,0x00000007c0000000)
 ParOldGen       total 349696K, used 177946K [0x00000007a0000000, 0x00000007b5580000, 0x00000007b5580000)
  object space 349696K, 50% used [0x00000007a0000000,0x00000007aadc6958,0x00000007b5580000)
 Metaspace       used 5452K, capacity 5616K, committed 5760K, reserved 1056768K
  class space    used 580K, capacity 630K, committed 640K, reserved 1048576K
}
{Heap before GC invocations=1033 (full 115):
 PSYoungGen      total 154624K, used 142417K [0x00000007b5580000, 0x00000007c0000000, 0x00000007c0000000)
  eden space 135168K, 97% used [0x00000007b5580000,0x00000007bd6d49a8,0x00000007bd980000)
  from space 19456K, 51% used [0x00000007bd980000,0x00000007be33fe18,0x00000007bec80000)
  to   space 19968K, 0% used [0x00000007bec80000,0x00000007bec80000,0x00000007c0000000)
 ParOldGen       total 349696K, used 177946K [0x00000007a0000000, 0x00000007b5580000, 0x00000007b5580000)
  object space 349696K, 50% used [0x00000007a0000000,0x00000007aadc6958,0x00000007b5580000)
 Metaspace       used 5452K, capacity 5616K, committed 5760K, reserved 1056768K
  class space    used 580K, capacity 630K, committed 640K, reserved 1048576K
2018-07-25T18:09:14.595-0800: 76.876: [GC (Allocation Failure) [PSYoungGen: 142417K->250K(155136K)] 320364K->178196K(504832K), 0.0012635 secs] [Times: user=0.01 sys=0.00, real=0.00 secs] 
Heap after GC invocations=1033 (full 115):
 PSYoungGen      total 155136K, used 250K [0x00000007b5580000, 0x00000007c0000000, 0x00000007c0000000)
  eden space 135168K, 0% used [0x00000007b5580000,0x00000007b5580000,0x00000007bd980000)
  from space 19968K, 1% used [0x00000007bec80000,0x00000007becbe8d8,0x00000007c0000000)
  to   space 19456K, 0% used [0x00000007bd980000,0x00000007bd980000,0x00000007bec80000)
 ParOldGen       total 349696K, used 177946K [0x00000007a0000000, 0x00000007b5580000, 0x00000007b5580000)
  object space 349696K, 50% used [0x00000007a0000000,0x00000007aadc6958,0x00000007b5580000)
 Metaspace       used 5452K, capacity 5616K, committed 5760K, reserved 1056768K
  class space    used 580K, capacity 630K, committed 640K, reserved 1048576K
}
{Heap before GC invocations=1034 (full 115):
 PSYoungGen      total 155136K, used 129585K [0x00000007b5580000, 0x00000007c0000000, 0x00000007c0000000)
  eden space 135168K, 95% used [0x00000007b5580000,0x00000007bd3cdc10,0x00000007bd980000)
  from space 19968K, 1% used [0x00000007bec80000,0x00000007becbe8d8,0x00000007c0000000)
  to   space 19456K, 0% used [0x00000007bd980000,0x00000007bd980000,0x00000007bec80000)
 ParOldGen       total 349696K, used 177946K [0x00000007a0000000, 0x00000007b5580000, 0x00000007b5580000)
  object space 349696K, 50% used [0x00000007a0000000,0x00000007aadc6958,0x00000007b5580000)
 Metaspace       used 5452K, capacity 5616K, committed 5760K, reserved 1056768K
  class space    used 580K, capacity 630K, committed 640K, reserved 1048576K
2018-07-25T18:09:14.625-0800: 76.905: [GC (Allocation Failure) [PSYoungGen: 129585K->9797K(154624K)] 307531K->240005K(504320K), 0.0080644 secs] [Times: user=0.06 sys=0.00, real=0.01 secs] 
Heap after GC invocations=1034 (full 115):
 PSYoungGen      total 154624K, used 9797K [0x00000007b5580000, 0x00000007c0000000, 0x00000007c0000000)
  eden space 135168K, 0% used [0x00000007b5580000,0x00000007b5580000,0x00000007bd980000)
  from space 19456K, 50% used [0x00000007bd980000,0x00000007be311698,0x00000007bec80000)
  to   space 19456K, 0% used [0x00000007bed00000,0x00000007bed00000,0x00000007c0000000)
 ParOldGen       total 349696K, used 230207K [0x00000007a0000000, 0x00000007b5580000, 0x00000007b5580000)
  object space 349696K, 65% used [0x00000007a0000000,0x00000007ae0cffc8,0x00000007b5580000)
 Metaspace       used 5452K, capacity 5616K, committed 5760K, reserved 1056768K
  class space    used 580K, capacity 630K, committed 640K, reserved 1048576K
}
{Heap before GC invocations=1035 (full 115):
 PSYoungGen      total 154624K, used 139232K [0x00000007b5580000, 0x00000007c0000000, 0x00000007c0000000)
  eden space 135168K, 95% used [0x00000007b5580000,0x00000007bd3e6cb0,0x00000007bd980000)
  from space 19456K, 50% used [0x00000007bd980000,0x00000007be311698,0x00000007bec80000)
  to   space 19456K, 0% used [0x00000007bed00000,0x00000007bed00000,0x00000007c0000000)
 ParOldGen       total 349696K, used 230207K [0x00000007a0000000, 0x00000007b5580000, 0x00000007b5580000)
  object space 349696K, 65% used [0x00000007a0000000,0x00000007ae0cffc8,0x00000007b5580000)
 Metaspace       used 5452K, capacity 5616K, committed 5760K, reserved 1056768K
  class space    used 580K, capacity 630K, committed 640K, reserved 1048576K
2018-07-25T18:09:14.738-0800: 77.019: [GC (Allocation Failure) [PSYoungGen: 139232K->10016K(154112K)] 369440K->266265K(503808K), 0.0047720 secs] [Times: user=0.03 sys=0.00, real=0.01 secs] 
Heap after GC invocations=1035 (full 115):
 PSYoungGen      total 154112K, used 10016K [0x00000007b5580000, 0x00000007c0000000, 0x00000007c0000000)
  eden space 134656K, 0% used [0x00000007b5580000,0x00000007b5580000,0x00000007bd900000)
  from space 19456K, 51% used [0x00000007bed00000,0x00000007bf6c80c8,0x00000007c0000000)
  to   space 19968K, 0% used [0x00000007bd900000,0x00000007bd900000,0x00000007bec80000)
 ParOldGen       total 349696K, used 256249K [0x00000007a0000000, 0x00000007b5580000, 0x00000007b5580000)
  object space 349696K, 73% used [0x00000007a0000000,0x00000007afa3e690,0x00000007b5580000)
 Metaspace       used 5452K, capacity 5616K, committed 5760K, reserved 1056768K
  class space    used 580K, capacity 630K, committed 640K, reserved 1048576K
}
{Heap before GC invocations=1036 (full 115):
 PSYoungGen      total 154112K, used 116430K [0x00000007b5580000, 0x00000007c0000000, 0x00000007c0000000)
  eden space 134656K, 79% used [0x00000007b5580000,0x00000007bbd6b7a0,0x00000007bd900000)
  from space 19456K, 51% used [0x00000007bed00000,0x00000007bf6c80c8,0x00000007c0000000)
  to   space 19968K, 0% used [0x00000007bd900000,0x00000007bd900000,0x00000007bec80000)
 ParOldGen       total 349696K, used 256249K [0x00000007a0000000, 0x00000007b5580000, 0x00000007b5580000)
  object space 349696K, 73% used [0x00000007a0000000,0x00000007afa3e690,0x00000007b5580000)
 Metaspace       used 5452K, capacity 5616K, committed 5760K, reserved 1056768K
  class space    used 580K, capacity 630K, committed 640K, reserved 1048576K
2018-07-25T18:09:14.764-0800: 77.045: [GC (Allocation Failure) [PSYoungGen: 116430K->0K(154624K)] 372679K->292227K(504320K), 0.0074045 secs] [Times: user=0.05 sys=0.00, real=0.01 secs] 
Heap after GC invocations=1036 (full 115):
 PSYoungGen      total 154624K, used 0K [0x00000007b5580000, 0x00000007c0000000, 0x00000007c0000000)
  eden space 134656K, 0% used [0x00000007b5580000,0x00000007b5580000,0x00000007bd900000)
  from space 19968K, 0% used [0x00000007bd900000,0x00000007bd900000,0x00000007bec80000)
  to   space 19456K, 0% used [0x00000007bed00000,0x00000007bed00000,0x00000007c0000000)
 ParOldGen       total 349696K, used 292227K [0x00000007a0000000, 0x00000007b5580000, 0x00000007b5580000)
  object space 349696K, 83% used [0x00000007a0000000,0x00000007b1d60e60,0x00000007b5580000)
 Metaspace       used 5452K, capacity 5616K, committed 5760K, reserved 1056768K
  class space    used 580K, capacity 630K, committed 640K, reserved 1048576K
}
{Heap before GC invocations=1037 (full 116):
 PSYoungGen      total 154624K, used 0K [0x00000007b5580000, 0x00000007c0000000, 0x00000007c0000000)
  eden space 134656K, 0% used [0x00000007b5580000,0x00000007b5580000,0x00000007bd900000)
  from space 19968K, 0% used [0x00000007bd900000,0x00000007bd900000,0x00000007bec80000)
  to   space 19456K, 0% used [0x00000007bed00000,0x00000007bed00000,0x00000007c0000000)
 ParOldGen       total 349696K, used 292227K [0x00000007a0000000, 0x00000007b5580000, 0x00000007b5580000)
  object space 349696K, 83% used [0x00000007a0000000,0x00000007b1d60e60,0x00000007b5580000)
 Metaspace       used 5452K, capacity 5616K, committed 5760K, reserved 1056768K
  class space    used 580K, capacity 630K, committed 640K, reserved 1048576K
2018-07-25T18:09:14.772-0800: 77.052: [Full GC (Ergonomics) [PSYoungGen: 0K->0K(154624K)] [ParOldGen: 292227K->47738K(349696K)] 292227K->47738K(504320K), [Metaspace: 5452K->5452K(1056768K)], 0.0137149 secs] [Times: user=0.06 sys=0.00, real=0.01 secs] 
Heap after GC invocations=1037 (full 116):
 PSYoungGen      total 154624K, used 0K [0x00000007b5580000, 0x00000007c0000000, 0x00000007c0000000)
  eden space 134656K, 0% used [0x00000007b5580000,0x00000007b5580000,0x00000007bd900000)
  from space 19968K, 0% used [0x00000007bd900000,0x00000007bd900000,0x00000007bec80000)
  to   space 19456K, 0% used [0x00000007bed00000,0x00000007bed00000,0x00000007c0000000)
 ParOldGen       total 349696K, used 47738K [0x00000007a0000000, 0x00000007b5580000, 0x00000007b5580000)
  object space 349696K, 13% used [0x00000007a0000000,0x00000007a2e9eaf0,0x00000007b5580000)
 Metaspace       used 5452K, capacity 5616K, committed 5760K, reserved 1056768K
  class space    used 580K, capacity 630K, committed 640K, reserved 1048576K
}
{Heap before GC invocations=1038 (full 116):
 PSYoungGen      total 154624K, used 129227K [0x00000007b5580000, 0x00000007c0000000, 0x00000007c0000000)
  eden space 134656K, 95% used [0x00000007b5580000,0x00000007bd3b2ce8,0x00000007bd900000)
  from space 19968K, 0% used [0x00000007bd900000,0x00000007bd900000,0x00000007bec80000)
  to   space 19456K, 0% used [0x00000007bed00000,0x00000007bed00000,0x00000007c0000000)
 ParOldGen       total 349696K, used 47738K [0x00000007a0000000, 0x00000007b5580000, 0x00000007b5580000)
  object space 349696K, 13% used [0x00000007a0000000,0x00000007a2e9eaf0,0x00000007b5580000)
 Metaspace       used 5452K, capacity 5616K, committed 5760K, reserved 1056768K
  class space    used 580K, capacity 630K, committed 640K, reserved 1048576K
2018-07-25T18:09:14.917-0800: 77.198: [GC (Allocation Failure) [PSYoungGen: 129227K->10048K(154112K)] 176965K->109870K(503808K), 0.0063282 secs] [Times: user=0.05 sys=0.00, real=0.01 secs] 
Heap after GC invocations=1038 (full 116):
 PSYoungGen      total 154112K, used 10048K [0x00000007b5580000, 0x00000007c0000000, 0x00000007c0000000)
  eden space 134656K, 0% used [0x00000007b5580000,0x00000007b5580000,0x00000007bd900000)
  from space 19456K, 51% used [0x00000007bed00000,0x00000007bf6d0220,0x00000007c0000000)
  to   space 19968K, 0% used [0x00000007bd900000,0x00000007bd900000,0x00000007bec80000)
 ParOldGen       total 349696K, used 99822K [0x00000007a0000000, 0x00000007b5580000, 0x00000007b5580000)
  object space 349696K, 28% used [0x00000007a0000000,0x00000007a617b8a0,0x00000007b5580000)
 Metaspace       used 5452K, capacity 5616K, committed 5760K, reserved 1056768K
  class space    used 580K, capacity 630K, committed 640K, reserved 1048576K
}
{Heap before GC invocations=1039 (full 116):
 PSYoungGen      total 154112K, used 142661K [0x00000007b5580000, 0x00000007c0000000, 0x00000007c0000000)
  eden space 134656K, 98% used [0x00000007b5580000,0x00000007bd701298,0x00000007bd900000)
  from space 19456K, 51% used [0x00000007bed00000,0x00000007bf6d0220,0x00000007c0000000)
  to   space 19968K, 0% used [0x00000007bd900000,0x00000007bd900000,0x00000007bec80000)
 ParOldGen       total 349696K, used 99822K [0x00000007a0000000, 0x00000007b5580000, 0x00000007b5580000)
  object space 349696K, 28% used [0x00000007a0000000,0x00000007a617b8a0,0x00000007b5580000)
 Metaspace       used 5452K, capacity 5616K, committed 5760K, reserved 1056768K
  class space    used 580K, capacity 630K, committed 640K, reserved 1048576K
2018-07-25T18:09:15.027-0800: 77.308: [GC (Allocation Failure) [PSYoungGen: 142661K->251K(154624K)] 242483K->100073K(504320K), 0.0010427 secs] [Times: user=0.01 sys=0.00, real=0.00 secs] 
Heap after GC invocations=1039 (full 116):
 PSYoungGen      total 154624K, used 251K [0x00000007b5580000, 0x00000007c0000000, 0x00000007c0000000)
  eden space 134656K, 0% used [0x00000007b5580000,0x00000007b5580000,0x00000007bd900000)
  from space 19968K, 1% used [0x00000007bd900000,0x00000007bd93ece0,0x00000007bec80000)
  to   space 19456K, 0% used [0x00000007bed00000,0x00000007bed00000,0x00000007c0000000)
 ParOldGen       total 349696K, used 99822K [0x00000007a0000000, 0x00000007b5580000, 0x00000007b5580000)
  object space 349696K, 28% used [0x00000007a0000000,0x00000007a617b8a0,0x00000007b5580000)
 Metaspace       used 5452K, capacity 5616K, committed 5760K, reserved 1056768K
  class space    used 580K, capacity 630K, committed 640K, reserved 1048576K
}
{Heap before GC invocations=1040 (full 116):
 PSYoungGen      total 154624K, used 129697K [0x00000007b5580000, 0x00000007c0000000, 0x00000007c0000000)
  eden space 134656K, 96% used [0x00000007b5580000,0x00000007bd3e9868,0x00000007bd900000)
  from space 19968K, 1% used [0x00000007bd900000,0x00000007bd93ece0,0x00000007bec80000)
  to   space 19456K, 0% used [0x00000007bed00000,0x00000007bed00000,0x00000007c0000000)
 ParOldGen       total 349696K, used 99822K [0x00000007a0000000, 0x00000007b5580000, 0x00000007b5580000)
  object space 349696K, 28% used [0x00000007a0000000,0x00000007a617b8a0,0x00000007b5580000)
 Metaspace       used 5452K, capacity 5616K, committed 5760K, reserved 1056768K
  class space    used 580K, capacity 630K, committed 640K, reserved 1048576K
2018-07-25T18:09:15.057-0800: 77.337: [GC (Allocation Failure) [PSYoungGen: 129697K->9797K(155136K)] 229519K->161890K(504832K), 0.0068885 secs] [Times: user=0.06 sys=0.00, real=0.01 secs] 
Heap after GC invocations=1040 (full 116):
 PSYoungGen      total 155136K, used 9797K [0x00000007b5580000, 0x00000007c0000000, 0x00000007c0000000)
  eden space 135680K, 0% used [0x00000007b5580000,0x00000007b5580000,0x00000007bda00000)
  from space 19456K, 50% used [0x00000007bed00000,0x00000007bf691698,0x00000007c0000000)
  to   space 19456K, 0% used [0x00000007bda00000,0x00000007bda00000,0x00000007bed00000)
 ParOldGen       total 349696K, used 152092K [0x00000007a0000000, 0x00000007b5580000, 0x00000007b5580000)
  object space 349696K, 43% used [0x00000007a0000000,0x00000007a9487318,0x00000007b5580000)
 Metaspace       used 5452K, capacity 5616K, committed 5760K, reserved 1056768K
  class space    used 580K, capacity 630K, committed 640K, reserved 1048576K
}
{Heap before GC invocations=1041 (full 116):
 PSYoungGen      total 155136K, used 139320K [0x00000007b5580000, 0x00000007c0000000, 0x00000007c0000000)
  eden space 135680K, 95% used [0x00000007b5580000,0x00000007bd3fc9d8,0x00000007bda00000)
  from space 19456K, 50% used [0x00000007bed00000,0x00000007bf691698,0x00000007c0000000)
  to   space 19456K, 0% used [0x00000007bda00000,0x00000007bda00000,0x00000007bed00000)
 ParOldGen       total 349696K, used 152092K [0x00000007a0000000, 0x00000007b5580000, 0x00000007b5580000)
  object space 349696K, 43% used [0x00000007a0000000,0x00000007a9487318,0x00000007b5580000)
 Metaspace       used 5452K, capacity 5616K, committed 5760K, reserved 1056768K
  class space    used 580K, capacity 630K, committed 640K, reserved 1048576K
2018-07-25T18:09:15.171-0800: 77.452: [GC (Allocation Failure) [PSYoungGen: 139320K->9985K(145920K)] 291412K->188119K(495616K), 0.0045935 secs] [Times: user=0.03 sys=0.00, real=0.00 secs] 
Heap after GC invocations=1041 (full 116):
 PSYoungGen      total 145920K, used 9985K [0x00000007b5580000, 0x00000007c0000000, 0x00000007c0000000)
  eden space 135680K, 0% used [0x00000007b5580000,0x00000007b5580000,0x00000007bda00000)
  from space 10240K, 97% used [0x00000007bda00000,0x00000007be3c04d0,0x00000007be400000)
  to   space 19968K, 0% used [0x00000007bec80000,0x00000007bec80000,0x00000007c0000000)
 ParOldGen       total 349696K, used 178134K [0x00000007a0000000, 0x00000007b5580000, 0x00000007b5580000)
  object space 349696K, 50% used [0x00000007a0000000,0x00000007aadf59e0,0x00000007b5580000)
 Metaspace       used 5452K, capacity 5616K, committed 5760K, reserved 1056768K
  class space    used 580K, capacity 630K, committed 640K, reserved 1048576K
}
{Heap before GC invocations=1042 (full 116):
 PSYoungGen      total 145920K, used 116466K [0x00000007b5580000, 0x00000007c0000000, 0x00000007c0000000)
  eden space 135680K, 78% used [0x00000007b5580000,0x00000007bbd7c4c0,0x00000007bda00000)
  from space 10240K, 97% used [0x00000007bda00000,0x00000007be3c04d0,0x00000007be400000)
  to   space 19968K, 0% used [0x00000007bec80000,0x00000007bec80000,0x00000007c0000000)
 ParOldGen       total 349696K, used 178134K [0x00000007a0000000, 0x00000007b5580000, 0x00000007b5580000)
  object space 349696K, 50% used [0x00000007a0000000,0x00000007aadf59e0,0x00000007b5580000)
 Metaspace       used 5452K, capacity 5616K, committed 5760K, reserved 1056768K
  class space    used 580K, capacity 630K, committed 640K, reserved 1048576K
2018-07-25T18:09:15.193-0800: 77.473: [GC (Allocation Failure) [PSYoungGen: 116466K->0K(155136K)] 294600K->214121K(504832K), 0.0047405 secs] [Times: user=0.03 sys=0.00, real=0.00 secs] 
Heap after GC invocations=1042 (full 116):
 PSYoungGen      total 155136K, used 0K [0x00000007b5580000, 0x00000007c0000000, 0x00000007c0000000)
  eden space 135168K, 0% used [0x00000007b5580000,0x00000007b5580000,0x00000007bd980000)
  from space 19968K, 0% used [0x00000007bec80000,0x00000007bec80000,0x00000007c0000000)
  to   space 19456K, 0% used [0x00000007bd980000,0x00000007bd980000,0x00000007bec80000)
 ParOldGen       total 349696K, used 214121K [0x00000007a0000000, 0x00000007b5580000, 0x00000007b5580000)
  object space 349696K, 61% used [0x00000007a0000000,0x00000007ad11a5b8,0x00000007b5580000)
 Metaspace       used 5452K, capacity 5616K, committed 5760K, reserved 1056768K
  class space    used 580K, capacity 630K, committed 640K, reserved 1048576K
}
{Heap before GC invocations=1043 (full 116):
 PSYoungGen      total 155136K, used 129267K [0x00000007b5580000, 0x00000007c0000000, 0x00000007c0000000)
  eden space 135168K, 95% used [0x00000007b5580000,0x00000007bd3bcf90,0x00000007bd980000)
  from space 19968K, 0% used [0x00000007bec80000,0x00000007bec80000,0x00000007c0000000)
  to   space 19456K, 0% used [0x00000007bd980000,0x00000007bd980000,0x00000007bec80000)
 ParOldGen       total 349696K, used 214121K [0x00000007a0000000, 0x00000007b5580000, 0x00000007b5580000)
  object space 349696K, 61% used [0x00000007a0000000,0x00000007ad11a5b8,0x00000007b5580000)
 Metaspace       used 5452K, capacity 5616K, committed 5760K, reserved 1056768K
  class space    used 580K, capacity 630K, committed 640K, reserved 1048576K
2018-07-25T18:09:15.302-0800: 77.583: [GC (Allocation Failure) [PSYoungGen: 129267K->9985K(154624K)] 343389K->276190K(504320K), 0.0053972 secs] [Times: user=0.04 sys=0.00, real=0.00 secs] 
Heap after GC invocations=1043 (full 116):
 PSYoungGen      total 154624K, used 9985K [0x00000007b5580000, 0x00000007c0000000, 0x00000007c0000000)
  eden space 135168K, 0% used [0x00000007b5580000,0x00000007b5580000,0x00000007bd980000)
  from space 19456K, 51% used [0x00000007bd980000,0x00000007be340628,0x00000007bec80000)
  to   space 19968K, 0% used [0x00000007bec80000,0x00000007bec80000,0x00000007c0000000)
 ParOldGen       total 349696K, used 266204K [0x00000007a0000000, 0x00000007b5580000, 0x00000007b5580000)
  object space 349696K, 76% used [0x00000007a0000000,0x00000007b03f7368,0x00000007b5580000)
 Metaspace       used 5452K, capacity 5616K, committed 5760K, reserved 1056768K
  class space    used 580K, capacity 630K, committed 640K, reserved 1048576K
}
{Heap before GC invocations=1044 (full 116):
 PSYoungGen      total 154624K, used 142644K [0x00000007b5580000, 0x00000007c0000000, 0x00000007c0000000)
  eden space 135168K, 98% used [0x00000007b5580000,0x00000007bd70cd00,0x00000007bd980000)
  from space 19456K, 51% used [0x00000007bd980000,0x00000007be340628,0x00000007bec80000)
  to   space 19968K, 0% used [0x00000007bec80000,0x00000007bec80000,0x00000007c0000000)
 ParOldGen       total 349696K, used 266204K [0x00000007a0000000, 0x00000007b5580000, 0x00000007b5580000)
  object space 349696K, 76% used [0x00000007a0000000,0x00000007b03f7368,0x00000007b5580000)
 Metaspace       used 5452K, capacity 5616K, committed 5760K, reserved 1056768K
  class space    used 580K, capacity 630K, committed 640K, reserved 1048576K
2018-07-25T18:09:15.400-0800: 77.680: [GC (Allocation Failure) [PSYoungGen: 142644K->220K(155136K)] 408849K->266425K(504832K), 0.0015165 secs] [Times: user=0.01 sys=0.00, real=0.00 secs] 
Heap after GC invocations=1044 (full 116):
 PSYoungGen      total 155136K, used 220K [0x00000007b5580000, 0x00000007c0000000, 0x00000007c0000000)
  eden space 135168K, 0% used [0x00000007b5580000,0x00000007b5580000,0x00000007bd980000)
  from space 19968K, 1% used [0x00000007bec80000,0x00000007becb70e8,0x00000007c0000000)
  to   space 19456K, 0% used [0x00000007bd980000,0x00000007bd980000,0x00000007bec80000)
 ParOldGen       total 349696K, used 266204K [0x00000007a0000000, 0x00000007b5580000, 0x00000007b5580000)
  object space 349696K, 76% used [0x00000007a0000000,0x00000007b03f7368,0x00000007b5580000)
 Metaspace       used 5452K, capacity 5616K, committed 5760K, reserved 1056768K
  class space    used 580K, capacity 630K, committed 640K, reserved 1048576K
}
{Heap before GC invocations=1045 (full 116):
 PSYoungGen      total 155136K, used 129699K [0x00000007b5580000, 0x00000007c0000000, 0x00000007c0000000)
  eden space 135168K, 95% used [0x00000007b5580000,0x00000007bd3f1e90,0x00000007bd980000)
  from space 19968K, 1% used [0x00000007bec80000,0x00000007becb70e8,0x00000007c0000000)
  to   space 19456K, 0% used [0x00000007bd980000,0x00000007bd980000,0x00000007bec80000)
 ParOldGen       total 349696K, used 266204K [0x00000007a0000000, 0x00000007b5580000, 0x00000007b5580000)
  object space 349696K, 76% used [0x00000007a0000000,0x00000007b03f7368,0x00000007b5580000)
 Metaspace       used 5452K, capacity 5616K, committed 5760K, reserved 1056768K
  class space    used 580K, capacity 630K, committed 640K, reserved 1048576K
2018-07-25T18:09:15.430-0800: 77.711: [GC (Allocation Failure) [PSYoungGen: 129699K->9797K(154624K)] 395904K->328258K(504320K), 0.0081449 secs] [Times: user=0.06 sys=0.01, real=0.00 secs] 
Heap after GC invocations=1045 (full 116):
 PSYoungGen      total 154624K, used 9797K [0x00000007b5580000, 0x00000007c0000000, 0x00000007c0000000)
  eden space 135168K, 0% used [0x00000007b5580000,0x00000007b5580000,0x00000007bd980000)
  from space 19456K, 50% used [0x00000007bd980000,0x00000007be311698,0x00000007bec80000)
  to   space 19456K, 0% used [0x00000007bed00000,0x00000007bed00000,0x00000007c0000000)
 ParOldGen       total 349696K, used 318460K [0x00000007a0000000, 0x00000007b5580000, 0x00000007b5580000)
  object space 349696K, 91% used [0x00000007a0000000,0x00000007b36ff1e8,0x00000007b5580000)
 Metaspace       used 5452K, capacity 5616K, committed 5760K, reserved 1056768K
  class space    used 580K, capacity 630K, committed 640K, reserved 1048576K
}
{Heap before GC invocations=1046 (full 117):
 PSYoungGen      total 154624K, used 9797K [0x00000007b5580000, 0x00000007c0000000, 0x00000007c0000000)
  eden space 135168K, 0% used [0x00000007b5580000,0x00000007b5580000,0x00000007bd980000)
  from space 19456K, 50% used [0x00000007bd980000,0x00000007be311698,0x00000007bec80000)
  to   space 19456K, 0% used [0x00000007bed00000,0x00000007bed00000,0x00000007c0000000)
 ParOldGen       total 349696K, used 318460K [0x00000007a0000000, 0x00000007b5580000, 0x00000007b5580000)
  object space 349696K, 91% used [0x00000007a0000000,0x00000007b36ff1e8,0x00000007b5580000)
 Metaspace       used 5452K, capacity 5616K, committed 5760K, reserved 1056768K
  class space    used 580K, capacity 630K, committed 640K, reserved 1048576K
2018-07-25T18:09:15.439-0800: 77.719: [Full GC (Ergonomics) [PSYoungGen: 9797K->0K(154624K)] [ParOldGen: 318460K->73782K(349696K)] 328258K->73782K(504320K), [Metaspace: 5452K->5452K(1056768K)], 0.0148984 secs] [Times: user=0.08 sys=0.00, real=0.02 secs] 
Heap after GC invocations=1046 (full 117):
 PSYoungGen      total 154624K, used 0K [0x00000007b5580000, 0x00000007c0000000, 0x00000007c0000000)
  eden space 135168K, 0% used [0x00000007b5580000,0x00000007b5580000,0x00000007bd980000)
  from space 19456K, 0% used [0x00000007bd980000,0x00000007bd980000,0x00000007bec80000)
  to   space 19456K, 0% used [0x00000007bed00000,0x00000007bed00000,0x00000007c0000000)
 ParOldGen       total 349696K, used 73782K [0x00000007a0000000, 0x00000007b5580000, 0x00000007b5580000)
  object space 349696K, 21% used [0x00000007a0000000,0x00000007a480d850,0x00000007b5580000)
 Metaspace       used 5452K, capacity 5616K, committed 5760K, reserved 1056768K
  class space    used 580K, capacity 630K, committed 640K, reserved 1048576K
}
{Heap before GC invocations=1047 (full 117):
 PSYoungGen      total 154624K, used 129528K [0x00000007b5580000, 0x00000007c0000000, 0x00000007c0000000)
  eden space 135168K, 95% used [0x00000007b5580000,0x00000007bd3fe0c0,0x00000007bd980000)
  from space 19456K, 0% used [0x00000007bd980000,0x00000007bd980000,0x00000007bec80000)
  to   space 19456K, 0% used [0x00000007bed00000,0x00000007bed00000,0x00000007c0000000)
 ParOldGen       total 349696K, used 73782K [0x00000007a0000000, 0x00000007b5580000, 0x00000007b5580000)
  object space 349696K, 21% used [0x00000007a0000000,0x00000007a480d850,0x00000007b5580000)
 Metaspace       used 5452K, capacity 5616K, committed 5760K, reserved 1056768K
  class space    used 580K, capacity 630K, committed 640K, reserved 1048576K
2018-07-25T18:09:15.575-0800: 77.855: [GC (Allocation Failure) [PSYoungGen: 129528K->10018K(154112K)] 203310K->135883K(503808K), 0.0065145 secs] [Times: user=0.05 sys=0.00, real=0.01 secs] 
Heap after GC invocations=1047 (full 117):
 PSYoungGen      total 154112K, used 10018K [0x00000007b5580000, 0x00000007c0000000, 0x00000007c0000000)
  eden space 134656K, 0% used [0x00000007b5580000,0x00000007b5580000,0x00000007bd900000)
  from space 19456K, 51% used [0x00000007bed00000,0x00000007bf6c88d8,0x00000007c0000000)
  to   space 19968K, 0% used [0x00000007bd900000,0x00000007bd900000,0x00000007bec80000)
 ParOldGen       total 349696K, used 125865K [0x00000007a0000000, 0x00000007b5580000, 0x00000007b5580000)
  object space 349696K, 35% used [0x00000007a0000000,0x00000007a7aea620,0x00000007b5580000)
 Metaspace       used 5452K, capacity 5616K, committed 5760K, reserved 1056768K
  class space    used 580K, capacity 630K, committed 640K, reserved 1048576K
}
{Heap before GC invocations=1048 (full 117):
 PSYoungGen      total 154112K, used 116491K [0x00000007b5580000, 0x00000007c0000000, 0x00000007c0000000)
  eden space 134656K, 79% used [0x00000007b5580000,0x00000007bbd7a6b8,0x00000007bd900000)
  from space 19456K, 51% used [0x00000007bed00000,0x00000007bf6c88d8,0x00000007c0000000)
  to   space 19968K, 0% used [0x00000007bd900000,0x00000007bd900000,0x00000007bec80000)
 ParOldGen       total 349696K, used 125865K [0x00000007a0000000, 0x00000007b5580000, 0x00000007b5580000)
  object space 349696K, 35% used [0x00000007a0000000,0x00000007a7aea620,0x00000007b5580000)
 Metaspace       used 5452K, capacity 5616K, committed 5760K, reserved 1056768K
  class space    used 580K, capacity 630K, committed 640K, reserved 1048576K
2018-07-25T18:09:15.594-0800: 77.874: [GC (Allocation Failure) [PSYoungGen: 116491K->0K(154624K)] 242357K->161853K(504320K), 0.0051680 secs] [Times: user=0.04 sys=0.00, real=0.00 secs] 
Heap after GC invocations=1048 (full 117):
 PSYoungGen      total 154624K, used 0K [0x00000007b5580000, 0x00000007c0000000, 0x00000007c0000000)
  eden space 134656K, 0% used [0x00000007b5580000,0x00000007b5580000,0x00000007bd900000)
  from space 19968K, 0% used [0x00000007bd900000,0x00000007bd900000,0x00000007bec80000)
  to   space 19456K, 0% used [0x00000007bed00000,0x00000007bed00000,0x00000007c0000000)
 ParOldGen       total 349696K, used 161853K [0x00000007a0000000, 0x00000007b5580000, 0x00000007b5580000)
  object space 349696K, 46% used [0x00000007a0000000,0x00000007a9e0f600,0x00000007b5580000)
 Metaspace       used 5452K, capacity 5616K, committed 5760K, reserved 1056768K
  class space    used 580K, capacity 630K, committed 640K, reserved 1048576K
}
{Heap before GC invocations=1049 (full 117):
 PSYoungGen      total 154624K, used 129265K [0x00000007b5580000, 0x00000007c0000000, 0x00000007c0000000)
  eden space 134656K, 95% used [0x00000007b5580000,0x00000007bd3bc6c0,0x00000007bd900000)
  from space 19968K, 0% used [0x00000007bd900000,0x00000007bd900000,0x00000007bec80000)
  to   space 19456K, 0% used [0x00000007bed00000,0x00000007bed00000,0x00000007c0000000)
 ParOldGen       total 349696K, used 161853K [0x00000007a0000000, 0x00000007b5580000, 0x00000007b5580000)
  object space 349696K, 46% used [0x00000007a0000000,0x00000007a9e0f600,0x00000007b5580000)
 Metaspace       used 5452K, capacity 5616K, committed 5760K, reserved 1056768K
  class space    used 580K, capacity 630K, committed 640K, reserved 1048576K
2018-07-25T18:09:15.707-0800: 77.988: [GC (Allocation Failure) [PSYoungGen: 129265K->10018K(154112K)] 291119K->223955K(503808K), 0.0061574 secs] [Times: user=0.05 sys=0.00, real=0.01 secs] 
Heap after GC invocations=1049 (full 117):
 PSYoungGen      total 154112K, used 10018K [0x00000007b5580000, 0x00000007c0000000, 0x00000007c0000000)
  eden space 134656K, 0% used [0x00000007b5580000,0x00000007b5580000,0x00000007bd900000)
  from space 19456K, 51% used [0x00000007bed00000,0x00000007bf6c8a30,0x00000007c0000000)
  to   space 19968K, 0% used [0x00000007bd900000,0x00000007bd900000,0x00000007bec80000)
 ParOldGen       total 349696K, used 213936K [0x00000007a0000000, 0x00000007b5580000, 0x00000007b5580000)
  object space 349696K, 61% used [0x00000007a0000000,0x00000007ad0ec3b0,0x00000007b5580000)
 Metaspace       used 5452K, capacity 5616K, committed 5760K, reserved 1056768K
  class space    used 580K, capacity 630K, committed 640K, reserved 1048576K
}
{Heap before GC invocations=1050 (full 117):
 PSYoungGen      total 154112K, used 142672K [0x00000007b5580000, 0x00000007c0000000, 0x00000007c0000000)
  eden space 134656K, 98% used [0x00000007b5580000,0x00000007bd70b8f0,0x00000007bd900000)
  from space 19456K, 51% used [0x00000007bed00000,0x00000007bf6c8a30,0x00000007c0000000)
  to   space 19968K, 0% used [0x00000007bd900000,0x00000007bd900000,0x00000007bec80000)
 ParOldGen       total 349696K, used 213936K [0x00000007a0000000, 0x00000007b5580000, 0x00000007b5580000)
  object space 349696K, 61% used [0x00000007a0000000,0x00000007ad0ec3b0,0x00000007b5580000)
 Metaspace       used 5452K, capacity 5616K, committed 5760K, reserved 1056768K
  class space    used 580K, capacity 630K, committed 640K, reserved 1048576K
2018-07-25T18:09:15.806-0800: 78.086: [GC (Allocation Failure) [PSYoungGen: 142672K->253K(154624K)] 356609K->214190K(504320K), 0.0014533 secs] [Times: user=0.01 sys=0.00, real=0.00 secs] 
Heap after GC invocations=1050 (full 117):
 PSYoungGen      total 154624K, used 253K [0x00000007b5580000, 0x00000007c0000000, 0x00000007c0000000)
  eden space 134656K, 0% used [0x00000007b5580000,0x00000007b5580000,0x00000007bd900000)
  from space 19968K, 1% used [0x00000007bd900000,0x00000007bd93f4f0,0x00000007bec80000)
  to   space 19456K, 0% used [0x00000007bed00000,0x00000007bed00000,0x00000007c0000000)
 ParOldGen       total 349696K, used 213936K [0x00000007a0000000, 0x00000007b5580000, 0x00000007b5580000)
  object space 349696K, 61% used [0x00000007a0000000,0x00000007ad0ec3b0,0x00000007b5580000)
 Metaspace       used 5452K, capacity 5616K, committed 5760K, reserved 1056768K
  class space    used 580K, capacity 630K, committed 640K, reserved 1048576K
}
{Heap before GC invocations=1051 (full 117):
 PSYoungGen      total 154624K, used 129726K [0x00000007b5580000, 0x00000007c0000000, 0x00000007c0000000)
  eden space 134656K, 96% used [0x00000007b5580000,0x00000007bd3f03a0,0x00000007bd900000)
  from space 19968K, 1% used [0x00000007bd900000,0x00000007bd93f4f0,0x00000007bec80000)
  to   space 19456K, 0% used [0x00000007bed00000,0x00000007bed00000,0x00000007c0000000)
 ParOldGen       total 349696K, used 213936K [0x00000007a0000000, 0x00000007b5580000, 0x00000007b5580000)
  object space 349696K, 61% used [0x00000007a0000000,0x00000007ad0ec3b0,0x00000007b5580000)
 Metaspace       used 5452K, capacity 5616K, committed 5760K, reserved 1056768K
  class space    used 580K, capacity 630K, committed 640K, reserved 1048576K
2018-07-25T18:09:15.838-0800: 78.119: [GC (Allocation Failure) [PSYoungGen: 129726K->9797K(155136K)] 343663K->275999K(504832K), 0.0076041 secs] [Times: user=0.06 sys=0.00, real=0.01 secs] 
Heap after GC invocations=1051 (full 117):
 PSYoungGen      total 155136K, used 9797K [0x00000007b5580000, 0x00000007c0000000, 0x00000007c0000000)
  eden space 135680K, 0% used [0x00000007b5580000,0x00000007b5580000,0x00000007bda00000)
  from space 19456K, 50% used [0x00000007bed00000,0x00000007bf691698,0x00000007c0000000)
  to   space 19456K, 0% used [0x00000007bda00000,0x00000007bda00000,0x00000007bed00000)
 ParOldGen       total 349696K, used 266201K [0x00000007a0000000, 0x00000007b5580000, 0x00000007b5580000)
  object space 349696K, 76% used [0x00000007a0000000,0x00000007b03f6638,0x00000007b5580000)
 Metaspace       used 5452K, capacity 5616K, committed 5760K, reserved 1056768K
  class space    used 580K, capacity 630K, committed 640K, reserved 1048576K
}
{Heap before GC invocations=1052 (full 117):
 PSYoungGen      total 155136K, used 139337K [0x00000007b5580000, 0x00000007c0000000, 0x00000007c0000000)
  eden space 135680K, 95% used [0x00000007b5580000,0x00000007bd400f80,0x00000007bda00000)
  from space 19456K, 50% used [0x00000007bed00000,0x00000007bf691698,0x00000007c0000000)
  to   space 19456K, 0% used [0x00000007bda00000,0x00000007bda00000,0x00000007bed00000)
 ParOldGen       total 349696K, used 266201K [0x00000007a0000000, 0x00000007b5580000, 0x00000007b5580000)
  object space 349696K, 76% used [0x00000007a0000000,0x00000007b03f6638,0x00000007b5580000)
 Metaspace       used 5452K, capacity 5616K, committed 5760K, reserved 1056768K
  class space    used 580K, capacity 630K, committed 640K, reserved 1048576K
2018-07-25T18:09:15.951-0800: 78.232: [GC (Allocation Failure) [PSYoungGen: 139337K->10019K(145920K)] 405539K->302262K(495616K), 0.0045728 secs] [Times: user=0.04 sys=0.00, real=0.00 secs] 
Heap after GC invocations=1052 (full 117):
 PSYoungGen      total 145920K, used 10019K [0x00000007b5580000, 0x00000007c0000000, 0x00000007c0000000)
  eden space 135680K, 0% used [0x00000007b5580000,0x00000007b5580000,0x00000007bda00000)
  from space 10240K, 97% used [0x00000007bda00000,0x00000007be3c8ce0,0x00000007be400000)
  to   space 19968K, 0% used [0x00000007bec80000,0x00000007bec80000,0x00000007c0000000)
 ParOldGen       total 349696K, used 292243K [0x00000007a0000000, 0x00000007b5580000, 0x00000007b5580000)
  object space 349696K, 83% used [0x00000007a0000000,0x00000007b1d64d00,0x00000007b5580000)
 Metaspace       used 5452K, capacity 5616K, committed 5760K, reserved 1056768K
  class space    used 580K, capacity 630K, committed 640K, reserved 1048576K
}
{Heap before GC invocations=1053 (full 118):
 PSYoungGen      total 145920K, used 10019K [0x00000007b5580000, 0x00000007c0000000, 0x00000007c0000000)
  eden space 135680K, 0% used [0x00000007b5580000,0x00000007b5580000,0x00000007bda00000)
  from space 10240K, 97% used [0x00000007bda00000,0x00000007be3c8ce0,0x00000007be400000)
  to   space 19968K, 0% used [0x00000007bec80000,0x00000007bec80000,0x00000007c0000000)
 ParOldGen       total 349696K, used 292243K [0x00000007a0000000, 0x00000007b5580000, 0x00000007b5580000)
  object space 349696K, 83% used [0x00000007a0000000,0x00000007b1d64d00,0x00000007b5580000)
 Metaspace       used 5452K, capacity 5616K, committed 5760K, reserved 1056768K
  class space    used 580K, capacity 630K, committed 640K, reserved 1048576K
2018-07-25T18:09:15.956-0800: 78.237: [Full GC (Ergonomics) [PSYoungGen: 10019K->0K(145920K)] [ParOldGen: 292243K->47741K(349696K)] 302262K->47741K(495616K), [Metaspace: 5452K->5452K(1056768K)], 0.0073728 secs] [Times: user=0.03 sys=0.00, real=0.01 secs] 
Heap after GC invocations=1053 (full 118):
 PSYoungGen      total 145920K, used 0K [0x00000007b5580000, 0x00000007c0000000, 0x00000007c0000000)
  eden space 135680K, 0% used [0x00000007b5580000,0x00000007b5580000,0x00000007bda00000)
  from space 10240K, 0% used [0x00000007bda00000,0x00000007bda00000,0x00000007be400000)
  to   space 19968K, 0% used [0x00000007bec80000,0x00000007bec80000,0x00000007c0000000)
 ParOldGen       total 349696K, used 47741K [0x00000007a0000000, 0x00000007b5580000, 0x00000007b5580000)
  object space 349696K, 13% used [0x00000007a0000000,0x00000007a2e9f728,0x00000007b5580000)
 Metaspace       used 5452K, capacity 5616K, committed 5760K, reserved 1056768K
  class space    used 580K, capacity 630K, committed 640K, reserved 1048576K
}
{Heap before GC invocations=1054 (full 118):
 PSYoungGen      total 145920K, used 106492K [0x00000007b5580000, 0x00000007c0000000, 0x00000007c0000000)
  eden space 135680K, 78% used [0x00000007b5580000,0x00000007bbd7f1b0,0x00000007bda00000)
  from space 10240K, 0% used [0x00000007bda00000,0x00000007bda00000,0x00000007be400000)
  to   space 19968K, 0% used [0x00000007bec80000,0x00000007bec80000,0x00000007c0000000)
 ParOldGen       total 349696K, used 47741K [0x00000007a0000000, 0x00000007b5580000, 0x00000007b5580000)
  object space 349696K, 13% used [0x00000007a0000000,0x00000007a2e9f728,0x00000007b5580000)
 Metaspace       used 5452K, capacity 5616K, committed 5760K, reserved 1056768K
  class space    used 580K, capacity 630K, committed 640K, reserved 1048576K
2018-07-25T18:09:15.985-0800: 78.266: [GC (Allocation Failure) [PSYoungGen: 106492K->0K(155136K)] 154234K->125866K(504832K), 0.0100373 secs] [Times: user=0.07 sys=0.00, real=0.01 secs] 
Heap after GC invocations=1054 (full 118):
 PSYoungGen      total 155136K, used 0K [0x00000007b5580000, 0x00000007c0000000, 0x00000007c0000000)
  eden space 135168K, 0% used [0x00000007b5580000,0x00000007b5580000,0x00000007bd980000)
  from space 19968K, 0% used [0x00000007bec80000,0x00000007bec80000,0x00000007c0000000)
  to   space 19456K, 0% used [0x00000007bd980000,0x00000007bd980000,0x00000007bec80000)
 ParOldGen       total 349696K, used 125866K [0x00000007a0000000, 0x00000007b5580000, 0x00000007b5580000)
  object space 349696K, 35% used [0x00000007a0000000,0x00000007a7aeabc8,0x00000007b5580000)
 Metaspace       used 5452K, capacity 5616K, committed 5760K, reserved 1056768K
  class space    used 580K, capacity 630K, committed 640K, reserved 1048576K
}
{Heap before GC invocations=1055 (full 118):
 PSYoungGen      total 155136K, used 128922K [0x00000007b5580000, 0x00000007c0000000, 0x00000007c0000000)
  eden space 135168K, 95% used [0x00000007b5580000,0x00000007bd366868,0x00000007bd980000)
  from space 19968K, 0% used [0x00000007bec80000,0x00000007bec80000,0x00000007c0000000)
  to   space 19456K, 0% used [0x00000007bd980000,0x00000007bd980000,0x00000007bec80000)
 ParOldGen       total 349696K, used 125866K [0x00000007a0000000, 0x00000007b5580000, 0x00000007b5580000)
  object space 349696K, 35% used [0x00000007a0000000,0x00000007a7aeabc8,0x00000007b5580000)
 Metaspace       used 5452K, capacity 5616K, committed 5760K, reserved 1056768K
  class space    used 580K, capacity 630K, committed 640K, reserved 1048576K
2018-07-25T18:09:16.112-0800: 78.392: [GC (Allocation Failure) [PSYoungGen: 128922K->10051K(154624K)] 254789K->188001K(504320K), 0.0058359 secs] [Times: user=0.04 sys=0.00, real=0.00 secs] 
Heap after GC invocations=1055 (full 118):
 PSYoungGen      total 154624K, used 10051K [0x00000007b5580000, 0x00000007c0000000, 0x00000007c0000000)
  eden space 135168K, 0% used [0x00000007b5580000,0x00000007b5580000,0x00000007bd980000)
  from space 19456K, 51% used [0x00000007bd980000,0x00000007be350e38,0x00000007bec80000)
  to   space 19968K, 0% used [0x00000007bec80000,0x00000007bec80000,0x00000007c0000000)
 ParOldGen       total 349696K, used 177950K [0x00000007a0000000, 0x00000007b5580000, 0x00000007b5580000)
  object space 349696K, 50% used [0x00000007a0000000,0x00000007aadc7978,0x00000007b5580000)
 Metaspace       used 5452K, capacity 5616K, committed 5760K, reserved 1056768K
  class space    used 580K, capacity 630K, committed 640K, reserved 1048576K
}
{Heap before GC invocations=1056 (full 118):
 PSYoungGen      total 154624K, used 142486K [0x00000007b5580000, 0x00000007c0000000, 0x00000007c0000000)
  eden space 135168K, 97% used [0x00000007b5580000,0x00000007bd6d49f0,0x00000007bd980000)
  from space 19456K, 51% used [0x00000007bd980000,0x00000007be350e38,0x00000007bec80000)
  to   space 19968K, 0% used [0x00000007bec80000,0x00000007bec80000,0x00000007c0000000)
 ParOldGen       total 349696K, used 177950K [0x00000007a0000000, 0x00000007b5580000, 0x00000007b5580000)
  object space 349696K, 50% used [0x00000007a0000000,0x00000007aadc7978,0x00000007b5580000)
 Metaspace       used 5452K, capacity 5616K, committed 5760K, reserved 1056768K
  class space    used 580K, capacity 630K, committed 640K, reserved 1048576K
2018-07-25T18:09:16.213-0800: 78.493: [GC (Allocation Failure) [PSYoungGen: 142486K->254K(155136K)] 320436K->178204K(504832K), 0.0013100 secs] [Times: user=0.00 sys=0.00, real=0.00 secs] 
Heap after GC invocations=1056 (full 118):
 PSYoungGen      total 155136K, used 254K [0x00000007b5580000, 0x00000007c0000000, 0x00000007c0000000)
  eden space 135168K, 0% used [0x00000007b5580000,0x00000007b5580000,0x00000007bd980000)
  from space 19968K, 1% used [0x00000007bec80000,0x00000007becbf8f8,0x00000007c0000000)
  to   space 19456K, 0% used [0x00000007bd980000,0x00000007bd980000,0x00000007bec80000)
 ParOldGen       total 349696K, used 177950K [0x00000007a0000000, 0x00000007b5580000, 0x00000007b5580000)
  object space 349696K, 50% used [0x00000007a0000000,0x00000007aadc7978,0x00000007b5580000)
 Metaspace       used 5452K, capacity 5616K, committed 5760K, reserved 1056768K
  class space    used 580K, capacity 630K, committed 640K, reserved 1048576K
}
{Heap before GC invocations=1057 (full 118):
 PSYoungGen      total 155136K, used 129589K [0x00000007b5580000, 0x00000007c0000000, 0x00000007c0000000)
  eden space 135168K, 95% used [0x00000007b5580000,0x00000007bd3cdcb8,0x00000007bd980000)
  from space 19968K, 1% used [0x00000007bec80000,0x00000007becbf8f8,0x00000007c0000000)
  to   space 19456K, 0% used [0x00000007bd980000,0x00000007bd980000,0x00000007bec80000)
 ParOldGen       total 349696K, used 177950K [0x00000007a0000000, 0x00000007b5580000, 0x00000007b5580000)
  object space 349696K, 50% used [0x00000007a0000000,0x00000007aadc7978,0x00000007b5580000)
 Metaspace       used 5452K, capacity 5616K, committed 5760K, reserved 1056768K
  class space    used 580K, capacity 630K, committed 640K, reserved 1048576K
2018-07-25T18:09:16.243-0800: 78.524: [GC (Allocation Failure) [PSYoungGen: 129589K->9797K(154624K)] 307539K->240013K(504320K), 0.0078679 secs] [Times: user=0.06 sys=0.00, real=0.01 secs] 
Heap after GC invocations=1057 (full 118):
 PSYoungGen      total 154624K, used 9797K [0x00000007b5580000, 0x00000007c0000000, 0x00000007c0000000)
  eden space 135168K, 0% used [0x00000007b5580000,0x00000007b5580000,0x00000007bd980000)
  from space 19456K, 50% used [0x00000007bd980000,0x00000007be311698,0x00000007bec80000)
  to   space 19456K, 0% used [0x00000007bed00000,0x00000007bed00000,0x00000007c0000000)
 ParOldGen       total 349696K, used 230216K [0x00000007a0000000, 0x00000007b5580000, 0x00000007b5580000)
  object space 349696K, 65% used [0x00000007a0000000,0x00000007ae0d2008,0x00000007b5580000)
 Metaspace       used 5452K, capacity 5616K, committed 5760K, reserved 1056768K
  class space    used 580K, capacity 630K, committed 640K, reserved 1048576K
}
{Heap before GC invocations=1058 (full 118):
 PSYoungGen      total 154624K, used 139233K [0x00000007b5580000, 0x00000007c0000000, 0x00000007c0000000)
  eden space 135168K, 95% used [0x00000007b5580000,0x00000007bd3e6d98,0x00000007bd980000)
  from space 19456K, 50% used [0x00000007bd980000,0x00000007be311698,0x00000007bec80000)
  to   space 19456K, 0% used [0x00000007bed00000,0x00000007bed00000,0x00000007c0000000)
 ParOldGen       total 349696K, used 230216K [0x00000007a0000000, 0x00000007b5580000, 0x00000007b5580000)
  object space 349696K, 65% used [0x00000007a0000000,0x00000007ae0d2008,0x00000007b5580000)
 Metaspace       used 5452K, capacity 5616K, committed 5760K, reserved 1056768K
  class space    used 580K, capacity 630K, committed 640K, reserved 1048576K
2018-07-25T18:09:16.357-0800: 78.638: [GC (Allocation Failure) [PSYoungGen: 139233K->9988K(154112K)] 369449K->266245K(503808K), 0.0045693 secs] [Times: user=0.03 sys=0.00, real=0.01 secs] 
Heap after GC invocations=1058 (full 118):
 PSYoungGen      total 154112K, used 9988K [0x00000007b5580000, 0x00000007c0000000, 0x00000007c0000000)
  eden space 134656K, 0% used [0x00000007b5580000,0x00000007b5580000,0x00000007bd900000)
  from space 19456K, 51% used [0x00000007bed00000,0x00000007bf6c10e8,0x00000007c0000000)
  to   space 19968K, 0% used [0x00000007bd900000,0x00000007bd900000,0x00000007bec80000)
 ParOldGen       total 349696K, used 256257K [0x00000007a0000000, 0x00000007b5580000, 0x00000007b5580000)
  object space 349696K, 73% used [0x00000007a0000000,0x00000007afa406d0,0x00000007b5580000)
 Metaspace       used 5452K, capacity 5616K, committed 5760K, reserved 1056768K
  class space    used 580K, capacity 630K, committed 640K, reserved 1048576K
}
{Heap before GC invocations=1059 (full 118):
 PSYoungGen      total 154112K, used 116402K [0x00000007b5580000, 0x00000007c0000000, 0x00000007c0000000)
  eden space 134656K, 79% used [0x00000007b5580000,0x00000007bbd6b830,0x00000007bd900000)
  from space 19456K, 51% used [0x00000007bed00000,0x00000007bf6c10e8,0x00000007c0000000)
  to   space 19968K, 0% used [0x00000007bd900000,0x00000007bd900000,0x00000007bec80000)
 ParOldGen       total 349696K, used 256257K [0x00000007a0000000, 0x00000007b5580000, 0x00000007b5580000)
  object space 349696K, 73% used [0x00000007a0000000,0x00000007afa406d0,0x00000007b5580000)
 Metaspace       used 5452K, capacity 5616K, committed 5760K, reserved 1056768K
  class space    used 580K, capacity 630K, committed 640K, reserved 1048576K
2018-07-25T18:09:16.373-0800: 78.654: [GC (Allocation Failure) [PSYoungGen: 116402K->0K(154624K)] 372659K->292239K(504320K), 0.0051436 secs] [Times: user=0.04 sys=0.00, real=0.00 secs] 
Heap after GC invocations=1059 (full 118):
 PSYoungGen      total 154624K, used 0K [0x00000007b5580000, 0x00000007c0000000, 0x00000007c0000000)
  eden space 134656K, 0% used [0x00000007b5580000,0x00000007b5580000,0x00000007bd900000)
  from space 19968K, 0% used [0x00000007bd900000,0x00000007bd900000,0x00000007bec80000)
  to   space 19456K, 0% used [0x00000007bed00000,0x00000007bed00000,0x00000007c0000000)
 ParOldGen       total 349696K, used 292239K [0x00000007a0000000, 0x00000007b5580000, 0x00000007b5580000)
  object space 349696K, 83% used [0x00000007a0000000,0x00000007b1d63ec0,0x00000007b5580000)
 Metaspace       used 5452K, capacity 5616K, committed 5760K, reserved 1056768K
  class space    used 580K, capacity 630K, committed 640K, reserved 1048576K
}
{Heap before GC invocations=1060 (full 119):
 PSYoungGen      total 154624K, used 0K [0x00000007b5580000, 0x00000007c0000000, 0x00000007c0000000)
  eden space 134656K, 0% used [0x00000007b5580000,0x00000007b5580000,0x00000007bd900000)
  from space 19968K, 0% used [0x00000007bd900000,0x00000007bd900000,0x00000007bec80000)
  to   space 19456K, 0% used [0x00000007bed00000,0x00000007bed00000,0x00000007c0000000)
 ParOldGen       total 349696K, used 292239K [0x00000007a0000000, 0x00000007b5580000, 0x00000007b5580000)
  object space 349696K, 83% used [0x00000007a0000000,0x00000007b1d63ec0,0x00000007b5580000)
 Metaspace       used 5452K, capacity 5616K, committed 5760K, reserved 1056768K
  class space    used 580K, capacity 630K, committed 640K, reserved 1048576K
2018-07-25T18:09:16.379-0800: 78.659: [Full GC (Ergonomics) [PSYoungGen: 0K->0K(154624K)] [ParOldGen: 292239K->47742K(349696K)] 292239K->47742K(504320K), [Metaspace: 5452K->5452K(1056768K)], 0.0079242 secs] [Times: user=0.04 sys=0.01, real=0.01 secs] 
Heap after GC invocations=1060 (full 119):
 PSYoungGen      total 154624K, used 0K [0x00000007b5580000, 0x00000007c0000000, 0x00000007c0000000)
  eden space 134656K, 0% used [0x00000007b5580000,0x00000007b5580000,0x00000007bd900000)
  from space 19968K, 0% used [0x00000007bd900000,0x00000007bd900000,0x00000007bec80000)
  to   space 19456K, 0% used [0x00000007bed00000,0x00000007bed00000,0x00000007c0000000)
 ParOldGen       total 349696K, used 47742K [0x00000007a0000000, 0x00000007b5580000, 0x00000007b5580000)
  object space 349696K, 13% used [0x00000007a0000000,0x00000007a2e9fb10,0x00000007b5580000)
 Metaspace       used 5452K, capacity 5616K, committed 5760K, reserved 1056768K
  class space    used 580K, capacity 630K, committed 640K, reserved 1048576K
}
{Heap before GC invocations=1061 (full 119):
 PSYoungGen      total 154624K, used 129227K [0x00000007b5580000, 0x00000007c0000000, 0x00000007c0000000)
  eden space 134656K, 95% used [0x00000007b5580000,0x00000007bd3b2dd8,0x00000007bd900000)
  from space 19968K, 0% used [0x00000007bd900000,0x00000007bd900000,0x00000007bec80000)
  to   space 19456K, 0% used [0x00000007bed00000,0x00000007bed00000,0x00000007c0000000)
 ParOldGen       total 349696K, used 47742K [0x00000007a0000000, 0x00000007b5580000, 0x00000007b5580000)
  object space 349696K, 13% used [0x00000007a0000000,0x00000007a2e9fb10,0x00000007b5580000)
 Metaspace       used 5452K, capacity 5616K, committed 5760K, reserved 1056768K
  class space    used 580K, capacity 630K, committed 640K, reserved 1048576K
2018-07-25T18:09:16.503-0800: 78.784: [GC (Allocation Failure) [PSYoungGen: 129227K->10052K(154112K)] 176970K->109878K(503808K), 0.0058538 secs] [Times: user=0.04 sys=0.00, real=0.00 secs] 
Heap after GC invocations=1061 (full 119):
 PSYoungGen      total 154112K, used 10052K [0x00000007b5580000, 0x00000007c0000000, 0x00000007c0000000)
  eden space 134656K, 0% used [0x00000007b5580000,0x00000007b5580000,0x00000007bd900000)
  from space 19456K, 51% used [0x00000007bed00000,0x00000007bf6d1240,0x00000007c0000000)
  to   space 19968K, 0% used [0x00000007bd900000,0x00000007bd900000,0x00000007bec80000)
 ParOldGen       total 349696K, used 99826K [0x00000007a0000000, 0x00000007b5580000, 0x00000007b5580000)
  object space 349696K, 28% used [0x00000007a0000000,0x00000007a617c8c0,0x00000007b5580000)
 Metaspace       used 5452K, capacity 5616K, committed 5760K, reserved 1056768K
  class space    used 580K, capacity 630K, committed 640K, reserved 1048576K
}
{Heap before GC invocations=1062 (full 119):
 PSYoungGen      total 154112K, used 142665K [0x00000007b5580000, 0x00000007c0000000, 0x00000007c0000000)
  eden space 134656K, 98% used [0x00000007b5580000,0x00000007bd701330,0x00000007bd900000)
  from space 19456K, 51% used [0x00000007bed00000,0x00000007bf6d1240,0x00000007c0000000)
  to   space 19968K, 0% used [0x00000007bd900000,0x00000007bd900000,0x00000007bec80000)
 ParOldGen       total 349696K, used 99826K [0x00000007a0000000, 0x00000007b5580000, 0x00000007b5580000)
  object space 349696K, 28% used [0x00000007a0000000,0x00000007a617c8c0,0x00000007b5580000)
 Metaspace       used 5452K, capacity 5616K, committed 5760K, reserved 1056768K
  class space    used 580K, capacity 630K, committed 640K, reserved 1048576K
2018-07-25T18:09:16.603-0800: 78.884: [GC (Allocation Failure) [PSYoungGen: 142665K->287K(154624K)] 242491K->100113K(504320K), 0.0009590 secs] [Times: user=0.00 sys=0.00, real=0.00 secs] 
Heap after GC invocations=1062 (full 119):
 PSYoungGen      total 154624K, used 287K [0x00000007b5580000, 0x00000007c0000000, 0x00000007c0000000)
  eden space 134656K, 0% used [0x00000007b5580000,0x00000007b5580000,0x00000007bd900000)
  from space 19968K, 1% used [0x00000007bd900000,0x00000007bd947d00,0x00000007bec80000)
  to   space 19456K, 0% used [0x00000007bed00000,0x00000007bed00000,0x00000007c0000000)
 ParOldGen       total 349696K, used 99826K [0x00000007a0000000, 0x00000007b5580000, 0x00000007b5580000)
  object space 349696K, 28% used [0x00000007a0000000,0x00000007a617c8c0,0x00000007b5580000)
 Metaspace       used 5452K, capacity 5616K, committed 5760K, reserved 1056768K
  class space    used 580K, capacity 630K, committed 640K, reserved 1048576K
}
{Heap before GC invocations=1063 (full 119):
 PSYoungGen      total 154624K, used 129733K [0x00000007b5580000, 0x00000007c0000000, 0x00000007c0000000)
  eden space 134656K, 96% used [0x00000007b5580000,0x00000007bd3e9948,0x00000007bd900000)
  from space 19968K, 1% used [0x00000007bd900000,0x00000007bd947d00,0x00000007bec80000)
  to   space 19456K, 0% used [0x00000007bed00000,0x00000007bed00000,0x00000007c0000000)
 ParOldGen       total 349696K, used 99826K [0x00000007a0000000, 0x00000007b5580000, 0x00000007b5580000)
  object space 349696K, 28% used [0x00000007a0000000,0x00000007a617c8c0,0x00000007b5580000)
 Metaspace       used 5452K, capacity 5616K, committed 5760K, reserved 1056768K
  class space    used 580K, capacity 630K, committed 640K, reserved 1048576K
2018-07-25T18:09:16.638-0800: 78.919: [GC (Allocation Failure) [PSYoungGen: 129733K->9797K(155136K)] 229559K->161890K(504832K), 0.0105236 secs] [Times: user=0.07 sys=0.00, real=0.01 secs] 
Heap after GC invocations=1063 (full 119):
 PSYoungGen      total 155136K, used 9797K [0x00000007b5580000, 0x00000007c0000000, 0x00000007c0000000)
  eden space 135680K, 0% used [0x00000007b5580000,0x00000007b5580000,0x00000007bda00000)
  from space 19456K, 50% used [0x00000007bed00000,0x00000007bf691698,0x00000007c0000000)
  to   space 19456K, 0% used [0x00000007bda00000,0x00000007bda00000,0x00000007bed00000)
 ParOldGen       total 349696K, used 152092K [0x00000007a0000000, 0x00000007b5580000, 0x00000007b5580000)
  object space 349696K, 43% used [0x00000007a0000000,0x00000007a9487358,0x00000007b5580000)
 Metaspace       used 5452K, capacity 5616K, committed 5760K, reserved 1056768K
  class space    used 580K, capacity 630K, committed 640K, reserved 1048576K
}
{Heap before GC invocations=1064 (full 119):
 PSYoungGen      total 155136K, used 139320K [0x00000007b5580000, 0x00000007c0000000, 0x00000007c0000000)
  eden space 135680K, 95% used [0x00000007b5580000,0x00000007bd3fcae0,0x00000007bda00000)
  from space 19456K, 50% used [0x00000007bed00000,0x00000007bf691698,0x00000007c0000000)
  to   space 19456K, 0% used [0x00000007bda00000,0x00000007bda00000,0x00000007bed00000)
 ParOldGen       total 349696K, used 152092K [0x00000007a0000000, 0x00000007b5580000, 0x00000007b5580000)
  object space 349696K, 43% used [0x00000007a0000000,0x00000007a9487358,0x00000007b5580000)
 Metaspace       used 5452K, capacity 5616K, committed 5760K, reserved 1056768K
  class space    used 580K, capacity 630K, committed 640K, reserved 1048576K
2018-07-25T18:09:16.760-0800: 79.040: [GC (Allocation Failure) [PSYoungGen: 139320K->10021K(145920K)] 291413K->188155K(495616K), 0.0047190 secs] [Times: user=0.04 sys=0.00, real=0.00 secs] 
Heap after GC invocations=1064 (full 119):
 PSYoungGen      total 145920K, used 10021K [0x00000007b5580000, 0x00000007c0000000, 0x00000007c0000000)
  eden space 135680K, 0% used [0x00000007b5580000,0x00000007b5580000,0x00000007bda00000)
  from space 10240K, 97% used [0x00000007bda00000,0x00000007be3c94f0,0x00000007be400000)
  to   space 19968K, 0% used [0x00000007bec80000,0x00000007bec80000,0x00000007c0000000)
 ParOldGen       total 349696K, used 178134K [0x00000007a0000000, 0x00000007b5580000, 0x00000007b5580000)
  object space 349696K, 50% used [0x00000007a0000000,0x00000007aadf5a20,0x00000007b5580000)
 Metaspace       used 5452K, capacity 5616K, committed 5760K, reserved 1056768K
  class space    used 580K, capacity 630K, committed 640K, reserved 1048576K
}
{Heap before GC invocations=1065 (full 119):
 PSYoungGen      total 145920K, used 116502K [0x00000007b5580000, 0x00000007c0000000, 0x00000007c0000000)
  eden space 135680K, 78% used [0x00000007b5580000,0x00000007bbd7c568,0x00000007bda00000)
  from space 10240K, 97% used [0x00000007bda00000,0x00000007be3c94f0,0x00000007be400000)
  to   space 19968K, 0% used [0x00000007bec80000,0x00000007bec80000,0x00000007c0000000)
 ParOldGen       total 349696K, used 178134K [0x00000007a0000000, 0x00000007b5580000, 0x00000007b5580000)
  object space 349696K, 50% used [0x00000007a0000000,0x00000007aadf5a20,0x00000007b5580000)
 Metaspace       used 5452K, capacity 5616K, committed 5760K, reserved 1056768K
  class space    used 580K, capacity 630K, committed 640K, reserved 1048576K
2018-07-25T18:09:16.777-0800: 79.057: [GC (Allocation Failure) [PSYoungGen: 116502K->0K(155136K)] 294637K->214125K(504832K), 0.0046537 secs] [Times: user=0.03 sys=0.00, real=0.01 secs] 
Heap after GC invocations=1065 (full 119):
 PSYoungGen      total 155136K, used 0K [0x00000007b5580000, 0x00000007c0000000, 0x00000007c0000000)
  eden space 135168K, 0% used [0x00000007b5580000,0x00000007b5580000,0x00000007bd980000)
  from space 19968K, 0% used [0x00000007bec80000,0x00000007bec80000,0x00000007c0000000)
  to   space 19456K, 0% used [0x00000007bd980000,0x00000007bd980000,0x00000007bec80000)
 ParOldGen       total 349696K, used 214125K [0x00000007a0000000, 0x00000007b5580000, 0x00000007b5580000)
  object space 349696K, 61% used [0x00000007a0000000,0x00000007ad11b618,0x00000007b5580000)
 Metaspace       used 5452K, capacity 5616K, committed 5760K, reserved 1056768K
  class space    used 580K, capacity 630K, committed 640K, reserved 1048576K
}
{Heap before GC invocations=1066 (full 119):
 PSYoungGen      total 155136K, used 129268K [0x00000007b5580000, 0x00000007c0000000, 0x00000007c0000000)
  eden space 135168K, 95% used [0x00000007b5580000,0x00000007bd3bd090,0x00000007bd980000)
  from space 19968K, 0% used [0x00000007bec80000,0x00000007bec80000,0x00000007c0000000)
  to   space 19456K, 0% used [0x00000007bd980000,0x00000007bd980000,0x00000007bec80000)
 ParOldGen       total 349696K, used 214125K [0x00000007a0000000, 0x00000007b5580000, 0x00000007b5580000)
  object space 349696K, 61% used [0x00000007a0000000,0x00000007ad11b618,0x00000007b5580000)
 Metaspace       used 5452K, capacity 5616K, committed 5760K, reserved 1056768K
  class space    used 580K, capacity 630K, committed 640K, reserved 1048576K
2018-07-25T18:09:16.888-0800: 79.168: [GC (Allocation Failure) [PSYoungGen: 129268K->10021K(154624K)] 343393K->276230K(504320K), 0.0053631 secs] [Times: user=0.04 sys=0.00, real=0.01 secs] 
Heap after GC invocations=1066 (full 119):
 PSYoungGen      total 154624K, used 10021K [0x00000007b5580000, 0x00000007c0000000, 0x00000007c0000000)
  eden space 135168K, 0% used [0x00000007b5580000,0x00000007b5580000,0x00000007bd980000)
  from space 19456K, 51% used [0x00000007bd980000,0x00000007be349648,0x00000007bec80000)
  to   space 19968K, 0% used [0x00000007bec80000,0x00000007bec80000,0x00000007c0000000)
 ParOldGen       total 349696K, used 266208K [0x00000007a0000000, 0x00000007b5580000, 0x00000007b5580000)
  object space 349696K, 76% used [0x00000007a0000000,0x00000007b03f83c8,0x00000007b5580000)
 Metaspace       used 5452K, capacity 5616K, committed 5760K, reserved 1056768K
  class space    used 580K, capacity 630K, committed 640K, reserved 1048576K
}
{Heap before GC invocations=1067 (full 119):
 PSYoungGen      total 154624K, used 142680K [0x00000007b5580000, 0x00000007c0000000, 0x00000007c0000000)
  eden space 135168K, 98% used [0x00000007b5580000,0x00000007bd70cda8,0x00000007bd980000)
  from space 19456K, 51% used [0x00000007bd980000,0x00000007be349648,0x00000007bec80000)
  to   space 19968K, 0% used [0x00000007bec80000,0x00000007bec80000,0x00000007c0000000)
 ParOldGen       total 349696K, used 266208K [0x00000007a0000000, 0x00000007b5580000, 0x00000007b5580000)
  object space 349696K, 76% used [0x00000007a0000000,0x00000007b03f83c8,0x00000007b5580000)
 Metaspace       used 5452K, capacity 5616K, committed 5760K, reserved 1056768K
  class space    used 580K, capacity 630K, committed 640K, reserved 1048576K
2018-07-25T18:09:16.986-0800: 79.266: [GC (Allocation Failure) [PSYoungGen: 142680K->192K(155136K)] 408889K->266401K(504832K), 0.0013795 secs] [Times: user=0.01 sys=0.00, real=0.00 secs] 
Heap after GC invocations=1067 (full 119):
 PSYoungGen      total 155136K, used 192K [0x00000007b5580000, 0x00000007c0000000, 0x00000007c0000000)
  eden space 135168K, 0% used [0x00000007b5580000,0x00000007b5580000,0x00000007bd980000)
  from space 19968K, 0% used [0x00000007bec80000,0x00000007becb0108,0x00000007c0000000)
  to   space 19456K, 0% used [0x00000007bd980000,0x00000007bd980000,0x00000007bec80000)
 ParOldGen       total 349696K, used 266208K [0x00000007a0000000, 0x00000007b5580000, 0x00000007b5580000)
  object space 349696K, 76% used [0x00000007a0000000,0x00000007b03f83c8,0x00000007b5580000)
 Metaspace       used 5452K, capacity 5616K, committed 5760K, reserved 1056768K
  class space    used 580K, capacity 630K, committed 640K, reserved 1048576K
}
{Heap before GC invocations=1068 (full 119):
 PSYoungGen      total 155136K, used 129672K [0x00000007b5580000, 0x00000007c0000000, 0x00000007c0000000)
  eden space 135168K, 95% used [0x00000007b5580000,0x00000007bd3f1f68,0x00000007bd980000)
  from space 19968K, 0% used [0x00000007bec80000,0x00000007becb0108,0x00000007c0000000)
  to   space 19456K, 0% used [0x00000007bd980000,0x00000007bd980000,0x00000007bec80000)
 ParOldGen       total 349696K, used 266208K [0x00000007a0000000, 0x00000007b5580000, 0x00000007b5580000)
  object space 349696K, 76% used [0x00000007a0000000,0x00000007b03f83c8,0x00000007b5580000)
 Metaspace       used 5452K, capacity 5616K, committed 5760K, reserved 1056768K
  class space    used 580K, capacity 630K, committed 640K, reserved 1048576K
2018-07-25T18:09:17.023-0800: 79.303: [GC (Allocation Failure) [PSYoungGen: 129672K->9797K(154624K)] 395881K->328266K(504320K), 0.0088279 secs] [Times: user=0.07 sys=0.00, real=0.01 secs] 
Heap after GC invocations=1068 (full 119):
 PSYoungGen      total 154624K, used 9797K [0x00000007b5580000, 0x00000007c0000000, 0x00000007c0000000)
  eden space 135168K, 0% used [0x00000007b5580000,0x00000007b5580000,0x00000007bd980000)
  from space 19456K, 50% used [0x00000007bd980000,0x00000007be311698,0x00000007bec80000)
  to   space 19456K, 0% used [0x00000007bed00000,0x00000007bed00000,0x00000007c0000000)
 ParOldGen       total 349696K, used 318468K [0x00000007a0000000, 0x00000007b5580000, 0x00000007b5580000)
  object space 349696K, 91% used [0x00000007a0000000,0x00000007b3701268,0x00000007b5580000)
 Metaspace       used 5452K, capacity 5616K, committed 5760K, reserved 1056768K
  class space    used 580K, capacity 630K, committed 640K, reserved 1048576K
}
{Heap before GC invocations=1069 (full 120):
 PSYoungGen      total 154624K, used 9797K [0x00000007b5580000, 0x00000007c0000000, 0x00000007c0000000)
  eden space 135168K, 0% used [0x00000007b5580000,0x00000007b5580000,0x00000007bd980000)
  from space 19456K, 50% used [0x00000007bd980000,0x00000007be311698,0x00000007bec80000)
  to   space 19456K, 0% used [0x00000007bed00000,0x00000007bed00000,0x00000007c0000000)
 ParOldGen       total 349696K, used 318468K [0x00000007a0000000, 0x00000007b5580000, 0x00000007b5580000)
  object space 349696K, 91% used [0x00000007a0000000,0x00000007b3701268,0x00000007b5580000)
 Metaspace       used 5452K, capacity 5616K, committed 5760K, reserved 1056768K
  class space    used 580K, capacity 630K, committed 640K, reserved 1048576K
2018-07-25T18:09:17.032-0800: 79.312: [Full GC (Ergonomics) [PSYoungGen: 9797K->0K(154624K)] [ParOldGen: 318468K->73786K(349696K)] 328266K->73786K(504320K), [Metaspace: 5452K->5452K(1056768K)], 0.0121107 secs] [Times: user=0.06 sys=0.00, real=0.01 secs] 
Heap after GC invocations=1069 (full 120):
 PSYoungGen      total 154624K, used 0K [0x00000007b5580000, 0x00000007c0000000, 0x00000007c0000000)
  eden space 135168K, 0% used [0x00000007b5580000,0x00000007b5580000,0x00000007bd980000)
  from space 19456K, 0% used [0x00000007bd980000,0x00000007bd980000,0x00000007bec80000)
  to   space 19456K, 0% used [0x00000007bed00000,0x00000007bed00000,0x00000007c0000000)
 ParOldGen       total 349696K, used 73786K [0x00000007a0000000, 0x00000007b5580000, 0x00000007b5580000)
  object space 349696K, 21% used [0x00000007a0000000,0x00000007a480e870,0x00000007b5580000)
 Metaspace       used 5452K, capacity 5616K, committed 5760K, reserved 1056768K
  class space    used 580K, capacity 630K, committed 640K, reserved 1048576K
}
{Heap before GC invocations=1070 (full 120):
 PSYoungGen      total 154624K, used 129528K [0x00000007b5580000, 0x00000007c0000000, 0x00000007c0000000)
  eden space 135168K, 95% used [0x00000007b5580000,0x00000007bd3fe1c8,0x00000007bd980000)
  from space 19456K, 0% used [0x00000007bd980000,0x00000007bd980000,0x00000007bec80000)
  to   space 19456K, 0% used [0x00000007bed00000,0x00000007bed00000,0x00000007c0000000)
 ParOldGen       total 349696K, used 73786K [0x00000007a0000000, 0x00000007b5580000, 0x00000007b5580000)
  object space 349696K, 21% used [0x00000007a0000000,0x00000007a480e870,0x00000007b5580000)
 Metaspace       used 5452K, capacity 5616K, committed 5760K, reserved 1056768K
  class space    used 580K, capacity 630K, committed 640K, reserved 1048576K
2018-07-25T18:09:17.159-0800: 79.439: [GC (Allocation Failure) [PSYoungGen: 129528K->9990K(154112K)] 203314K->135859K(503808K), 0.0075889 secs] [Times: user=0.05 sys=0.00, real=0.01 secs] 
Heap after GC invocations=1070 (full 120):
 PSYoungGen      total 154112K, used 9990K [0x00000007b5580000, 0x00000007c0000000, 0x00000007c0000000)
  eden space 134656K, 0% used [0x00000007b5580000,0x00000007b5580000,0x00000007bd900000)
  from space 19456K, 51% used [0x00000007bed00000,0x00000007bf6c18f8,0x00000007c0000000)
  to   space 19968K, 0% used [0x00000007bd900000,0x00000007bd900000,0x00000007bec80000)
 ParOldGen       total 349696K, used 125869K [0x00000007a0000000, 0x00000007b5580000, 0x00000007b5580000)
  object space 349696K, 35% used [0x00000007a0000000,0x00000007a7aeb640,0x00000007b5580000)
 Metaspace       used 5452K, capacity 5616K, committed 5760K, reserved 1056768K
  class space    used 580K, capacity 630K, committed 640K, reserved 1048576K
}
{Heap before GC invocations=1071 (full 120):
 PSYoungGen      total 154112K, used 116464K [0x00000007b5580000, 0x00000007c0000000, 0x00000007c0000000)
  eden space 134656K, 79% used [0x00000007b5580000,0x00000007bbd7a760,0x00000007bd900000)
  from space 19456K, 51% used [0x00000007bed00000,0x00000007bf6c18f8,0x00000007c0000000)
  to   space 19968K, 0% used [0x00000007bd900000,0x00000007bd900000,0x00000007bec80000)
 ParOldGen       total 349696K, used 125869K [0x00000007a0000000, 0x00000007b5580000, 0x00000007b5580000)
  object space 349696K, 35% used [0x00000007a0000000,0x00000007a7aeb640,0x00000007b5580000)
 Metaspace       used 5452K, capacity 5616K, committed 5760K, reserved 1056768K
  class space    used 580K, capacity 630K, committed 640K, reserved 1048576K
2018-07-25T18:09:17.179-0800: 79.460: [GC (Allocation Failure) [PSYoungGen: 116464K->0K(154624K)] 242333K->161861K(504320K), 0.0050684 secs] [Times: user=0.04 sys=0.00, real=0.01 secs] 
Heap after GC invocations=1071 (full 120):
 PSYoungGen      total 154624K, used 0K [0x00000007b5580000, 0x00000007c0000000, 0x00000007c0000000)
  eden space 134656K, 0% used [0x00000007b5580000,0x00000007b5580000,0x00000007bd900000)
  from space 19968K, 0% used [0x00000007bd900000,0x00000007bd900000,0x00000007bec80000)
  to   space 19456K, 0% used [0x00000007bed00000,0x00000007bed00000,0x00000007c0000000)
 ParOldGen       total 349696K, used 161861K [0x00000007a0000000, 0x00000007b5580000, 0x00000007b5580000)
  object space 349696K, 46% used [0x00000007a0000000,0x00000007a9e11640,0x00000007b5580000)
 Metaspace       used 5452K, capacity 5616K, committed 5760K, reserved 1056768K
  class space    used 580K, capacity 630K, committed 640K, reserved 1048576K
}
{Heap before GC invocations=1072 (full 120):
 PSYoungGen      total 154624K, used 129265K [0x00000007b5580000, 0x00000007c0000000, 0x00000007c0000000)
  eden space 134656K, 95% used [0x00000007b5580000,0x00000007bd3bc7c8,0x00000007bd900000)
  from space 19968K, 0% used [0x00000007bd900000,0x00000007bd900000,0x00000007bec80000)
  to   space 19456K, 0% used [0x00000007bed00000,0x00000007bed00000,0x00000007c0000000)
 ParOldGen       total 349696K, used 161861K [0x00000007a0000000, 0x00000007b5580000, 0x00000007b5580000)
  object space 349696K, 46% used [0x00000007a0000000,0x00000007a9e11640,0x00000007b5580000)
 Metaspace       used 5452K, capacity 5616K, committed 5760K, reserved 1056768K
  class space    used 580K, capacity 630K, committed 640K, reserved 1048576K
2018-07-25T18:09:17.293-0800: 79.574: [GC (Allocation Failure) [PSYoungGen: 129265K->10022K(154112K)] 291127K->223967K(503808K), 0.0054224 secs] [Times: user=0.04 sys=0.00, real=0.00 secs] 
Heap after GC invocations=1072 (full 120):
 PSYoungGen      total 154112K, used 10022K [0x00000007b5580000, 0x00000007c0000000, 0x00000007c0000000)
  eden space 134656K, 0% used [0x00000007b5580000,0x00000007b5580000,0x00000007bd900000)
  from space 19456K, 51% used [0x00000007bed00000,0x00000007bf6c9a50,0x00000007c0000000)
  to   space 19968K, 0% used [0x00000007bd900000,0x00000007bd900000,0x00000007bec80000)
 ParOldGen       total 349696K, used 213944K [0x00000007a0000000, 0x00000007b5580000, 0x00000007b5580000)
  object space 349696K, 61% used [0x00000007a0000000,0x00000007ad0ee3f0,0x00000007b5580000)
 Metaspace       used 5452K, capacity 5616K, committed 5760K, reserved 1056768K
  class space    used 580K, capacity 630K, committed 640K, reserved 1048576K
}
{Heap before GC invocations=1073 (full 120):
 PSYoungGen      total 154112K, used 142676K [0x00000007b5580000, 0x00000007c0000000, 0x00000007c0000000)
  eden space 134656K, 98% used [0x00000007b5580000,0x00000007bd70b998,0x00000007bd900000)
  from space 19456K, 51% used [0x00000007bed00000,0x00000007bf6c9a50,0x00000007c0000000)
  to   space 19968K, 0% used [0x00000007bd900000,0x00000007bd900000,0x00000007bec80000)
 ParOldGen       total 349696K, used 213944K [0x00000007a0000000, 0x00000007b5580000, 0x00000007b5580000)
  object space 349696K, 61% used [0x00000007a0000000,0x00000007ad0ee3f0,0x00000007b5580000)
 Metaspace       used 5452K, capacity 5616K, committed 5760K, reserved 1056768K
  class space    used 580K, capacity 630K, committed 640K, reserved 1048576K
2018-07-25T18:09:17.390-0800: 79.671: [GC (Allocation Failure) [PSYoungGen: 142676K->225K(154624K)] 356621K->214170K(504320K), 0.0015513 secs] [Times: user=0.01 sys=0.00, real=0.00 secs] 
Heap after GC invocations=1073 (full 120):
 PSYoungGen      total 154624K, used 225K [0x00000007b5580000, 0x00000007c0000000, 0x00000007c0000000)
  eden space 134656K, 0% used [0x00000007b5580000,0x00000007b5580000,0x00000007bd900000)
  from space 19968K, 1% used [0x00000007bd900000,0x00000007bd938510,0x00000007bec80000)
  to   space 19456K, 0% used [0x00000007bed00000,0x00000007bed00000,0x00000007c0000000)
 ParOldGen       total 349696K, used 213944K [0x00000007a0000000, 0x00000007b5580000, 0x00000007b5580000)
  object space 349696K, 61% used [0x00000007a0000000,0x00000007ad0ee3f0,0x00000007b5580000)
 Metaspace       used 5452K, capacity 5616K, committed 5760K, reserved 1056768K
  class space    used 580K, capacity 630K, committed 640K, reserved 1048576K
}
{Heap before GC invocations=1074 (full 120):
 PSYoungGen      total 154624K, used 129698K [0x00000007b5580000, 0x00000007c0000000, 0x00000007c0000000)
  eden space 134656K, 96% used [0x00000007b5580000,0x00000007bd3f0480,0x00000007bd900000)
  from space 19968K, 1% used [0x00000007bd900000,0x00000007bd938510,0x00000007bec80000)
  to   space 19456K, 0% used [0x00000007bed00000,0x00000007bed00000,0x00000007c0000000)
 ParOldGen       total 349696K, used 213944K [0x00000007a0000000, 0x00000007b5580000, 0x00000007b5580000)
  object space 349696K, 61% used [0x00000007a0000000,0x00000007ad0ee3f0,0x00000007b5580000)
 Metaspace       used 5452K, capacity 5616K, committed 5760K, reserved 1056768K
  class space    used 580K, capacity 630K, committed 640K, reserved 1048576K
2018-07-25T18:09:17.420-0800: 79.701: [GC (Allocation Failure) [PSYoungGen: 129698K->9797K(155136K)] 343643K->276011K(504832K), 0.0083541 secs] [Times: user=0.06 sys=0.00, real=0.00 secs] 
Heap after GC invocations=1074 (full 120):
 PSYoungGen      total 155136K, used 9797K [0x00000007b5580000, 0x00000007c0000000, 0x00000007c0000000)
  eden space 135680K, 0% used [0x00000007b5580000,0x00000007b5580000,0x00000007bda00000)
  from space 19456K, 50% used [0x00000007bed00000,0x00000007bf691698,0x00000007c0000000)
  to   space 19456K, 0% used [0x00000007bda00000,0x00000007bda00000,0x00000007bed00000)
 ParOldGen       total 349696K, used 266213K [0x00000007a0000000, 0x00000007b5580000, 0x00000007b5580000)
  object space 349696K, 76% used [0x00000007a0000000,0x00000007b03f9698,0x00000007b5580000)
 Metaspace       used 5452K, capacity 5616K, committed 5760K, reserved 1056768K
  class space    used 580K, capacity 630K, committed 640K, reserved 1048576K
}
{Heap before GC invocations=1075 (full 120):
 PSYoungGen      total 155136K, used 139337K [0x00000007b5580000, 0x00000007c0000000, 0x00000007c0000000)
  eden space 135680K, 95% used [0x00000007b5580000,0x00000007bd401090,0x00000007bda00000)
  from space 19456K, 50% used [0x00000007bed00000,0x00000007bf691698,0x00000007c0000000)
  to   space 19456K, 0% used [0x00000007bda00000,0x00000007bda00000,0x00000007bed00000)
 ParOldGen       total 349696K, used 266213K [0x00000007a0000000, 0x00000007b5580000, 0x00000007b5580000)
  object space 349696K, 76% used [0x00000007a0000000,0x00000007b03f9698,0x00000007b5580000)
 Metaspace       used 5452K, capacity 5616K, committed 5760K, reserved 1056768K
  class space    used 580K, capacity 630K, committed 640K, reserved 1048576K
2018-07-25T18:09:17.536-0800: 79.817: [GC (Allocation Failure) [PSYoungGen: 139337K->10023K(145920K)] 405551K->302278K(495616K), 0.0076049 secs] [Times: user=0.05 sys=0.00, real=0.01 secs] 
Heap after GC invocations=1075 (full 120):
 PSYoungGen      total 145920K, used 10023K [0x00000007b5580000, 0x00000007c0000000, 0x00000007c0000000)
  eden space 135680K, 0% used [0x00000007b5580000,0x00000007b5580000,0x00000007bda00000)
  from space 10240K, 97% used [0x00000007bda00000,0x00000007be3c9d00,0x00000007be400000)
  to   space 19968K, 0% used [0x00000007bec80000,0x00000007bec80000,0x00000007c0000000)
 ParOldGen       total 349696K, used 292255K [0x00000007a0000000, 0x00000007b5580000, 0x00000007b5580000)
  object space 349696K, 83% used [0x00000007a0000000,0x00000007b1d67d60,0x00000007b5580000)
 Metaspace       used 5452K, capacity 5616K, committed 5760K, reserved 1056768K
  class space    used 580K, capacity 630K, committed 640K, reserved 1048576K
}
{Heap before GC invocations=1076 (full 121):
 PSYoungGen      total 145920K, used 10023K [0x00000007b5580000, 0x00000007c0000000, 0x00000007c0000000)
  eden space 135680K, 0% used [0x00000007b5580000,0x00000007b5580000,0x00000007bda00000)
  from space 10240K, 97% used [0x00000007bda00000,0x00000007be3c9d00,0x00000007be400000)
  to   space 19968K, 0% used [0x00000007bec80000,0x00000007bec80000,0x00000007c0000000)
 ParOldGen       total 349696K, used 292255K [0x00000007a0000000, 0x00000007b5580000, 0x00000007b5580000)
  object space 349696K, 83% used [0x00000007a0000000,0x00000007b1d67d60,0x00000007b5580000)
 Metaspace       used 5452K, capacity 5616K, committed 5760K, reserved 1056768K
  class space    used 580K, capacity 630K, committed 640K, reserved 1048576K
2018-07-25T18:09:17.544-0800: 79.825: [Full GC (Ergonomics) [PSYoungGen: 10023K->0K(145920K)] [ParOldGen: 292255K->47745K(349696K)] 302278K->47745K(495616K), [Metaspace: 5452K->5452K(1056768K)], 0.0079799 secs] [Times: user=0.04 sys=0.00, real=0.01 secs] 
Heap after GC invocations=1076 (full 121):
 PSYoungGen      total 145920K, used 0K [0x00000007b5580000, 0x00000007c0000000, 0x00000007c0000000)
  eden space 135680K, 0% used [0x00000007b5580000,0x00000007b5580000,0x00000007bda00000)
  from space 10240K, 0% used [0x00000007bda00000,0x00000007bda00000,0x00000007be400000)
  to   space 19968K, 0% used [0x00000007bec80000,0x00000007bec80000,0x00000007c0000000)
 ParOldGen       total 349696K, used 47745K [0x00000007a0000000, 0x00000007b5580000, 0x00000007b5580000)
  object space 349696K, 13% used [0x00000007a0000000,0x00000007a2ea0748,0x00000007b5580000)
 Metaspace       used 5452K, capacity 5616K, committed 5760K, reserved 1056768K
  class space    used 580K, capacity 630K, committed 640K, reserved 1048576K
}
{Heap before GC invocations=1077 (full 121):
 PSYoungGen      total 145920K, used 106492K [0x00000007b5580000, 0x00000007c0000000, 0x00000007c0000000)
  eden space 135680K, 78% used [0x00000007b5580000,0x00000007bbd7f258,0x00000007bda00000)
  from space 10240K, 0% used [0x00000007bda00000,0x00000007bda00000,0x00000007be400000)
  to   space 19968K, 0% used [0x00000007bec80000,0x00000007bec80000,0x00000007c0000000)
 ParOldGen       total 349696K, used 47745K [0x00000007a0000000, 0x00000007b5580000, 0x00000007b5580000)
  object space 349696K, 13% used [0x00000007a0000000,0x00000007a2ea0748,0x00000007b5580000)
 Metaspace       used 5452K, capacity 5616K, committed 5760K, reserved 1056768K
  class space    used 580K, capacity 630K, committed 640K, reserved 1048576K
2018-07-25T18:09:17.571-0800: 79.852: [GC (Allocation Failure) [PSYoungGen: 106492K->0K(155136K)] 154238K->125870K(504832K), 0.0100292 secs] [Times: user=0.07 sys=0.00, real=0.01 secs] 
Heap after GC invocations=1077 (full 121):
 PSYoungGen      total 155136K, used 0K [0x00000007b5580000, 0x00000007c0000000, 0x00000007c0000000)
  eden space 135168K, 0% used [0x00000007b5580000,0x00000007b5580000,0x00000007bd980000)
  from space 19968K, 0% used [0x00000007bec80000,0x00000007bec80000,0x00000007c0000000)
  to   space 19456K, 0% used [0x00000007bd980000,0x00000007bd980000,0x00000007bec80000)
 ParOldGen       total 349696K, used 125870K [0x00000007a0000000, 0x00000007b5580000, 0x00000007b5580000)
  object space 349696K, 35% used [0x00000007a0000000,0x00000007a7aebbe8,0x00000007b5580000)
 Metaspace       used 5452K, capacity 5616K, committed 5760K, reserved 1056768K
  class space    used 580K, capacity 630K, committed 640K, reserved 1048576K
}
{Heap before GC invocations=1078 (full 121):
 PSYoungGen      total 155136K, used 128922K [0x00000007b5580000, 0x00000007c0000000, 0x00000007c0000000)
  eden space 135168K, 95% used [0x00000007b5580000,0x00000007bd3668d8,0x00000007bd980000)
  from space 19968K, 0% used [0x00000007bec80000,0x00000007bec80000,0x00000007c0000000)
  to   space 19456K, 0% used [0x00000007bd980000,0x00000007bd980000,0x00000007bec80000)
 ParOldGen       total 349696K, used 125870K [0x00000007a0000000, 0x00000007b5580000, 0x00000007b5580000)
  object space 349696K, 35% used [0x00000007a0000000,0x00000007a7aebbe8,0x00000007b5580000)
 Metaspace       used 5452K, capacity 5616K, committed 5760K, reserved 1056768K
  class space    used 580K, capacity 630K, committed 640K, reserved 1048576K
2018-07-25T18:09:17.692-0800: 79.973: [GC (Allocation Failure) [PSYoungGen: 128922K->10023K(154624K)] 254793K->187977K(504320K), 0.0055769 secs] [Times: user=0.04 sys=0.00, real=0.00 secs] 
Heap after GC invocations=1078 (full 121):
 PSYoungGen      total 154624K, used 10023K [0x00000007b5580000, 0x00000007c0000000, 0x00000007c0000000)
  eden space 135168K, 0% used [0x00000007b5580000,0x00000007b5580000,0x00000007bd980000)
  from space 19456K, 51% used [0x00000007bd980000,0x00000007be349e58,0x00000007bec80000)
  to   space 19968K, 0% used [0x00000007bec80000,0x00000007bec80000,0x00000007c0000000)
 ParOldGen       total 349696K, used 177954K [0x00000007a0000000, 0x00000007b5580000, 0x00000007b5580000)
  object space 349696K, 50% used [0x00000007a0000000,0x00000007aadc8998,0x00000007b5580000)
 Metaspace       used 5452K, capacity 5616K, committed 5760K, reserved 1056768K
  class space    used 580K, capacity 630K, committed 640K, reserved 1048576K
}
{Heap before GC invocations=1079 (full 121):
 PSYoungGen      total 154624K, used 142458K [0x00000007b5580000, 0x00000007c0000000, 0x00000007c0000000)
  eden space 135168K, 97% used [0x00000007b5580000,0x00000007bd6d4a38,0x00000007bd980000)
  from space 19456K, 51% used [0x00000007bd980000,0x00000007be349e58,0x00000007bec80000)
  to   space 19968K, 0% used [0x00000007bec80000,0x00000007bec80000,0x00000007c0000000)
 ParOldGen       total 349696K, used 177954K [0x00000007a0000000, 0x00000007b5580000, 0x00000007b5580000)
  object space 349696K, 50% used [0x00000007a0000000,0x00000007aadc8998,0x00000007b5580000)
 Metaspace       used 5452K, capacity 5616K, committed 5760K, reserved 1056768K
  class space    used 580K, capacity 630K, committed 640K, reserved 1048576K
2018-07-25T18:09:17.791-0800: 80.071: [GC (Allocation Failure) [PSYoungGen: 142458K->258K(155136K)] 320412K->178212K(504832K), 0.0014675 secs] [Times: user=0.00 sys=0.00, real=0.00 secs] 
Heap after GC invocations=1079 (full 121):
 PSYoungGen      total 155136K, used 258K [0x00000007b5580000, 0x00000007c0000000, 0x00000007c0000000)
  eden space 135168K, 0% used [0x00000007b5580000,0x00000007b5580000,0x00000007bd980000)
  from space 19968K, 1% used [0x00000007bec80000,0x00000007becc0918,0x00000007c0000000)
  to   space 19456K, 0% used [0x00000007bd980000,0x00000007bd980000,0x00000007bec80000)
 ParOldGen       total 349696K, used 177954K [0x00000007a0000000, 0x00000007b5580000, 0x00000007b5580000)
  object space 349696K, 50% used [0x00000007a0000000,0x00000007aadc8998,0x00000007b5580000)
 Metaspace       used 5452K, capacity 5616K, committed 5760K, reserved 1056768K
  class space    used 580K, capacity 630K, committed 640K, reserved 1048576K
}
{Heap before GC invocations=1080 (full 121):
 PSYoungGen      total 155136K, used 129593K [0x00000007b5580000, 0x00000007c0000000, 0x00000007c0000000)
  eden space 135168K, 95% used [0x00000007b5580000,0x00000007bd3cdd60,0x00000007bd980000)
  from space 19968K, 1% used [0x00000007bec80000,0x00000007becc0918,0x00000007c0000000)
  to   space 19456K, 0% used [0x00000007bd980000,0x00000007bd980000,0x00000007bec80000)
 ParOldGen       total 349696K, used 177954K [0x00000007a0000000, 0x00000007b5580000, 0x00000007b5580000)
  object space 349696K, 50% used [0x00000007a0000000,0x00000007aadc8998,0x00000007b5580000)
 Metaspace       used 5452K, capacity 5616K, committed 5760K, reserved 1056768K
  class space    used 580K, capacity 630K, committed 640K, reserved 1048576K
2018-07-25T18:09:17.820-0800: 80.101: [GC (Allocation Failure) [PSYoungGen: 129593K->9797K(154624K)] 307548K->240013K(504320K), 0.0080582 secs] [Times: user=0.06 sys=0.00, real=0.00 secs] 
Heap after GC invocations=1080 (full 121):
 PSYoungGen      total 154624K, used 9797K [0x00000007b5580000, 0x00000007c0000000, 0x00000007c0000000)
  eden space 135168K, 0% used [0x00000007b5580000,0x00000007b5580000,0x00000007bd980000)
  from space 19456K, 50% used [0x00000007bd980000,0x00000007be311698,0x00000007bec80000)
  to   space 19456K, 0% used [0x00000007bed00000,0x00000007bed00000,0x00000007c0000000)
 ParOldGen       total 349696K, used 230216K [0x00000007a0000000, 0x00000007b5580000, 0x00000007b5580000)
  object space 349696K, 65% used [0x00000007a0000000,0x00000007ae0d2048,0x00000007b5580000)
 Metaspace       used 5452K, capacity 5616K, committed 5760K, reserved 1056768K
  class space    used 580K, capacity 630K, committed 640K, reserved 1048576K
}
{Heap before GC invocations=1081 (full 121):
 PSYoungGen      total 154624K, used 139233K [0x00000007b5580000, 0x00000007c0000000, 0x00000007c0000000)
  eden space 135168K, 95% used [0x00000007b5580000,0x00000007bd3e6e78,0x00000007bd980000)
  from space 19456K, 50% used [0x00000007bd980000,0x00000007be311698,0x00000007bec80000)
  to   space 19456K, 0% used [0x00000007bed00000,0x00000007bed00000,0x00000007c0000000)
 ParOldGen       total 349696K, used 230216K [0x00000007a0000000, 0x00000007b5580000, 0x00000007b5580000)
  object space 349696K, 65% used [0x00000007a0000000,0x00000007ae0d2048,0x00000007b5580000)
 Metaspace       used 5452K, capacity 5616K, committed 5760K, reserved 1056768K
  class space    used 580K, capacity 630K, committed 640K, reserved 1048576K
2018-07-25T18:09:17.934-0800: 80.215: [GC (Allocation Failure) [PSYoungGen: 139233K->10024K(154112K)] 369449K->266282K(503808K), 0.0043018 secs] [Times: user=0.03 sys=0.00, real=0.00 secs] 
Heap after GC invocations=1081 (full 121):
 PSYoungGen      total 154112K, used 10024K [0x00000007b5580000, 0x00000007c0000000, 0x00000007c0000000)
  eden space 134656K, 0% used [0x00000007b5580000,0x00000007b5580000,0x00000007bd900000)
  from space 19456K, 51% used [0x00000007bed00000,0x00000007bf6ca108,0x00000007c0000000)
  to   space 19968K, 0% used [0x00000007bd900000,0x00000007bd900000,0x00000007bec80000)
 ParOldGen       total 349696K, used 256257K [0x00000007a0000000, 0x00000007b5580000, 0x00000007b5580000)
  object space 349696K, 73% used [0x00000007a0000000,0x00000007afa40710,0x00000007b5580000)
 Metaspace       used 5452K, capacity 5616K, committed 5760K, reserved 1056768K
  class space    used 580K, capacity 630K, committed 640K, reserved 1048576K
}
{Heap before GC invocations=1082 (full 121):
 PSYoungGen      total 154112K, used 116438K [0x00000007b5580000, 0x00000007c0000000, 0x00000007c0000000)
  eden space 134656K, 79% used [0x00000007b5580000,0x00000007bbd6b8c8,0x00000007bd900000)
  from space 19456K, 51% used [0x00000007bed00000,0x00000007bf6ca108,0x00000007c0000000)
  to   space 19968K, 0% used [0x00000007bd900000,0x00000007bd900000,0x00000007bec80000)
 ParOldGen       total 349696K, used 256257K [0x00000007a0000000, 0x00000007b5580000, 0x00000007b5580000)
  object space 349696K, 73% used [0x00000007a0000000,0x00000007afa40710,0x00000007b5580000)
 Metaspace       used 5452K, capacity 5616K, committed 5760K, reserved 1056768K
  class space    used 580K, capacity 630K, committed 640K, reserved 1048576K
2018-07-25T18:09:17.951-0800: 80.231: [GC (Allocation Failure) [PSYoungGen: 116438K->0K(154624K)] 372696K->292243K(504320K), 0.0060353 secs] [Times: user=0.04 sys=0.00, real=0.00 secs] 
Heap after GC invocations=1082 (full 121):
 PSYoungGen      total 154624K, used 0K [0x00000007b5580000, 0x00000007c0000000, 0x00000007c0000000)
  eden space 134656K, 0% used [0x00000007b5580000,0x00000007b5580000,0x00000007bd900000)
  from space 19968K, 0% used [0x00000007bd900000,0x00000007bd900000,0x00000007bec80000)
  to   space 19456K, 0% used [0x00000007bed00000,0x00000007bed00000,0x00000007c0000000)
 ParOldGen       total 349696K, used 292243K [0x00000007a0000000, 0x00000007b5580000, 0x00000007b5580000)
  object space 349696K, 83% used [0x00000007a0000000,0x00000007b1d64f20,0x00000007b5580000)
 Metaspace       used 5452K, capacity 5616K, committed 5760K, reserved 1056768K
  class space    used 580K, capacity 630K, committed 640K, reserved 1048576K
}
{Heap before GC invocations=1083 (full 122):
 PSYoungGen      total 154624K, used 0K [0x00000007b5580000, 0x00000007c0000000, 0x00000007c0000000)
  eden space 134656K, 0% used [0x00000007b5580000,0x00000007b5580000,0x00000007bd900000)
  from space 19968K, 0% used [0x00000007bd900000,0x00000007bd900000,0x00000007bec80000)
  to   space 19456K, 0% used [0x00000007bed00000,0x00000007bed00000,0x00000007c0000000)
 ParOldGen       total 349696K, used 292243K [0x00000007a0000000, 0x00000007b5580000, 0x00000007b5580000)
  object space 349696K, 83% used [0x00000007a0000000,0x00000007b1d64f20,0x00000007b5580000)
 Metaspace       used 5452K, capacity 5616K, committed 5760K, reserved 1056768K
  class space    used 580K, capacity 630K, committed 640K, reserved 1048576K
2018-07-25T18:09:17.957-0800: 80.237: [Full GC (Ergonomics) [PSYoungGen: 0K->0K(154624K)] [ParOldGen: 292243K->47746K(349696K)] 292243K->47746K(504320K), [Metaspace: 5452K->5452K(1056768K)], 0.0080481 secs] [Times: user=0.04 sys=0.00, real=0.01 secs] 
Heap after GC invocations=1083 (full 122):
 PSYoungGen      total 154624K, used 0K [0x00000007b5580000, 0x00000007c0000000, 0x00000007c0000000)
  eden space 134656K, 0% used [0x00000007b5580000,0x00000007b5580000,0x00000007bd900000)
  from space 19968K, 0% used [0x00000007bd900000,0x00000007bd900000,0x00000007bec80000)
  to   space 19456K, 0% used [0x00000007bed00000,0x00000007bed00000,0x00000007c0000000)
 ParOldGen       total 349696K, used 47746K [0x00000007a0000000, 0x00000007b5580000, 0x00000007b5580000)
  object space 349696K, 13% used [0x00000007a0000000,0x00000007a2ea0b30,0x00000007b5580000)
 Metaspace       used 5452K, capacity 5616K, committed 5760K, reserved 1056768K
  class space    used 580K, capacity 630K, committed 640K, reserved 1048576K
}
{Heap before GC invocations=1084 (full 122):
 PSYoungGen      total 154624K, used 129227K [0x00000007b5580000, 0x00000007c0000000, 0x00000007c0000000)
  eden space 134656K, 95% used [0x00000007b5580000,0x00000007bd3b2ec8,0x00000007bd900000)
  from space 19968K, 0% used [0x00000007bd900000,0x00000007bd900000,0x00000007bec80000)
  to   space 19456K, 0% used [0x00000007bed00000,0x00000007bed00000,0x00000007c0000000)
 ParOldGen       total 349696K, used 47746K [0x00000007a0000000, 0x00000007b5580000, 0x00000007b5580000)
  object space 349696K, 13% used [0x00000007a0000000,0x00000007a2ea0b30,0x00000007b5580000)
 Metaspace       used 5452K, capacity 5616K, committed 5760K, reserved 1056768K
  class space    used 580K, capacity 630K, committed 640K, reserved 1048576K
2018-07-25T18:09:18.085-0800: 80.365: [GC (Allocation Failure) [PSYoungGen: 129227K->10056K(154112K)] 176974K->109886K(503808K), 0.0060342 secs] [Times: user=0.05 sys=0.00, real=0.01 secs] 
Heap after GC invocations=1084 (full 122):
 PSYoungGen      total 154112K, used 10056K [0x00000007b5580000, 0x00000007c0000000, 0x00000007c0000000)
  eden space 134656K, 0% used [0x00000007b5580000,0x00000007b5580000,0x00000007bd900000)
  from space 19456K, 51% used [0x00000007bed00000,0x00000007bf6d2260,0x00000007c0000000)
  to   space 19968K, 0% used [0x00000007bd900000,0x00000007bd900000,0x00000007bec80000)
 ParOldGen       total 349696K, used 99830K [0x00000007a0000000, 0x00000007b5580000, 0x00000007b5580000)
  object space 349696K, 28% used [0x00000007a0000000,0x00000007a617d8e0,0x00000007b5580000)
 Metaspace       used 5452K, capacity 5616K, committed 5760K, reserved 1056768K
  class space    used 580K, capacity 630K, committed 640K, reserved 1048576K
}
{Heap before GC invocations=1085 (full 122):
 PSYoungGen      total 154112K, used 142669K [0x00000007b5580000, 0x00000007c0000000, 0x00000007c0000000)
  eden space 134656K, 98% used [0x00000007b5580000,0x00000007bd7013c8,0x00000007bd900000)
  from space 19456K, 51% used [0x00000007bed00000,0x00000007bf6d2260,0x00000007c0000000)
  to   space 19968K, 0% used [0x00000007bd900000,0x00000007bd900000,0x00000007bec80000)
 ParOldGen       total 349696K, used 99830K [0x00000007a0000000, 0x00000007b5580000, 0x00000007b5580000)
  object space 349696K, 28% used [0x00000007a0000000,0x00000007a617d8e0,0x00000007b5580000)
 Metaspace       used 5452K, capacity 5616K, committed 5760K, reserved 1056768K
  class space    used 580K, capacity 630K, committed 640K, reserved 1048576K
2018-07-25T18:09:18.183-0800: 80.464: [GC (Allocation Failure) [PSYoungGen: 142669K->291K(154624K)] 242499K->100121K(504320K), 0.0009614 secs] [Times: user=0.00 sys=0.00, real=0.00 secs] 
Heap after GC invocations=1085 (full 122):
 PSYoungGen      total 154624K, used 291K [0x00000007b5580000, 0x00000007c0000000, 0x00000007c0000000)
  eden space 134656K, 0% used [0x00000007b5580000,0x00000007b5580000,0x00000007bd900000)
  from space 19968K, 1% used [0x00000007bd900000,0x00000007bd948d20,0x00000007bec80000)
  to   space 19456K, 0% used [0x00000007bed00000,0x00000007bed00000,0x00000007c0000000)
 ParOldGen       total 349696K, used 99830K [0x00000007a0000000, 0x00000007b5580000, 0x00000007b5580000)
  object space 349696K, 28% used [0x00000007a0000000,0x00000007a617d8e0,0x00000007b5580000)
 Metaspace       used 5452K, capacity 5616K, committed 5760K, reserved 1056768K
  class space    used 580K, capacity 630K, committed 640K, reserved 1048576K
}
{Heap before GC invocations=1086 (full 122):
 PSYoungGen      total 154624K, used 129737K [0x00000007b5580000, 0x00000007c0000000, 0x00000007c0000000)
  eden space 134656K, 96% used [0x00000007b5580000,0x00000007bd3e9a20,0x00000007bd900000)
  from space 19968K, 1% used [0x00000007bd900000,0x00000007bd948d20,0x00000007bec80000)
  to   space 19456K, 0% used [0x00000007bed00000,0x00000007bed00000,0x00000007c0000000)
 ParOldGen       total 349696K, used 99830K [0x00000007a0000000, 0x00000007b5580000, 0x00000007b5580000)
  object space 349696K, 28% used [0x00000007a0000000,0x00000007a617d8e0,0x00000007b5580000)
 Metaspace       used 5452K, capacity 5616K, committed 5760K, reserved 1056768K
  class space    used 580K, capacity 630K, committed 640K, reserved 1048576K
2018-07-25T18:09:18.212-0800: 80.493: [GC (Allocation Failure) [PSYoungGen: 129737K->9797K(155136K)] 229568K->161890K(504832K), 0.0068063 secs] [Times: user=0.05 sys=0.00, real=0.00 secs] 
Heap after GC invocations=1086 (full 122):
 PSYoungGen      total 155136K, used 9797K [0x00000007b5580000, 0x00000007c0000000, 0x00000007c0000000)
  eden space 135680K, 0% used [0x00000007b5580000,0x00000007b5580000,0x00000007bda00000)
  from space 19456K, 50% used [0x00000007bed00000,0x00000007bf691698,0x00000007c0000000)
  to   space 19456K, 0% used [0x00000007bda00000,0x00000007bda00000,0x00000007bed00000)
 ParOldGen       total 349696K, used 152092K [0x00000007a0000000, 0x00000007b5580000, 0x00000007b5580000)
  object space 349696K, 43% used [0x00000007a0000000,0x00000007a9487398,0x00000007b5580000)
 Metaspace       used 5452K, capacity 5616K, committed 5760K, reserved 1056768K
  class space    used 580K, capacity 630K, committed 640K, reserved 1048576K
}
{Heap before GC invocations=1087 (full 122):
 PSYoungGen      total 155136K, used 139320K [0x00000007b5580000, 0x00000007c0000000, 0x00000007c0000000)
  eden space 135680K, 95% used [0x00000007b5580000,0x00000007bd3fcbe8,0x00000007bda00000)
  from space 19456K, 50% used [0x00000007bed00000,0x00000007bf691698,0x00000007c0000000)
  to   space 19456K, 0% used [0x00000007bda00000,0x00000007bda00000,0x00000007bed00000)
 ParOldGen       total 349696K, used 152092K [0x00000007a0000000, 0x00000007b5580000, 0x00000007b5580000)
  object space 349696K, 43% used [0x00000007a0000000,0x00000007a9487398,0x00000007b5580000)
 Metaspace       used 5452K, capacity 5616K, committed 5760K, reserved 1056768K
  class space    used 580K, capacity 630K, committed 640K, reserved 1048576K
2018-07-25T18:09:18.326-0800: 80.607: [GC (Allocation Failure) [PSYoungGen: 139320K->10025K(145920K)] 291413K->188159K(495616K), 0.0044508 secs] [Times: user=0.03 sys=0.00, real=0.01 secs] 
Heap after GC invocations=1087 (full 122):
 PSYoungGen      total 145920K, used 10025K [0x00000007b5580000, 0x00000007c0000000, 0x00000007c0000000)
  eden space 135680K, 0% used [0x00000007b5580000,0x00000007b5580000,0x00000007bda00000)
  from space 10240K, 97% used [0x00000007bda00000,0x00000007be3ca510,0x00000007be400000)
  to   space 19968K, 0% used [0x00000007bec80000,0x00000007bec80000,0x00000007c0000000)
 ParOldGen       total 349696K, used 178134K [0x00000007a0000000, 0x00000007b5580000, 0x00000007b5580000)
  object space 349696K, 50% used [0x00000007a0000000,0x00000007aadf5a60,0x00000007b5580000)
 Metaspace       used 5452K, capacity 5616K, committed 5760K, reserved 1056768K
  class space    used 580K, capacity 630K, committed 640K, reserved 1048576K
}
{Heap before GC invocations=1088 (full 122):
 PSYoungGen      total 145920K, used 116506K [0x00000007b5580000, 0x00000007c0000000, 0x00000007c0000000)
  eden space 135680K, 78% used [0x00000007b5580000,0x00000007bbd7c610,0x00000007bda00000)
  from space 10240K, 97% used [0x00000007bda00000,0x00000007be3ca510,0x00000007be400000)
  to   space 19968K, 0% used [0x00000007bec80000,0x00000007bec80000,0x00000007c0000000)
 ParOldGen       total 349696K, used 178134K [0x00000007a0000000, 0x00000007b5580000, 0x00000007b5580000)
  object space 349696K, 50% used [0x00000007a0000000,0x00000007aadf5a60,0x00000007b5580000)
 Metaspace       used 5452K, capacity 5616K, committed 5760K, reserved 1056768K
  class space    used 580K, capacity 630K, committed 640K, reserved 1048576K
2018-07-25T18:09:18.348-0800: 80.629: [GC (Allocation Failure) [PSYoungGen: 116506K->0K(155136K)] 294641K->214129K(504832K), 0.0045758 secs] [Times: user=0.03 sys=0.00, real=0.01 secs] 
Heap after GC invocations=1088 (full 122):
 PSYoungGen      total 155136K, used 0K [0x00000007b5580000, 0x00000007c0000000, 0x00000007c0000000)
  eden space 135168K, 0% used [0x00000007b5580000,0x00000007b5580000,0x00000007bd980000)
  from space 19968K, 0% used [0x00000007bec80000,0x00000007bec80000,0x00000007c0000000)
  to   space 19456K, 0% used [0x00000007bd980000,0x00000007bd980000,0x00000007bec80000)
 ParOldGen       total 349696K, used 214129K [0x00000007a0000000, 0x00000007b5580000, 0x00000007b5580000)
  object space 349696K, 61% used [0x00000007a0000000,0x00000007ad11c678,0x00000007b5580000)
 Metaspace       used 5452K, capacity 5616K, committed 5760K, reserved 1056768K
  class space    used 580K, capacity 630K, committed 640K, reserved 1048576K
}
{Heap before GC invocations=1089 (full 122):
 PSYoungGen      total 155136K, used 129268K [0x00000007b5580000, 0x00000007c0000000, 0x00000007c0000000)
  eden space 135168K, 95% used [0x00000007b5580000,0x00000007bd3bd190,0x00000007bd980000)
  from space 19968K, 0% used [0x00000007bec80000,0x00000007bec80000,0x00000007c0000000)
  to   space 19456K, 0% used [0x00000007bd980000,0x00000007bd980000,0x00000007bec80000)
 ParOldGen       total 349696K, used 214129K [0x00000007a0000000, 0x00000007b5580000, 0x00000007b5580000)
  object space 349696K, 61% used [0x00000007a0000000,0x00000007ad11c678,0x00000007b5580000)
 Metaspace       used 5452K, capacity 5616K, committed 5760K, reserved 1056768K
  class space    used 580K, capacity 630K, committed 640K, reserved 1048576K
2018-07-25T18:09:18.460-0800: 80.740: [GC (Allocation Failure) [PSYoungGen: 129268K->10025K(154624K)] 343398K->276238K(504320K), 0.0072632 secs] [Times: user=0.06 sys=0.00, real=0.00 secs] 
Heap after GC invocations=1089 (full 122):
 PSYoungGen      total 154624K, used 10025K [0x00000007b5580000, 0x00000007c0000000, 0x00000007c0000000)
  eden space 135168K, 0% used [0x00000007b5580000,0x00000007b5580000,0x00000007bd980000)
  from space 19456K, 51% used [0x00000007bd980000,0x00000007be34a668,0x00000007bec80000)
  to   space 19968K, 0% used [0x00000007bec80000,0x00000007bec80000,0x00000007c0000000)
 ParOldGen       total 349696K, used 266213K [0x00000007a0000000, 0x00000007b5580000, 0x00000007b5580000)
  object space 349696K, 76% used [0x00000007a0000000,0x00000007b03f9428,0x00000007b5580000)
 Metaspace       used 5452K, capacity 5616K, committed 5760K, reserved 1056768K
  class space    used 580K, capacity 630K, committed 640K, reserved 1048576K
}
{Heap before GC invocations=1090 (full 122):
 PSYoungGen      total 154624K, used 142685K [0x00000007b5580000, 0x00000007c0000000, 0x00000007c0000000)
  eden space 135168K, 98% used [0x00000007b5580000,0x00000007bd70ce48,0x00000007bd980000)
  from space 19456K, 51% used [0x00000007bd980000,0x00000007be34a668,0x00000007bec80000)
  to   space 19968K, 0% used [0x00000007bec80000,0x00000007bec80000,0x00000007c0000000)
 ParOldGen       total 349696K, used 266213K [0x00000007a0000000, 0x00000007b5580000, 0x00000007b5580000)
  object space 349696K, 76% used [0x00000007a0000000,0x00000007b03f9428,0x00000007b5580000)
 Metaspace       used 5452K, capacity 5616K, committed 5760K, reserved 1056768K
  class space    used 580K, capacity 630K, committed 640K, reserved 1048576K
2018-07-25T18:09:18.559-0800: 80.840: [GC (Allocation Failure) [PSYoungGen: 142685K->260K(155136K)] 408898K->266473K(504832K), 0.0014583 secs] [Times: user=0.01 sys=0.00, real=0.01 secs] 
Heap after GC invocations=1090 (full 122):
 PSYoungGen      total 155136K, used 260K [0x00000007b5580000, 0x00000007c0000000, 0x00000007c0000000)
  eden space 135168K, 0% used [0x00000007b5580000,0x00000007b5580000,0x00000007bd980000)
  from space 19968K, 1% used [0x00000007bec80000,0x00000007becc1128,0x00000007c0000000)
  to   space 19456K, 0% used [0x00000007bd980000,0x00000007bd980000,0x00000007bec80000)
 ParOldGen       total 349696K, used 266213K [0x00000007a0000000, 0x00000007b5580000, 0x00000007b5580000)
  object space 349696K, 76% used [0x00000007a0000000,0x00000007b03f9428,0x00000007b5580000)
 Metaspace       used 5452K, capacity 5616K, committed 5760K, reserved 1056768K
  class space    used 580K, capacity 630K, committed 640K, reserved 1048576K
}
{Heap before GC invocations=1091 (full 122):
 PSYoungGen      total 155136K, used 129740K [0x00000007b5580000, 0x00000007c0000000, 0x00000007c0000000)
  eden space 135168K, 95% used [0x00000007b5580000,0x00000007bd3f2050,0x00000007bd980000)
  from space 19968K, 1% used [0x00000007bec80000,0x00000007becc1128,0x00000007c0000000)
  to   space 19456K, 0% used [0x00000007bd980000,0x00000007bd980000,0x00000007bec80000)
 ParOldGen       total 349696K, used 266213K [0x00000007a0000000, 0x00000007b5580000, 0x00000007b5580000)
  object space 349696K, 76% used [0x00000007a0000000,0x00000007b03f9428,0x00000007b5580000)
 Metaspace       used 5452K, capacity 5616K, committed 5760K, reserved 1056768K
  class space    used 580K, capacity 630K, committed 640K, reserved 1048576K
2018-07-25T18:09:18.592-0800: 80.873: [GC (Allocation Failure) [PSYoungGen: 129740K->9797K(154624K)] 395953K->328282K(504320K), 0.0082567 secs] [Times: user=0.06 sys=0.00, real=0.01 secs] 
Heap after GC invocations=1091 (full 122):
 PSYoungGen      total 154624K, used 9797K [0x00000007b5580000, 0x00000007c0000000, 0x00000007c0000000)
  eden space 135168K, 0% used [0x00000007b5580000,0x00000007b5580000,0x00000007bd980000)
  from space 19456K, 50% used [0x00000007bd980000,0x00000007be311698,0x00000007bec80000)
  to   space 19456K, 0% used [0x00000007bed00000,0x00000007bed00000,0x00000007c0000000)
 ParOldGen       total 349696K, used 318484K [0x00000007a0000000, 0x00000007b5580000, 0x00000007b5580000)
  object space 349696K, 91% used [0x00000007a0000000,0x00000007b37052e8,0x00000007b5580000)
 Metaspace       used 5452K, capacity 5616K, committed 5760K, reserved 1056768K
  class space    used 580K, capacity 630K, committed 640K, reserved 1048576K
}
{Heap before GC invocations=1092 (full 123):
 PSYoungGen      total 154624K, used 9797K [0x00000007b5580000, 0x00000007c0000000, 0x00000007c0000000)
  eden space 135168K, 0% used [0x00000007b5580000,0x00000007b5580000,0x00000007bd980000)
  from space 19456K, 50% used [0x00000007bd980000,0x00000007be311698,0x00000007bec80000)
  to   space 19456K, 0% used [0x00000007bed00000,0x00000007bed00000,0x00000007c0000000)
 ParOldGen       total 349696K, used 318484K [0x00000007a0000000, 0x00000007b5580000, 0x00000007b5580000)
  object space 349696K, 91% used [0x00000007a0000000,0x00000007b37052e8,0x00000007b5580000)
 Metaspace       used 5452K, capacity 5616K, committed 5760K, reserved 1056768K
  class space    used 580K, capacity 630K, committed 640K, reserved 1048576K
2018-07-25T18:09:18.600-0800: 80.881: [Full GC (Ergonomics) [PSYoungGen: 9797K->0K(154624K)] [ParOldGen: 318484K->73790K(349696K)] 328282K->73790K(504320K), [Metaspace: 5452K->5452K(1056768K)], 0.0110404 secs] [Times: user=0.06 sys=0.00, real=0.01 secs] 
Heap after GC invocations=1092 (full 123):
 PSYoungGen      total 154624K, used 0K [0x00000007b5580000, 0x00000007c0000000, 0x00000007c0000000)
  eden space 135168K, 0% used [0x00000007b5580000,0x00000007b5580000,0x00000007bd980000)
  from space 19456K, 0% used [0x00000007bd980000,0x00000007bd980000,0x00000007bec80000)
  to   space 19456K, 0% used [0x00000007bed00000,0x00000007bed00000,0x00000007c0000000)
 ParOldGen       total 349696K, used 73790K [0x00000007a0000000, 0x00000007b5580000, 0x00000007b5580000)
  object space 349696K, 21% used [0x00000007a0000000,0x00000007a480f890,0x00000007b5580000)
 Metaspace       used 5452K, capacity 5616K, committed 5760K, reserved 1056768K
  class space    used 580K, capacity 630K, committed 640K, reserved 1048576K
}
{Heap before GC invocations=1093 (full 123):
 PSYoungGen      total 154624K, used 129528K [0x00000007b5580000, 0x00000007c0000000, 0x00000007c0000000)
  eden space 135168K, 95% used [0x00000007b5580000,0x00000007bd3fe2d8,0x00000007bd980000)
  from space 19456K, 0% used [0x00000007bd980000,0x00000007bd980000,0x00000007bec80000)
  to   space 19456K, 0% used [0x00000007bed00000,0x00000007bed00000,0x00000007c0000000)
 ParOldGen       total 349696K, used 73790K [0x00000007a0000000, 0x00000007b5580000, 0x00000007b5580000)
  object space 349696K, 21% used [0x00000007a0000000,0x00000007a480f890,0x00000007b5580000)
 Metaspace       used 5452K, capacity 5616K, committed 5760K, reserved 1056768K
  class space    used 580K, capacity 630K, committed 640K, reserved 1048576K
2018-07-25T18:09:18.725-0800: 81.005: [GC (Allocation Failure) [PSYoungGen: 129528K->10026K(154112K)] 203318K->135899K(503808K), 0.0069641 secs] [Times: user=0.05 sys=0.00, real=0.01 secs] 
Heap after GC invocations=1093 (full 123):
 PSYoungGen      total 154112K, used 10026K [0x00000007b5580000, 0x00000007c0000000, 0x00000007c0000000)
  eden space 134656K, 0% used [0x00000007b5580000,0x00000007b5580000,0x00000007bd900000)
  from space 19456K, 51% used [0x00000007bed00000,0x00000007bf6ca918,0x00000007c0000000)
  to   space 19968K, 0% used [0x00000007bd900000,0x00000007bd900000,0x00000007bec80000)
 ParOldGen       total 349696K, used 125873K [0x00000007a0000000, 0x00000007b5580000, 0x00000007b5580000)
  object space 349696K, 35% used [0x00000007a0000000,0x00000007a7aec660,0x00000007b5580000)
 Metaspace       used 5452K, capacity 5616K, committed 5760K, reserved 1056768K
  class space    used 580K, capacity 630K, committed 640K, reserved 1048576K
}
{Heap before GC invocations=1094 (full 123):
 PSYoungGen      total 154112K, used 116500K [0x00000007b5580000, 0x00000007c0000000, 0x00000007c0000000)
  eden space 134656K, 79% used [0x00000007b5580000,0x00000007bbd7a810,0x00000007bd900000)
  from space 19456K, 51% used [0x00000007bed00000,0x00000007bf6ca918,0x00000007c0000000)
  to   space 19968K, 0% used [0x00000007bd900000,0x00000007bd900000,0x00000007bec80000)
 ParOldGen       total 349696K, used 125873K [0x00000007a0000000, 0x00000007b5580000, 0x00000007b5580000)
  object space 349696K, 35% used [0x00000007a0000000,0x00000007a7aec660,0x00000007b5580000)
 Metaspace       used 5452K, capacity 5616K, committed 5760K, reserved 1056768K
  class space    used 580K, capacity 630K, committed 640K, reserved 1048576K
2018-07-25T18:09:18.744-0800: 81.025: [GC (Allocation Failure) [PSYoungGen: 116500K->0K(154624K)] 242373K->161869K(504320K), 0.0048135 secs] [Times: user=0.04 sys=0.00, real=0.00 secs] 
Heap after GC invocations=1094 (full 123):
 PSYoungGen      total 154624K, used 0K [0x00000007b5580000, 0x00000007c0000000, 0x00000007c0000000)
  eden space 134656K, 0% used [0x00000007b5580000,0x00000007b5580000,0x00000007bd900000)
  from space 19968K, 0% used [0x00000007bd900000,0x00000007bd900000,0x00000007bec80000)
  to   space 19456K, 0% used [0x00000007bed00000,0x00000007bed00000,0x00000007c0000000)
 ParOldGen       total 349696K, used 161869K [0x00000007a0000000, 0x00000007b5580000, 0x00000007b5580000)
  object space 349696K, 46% used [0x00000007a0000000,0x00000007a9e13680,0x00000007b5580000)
 Metaspace       used 5452K, capacity 5616K, committed 5760K, reserved 1056768K
  class space    used 580K, capacity 630K, committed 640K, reserved 1048576K
}
{Heap before GC invocations=1095 (full 123):
 PSYoungGen      total 154624K, used 129266K [0x00000007b5580000, 0x00000007c0000000, 0x00000007c0000000)
  eden space 134656K, 95% used [0x00000007b5580000,0x00000007bd3bc8c0,0x00000007bd900000)
  from space 19968K, 0% used [0x00000007bd900000,0x00000007bd900000,0x00000007bec80000)
  to   space 19456K, 0% used [0x00000007bed00000,0x00000007bed00000,0x00000007c0000000)
 ParOldGen       total 349696K, used 161869K [0x00000007a0000000, 0x00000007b5580000, 0x00000007b5580000)
  object space 349696K, 46% used [0x00000007a0000000,0x00000007a9e13680,0x00000007b5580000)
 Metaspace       used 5452K, capacity 5616K, committed 5760K, reserved 1056768K
  class space    used 580K, capacity 630K, committed 640K, reserved 1048576K
2018-07-25T18:09:18.860-0800: 81.141: [GC (Allocation Failure) [PSYoungGen: 129266K->9994K(154112K)] 291135K->223947K(503808K), 0.0055821 secs] [Times: user=0.04 sys=0.00, real=0.00 secs] 
Heap after GC invocations=1095 (full 123):
 PSYoungGen      total 154112K, used 9994K [0x00000007b5580000, 0x00000007c0000000, 0x00000007c0000000)
  eden space 134656K, 0% used [0x00000007b5580000,0x00000007b5580000,0x00000007bd900000)
  from space 19456K, 51% used [0x00000007bed00000,0x00000007bf6c2a70,0x00000007c0000000)
  to   space 19968K, 0% used [0x00000007bd900000,0x00000007bd900000,0x00000007bec80000)
 ParOldGen       total 349696K, used 213953K [0x00000007a0000000, 0x00000007b5580000, 0x00000007b5580000)
  object space 349696K, 61% used [0x00000007a0000000,0x00000007ad0f0430,0x00000007b5580000)
 Metaspace       used 5452K, capacity 5616K, committed 5760K, reserved 1056768K
  class space    used 580K, capacity 630K, committed 640K, reserved 1048576K
}
{Heap before GC invocations=1096 (full 123):
 PSYoungGen      total 154112K, used 142649K [0x00000007b5580000, 0x00000007c0000000, 0x00000007c0000000)
  eden space 134656K, 98% used [0x00000007b5580000,0x00000007bd70ba40,0x00000007bd900000)
  from space 19456K, 51% used [0x00000007bed00000,0x00000007bf6c2a70,0x00000007c0000000)
  to   space 19968K, 0% used [0x00000007bd900000,0x00000007bd900000,0x00000007bec80000)
 ParOldGen       total 349696K, used 213953K [0x00000007a0000000, 0x00000007b5580000, 0x00000007b5580000)
  object space 349696K, 61% used [0x00000007a0000000,0x00000007ad0f0430,0x00000007b5580000)
 Metaspace       used 5452K, capacity 5616K, committed 5760K, reserved 1056768K
  class space    used 580K, capacity 630K, committed 640K, reserved 1048576K
2018-07-25T18:09:18.957-0800: 81.237: [GC (Allocation Failure) [PSYoungGen: 142649K->261K(154624K)] 356602K->214214K(504320K), 0.0015955 secs] [Times: user=0.01 sys=0.00, real=0.00 secs] 
Heap after GC invocations=1096 (full 123):
 PSYoungGen      total 154624K, used 261K [0x00000007b5580000, 0x00000007c0000000, 0x00000007c0000000)
  eden space 134656K, 0% used [0x00000007b5580000,0x00000007b5580000,0x00000007bd900000)
  from space 19968K, 1% used [0x00000007bd900000,0x00000007bd941530,0x00000007bec80000)
  to   space 19456K, 0% used [0x00000007bed00000,0x00000007bed00000,0x00000007c0000000)
 ParOldGen       total 349696K, used 213953K [0x00000007a0000000, 0x00000007b5580000, 0x00000007b5580000)
  object space 349696K, 61% used [0x00000007a0000000,0x00000007ad0f0430,0x00000007b5580000)
 Metaspace       used 5452K, capacity 5616K, committed 5760K, reserved 1056768K
  class space    used 580K, capacity 630K, committed 640K, reserved 1048576K
}
{Heap before GC invocations=1097 (full 123):
 PSYoungGen      total 154624K, used 129734K [0x00000007b5580000, 0x00000007c0000000, 0x00000007c0000000)
  eden space 134656K, 96% used [0x00000007b5580000,0x00000007bd3f0560,0x00000007bd900000)
  from space 19968K, 1% used [0x00000007bd900000,0x00000007bd941530,0x00000007bec80000)
  to   space 19456K, 0% used [0x00000007bed00000,0x00000007bed00000,0x00000007c0000000)
 ParOldGen       total 349696K, used 213953K [0x00000007a0000000, 0x00000007b5580000, 0x00000007b5580000)
  object space 349696K, 61% used [0x00000007a0000000,0x00000007ad0f0430,0x00000007b5580000)
 Metaspace       used 5452K, capacity 5616K, committed 5760K, reserved 1056768K
  class space    used 580K, capacity 630K, committed 640K, reserved 1048576K
2018-07-25T18:09:18.987-0800: 81.267: [GC (Allocation Failure) [PSYoungGen: 129734K->9797K(155136K)] 343687K->276023K(504832K), 0.0079027 secs] [Times: user=0.05 sys=0.00, real=0.01 secs] 
Heap after GC invocations=1097 (full 123):
 PSYoungGen      total 155136K, used 9797K [0x00000007b5580000, 0x00000007c0000000, 0x00000007c0000000)
  eden space 135680K, 0% used [0x00000007b5580000,0x00000007b5580000,0x00000007bda00000)
  from space 19456K, 50% used [0x00000007bed00000,0x00000007bf691698,0x00000007c0000000)
  to   space 19456K, 0% used [0x00000007bda00000,0x00000007bda00000,0x00000007bed00000)
 ParOldGen       total 349696K, used 266225K [0x00000007a0000000, 0x00000007b5580000, 0x00000007b5580000)
  object space 349696K, 76% used [0x00000007a0000000,0x00000007b03fc6f8,0x00000007b5580000)
 Metaspace       used 5452K, capacity 5616K, committed 5760K, reserved 1056768K
  class space    used 580K, capacity 630K, committed 640K, reserved 1048576K
}
{Heap before GC invocations=1098 (full 123):
 PSYoungGen      total 155136K, used 139338K [0x00000007b5580000, 0x00000007c0000000, 0x00000007c0000000)
  eden space 135680K, 95% used [0x00000007b5580000,0x00000007bd4011a0,0x00000007bda00000)
  from space 19456K, 50% used [0x00000007bed00000,0x00000007bf691698,0x00000007c0000000)
  to   space 19456K, 0% used [0x00000007bda00000,0x00000007bda00000,0x00000007bed00000)
 ParOldGen       total 349696K, used 266225K [0x00000007a0000000, 0x00000007b5580000, 0x00000007b5580000)
  object space 349696K, 76% used [0x00000007a0000000,0x00000007b03fc6f8,0x00000007b5580000)
 Metaspace       used 5452K, capacity 5616K, committed 5760K, reserved 1056768K
  class space    used 580K, capacity 630K, committed 640K, reserved 1048576K
2018-07-25T18:09:19.102-0800: 81.382: [GC (Allocation Failure) [PSYoungGen: 139338K->10027K(145920K)] 405563K->302294K(495616K), 0.0046275 secs] [Times: user=0.03 sys=0.00, real=0.00 secs] 
Heap after GC invocations=1098 (full 123):
 PSYoungGen      total 145920K, used 10027K [0x00000007b5580000, 0x00000007c0000000, 0x00000007c0000000)
  eden space 135680K, 0% used [0x00000007b5580000,0x00000007b5580000,0x00000007bda00000)
  from space 10240K, 97% used [0x00000007bda00000,0x00000007be3cad20,0x00000007be400000)
  to   space 19968K, 0% used [0x00000007bec80000,0x00000007bec80000,0x00000007c0000000)
 ParOldGen       total 349696K, used 292267K [0x00000007a0000000, 0x00000007b5580000, 0x00000007b5580000)
  object space 349696K, 83% used [0x00000007a0000000,0x00000007b1d6adc0,0x00000007b5580000)
 Metaspace       used 5452K, capacity 5616K, committed 5760K, reserved 1056768K
  class space    used 580K, capacity 630K, committed 640K, reserved 1048576K
}
{Heap before GC invocations=1099 (full 124):
 PSYoungGen      total 145920K, used 10027K [0x00000007b5580000, 0x00000007c0000000, 0x00000007c0000000)
  eden space 135680K, 0% used [0x00000007b5580000,0x00000007b5580000,0x00000007bda00000)
  from space 10240K, 97% used [0x00000007bda00000,0x00000007be3cad20,0x00000007be400000)
  to   space 19968K, 0% used [0x00000007bec80000,0x00000007bec80000,0x00000007c0000000)
 ParOldGen       total 349696K, used 292267K [0x00000007a0000000, 0x00000007b5580000, 0x00000007b5580000)
  object space 349696K, 83% used [0x00000007a0000000,0x00000007b1d6adc0,0x00000007b5580000)
 Metaspace       used 5452K, capacity 5616K, committed 5760K, reserved 1056768K
  class space    used 580K, capacity 630K, committed 640K, reserved 1048576K
2018-07-25T18:09:19.107-0800: 81.387: [Full GC (Ergonomics) [PSYoungGen: 10027K->0K(145920K)] [ParOldGen: 292267K->47749K(349696K)] 302294K->47749K(495616K), [Metaspace: 5452K->5452K(1056768K)], 0.0077603 secs] [Times: user=0.04 sys=0.00, real=0.01 secs] 
Heap after GC invocations=1099 (full 124):
 PSYoungGen      total 145920K, used 0K [0x00000007b5580000, 0x00000007c0000000, 0x00000007c0000000)
  eden space 135680K, 0% used [0x00000007b5580000,0x00000007b5580000,0x00000007bda00000)
  from space 10240K, 0% used [0x00000007bda00000,0x00000007bda00000,0x00000007be400000)
  to   space 19968K, 0% used [0x00000007bec80000,0x00000007bec80000,0x00000007c0000000)
 ParOldGen       total 349696K, used 47749K [0x00000007a0000000, 0x00000007b5580000, 0x00000007b5580000)
  object space 349696K, 13% used [0x00000007a0000000,0x00000007a2ea1768,0x00000007b5580000)
 Metaspace       used 5452K, capacity 5616K, committed 5760K, reserved 1056768K
  class space    used 580K, capacity 630K, committed 640K, reserved 1048576K
}
{Heap before GC invocations=1100 (full 124):
 PSYoungGen      total 145920K, used 106492K [0x00000007b5580000, 0x00000007c0000000, 0x00000007c0000000)
  eden space 135680K, 78% used [0x00000007b5580000,0x00000007bbd7f308,0x00000007bda00000)
  from space 10240K, 0% used [0x00000007bda00000,0x00000007bda00000,0x00000007be400000)
  to   space 19968K, 0% used [0x00000007bec80000,0x00000007bec80000,0x00000007c0000000)
 ParOldGen       total 349696K, used 47749K [0x00000007a0000000, 0x00000007b5580000, 0x00000007b5580000)
  object space 349696K, 13% used [0x00000007a0000000,0x00000007a2ea1768,0x00000007b5580000)
 Metaspace       used 5452K, capacity 5616K, committed 5760K, reserved 1056768K
  class space    used 580K, capacity 630K, committed 640K, reserved 1048576K
2018-07-25T18:09:19.128-0800: 81.408: [GC (Allocation Failure) [PSYoungGen: 106492K->0K(155136K)] 154242K->125875K(504832K), 0.0110359 secs] [Times: user=0.09 sys=0.00, real=0.01 secs] 
Heap after GC invocations=1100 (full 124):
 PSYoungGen      total 155136K, used 0K [0x00000007b5580000, 0x00000007c0000000, 0x00000007c0000000)
  eden space 135168K, 0% used [0x00000007b5580000,0x00000007b5580000,0x00000007bd980000)
  from space 19968K, 0% used [0x00000007bec80000,0x00000007bec80000,0x00000007c0000000)
  to   space 19456K, 0% used [0x00000007bd980000,0x00000007bd980000,0x00000007bec80000)
 ParOldGen       total 349696K, used 125875K [0x00000007a0000000, 0x00000007b5580000, 0x00000007b5580000)
  object space 349696K, 35% used [0x00000007a0000000,0x00000007a7aecc08,0x00000007b5580000)
 Metaspace       used 5452K, capacity 5616K, committed 5760K, reserved 1056768K
  class space    used 580K, capacity 630K, committed 640K, reserved 1048576K
}
{Heap before GC invocations=1101 (full 124):
 PSYoungGen      total 155136K, used 128922K [0x00000007b5580000, 0x00000007c0000000, 0x00000007c0000000)
  eden space 135168K, 95% used [0x00000007b5580000,0x00000007bd366948,0x00000007bd980000)
  from space 19968K, 0% used [0x00000007bec80000,0x00000007bec80000,0x00000007c0000000)
  to   space 19456K, 0% used [0x00000007bd980000,0x00000007bd980000,0x00000007bec80000)
 ParOldGen       total 349696K, used 125875K [0x00000007a0000000, 0x00000007b5580000, 0x00000007b5580000)
  object space 349696K, 35% used [0x00000007a0000000,0x00000007a7aecc08,0x00000007b5580000)
 Metaspace       used 5452K, capacity 5616K, committed 5760K, reserved 1056768K
  class space    used 580K, capacity 630K, committed 640K, reserved 1048576K
2018-07-25T18:09:19.253-0800: 81.533: [GC (Allocation Failure) [PSYoungGen: 128922K->10027K(154624K)] 254797K->187986K(504320K), 0.0068489 secs] [Times: user=0.05 sys=0.00, real=0.01 secs] 
Heap after GC invocations=1101 (full 124):
 PSYoungGen      total 154624K, used 10027K [0x00000007b5580000, 0x00000007c0000000, 0x00000007c0000000)
  eden space 135168K, 0% used [0x00000007b5580000,0x00000007b5580000,0x00000007bd980000)
  from space 19456K, 51% used [0x00000007bd980000,0x00000007be34ae78,0x00000007bec80000)
  to   space 19968K, 0% used [0x00000007bec80000,0x00000007bec80000,0x00000007c0000000)
 ParOldGen       total 349696K, used 177958K [0x00000007a0000000, 0x00000007b5580000, 0x00000007b5580000)
  object space 349696K, 50% used [0x00000007a0000000,0x00000007aadc99b8,0x00000007b5580000)
 Metaspace       used 5452K, capacity 5616K, committed 5760K, reserved 1056768K
  class space    used 580K, capacity 630K, committed 640K, reserved 1048576K
}
{Heap before GC invocations=1102 (full 124):
 PSYoungGen      total 154624K, used 142462K [0x00000007b5580000, 0x00000007c0000000, 0x00000007c0000000)
  eden space 135168K, 97% used [0x00000007b5580000,0x00000007bd6d4a80,0x00000007bd980000)
  from space 19456K, 51% used [0x00000007bd980000,0x00000007be34ae78,0x00000007bec80000)
  to   space 19968K, 0% used [0x00000007bec80000,0x00000007bec80000,0x00000007c0000000)
 ParOldGen       total 349696K, used 177958K [0x00000007a0000000, 0x00000007b5580000, 0x00000007b5580000)
  object space 349696K, 50% used [0x00000007a0000000,0x00000007aadc99b8,0x00000007b5580000)
 Metaspace       used 5452K, capacity 5616K, committed 5760K, reserved 1056768K
  class space    used 580K, capacity 630K, committed 640K, reserved 1048576K
2018-07-25T18:09:19.351-0800: 81.632: [GC (Allocation Failure) [PSYoungGen: 142462K->230K(155136K)] 320420K->178188K(504832K), 0.0013226 secs] [Times: user=0.01 sys=0.00, real=0.00 secs] 
Heap after GC invocations=1102 (full 124):
 PSYoungGen      total 155136K, used 230K [0x00000007b5580000, 0x00000007c0000000, 0x00000007c0000000)
  eden space 135168K, 0% used [0x00000007b5580000,0x00000007b5580000,0x00000007bd980000)
  from space 19968K, 1% used [0x00000007bec80000,0x00000007becb9938,0x00000007c0000000)
  to   space 19456K, 0% used [0x00000007bd980000,0x00000007bd980000,0x00000007bec80000)
 ParOldGen       total 349696K, used 177958K [0x00000007a0000000, 0x00000007b5580000, 0x00000007b5580000)
  object space 349696K, 50% used [0x00000007a0000000,0x00000007aadc99b8,0x00000007b5580000)
 Metaspace       used 5452K, capacity 5616K, committed 5760K, reserved 1056768K
  class space    used 580K, capacity 630K, committed 640K, reserved 1048576K
}
{Heap before GC invocations=1103 (full 124):
 PSYoungGen      total 155136K, used 129565K [0x00000007b5580000, 0x00000007c0000000, 0x00000007c0000000)
  eden space 135168K, 95% used [0x00000007b5580000,0x00000007bd3cde08,0x00000007bd980000)
  from space 19968K, 1% used [0x00000007bec80000,0x00000007becb9938,0x00000007c0000000)
  to   space 19456K, 0% used [0x00000007bd980000,0x00000007bd980000,0x00000007bec80000)
 ParOldGen       total 349696K, used 177958K [0x00000007a0000000, 0x00000007b5580000, 0x00000007b5580000)
  object space 349696K, 50% used [0x00000007a0000000,0x00000007aadc99b8,0x00000007b5580000)
 Metaspace       used 5452K, capacity 5616K, committed 5760K, reserved 1056768K
  class space    used 580K, capacity 630K, committed 640K, reserved 1048576K
2018-07-25T18:09:19.383-0800: 81.664: [GC (Allocation Failure) [PSYoungGen: 129565K->9797K(154624K)] 307524K->240021K(504320K), 0.0076959 secs] [Times: user=0.06 sys=0.00, real=0.01 secs] 
Heap after GC invocations=1103 (full 124):
 PSYoungGen      total 154624K, used 9797K [0x00000007b5580000, 0x00000007c0000000, 0x00000007c0000000)
  eden space 135168K, 0% used [0x00000007b5580000,0x00000007b5580000,0x00000007bd980000)
  from space 19456K, 50% used [0x00000007bd980000,0x00000007be311698,0x00000007bec80000)
  to   space 19456K, 0% used [0x00000007bed00000,0x00000007bed00000,0x00000007c0000000)
 ParOldGen       total 349696K, used 230224K [0x00000007a0000000, 0x00000007b5580000, 0x00000007b5580000)
  object space 349696K, 65% used [0x00000007a0000000,0x00000007ae0d4088,0x00000007b5580000)
 Metaspace       used 5452K, capacity 5616K, committed 5760K, reserved 1056768K
  class space    used 580K, capacity 630K, committed 640K, reserved 1048576K
}
{Heap before GC invocations=1104 (full 124):
 PSYoungGen      total 154624K, used 139233K [0x00000007b5580000, 0x00000007c0000000, 0x00000007c0000000)
  eden space 135168K, 95% used [0x00000007b5580000,0x00000007bd3e6f58,0x00000007bd980000)
  from space 19456K, 50% used [0x00000007bd980000,0x00000007be311698,0x00000007bec80000)
  to   space 19456K, 0% used [0x00000007bed00000,0x00000007bed00000,0x00000007c0000000)
 ParOldGen       total 349696K, used 230224K [0x00000007a0000000, 0x00000007b5580000, 0x00000007b5580000)
  object space 349696K, 65% used [0x00000007a0000000,0x00000007ae0d4088,0x00000007b5580000)
 Metaspace       used 5452K, capacity 5616K, committed 5760K, reserved 1056768K
  class space    used 580K, capacity 630K, committed 640K, reserved 1048576K
2018-07-25T18:09:19.497-0800: 81.777: [GC (Allocation Failure) [PSYoungGen: 139233K->10028K(154112K)] 369457K->266294K(503808K), 0.0045233 secs] [Times: user=0.04 sys=0.00, real=0.01 secs] 
Heap after GC invocations=1104 (full 124):
 PSYoungGen      total 154112K, used 10028K [0x00000007b5580000, 0x00000007c0000000, 0x00000007c0000000)
  eden space 134656K, 0% used [0x00000007b5580000,0x00000007b5580000,0x00000007bd900000)
  from space 19456K, 51% used [0x00000007bed00000,0x00000007bf6cb128,0x00000007c0000000)
  to   space 19968K, 0% used [0x00000007bd900000,0x00000007bd900000,0x00000007bec80000)
 ParOldGen       total 349696K, used 256265K [0x00000007a0000000, 0x00000007b5580000, 0x00000007b5580000)
  object space 349696K, 73% used [0x00000007a0000000,0x00000007afa42750,0x00000007b5580000)
 Metaspace       used 5452K, capacity 5616K, committed 5760K, reserved 1056768K
  class space    used 580K, capacity 630K, committed 640K, reserved 1048576K
}
{Heap before GC invocations=1105 (full 124):
 PSYoungGen      total 154112K, used 116442K [0x00000007b5580000, 0x00000007c0000000, 0x00000007c0000000)
  eden space 134656K, 79% used [0x00000007b5580000,0x00000007bbd6b958,0x00000007bd900000)
  from space 19456K, 51% used [0x00000007bed00000,0x00000007bf6cb128,0x00000007c0000000)
  to   space 19968K, 0% used [0x00000007bd900000,0x00000007bd900000,0x00000007bec80000)
 ParOldGen       total 349696K, used 256265K [0x00000007a0000000, 0x00000007b5580000, 0x00000007b5580000)
  object space 349696K, 73% used [0x00000007a0000000,0x00000007afa42750,0x00000007b5580000)
 Metaspace       used 5452K, capacity 5616K, committed 5760K, reserved 1056768K
  class space    used 580K, capacity 630K, committed 640K, reserved 1048576K
2018-07-25T18:09:19.518-0800: 81.798: [GC (Allocation Failure) [PSYoungGen: 116442K->0K(154624K)] 372708K->292255K(504320K), 0.0050778 secs] [Times: user=0.04 sys=0.00, real=0.01 secs] 
Heap after GC invocations=1105 (full 124):
 PSYoungGen      total 154624K, used 0K [0x00000007b5580000, 0x00000007c0000000, 0x00000007c0000000)
  eden space 134656K, 0% used [0x00000007b5580000,0x00000007b5580000,0x00000007bd900000)
  from space 19968K, 0% used [0x00000007bd900000,0x00000007bd900000,0x00000007bec80000)
  to   space 19456K, 0% used [0x00000007bed00000,0x00000007bed00000,0x00000007c0000000)
 ParOldGen       total 349696K, used 292255K [0x00000007a0000000, 0x00000007b5580000, 0x00000007b5580000)
  object space 349696K, 83% used [0x00000007a0000000,0x00000007b1d67f80,0x00000007b5580000)
 Metaspace       used 5452K, capacity 5616K, committed 5760K, reserved 1056768K
  class space    used 580K, capacity 630K, committed 640K, reserved 1048576K
}
{Heap before GC invocations=1106 (full 125):
 PSYoungGen      total 154624K, used 0K [0x00000007b5580000, 0x00000007c0000000, 0x00000007c0000000)
  eden space 134656K, 0% used [0x00000007b5580000,0x00000007b5580000,0x00000007bd900000)
  from space 19968K, 0% used [0x00000007bd900000,0x00000007bd900000,0x00000007bec80000)
  to   space 19456K, 0% used [0x00000007bed00000,0x00000007bed00000,0x00000007c0000000)
 ParOldGen       total 349696K, used 292255K [0x00000007a0000000, 0x00000007b5580000, 0x00000007b5580000)
  object space 349696K, 83% used [0x00000007a0000000,0x00000007b1d67f80,0x00000007b5580000)
 Metaspace       used 5452K, capacity 5616K, committed 5760K, reserved 1056768K
  class space    used 580K, capacity 630K, committed 640K, reserved 1048576K
2018-07-25T18:09:19.523-0800: 81.804: [Full GC (Ergonomics) [PSYoungGen: 0K->0K(154624K)] [ParOldGen: 292255K->47750K(349696K)] 292255K->47750K(504320K), [Metaspace: 5452K->5452K(1056768K)], 0.0083212 secs] [Times: user=0.04 sys=0.00, real=0.01 secs] 
Heap after GC invocations=1106 (full 125):
 PSYoungGen      total 154624K, used 0K [0x00000007b5580000, 0x00000007c0000000, 0x00000007c0000000)
  eden space 134656K, 0% used [0x00000007b5580000,0x00000007b5580000,0x00000007bd900000)
  from space 19968K, 0% used [0x00000007bd900000,0x00000007bd900000,0x00000007bec80000)
  to   space 19456K, 0% used [0x00000007bed00000,0x00000007bed00000,0x00000007c0000000)
 ParOldGen       total 349696K, used 47750K [0x00000007a0000000, 0x00000007b5580000, 0x00000007b5580000)
  object space 349696K, 13% used [0x00000007a0000000,0x00000007a2ea1b50,0x00000007b5580000)
 Metaspace       used 5452K, capacity 5616K, committed 5760K, reserved 1056768K
  class space    used 580K, capacity 630K, committed 640K, reserved 1048576K
}
{Heap before GC invocations=1107 (full 125):
 PSYoungGen      total 154624K, used 129227K [0x00000007b5580000, 0x00000007c0000000, 0x00000007c0000000)
  eden space 134656K, 95% used [0x00000007b5580000,0x00000007bd3b2fb8,0x00000007bd900000)
  from space 19968K, 0% used [0x00000007bd900000,0x00000007bd900000,0x00000007bec80000)
  to   space 19456K, 0% used [0x00000007bed00000,0x00000007bed00000,0x00000007c0000000)
 ParOldGen       total 349696K, used 47750K [0x00000007a0000000, 0x00000007b5580000, 0x00000007b5580000)
  object space 349696K, 13% used [0x00000007a0000000,0x00000007a2ea1b50,0x00000007b5580000)
 Metaspace       used 5452K, capacity 5616K, committed 5760K, reserved 1056768K
  class space    used 580K, capacity 630K, committed 640K, reserved 1048576K
2018-07-25T18:09:19.643-0800: 81.924: [GC (Allocation Failure) [PSYoungGen: 129227K->10028K(154112K)] 176978K->109862K(503808K), 0.0059973 secs] [Times: user=0.04 sys=0.00, real=0.00 secs] 
Heap after GC invocations=1107 (full 125):
 PSYoungGen      total 154112K, used 10028K [0x00000007b5580000, 0x00000007c0000000, 0x00000007c0000000)
  eden space 134656K, 0% used [0x00000007b5580000,0x00000007b5580000,0x00000007bd900000)
  from space 19456K, 51% used [0x00000007bed00000,0x00000007bf6cb280,0x00000007c0000000)
  to   space 19968K, 0% used [0x00000007bd900000,0x00000007bd900000,0x00000007bec80000)
 ParOldGen       total 349696K, used 99834K [0x00000007a0000000, 0x00000007b5580000, 0x00000007b5580000)
  object space 349696K, 28% used [0x00000007a0000000,0x00000007a617e900,0x00000007b5580000)
 Metaspace       used 5452K, capacity 5616K, committed 5760K, reserved 1056768K
  class space    used 580K, capacity 630K, committed 640K, reserved 1048576K
}
{Heap before GC invocations=1108 (full 125):
 PSYoungGen      total 154112K, used 142641K [0x00000007b5580000, 0x00000007c0000000, 0x00000007c0000000)
  eden space 134656K, 98% used [0x00000007b5580000,0x00000007bd701468,0x00000007bd900000)
  from space 19456K, 51% used [0x00000007bed00000,0x00000007bf6cb280,0x00000007c0000000)
  to   space 19968K, 0% used [0x00000007bd900000,0x00000007bd900000,0x00000007bec80000)
 ParOldGen       total 349696K, used 99834K [0x00000007a0000000, 0x00000007b5580000, 0x00000007b5580000)
  object space 349696K, 28% used [0x00000007a0000000,0x00000007a617e900,0x00000007b5580000)
 Metaspace       used 5452K, capacity 5616K, committed 5760K, reserved 1056768K
  class space    used 580K, capacity 630K, committed 640K, reserved 1048576K
2018-07-25T18:09:19.741-0800: 82.022: [GC (Allocation Failure) [PSYoungGen: 142641K->231K(154624K)] 242475K->100065K(504320K), 0.0010090 secs] [Times: user=0.01 sys=0.00, real=0.00 secs] 
Heap after GC invocations=1108 (full 125):
 PSYoungGen      total 154624K, used 231K [0x00000007b5580000, 0x00000007c0000000, 0x00000007c0000000)
  eden space 134656K, 0% used [0x00000007b5580000,0x00000007b5580000,0x00000007bd900000)
  from space 19968K, 1% used [0x00000007bd900000,0x00000007bd939d40,0x00000007bec80000)
  to   space 19456K, 0% used [0x00000007bed00000,0x00000007bed00000,0x00000007c0000000)
 ParOldGen       total 349696K, used 99834K [0x00000007a0000000, 0x00000007b5580000, 0x00000007b5580000)
  object space 349696K, 28% used [0x00000007a0000000,0x00000007a617e900,0x00000007b5580000)
 Metaspace       used 5452K, capacity 5616K, committed 5760K, reserved 1056768K
  class space    used 580K, capacity 630K, committed 640K, reserved 1048576K
}
{Heap before GC invocations=1109 (full 125):
 PSYoungGen      total 154624K, used 129678K [0x00000007b5580000, 0x00000007c0000000, 0x00000007c0000000)
  eden space 134656K, 96% used [0x00000007b5580000,0x00000007bd3e9af8,0x00000007bd900000)
  from space 19968K, 1% used [0x00000007bd900000,0x00000007bd939d40,0x00000007bec80000)
  to   space 19456K, 0% used [0x00000007bed00000,0x00000007bed00000,0x00000007c0000000)
 ParOldGen       total 349696K, used 99834K [0x00000007a0000000, 0x00000007b5580000, 0x00000007b5580000)
  object space 349696K, 28% used [0x00000007a0000000,0x00000007a617e900,0x00000007b5580000)
 Metaspace       used 5452K, capacity 5616K, committed 5760K, reserved 1056768K
  class space    used 580K, capacity 630K, committed 640K, reserved 1048576K
2018-07-25T18:09:19.771-0800: 82.051: [GC (Allocation Failure) [PSYoungGen: 129678K->9797K(155136K)] 229512K->161906K(504832K), 0.0078934 secs] [Times: user=0.05 sys=0.00, real=0.00 secs] 
Heap after GC invocations=1109 (full 125):
 PSYoungGen      total 155136K, used 9797K [0x00000007b5580000, 0x00000007c0000000, 0x00000007c0000000)
  eden space 135680K, 0% used [0x00000007b5580000,0x00000007b5580000,0x00000007bda00000)
  from space 19456K, 50% used [0x00000007bed00000,0x00000007bf691698,0x00000007c0000000)
  to   space 19456K, 0% used [0x00000007bda00000,0x00000007bda00000,0x00000007bed00000)
 ParOldGen       total 349696K, used 152108K [0x00000007a0000000, 0x00000007b5580000, 0x00000007b5580000)
  object space 349696K, 43% used [0x00000007a0000000,0x00000007a948b3d8,0x00000007b5580000)
 Metaspace       used 5452K, capacity 5616K, committed 5760K, reserved 1056768K
  class space    used 580K, capacity 630K, committed 640K, reserved 1048576K
}
{Heap before GC invocations=1110 (full 125):
 PSYoungGen      total 155136K, used 139320K [0x00000007b5580000, 0x00000007c0000000, 0x00000007c0000000)
  eden space 135680K, 95% used [0x00000007b5580000,0x00000007bd3fcce8,0x00000007bda00000)
  from space 19456K, 50% used [0x00000007bed00000,0x00000007bf691698,0x00000007c0000000)
  to   space 19456K, 0% used [0x00000007bda00000,0x00000007bda00000,0x00000007bed00000)
 ParOldGen       total 349696K, used 152108K [0x00000007a0000000, 0x00000007b5580000, 0x00000007b5580000)
  object space 349696K, 43% used [0x00000007a0000000,0x00000007a948b3d8,0x00000007b5580000)
 Metaspace       used 5452K, capacity 5616K, committed 5760K, reserved 1056768K
  class space    used 580K, capacity 630K, committed 640K, reserved 1048576K
2018-07-25T18:09:19.888-0800: 82.168: [GC (Allocation Failure) [PSYoungGen: 139320K->9997K(145920K)] 291429K->188147K(495616K), 0.0045951 secs] [Times: user=0.04 sys=0.00, real=0.01 secs] 
Heap after GC invocations=1110 (full 125):
 PSYoungGen      total 145920K, used 9997K [0x00000007b5580000, 0x00000007c0000000, 0x00000007c0000000)
  eden space 135680K, 0% used [0x00000007b5580000,0x00000007b5580000,0x00000007bda00000)
  from space 10240K, 97% used [0x00000007bda00000,0x00000007be3c3530,0x00000007be400000)
  to   space 19968K, 0% used [0x00000007bec80000,0x00000007bec80000,0x00000007c0000000)
 ParOldGen       total 349696K, used 178150K [0x00000007a0000000, 0x00000007b5580000, 0x00000007b5580000)
  object space 349696K, 50% used [0x00000007a0000000,0x00000007aadf9aa0,0x00000007b5580000)
 Metaspace       used 5452K, capacity 5616K, committed 5760K, reserved 1056768K
  class space    used 580K, capacity 630K, committed 640K, reserved 1048576K
}
{Heap before GC invocations=1111 (full 125):
 PSYoungGen      total 145920K, used 116478K [0x00000007b5580000, 0x00000007c0000000, 0x00000007c0000000)
  eden space 135680K, 78% used [0x00000007b5580000,0x00000007bbd7c6b8,0x00000007bda00000)
  from space 10240K, 97% used [0x00000007bda00000,0x00000007be3c3530,0x00000007be400000)
  to   space 19968K, 0% used [0x00000007bec80000,0x00000007bec80000,0x00000007c0000000)
 ParOldGen       total 349696K, used 178150K [0x00000007a0000000, 0x00000007b5580000, 0x00000007b5580000)
  object space 349696K, 50% used [0x00000007a0000000,0x00000007aadf9aa0,0x00000007b5580000)
 Metaspace       used 5452K, capacity 5616K, committed 5760K, reserved 1056768K
  class space    used 580K, capacity 630K, committed 640K, reserved 1048576K
2018-07-25T18:09:19.905-0800: 82.186: [GC (Allocation Failure) [PSYoungGen: 116478K->0K(155136K)] 294629K->214141K(504832K), 0.0051439 secs] [Times: user=0.04 sys=0.00, real=0.01 secs] 
Heap after GC invocations=1111 (full 125):
 PSYoungGen      total 155136K, used 0K [0x00000007b5580000, 0x00000007c0000000, 0x00000007c0000000)
  eden space 135168K, 0% used [0x00000007b5580000,0x00000007b5580000,0x00000007bd980000)
  from space 19968K, 0% used [0x00000007bec80000,0x00000007bec80000,0x00000007c0000000)
  to   space 19456K, 0% used [0x00000007bd980000,0x00000007bd980000,0x00000007bec80000)
 ParOldGen       total 349696K, used 214141K [0x00000007a0000000, 0x00000007b5580000, 0x00000007b5580000)
  object space 349696K, 61% used [0x00000007a0000000,0x00000007ad11f6d8,0x00000007b5580000)
 Metaspace       used 5452K, capacity 5616K, committed 5760K, reserved 1056768K
  class space    used 580K, capacity 630K, committed 640K, reserved 1048576K
}
{Heap before GC invocations=1112 (full 125):
 PSYoungGen      total 155136K, used 129268K [0x00000007b5580000, 0x00000007c0000000, 0x00000007c0000000)
  eden space 135168K, 95% used [0x00000007b5580000,0x00000007bd3bd290,0x00000007bd980000)
  from space 19968K, 0% used [0x00000007bec80000,0x00000007bec80000,0x00000007c0000000)
  to   space 19456K, 0% used [0x00000007bd980000,0x00000007bd980000,0x00000007bec80000)
 ParOldGen       total 349696K, used 214141K [0x00000007a0000000, 0x00000007b5580000, 0x00000007b5580000)
  object space 349696K, 61% used [0x00000007a0000000,0x00000007ad11f6d8,0x00000007b5580000)
 Metaspace       used 5452K, capacity 5616K, committed 5760K, reserved 1056768K
  class space    used 580K, capacity 630K, committed 640K, reserved 1048576K
2018-07-25T18:09:20.019-0800: 82.299: [GC (Allocation Failure) [PSYoungGen: 129268K->10029K(154624K)] 343410K->276254K(504320K), 0.0054551 secs] [Times: user=0.04 sys=0.00, real=0.01 secs] 
Heap after GC invocations=1112 (full 125):
 PSYoungGen      total 154624K, used 10029K [0x00000007b5580000, 0x00000007c0000000, 0x00000007c0000000)
  eden space 135168K, 0% used [0x00000007b5580000,0x00000007b5580000,0x00000007bd980000)
  from space 19456K, 51% used [0x00000007bd980000,0x00000007be34b688,0x00000007bec80000)
  to   space 19968K, 0% used [0x00000007bec80000,0x00000007bec80000,0x00000007c0000000)
 ParOldGen       total 349696K, used 266225K [0x00000007a0000000, 0x00000007b5580000, 0x00000007b5580000)
  object space 349696K, 76% used [0x00000007a0000000,0x00000007b03fc488,0x00000007b5580000)
 Metaspace       used 5452K, capacity 5616K, committed 5760K, reserved 1056768K
  class space    used 580K, capacity 630K, committed 640K, reserved 1048576K
}
{Heap before GC invocations=1113 (full 125):
 PSYoungGen      total 154624K, used 142689K [0x00000007b5580000, 0x00000007c0000000, 0x00000007c0000000)
  eden space 135168K, 98% used [0x00000007b5580000,0x00000007bd70cef0,0x00000007bd980000)
  from space 19456K, 51% used [0x00000007bd980000,0x00000007be34b688,0x00000007bec80000)
  to   space 19968K, 0% used [0x00000007bec80000,0x00000007bec80000,0x00000007c0000000)
 ParOldGen       total 349696K, used 266225K [0x00000007a0000000, 0x00000007b5580000, 0x00000007b5580000)
  object space 349696K, 76% used [0x00000007a0000000,0x00000007b03fc488,0x00000007b5580000)
 Metaspace       used 5452K, capacity 5616K, committed 5760K, reserved 1056768K
  class space    used 580K, capacity 630K, committed 640K, reserved 1048576K
2018-07-25T18:09:20.118-0800: 82.399: [GC (Allocation Failure) [PSYoungGen: 142689K->232K(155136K)] 408914K->266457K(504832K), 0.0017476 secs] [Times: user=0.01 sys=0.00, real=0.01 secs] 
Heap after GC invocations=1113 (full 125):
 PSYoungGen      total 155136K, used 232K [0x00000007b5580000, 0x00000007c0000000, 0x00000007c0000000)
  eden space 135168K, 0% used [0x00000007b5580000,0x00000007b5580000,0x00000007bd980000)
  from space 19968K, 1% used [0x00000007bec80000,0x00000007becba148,0x00000007c0000000)
  to   space 19456K, 0% used [0x00000007bd980000,0x00000007bd980000,0x00000007bec80000)
 ParOldGen       total 349696K, used 266225K [0x00000007a0000000, 0x00000007b5580000, 0x00000007b5580000)
  object space 349696K, 76% used [0x00000007a0000000,0x00000007b03fc488,0x00000007b5580000)
 Metaspace       used 5452K, capacity 5616K, committed 5760K, reserved 1056768K
  class space    used 580K, capacity 630K, committed 640K, reserved 1048576K
}
{Heap before GC invocations=1114 (full 125):
 PSYoungGen      total 155136K, used 129712K [0x00000007b5580000, 0x00000007c0000000, 0x00000007c0000000)
  eden space 135168K, 95% used [0x00000007b5580000,0x00000007bd3f2130,0x00000007bd980000)
  from space 19968K, 1% used [0x00000007bec80000,0x00000007becba148,0x00000007c0000000)
  to   space 19456K, 0% used [0x00000007bd980000,0x00000007bd980000,0x00000007bec80000)
 ParOldGen       total 349696K, used 266225K [0x00000007a0000000, 0x00000007b5580000, 0x00000007b5580000)
  object space 349696K, 76% used [0x00000007a0000000,0x00000007b03fc488,0x00000007b5580000)
 Metaspace       used 5452K, capacity 5616K, committed 5760K, reserved 1056768K
  class space    used 580K, capacity 630K, committed 640K, reserved 1048576K
2018-07-25T18:09:20.150-0800: 82.431: [GC (Allocation Failure) [PSYoungGen: 129712K->9797K(154624K)] 395937K->328290K(504320K), 0.0083181 secs] [Times: user=0.06 sys=0.00, real=0.00 secs] 
Heap after GC invocations=1114 (full 125):
 PSYoungGen      total 154624K, used 9797K [0x00000007b5580000, 0x00000007c0000000, 0x00000007c0000000)
  eden space 135168K, 0% used [0x00000007b5580000,0x00000007b5580000,0x00000007bd980000)
  from space 19456K, 50% used [0x00000007bd980000,0x00000007be311698,0x00000007bec80000)
  to   space 19456K, 0% used [0x00000007bed00000,0x00000007bed00000,0x00000007c0000000)
 ParOldGen       total 349696K, used 318492K [0x00000007a0000000, 0x00000007b5580000, 0x00000007b5580000)
  object space 349696K, 91% used [0x00000007a0000000,0x00000007b3707368,0x00000007b5580000)
 Metaspace       used 5452K, capacity 5616K, committed 5760K, reserved 1056768K
  class space    used 580K, capacity 630K, committed 640K, reserved 1048576K
}
{Heap before GC invocations=1115 (full 126):
 PSYoungGen      total 154624K, used 9797K [0x00000007b5580000, 0x00000007c0000000, 0x00000007c0000000)
  eden space 135168K, 0% used [0x00000007b5580000,0x00000007b5580000,0x00000007bd980000)
  from space 19456K, 50% used [0x00000007bd980000,0x00000007be311698,0x00000007bec80000)
  to   space 19456K, 0% used [0x00000007bed00000,0x00000007bed00000,0x00000007c0000000)
 ParOldGen       total 349696K, used 318492K [0x00000007a0000000, 0x00000007b5580000, 0x00000007b5580000)
  object space 349696K, 91% used [0x00000007a0000000,0x00000007b3707368,0x00000007b5580000)
 Metaspace       used 5452K, capacity 5616K, committed 5760K, reserved 1056768K
  class space    used 580K, capacity 630K, committed 640K, reserved 1048576K
2018-07-25T18:09:20.159-0800: 82.439: [Full GC (Ergonomics) [PSYoungGen: 9797K->0K(154624K)] [ParOldGen: 318492K->73794K(349696K)] 328290K->73794K(504320K), [Metaspace: 5452K->5452K(1056768K)], 0.0112682 secs] [Times: user=0.06 sys=0.00, real=0.02 secs] 
Heap after GC invocations=1115 (full 126):
 PSYoungGen      total 154624K, used 0K [0x00000007b5580000, 0x00000007c0000000, 0x00000007c0000000)
  eden space 135168K, 0% used [0x00000007b5580000,0x00000007b5580000,0x00000007bd980000)
  from space 19456K, 0% used [0x00000007bd980000,0x00000007bd980000,0x00000007bec80000)
  to   space 19456K, 0% used [0x00000007bed00000,0x00000007bed00000,0x00000007c0000000)
 ParOldGen       total 349696K, used 73794K [0x00000007a0000000, 0x00000007b5580000, 0x00000007b5580000)
  object space 349696K, 21% used [0x00000007a0000000,0x00000007a48108b0,0x00000007b5580000)
 Metaspace       used 5452K, capacity 5616K, committed 5760K, reserved 1056768K
  class space    used 580K, capacity 630K, committed 640K, reserved 1048576K
}
{Heap before GC invocations=1116 (full 126):
 PSYoungGen      total 154624K, used 129528K [0x00000007b5580000, 0x00000007c0000000, 0x00000007c0000000)
  eden space 135168K, 95% used [0x00000007b5580000,0x00000007bd3fe3e0,0x00000007bd980000)
  from space 19456K, 0% used [0x00000007bd980000,0x00000007bd980000,0x00000007bec80000)
  to   space 19456K, 0% used [0x00000007bed00000,0x00000007bed00000,0x00000007c0000000)
 ParOldGen       total 349696K, used 73794K [0x00000007a0000000, 0x00000007b5580000, 0x00000007b5580000)
  object space 349696K, 21% used [0x00000007a0000000,0x00000007a48108b0,0x00000007b5580000)
 Metaspace       used 5452K, capacity 5616K, committed 5760K, reserved 1056768K
  class space    used 580K, capacity 630K, committed 640K, reserved 1048576K
2018-07-25T18:09:20.283-0800: 82.564: [GC (Allocation Failure) [PSYoungGen: 129528K->10030K(154112K)] 203323K->135907K(503808K), 0.0063433 secs] [Times: user=0.05 sys=0.00, real=0.01 secs] 
Heap after GC invocations=1116 (full 126):
 PSYoungGen      total 154112K, used 10030K [0x00000007b5580000, 0x00000007c0000000, 0x00000007c0000000)
  eden space 134656K, 0% used [0x00000007b5580000,0x00000007b5580000,0x00000007bd900000)
  from space 19456K, 51% used [0x00000007bed00000,0x00000007bf6cb938,0x00000007c0000000)
  to   space 19968K, 0% used [0x00000007bd900000,0x00000007bd900000,0x00000007bec80000)
 ParOldGen       total 349696K, used 125877K [0x00000007a0000000, 0x00000007b5580000, 0x00000007b5580000)
  object space 349696K, 35% used [0x00000007a0000000,0x00000007a7aed680,0x00000007b5580000)
 Metaspace       used 5452K, capacity 5616K, committed 5760K, reserved 1056768K
  class space    used 580K, capacity 630K, committed 640K, reserved 1048576K
}
{Heap before GC invocations=1117 (full 126):
 PSYoungGen      total 154112K, used 116504K [0x00000007b5580000, 0x00000007c0000000, 0x00000007c0000000)
  eden space 134656K, 79% used [0x00000007b5580000,0x00000007bbd7a8b8,0x00000007bd900000)
  from space 19456K, 51% used [0x00000007bed00000,0x00000007bf6cb938,0x00000007c0000000)
  to   space 19968K, 0% used [0x00000007bd900000,0x00000007bd900000,0x00000007bec80000)
 ParOldGen       total 349696K, used 125877K [0x00000007a0000000, 0x00000007b5580000, 0x00000007b5580000)
  object space 349696K, 35% used [0x00000007a0000000,0x00000007a7aed680,0x00000007b5580000)
 Metaspace       used 5452K, capacity 5616K, committed 5760K, reserved 1056768K
  class space    used 580K, capacity 630K, committed 640K, reserved 1048576K
2018-07-25T18:09:20.307-0800: 82.587: [GC (Allocation Failure) [PSYoungGen: 116504K->0K(154624K)] 242382K->161869K(504320K), 0.0047785 secs] [Times: user=0.03 sys=0.00, real=0.01 secs] 
Heap after GC invocations=1117 (full 126):
 PSYoungGen      total 154624K, used 0K [0x00000007b5580000, 0x00000007c0000000, 0x00000007c0000000)
  eden space 134656K, 0% used [0x00000007b5580000,0x00000007b5580000,0x00000007bd900000)
  from space 19968K, 0% used [0x00000007bd900000,0x00000007bd900000,0x00000007bec80000)
  to   space 19456K, 0% used [0x00000007bed00000,0x00000007bed00000,0x00000007c0000000)
 ParOldGen       total 349696K, used 161869K [0x00000007a0000000, 0x00000007b5580000, 0x00000007b5580000)
  object space 349696K, 46% used [0x00000007a0000000,0x00000007a9e136c0,0x00000007b5580000)
 Metaspace       used 5452K, capacity 5616K, committed 5760K, reserved 1056768K
  class space    used 580K, capacity 630K, committed 640K, reserved 1048576K
}
{Heap before GC invocations=1118 (full 126):
 PSYoungGen      total 154624K, used 129266K [0x00000007b5580000, 0x00000007c0000000, 0x00000007c0000000)
  eden space 134656K, 95% used [0x00000007b5580000,0x00000007bd3bc9c0,0x00000007bd900000)
  from space 19968K, 0% used [0x00000007bd900000,0x00000007bd900000,0x00000007bec80000)
  to   space 19456K, 0% used [0x00000007bed00000,0x00000007bed00000,0x00000007c0000000)
 ParOldGen       total 349696K, used 161869K [0x00000007a0000000, 0x00000007b5580000, 0x00000007b5580000)
  object space 349696K, 46% used [0x00000007a0000000,0x00000007a9e136c0,0x00000007b5580000)
 Metaspace       used 5452K, capacity 5616K, committed 5760K, reserved 1056768K
  class space    used 580K, capacity 630K, committed 640K, reserved 1048576K
2018-07-25T18:09:20.420-0800: 82.700: [GC (Allocation Failure) [PSYoungGen: 129266K->10030K(154112K)] 291136K->223983K(503808K), 0.0066762 secs] [Times: user=0.05 sys=0.00, real=0.00 secs] 
Heap after GC invocations=1118 (full 126):
 PSYoungGen      total 154112K, used 10030K [0x00000007b5580000, 0x00000007c0000000, 0x00000007c0000000)
  eden space 134656K, 0% used [0x00000007b5580000,0x00000007b5580000,0x00000007bd900000)
  from space 19456K, 51% used [0x00000007bed00000,0x00000007bf6cba90,0x00000007c0000000)
  to   space 19968K, 0% used [0x00000007bd900000,0x00000007bd900000,0x00000007bec80000)
 ParOldGen       total 349696K, used 213953K [0x00000007a0000000, 0x00000007b5580000, 0x00000007b5580000)
  object space 349696K, 61% used [0x00000007a0000000,0x00000007ad0f0470,0x00000007b5580000)
 Metaspace       used 5452K, capacity 5616K, committed 5760K, reserved 1056768K
  class space    used 580K, capacity 630K, committed 640K, reserved 1048576K
}
{Heap before GC invocations=1119 (full 126):
 PSYoungGen      total 154112K, used 142685K [0x00000007b5580000, 0x00000007c0000000, 0x00000007c0000000)
  eden space 134656K, 98% used [0x00000007b5580000,0x00000007bd70bae0,0x00000007bd900000)
  from space 19456K, 51% used [0x00000007bed00000,0x00000007bf6cba90,0x00000007c0000000)
  to   space 19968K, 0% used [0x00000007bd900000,0x00000007bd900000,0x00000007bec80000)
 ParOldGen       total 349696K, used 213953K [0x00000007a0000000, 0x00000007b5580000, 0x00000007b5580000)
  object space 349696K, 61% used [0x00000007a0000000,0x00000007ad0f0470,0x00000007b5580000)
 Metaspace       used 5452K, capacity 5616K, committed 5760K, reserved 1056768K
  class space    used 580K, capacity 630K, committed 640K, reserved 1048576K
2018-07-25T18:09:20.518-0800: 82.799: [GC (Allocation Failure) [PSYoungGen: 142685K->233K(154624K)] 356638K->214186K(504320K), 0.0014873 secs] [Times: user=0.01 sys=0.00, real=0.01 secs] 
Heap after GC invocations=1119 (full 126):
 PSYoungGen      total 154624K, used 233K [0x00000007b5580000, 0x00000007c0000000, 0x00000007c0000000)
  eden space 134656K, 0% used [0x00000007b5580000,0x00000007b5580000,0x00000007bd900000)
  from space 19968K, 1% used [0x00000007bd900000,0x00000007bd93a550,0x00000007bec80000)
  to   space 19456K, 0% used [0x00000007bed00000,0x00000007bed00000,0x00000007c0000000)
 ParOldGen       total 349696K, used 213953K [0x00000007a0000000, 0x00000007b5580000, 0x00000007b5580000)
  object space 349696K, 61% used [0x00000007a0000000,0x00000007ad0f0470,0x00000007b5580000)
 Metaspace       used 5452K, capacity 5616K, committed 5760K, reserved 1056768K
  class space    used 580K, capacity 630K, committed 640K, reserved 1048576K
}
{Heap before GC invocations=1120 (full 126):
 PSYoungGen      total 154624K, used 129706K [0x00000007b5580000, 0x00000007c0000000, 0x00000007c0000000)
  eden space 134656K, 96% used [0x00000007b5580000,0x00000007bd3f0640,0x00000007bd900000)
  from space 19968K, 1% used [0x00000007bd900000,0x00000007bd93a550,0x00000007bec80000)
  to   space 19456K, 0% used [0x00000007bed00000,0x00000007bed00000,0x00000007c0000000)
 ParOldGen       total 349696K, used 213953K [0x00000007a0000000, 0x00000007b5580000, 0x00000007b5580000)
  object space 349696K, 61% used [0x00000007a0000000,0x00000007ad0f0470,0x00000007b5580000)
 Metaspace       used 5452K, capacity 5616K, committed 5760K, reserved 1056768K
  class space    used 580K, capacity 630K, committed 640K, reserved 1048576K
2018-07-25T18:09:20.549-0800: 82.829: [GC (Allocation Failure) [PSYoungGen: 129706K->9797K(155136K)] 343660K->276019K(504832K), 0.0083361 secs] [Times: user=0.06 sys=0.00, real=0.01 secs] 
Heap after GC invocations=1120 (full 126):
 PSYoungGen      total 155136K, used 9797K [0x00000007b5580000, 0x00000007c0000000, 0x00000007c0000000)
  eden space 135680K, 0% used [0x00000007b5580000,0x00000007b5580000,0x00000007bda00000)
  from space 19456K, 50% used [0x00000007bed00000,0x00000007bf691698,0x00000007c0000000)
  to   space 19456K, 0% used [0x00000007bda00000,0x00000007bda00000,0x00000007bed00000)
 ParOldGen       total 349696K, used 266221K [0x00000007a0000000, 0x00000007b5580000, 0x00000007b5580000)
  object space 349696K, 76% used [0x00000007a0000000,0x00000007b03fb758,0x00000007b5580000)
 Metaspace       used 5452K, capacity 5616K, committed 5760K, reserved 1056768K
  class space    used 580K, capacity 630K, committed 640K, reserved 1048576K
}
{Heap before GC invocations=1121 (full 126):
 PSYoungGen      total 155136K, used 139338K [0x00000007b5580000, 0x00000007c0000000, 0x00000007c0000000)
  eden space 135680K, 95% used [0x00000007b5580000,0x00000007bd4012a8,0x00000007bda00000)
  from space 19456K, 50% used [0x00000007bed00000,0x00000007bf691698,0x00000007c0000000)
  to   space 19456K, 0% used [0x00000007bda00000,0x00000007bda00000,0x00000007bed00000)
 ParOldGen       total 349696K, used 266221K [0x00000007a0000000, 0x00000007b5580000, 0x00000007b5580000)
  object space 349696K, 76% used [0x00000007a0000000,0x00000007b03fb758,0x00000007b5580000)
 Metaspace       used 5452K, capacity 5616K, committed 5760K, reserved 1056768K
  class space    used 580K, capacity 630K, committed 640K, reserved 1048576K
2018-07-25T18:09:20.665-0800: 82.945: [GC (Allocation Failure) [PSYoungGen: 139338K->9999K(145920K)] 405560K->302262K(495616K), 0.0048294 secs] [Times: user=0.03 sys=0.00, real=0.01 secs] 
Heap after GC invocations=1121 (full 126):
 PSYoungGen      total 145920K, used 9999K [0x00000007b5580000, 0x00000007c0000000, 0x00000007c0000000)
  eden space 135680K, 0% used [0x00000007b5580000,0x00000007b5580000,0x00000007bda00000)
  from space 10240K, 97% used [0x00000007bda00000,0x00000007be3c3d40,0x00000007be400000)
  to   space 19968K, 0% used [0x00000007bec80000,0x00000007bec80000,0x00000007c0000000)
 ParOldGen       total 349696K, used 292263K [0x00000007a0000000, 0x00000007b5580000, 0x00000007b5580000)
  object space 349696K, 83% used [0x00000007a0000000,0x00000007b1d69e20,0x00000007b5580000)
 Metaspace       used 5452K, capacity 5616K, committed 5760K, reserved 1056768K
  class space    used 580K, capacity 630K, committed 640K, reserved 1048576K
}
{Heap before GC invocations=1122 (full 127):
 PSYoungGen      total 145920K, used 9999K [0x00000007b5580000, 0x00000007c0000000, 0x00000007c0000000)
  eden space 135680K, 0% used [0x00000007b5580000,0x00000007b5580000,0x00000007bda00000)
  from space 10240K, 97% used [0x00000007bda00000,0x00000007be3c3d40,0x00000007be400000)
  to   space 19968K, 0% used [0x00000007bec80000,0x00000007bec80000,0x00000007c0000000)
 ParOldGen       total 349696K, used 292263K [0x00000007a0000000, 0x00000007b5580000, 0x00000007b5580000)
  object space 349696K, 83% used [0x00000007a0000000,0x00000007b1d69e20,0x00000007b5580000)
 Metaspace       used 5452K, capacity 5616K, committed 5760K, reserved 1056768K
  class space    used 580K, capacity 630K, committed 640K, reserved 1048576K
2018-07-25T18:09:20.670-0800: 82.950: [Full GC (Ergonomics) [PSYoungGen: 9999K->0K(145920K)] [ParOldGen: 292263K->47753K(349696K)] 302262K->47753K(495616K), [Metaspace: 5452K->5452K(1056768K)], 0.0080822 secs] [Times: user=0.04 sys=0.00, real=0.00 secs] 
Heap after GC invocations=1122 (full 127):
 PSYoungGen      total 145920K, used 0K [0x00000007b5580000, 0x00000007c0000000, 0x00000007c0000000)
  eden space 135680K, 0% used [0x00000007b5580000,0x00000007b5580000,0x00000007bda00000)
  from space 10240K, 0% used [0x00000007bda00000,0x00000007bda00000,0x00000007be400000)
  to   space 19968K, 0% used [0x00000007bec80000,0x00000007bec80000,0x00000007c0000000)
 ParOldGen       total 349696K, used 47753K [0x00000007a0000000, 0x00000007b5580000, 0x00000007b5580000)
  object space 349696K, 13% used [0x00000007a0000000,0x00000007a2ea2788,0x00000007b5580000)
 Metaspace       used 5452K, capacity 5616K, committed 5760K, reserved 1056768K
  class space    used 580K, capacity 630K, committed 640K, reserved 1048576K
}
{Heap before GC invocations=1123 (full 127):
 PSYoungGen      total 145920K, used 106492K [0x00000007b5580000, 0x00000007c0000000, 0x00000007c0000000)
  eden space 135680K, 78% used [0x00000007b5580000,0x00000007bbd7f3b8,0x00000007bda00000)
  from space 10240K, 0% used [0x00000007bda00000,0x00000007bda00000,0x00000007be400000)
  to   space 19968K, 0% used [0x00000007bec80000,0x00000007bec80000,0x00000007c0000000)
 ParOldGen       total 349696K, used 47753K [0x00000007a0000000, 0x00000007b5580000, 0x00000007b5580000)
  object space 349696K, 13% used [0x00000007a0000000,0x00000007a2ea2788,0x00000007b5580000)
 Metaspace       used 5452K, capacity 5616K, committed 5760K, reserved 1056768K
  class space    used 580K, capacity 630K, committed 640K, reserved 1048576K
2018-07-25T18:09:20.690-0800: 82.971: [GC (Allocation Failure) [PSYoungGen: 106492K->0K(155136K)] 154246K->125879K(504832K), 0.0095780 secs] [Times: user=0.07 sys=0.00, real=0.01 secs] 
Heap after GC invocations=1123 (full 127):
 PSYoungGen      total 155136K, used 0K [0x00000007b5580000, 0x00000007c0000000, 0x00000007c0000000)
  eden space 135168K, 0% used [0x00000007b5580000,0x00000007b5580000,0x00000007bd980000)
  from space 19968K, 0% used [0x00000007bec80000,0x00000007bec80000,0x00000007c0000000)
  to   space 19456K, 0% used [0x00000007bd980000,0x00000007bd980000,0x00000007bec80000)
 ParOldGen       total 349696K, used 125879K [0x00000007a0000000, 0x00000007b5580000, 0x00000007b5580000)
  object space 349696K, 35% used [0x00000007a0000000,0x00000007a7aedc28,0x00000007b5580000)
 Metaspace       used 5452K, capacity 5616K, committed 5760K, reserved 1056768K
  class space    used 580K, capacity 630K, committed 640K, reserved 1048576K
}
{Heap before GC invocations=1124 (full 127):
 PSYoungGen      total 155136K, used 128922K [0x00000007b5580000, 0x00000007c0000000, 0x00000007c0000000)
  eden space 135168K, 95% used [0x00000007b5580000,0x00000007bd3669b0,0x00000007bd980000)
  from space 19968K, 0% used [0x00000007bec80000,0x00000007bec80000,0x00000007c0000000)
  to   space 19456K, 0% used [0x00000007bd980000,0x00000007bd980000,0x00000007bec80000)
 ParOldGen       total 349696K, used 125879K [0x00000007a0000000, 0x00000007b5580000, 0x00000007b5580000)
  object space 349696K, 35% used [0x00000007a0000000,0x00000007a7aedc28,0x00000007b5580000)
 Metaspace       used 5452K, capacity 5616K, committed 5760K, reserved 1056768K
  class space    used 580K, capacity 630K, committed 640K, reserved 1048576K
2018-07-25T18:09:20.813-0800: 83.093: [GC (Allocation Failure) [PSYoungGen: 128922K->9999K(154624K)] 254801K->187962K(504320K), 0.0059547 secs] [Times: user=0.04 sys=0.00, real=0.00 secs] 
Heap after GC invocations=1124 (full 127):
 PSYoungGen      total 154624K, used 9999K [0x00000007b5580000, 0x00000007c0000000, 0x00000007c0000000)
  eden space 135168K, 0% used [0x00000007b5580000,0x00000007b5580000,0x00000007bd980000)
  from space 19456K, 51% used [0x00000007bd980000,0x00000007be343e98,0x00000007bec80000)
  to   space 19968K, 0% used [0x00000007bec80000,0x00000007bec80000,0x00000007c0000000)
 ParOldGen       total 349696K, used 177962K [0x00000007a0000000, 0x00000007b5580000, 0x00000007b5580000)
  object space 349696K, 50% used [0x00000007a0000000,0x00000007aadca9d8,0x00000007b5580000)
 Metaspace       used 5452K, capacity 5616K, committed 5760K, reserved 1056768K
  class space    used 580K, capacity 630K, committed 640K, reserved 1048576K
}
{Heap before GC invocations=1125 (full 127):
 PSYoungGen      total 154624K, used 142434K [0x00000007b5580000, 0x00000007c0000000, 0x00000007c0000000)
  eden space 135168K, 97% used [0x00000007b5580000,0x00000007bd6d4ac8,0x00000007bd980000)
  from space 19456K, 51% used [0x00000007bd980000,0x00000007be343e98,0x00000007bec80000)
  to   space 19968K, 0% used [0x00000007bec80000,0x00000007bec80000,0x00000007c0000000)
 ParOldGen       total 349696K, used 177962K [0x00000007a0000000, 0x00000007b5580000, 0x00000007b5580000)
  object space 349696K, 50% used [0x00000007a0000000,0x00000007aadca9d8,0x00000007b5580000)
 Metaspace       used 5452K, capacity 5616K, committed 5760K, reserved 1056768K
  class space    used 580K, capacity 630K, committed 640K, reserved 1048576K
2018-07-25T18:09:20.909-0800: 83.190: [GC (Allocation Failure) [PSYoungGen: 142434K->234K(155136K)] 320396K->178196K(504832K), 0.0012543 secs] [Times: user=0.01 sys=0.00, real=0.01 secs] 
Heap after GC invocations=1125 (full 127):
 PSYoungGen      total 155136K, used 234K [0x00000007b5580000, 0x00000007c0000000, 0x00000007c0000000)
  eden space 135168K, 0% used [0x00000007b5580000,0x00000007b5580000,0x00000007bd980000)
  from space 19968K, 1% used [0x00000007bec80000,0x00000007becba958,0x00000007c0000000)
  to   space 19456K, 0% used [0x00000007bd980000,0x00000007bd980000,0x00000007bec80000)
 ParOldGen       total 349696K, used 177962K [0x00000007a0000000, 0x00000007b5580000, 0x00000007b5580000)
  object space 349696K, 50% used [0x00000007a0000000,0x00000007aadca9d8,0x00000007b5580000)
 Metaspace       used 5452K, capacity 5616K, committed 5760K, reserved 1056768K
  class space    used 580K, capacity 630K, committed 640K, reserved 1048576K
}
{Heap before GC invocations=1126 (full 127):
 PSYoungGen      total 155136K, used 129570K [0x00000007b5580000, 0x00000007c0000000, 0x00000007c0000000)
  eden space 135168K, 95% used [0x00000007b5580000,0x00000007bd3cdea8,0x00000007bd980000)
  from space 19968K, 1% used [0x00000007bec80000,0x00000007becba958,0x00000007c0000000)
  to   space 19456K, 0% used [0x00000007bd980000,0x00000007bd980000,0x00000007bec80000)
 ParOldGen       total 349696K, used 177962K [0x00000007a0000000, 0x00000007b5580000, 0x00000007b5580000)
  object space 349696K, 50% used [0x00000007a0000000,0x00000007aadca9d8,0x00000007b5580000)
 Metaspace       used 5452K, capacity 5616K, committed 5760K, reserved 1056768K
  class space    used 580K, capacity 630K, committed 640K, reserved 1048576K
2018-07-25T18:09:20.939-0800: 83.220: [GC (Allocation Failure) [PSYoungGen: 129570K->9797K(154624K)] 307532K->240029K(504320K), 0.0081756 secs] [Times: user=0.06 sys=0.00, real=0.01 secs] 
Heap after GC invocations=1126 (full 127):
 PSYoungGen      total 154624K, used 9797K [0x00000007b5580000, 0x00000007c0000000, 0x00000007c0000000)
  eden space 135168K, 0% used [0x00000007b5580000,0x00000007b5580000,0x00000007bd980000)
  from space 19456K, 50% used [0x00000007bd980000,0x00000007be311698,0x00000007bec80000)
  to   space 19456K, 0% used [0x00000007bed00000,0x00000007bed00000,0x00000007c0000000)
 ParOldGen       total 349696K, used 230232K [0x00000007a0000000, 0x00000007b5580000, 0x00000007b5580000)
  object space 349696K, 65% used [0x00000007a0000000,0x00000007ae0d60c8,0x00000007b5580000)
 Metaspace       used 5452K, capacity 5616K, committed 5760K, reserved 1056768K
  class space    used 580K, capacity 630K, committed 640K, reserved 1048576K
}
{Heap before GC invocations=1127 (full 127):
 PSYoungGen      total 154624K, used 139233K [0x00000007b5580000, 0x00000007c0000000, 0x00000007c0000000)
  eden space 135168K, 95% used [0x00000007b5580000,0x00000007bd3e7040,0x00000007bd980000)
  from space 19456K, 50% used [0x00000007bd980000,0x00000007be311698,0x00000007bec80000)
  to   space 19456K, 0% used [0x00000007bed00000,0x00000007bed00000,0x00000007c0000000)
 ParOldGen       total 349696K, used 230232K [0x00000007a0000000, 0x00000007b5580000, 0x00000007b5580000)
  object space 349696K, 65% used [0x00000007a0000000,0x00000007ae0d60c8,0x00000007b5580000)
 Metaspace       used 5452K, capacity 5616K, committed 5760K, reserved 1056768K
  class space    used 580K, capacity 630K, committed 640K, reserved 1048576K
2018-07-25T18:09:21.066-0800: 83.347: [GC (Allocation Failure) [PSYoungGen: 139233K->10000K(154112K)] 369465K->266274K(503808K), 0.0045415 secs] [Times: user=0.04 sys=0.00, real=0.01 secs] 
Heap after GC invocations=1127 (full 127):
 PSYoungGen      total 154112K, used 10000K [0x00000007b5580000, 0x00000007c0000000, 0x00000007c0000000)
  eden space 134656K, 0% used [0x00000007b5580000,0x00000007b5580000,0x00000007bd900000)
  from space 19456K, 51% used [0x00000007bed00000,0x00000007bf6c4148,0x00000007c0000000)
  to   space 19968K, 0% used [0x00000007bd900000,0x00000007bd900000,0x00000007bec80000)
 ParOldGen       total 349696K, used 256273K [0x00000007a0000000, 0x00000007b5580000, 0x00000007b5580000)
  object space 349696K, 73% used [0x00000007a0000000,0x00000007afa44790,0x00000007b5580000)
 Metaspace       used 5452K, capacity 5616K, committed 5760K, reserved 1056768K
  class space    used 580K, capacity 630K, committed 640K, reserved 1048576K
}
{Heap before GC invocations=1128 (full 127):
 PSYoungGen      total 154112K, used 116414K [0x00000007b5580000, 0x00000007c0000000, 0x00000007c0000000)
  eden space 134656K, 79% used [0x00000007b5580000,0x00000007bbd6b9e8,0x00000007bd900000)
  from space 19456K, 51% used [0x00000007bed00000,0x00000007bf6c4148,0x00000007c0000000)
  to   space 19968K, 0% used [0x00000007bd900000,0x00000007bd900000,0x00000007bec80000)
 ParOldGen       total 349696K, used 256273K [0x00000007a0000000, 0x00000007b5580000, 0x00000007b5580000)
  object space 349696K, 73% used [0x00000007a0000000,0x00000007afa44790,0x00000007b5580000)
 Metaspace       used 5452K, capacity 5616K, committed 5760K, reserved 1056768K
  class space    used 580K, capacity 630K, committed 640K, reserved 1048576K
2018-07-25T18:09:21.087-0800: 83.368: [GC (Allocation Failure) [PSYoungGen: 116414K->0K(154624K)] 372688K->292267K(504320K), 0.0055534 secs] [Times: user=0.04 sys=0.00, real=0.01 secs] 
Heap after GC invocations=1128 (full 127):
 PSYoungGen      total 154624K, used 0K [0x00000007b5580000, 0x00000007c0000000, 0x00000007c0000000)
  eden space 134656K, 0% used [0x00000007b5580000,0x00000007b5580000,0x00000007bd900000)
  from space 19968K, 0% used [0x00000007bd900000,0x00000007bd900000,0x00000007bec80000)
  to   space 19456K, 0% used [0x00000007bed00000,0x00000007bed00000,0x00000007c0000000)
 ParOldGen       total 349696K, used 292267K [0x00000007a0000000, 0x00000007b5580000, 0x00000007b5580000)
  object space 349696K, 83% used [0x00000007a0000000,0x00000007b1d6afe0,0x00000007b5580000)
 Metaspace       used 5452K, capacity 5616K, committed 5760K, reserved 1056768K
  class space    used 580K, capacity 630K, committed 640K, reserved 1048576K
}
{Heap before GC invocations=1129 (full 128):
 PSYoungGen      total 154624K, used 0K [0x00000007b5580000, 0x00000007c0000000, 0x00000007c0000000)
  eden space 134656K, 0% used [0x00000007b5580000,0x00000007b5580000,0x00000007bd900000)
  from space 19968K, 0% used [0x00000007bd900000,0x00000007bd900000,0x00000007bec80000)
  to   space 19456K, 0% used [0x00000007bed00000,0x00000007bed00000,0x00000007c0000000)
 ParOldGen       total 349696K, used 292267K [0x00000007a0000000, 0x00000007b5580000, 0x00000007b5580000)
  object space 349696K, 83% used [0x00000007a0000000,0x00000007b1d6afe0,0x00000007b5580000)
 Metaspace       used 5452K, capacity 5616K, committed 5760K, reserved 1056768K
  class space    used 580K, capacity 630K, committed 640K, reserved 1048576K
2018-07-25T18:09:21.093-0800: 83.374: [Full GC (Ergonomics) [PSYoungGen: 0K->0K(154624K)] [ParOldGen: 292267K->47754K(349696K)] 292267K->47754K(504320K), [Metaspace: 5452K->5452K(1056768K)], 0.0094026 secs] [Times: user=0.05 sys=0.00, real=0.01 secs] 
Heap after GC invocations=1129 (full 128):
 PSYoungGen      total 154624K, used 0K [0x00000007b5580000, 0x00000007c0000000, 0x00000007c0000000)
  eden space 134656K, 0% used [0x00000007b5580000,0x00000007b5580000,0x00000007bd900000)
  from space 19968K, 0% used [0x00000007bd900000,0x00000007bd900000,0x00000007bec80000)
  to   space 19456K, 0% used [0x00000007bed00000,0x00000007bed00000,0x00000007c0000000)
 ParOldGen       total 349696K, used 47754K [0x00000007a0000000, 0x00000007b5580000, 0x00000007b5580000)
  object space 349696K, 13% used [0x00000007a0000000,0x00000007a2ea2b70,0x00000007b5580000)
 Metaspace       used 5452K, capacity 5616K, committed 5760K, reserved 1056768K
  class space    used 580K, capacity 630K, committed 640K, reserved 1048576K
}
{Heap before GC invocations=1130 (full 128):
 PSYoungGen      total 154624K, used 129228K [0x00000007b5580000, 0x00000007c0000000, 0x00000007c0000000)
  eden space 134656K, 95% used [0x00000007b5580000,0x00000007bd3b30a8,0x00000007bd900000)
  from space 19968K, 0% used [0x00000007bd900000,0x00000007bd900000,0x00000007bec80000)
  to   space 19456K, 0% used [0x00000007bed00000,0x00000007bed00000,0x00000007c0000000)
 ParOldGen       total 349696K, used 47754K [0x00000007a0000000, 0x00000007b5580000, 0x00000007b5580000)
  object space 349696K, 13% used [0x00000007a0000000,0x00000007a2ea2b70,0x00000007b5580000)
 Metaspace       used 5452K, capacity 5616K, committed 5760K, reserved 1056768K
  class space    used 580K, capacity 630K, committed 640K, reserved 1048576K
2018-07-25T18:09:21.221-0800: 83.501: [GC (Allocation Failure) [PSYoungGen: 129228K->10064K(154112K)] 176983K->109902K(503808K), 0.0054978 secs] [Times: user=0.04 sys=0.00, real=0.00 secs] 
Heap after GC invocations=1130 (full 128):
 PSYoungGen      total 154112K, used 10064K [0x00000007b5580000, 0x00000007c0000000, 0x00000007c0000000)
  eden space 134656K, 0% used [0x00000007b5580000,0x00000007b5580000,0x00000007bd900000)
  from space 19456K, 51% used [0x00000007bed00000,0x00000007bf6d42a0,0x00000007c0000000)
  to   space 19968K, 0% used [0x00000007bd900000,0x00000007bd900000,0x00000007bec80000)
 ParOldGen       total 349696K, used 99838K [0x00000007a0000000, 0x00000007b5580000, 0x00000007b5580000)
  object space 349696K, 28% used [0x00000007a0000000,0x00000007a617f920,0x00000007b5580000)
 Metaspace       used 5452K, capacity 5616K, committed 5760K, reserved 1056768K
  class space    used 580K, capacity 630K, committed 640K, reserved 1048576K
}
{Heap before GC invocations=1131 (full 128):
 PSYoungGen      total 154112K, used 142677K [0x00000007b5580000, 0x00000007c0000000, 0x00000007c0000000)
  eden space 134656K, 98% used [0x00000007b5580000,0x00000007bd701500,0x00000007bd900000)
  from space 19456K, 51% used [0x00000007bed00000,0x00000007bf6d42a0,0x00000007c0000000)
  to   space 19968K, 0% used [0x00000007bd900000,0x00000007bd900000,0x00000007bec80000)
 ParOldGen       total 349696K, used 99838K [0x00000007a0000000, 0x00000007b5580000, 0x00000007b5580000)
  object space 349696K, 28% used [0x00000007a0000000,0x00000007a617f920,0x00000007b5580000)
 Metaspace       used 5452K, capacity 5616K, committed 5760K, reserved 1056768K
  class space    used 580K, capacity 630K, committed 640K, reserved 1048576K
2018-07-25T18:09:21.318-0800: 83.598: [GC (Allocation Failure) [PSYoungGen: 142677K->235K(154624K)] 242516K->100073K(504320K), 0.0009619 secs] [Times: user=0.00 sys=0.00, real=0.00 secs] 
Heap after GC invocations=1131 (full 128):
 PSYoungGen      total 154624K, used 235K [0x00000007b5580000, 0x00000007c0000000, 0x00000007c0000000)
  eden space 134656K, 0% used [0x00000007b5580000,0x00000007b5580000,0x00000007bd900000)
  from space 19968K, 1% used [0x00000007bd900000,0x00000007bd93ad60,0x00000007bec80000)
  to   space 19456K, 0% used [0x00000007bed00000,0x00000007bed00000,0x00000007c0000000)
 ParOldGen       total 349696K, used 99838K [0x00000007a0000000, 0x00000007b5580000, 0x00000007b5580000)
  object space 349696K, 28% used [0x00000007a0000000,0x00000007a617f920,0x00000007b5580000)
 Metaspace       used 5452K, capacity 5616K, committed 5760K, reserved 1056768K
  class space    used 580K, capacity 630K, committed 640K, reserved 1048576K
}
{Heap before GC invocations=1132 (full 128):
 PSYoungGen      total 154624K, used 129682K [0x00000007b5580000, 0x00000007c0000000, 0x00000007c0000000)
  eden space 134656K, 96% used [0x00000007b5580000,0x00000007bd3e9bd0,0x00000007bd900000)
  from space 19968K, 1% used [0x00000007bd900000,0x00000007bd93ad60,0x00000007bec80000)
  to   space 19456K, 0% used [0x00000007bed00000,0x00000007bed00000,0x00000007c0000000)
 ParOldGen       total 349696K, used 99838K [0x00000007a0000000, 0x00000007b5580000, 0x00000007b5580000)
  object space 349696K, 28% used [0x00000007a0000000,0x00000007a617f920,0x00000007b5580000)
 Metaspace       used 5452K, capacity 5616K, committed 5760K, reserved 1056768K
  class space    used 580K, capacity 630K, committed 640K, reserved 1048576K
2018-07-25T18:09:21.348-0800: 83.628: [GC (Allocation Failure) [PSYoungGen: 129682K->9797K(155136K)] 229520K->161914K(504832K), 0.0077565 secs] [Times: user=0.06 sys=0.00, real=0.01 secs] 
Heap after GC invocations=1132 (full 128):
 PSYoungGen      total 155136K, used 9797K [0x00000007b5580000, 0x00000007c0000000, 0x00000007c0000000)
  eden space 135680K, 0% used [0x00000007b5580000,0x00000007b5580000,0x00000007bda00000)
  from space 19456K, 50% used [0x00000007bed00000,0x00000007bf691698,0x00000007c0000000)
  to   space 19456K, 0% used [0x00000007bda00000,0x00000007bda00000,0x00000007bed00000)
 ParOldGen       total 349696K, used 152117K [0x00000007a0000000, 0x00000007b5580000, 0x00000007b5580000)
  object space 349696K, 43% used [0x00000007a0000000,0x00000007a948d418,0x00000007b5580000)
 Metaspace       used 5452K, capacity 5616K, committed 5760K, reserved 1056768K
  class space    used 580K, capacity 630K, committed 640K, reserved 1048576K
}
{Heap before GC invocations=1133 (full 128):
 PSYoungGen      total 155136K, used 139321K [0x00000007b5580000, 0x00000007c0000000, 0x00000007c0000000)
  eden space 135680K, 95% used [0x00000007b5580000,0x00000007bd3fcdf0,0x00000007bda00000)
  from space 19456K, 50% used [0x00000007bed00000,0x00000007bf691698,0x00000007c0000000)
  to   space 19456K, 0% used [0x00000007bda00000,0x00000007bda00000,0x00000007bed00000)
 ParOldGen       total 349696K, used 152117K [0x00000007a0000000, 0x00000007b5580000, 0x00000007b5580000)
  object space 349696K, 43% used [0x00000007a0000000,0x00000007a948d418,0x00000007b5580000)
 Metaspace       used 5452K, capacity 5616K, committed 5760K, reserved 1056768K
  class space    used 580K, capacity 630K, committed 640K, reserved 1048576K
2018-07-25T18:09:21.461-0800: 83.741: [GC (Allocation Failure) [PSYoungGen: 139321K->10033K(145920K)] 291438K->188192K(495616K), 0.0045648 secs] [Times: user=0.03 sys=0.00, real=0.00 secs] 
Heap after GC invocations=1133 (full 128):
 PSYoungGen      total 145920K, used 10033K [0x00000007b5580000, 0x00000007c0000000, 0x00000007c0000000)
  eden space 135680K, 0% used [0x00000007b5580000,0x00000007b5580000,0x00000007bda00000)
  from space 10240K, 97% used [0x00000007bda00000,0x00000007be3cc550,0x00000007be400000)
  to   space 19968K, 0% used [0x00000007bec80000,0x00000007bec80000,0x00000007c0000000)
 ParOldGen       total 349696K, used 178158K [0x00000007a0000000, 0x00000007b5580000, 0x00000007b5580000)
  object space 349696K, 50% used [0x00000007a0000000,0x00000007aadfbae0,0x00000007b5580000)
 Metaspace       used 5452K, capacity 5616K, committed 5760K, reserved 1056768K
  class space    used 580K, capacity 630K, committed 640K, reserved 1048576K
}
{Heap before GC invocations=1134 (full 128):
 PSYoungGen      total 145920K, used 116515K [0x00000007b5580000, 0x00000007c0000000, 0x00000007c0000000)
  eden space 135680K, 78% used [0x00000007b5580000,0x00000007bbd7c760,0x00000007bda00000)
  from space 10240K, 97% used [0x00000007bda00000,0x00000007be3cc550,0x00000007be400000)
  to   space 19968K, 0% used [0x00000007bec80000,0x00000007bec80000,0x00000007c0000000)
 ParOldGen       total 349696K, used 178158K [0x00000007a0000000, 0x00000007b5580000, 0x00000007b5580000)
  object space 349696K, 50% used [0x00000007a0000000,0x00000007aadfbae0,0x00000007b5580000)
 Metaspace       used 5452K, capacity 5616K, committed 5760K, reserved 1056768K
  class space    used 580K, capacity 630K, committed 640K, reserved 1048576K
2018-07-25T18:09:21.478-0800: 83.758: [GC (Allocation Failure) [PSYoungGen: 116515K->0K(155136K)] 294673K->214153K(504832K), 0.0046504 secs] [Times: user=0.03 sys=0.00, real=0.01 secs] 
Heap after GC invocations=1134 (full 128):
 PSYoungGen      total 155136K, used 0K [0x00000007b5580000, 0x00000007c0000000, 0x00000007c0000000)
  eden space 135168K, 0% used [0x00000007b5580000,0x00000007b5580000,0x00000007bd980000)
  from space 19968K, 0% used [0x00000007bec80000,0x00000007bec80000,0x00000007c0000000)
  to   space 19456K, 0% used [0x00000007bd980000,0x00000007bd980000,0x00000007bec80000)
 ParOldGen       total 349696K, used 214153K [0x00000007a0000000, 0x00000007b5580000, 0x00000007b5580000)
  object space 349696K, 61% used [0x00000007a0000000,0x00000007ad122738,0x00000007b5580000)
 Metaspace       used 5452K, capacity 5616K, committed 5760K, reserved 1056768K
  class space    used 580K, capacity 630K, committed 640K, reserved 1048576K
}
{Heap before GC invocations=1135 (full 128):
 PSYoungGen      total 155136K, used 129268K [0x00000007b5580000, 0x00000007c0000000, 0x00000007c0000000)
  eden space 135168K, 95% used [0x00000007b5580000,0x00000007bd3bd388,0x00000007bd980000)
  from space 19968K, 0% used [0x00000007bec80000,0x00000007bec80000,0x00000007c0000000)
  to   space 19456K, 0% used [0x00000007bd980000,0x00000007bd980000,0x00000007bec80000)
 ParOldGen       total 349696K, used 214153K [0x00000007a0000000, 0x00000007b5580000, 0x00000007b5580000)
  object space 349696K, 61% used [0x00000007a0000000,0x00000007ad122738,0x00000007b5580000)
 Metaspace       used 5452K, capacity 5616K, committed 5760K, reserved 1056768K
  class space    used 580K, capacity 630K, committed 640K, reserved 1048576K
2018-07-25T18:09:21.591-0800: 83.872: [GC (Allocation Failure) [PSYoungGen: 129268K->10033K(154624K)] 343422K->276270K(504320K), 0.0064021 secs] [Times: user=0.04 sys=0.00, real=0.00 secs] 
Heap after GC invocations=1135 (full 128):
 PSYoungGen      total 154624K, used 10033K [0x00000007b5580000, 0x00000007c0000000, 0x00000007c0000000)
  eden space 135168K, 0% used [0x00000007b5580000,0x00000007b5580000,0x00000007bd980000)
  from space 19456K, 51% used [0x00000007bd980000,0x00000007be34c6a8,0x00000007bec80000)
  to   space 19968K, 0% used [0x00000007bec80000,0x00000007bec80000,0x00000007c0000000)
 ParOldGen       total 349696K, used 266237K [0x00000007a0000000, 0x00000007b5580000, 0x00000007b5580000)
  object space 349696K, 76% used [0x00000007a0000000,0x00000007b03ff4e8,0x00000007b5580000)
 Metaspace       used 5452K, capacity 5616K, committed 5760K, reserved 1056768K
  class space    used 580K, capacity 630K, committed 640K, reserved 1048576K
}
{Heap before GC invocations=1136 (full 128):
 PSYoungGen      total 154624K, used 142693K [0x00000007b5580000, 0x00000007c0000000, 0x00000007c0000000)
  eden space 135168K, 98% used [0x00000007b5580000,0x00000007bd70cf98,0x00000007bd980000)
  from space 19456K, 51% used [0x00000007bd980000,0x00000007be34c6a8,0x00000007bec80000)
  to   space 19968K, 0% used [0x00000007bec80000,0x00000007bec80000,0x00000007c0000000)
 ParOldGen       total 349696K, used 266237K [0x00000007a0000000, 0x00000007b5580000, 0x00000007b5580000)
  object space 349696K, 76% used [0x00000007a0000000,0x00000007b03ff4e8,0x00000007b5580000)
 Metaspace       used 5452K, capacity 5616K, committed 5760K, reserved 1056768K
  class space    used 580K, capacity 630K, committed 640K, reserved 1048576K
2018-07-25T18:09:21.693-0800: 83.973: [GC (Allocation Failure) [PSYoungGen: 142693K->236K(155136K)] 408930K->266473K(504832K), 0.0015570 secs] [Times: user=0.01 sys=0.00, real=0.00 secs] 
Heap after GC invocations=1136 (full 128):
 PSYoungGen      total 155136K, used 236K [0x00000007b5580000, 0x00000007c0000000, 0x00000007c0000000)
  eden space 135168K, 0% used [0x00000007b5580000,0x00000007b5580000,0x00000007bd980000)
  from space 19968K, 1% used [0x00000007bec80000,0x00000007becbb168,0x00000007c0000000)
  to   space 19456K, 0% used [0x00000007bd980000,0x00000007bd980000,0x00000007bec80000)
 ParOldGen       total 349696K, used 266237K [0x00000007a0000000, 0x00000007b5580000, 0x00000007b5580000)
  object space 349696K, 76% used [0x00000007a0000000,0x00000007b03ff4e8,0x00000007b5580000)
 Metaspace       used 5452K, capacity 5616K, committed 5760K, reserved 1056768K
  class space    used 580K, capacity 630K, committed 640K, reserved 1048576K
}
{Heap before GC invocations=1137 (full 128):
 PSYoungGen      total 155136K, used 129716K [0x00000007b5580000, 0x00000007c0000000, 0x00000007c0000000)
  eden space 135168K, 95% used [0x00000007b5580000,0x00000007bd3f2208,0x00000007bd980000)
  from space 19968K, 1% used [0x00000007bec80000,0x00000007becbb168,0x00000007c0000000)
  to   space 19456K, 0% used [0x00000007bd980000,0x00000007bd980000,0x00000007bec80000)
 ParOldGen       total 349696K, used 266237K [0x00000007a0000000, 0x00000007b5580000, 0x00000007b5580000)
  object space 349696K, 76% used [0x00000007a0000000,0x00000007b03ff4e8,0x00000007b5580000)
 Metaspace       used 5452K, capacity 5616K, committed 5760K, reserved 1056768K
  class space    used 580K, capacity 630K, committed 640K, reserved 1048576K
2018-07-25T18:09:21.725-0800: 84.005: [GC (Allocation Failure) [PSYoungGen: 129716K->9797K(154624K)] 395954K->328306K(504320K), 0.0079451 secs] [Times: user=0.06 sys=0.00, real=0.01 secs] 
Heap after GC invocations=1137 (full 128):
 PSYoungGen      total 154624K, used 9797K [0x00000007b5580000, 0x00000007c0000000, 0x00000007c0000000)
  eden space 135168K, 0% used [0x00000007b5580000,0x00000007b5580000,0x00000007bd980000)
  from space 19456K, 50% used [0x00000007bd980000,0x00000007be311698,0x00000007bec80000)
  to   space 19456K, 0% used [0x00000007bed00000,0x00000007bed00000,0x00000007c0000000)
 ParOldGen       total 349696K, used 318508K [0x00000007a0000000, 0x00000007b5580000, 0x00000007b5580000)
  object space 349696K, 91% used [0x00000007a0000000,0x00000007b370b3e8,0x00000007b5580000)
 Metaspace       used 5452K, capacity 5616K, committed 5760K, reserved 1056768K
  class space    used 580K, capacity 630K, committed 640K, reserved 1048576K
}
{Heap before GC invocations=1138 (full 129):
 PSYoungGen      total 154624K, used 9797K [0x00000007b5580000, 0x00000007c0000000, 0x00000007c0000000)
  eden space 135168K, 0% used [0x00000007b5580000,0x00000007b5580000,0x00000007bd980000)
  from space 19456K, 50% used [0x00000007bd980000,0x00000007be311698,0x00000007bec80000)
  to   space 19456K, 0% used [0x00000007bed00000,0x00000007bed00000,0x00000007c0000000)
 ParOldGen       total 349696K, used 318508K [0x00000007a0000000, 0x00000007b5580000, 0x00000007b5580000)
  object space 349696K, 91% used [0x00000007a0000000,0x00000007b370b3e8,0x00000007b5580000)
 Metaspace       used 5452K, capacity 5616K, committed 5760K, reserved 1056768K
  class space    used 580K, capacity 630K, committed 640K, reserved 1048576K
2018-07-25T18:09:21.733-0800: 84.013: [Full GC (Ergonomics) [PSYoungGen: 9797K->0K(154624K)] [ParOldGen: 318508K->73653K(349696K)] 328306K->73653K(504320K), [Metaspace: 5452K->5452K(1056768K)], 0.0105523 secs] [Times: user=0.05 sys=0.00, real=0.01 secs] 
Heap after GC invocations=1138 (full 129):
 PSYoungGen      total 154624K, used 0K [0x00000007b5580000, 0x00000007c0000000, 0x00000007c0000000)
  eden space 135168K, 0% used [0x00000007b5580000,0x00000007b5580000,0x00000007bd980000)
  from space 19456K, 0% used [0x00000007bd980000,0x00000007bd980000,0x00000007bec80000)
  to   space 19456K, 0% used [0x00000007bed00000,0x00000007bed00000,0x00000007c0000000)
 ParOldGen       total 349696K, used 73653K [0x00000007a0000000, 0x00000007b5580000, 0x00000007b5580000)
  object space 349696K, 21% used [0x00000007a0000000,0x00000007a47ed5d8,0x00000007b5580000)
 Metaspace       used 5452K, capacity 5616K, committed 5760K, reserved 1056768K
  class space    used 580K, capacity 630K, committed 640K, reserved 1048576K
}
{Heap before GC invocations=1139 (full 129):
 PSYoungGen      total 154624K, used 129529K [0x00000007b5580000, 0x00000007c0000000, 0x00000007c0000000)
  eden space 135168K, 95% used [0x00000007b5580000,0x00000007bd3fe4e8,0x00000007bd980000)
  from space 19456K, 0% used [0x00000007bd980000,0x00000007bd980000,0x00000007bec80000)
  to   space 19456K, 0% used [0x00000007bed00000,0x00000007bed00000,0x00000007c0000000)
 ParOldGen       total 349696K, used 73653K [0x00000007a0000000, 0x00000007b5580000, 0x00000007b5580000)
  object space 349696K, 21% used [0x00000007a0000000,0x00000007a47ed5d8,0x00000007b5580000)
 Metaspace       used 5452K, capacity 5616K, committed 5760K, reserved 1056768K
  class space    used 580K, capacity 630K, committed 640K, reserved 1048576K
2018-07-25T18:09:21.855-0800: 84.136: [GC (Allocation Failure) [PSYoungGen: 129529K->10034K(154112K)] 203182K->135771K(503808K), 0.0067181 secs] [Times: user=0.05 sys=0.00, real=0.01 secs] 
Heap after GC invocations=1139 (full 129):
 PSYoungGen      total 154112K, used 10034K [0x00000007b5580000, 0x00000007c0000000, 0x00000007c0000000)
  eden space 134656K, 0% used [0x00000007b5580000,0x00000007b5580000,0x00000007bd900000)
  from space 19456K, 51% used [0x00000007bed00000,0x00000007bf6cc958,0x00000007c0000000)
  to   space 19968K, 0% used [0x00000007bd900000,0x00000007bd900000,0x00000007bec80000)
 ParOldGen       total 349696K, used 125736K [0x00000007a0000000, 0x00000007b5580000, 0x00000007b5580000)
  object space 349696K, 35% used [0x00000007a0000000,0x00000007a7aca3a8,0x00000007b5580000)
 Metaspace       used 5452K, capacity 5616K, committed 5760K, reserved 1056768K
  class space    used 580K, capacity 630K, committed 640K, reserved 1048576K
}
{Heap before GC invocations=1140 (full 129):
 PSYoungGen      total 154112K, used 116508K [0x00000007b5580000, 0x00000007c0000000, 0x00000007c0000000)
  eden space 134656K, 79% used [0x00000007b5580000,0x00000007bbd7a960,0x00000007bd900000)
  from space 19456K, 51% used [0x00000007bed00000,0x00000007bf6cc958,0x00000007c0000000)
  to   space 19968K, 0% used [0x00000007bd900000,0x00000007bd900000,0x00000007bec80000)
 ParOldGen       total 349696K, used 125736K [0x00000007a0000000, 0x00000007b5580000, 0x00000007b5580000)
  object space 349696K, 35% used [0x00000007a0000000,0x00000007a7aca3a8,0x00000007b5580000)
 Metaspace       used 5452K, capacity 5616K, committed 5760K, reserved 1056768K
  class space    used 580K, capacity 630K, committed 640K, reserved 1048576K
2018-07-25T18:09:21.875-0800: 84.155: [GC (Allocation Failure) [PSYoungGen: 116508K->0K(154624K)] 242245K->161733K(504320K), 0.0062401 secs] [Times: user=0.05 sys=0.00, real=0.01 secs] 
Heap after GC invocations=1140 (full 129):
 PSYoungGen      total 154624K, used 0K [0x00000007b5580000, 0x00000007c0000000, 0x00000007c0000000)
  eden space 134656K, 0% used [0x00000007b5580000,0x00000007b5580000,0x00000007bd900000)
  from space 19968K, 0% used [0x00000007bd900000,0x00000007bd900000,0x00000007bec80000)
  to   space 19456K, 0% used [0x00000007bed00000,0x00000007bed00000,0x00000007c0000000)
 ParOldGen       total 349696K, used 161733K [0x00000007a0000000, 0x00000007b5580000, 0x00000007b5580000)
  object space 349696K, 46% used [0x00000007a0000000,0x00000007a9df1408,0x00000007b5580000)
 Metaspace       used 5452K, capacity 5616K, committed 5760K, reserved 1056768K
  class space    used 580K, capacity 630K, committed 640K, reserved 1048576K
}
{Heap before GC invocations=1141 (full 129):
 PSYoungGen      total 154624K, used 129266K [0x00000007b5580000, 0x00000007c0000000, 0x00000007c0000000)
  eden space 134656K, 95% used [0x00000007b5580000,0x00000007bd3bcac0,0x00000007bd900000)
  from space 19968K, 0% used [0x00000007bd900000,0x00000007bd900000,0x00000007bec80000)
  to   space 19456K, 0% used [0x00000007bed00000,0x00000007bed00000,0x00000007c0000000)
 ParOldGen       total 349696K, used 161733K [0x00000007a0000000, 0x00000007b5580000, 0x00000007b5580000)
  object space 349696K, 46% used [0x00000007a0000000,0x00000007a9df1408,0x00000007b5580000)
 Metaspace       used 5452K, capacity 5616K, committed 5760K, reserved 1056768K
  class space    used 580K, capacity 630K, committed 640K, reserved 1048576K
2018-07-25T18:09:21.991-0800: 84.271: [GC (Allocation Failure) [PSYoungGen: 129266K->10034K(154112K)] 290999K->223851K(503808K), 0.0057863 secs] [Times: user=0.04 sys=0.01, real=0.00 secs] 
Heap after GC invocations=1141 (full 129):
 PSYoungGen      total 154112K, used 10034K [0x00000007b5580000, 0x00000007c0000000, 0x00000007c0000000)
  eden space 134656K, 0% used [0x00000007b5580000,0x00000007b5580000,0x00000007bd900000)
  from space 19456K, 51% used [0x00000007bed00000,0x00000007bf6ccab0,0x00000007c0000000)
  to   space 19968K, 0% used [0x00000007bd900000,0x00000007bd900000,0x00000007bec80000)
 ParOldGen       total 349696K, used 213816K [0x00000007a0000000, 0x00000007b5580000, 0x00000007b5580000)
  object space 349696K, 61% used [0x00000007a0000000,0x00000007ad0ce1b8,0x00000007b5580000)
 Metaspace       used 5452K, capacity 5616K, committed 5760K, reserved 1056768K
  class space    used 580K, capacity 630K, committed 640K, reserved 1048576K
}
{Heap before GC invocations=1142 (full 129):
 PSYoungGen      total 154112K, used 142689K [0x00000007b5580000, 0x00000007c0000000, 0x00000007c0000000)
  eden space 134656K, 98% used [0x00000007b5580000,0x00000007bd70bb88,0x00000007bd900000)
  from space 19456K, 51% used [0x00000007bed00000,0x00000007bf6ccab0,0x00000007c0000000)
  to   space 19968K, 0% used [0x00000007bd900000,0x00000007bd900000,0x00000007bec80000)
 ParOldGen       total 349696K, used 213816K [0x00000007a0000000, 0x00000007b5580000, 0x00000007b5580000)
  object space 349696K, 61% used [0x00000007a0000000,0x00000007ad0ce1b8,0x00000007b5580000)
 Metaspace       used 5452K, capacity 5616K, committed 5760K, reserved 1056768K
  class space    used 580K, capacity 630K, committed 640K, reserved 1048576K
2018-07-25T18:09:22.092-0800: 84.373: [GC (Allocation Failure) [PSYoungGen: 142689K->237K(154624K)] 356505K->214053K(504320K), 0.0014900 secs] [Times: user=0.01 sys=0.00, real=0.00 secs] 
Heap after GC invocations=1142 (full 129):
 PSYoungGen      total 154624K, used 237K [0x00000007b5580000, 0x00000007c0000000, 0x00000007c0000000)
  eden space 134656K, 0% used [0x00000007b5580000,0x00000007b5580000,0x00000007bd900000)
  from space 19968K, 1% used [0x00000007bd900000,0x00000007bd93b570,0x00000007bec80000)
  to   space 19456K, 0% used [0x00000007bed00000,0x00000007bed00000,0x00000007c0000000)
 ParOldGen       total 349696K, used 213816K [0x00000007a0000000, 0x00000007b5580000, 0x00000007b5580000)
  object space 349696K, 61% used [0x00000007a0000000,0x00000007ad0ce1b8,0x00000007b5580000)
 Metaspace       used 5452K, capacity 5616K, committed 5760K, reserved 1056768K
  class space    used 580K, capacity 630K, committed 640K, reserved 1048576K
}
{Heap before GC invocations=1143 (full 129):
 PSYoungGen      total 154624K, used 129711K [0x00000007b5580000, 0x00000007c0000000, 0x00000007c0000000)
  eden space 134656K, 96% used [0x00000007b5580000,0x00000007bd3f0720,0x00000007bd900000)
  from space 19968K, 1% used [0x00000007bd900000,0x00000007bd93b570,0x00000007bec80000)
  to   space 19456K, 0% used [0x00000007bed00000,0x00000007bed00000,0x00000007c0000000)
 ParOldGen       total 349696K, used 213816K [0x00000007a0000000, 0x00000007b5580000, 0x00000007b5580000)
  object space 349696K, 61% used [0x00000007a0000000,0x00000007ad0ce1b8,0x00000007b5580000)
 Metaspace       used 5452K, capacity 5616K, committed 5760K, reserved 1056768K
  class space    used 580K, capacity 630K, committed 640K, reserved 1048576K
2018-07-25T18:09:22.123-0800: 84.404: [GC (Allocation Failure) [PSYoungGen: 129711K->9797K(155136K)] 343527K->275886K(504832K), 0.0090037 secs] [Times: user=0.07 sys=0.00, real=0.01 secs] 
Heap after GC invocations=1143 (full 129):
 PSYoungGen      total 155136K, used 9797K [0x00000007b5580000, 0x00000007c0000000, 0x00000007c0000000)
  eden space 135680K, 0% used [0x00000007b5580000,0x00000007b5580000,0x00000007bda00000)
  from space 19456K, 50% used [0x00000007bed00000,0x00000007bf691698,0x00000007c0000000)
  to   space 19456K, 0% used [0x00000007bda00000,0x00000007bda00000,0x00000007bed00000)
 ParOldGen       total 349696K, used 266089K [0x00000007a0000000, 0x00000007b5580000, 0x00000007b5580000)
  object space 349696K, 76% used [0x00000007a0000000,0x00000007b03da4c0,0x00000007b5580000)
 Metaspace       used 5452K, capacity 5616K, committed 5760K, reserved 1056768K
  class space    used 580K, capacity 630K, committed 640K, reserved 1048576K
}
{Heap before GC invocations=1144 (full 129):
 PSYoungGen      total 155136K, used 139338K [0x00000007b5580000, 0x00000007c0000000, 0x00000007c0000000)
  eden space 135680K, 95% used [0x00000007b5580000,0x00000007bd4013a8,0x00000007bda00000)
  from space 19456K, 50% used [0x00000007bed00000,0x00000007bf691698,0x00000007c0000000)
  to   space 19456K, 0% used [0x00000007bda00000,0x00000007bda00000,0x00000007bed00000)
 ParOldGen       total 349696K, used 266089K [0x00000007a0000000, 0x00000007b5580000, 0x00000007b5580000)
  object space 349696K, 76% used [0x00000007a0000000,0x00000007b03da4c0,0x00000007b5580000)
 Metaspace       used 5452K, capacity 5616K, committed 5760K, reserved 1056768K
  class space    used 580K, capacity 630K, committed 640K, reserved 1048576K
2018-07-25T18:09:22.246-0800: 84.527: [GC (Allocation Failure) [PSYoungGen: 139338K->10003K(145920K)] 405427K->302134K(495616K), 0.0044237 secs] [Times: user=0.03 sys=0.00, real=0.01 secs] 
Heap after GC invocations=1144 (full 129):
 PSYoungGen      total 145920K, used 10003K [0x00000007b5580000, 0x00000007c0000000, 0x00000007c0000000)
  eden space 135680K, 0% used [0x00000007b5580000,0x00000007b5580000,0x00000007bda00000)
  from space 10240K, 97% used [0x00000007bda00000,0x00000007be3c4d60,0x00000007be400000)
  to   space 19968K, 0% used [0x00000007bec80000,0x00000007bec80000,0x00000007c0000000)
 ParOldGen       total 349696K, used 292130K [0x00000007a0000000, 0x00000007b5580000, 0x00000007b5580000)
  object space 349696K, 83% used [0x00000007a0000000,0x00000007b1d48b88,0x00000007b5580000)
 Metaspace       used 5452K, capacity 5616K, committed 5760K, reserved 1056768K
  class space    used 580K, capacity 630K, committed 640K, reserved 1048576K
}
{Heap before GC invocations=1145 (full 130):
 PSYoungGen      total 145920K, used 10003K [0x00000007b5580000, 0x00000007c0000000, 0x00000007c0000000)
  eden space 135680K, 0% used [0x00000007b5580000,0x00000007b5580000,0x00000007bda00000)
  from space 10240K, 97% used [0x00000007bda00000,0x00000007be3c4d60,0x00000007be400000)
  to   space 19968K, 0% used [0x00000007bec80000,0x00000007bec80000,0x00000007c0000000)
 ParOldGen       total 349696K, used 292130K [0x00000007a0000000, 0x00000007b5580000, 0x00000007b5580000)
  object space 349696K, 83% used [0x00000007a0000000,0x00000007b1d48b88,0x00000007b5580000)
 Metaspace       used 5452K, capacity 5616K, committed 5760K, reserved 1056768K
  class space    used 580K, capacity 630K, committed 640K, reserved 1048576K
2018-07-25T18:09:22.251-0800: 84.531: [Full GC (Ergonomics) [PSYoungGen: 10003K->0K(145920K)] [ParOldGen: 292130K->47757K(349696K)] 302134K->47757K(495616K), [Metaspace: 5452K->5452K(1056768K)], 0.0071891 secs] [Times: user=0.03 sys=0.00, real=0.00 secs] 
Heap after GC invocations=1145 (full 130):
 PSYoungGen      total 145920K, used 0K [0x00000007b5580000, 0x00000007c0000000, 0x00000007c0000000)
  eden space 135680K, 0% used [0x00000007b5580000,0x00000007b5580000,0x00000007bda00000)
  from space 10240K, 0% used [0x00000007bda00000,0x00000007bda00000,0x00000007be400000)
  to   space 19968K, 0% used [0x00000007bec80000,0x00000007bec80000,0x00000007c0000000)
 ParOldGen       total 349696K, used 47757K [0x00000007a0000000, 0x00000007b5580000, 0x00000007b5580000)
  object space 349696K, 13% used [0x00000007a0000000,0x00000007a2ea37a8,0x00000007b5580000)
 Metaspace       used 5452K, capacity 5616K, committed 5760K, reserved 1056768K
  class space    used 580K, capacity 630K, committed 640K, reserved 1048576K
}
{Heap before GC invocations=1146 (full 130):
 PSYoungGen      total 145920K, used 106493K [0x00000007b5580000, 0x00000007c0000000, 0x00000007c0000000)
  eden space 135680K, 78% used [0x00000007b5580000,0x00000007bbd7f460,0x00000007bda00000)
  from space 10240K, 0% used [0x00000007bda00000,0x00000007bda00000,0x00000007be400000)
  to   space 19968K, 0% used [0x00000007bec80000,0x00000007bec80000,0x00000007c0000000)
 ParOldGen       total 349696K, used 47757K [0x00000007a0000000, 0x00000007b5580000, 0x00000007b5580000)
  object space 349696K, 13% used [0x00000007a0000000,0x00000007a2ea37a8,0x00000007b5580000)
 Metaspace       used 5452K, capacity 5616K, committed 5760K, reserved 1056768K
  class space    used 580K, capacity 630K, committed 640K, reserved 1048576K
2018-07-25T18:09:22.271-0800: 84.551: [GC (Allocation Failure) [PSYoungGen: 106493K->0K(155136K)] 154251K->125883K(504832K), 0.0093870 secs] [Times: user=0.07 sys=0.00, real=0.01 secs] 
Heap after GC invocations=1146 (full 130):
 PSYoungGen      total 155136K, used 0K [0x00000007b5580000, 0x00000007c0000000, 0x00000007c0000000)
  eden space 135168K, 0% used [0x00000007b5580000,0x00000007b5580000,0x00000007bd980000)
  from space 19968K, 0% used [0x00000007bec80000,0x00000007bec80000,0x00000007c0000000)
  to   space 19456K, 0% used [0x00000007bd980000,0x00000007bd980000,0x00000007bec80000)
 ParOldGen       total 349696K, used 125883K [0x00000007a0000000, 0x00000007b5580000, 0x00000007b5580000)
  object space 349696K, 35% used [0x00000007a0000000,0x00000007a7aeec48,0x00000007b5580000)
 Metaspace       used 5452K, capacity 5616K, committed 5760K, reserved 1056768K
  class space    used 580K, capacity 630K, committed 640K, reserved 1048576K
}
{Heap before GC invocations=1147 (full 130):
 PSYoungGen      total 155136K, used 128922K [0x00000007b5580000, 0x00000007c0000000, 0x00000007c0000000)
  eden space 135168K, 95% used [0x00000007b5580000,0x00000007bd366a20,0x00000007bd980000)
  from space 19968K, 0% used [0x00000007bec80000,0x00000007bec80000,0x00000007c0000000)
  to   space 19456K, 0% used [0x00000007bd980000,0x00000007bd980000,0x00000007bec80000)
 ParOldGen       total 349696K, used 125883K [0x00000007a0000000, 0x00000007b5580000, 0x00000007b5580000)
  object space 349696K, 35% used [0x00000007a0000000,0x00000007a7aeec48,0x00000007b5580000)
 Metaspace       used 5452K, capacity 5616K, committed 5760K, reserved 1056768K
  class space    used 580K, capacity 630K, committed 640K, reserved 1048576K
2018-07-25T18:09:22.390-0800: 84.671: [GC (Allocation Failure) [PSYoungGen: 128922K->10035K(154624K)] 254805K->188002K(504320K), 0.0052553 secs] [Times: user=0.04 sys=0.00, real=0.00 secs] 
Heap after GC invocations=1147 (full 130):
 PSYoungGen      total 154624K, used 10035K [0x00000007b5580000, 0x00000007c0000000, 0x00000007c0000000)
  eden space 135168K, 0% used [0x00000007b5580000,0x00000007b5580000,0x00000007bd980000)
  from space 19456K, 51% used [0x00000007bd980000,0x00000007be34ceb8,0x00000007bec80000)
  to   space 19968K, 0% used [0x00000007bec80000,0x00000007bec80000,0x00000007c0000000)
 ParOldGen       total 349696K, used 177966K [0x00000007a0000000, 0x00000007b5580000, 0x00000007b5580000)
  object space 349696K, 50% used [0x00000007a0000000,0x00000007aadcb9f8,0x00000007b5580000)
 Metaspace       used 5452K, capacity 5616K, committed 5760K, reserved 1056768K
  class space    used 580K, capacity 630K, committed 640K, reserved 1048576K
}
{Heap before GC invocations=1148 (full 130):
 PSYoungGen      total 154624K, used 142470K [0x00000007b5580000, 0x00000007c0000000, 0x00000007c0000000)
  eden space 135168K, 97% used [0x00000007b5580000,0x00000007bd6d4b10,0x00000007bd980000)
  from space 19456K, 51% used [0x00000007bd980000,0x00000007be34ceb8,0x00000007bec80000)
  to   space 19968K, 0% used [0x00000007bec80000,0x00000007bec80000,0x00000007c0000000)
 ParOldGen       total 349696K, used 177966K [0x00000007a0000000, 0x00000007b5580000, 0x00000007b5580000)
  object space 349696K, 50% used [0x00000007a0000000,0x00000007aadcb9f8,0x00000007b5580000)
 Metaspace       used 5452K, capacity 5616K, committed 5760K, reserved 1056768K
  class space    used 580K, capacity 630K, committed 640K, reserved 1048576K
2018-07-25T18:09:22.488-0800: 84.769: [GC (Allocation Failure) [PSYoungGen: 142470K->238K(155136K)] 320436K->178204K(504832K), 0.0013694 secs] [Times: user=0.01 sys=0.00, real=0.01 secs] 
Heap after GC invocations=1148 (full 130):
 PSYoungGen      total 155136K, used 238K [0x00000007b5580000, 0x00000007c0000000, 0x00000007c0000000)
  eden space 135168K, 0% used [0x00000007b5580000,0x00000007b5580000,0x00000007bd980000)
  from space 19968K, 1% used [0x00000007bec80000,0x00000007becbb978,0x00000007c0000000)
  to   space 19456K, 0% used [0x00000007bd980000,0x00000007bd980000,0x00000007bec80000)
 ParOldGen       total 349696K, used 177966K [0x00000007a0000000, 0x00000007b5580000, 0x00000007b5580000)
  object space 349696K, 50% used [0x00000007a0000000,0x00000007aadcb9f8,0x00000007b5580000)
 Metaspace       used 5452K, capacity 5616K, committed 5760K, reserved 1056768K
  class space    used 580K, capacity 630K, committed 640K, reserved 1048576K
}
{Heap before GC invocations=1149 (full 130):
 PSYoungGen      total 155136K, used 129574K [0x00000007b5580000, 0x00000007c0000000, 0x00000007c0000000)
  eden space 135168K, 95% used [0x00000007b5580000,0x00000007bd3cdf48,0x00000007bd980000)
  from space 19968K, 1% used [0x00000007bec80000,0x00000007becbb978,0x00000007c0000000)
  to   space 19456K, 0% used [0x00000007bd980000,0x00000007bd980000,0x00000007bec80000)
 ParOldGen       total 349696K, used 177966K [0x00000007a0000000, 0x00000007b5580000, 0x00000007b5580000)
  object space 349696K, 50% used [0x00000007a0000000,0x00000007aadcb9f8,0x00000007b5580000)
 Metaspace       used 5452K, capacity 5616K, committed 5760K, reserved 1056768K
  class space    used 580K, capacity 630K, committed 640K, reserved 1048576K
2018-07-25T18:09:22.520-0800: 84.801: [GC (Allocation Failure) [PSYoungGen: 129574K->9797K(154624K)] 307540K->240037K(504320K), 0.0080355 secs] [Times: user=0.06 sys=0.00, real=0.00 secs] 
Heap after GC invocations=1149 (full 130):
 PSYoungGen      total 154624K, used 9797K [0x00000007b5580000, 0x00000007c0000000, 0x00000007c0000000)
  eden space 135168K, 0% used [0x00000007b5580000,0x00000007b5580000,0x00000007bd980000)
  from space 19456K, 50% used [0x00000007bd980000,0x00000007be311698,0x00000007bec80000)
  to   space 19456K, 0% used [0x00000007bed00000,0x00000007bed00000,0x00000007c0000000)
 ParOldGen       total 349696K, used 230240K [0x00000007a0000000, 0x00000007b5580000, 0x00000007b5580000)
  object space 349696K, 65% used [0x00000007a0000000,0x00000007ae0d8108,0x00000007b5580000)
 Metaspace       used 5452K, capacity 5616K, committed 5760K, reserved 1056768K
  class space    used 580K, capacity 630K, committed 640K, reserved 1048576K
}
{Heap before GC invocations=1150 (full 130):
 PSYoungGen      total 154624K, used 139233K [0x00000007b5580000, 0x00000007c0000000, 0x00000007c0000000)
  eden space 135168K, 95% used [0x00000007b5580000,0x00000007bd3e7120,0x00000007bd980000)
  from space 19456K, 50% used [0x00000007bd980000,0x00000007be311698,0x00000007bec80000)
  to   space 19456K, 0% used [0x00000007bed00000,0x00000007bed00000,0x00000007c0000000)
 ParOldGen       total 349696K, used 230240K [0x00000007a0000000, 0x00000007b5580000, 0x00000007b5580000)
  object space 349696K, 65% used [0x00000007a0000000,0x00000007ae0d8108,0x00000007b5580000)
 Metaspace       used 5452K, capacity 5616K, committed 5760K, reserved 1056768K
  class space    used 580K, capacity 630K, committed 640K, reserved 1048576K
2018-07-25T18:09:22.637-0800: 84.917: [GC (Allocation Failure) [PSYoungGen: 139233K->10036K(154112K)] 369474K->266318K(503808K), 0.0047667 secs] [Times: user=0.03 sys=0.00, real=0.01 secs] 
Heap after GC invocations=1150 (full 130):
 PSYoungGen      total 154112K, used 10036K [0x00000007b5580000, 0x00000007c0000000, 0x00000007c0000000)
  eden space 134656K, 0% used [0x00000007b5580000,0x00000007b5580000,0x00000007bd900000)
  from space 19456K, 51% used [0x00000007bed00000,0x00000007bf6cd168,0x00000007c0000000)
  to   space 19968K, 0% used [0x00000007bd900000,0x00000007bd900000,0x00000007bec80000)
 ParOldGen       total 349696K, used 256281K [0x00000007a0000000, 0x00000007b5580000, 0x00000007b5580000)
  object space 349696K, 73% used [0x00000007a0000000,0x00000007afa467d0,0x00000007b5580000)
 Metaspace       used 5452K, capacity 5616K, committed 5760K, reserved 1056768K
  class space    used 580K, capacity 630K, committed 640K, reserved 1048576K
}
{Heap before GC invocations=1151 (full 130):
 PSYoungGen      total 154112K, used 116450K [0x00000007b5580000, 0x00000007c0000000, 0x00000007c0000000)
  eden space 134656K, 79% used [0x00000007b5580000,0x00000007bbd6ba78,0x00000007bd900000)
  from space 19456K, 51% used [0x00000007bed00000,0x00000007bf6cd168,0x00000007c0000000)
  to   space 19968K, 0% used [0x00000007bd900000,0x00000007bd900000,0x00000007bec80000)
 ParOldGen       total 349696K, used 256281K [0x00000007a0000000, 0x00000007b5580000, 0x00000007b5580000)
  object space 349696K, 73% used [0x00000007a0000000,0x00000007afa467d0,0x00000007b5580000)
 Metaspace       used 5452K, capacity 5616K, committed 5760K, reserved 1056768K
  class space    used 580K, capacity 630K, committed 640K, reserved 1048576K
2018-07-25T18:09:22.660-0800: 84.940: [GC (Allocation Failure) [PSYoungGen: 116450K->0K(154624K)] 372732K->292280K(504320K), 0.0075892 secs] [Times: user=0.05 sys=0.00, real=0.00 secs] 
Heap after GC invocations=1151 (full 130):
 PSYoungGen      total 154624K, used 0K [0x00000007b5580000, 0x00000007c0000000, 0x00000007c0000000)
  eden space 134656K, 0% used [0x00000007b5580000,0x00000007b5580000,0x00000007bd900000)
  from space 19968K, 0% used [0x00000007bd900000,0x00000007bd900000,0x00000007bec80000)
  to   space 19456K, 0% used [0x00000007bed00000,0x00000007bed00000,0x00000007c0000000)
 ParOldGen       total 349696K, used 292280K [0x00000007a0000000, 0x00000007b5580000, 0x00000007b5580000)
  object space 349696K, 83% used [0x00000007a0000000,0x00000007b1d6e040,0x00000007b5580000)
 Metaspace       used 5452K, capacity 5616K, committed 5760K, reserved 1056768K
  class space    used 580K, capacity 630K, committed 640K, reserved 1048576K
}
{Heap before GC invocations=1152 (full 131):
 PSYoungGen      total 154624K, used 0K [0x00000007b5580000, 0x00000007c0000000, 0x00000007c0000000)
  eden space 134656K, 0% used [0x00000007b5580000,0x00000007b5580000,0x00000007bd900000)
  from space 19968K, 0% used [0x00000007bd900000,0x00000007bd900000,0x00000007bec80000)
  to   space 19456K, 0% used [0x00000007bed00000,0x00000007bed00000,0x00000007c0000000)
 ParOldGen       total 349696K, used 292280K [0x00000007a0000000, 0x00000007b5580000, 0x00000007b5580000)
  object space 349696K, 83% used [0x00000007a0000000,0x00000007b1d6e040,0x00000007b5580000)
 Metaspace       used 5452K, capacity 5616K, committed 5760K, reserved 1056768K
  class space    used 580K, capacity 630K, committed 640K, reserved 1048576K
2018-07-25T18:09:22.667-0800: 84.948: [Full GC (Ergonomics) [PSYoungGen: 0K->0K(154624K)] [ParOldGen: 292280K->47758K(349696K)] 292280K->47758K(504320K), [Metaspace: 5452K->5452K(1056768K)], 0.0090503 secs] [Times: user=0.05 sys=0.00, real=0.01 secs] 
Heap after GC invocations=1152 (full 131):
 PSYoungGen      total 154624K, used 0K [0x00000007b5580000, 0x00000007c0000000, 0x00000007c0000000)
  eden space 134656K, 0% used [0x00000007b5580000,0x00000007b5580000,0x00000007bd900000)
  from space 19968K, 0% used [0x00000007bd900000,0x00000007bd900000,0x00000007bec80000)
  to   space 19456K, 0% used [0x00000007bed00000,0x00000007bed00000,0x00000007c0000000)
 ParOldGen       total 349696K, used 47758K [0x00000007a0000000, 0x00000007b5580000, 0x00000007b5580000)
  object space 349696K, 13% used [0x00000007a0000000,0x00000007a2ea3b90,0x00000007b5580000)
 Metaspace       used 5452K, capacity 5616K, committed 5760K, reserved 1056768K
  class space    used 580K, capacity 630K, committed 640K, reserved 1048576K
}
{Heap before GC invocations=1153 (full 131):
 PSYoungGen      total 154624K, used 129228K [0x00000007b5580000, 0x00000007c0000000, 0x00000007c0000000)
  eden space 134656K, 95% used [0x00000007b5580000,0x00000007bd3b3190,0x00000007bd900000)
  from space 19968K, 0% used [0x00000007bd900000,0x00000007bd900000,0x00000007bec80000)
  to   space 19456K, 0% used [0x00000007bed00000,0x00000007bed00000,0x00000007c0000000)
 ParOldGen       total 349696K, used 47758K [0x00000007a0000000, 0x00000007b5580000, 0x00000007b5580000)
  object space 349696K, 13% used [0x00000007a0000000,0x00000007a2ea3b90,0x00000007b5580000)
 Metaspace       used 5452K, capacity 5616K, committed 5760K, reserved 1056768K
  class space    used 580K, capacity 630K, committed 640K, reserved 1048576K
2018-07-25T18:09:22.793-0800: 85.074: [GC (Allocation Failure) [PSYoungGen: 129228K->10036K(154112K)] 176987K->109879K(503808K), 0.0055922 secs] [Times: user=0.04 sys=0.00, real=0.00 secs] 
Heap after GC invocations=1153 (full 131):
 PSYoungGen      total 154112K, used 10036K [0x00000007b5580000, 0x00000007c0000000, 0x00000007c0000000)
  eden space 134656K, 0% used [0x00000007b5580000,0x00000007b5580000,0x00000007bd900000)
  from space 19456K, 51% used [0x00000007bed00000,0x00000007bf6cd2c0,0x00000007c0000000)
  to   space 19968K, 0% used [0x00000007bd900000,0x00000007bd900000,0x00000007bec80000)
 ParOldGen       total 349696K, used 99842K [0x00000007a0000000, 0x00000007b5580000, 0x00000007b5580000)
  object space 349696K, 28% used [0x00000007a0000000,0x00000007a6180940,0x00000007b5580000)
 Metaspace       used 5452K, capacity 5616K, committed 5760K, reserved 1056768K
  class space    used 580K, capacity 630K, committed 640K, reserved 1048576K
}
{Heap before GC invocations=1154 (full 131):
 PSYoungGen      total 154112K, used 142650K [0x00000007b5580000, 0x00000007c0000000, 0x00000007c0000000)
  eden space 134656K, 98% used [0x00000007b5580000,0x00000007bd701598,0x00000007bd900000)
  from space 19456K, 51% used [0x00000007bed00000,0x00000007bf6cd2c0,0x00000007c0000000)
  to   space 19968K, 0% used [0x00000007bd900000,0x00000007bd900000,0x00000007bec80000)
 ParOldGen       total 349696K, used 99842K [0x00000007a0000000, 0x00000007b5580000, 0x00000007b5580000)
  object space 349696K, 28% used [0x00000007a0000000,0x00000007a6180940,0x00000007b5580000)
 Metaspace       used 5452K, capacity 5616K, committed 5760K, reserved 1056768K
  class space    used 580K, capacity 630K, committed 640K, reserved 1048576K
2018-07-25T18:09:22.891-0800: 85.171: [GC (Allocation Failure) [PSYoungGen: 142650K->239K(154624K)] 242492K->100081K(504320K), 0.0009843 secs] [Times: user=0.00 sys=0.00, real=0.00 secs] 
Heap after GC invocations=1154 (full 131):
 PSYoungGen      total 154624K, used 239K [0x00000007b5580000, 0x00000007c0000000, 0x00000007c0000000)
  eden space 134656K, 0% used [0x00000007b5580000,0x00000007b5580000,0x00000007bd900000)
  from space 19968K, 1% used [0x00000007bd900000,0x00000007bd93bd80,0x00000007bec80000)
  to   space 19456K, 0% used [0x00000007bed00000,0x00000007bed00000,0x00000007c0000000)
 ParOldGen       total 349696K, used 99842K [0x00000007a0000000, 0x00000007b5580000, 0x00000007b5580000)
  object space 349696K, 28% used [0x00000007a0000000,0x00000007a6180940,0x00000007b5580000)
 Metaspace       used 5452K, capacity 5616K, committed 5760K, reserved 1056768K
  class space    used 580K, capacity 630K, committed 640K, reserved 1048576K
}
{Heap before GC invocations=1155 (full 131):
 PSYoungGen      total 154624K, used 129686K [0x00000007b5580000, 0x00000007c0000000, 0x00000007c0000000)
  eden space 134656K, 96% used [0x00000007b5580000,0x00000007bd3e9ca8,0x00000007bd900000)
  from space 19968K, 1% used [0x00000007bd900000,0x00000007bd93bd80,0x00000007bec80000)
  to   space 19456K, 0% used [0x00000007bed00000,0x00000007bed00000,0x00000007c0000000)
 ParOldGen       total 349696K, used 99842K [0x00000007a0000000, 0x00000007b5580000, 0x00000007b5580000)
  object space 349696K, 28% used [0x00000007a0000000,0x00000007a6180940,0x00000007b5580000)
 Metaspace       used 5452K, capacity 5616K, committed 5760K, reserved 1056768K
  class space    used 580K, capacity 630K, committed 640K, reserved 1048576K
2018-07-25T18:09:22.920-0800: 85.200: [GC (Allocation Failure) [PSYoungGen: 129686K->9797K(155136K)] 229528K->161922K(504832K), 0.0077456 secs] [Times: user=0.06 sys=0.00, real=0.00 secs] 
Heap after GC invocations=1155 (full 131):
 PSYoungGen      total 155136K, used 9797K [0x00000007b5580000, 0x00000007c0000000, 0x00000007c0000000)
  eden space 135680K, 0% used [0x00000007b5580000,0x00000007b5580000,0x00000007bda00000)
  from space 19456K, 50% used [0x00000007bed00000,0x00000007bf691698,0x00000007c0000000)
  to   space 19456K, 0% used [0x00000007bda00000,0x00000007bda00000,0x00000007bed00000)
 ParOldGen       total 349696K, used 152125K [0x00000007a0000000, 0x00000007b5580000, 0x00000007b5580000)
