Java HotSpot(TM) 64-Bit Server VM (25.151-b12) for bsd-amd64 JRE (1.8.0_151-b12), built on Sep  5 2017 19:37:08 by "java_re" with gcc 4.2.1 (Based on Apple Inc. build 5658) (LLVM build 2336.11.00)
Memory: 4k page, physical 16777216k(602572k free)

/proc/meminfo:

CommandLine flags: -XX:InitialHeapSize=536870912 -XX:MaxHeapSize=536870912 -XX:MetaspaceSize=268435456 -XX:+PrintGC -XX:+PrintGCDateStamps -XX:+PrintGCDetails -XX:+PrintGCTimeStamps -XX:+PrintHeapAtGC -XX:+UseCompressedClassPointers -XX:+UseCompressedOops -XX:+UseParallelGC 
{Heap before GC invocations=1 (full 0):
 PSYoungGen      total 153088K, used 131584K [0x00000007b5580000, 0x00000007c0000000, 0x00000007c0000000)
  eden space 131584K, 100% used [0x00000007b5580000,0x00000007bd600000,0x00000007bd600000)
  from space 21504K, 0% used [0x00000007beb00000,0x00000007beb00000,0x00000007c0000000)
  to   space 21504K, 0% used [0x00000007bd600000,0x00000007bd600000,0x00000007beb00000)
 ParOldGen       total 349696K, used 0K [0x00000007a0000000, 0x00000007b5580000, 0x00000007b5580000)
  object space 349696K, 0% used [0x00000007a0000000,0x00000007a0000000,0x00000007b5580000)
 Metaspace       used 4828K, capacity 4976K, committed 5248K, reserved 1056768K
  class space    used 523K, capacity 566K, committed 640K, reserved 1048576K
2018-07-25T18:10:29.240-0800: 0.390: [GC (Allocation Failure) [PSYoungGen: 131584K->11642K(153088K)] 131584K->11650K(502784K), 0.0079487 secs] [Times: user=0.05 sys=0.01, real=0.00 secs] 
Heap after GC invocations=1 (full 0):
 PSYoungGen      total 153088K, used 11642K [0x00000007b5580000, 0x00000007c0000000, 0x00000007c0000000)
  eden space 131584K, 0% used [0x00000007b5580000,0x00000007b5580000,0x00000007bd600000)
  from space 21504K, 54% used [0x00000007bd600000,0x00000007be15e848,0x00000007beb00000)
  to   space 21504K, 0% used [0x00000007beb00000,0x00000007beb00000,0x00000007c0000000)
 ParOldGen       total 349696K, used 8K [0x00000007a0000000, 0x00000007b5580000, 0x00000007b5580000)
  object space 349696K, 0% used [0x00000007a0000000,0x00000007a0002000,0x00000007b5580000)
 Metaspace       used 4828K, capacity 4976K, committed 5248K, reserved 1056768K
  class space    used 523K, capacity 566K, committed 640K, reserved 1048576K
}
{Heap before GC invocations=2 (full 0):
 PSYoungGen      total 153088K, used 143226K [0x00000007b5580000, 0x00000007c0000000, 0x00000007c0000000)
  eden space 131584K, 100% used [0x00000007b5580000,0x00000007bd600000,0x00000007bd600000)
  from space 21504K, 54% used [0x00000007bd600000,0x00000007be15e848,0x00000007beb00000)
  to   space 21504K, 0% used [0x00000007beb00000,0x00000007beb00000,0x00000007c0000000)
 ParOldGen       total 349696K, used 8K [0x00000007a0000000, 0x00000007b5580000, 0x00000007b5580000)
  object space 349696K, 0% used [0x00000007a0000000,0x00000007a0002000,0x00000007b5580000)
 Metaspace       used 4939K, capacity 5104K, committed 5248K, reserved 1056768K
  class space    used 523K, capacity 566K, committed 640K, reserved 1048576K
2018-07-25T18:10:29.598-0800: 0.748: [GC (Allocation Failure) [PSYoungGen: 143226K->11997K(153088K)] 143234K->12013K(502784K), 0.0080608 secs] [Times: user=0.04 sys=0.00, real=0.01 secs] 
Heap after GC invocations=2 (full 0):
 PSYoungGen      total 153088K, used 11997K [0x00000007b5580000, 0x00000007c0000000, 0x00000007c0000000)
  eden space 131584K, 0% used [0x00000007b5580000,0x00000007b5580000,0x00000007bd600000)
  from space 21504K, 55% used [0x00000007beb00000,0x00000007bf6b7630,0x00000007c0000000)
  to   space 21504K, 0% used [0x00000007bd600000,0x00000007bd600000,0x00000007beb00000)
 ParOldGen       total 349696K, used 16K [0x00000007a0000000, 0x00000007b5580000, 0x00000007b5580000)
  object space 349696K, 0% used [0x00000007a0000000,0x00000007a0004000,0x00000007b5580000)
 Metaspace       used 4939K, capacity 5104K, committed 5248K, reserved 1056768K
  class space    used 523K, capacity 566K, committed 640K, reserved 1048576K
}
{Heap before GC invocations=3 (full 0):
 PSYoungGen      total 153088K, used 143581K [0x00000007b5580000, 0x00000007c0000000, 0x00000007c0000000)
  eden space 131584K, 100% used [0x00000007b5580000,0x00000007bd600000,0x00000007bd600000)
  from space 21504K, 55% used [0x00000007beb00000,0x00000007bf6b7630,0x00000007c0000000)
  to   space 21504K, 0% used [0x00000007bd600000,0x00000007bd600000,0x00000007beb00000)
 ParOldGen       total 349696K, used 16K [0x00000007a0000000, 0x00000007b5580000, 0x00000007b5580000)
  object space 349696K, 0% used [0x00000007a0000000,0x00000007a0004000,0x00000007b5580000)
 Metaspace       used 4986K, capacity 5168K, committed 5248K, reserved 1056768K
  class space    used 523K, capacity 566K, committed 640K, reserved 1048576K
2018-07-25T18:10:29.778-0800: 0.928: [GC (Allocation Failure) [PSYoungGen: 143581K->12223K(153088K)] 143597K->12247K(502784K), 0.0025000 secs] [Times: user=0.01 sys=0.00, real=0.01 secs] 
Heap after GC invocations=3 (full 0):
 PSYoungGen      total 153088K, used 12223K [0x00000007b5580000, 0x00000007c0000000, 0x00000007c0000000)
  eden space 131584K, 0% used [0x00000007b5580000,0x00000007b5580000,0x00000007bd600000)
  from space 21504K, 56% used [0x00000007bd600000,0x00000007be1effc8,0x00000007beb00000)
  to   space 21504K, 0% used [0x00000007beb00000,0x00000007beb00000,0x00000007c0000000)
 ParOldGen       total 349696K, used 24K [0x00000007a0000000, 0x00000007b5580000, 0x00000007b5580000)
  object space 349696K, 0% used [0x00000007a0000000,0x00000007a0006000,0x00000007b5580000)
 Metaspace       used 4986K, capacity 5168K, committed 5248K, reserved 1056768K
  class space    used 523K, capacity 566K, committed 640K, reserved 1048576K
}
{Heap before GC invocations=4 (full 0):
 PSYoungGen      total 153088K, used 143807K [0x00000007b5580000, 0x00000007c0000000, 0x00000007c0000000)
  eden space 131584K, 100% used [0x00000007b5580000,0x00000007bd600000,0x00000007bd600000)
  from space 21504K, 56% used [0x00000007bd600000,0x00000007be1effc8,0x00000007beb00000)
  to   space 21504K, 0% used [0x00000007beb00000,0x00000007beb00000,0x00000007c0000000)
 ParOldGen       total 349696K, used 24K [0x00000007a0000000, 0x00000007b5580000, 0x00000007b5580000)
  object space 349696K, 0% used [0x00000007a0000000,0x00000007a0006000,0x00000007b5580000)
 Metaspace       used 4990K, capacity 5168K, committed 5248K, reserved 1056768K
  class space    used 523K, capacity 566K, committed 640K, reserved 1048576K
2018-07-25T18:10:29.911-0800: 1.062: [GC (Allocation Failure) [PSYoungGen: 143807K->12332K(153088K)] 143831K->12364K(502784K), 0.0024643 secs] [Times: user=0.02 sys=0.00, real=0.00 secs] 
Heap after GC invocations=4 (full 0):
 PSYoungGen      total 153088K, used 12332K [0x00000007b5580000, 0x00000007c0000000, 0x00000007c0000000)
  eden space 131584K, 0% used [0x00000007b5580000,0x00000007b5580000,0x00000007bd600000)
  from space 21504K, 57% used [0x00000007beb00000,0x00000007bf70b018,0x00000007c0000000)
  to   space 21504K, 0% used [0x00000007bd600000,0x00000007bd600000,0x00000007beb00000)
 ParOldGen       total 349696K, used 32K [0x00000007a0000000, 0x00000007b5580000, 0x00000007b5580000)
  object space 349696K, 0% used [0x00000007a0000000,0x00000007a0008000,0x00000007b5580000)
 Metaspace       used 4990K, capacity 5168K, committed 5248K, reserved 1056768K
  class space    used 523K, capacity 566K, committed 640K, reserved 1048576K
}
{Heap before GC invocations=5 (full 0):
 PSYoungGen      total 153088K, used 143909K [0x00000007b5580000, 0x00000007c0000000, 0x00000007c0000000)
  eden space 131584K, 99% used [0x00000007b5580000,0x00000007bd5fe660,0x00000007bd600000)
  from space 21504K, 57% used [0x00000007beb00000,0x00000007bf70b018,0x00000007c0000000)
  to   space 21504K, 0% used [0x00000007bd600000,0x00000007bd600000,0x00000007beb00000)
 ParOldGen       total 349696K, used 32K [0x00000007a0000000, 0x00000007b5580000, 0x00000007b5580000)
  object space 349696K, 0% used [0x00000007a0000000,0x00000007a0008000,0x00000007b5580000)
 Metaspace       used 4992K, capacity 5168K, committed 5248K, reserved 1056768K
  class space    used 523K, capacity 566K, committed 640K, reserved 1048576K
2018-07-25T18:10:30.028-0800: 1.178: [GC (Allocation Failure) [PSYoungGen: 143909K->11877K(153088K)] 143941K->11917K(502784K), 0.0023511 secs] [Times: user=0.01 sys=0.00, real=0.01 secs] 
Heap after GC invocations=5 (full 0):
 PSYoungGen      total 153088K, used 11877K [0x00000007b5580000, 0x00000007c0000000, 0x00000007c0000000)
  eden space 131584K, 0% used [0x00000007b5580000,0x00000007b5580000,0x00000007bd600000)
  from space 21504K, 55% used [0x00000007bd600000,0x00000007be1995e8,0x00000007beb00000)
  to   space 12800K, 0% used [0x00000007bf380000,0x00000007bf380000,0x00000007c0000000)
 ParOldGen       total 349696K, used 40K [0x00000007a0000000, 0x00000007b5580000, 0x00000007b5580000)
  object space 349696K, 0% used [0x00000007a0000000,0x00000007a000a000,0x00000007b5580000)
 Metaspace       used 4992K, capacity 5168K, committed 5248K, reserved 1056768K
  class space    used 523K, capacity 566K, committed 640K, reserved 1048576K
}
{Heap before GC invocations=6 (full 0):
 PSYoungGen      total 153088K, used 143195K [0x00000007b5580000, 0x00000007c0000000, 0x00000007c0000000)
  eden space 131584K, 99% used [0x00000007b5580000,0x00000007bd5bd890,0x00000007bd600000)
  from space 21504K, 55% used [0x00000007bd600000,0x00000007be1995e8,0x00000007beb00000)
  to   space 12800K, 0% used [0x00000007bf380000,0x00000007bf380000,0x00000007c0000000)
 ParOldGen       total 349696K, used 40K [0x00000007a0000000, 0x00000007b5580000, 0x00000007b5580000)
  object space 349696K, 0% used [0x00000007a0000000,0x00000007a000a000,0x00000007b5580000)
 Metaspace       used 4998K, capacity 5168K, committed 5248K, reserved 1056768K
  class space    used 523K, capacity 566K, committed 640K, reserved 1048576K
2018-07-25T18:10:30.133-0800: 1.283: [GC (Allocation Failure) [PSYoungGen: 143195K->11896K(161792K)] 143235K->11944K(511488K), 0.0061655 secs] [Times: user=0.04 sys=0.00, real=0.00 secs] 
Heap after GC invocations=6 (full 0):
 PSYoungGen      total 161792K, used 11896K [0x00000007b5580000, 0x00000007c0000000, 0x00000007c0000000)
  eden space 148992K, 0% used [0x00000007b5580000,0x00000007b5580000,0x00000007be700000)
  from space 12800K, 92% used [0x00000007bf380000,0x00000007bff1e198,0x00000007c0000000)
  to   space 12800K, 0% used [0x00000007be700000,0x00000007be700000,0x00000007bf380000)
 ParOldGen       total 349696K, used 48K [0x00000007a0000000, 0x00000007b5580000, 0x00000007b5580000)
  object space 349696K, 0% used [0x00000007a0000000,0x00000007a000c000,0x00000007b5580000)
 Metaspace       used 4998K, capacity 5168K, committed 5248K, reserved 1056768K
  class space    used 523K, capacity 566K, committed 640K, reserved 1048576K
}
{Heap before GC invocations=7 (full 0):
 PSYoungGen      total 161792K, used 160888K [0x00000007b5580000, 0x00000007c0000000, 0x00000007c0000000)
  eden space 148992K, 100% used [0x00000007b5580000,0x00000007be700000,0x00000007be700000)
  from space 12800K, 92% used [0x00000007bf380000,0x00000007bff1e198,0x00000007c0000000)
  to   space 12800K, 0% used [0x00000007be700000,0x00000007be700000,0x00000007bf380000)
 ParOldGen       total 349696K, used 48K [0x00000007a0000000, 0x00000007b5580000, 0x00000007b5580000)
  object space 349696K, 0% used [0x00000007a0000000,0x00000007a000c000,0x00000007b5580000)
 Metaspace       used 5434K, capacity 5616K, committed 5760K, reserved 1056768K
  class space    used 579K, capacity 630K, committed 640K, reserved 1048576K
2018-07-25T18:10:30.508-0800: 1.659: [GC (Allocation Failure) [PSYoungGen: 160888K->692K(150016K)] 160936K->12212K(499712K), 0.0074483 secs] [Times: user=0.05 sys=0.00, real=0.01 secs] 
Heap after GC invocations=7 (full 0):
 PSYoungGen      total 150016K, used 692K [0x00000007b5580000, 0x00000007c0000000, 0x00000007c0000000)
  eden space 148992K, 0% used [0x00000007b5580000,0x00000007b5580000,0x00000007be700000)
  from space 1024K, 67% used [0x00000007be700000,0x00000007be7ad2b8,0x00000007be800000)
  to   space 15360K, 0% used [0x00000007bf100000,0x00000007bf100000,0x00000007c0000000)
 ParOldGen       total 349696K, used 11520K [0x00000007a0000000, 0x00000007b5580000, 0x00000007b5580000)
  object space 349696K, 3% used [0x00000007a0000000,0x00000007a0b40050,0x00000007b5580000)
 Metaspace       used 5434K, capacity 5616K, committed 5760K, reserved 1056768K
  class space    used 579K, capacity 630K, committed 640K, reserved 1048576K
}
{Heap before GC invocations=8 (full 0):
 PSYoungGen      total 150016K, used 149361K [0x00000007b5580000, 0x00000007c0000000, 0x00000007c0000000)
  eden space 148992K, 99% used [0x00000007b5580000,0x00000007be6af308,0x00000007be700000)
  from space 1024K, 67% used [0x00000007be700000,0x00000007be7ad2b8,0x00000007be800000)
  to   space 15360K, 0% used [0x00000007bf100000,0x00000007bf100000,0x00000007c0000000)
 ParOldGen       total 349696K, used 11520K [0x00000007a0000000, 0x00000007b5580000, 0x00000007b5580000)
  object space 349696K, 3% used [0x00000007a0000000,0x00000007a0b40050,0x00000007b5580000)
 Metaspace       used 5434K, capacity 5616K, committed 5760K, reserved 1056768K
  class space    used 579K, capacity 630K, committed 640K, reserved 1048576K
2018-07-25T18:10:30.747-0800: 1.897: [GC (Allocation Failure) [PSYoungGen: 149361K->889K(157184K)] 160881K->12441K(506880K), 0.0011873 secs] [Times: user=0.01 sys=0.00, real=0.00 secs] 
Heap after GC invocations=8 (full 0):
 PSYoungGen      total 157184K, used 889K [0x00000007b5580000, 0x00000007c0000000, 0x00000007c0000000)
  eden space 141824K, 0% used [0x00000007b5580000,0x00000007b5580000,0x00000007be000000)
  from space 15360K, 5% used [0x00000007bf100000,0x00000007bf1de5d8,0x00000007c0000000)
  to   space 16384K, 0% used [0x00000007be000000,0x00000007be000000,0x00000007bf000000)
 ParOldGen       total 349696K, used 11552K [0x00000007a0000000, 0x00000007b5580000, 0x00000007b5580000)
  object space 349696K, 3% used [0x00000007a0000000,0x00000007a0b48050,0x00000007b5580000)
 Metaspace       used 5434K, capacity 5616K, committed 5760K, reserved 1056768K
  class space    used 579K, capacity 630K, committed 640K, reserved 1048576K
}
{Heap before GC invocations=9 (full 0):
 PSYoungGen      total 157184K, used 142713K [0x00000007b5580000, 0x00000007c0000000, 0x00000007c0000000)
  eden space 141824K, 100% used [0x00000007b5580000,0x00000007be000000,0x00000007be000000)
  from space 15360K, 5% used [0x00000007bf100000,0x00000007bf1de5d8,0x00000007c0000000)
  to   space 16384K, 0% used [0x00000007be000000,0x00000007be000000,0x00000007bf000000)
 ParOldGen       total 349696K, used 11552K [0x00000007a0000000, 0x00000007b5580000, 0x00000007b5580000)
  object space 349696K, 3% used [0x00000007a0000000,0x00000007a0b48050,0x00000007b5580000)
 Metaspace       used 5434K, capacity 5616K, committed 5760K, reserved 1056768K
  class space    used 579K, capacity 630K, committed 640K, reserved 1048576K
2018-07-25T18:10:30.899-0800: 2.049: [GC (Allocation Failure) [PSYoungGen: 142713K->981K(142848K)] 154265K->12581K(492544K), 0.0005530 secs] [Times: user=0.00 sys=0.00, real=0.00 secs] 
Heap after GC invocations=9 (full 0):
 PSYoungGen      total 142848K, used 981K [0x00000007b5580000, 0x00000007c0000000, 0x00000007c0000000)
  eden space 141824K, 0% used [0x00000007b5580000,0x00000007b5580000,0x00000007be000000)
  from space 1024K, 95% used [0x00000007be000000,0x00000007be0f56b0,0x00000007be100000)
  to   space 17408K, 0% used [0x00000007bef00000,0x00000007bef00000,0x00000007c0000000)
 ParOldGen       total 349696K, used 11600K [0x00000007a0000000, 0x00000007b5580000, 0x00000007b5580000)
  object space 349696K, 3% used [0x00000007a0000000,0x00000007a0b54050,0x00000007b5580000)
 Metaspace       used 5434K, capacity 5616K, committed 5760K, reserved 1056768K
  class space    used 579K, capacity 630K, committed 640K, reserved 1048576K
}
{Heap before GC invocations=10 (full 0):
 PSYoungGen      total 142848K, used 142514K [0x00000007b5580000, 0x00000007c0000000, 0x00000007c0000000)
  eden space 141824K, 99% used [0x00000007b5580000,0x00000007bdfb7340,0x00000007be000000)
  from space 1024K, 95% used [0x00000007be000000,0x00000007be0f56b0,0x00000007be100000)
  to   space 17408K, 0% used [0x00000007bef00000,0x00000007bef00000,0x00000007c0000000)
 ParOldGen       total 349696K, used 11600K [0x00000007a0000000, 0x00000007b5580000, 0x00000007b5580000)
  object space 349696K, 3% used [0x00000007a0000000,0x00000007a0b54050,0x00000007b5580000)
 Metaspace       used 5434K, capacity 5616K, committed 5760K, reserved 1056768K
  class space    used 579K, capacity 630K, committed 640K, reserved 1048576K
2018-07-25T18:10:31.030-0800: 2.180: [GC (Allocation Failure) [PSYoungGen: 142514K->761K(156160K)] 154114K->12565K(505856K), 0.0005862 secs] [Times: user=0.00 sys=0.00, real=0.00 secs] 
Heap after GC invocations=10 (full 0):
 PSYoungGen      total 156160K, used 761K [0x00000007b5580000, 0x00000007c0000000, 0x00000007c0000000)
  eden space 138752K, 0% used [0x00000007b5580000,0x00000007b5580000,0x00000007bdd00000)
  from space 17408K, 4% used [0x00000007bef00000,0x00000007befbe720,0x00000007c0000000)
  to   space 17920K, 0% used [0x00000007bdd00000,0x00000007bdd00000,0x00000007bee80000)
 ParOldGen       total 349696K, used 11804K [0x00000007a0000000, 0x00000007b5580000, 0x00000007b5580000)
  object space 349696K, 3% used [0x00000007a0000000,0x00000007a0b87060,0x00000007b5580000)
 Metaspace       used 5434K, capacity 5616K, committed 5760K, reserved 1056768K
  class space    used 579K, capacity 630K, committed 640K, reserved 1048576K
}
{Heap before GC invocations=11 (full 0):
 PSYoungGen      total 156160K, used 139513K [0x00000007b5580000, 0x00000007c0000000, 0x00000007c0000000)
  eden space 138752K, 100% used [0x00000007b5580000,0x00000007bdd00000,0x00000007bdd00000)
  from space 17408K, 4% used [0x00000007bef00000,0x00000007befbe720,0x00000007c0000000)
  to   space 17920K, 0% used [0x00000007bdd00000,0x00000007bdd00000,0x00000007bee80000)
 ParOldGen       total 349696K, used 11804K [0x00000007a0000000, 0x00000007b5580000, 0x00000007b5580000)
  object space 349696K, 3% used [0x00000007a0000000,0x00000007a0b87060,0x00000007b5580000)
 Metaspace       used 5434K, capacity 5616K, committed 5760K, reserved 1056768K
  class space    used 579K, capacity 630K, committed 640K, reserved 1048576K
2018-07-25T18:10:31.142-0800: 2.292: [GC (Allocation Failure) [PSYoungGen: 139513K->353K(156672K)] 151317K->12205K(506368K), 0.0005222 secs] [Times: user=0.00 sys=0.00, real=0.00 secs] 
Heap after GC invocations=11 (full 0):
 PSYoungGen      total 156672K, used 353K [0x00000007b5580000, 0x00000007c0000000, 0x00000007c0000000)
  eden space 138752K, 0% used [0x00000007b5580000,0x00000007b5580000,0x00000007bdd00000)
  from space 17920K, 1% used [0x00000007bdd00000,0x00000007bdd58760,0x00000007bee80000)
  to   space 17920K, 0% used [0x00000007bee80000,0x00000007bee80000,0x00000007c0000000)
 ParOldGen       total 349696K, used 11852K [0x00000007a0000000, 0x00000007b5580000, 0x00000007b5580000)
  object space 349696K, 3% used [0x00000007a0000000,0x00000007a0b93060,0x00000007b5580000)
 Metaspace       used 5434K, capacity 5616K, committed 5760K, reserved 1056768K
  class space    used 579K, capacity 630K, committed 640K, reserved 1048576K
}
{Heap before GC invocations=12 (full 0):
 PSYoungGen      total 156672K, used 139105K [0x00000007b5580000, 0x00000007c0000000, 0x00000007c0000000)
  eden space 138752K, 100% used [0x00000007b5580000,0x00000007bdd00000,0x00000007bdd00000)
  from space 17920K, 1% used [0x00000007bdd00000,0x00000007bdd58760,0x00000007bee80000)
  to   space 17920K, 0% used [0x00000007bee80000,0x00000007bee80000,0x00000007c0000000)
 ParOldGen       total 349696K, used 11852K [0x00000007a0000000, 0x00000007b5580000, 0x00000007b5580000)
  object space 349696K, 3% used [0x00000007a0000000,0x00000007a0b93060,0x00000007b5580000)
 Metaspace       used 5434K, capacity 5616K, committed 5760K, reserved 1056768K
  class space    used 579K, capacity 630K, committed 640K, reserved 1048576K
2018-07-25T18:10:31.683-0800: 2.833: [GC (Allocation Failure) [PSYoungGen: 139105K->121K(156672K)] 150957K->11973K(506368K), 0.0004325 secs] [Times: user=0.00 sys=0.00, real=0.00 secs] 
Heap after GC invocations=12 (full 0):
 PSYoungGen      total 156672K, used 121K [0x00000007b5580000, 0x00000007c0000000, 0x00000007c0000000)
  eden space 138752K, 0% used [0x00000007b5580000,0x00000007b5580000,0x00000007bdd00000)
  from space 17920K, 0% used [0x00000007bee80000,0x00000007bee9e630,0x00000007c0000000)
  to   space 17920K, 0% used [0x00000007bdd00000,0x00000007bdd00000,0x00000007bee80000)
 ParOldGen       total 349696K, used 11852K [0x00000007a0000000, 0x00000007b5580000, 0x00000007b5580000)
  object space 349696K, 3% used [0x00000007a0000000,0x00000007a0b93060,0x00000007b5580000)
 Metaspace       used 5434K, capacity 5616K, committed 5760K, reserved 1056768K
  class space    used 579K, capacity 630K, committed 640K, reserved 1048576K
}
{Heap before GC invocations=13 (full 0):
 PSYoungGen      total 156672K, used 138873K [0x00000007b5580000, 0x00000007c0000000, 0x00000007c0000000)
  eden space 138752K, 100% used [0x00000007b5580000,0x00000007bdd00000,0x00000007bdd00000)
  from space 17920K, 0% used [0x00000007bee80000,0x00000007bee9e630,0x00000007c0000000)
  to   space 17920K, 0% used [0x00000007bdd00000,0x00000007bdd00000,0x00000007bee80000)
 ParOldGen       total 349696K, used 11852K [0x00000007a0000000, 0x00000007b5580000, 0x00000007b5580000)
  object space 349696K, 3% used [0x00000007a0000000,0x00000007a0b93060,0x00000007b5580000)
 Metaspace       used 5434K, capacity 5616K, committed 5760K, reserved 1056768K
  class space    used 579K, capacity 630K, committed 640K, reserved 1048576K
2018-07-25T18:10:32.445-0800: 3.595: [GC (Allocation Failure) [PSYoungGen: 138873K->1104K(156672K)] 150725K->12972K(506368K), 0.0005231 secs] [Times: user=0.00 sys=0.00, real=0.00 secs] 
Heap after GC invocations=13 (full 0):
 PSYoungGen      total 156672K, used 1104K [0x00000007b5580000, 0x00000007c0000000, 0x00000007c0000000)
  eden space 138752K, 0% used [0x00000007b5580000,0x00000007b5580000,0x00000007bdd00000)
  from space 17920K, 6% used [0x00000007bdd00000,0x00000007bde14310,0x00000007bee80000)
  to   space 17920K, 0% used [0x00000007bee80000,0x00000007bee80000,0x00000007c0000000)
 ParOldGen       total 349696K, used 11868K [0x00000007a0000000, 0x00000007b5580000, 0x00000007b5580000)
  object space 349696K, 3% used [0x00000007a0000000,0x00000007a0b97060,0x00000007b5580000)
 Metaspace       used 5434K, capacity 5616K, committed 5760K, reserved 1056768K
  class space    used 579K, capacity 630K, committed 640K, reserved 1048576K
}
{Heap before GC invocations=14 (full 0):
 PSYoungGen      total 156672K, used 139856K [0x00000007b5580000, 0x00000007c0000000, 0x00000007c0000000)
  eden space 138752K, 100% used [0x00000007b5580000,0x00000007bdd00000,0x00000007bdd00000)
  from space 17920K, 6% used [0x00000007bdd00000,0x00000007bde14310,0x00000007bee80000)
  to   space 17920K, 0% used [0x00000007bee80000,0x00000007bee80000,0x00000007c0000000)
 ParOldGen       total 349696K, used 11868K [0x00000007a0000000, 0x00000007b5580000, 0x00000007b5580000)
  object space 349696K, 3% used [0x00000007a0000000,0x00000007a0b97060,0x00000007b5580000)
 Metaspace       used 5434K, capacity 5616K, committed 5760K, reserved 1056768K
  class space    used 579K, capacity 630K, committed 640K, reserved 1048576K
2018-07-25T18:10:33.310-0800: 4.460: [GC (Allocation Failure) [PSYoungGen: 139856K->1302K(157184K)] 151724K->13170K(506880K), 0.0005753 secs] [Times: user=0.00 sys=0.00, real=0.00 secs] 
Heap after GC invocations=14 (full 0):
 PSYoungGen      total 157184K, used 1302K [0x00000007b5580000, 0x00000007c0000000, 0x00000007c0000000)
  eden space 139264K, 0% used [0x00000007b5580000,0x00000007b5580000,0x00000007bdd80000)
  from space 17920K, 7% used [0x00000007bee80000,0x00000007befc5898,0x00000007c0000000)
  to   space 17408K, 0% used [0x00000007bdd80000,0x00000007bdd80000,0x00000007bee80000)
 ParOldGen       total 349696K, used 11868K [0x00000007a0000000, 0x00000007b5580000, 0x00000007b5580000)
  object space 349696K, 3% used [0x00000007a0000000,0x00000007a0b97060,0x00000007b5580000)
 Metaspace       used 5434K, capacity 5616K, committed 5760K, reserved 1056768K
  class space    used 579K, capacity 630K, committed 640K, reserved 1048576K
}
{Heap before GC invocations=15 (full 0):
 PSYoungGen      total 157184K, used 140566K [0x00000007b5580000, 0x00000007c0000000, 0x00000007c0000000)
  eden space 139264K, 100% used [0x00000007b5580000,0x00000007bdd80000,0x00000007bdd80000)
  from space 17920K, 7% used [0x00000007bee80000,0x00000007befc5898,0x00000007c0000000)
  to   space 17408K, 0% used [0x00000007bdd80000,0x00000007bdd80000,0x00000007bee80000)
 ParOldGen       total 349696K, used 11868K [0x00000007a0000000, 0x00000007b5580000, 0x00000007b5580000)
  object space 349696K, 3% used [0x00000007a0000000,0x00000007a0b97060,0x00000007b5580000)
 Metaspace       used 5434K, capacity 5616K, committed 5760K, reserved 1056768K
  class space    used 579K, capacity 630K, committed 640K, reserved 1048576K
2018-07-25T18:10:34.049-0800: 5.199: [GC (Allocation Failure) [PSYoungGen: 140566K->226K(156672K)] 152434K->12094K(506368K), 0.0010984 secs] [Times: user=0.01 sys=0.00, real=0.01 secs] 
Heap after GC invocations=15 (full 0):
 PSYoungGen      total 156672K, used 226K [0x00000007b5580000, 0x00000007c0000000, 0x00000007c0000000)
  eden space 139264K, 0% used [0x00000007b5580000,0x00000007b5580000,0x00000007bdd80000)
  from space 17408K, 1% used [0x00000007bdd80000,0x00000007bddb8ac8,0x00000007bee80000)
  to   space 16896K, 0% used [0x00000007bef80000,0x00000007bef80000,0x00000007c0000000)
 ParOldGen       total 349696K, used 11868K [0x00000007a0000000, 0x00000007b5580000, 0x00000007b5580000)
  object space 349696K, 3% used [0x00000007a0000000,0x00000007a0b97060,0x00000007b5580000)
 Metaspace       used 5434K, capacity 5616K, committed 5760K, reserved 1056768K
  class space    used 579K, capacity 630K, committed 640K, reserved 1048576K
}
{Heap before GC invocations=16 (full 0):
 PSYoungGen      total 156672K, used 139490K [0x00000007b5580000, 0x00000007c0000000, 0x00000007c0000000)
  eden space 139264K, 100% used [0x00000007b5580000,0x00000007bdd80000,0x00000007bdd80000)
  from space 17408K, 1% used [0x00000007bdd80000,0x00000007bddb8ac8,0x00000007bee80000)
  to   space 16896K, 0% used [0x00000007bef80000,0x00000007bef80000,0x00000007c0000000)
 ParOldGen       total 349696K, used 11868K [0x00000007a0000000, 0x00000007b5580000, 0x00000007b5580000)
  object space 349696K, 3% used [0x00000007a0000000,0x00000007a0b97060,0x00000007b5580000)
 Metaspace       used 5434K, capacity 5616K, committed 5760K, reserved 1056768K
  class space    used 579K, capacity 630K, committed 640K, reserved 1048576K
2018-07-25T18:10:34.709-0800: 5.859: [GC (Allocation Failure) [PSYoungGen: 139490K->287K(158208K)] 151358K->12156K(507904K), 0.0009827 secs] [Times: user=0.01 sys=0.00, real=0.01 secs] 
Heap after GC invocations=16 (full 0):
 PSYoungGen      total 158208K, used 287K [0x00000007b5580000, 0x00000007c0000000, 0x00000007c0000000)
  eden space 141312K, 0% used [0x00000007b5580000,0x00000007b5580000,0x00000007bdf80000)
  from space 16896K, 1% used [0x00000007bef80000,0x00000007befc7fb0,0x00000007c0000000)
  to   space 16384K, 0% used [0x00000007bdf80000,0x00000007bdf80000,0x00000007bef80000)
 ParOldGen       total 349696K, used 11868K [0x00000007a0000000, 0x00000007b5580000, 0x00000007b5580000)
  object space 349696K, 3% used [0x00000007a0000000,0x00000007a0b97060,0x00000007b5580000)
 Metaspace       used 5434K, capacity 5616K, committed 5760K, reserved 1056768K
  class space    used 579K, capacity 630K, committed 640K, reserved 1048576K
}
{Heap before GC invocations=17 (full 0):
 PSYoungGen      total 158208K, used 141599K [0x00000007b5580000, 0x00000007c0000000, 0x00000007c0000000)
  eden space 141312K, 100% used [0x00000007b5580000,0x00000007bdf80000,0x00000007bdf80000)
  from space 16896K, 1% used [0x00000007bef80000,0x00000007befc7fb0,0x00000007c0000000)
  to   space 16384K, 0% used [0x00000007bdf80000,0x00000007bdf80000,0x00000007bef80000)
 ParOldGen       total 349696K, used 11868K [0x00000007a0000000, 0x00000007b5580000, 0x00000007b5580000)
  object space 349696K, 3% used [0x00000007a0000000,0x00000007a0b97060,0x00000007b5580000)
 Metaspace       used 5434K, capacity 5616K, committed 5760K, reserved 1056768K
  class space    used 579K, capacity 630K, committed 640K, reserved 1048576K
2018-07-25T18:10:35.465-0800: 6.615: [GC (Allocation Failure) [PSYoungGen: 141599K->283K(157696K)] 153468K->12151K(507392K), 0.0007083 secs] [Times: user=0.01 sys=0.00, real=0.00 secs] 
Heap after GC invocations=17 (full 0):
 PSYoungGen      total 157696K, used 283K [0x00000007b5580000, 0x00000007c0000000, 0x00000007c0000000)
  eden space 141312K, 0% used [0x00000007b5580000,0x00000007b5580000,0x00000007bdf80000)
  from space 16384K, 1% used [0x00000007bdf80000,0x00000007bdfc6de0,0x00000007bef80000)
  to   space 15872K, 0% used [0x00000007bf080000,0x00000007bf080000,0x00000007c0000000)
 ParOldGen       total 349696K, used 11868K [0x00000007a0000000, 0x00000007b5580000, 0x00000007b5580000)
  object space 349696K, 3% used [0x00000007a0000000,0x00000007a0b97060,0x00000007b5580000)
 Metaspace       used 5434K, capacity 5616K, committed 5760K, reserved 1056768K
  class space    used 579K, capacity 630K, committed 640K, reserved 1048576K
}
{Heap before GC invocations=18 (full 0):
 PSYoungGen      total 157696K, used 140699K [0x00000007b5580000, 0x00000007c0000000, 0x00000007c0000000)
  eden space 141312K, 99% used [0x00000007b5580000,0x00000007bdea0000,0x00000007bdf80000)
  from space 16384K, 1% used [0x00000007bdf80000,0x00000007bdfc6de0,0x00000007bef80000)
  to   space 15872K, 0% used [0x00000007bf080000,0x00000007bf080000,0x00000007c0000000)
 ParOldGen       total 349696K, used 11868K [0x00000007a0000000, 0x00000007b5580000, 0x00000007b5580000)
  object space 349696K, 3% used [0x00000007a0000000,0x00000007a0b97060,0x00000007b5580000)
 Metaspace       used 5434K, capacity 5616K, committed 5760K, reserved 1056768K
  class space    used 579K, capacity 630K, committed 640K, reserved 1048576K
2018-07-25T18:10:36.035-0800: 7.185: [GC (Allocation Failure) [PSYoungGen: 140699K->277K(159232K)] 152567K->12145K(508928K), 0.0004699 secs] [Times: user=0.00 sys=0.00, real=0.00 secs] 
Heap after GC invocations=18 (full 0):
 PSYoungGen      total 159232K, used 277K [0x00000007b5580000, 0x00000007c0000000, 0x00000007c0000000)
  eden space 143360K, 0% used [0x00000007b5580000,0x00000007b5580000,0x00000007be180000)
  from space 15872K, 1% used [0x00000007bf080000,0x00000007bf0c5558,0x00000007c0000000)
  to   space 15360K, 0% used [0x00000007be180000,0x00000007be180000,0x00000007bf080000)
 ParOldGen       total 349696K, used 11868K [0x00000007a0000000, 0x00000007b5580000, 0x00000007b5580000)
  object space 349696K, 3% used [0x00000007a0000000,0x00000007a0b97060,0x00000007b5580000)
 Metaspace       used 5434K, capacity 5616K, committed 5760K, reserved 1056768K
  class space    used 579K, capacity 630K, committed 640K, reserved 1048576K
}
{Heap before GC invocations=19 (full 0):
 PSYoungGen      total 159232K, used 143582K [0x00000007b5580000, 0x00000007c0000000, 0x00000007c0000000)
  eden space 143360K, 99% used [0x00000007b5580000,0x00000007be172408,0x00000007be180000)
  from space 15872K, 1% used [0x00000007bf080000,0x00000007bf0c5558,0x00000007c0000000)
  to   space 15360K, 0% used [0x00000007be180000,0x00000007be180000,0x00000007bf080000)
 ParOldGen       total 349696K, used 11868K [0x00000007a0000000, 0x00000007b5580000, 0x00000007b5580000)
  object space 349696K, 3% used [0x00000007a0000000,0x00000007a0b97060,0x00000007b5580000)
 Metaspace       used 5434K, capacity 5616K, committed 5760K, reserved 1056768K
  class space    used 579K, capacity 630K, committed 640K, reserved 1048576K
2018-07-25T18:10:36.539-0800: 7.689: [GC (Allocation Failure) [PSYoungGen: 143582K->1342K(158720K)] 155450K->13210K(508416K), 0.0005051 secs] [Times: user=0.00 sys=0.00, real=0.01 secs] 
Heap after GC invocations=19 (full 0):
 PSYoungGen      total 158720K, used 1342K [0x00000007b5580000, 0x00000007c0000000, 0x00000007c0000000)
  eden space 143360K, 0% used [0x00000007b5580000,0x00000007b5580000,0x00000007be180000)
  from space 15360K, 8% used [0x00000007be180000,0x00000007be2cfb20,0x00000007bf080000)
  to   space 14848K, 0% used [0x00000007bf180000,0x00000007bf180000,0x00000007c0000000)
 ParOldGen       total 349696K, used 11868K [0x00000007a0000000, 0x00000007b5580000, 0x00000007b5580000)
  object space 349696K, 3% used [0x00000007a0000000,0x00000007a0b97060,0x00000007b5580000)
 Metaspace       used 5434K, capacity 5616K, committed 5760K, reserved 1056768K
  class space    used 579K, capacity 630K, committed 640K, reserved 1048576K
}
{Heap before GC invocations=20 (full 0):
 PSYoungGen      total 158720K, used 144066K [0x00000007b5580000, 0x00000007c0000000, 0x00000007c0000000)
  eden space 143360K, 99% used [0x00000007b5580000,0x00000007be0e0ee8,0x00000007be180000)
  from space 15360K, 8% used [0x00000007be180000,0x00000007be2cfb20,0x00000007bf080000)
  to   space 14848K, 0% used [0x00000007bf180000,0x00000007bf180000,0x00000007c0000000)
 ParOldGen       total 349696K, used 11868K [0x00000007a0000000, 0x00000007b5580000, 0x00000007b5580000)
  object space 349696K, 3% used [0x00000007a0000000,0x00000007a0b97060,0x00000007b5580000)
 Metaspace       used 5434K, capacity 5616K, committed 5760K, reserved 1056768K
  class space    used 579K, capacity 630K, committed 640K, reserved 1048576K
2018-07-25T18:10:37.017-0800: 8.167: [GC (Allocation Failure) [PSYoungGen: 144066K->358K(160768K)] 155934K->12274K(510464K), 0.0010239 secs] [Times: user=0.00 sys=0.00, real=0.00 secs] 
Heap after GC invocations=20 (full 0):
 PSYoungGen      total 160768K, used 358K [0x00000007b5580000, 0x00000007c0000000, 0x00000007c0000000)
  eden space 145920K, 0% used [0x00000007b5580000,0x00000007b5580000,0x00000007be400000)
  from space 14848K, 2% used [0x00000007bf180000,0x00000007bf1d9830,0x00000007c0000000)
  to   space 13824K, 0% used [0x00000007be400000,0x00000007be400000,0x00000007bf180000)
 ParOldGen       total 349696K, used 11916K [0x00000007a0000000, 0x00000007b5580000, 0x00000007b5580000)
  object space 349696K, 3% used [0x00000007a0000000,0x00000007a0ba3060,0x00000007b5580000)
 Metaspace       used 5434K, capacity 5616K, committed 5760K, reserved 1056768K
  class space    used 579K, capacity 630K, committed 640K, reserved 1048576K
}
{Heap before GC invocations=21 (full 0):
 PSYoungGen      total 160768K, used 146278K [0x00000007b5580000, 0x00000007c0000000, 0x00000007c0000000)
  eden space 145920K, 100% used [0x00000007b5580000,0x00000007be400000,0x00000007be400000)
  from space 14848K, 2% used [0x00000007bf180000,0x00000007bf1d9830,0x00000007c0000000)
  to   space 13824K, 0% used [0x00000007be400000,0x00000007be400000,0x00000007bf180000)
 ParOldGen       total 349696K, used 11916K [0x00000007a0000000, 0x00000007b5580000, 0x00000007b5580000)
  object space 349696K, 3% used [0x00000007a0000000,0x00000007a0ba3060,0x00000007b5580000)
 Metaspace       used 5434K, capacity 5616K, committed 5760K, reserved 1056768K
  class space    used 579K, capacity 630K, committed 640K, reserved 1048576K
2018-07-25T18:10:37.517-0800: 8.667: [GC (Allocation Failure) [PSYoungGen: 146278K->445K(159744K)] 158194K->12401K(509440K), 0.0010862 secs] [Times: user=0.00 sys=0.00, real=0.00 secs] 
Heap after GC invocations=21 (full 0):
 PSYoungGen      total 159744K, used 445K [0x00000007b5580000, 0x00000007c0000000, 0x00000007c0000000)
  eden space 145920K, 0% used [0x00000007b5580000,0x00000007b5580000,0x00000007be400000)
  from space 13824K, 3% used [0x00000007be400000,0x00000007be46f4e8,0x00000007bf180000)
  to   space 13312K, 0% used [0x00000007bf300000,0x00000007bf300000,0x00000007c0000000)
 ParOldGen       total 349696K, used 11956K [0x00000007a0000000, 0x00000007b5580000, 0x00000007b5580000)
  object space 349696K, 3% used [0x00000007a0000000,0x00000007a0bad060,0x00000007b5580000)
 Metaspace       used 5434K, capacity 5616K, committed 5760K, reserved 1056768K
  class space    used 579K, capacity 630K, committed 640K, reserved 1048576K
}
{Heap before GC invocations=22 (full 0):
 PSYoungGen      total 159744K, used 146365K [0x00000007b5580000, 0x00000007c0000000, 0x00000007c0000000)
  eden space 145920K, 100% used [0x00000007b5580000,0x00000007be400000,0x00000007be400000)
  from space 13824K, 3% used [0x00000007be400000,0x00000007be46f4e8,0x00000007bf180000)
  to   space 13312K, 0% used [0x00000007bf300000,0x00000007bf300000,0x00000007c0000000)
 ParOldGen       total 349696K, used 11956K [0x00000007a0000000, 0x00000007b5580000, 0x00000007b5580000)
  object space 349696K, 3% used [0x00000007a0000000,0x00000007a0bad060,0x00000007b5580000)
 Metaspace       used 5435K, capacity 5616K, committed 5760K, reserved 1056768K
  class space    used 580K, capacity 630K, committed 640K, reserved 1048576K
2018-07-25T18:10:38.010-0800: 9.160: [GC (Allocation Failure) [PSYoungGen: 146365K->403K(161792K)] 158321K->12383K(511488K), 0.0004769 secs] [Times: user=0.00 sys=0.00, real=0.00 secs] 
Heap after GC invocations=22 (full 0):
 PSYoungGen      total 161792K, used 403K [0x00000007b5580000, 0x00000007c0000000, 0x00000007c0000000)
  eden space 148480K, 0% used [0x00000007b5580000,0x00000007b5580000,0x00000007be680000)
  from space 13312K, 3% used [0x00000007bf300000,0x00000007bf364d98,0x00000007c0000000)
  to   space 12800K, 0% used [0x00000007be680000,0x00000007be680000,0x00000007bf300000)
 ParOldGen       total 349696K, used 11980K [0x00000007a0000000, 0x00000007b5580000, 0x00000007b5580000)
  object space 349696K, 3% used [0x00000007a0000000,0x00000007a0bb3060,0x00000007b5580000)
 Metaspace       used 5435K, capacity 5616K, committed 5760K, reserved 1056768K
  class space    used 580K, capacity 630K, committed 640K, reserved 1048576K
}
{Heap before GC invocations=23 (full 0):
 PSYoungGen      total 161792K, used 148546K [0x00000007b5580000, 0x00000007c0000000, 0x00000007c0000000)
  eden space 148480K, 99% used [0x00000007b5580000,0x00000007be62bce8,0x00000007be680000)
  from space 13312K, 3% used [0x00000007bf300000,0x00000007bf364d98,0x00000007c0000000)
  to   space 12800K, 0% used [0x00000007be680000,0x00000007be680000,0x00000007bf300000)
 ParOldGen       total 349696K, used 11980K [0x00000007a0000000, 0x00000007b5580000, 0x00000007b5580000)
  object space 349696K, 3% used [0x00000007a0000000,0x00000007a0bb3060,0x00000007b5580000)
 Metaspace       used 5435K, capacity 5616K, committed 5760K, reserved 1056768K
  class space    used 580K, capacity 630K, committed 640K, reserved 1048576K
2018-07-25T18:10:38.431-0800: 9.581: [GC (Allocation Failure) [PSYoungGen: 148546K->2059K(161280K)] 160526K->14055K(510976K), 0.0011191 secs] [Times: user=0.00 sys=0.00, real=0.00 secs] 
Heap after GC invocations=23 (full 0):
 PSYoungGen      total 161280K, used 2059K [0x00000007b5580000, 0x00000007c0000000, 0x00000007c0000000)
  eden space 148480K, 0% used [0x00000007b5580000,0x00000007b5580000,0x00000007be680000)
  from space 12800K, 16% used [0x00000007be680000,0x00000007be882d20,0x00000007bf300000)
  to   space 11776K, 0% used [0x00000007bf480000,0x00000007bf480000,0x00000007c0000000)
 ParOldGen       total 349696K, used 11996K [0x00000007a0000000, 0x00000007b5580000, 0x00000007b5580000)
  object space 349696K, 3% used [0x00000007a0000000,0x00000007a0bb7060,0x00000007b5580000)
 Metaspace       used 5435K, capacity 5616K, committed 5760K, reserved 1056768K
  class space    used 580K, capacity 630K, committed 640K, reserved 1048576K
}
{Heap before GC invocations=24 (full 0):
 PSYoungGen      total 161280K, used 140925K [0x00000007b5580000, 0x00000007c0000000, 0x00000007c0000000)
  eden space 148480K, 93% used [0x00000007b5580000,0x00000007bdd1ca80,0x00000007be680000)
  from space 12800K, 16% used [0x00000007be680000,0x00000007be882d20,0x00000007bf300000)
  to   space 11776K, 0% used [0x00000007bf480000,0x00000007bf480000,0x00000007c0000000)
 ParOldGen       total 349696K, used 11996K [0x00000007a0000000, 0x00000007b5580000, 0x00000007b5580000)
  object space 349696K, 3% used [0x00000007a0000000,0x00000007a0bb7060,0x00000007b5580000)
 Metaspace       used 5436K, capacity 5616K, committed 5760K, reserved 1056768K
  class space    used 580K, capacity 630K, committed 640K, reserved 1048576K
2018-07-25T18:10:39.128-0800: 10.278: [GC (Allocation Failure) [PSYoungGen: 140925K->96K(163328K)] 152922K->12092K(513024K), 0.0005158 secs] [Times: user=0.00 sys=0.00, real=0.00 secs] 
Heap after GC invocations=24 (full 0):
 PSYoungGen      total 163328K, used 96K [0x00000007b5580000, 0x00000007c0000000, 0x00000007c0000000)
  eden space 151552K, 0% used [0x00000007b5580000,0x00000007b5580000,0x00000007be980000)
  from space 11776K, 0% used [0x00000007bf480000,0x00000007bf498000,0x00000007c0000000)
  to   space 11264K, 0% used [0x00000007be980000,0x00000007be980000,0x00000007bf480000)
 ParOldGen       total 349696K, used 11996K [0x00000007a0000000, 0x00000007b5580000, 0x00000007b5580000)
  object space 349696K, 3% used [0x00000007a0000000,0x00000007a0bb7060,0x00000007b5580000)
 Metaspace       used 5436K, capacity 5616K, committed 5760K, reserved 1056768K
  class space    used 580K, capacity 630K, committed 640K, reserved 1048576K
}
{Heap before GC invocations=25 (full 0):
 PSYoungGen      total 163328K, used 149592K [0x00000007b5580000, 0x00000007c0000000, 0x00000007c0000000)
  eden space 151552K, 98% used [0x00000007b5580000,0x00000007be77e3a0,0x00000007be980000)
  from space 11776K, 0% used [0x00000007bf480000,0x00000007bf498000,0x00000007c0000000)
  to   space 11264K, 0% used [0x00000007be980000,0x00000007be980000,0x00000007bf480000)
 ParOldGen       total 349696K, used 11996K [0x00000007a0000000, 0x00000007b5580000, 0x00000007b5580000)
  object space 349696K, 3% used [0x00000007a0000000,0x00000007a0bb7060,0x00000007b5580000)
 Metaspace       used 5436K, capacity 5616K, committed 5760K, reserved 1056768K
  class space    used 580K, capacity 630K, committed 640K, reserved 1048576K
2018-07-25T18:10:39.992-0800: 11.142: [GC (Allocation Failure) [PSYoungGen: 149592K->96K(162816K)] 161589K->12100K(512512K), 0.0005396 secs] [Times: user=0.00 sys=0.00, real=0.00 secs] 
Heap after GC invocations=25 (full 0):
 PSYoungGen      total 162816K, used 96K [0x00000007b5580000, 0x00000007c0000000, 0x00000007c0000000)
  eden space 151552K, 0% used [0x00000007b5580000,0x00000007b5580000,0x00000007be980000)
  from space 11264K, 0% used [0x00000007be980000,0x00000007be998000,0x00000007bf480000)
  to   space 10752K, 0% used [0x00000007bf580000,0x00000007bf580000,0x00000007c0000000)
 ParOldGen       total 349696K, used 12004K [0x00000007a0000000, 0x00000007b5580000, 0x00000007b5580000)
  object space 349696K, 3% used [0x00000007a0000000,0x00000007a0bb9060,0x00000007b5580000)
 Metaspace       used 5436K, capacity 5616K, committed 5760K, reserved 1056768K
  class space    used 580K, capacity 630K, committed 640K, reserved 1048576K
}
{Heap before GC invocations=26 (full 0):
 PSYoungGen      total 162816K, used 149579K [0x00000007b5580000, 0x00000007c0000000, 0x00000007c0000000)
  eden space 151552K, 98% used [0x00000007b5580000,0x00000007be77aff0,0x00000007be980000)
  from space 11264K, 0% used [0x00000007be980000,0x00000007be998000,0x00000007bf480000)
  to   space 10752K, 0% used [0x00000007bf580000,0x00000007bf580000,0x00000007c0000000)
 ParOldGen       total 349696K, used 12004K [0x00000007a0000000, 0x00000007b5580000, 0x00000007b5580000)
  object space 349696K, 3% used [0x00000007a0000000,0x00000007a0bb9060,0x00000007b5580000)
 Metaspace       used 5436K, capacity 5616K, committed 5760K, reserved 1056768K
  class space    used 580K, capacity 630K, committed 640K, reserved 1048576K
2018-07-25T18:10:40.846-0800: 11.996: [GC (Allocation Failure) [PSYoungGen: 149579K->160K(164352K)] 161584K->12164K(514048K), 0.0005484 secs] [Times: user=0.00 sys=0.00, real=0.00 secs] 
Heap after GC invocations=26 (full 0):
 PSYoungGen      total 164352K, used 160K [0x00000007b5580000, 0x00000007c0000000, 0x00000007c0000000)
  eden space 153600K, 0% used [0x00000007b5580000,0x00000007b5580000,0x00000007beb80000)
  from space 10752K, 1% used [0x00000007bf580000,0x00000007bf5a8000,0x00000007c0000000)
  to   space 10240K, 0% used [0x00000007beb80000,0x00000007beb80000,0x00000007bf580000)
 ParOldGen       total 349696K, used 12004K [0x00000007a0000000, 0x00000007b5580000, 0x00000007b5580000)
  object space 349696K, 3% used [0x00000007a0000000,0x00000007a0bb9060,0x00000007b5580000)
 Metaspace       used 5436K, capacity 5616K, committed 5760K, reserved 1056768K
  class space    used 580K, capacity 630K, committed 640K, reserved 1048576K
}
{Heap before GC invocations=27 (full 0):
 PSYoungGen      total 164352K, used 149680K [0x00000007b5580000, 0x00000007c0000000, 0x00000007c0000000)
  eden space 153600K, 97% used [0x00000007b5580000,0x00000007be784200,0x00000007beb80000)
  from space 10752K, 1% used [0x00000007bf580000,0x00000007bf5a8000,0x00000007c0000000)
  to   space 10240K, 0% used [0x00000007beb80000,0x00000007beb80000,0x00000007bf580000)
 ParOldGen       total 349696K, used 12004K [0x00000007a0000000, 0x00000007b5580000, 0x00000007b5580000)
  object space 349696K, 3% used [0x00000007a0000000,0x00000007a0bb9060,0x00000007b5580000)
 Metaspace       used 5436K, capacity 5616K, committed 5760K, reserved 1056768K
  class space    used 580K, capacity 630K, committed 640K, reserved 1048576K
2018-07-25T18:10:41.706-0800: 12.856: [GC (Allocation Failure) [PSYoungGen: 149680K->32K(163840K)] 161684K->12036K(513536K), 0.0009274 secs] [Times: user=0.01 sys=0.00, real=0.00 secs] 
Heap after GC invocations=27 (full 0):
 PSYoungGen      total 163840K, used 32K [0x00000007b5580000, 0x00000007c0000000, 0x00000007c0000000)
  eden space 153600K, 0% used [0x00000007b5580000,0x00000007b5580000,0x00000007beb80000)
  from space 10240K, 0% used [0x00000007beb80000,0x00000007beb88000,0x00000007bf580000)
  to   space 9728K, 0% used [0x00000007bf680000,0x00000007bf680000,0x00000007c0000000)
 ParOldGen       total 349696K, used 12004K [0x00000007a0000000, 0x00000007b5580000, 0x00000007b5580000)
  object space 349696K, 3% used [0x00000007a0000000,0x00000007a0bb9060,0x00000007b5580000)
 Metaspace       used 5436K, capacity 5616K, committed 5760K, reserved 1056768K
  class space    used 580K, capacity 630K, committed 640K, reserved 1048576K
}
{Heap before GC invocations=28 (full 0):
 PSYoungGen      total 163840K, used 149551K [0x00000007b5580000, 0x00000007c0000000, 0x00000007c0000000)
  eden space 153600K, 97% used [0x00000007b5580000,0x00000007be783f38,0x00000007beb80000)
  from space 10240K, 0% used [0x00000007beb80000,0x00000007beb88000,0x00000007bf580000)
  to   space 9728K, 0% used [0x00000007bf680000,0x00000007bf680000,0x00000007c0000000)
 ParOldGen       total 349696K, used 12004K [0x00000007a0000000, 0x00000007b5580000, 0x00000007b5580000)
  object space 349696K, 3% used [0x00000007a0000000,0x00000007a0bb9060,0x00000007b5580000)
 Metaspace       used 5436K, capacity 5616K, committed 5760K, reserved 1056768K
  class space    used 580K, capacity 630K, committed 640K, reserved 1048576K
2018-07-25T18:10:42.560-0800: 13.710: [GC (Allocation Failure) [PSYoungGen: 149551K->119K(165376K)] 161555K->12123K(515072K), 0.0005862 secs] [Times: user=0.00 sys=0.00, real=0.00 secs] 
Heap after GC invocations=28 (full 0):
 PSYoungGen      total 165376K, used 119K [0x00000007b5580000, 0x00000007c0000000, 0x00000007c0000000)
  eden space 155648K, 0% used [0x00000007b5580000,0x00000007b5580000,0x00000007bed80000)
  from space 9728K, 1% used [0x00000007bf680000,0x00000007bf69dcc8,0x00000007c0000000)
  to   space 9216K, 0% used [0x00000007bed80000,0x00000007bed80000,0x00000007bf680000)
 ParOldGen       total 349696K, used 12004K [0x00000007a0000000, 0x00000007b5580000, 0x00000007b5580000)
  object space 349696K, 3% used [0x00000007a0000000,0x00000007a0bb9060,0x00000007b5580000)
 Metaspace       used 5436K, capacity 5616K, committed 5760K, reserved 1056768K
  class space    used 580K, capacity 630K, committed 640K, reserved 1048576K
}
{Heap before GC invocations=29 (full 0):
 PSYoungGen      total 165376K, used 149681K [0x00000007b5580000, 0x00000007c0000000, 0x00000007c0000000)
  eden space 155648K, 96% used [0x00000007b5580000,0x00000007be78e818,0x00000007bed80000)
  from space 9728K, 1% used [0x00000007bf680000,0x00000007bf69dcc8,0x00000007c0000000)
  to   space 9216K, 0% used [0x00000007bed80000,0x00000007bed80000,0x00000007bf680000)
 ParOldGen       total 349696K, used 12004K [0x00000007a0000000, 0x00000007b5580000, 0x00000007b5580000)
  object space 349696K, 3% used [0x00000007a0000000,0x00000007a0bb9060,0x00000007b5580000)
 Metaspace       used 5436K, capacity 5616K, committed 5760K, reserved 1056768K
  class space    used 580K, capacity 630K, committed 640K, reserved 1048576K
2018-07-25T18:10:43.493-0800: 14.643: [GC (Allocation Failure) [PSYoungGen: 149681K->64K(164864K)] 161685K->12068K(514560K), 0.0005986 secs] [Times: user=0.00 sys=0.00, real=0.00 secs] 
Heap after GC invocations=29 (full 0):
 PSYoungGen      total 164864K, used 64K [0x00000007b5580000, 0x00000007c0000000, 0x00000007c0000000)
  eden space 155648K, 0% used [0x00000007b5580000,0x00000007b5580000,0x00000007bed80000)
  from space 9216K, 0% used [0x00000007bed80000,0x00000007bed90000,0x00000007bf680000)
  to   space 8704K, 0% used [0x00000007bf780000,0x00000007bf780000,0x00000007c0000000)
 ParOldGen       total 349696K, used 12004K [0x00000007a0000000, 0x00000007b5580000, 0x00000007b5580000)
  object space 349696K, 3% used [0x00000007a0000000,0x00000007a0bb9060,0x00000007b5580000)
 Metaspace       used 5436K, capacity 5616K, committed 5760K, reserved 1056768K
  class space    used 580K, capacity 630K, committed 640K, reserved 1048576K
}
{Heap before GC invocations=30 (full 0):
 PSYoungGen      total 164864K, used 149629K [0x00000007b5580000, 0x00000007c0000000, 0x00000007c0000000)
  eden space 155648K, 96% used [0x00000007b5580000,0x00000007be78f438,0x00000007bed80000)
  from space 9216K, 0% used [0x00000007bed80000,0x00000007bed90000,0x00000007bf680000)
  to   space 8704K, 0% used [0x00000007bf780000,0x00000007bf780000,0x00000007c0000000)
 ParOldGen       total 349696K, used 12004K [0x00000007a0000000, 0x00000007b5580000, 0x00000007b5580000)
  object space 349696K, 3% used [0x00000007a0000000,0x00000007a0bb9060,0x00000007b5580000)
 Metaspace       used 5436K, capacity 5616K, committed 5760K, reserved 1056768K
  class space    used 580K, capacity 630K, committed 640K, reserved 1048576K
2018-07-25T18:10:44.360-0800: 15.510: [GC (Allocation Failure) [PSYoungGen: 149629K->161K(166400K)] 161633K->12165K(516096K), 0.0006241 secs] [Times: user=0.00 sys=0.00, real=0.00 secs] 
Heap after GC invocations=30 (full 0):
 PSYoungGen      total 166400K, used 161K [0x00000007b5580000, 0x00000007c0000000, 0x00000007c0000000)
  eden space 157696K, 0% used [0x00000007b5580000,0x00000007b5580000,0x00000007bef80000)
  from space 8704K, 1% used [0x00000007bf780000,0x00000007bf7a8518,0x00000007c0000000)
  to   space 8192K, 0% used [0x00000007bef80000,0x00000007bef80000,0x00000007bf780000)
 ParOldGen       total 349696K, used 12004K [0x00000007a0000000, 0x00000007b5580000, 0x00000007b5580000)
  object space 349696K, 3% used [0x00000007a0000000,0x00000007a0bb9060,0x00000007b5580000)
 Metaspace       used 5436K, capacity 5616K, committed 5760K, reserved 1056768K
  class space    used 580K, capacity 630K, committed 640K, reserved 1048576K
}
{Heap before GC invocations=31 (full 0):
 PSYoungGen      total 166400K, used 149771K [0x00000007b5580000, 0x00000007c0000000, 0x00000007c0000000)
  eden space 157696K, 94% used [0x00000007b5580000,0x00000007be79a730,0x00000007bef80000)
  from space 8704K, 1% used [0x00000007bf780000,0x00000007bf7a8518,0x00000007c0000000)
  to   space 8192K, 0% used [0x00000007bef80000,0x00000007bef80000,0x00000007bf780000)
 ParOldGen       total 349696K, used 12004K [0x00000007a0000000, 0x00000007b5580000, 0x00000007b5580000)
  object space 349696K, 3% used [0x00000007a0000000,0x00000007a0bb9060,0x00000007b5580000)
 Metaspace       used 5436K, capacity 5616K, committed 5760K, reserved 1056768K
  class space    used 580K, capacity 630K, committed 640K, reserved 1048576K
2018-07-25T18:10:45.244-0800: 16.394: [GC (Allocation Failure) [PSYoungGen: 149771K->102K(165888K)] 161775K->12106K(515584K), 0.0011214 secs] [Times: user=0.01 sys=0.00, real=0.00 secs] 
Heap after GC invocations=31 (full 0):
 PSYoungGen      total 165888K, used 102K [0x00000007b5580000, 0x00000007c0000000, 0x00000007c0000000)
  eden space 157696K, 0% used [0x00000007b5580000,0x00000007b5580000,0x00000007bef80000)
  from space 8192K, 1% used [0x00000007bef80000,0x00000007bef99940,0x00000007bf780000)
  to   space 7680K, 0% used [0x00000007bf880000,0x00000007bf880000,0x00000007c0000000)
 ParOldGen       total 349696K, used 12004K [0x00000007a0000000, 0x00000007b5580000, 0x00000007b5580000)
  object space 349696K, 3% used [0x00000007a0000000,0x00000007a0bb9060,0x00000007b5580000)
 Metaspace       used 5436K, capacity 5616K, committed 5760K, reserved 1056768K
  class space    used 580K, capacity 630K, committed 640K, reserved 1048576K
}
{Heap before GC invocations=32 (full 0):
 PSYoungGen      total 165888K, used 149716K [0x00000007b5580000, 0x00000007c0000000, 0x00000007c0000000)
  eden space 157696K, 94% used [0x00000007b5580000,0x00000007be79b9c0,0x00000007bef80000)
  from space 8192K, 1% used [0x00000007bef80000,0x00000007bef99940,0x00000007bf780000)
  to   space 7680K, 0% used [0x00000007bf880000,0x00000007bf880000,0x00000007c0000000)
 ParOldGen       total 349696K, used 12004K [0x00000007a0000000, 0x00000007b5580000, 0x00000007b5580000)
  object space 349696K, 3% used [0x00000007a0000000,0x00000007a0bb9060,0x00000007b5580000)
 Metaspace       used 5436K, capacity 5616K, committed 5760K, reserved 1056768K
  class space    used 580K, capacity 630K, committed 640K, reserved 1048576K
2018-07-25T18:10:46.211-0800: 17.361: [GC (Allocation Failure) [PSYoungGen: 149716K->171K(167424K)] 161720K->12175K(517120K), 0.0006606 secs] [Times: user=0.00 sys=0.00, real=0.00 secs] 
Heap after GC invocations=32 (full 0):
 PSYoungGen      total 167424K, used 171K [0x00000007b5580000, 0x00000007c0000000, 0x00000007c0000000)
  eden space 159744K, 0% used [0x00000007b5580000,0x00000007b5580000,0x00000007bf180000)
  from space 7680K, 2% used [0x00000007bf880000,0x00000007bf8aad68,0x00000007c0000000)
  to   space 7168K, 0% used [0x00000007bf180000,0x00000007bf180000,0x00000007bf880000)
 ParOldGen       total 349696K, used 12004K [0x00000007a0000000, 0x00000007b5580000, 0x00000007b5580000)
  object space 349696K, 3% used [0x00000007a0000000,0x00000007a0bb9060,0x00000007b5580000)
 Metaspace       used 5436K, capacity 5616K, committed 5760K, reserved 1056768K
  class space    used 580K, capacity 630K, committed 640K, reserved 1048576K
}
{Heap before GC invocations=33 (full 0):
 PSYoungGen      total 167424K, used 153103K [0x00000007b5580000, 0x00000007c0000000, 0x00000007c0000000)
  eden space 159744K, 95% used [0x00000007b5580000,0x00000007bead9060,0x00000007bf180000)
  from space 7680K, 2% used [0x00000007bf880000,0x00000007bf8aad68,0x00000007c0000000)
  to   space 7168K, 0% used [0x00000007bf180000,0x00000007bf180000,0x00000007bf880000)
 ParOldGen       total 349696K, used 12004K [0x00000007a0000000, 0x00000007b5580000, 0x00000007b5580000)
  object space 349696K, 3% used [0x00000007a0000000,0x00000007a0bb9060,0x00000007b5580000)
 Metaspace       used 5436K, capacity 5616K, committed 5760K, reserved 1056768K
  class space    used 580K, capacity 630K, committed 640K, reserved 1048576K
2018-07-25T18:10:47.095-0800: 18.245: [GC (Allocation Failure) [PSYoungGen: 153103K->112K(166912K)] 165107K->12116K(516608K), 0.0004304 secs] [Times: user=0.01 sys=0.00, real=0.00 secs] 
Heap after GC invocations=33 (full 0):
 PSYoungGen      total 166912K, used 112K [0x00000007b5580000, 0x00000007c0000000, 0x00000007c0000000)
  eden space 159744K, 0% used [0x00000007b5580000,0x00000007b5580000,0x00000007bf180000)
  from space 7168K, 1% used [0x00000007bf180000,0x00000007bf19c190,0x00000007bf880000)
  to   space 6656K, 0% used [0x00000007bf980000,0x00000007bf980000,0x00000007c0000000)
 ParOldGen       total 349696K, used 12004K [0x00000007a0000000, 0x00000007b5580000, 0x00000007b5580000)
  object space 349696K, 3% used [0x00000007a0000000,0x00000007a0bb9060,0x00000007b5580000)
 Metaspace       used 5436K, capacity 5616K, committed 5760K, reserved 1056768K
  class space    used 580K, capacity 630K, committed 640K, reserved 1048576K
}
{Heap before GC invocations=34 (full 0):
 PSYoungGen      total 166912K, used 153010K [0x00000007b5580000, 0x00000007c0000000, 0x00000007c0000000)
  eden space 159744K, 95% used [0x00000007b5580000,0x00000007bead06b0,0x00000007bf180000)
  from space 7168K, 1% used [0x00000007bf180000,0x00000007bf19c190,0x00000007bf880000)
  to   space 6656K, 0% used [0x00000007bf980000,0x00000007bf980000,0x00000007c0000000)
 ParOldGen       total 349696K, used 12004K [0x00000007a0000000, 0x00000007b5580000, 0x00000007b5580000)
  object space 349696K, 3% used [0x00000007a0000000,0x00000007a0bb9060,0x00000007b5580000)
 Metaspace       used 5436K, capacity 5616K, committed 5760K, reserved 1056768K
  class space    used 580K, capacity 630K, committed 640K, reserved 1048576K
2018-07-25T18:10:47.976-0800: 19.126: [GC (Allocation Failure) [PSYoungGen: 153010K->149K(167936K)] 165014K->12153K(517632K), 0.0004471 secs] [Times: user=0.00 sys=0.00, real=0.00 secs] 
Heap after GC invocations=34 (full 0):
 PSYoungGen      total 167936K, used 149K [0x00000007b5580000, 0x00000007c0000000, 0x00000007c0000000)
  eden space 161280K, 0% used [0x00000007b5580000,0x00000007b5580000,0x00000007bf300000)
  from space 6656K, 2% used [0x00000007bf980000,0x00000007bf9a55b8,0x00000007c0000000)
  to   space 6656K, 0% used [0x00000007bf300000,0x00000007bf300000,0x00000007bf980000)
 ParOldGen       total 349696K, used 12004K [0x00000007a0000000, 0x00000007b5580000, 0x00000007b5580000)
  object space 349696K, 3% used [0x00000007a0000000,0x00000007a0bb9060,0x00000007b5580000)
 Metaspace       used 5436K, capacity 5616K, committed 5760K, reserved 1056768K
  class space    used 580K, capacity 630K, committed 640K, reserved 1048576K
}
{Heap before GC invocations=35 (full 0):
 PSYoungGen      total 167936K, used 153134K [0x00000007b5580000, 0x00000007c0000000, 0x00000007c0000000)
  eden space 161280K, 94% used [0x00000007b5580000,0x00000007beae64a0,0x00000007bf300000)
  from space 6656K, 2% used [0x00000007bf980000,0x00000007bf9a55b8,0x00000007c0000000)
  to   space 6656K, 0% used [0x00000007bf300000,0x00000007bf300000,0x00000007bf980000)
 ParOldGen       total 349696K, used 12004K [0x00000007a0000000, 0x00000007b5580000, 0x00000007b5580000)
  object space 349696K, 3% used [0x00000007a0000000,0x00000007a0bb9060,0x00000007b5580000)
 Metaspace       used 5436K, capacity 5616K, committed 5760K, reserved 1056768K
  class space    used 580K, capacity 630K, committed 640K, reserved 1048576K
2018-07-25T18:10:48.857-0800: 20.007: [GC (Allocation Failure) [PSYoungGen: 153134K->154K(167936K)] 165138K->12158K(517632K), 0.0005863 secs] [Times: user=0.00 sys=0.01, real=0.00 secs] 
Heap after GC invocations=35 (full 0):
 PSYoungGen      total 167936K, used 154K [0x00000007b5580000, 0x00000007c0000000, 0x00000007c0000000)
  eden space 161280K, 0% used [0x00000007b5580000,0x00000007b5580000,0x00000007bf300000)
  from space 6656K, 2% used [0x00000007bf300000,0x00000007bf3269e0,0x00000007bf980000)
  to   space 6144K, 0% used [0x00000007bfa00000,0x00000007bfa00000,0x00000007c0000000)
 ParOldGen       total 349696K, used 12004K [0x00000007a0000000, 0x00000007b5580000, 0x00000007b5580000)
  object space 349696K, 3% used [0x00000007a0000000,0x00000007a0bb9060,0x00000007b5580000)
 Metaspace       used 5436K, capacity 5616K, committed 5760K, reserved 1056768K
  class space    used 580K, capacity 630K, committed 640K, reserved 1048576K
}
{Heap before GC invocations=36 (full 0):
 PSYoungGen      total 167936K, used 153129K [0x00000007b5580000, 0x00000007c0000000, 0x00000007c0000000)
  eden space 161280K, 94% used [0x00000007b5580000,0x00000007beae3dd0,0x00000007bf300000)
  from space 6656K, 2% used [0x00000007bf300000,0x00000007bf3269e0,0x00000007bf980000)
  to   space 6144K, 0% used [0x00000007bfa00000,0x00000007bfa00000,0x00000007c0000000)
 ParOldGen       total 349696K, used 12004K [0x00000007a0000000, 0x00000007b5580000, 0x00000007b5580000)
  object space 349696K, 3% used [0x00000007a0000000,0x00000007a0bb9060,0x00000007b5580000)
 Metaspace       used 5436K, capacity 5616K, committed 5760K, reserved 1056768K
  class space    used 580K, capacity 630K, committed 640K, reserved 1048576K
2018-07-25T18:10:49.742-0800: 20.892: [GC (Allocation Failure) [PSYoungGen: 153129K->159K(168960K)] 165134K->12163K(518656K), 0.0006357 secs] [Times: user=0.00 sys=0.00, real=0.00 secs] 
Heap after GC invocations=36 (full 0):
 PSYoungGen      total 168960K, used 159K [0x00000007b5580000, 0x00000007c0000000, 0x00000007c0000000)
  eden space 162816K, 0% used [0x00000007b5580000,0x00000007b5580000,0x00000007bf480000)
  from space 6144K, 2% used [0x00000007bfa00000,0x00000007bfa27e08,0x00000007c0000000)
  to   space 5632K, 0% used [0x00000007bf480000,0x00000007bf480000,0x00000007bfa00000)
 ParOldGen       total 349696K, used 12004K [0x00000007a0000000, 0x00000007b5580000, 0x00000007b5580000)
  object space 349696K, 3% used [0x00000007a0000000,0x00000007a0bb9060,0x00000007b5580000)
 Metaspace       used 5436K, capacity 5616K, committed 5760K, reserved 1056768K
  class space    used 580K, capacity 630K, committed 640K, reserved 1048576K
}
{Heap before GC invocations=37 (full 0):
 PSYoungGen      total 168960K, used 162894K [0x00000007b5580000, 0x00000007c0000000, 0x00000007c0000000)
  eden space 162816K, 99% used [0x00000007b5580000,0x00000007bf46bd70,0x00000007bf480000)
  from space 6144K, 2% used [0x00000007bfa00000,0x00000007bfa27e08,0x00000007c0000000)
  to   space 5632K, 0% used [0x00000007bf480000,0x00000007bf480000,0x00000007bfa00000)
 ParOldGen       total 349696K, used 12004K [0x00000007a0000000, 0x00000007b5580000, 0x00000007b5580000)
  object space 349696K, 3% used [0x00000007a0000000,0x00000007a0bb9060,0x00000007b5580000)
 Metaspace       used 5436K, capacity 5616K, committed 5760K, reserved 1056768K
  class space    used 580K, capacity 630K, committed 640K, reserved 1048576K
2018-07-25T18:10:50.703-0800: 21.853: [GC (Allocation Failure) [PSYoungGen: 162894K->228K(168448K)] 174898K->12232K(518144K), 0.0010429 secs] [Times: user=0.01 sys=0.00, real=0.00 secs] 
Heap after GC invocations=37 (full 0):
 PSYoungGen      total 168448K, used 228K [0x00000007b5580000, 0x00000007c0000000, 0x00000007c0000000)
  eden space 162816K, 0% used [0x00000007b5580000,0x00000007b5580000,0x00000007bf480000)
  from space 5632K, 4% used [0x00000007bf480000,0x00000007bf4b9388,0x00000007bfa00000)
  to   space 5120K, 0% used [0x00000007bfb00000,0x00000007bfb00000,0x00000007c0000000)
 ParOldGen       total 349696K, used 12004K [0x00000007a0000000, 0x00000007b5580000, 0x00000007b5580000)
  object space 349696K, 3% used [0x00000007a0000000,0x00000007a0bb9060,0x00000007b5580000)
 Metaspace       used 5436K, capacity 5616K, committed 5760K, reserved 1056768K
  class space    used 580K, capacity 630K, committed 640K, reserved 1048576K
}
{Heap before GC invocations=38 (full 0):
 PSYoungGen      total 168448K, used 162899K [0x00000007b5580000, 0x00000007c0000000, 0x00000007c0000000)
  eden space 162816K, 99% used [0x00000007b5580000,0x00000007bf45b880,0x00000007bf480000)
  from space 5632K, 4% used [0x00000007bf480000,0x00000007bf4b9388,0x00000007bfa00000)
  to   space 5120K, 0% used [0x00000007bfb00000,0x00000007bfb00000,0x00000007c0000000)
 ParOldGen       total 349696K, used 12004K [0x00000007a0000000, 0x00000007b5580000, 0x00000007b5580000)
  object space 349696K, 3% used [0x00000007a0000000,0x00000007a0bb9060,0x00000007b5580000)
 Metaspace       used 5436K, capacity 5616K, committed 5760K, reserved 1056768K
  class space    used 580K, capacity 630K, committed 640K, reserved 1048576K
2018-07-25T18:10:51.671-0800: 22.821: [GC (Allocation Failure) [PSYoungGen: 162899K->170K(169472K)] 174903K->12190K(519168K), 0.0005746 secs] [Times: user=0.01 sys=0.00, real=0.00 secs] 
Heap after GC invocations=38 (full 0):
 PSYoungGen      total 169472K, used 170K [0x00000007b5580000, 0x00000007c0000000, 0x00000007c0000000)
  eden space 164352K, 0% used [0x00000007b5580000,0x00000007b5580000,0x00000007bf600000)
  from space 5120K, 3% used [0x00000007bfb00000,0x00000007bfb2a908,0x00000007c0000000)
  to   space 5120K, 0% used [0x00000007bf600000,0x00000007bf600000,0x00000007bfb00000)
 ParOldGen       total 349696K, used 12020K [0x00000007a0000000, 0x00000007b5580000, 0x00000007b5580000)
  object space 349696K, 3% used [0x00000007a0000000,0x00000007a0bbd060,0x00000007b5580000)
 Metaspace       used 5436K, capacity 5616K, committed 5760K, reserved 1056768K
  class space    used 580K, capacity 630K, committed 640K, reserved 1048576K
}
{Heap before GC invocations=39 (full 0):
 PSYoungGen      total 169472K, used 163220K [0x00000007b5580000, 0x00000007c0000000, 0x00000007c0000000)
  eden space 164352K, 99% used [0x00000007b5580000,0x00000007bf4ba908,0x00000007bf600000)
  from space 5120K, 3% used [0x00000007bfb00000,0x00000007bfb2a908,0x00000007c0000000)
  to   space 5120K, 0% used [0x00000007bf600000,0x00000007bf600000,0x00000007bfb00000)
 ParOldGen       total 349696K, used 12020K [0x00000007a0000000, 0x00000007b5580000, 0x00000007b5580000)
  object space 349696K, 3% used [0x00000007a0000000,0x00000007a0bbd060,0x00000007b5580000)
 Metaspace       used 5436K, capacity 5616K, committed 5760K, reserved 1056768K
  class space    used 580K, capacity 630K, committed 640K, reserved 1048576K
2018-07-25T18:10:52.594-0800: 23.744: [GC (Allocation Failure) [PSYoungGen: 163220K->175K(169472K)] 175240K->12195K(519168K), 0.0005429 secs] [Times: user=0.01 sys=0.00, real=0.00 secs] 
Heap after GC invocations=39 (full 0):
 PSYoungGen      total 169472K, used 175K [0x00000007b5580000, 0x00000007c0000000, 0x00000007c0000000)
  eden space 164352K, 0% used [0x00000007b5580000,0x00000007b5580000,0x00000007bf600000)
  from space 5120K, 3% used [0x00000007bf600000,0x00000007bf62be88,0x00000007bfb00000)
  to   space 4608K, 0% used [0x00000007bfb80000,0x00000007bfb80000,0x00000007c0000000)
 ParOldGen       total 349696K, used 12020K [0x00000007a0000000, 0x00000007b5580000, 0x00000007b5580000)
  object space 349696K, 3% used [0x00000007a0000000,0x00000007a0bbd060,0x00000007b5580000)
 Metaspace       used 5436K, capacity 5616K, committed 5760K, reserved 1056768K
  class space    used 580K, capacity 630K, committed 640K, reserved 1048576K
}
{Heap before GC invocations=40 (full 0):
 PSYoungGen      total 169472K, used 162925K [0x00000007b5580000, 0x00000007c0000000, 0x00000007c0000000)
  eden space 164352K, 99% used [0x00000007b5580000,0x00000007bf46f8c0,0x00000007bf600000)
  from space 5120K, 3% used [0x00000007bf600000,0x00000007bf62be88,0x00000007bfb00000)
  to   space 4608K, 0% used [0x00000007bfb80000,0x00000007bfb80000,0x00000007c0000000)
 ParOldGen       total 349696K, used 12020K [0x00000007a0000000, 0x00000007b5580000, 0x00000007b5580000)
  object space 349696K, 3% used [0x00000007a0000000,0x00000007a0bbd060,0x00000007b5580000)
 Metaspace       used 5436K, capacity 5616K, committed 5760K, reserved 1056768K
  class space    used 580K, capacity 630K, committed 640K, reserved 1048576K
2018-07-25T18:10:53.515-0800: 24.665: [GC (Allocation Failure) [PSYoungGen: 162925K->181K(170496K)] 174945K->12201K(520192K), 0.0011250 secs] [Times: user=0.01 sys=0.00, real=0.00 secs] 
Heap after GC invocations=40 (full 0):
 PSYoungGen      total 170496K, used 181K [0x00000007b5580000, 0x00000007c0000000, 0x00000007c0000000)
  eden space 165888K, 0% used [0x00000007b5580000,0x00000007b5580000,0x00000007bf780000)
  from space 4608K, 3% used [0x00000007bfb80000,0x00000007bfbad408,0x00000007c0000000)
  to   space 4096K, 0% used [0x00000007bf780000,0x00000007bf780000,0x00000007bfb80000)
 ParOldGen       total 349696K, used 12020K [0x00000007a0000000, 0x00000007b5580000, 0x00000007b5580000)
  object space 349696K, 3% used [0x00000007a0000000,0x00000007a0bbd060,0x00000007b5580000)
 Metaspace       used 5436K, capacity 5616K, committed 5760K, reserved 1056768K
  class space    used 580K, capacity 630K, committed 640K, reserved 1048576K
}
{Heap before GC invocations=41 (full 0):
 PSYoungGen      total 170496K, used 163176K [0x00000007b5580000, 0x00000007c0000000, 0x00000007c0000000)
  eden space 165888K, 98% used [0x00000007b5580000,0x00000007bf4ace68,0x00000007bf780000)
  from space 4608K, 3% used [0x00000007bfb80000,0x00000007bfbad408,0x00000007c0000000)
  to   space 4096K, 0% used [0x00000007bf780000,0x00000007bf780000,0x00000007bfb80000)
 ParOldGen       total 349696K, used 12020K [0x00000007a0000000, 0x00000007b5580000, 0x00000007b5580000)
  object space 349696K, 3% used [0x00000007a0000000,0x00000007a0bbd060,0x00000007b5580000)
 Metaspace       used 5436K, capacity 5616K, committed 5760K, reserved 1056768K
  class space    used 580K, capacity 630K, committed 640K, reserved 1048576K
2018-07-25T18:10:54.469-0800: 25.620: [GC (Allocation Failure) [PSYoungGen: 163176K->186K(169984K)] 175196K->12206K(519680K), 0.0004365 secs] [Times: user=0.00 sys=0.00, real=0.01 secs] 
Heap after GC invocations=41 (full 0):
 PSYoungGen      total 169984K, used 186K [0x00000007b5580000, 0x00000007c0000000, 0x00000007c0000000)
  eden space 165888K, 0% used [0x00000007b5580000,0x00000007b5580000,0x00000007bf780000)
  from space 4096K, 4% used [0x00000007bf780000,0x00000007bf7ae988,0x00000007bfb80000)
  to   space 4096K, 0% used [0x00000007bfc00000,0x00000007bfc00000,0x00000007c0000000)
 ParOldGen       total 349696K, used 12020K [0x00000007a0000000, 0x00000007b5580000, 0x00000007b5580000)
  object space 349696K, 3% used [0x00000007a0000000,0x00000007a0bbd060,0x00000007b5580000)
 Metaspace       used 5436K, capacity 5616K, committed 5760K, reserved 1056768K
  class space    used 580K, capacity 630K, committed 640K, reserved 1048576K
}
{Heap before GC invocations=42 (full 0):
 PSYoungGen      total 169984K, used 163112K [0x00000007b5580000, 0x00000007c0000000, 0x00000007c0000000)
  eden space 165888K, 98% used [0x00000007b5580000,0x00000007bf49b8b8,0x00000007bf780000)
  from space 4096K, 4% used [0x00000007bf780000,0x00000007bf7ae988,0x00000007bfb80000)
  to   space 4096K, 0% used [0x00000007bfc00000,0x00000007bfc00000,0x00000007c0000000)
 ParOldGen       total 349696K, used 12020K [0x00000007a0000000, 0x00000007b5580000, 0x00000007b5580000)
  object space 349696K, 3% used [0x00000007a0000000,0x00000007a0bbd060,0x00000007b5580000)
 Metaspace       used 5436K, capacity 5616K, committed 5760K, reserved 1056768K
  class space    used 580K, capacity 630K, committed 640K, reserved 1048576K
2018-07-25T18:10:55.438-0800: 26.588: [GC (Allocation Failure) [PSYoungGen: 163112K->223K(171008K)] 175132K->12243K(520704K), 0.0004639 secs] [Times: user=0.00 sys=0.00, real=0.00 secs] 
Heap after GC invocations=42 (full 0):
 PSYoungGen      total 171008K, used 223K [0x00000007b5580000, 0x00000007c0000000, 0x00000007c0000000)
  eden space 166912K, 0% used [0x00000007b5580000,0x00000007b5580000,0x00000007bf880000)
  from space 4096K, 5% used [0x00000007bfc00000,0x00000007bfc37f08,0x00000007c0000000)
  to   space 3584K, 0% used [0x00000007bf880000,0x00000007bf880000,0x00000007bfc00000)
 ParOldGen       total 349696K, used 12020K [0x00000007a0000000, 0x00000007b5580000, 0x00000007b5580000)
  object space 349696K, 3% used [0x00000007a0000000,0x00000007a0bbd060,0x00000007b5580000)
 Metaspace       used 5436K, capacity 5616K, committed 5760K, reserved 1056768K
  class space    used 580K, capacity 630K, committed 640K, reserved 1048576K
}
{Heap before GC invocations=43 (full 0):
 PSYoungGen      total 171008K, used 166722K [0x00000007b5580000, 0x00000007c0000000, 0x00000007c0000000)
  eden space 166912K, 99% used [0x00000007b5580000,0x00000007bf818bd8,0x00000007bf880000)
  from space 4096K, 5% used [0x00000007bfc00000,0x00000007bfc37f08,0x00000007c0000000)
  to   space 3584K, 0% used [0x00000007bf880000,0x00000007bf880000,0x00000007bfc00000)
 ParOldGen       total 349696K, used 12020K [0x00000007a0000000, 0x00000007b5580000, 0x00000007b5580000)
  object space 349696K, 3% used [0x00000007a0000000,0x00000007a0bbd060,0x00000007b5580000)
 Metaspace       used 5436K, capacity 5616K, committed 5760K, reserved 1056768K
  class space    used 580K, capacity 630K, committed 640K, reserved 1048576K
2018-07-25T18:10:56.461-0800: 27.612: [GC (Allocation Failure) [PSYoungGen: 166722K->197K(170496K)] 178742K->12217K(520192K), 0.0010100 secs] [Times: user=0.00 sys=0.00, real=0.00 secs] 
Heap after GC invocations=43 (full 0):
 PSYoungGen      total 170496K, used 197K [0x00000007b5580000, 0x00000007c0000000, 0x00000007c0000000)
  eden space 166912K, 0% used [0x00000007b5580000,0x00000007b5580000,0x00000007bf880000)
  from space 3584K, 5% used [0x00000007bf880000,0x00000007bf8b1488,0x00000007bfc00000)
  to   space 3584K, 0% used [0x00000007bfc80000,0x00000007bfc80000,0x00000007c0000000)
 ParOldGen       total 349696K, used 12020K [0x00000007a0000000, 0x00000007b5580000, 0x00000007b5580000)
  object space 349696K, 3% used [0x00000007a0000000,0x00000007a0bbd060,0x00000007b5580000)
 Metaspace       used 5436K, capacity 5616K, committed 5760K, reserved 1056768K
  class space    used 580K, capacity 630K, committed 640K, reserved 1048576K
}
{Heap before GC invocations=44 (full 0):
 PSYoungGen      total 170496K, used 167043K [0x00000007b5580000, 0x00000007c0000000, 0x00000007c0000000)
  eden space 166912K, 99% used [0x00000007b5580000,0x00000007bf86fb48,0x00000007bf880000)
  from space 3584K, 5% used [0x00000007bf880000,0x00000007bf8b1488,0x00000007bfc00000)
  to   space 3584K, 0% used [0x00000007bfc80000,0x00000007bfc80000,0x00000007c0000000)
 ParOldGen       total 349696K, used 12020K [0x00000007a0000000, 0x00000007b5580000, 0x00000007b5580000)
  object space 349696K, 3% used [0x00000007a0000000,0x00000007a0bbd060,0x00000007b5580000)
 Metaspace       used 5436K, capacity 5616K, committed 5760K, reserved 1056768K
  class space    used 580K, capacity 630K, committed 640K, reserved 1048576K
2018-07-25T18:10:57.480-0800: 28.630: [GC (Allocation Failure) [PSYoungGen: 167043K->234K(171520K)] 179064K->12254K(521216K), 0.0004497 secs] [Times: user=0.00 sys=0.00, real=0.00 secs] 
Heap after GC invocations=44 (full 0):
 PSYoungGen      total 171520K, used 234K [0x00000007b5580000, 0x00000007c0000000, 0x00000007c0000000)
  eden space 167936K, 0% used [0x00000007b5580000,0x00000007b5580000,0x00000007bf980000)
  from space 3584K, 6% used [0x00000007bfc80000,0x00000007bfcbaa08,0x00000007c0000000)
  to   space 3072K, 0% used [0x00000007bf980000,0x00000007bf980000,0x00000007bfc80000)
 ParOldGen       total 349696K, used 12020K [0x00000007a0000000, 0x00000007b5580000, 0x00000007b5580000)
  object space 349696K, 3% used [0x00000007a0000000,0x00000007a0bbd060,0x00000007b5580000)
 Metaspace       used 5436K, capacity 5616K, committed 5760K, reserved 1056768K
  class space    used 580K, capacity 630K, committed 640K, reserved 1048576K
}
{Heap before GC invocations=45 (full 0):
 PSYoungGen      total 171520K, used 164135K [0x00000007b5580000, 0x00000007c0000000, 0x00000007c0000000)
  eden space 167936K, 97% used [0x00000007b5580000,0x00000007bf58f440,0x00000007bf980000)
  from space 3584K, 6% used [0x00000007bfc80000,0x00000007bfcbaa08,0x00000007c0000000)
  to   space 3072K, 0% used [0x00000007bf980000,0x00000007bf980000,0x00000007bfc80000)
 ParOldGen       total 349696K, used 12020K [0x00000007a0000000, 0x00000007b5580000, 0x00000007b5580000)
  object space 349696K, 3% used [0x00000007a0000000,0x00000007a0bbd060,0x00000007b5580000)
 Metaspace       used 5436K, capacity 5616K, committed 5760K, reserved 1056768K
  class space    used 580K, capacity 630K, committed 640K, reserved 1048576K
2018-07-25T18:10:58.426-0800: 29.577: [GC (Allocation Failure) [PSYoungGen: 164135K->207K(171008K)] 176155K->12227K(520704K), 0.0006782 secs] [Times: user=0.00 sys=0.00, real=0.00 secs] 
Heap after GC invocations=45 (full 0):
 PSYoungGen      total 171008K, used 207K [0x00000007b5580000, 0x00000007c0000000, 0x00000007c0000000)
  eden space 167936K, 0% used [0x00000007b5580000,0x00000007b5580000,0x00000007bf980000)
  from space 3072K, 6% used [0x00000007bf980000,0x00000007bf9b3f88,0x00000007bfc80000)
  to   space 3072K, 0% used [0x00000007bfd00000,0x00000007bfd00000,0x00000007c0000000)
 ParOldGen       total 349696K, used 12020K [0x00000007a0000000, 0x00000007b5580000, 0x00000007b5580000)
  object space 349696K, 3% used [0x00000007a0000000,0x00000007a0bbd060,0x00000007b5580000)
 Metaspace       used 5436K, capacity 5616K, committed 5760K, reserved 1056768K
  class space    used 580K, capacity 630K, committed 640K, reserved 1048576K
}
{Heap before GC invocations=46 (full 0):
 PSYoungGen      total 171008K, used 166857K [0x00000007b5580000, 0x00000007c0000000, 0x00000007c0000000)
  eden space 167936K, 99% used [0x00000007b5580000,0x00000007bf83e7f0,0x00000007bf980000)
  from space 3072K, 6% used [0x00000007bf980000,0x00000007bf9b3f88,0x00000007bfc80000)
  to   space 3072K, 0% used [0x00000007bfd00000,0x00000007bfd00000,0x00000007c0000000)
 ParOldGen       total 349696K, used 12020K [0x00000007a0000000, 0x00000007b5580000, 0x00000007b5580000)
  object space 349696K, 3% used [0x00000007a0000000,0x00000007a0bbd060,0x00000007b5580000)
 Metaspace       used 5436K, capacity 5616K, committed 5760K, reserved 1056768K
  class space    used 580K, capacity 630K, committed 640K, reserved 1048576K
2018-07-25T18:10:59.356-0800: 30.506: [GC (Allocation Failure) [PSYoungGen: 166857K->181K(172032K)] 178877K->12217K(521728K), 0.0004050 secs] [Times: user=0.00 sys=0.01, real=0.00 secs] 
Heap after GC invocations=46 (full 0):
 PSYoungGen      total 172032K, used 181K [0x00000007b5580000, 0x00000007c0000000, 0x00000007c0000000)
  eden space 168960K, 0% used [0x00000007b5580000,0x00000007b5580000,0x00000007bfa80000)
  from space 3072K, 5% used [0x00000007bfd00000,0x00000007bfd2d508,0x00000007c0000000)
  to   space 2560K, 0% used [0x00000007bfa80000,0x00000007bfa80000,0x00000007bfd00000)
 ParOldGen       total 349696K, used 12036K [0x00000007a0000000, 0x00000007b5580000, 0x00000007b5580000)
  object space 349696K, 3% used [0x00000007a0000000,0x00000007a0bc1060,0x00000007b5580000)
 Metaspace       used 5436K, capacity 5616K, committed 5760K, reserved 1056768K
  class space    used 580K, capacity 630K, committed 640K, reserved 1048576K
}
{Heap before GC invocations=47 (full 0):
 PSYoungGen      total 172032K, used 167201K [0x00000007b5580000, 0x00000007c0000000, 0x00000007c0000000)
  eden space 168960K, 98% used [0x00000007b5580000,0x00000007bf89b060,0x00000007bfa80000)
  from space 3072K, 5% used [0x00000007bfd00000,0x00000007bfd2d508,0x00000007c0000000)
  to   space 2560K, 0% used [0x00000007bfa80000,0x00000007bfa80000,0x00000007bfd00000)
 ParOldGen       total 349696K, used 12036K [0x00000007a0000000, 0x00000007b5580000, 0x00000007b5580000)
  object space 349696K, 3% used [0x00000007a0000000,0x00000007a0bc1060,0x00000007b5580000)
 Metaspace       used 5436K, capacity 5616K, committed 5760K, reserved 1056768K
  class space    used 580K, capacity 630K, committed 640K, reserved 1048576K
2018-07-25T18:11:00.292-0800: 31.442: [GC (Allocation Failure) [PSYoungGen: 167201K->218K(171520K)] 179237K->12254K(521216K), 0.0005764 secs] [Times: user=0.00 sys=0.00, real=0.00 secs] 
Heap after GC invocations=47 (full 0):
 PSYoungGen      total 171520K, used 218K [0x00000007b5580000, 0x00000007c0000000, 0x00000007c0000000)
  eden space 168960K, 0% used [0x00000007b5580000,0x00000007b5580000,0x00000007bfa80000)
  from space 2560K, 8% used [0x00000007bfa80000,0x00000007bfab6a88,0x00000007bfd00000)
  to   space 2560K, 0% used [0x00000007bfd80000,0x00000007bfd80000,0x00000007c0000000)
 ParOldGen       total 349696K, used 12036K [0x00000007a0000000, 0x00000007b5580000, 0x00000007b5580000)
  object space 349696K, 3% used [0x00000007a0000000,0x00000007a0bc1060,0x00000007b5580000)
 Metaspace       used 5436K, capacity 5616K, committed 5760K, reserved 1056768K
  class space    used 580K, capacity 630K, committed 640K, reserved 1048576K
}
{Heap before GC invocations=48 (full 0):
 PSYoungGen      total 171520K, used 165168K [0x00000007b5580000, 0x00000007c0000000, 0x00000007c0000000)
  eden space 168960K, 97% used [0x00000007b5580000,0x00000007bf695740,0x00000007bfa80000)
  from space 2560K, 8% used [0x00000007bfa80000,0x00000007bfab6a88,0x00000007bfd00000)
  to   space 2560K, 0% used [0x00000007bfd80000,0x00000007bfd80000,0x00000007c0000000)
 ParOldGen       total 349696K, used 12036K [0x00000007a0000000, 0x00000007b5580000, 0x00000007b5580000)
  object space 349696K, 3% used [0x00000007a0000000,0x00000007a0bc1060,0x00000007b5580000)
 Metaspace       used 5436K, capacity 5616K, committed 5760K, reserved 1056768K
  class space    used 580K, capacity 630K, committed 640K, reserved 1048576K
2018-07-25T18:11:01.233-0800: 32.383: [GC (Allocation Failure) [PSYoungGen: 165168K->224K(172032K)] 177204K->12260K(521728K), 0.0005637 secs] [Times: user=0.00 sys=0.00, real=0.00 secs] 
Heap after GC invocations=48 (full 0):
 PSYoungGen      total 172032K, used 224K [0x00000007b5580000, 0x00000007c0000000, 0x00000007c0000000)
  eden space 169472K, 0% used [0x00000007b5580000,0x00000007b5580000,0x00000007bfb00000)
  from space 2560K, 8% used [0x00000007bfd80000,0x00000007bfdb8008,0x00000007c0000000)
  to   space 2560K, 0% used [0x00000007bfb00000,0x00000007bfb00000,0x00000007bfd80000)
 ParOldGen       total 349696K, used 12036K [0x00000007a0000000, 0x00000007b5580000, 0x00000007b5580000)
  object space 349696K, 3% used [0x00000007a0000000,0x00000007a0bc1060,0x00000007b5580000)
 Metaspace       used 5436K, capacity 5616K, committed 5760K, reserved 1056768K
  class space    used 580K, capacity 630K, committed 640K, reserved 1048576K
}
{Heap before GC invocations=49 (full 0):
 PSYoungGen      total 172032K, used 167306K [0x00000007b5580000, 0x00000007c0000000, 0x00000007c0000000)
  eden space 169472K, 98% used [0x00000007b5580000,0x00000007bf8aaa50,0x00000007bfb00000)
  from space 2560K, 8% used [0x00000007bfd80000,0x00000007bfdb8008,0x00000007c0000000)
  to   space 2560K, 0% used [0x00000007bfb00000,0x00000007bfb00000,0x00000007bfd80000)
 ParOldGen       total 349696K, used 12036K [0x00000007a0000000, 0x00000007b5580000, 0x00000007b5580000)
  object space 349696K, 3% used [0x00000007a0000000,0x00000007a0bc1060,0x00000007b5580000)
 Metaspace       used 5436K, capacity 5616K, committed 5760K, reserved 1056768K
  class space    used 580K, capacity 630K, committed 640K, reserved 1048576K
2018-07-25T18:11:02.158-0800: 33.308: [GC (Allocation Failure) [PSYoungGen: 167306K->229K(172032K)] 179342K->12265K(521728K), 0.0004891 secs] [Times: user=0.00 sys=0.00, real=0.00 secs] 
Heap after GC invocations=49 (full 0):
 PSYoungGen      total 172032K, used 229K [0x00000007b5580000, 0x00000007c0000000, 0x00000007c0000000)
  eden space 169472K, 0% used [0x00000007b5580000,0x00000007b5580000,0x00000007bfb00000)
  from space 2560K, 8% used [0x00000007bfb00000,0x00000007bfb39588,0x00000007bfd80000)
  to   space 2048K, 0% used [0x00000007bfe00000,0x00000007bfe00000,0x00000007c0000000)
 ParOldGen       total 349696K, used 12036K [0x00000007a0000000, 0x00000007b5580000, 0x00000007b5580000)
  object space 349696K, 3% used [0x00000007a0000000,0x00000007a0bc1060,0x00000007b5580000)
 Metaspace       used 5436K, capacity 5616K, committed 5760K, reserved 1056768K
  class space    used 580K, capacity 630K, committed 640K, reserved 1048576K
}
{Heap before GC invocations=50 (full 0):
 PSYoungGen      total 172032K, used 166833K [0x00000007b5580000, 0x00000007c0000000, 0x00000007c0000000)
  eden space 169472K, 98% used [0x00000007b5580000,0x00000007bf8331b0,0x00000007bfb00000)
  from space 2560K, 8% used [0x00000007bfb00000,0x00000007bfb39588,0x00000007bfd80000)
  to   space 2048K, 0% used [0x00000007bfe00000,0x00000007bfe00000,0x00000007c0000000)
 ParOldGen       total 349696K, used 12036K [0x00000007a0000000, 0x00000007b5580000, 0x00000007b5580000)
  object space 349696K, 3% used [0x00000007a0000000,0x00000007a0bc1060,0x00000007b5580000)
 Metaspace       used 5436K, capacity 5616K, committed 5760K, reserved 1056768K
  class space    used 580K, capacity 630K, committed 640K, reserved 1048576K
2018-07-25T18:11:03.081-0800: 34.231: [GC (Allocation Failure) [PSYoungGen: 166833K->266K(172544K)] 178869K->12302K(522240K), 0.0005498 secs] [Times: user=0.00 sys=0.00, real=0.00 secs] 
Heap after GC invocations=50 (full 0):
 PSYoungGen      total 172544K, used 266K [0x00000007b5580000, 0x00000007c0000000, 0x00000007c0000000)
  eden space 170496K, 0% used [0x00000007b5580000,0x00000007b5580000,0x00000007bfc00000)
  from space 2048K, 13% used [0x00000007bfe00000,0x00000007bfe42b08,0x00000007c0000000)
  to   space 2048K, 0% used [0x00000007bfc00000,0x00000007bfc00000,0x00000007bfe00000)
 ParOldGen       total 349696K, used 12036K [0x00000007a0000000, 0x00000007b5580000, 0x00000007b5580000)
  object space 349696K, 3% used [0x00000007a0000000,0x00000007a0bc1060,0x00000007b5580000)
 Metaspace       used 5436K, capacity 5616K, committed 5760K, reserved 1056768K
  class space    used 580K, capacity 630K, committed 640K, reserved 1048576K
}
{Heap before GC invocations=51 (full 0):
 PSYoungGen      total 172544K, used 167356K [0x00000007b5580000, 0x00000007c0000000, 0x00000007c0000000)
  eden space 170496K, 98% used [0x00000007b5580000,0x00000007bf8ac6c0,0x00000007bfc00000)
  from space 2048K, 13% used [0x00000007bfe00000,0x00000007bfe42b08,0x00000007c0000000)
  to   space 2048K, 0% used [0x00000007bfc00000,0x00000007bfc00000,0x00000007bfe00000)
 ParOldGen       total 349696K, used 12036K [0x00000007a0000000, 0x00000007b5580000, 0x00000007b5580000)
  object space 349696K, 3% used [0x00000007a0000000,0x00000007a0bc1060,0x00000007b5580000)
 Metaspace       used 5436K, capacity 5616K, committed 5760K, reserved 1056768K
  class space    used 580K, capacity 630K, committed 640K, reserved 1048576K
2018-07-25T18:11:03.998-0800: 35.148: [GC (Allocation Failure) [PSYoungGen: 167356K->272K(172544K)] 179392K->12308K(522240K), 0.0005274 secs] [Times: user=0.01 sys=0.00, real=0.00 secs] 
Heap after GC invocations=51 (full 0):
 PSYoungGen      total 172544K, used 272K [0x00000007b5580000, 0x00000007c0000000, 0x00000007c0000000)
  eden space 170496K, 0% used [0x00000007b5580000,0x00000007b5580000,0x00000007bfc00000)
  from space 2048K, 13% used [0x00000007bfc00000,0x00000007bfc44088,0x00000007bfe00000)
  to   space 2048K, 0% used [0x00000007bfe00000,0x00000007bfe00000,0x00000007c0000000)
 ParOldGen       total 349696K, used 12036K [0x00000007a0000000, 0x00000007b5580000, 0x00000007b5580000)
  object space 349696K, 3% used [0x00000007a0000000,0x00000007a0bc1060,0x00000007b5580000)
 Metaspace       used 5436K, capacity 5616K, committed 5760K, reserved 1056768K
  class space    used 580K, capacity 630K, committed 640K, reserved 1048576K
}
{Heap before GC invocations=52 (full 0):
 PSYoungGen      total 172544K, used 168873K [0x00000007b5580000, 0x00000007c0000000, 0x00000007c0000000)
  eden space 170496K, 98% used [0x00000007b5580000,0x00000007bfa264d0,0x00000007bfc00000)
  from space 2048K, 13% used [0x00000007bfc00000,0x00000007bfc44088,0x00000007bfe00000)
  to   space 2048K, 0% used [0x00000007bfe00000,0x00000007bfe00000,0x00000007c0000000)
 ParOldGen       total 349696K, used 12036K [0x00000007a0000000, 0x00000007b5580000, 0x00000007b5580000)
  object space 349696K, 3% used [0x00000007a0000000,0x00000007a0bc1060,0x00000007b5580000)
 Metaspace       used 5436K, capacity 5616K, committed 5760K, reserved 1056768K
  class space    used 580K, capacity 630K, committed 640K, reserved 1048576K
2018-07-25T18:11:04.914-0800: 36.064: [GC (Allocation Failure) [PSYoungGen: 168873K->245K(172544K)] 180909K->12281K(522240K), 0.0005314 secs] [Times: user=0.00 sys=0.00, real=0.00 secs] 
Heap after GC invocations=52 (full 0):
 PSYoungGen      total 172544K, used 245K [0x00000007b5580000, 0x00000007c0000000, 0x00000007c0000000)
  eden space 170496K, 0% used [0x00000007b5580000,0x00000007b5580000,0x00000007bfc00000)
  from space 2048K, 11% used [0x00000007bfe00000,0x00000007bfe3d608,0x00000007c0000000)
  to   space 2048K, 0% used [0x00000007bfc00000,0x00000007bfc00000,0x00000007bfe00000)
 ParOldGen       total 349696K, used 12036K [0x00000007a0000000, 0x00000007b5580000, 0x00000007b5580000)
  object space 349696K, 3% used [0x00000007a0000000,0x00000007a0bc1060,0x00000007b5580000)
 Metaspace       used 5436K, capacity 5616K, committed 5760K, reserved 1056768K
  class space    used 580K, capacity 630K, committed 640K, reserved 1048576K
}
{Heap before GC invocations=53 (full 0):
 PSYoungGen      total 172544K, used 166945K [0x00000007b5580000, 0x00000007c0000000, 0x00000007c0000000)
  eden space 170496K, 97% used [0x00000007b5580000,0x00000007bf84afd0,0x00000007bfc00000)
  from space 2048K, 11% used [0x00000007bfe00000,0x00000007bfe3d608,0x00000007c0000000)
  to   space 2048K, 0% used [0x00000007bfc00000,0x00000007bfc00000,0x00000007bfe00000)
 ParOldGen       total 349696K, used 12036K [0x00000007a0000000, 0x00000007b5580000, 0x00000007b5580000)
  object space 349696K, 3% used [0x00000007a0000000,0x00000007a0bc1060,0x00000007b5580000)
 Metaspace       used 5436K, capacity 5616K, committed 5760K, reserved 1056768K
  class space    used 580K, capacity 630K, committed 640K, reserved 1048576K
2018-07-25T18:11:05.829-0800: 36.979: [GC (Allocation Failure) [PSYoungGen: 166945K->250K(172544K)] 178981K->12286K(522240K), 0.0005006 secs] [Times: user=0.00 sys=0.00, real=0.01 secs] 
Heap after GC invocations=53 (full 0):
 PSYoungGen      total 172544K, used 250K [0x00000007b5580000, 0x00000007c0000000, 0x00000007c0000000)
  eden space 170496K, 0% used [0x00000007b5580000,0x00000007b5580000,0x00000007bfc00000)
  from space 2048K, 12% used [0x00000007bfc00000,0x00000007bfc3eb88,0x00000007bfe00000)
  to   space 1536K, 0% used [0x00000007bfe80000,0x00000007bfe80000,0x00000007c0000000)
 ParOldGen       total 349696K, used 12036K [0x00000007a0000000, 0x00000007b5580000, 0x00000007b5580000)
  object space 349696K, 3% used [0x00000007a0000000,0x00000007a0bc1060,0x00000007b5580000)
 Metaspace       used 5436K, capacity 5616K, committed 5760K, reserved 1056768K
  class space    used 580K, capacity 630K, committed 640K, reserved 1048576K
}
{Heap before GC invocations=54 (full 0):
 PSYoungGen      total 172544K, used 170640K [0x00000007b5580000, 0x00000007c0000000, 0x00000007c0000000)
  eden space 170496K, 99% used [0x00000007b5580000,0x00000007bfbe5760,0x00000007bfc00000)
  from space 2048K, 12% used [0x00000007bfc00000,0x00000007bfc3eb88,0x00000007bfe00000)
  to   space 1536K, 0% used [0x00000007bfe80000,0x00000007bfe80000,0x00000007c0000000)
 ParOldGen       total 349696K, used 12036K [0x00000007a0000000, 0x00000007b5580000, 0x00000007b5580000)
  object space 349696K, 3% used [0x00000007a0000000,0x00000007a0bc1060,0x00000007b5580000)
 Metaspace       used 5436K, capacity 5616K, committed 5760K, reserved 1056768K
  class space    used 580K, capacity 630K, committed 640K, reserved 1048576K
2018-07-25T18:11:06.768-0800: 37.918: [GC (Allocation Failure) [PSYoungGen: 170640K->256K(173056K)] 182676K->12292K(522752K), 0.0004741 secs] [Times: user=0.00 sys=0.00, real=0.00 secs] 
Heap after GC invocations=54 (full 0):
 PSYoungGen      total 173056K, used 256K [0x00000007b5580000, 0x00000007c0000000, 0x00000007c0000000)
  eden space 171520K, 0% used [0x00000007b5580000,0x00000007b5580000,0x00000007bfd00000)
  from space 1536K, 16% used [0x00000007bfe80000,0x00000007bfec0108,0x00000007c0000000)
  to   space 1536K, 0% used [0x00000007bfd00000,0x00000007bfd00000,0x00000007bfe80000)
 ParOldGen       total 349696K, used 12036K [0x00000007a0000000, 0x00000007b5580000, 0x00000007b5580000)
  object space 349696K, 3% used [0x00000007a0000000,0x00000007a0bc1060,0x00000007b5580000)
 Metaspace       used 5436K, capacity 5616K, committed 5760K, reserved 1056768K
  class space    used 580K, capacity 630K, committed 640K, reserved 1048576K
}
{Heap before GC invocations=55 (full 0):
 PSYoungGen      total 173056K, used 169827K [0x00000007b5580000, 0x00000007c0000000, 0x00000007c0000000)
  eden space 171520K, 98% used [0x00000007b5580000,0x00000007bfb18d40,0x00000007bfd00000)
  from space 1536K, 16% used [0x00000007bfe80000,0x00000007bfec0108,0x00000007c0000000)
  to   space 1536K, 0% used [0x00000007bfd00000,0x00000007bfd00000,0x00000007bfe80000)
 ParOldGen       total 349696K, used 12036K [0x00000007a0000000, 0x00000007b5580000, 0x00000007b5580000)
  object space 349696K, 3% used [0x00000007a0000000,0x00000007a0bc1060,0x00000007b5580000)
 Metaspace       used 5436K, capacity 5616K, committed 5760K, reserved 1056768K
  class space    used 580K, capacity 630K, committed 640K, reserved 1048576K
2018-07-25T18:11:07.704-0800: 38.854: [GC (Allocation Failure) [PSYoungGen: 169827K->229K(173056K)] 181863K->12265K(522752K), 0.0004829 secs] [Times: user=0.00 sys=0.00, real=0.00 secs] 
Heap after GC invocations=55 (full 0):
 PSYoungGen      total 173056K, used 229K [0x00000007b5580000, 0x00000007c0000000, 0x00000007c0000000)
  eden space 171520K, 0% used [0x00000007b5580000,0x00000007b5580000,0x00000007bfd00000)
  from space 1536K, 14% used [0x00000007bfd00000,0x00000007bfd39688,0x00000007bfe80000)
  to   space 1536K, 0% used [0x00000007bfe80000,0x00000007bfe80000,0x00000007c0000000)
 ParOldGen       total 349696K, used 12036K [0x00000007a0000000, 0x00000007b5580000, 0x00000007b5580000)
  object space 349696K, 3% used [0x00000007a0000000,0x00000007a0bc1060,0x00000007b5580000)
 Metaspace       used 5436K, capacity 5616K, committed 5760K, reserved 1056768K
  class space    used 580K, capacity 630K, committed 640K, reserved 1048576K
}
{Heap before GC invocations=56 (full 0):
 PSYoungGen      total 173056K, used 168008K [0x00000007b5580000, 0x00000007c0000000, 0x00000007c0000000)
  eden space 171520K, 97% used [0x00000007b5580000,0x00000007bf958c40,0x00000007bfd00000)
  from space 1536K, 14% used [0x00000007bfd00000,0x00000007bfd39688,0x00000007bfe80000)
  to   space 1536K, 0% used [0x00000007bfe80000,0x00000007bfe80000,0x00000007c0000000)
 ParOldGen       total 349696K, used 12036K [0x00000007a0000000, 0x00000007b5580000, 0x00000007b5580000)
  object space 349696K, 3% used [0x00000007a0000000,0x00000007a0bc1060,0x00000007b5580000)
 Metaspace       used 5436K, capacity 5616K, committed 5760K, reserved 1056768K
  class space    used 580K, capacity 630K, committed 640K, reserved 1048576K
2018-07-25T18:11:08.645-0800: 39.795: [GC (Allocation Failure) [PSYoungGen: 168008K->267K(173056K)] 180044K->12303K(522752K), 0.0006120 secs] [Times: user=0.01 sys=0.00, real=0.00 secs] 
Heap after GC invocations=56 (full 0):
 PSYoungGen      total 173056K, used 267K [0x00000007b5580000, 0x00000007c0000000, 0x00000007c0000000)
  eden space 171520K, 0% used [0x00000007b5580000,0x00000007b5580000,0x00000007bfd00000)
  from space 1536K, 17% used [0x00000007bfe80000,0x00000007bfec2c08,0x00000007c0000000)
  to   space 1536K, 0% used [0x00000007bfd00000,0x00000007bfd00000,0x00000007bfe80000)
 ParOldGen       total 349696K, used 12036K [0x00000007a0000000, 0x00000007b5580000, 0x00000007b5580000)
  object space 349696K, 3% used [0x00000007a0000000,0x00000007a0bc1060,0x00000007b5580000)
 Metaspace       used 5436K, capacity 5616K, committed 5760K, reserved 1056768K
  class space    used 580K, capacity 630K, committed 640K, reserved 1048576K
}
{Heap before GC invocations=57 (full 0):
 PSYoungGen      total 173056K, used 168938K [0x00000007b5580000, 0x00000007c0000000, 0x00000007c0000000)
  eden space 171520K, 98% used [0x00000007b5580000,0x00000007bfa37c70,0x00000007bfd00000)
  from space 1536K, 17% used [0x00000007bfe80000,0x00000007bfec2c08,0x00000007c0000000)
  to   space 1536K, 0% used [0x00000007bfd00000,0x00000007bfd00000,0x00000007bfe80000)
 ParOldGen       total 349696K, used 12036K [0x00000007a0000000, 0x00000007b5580000, 0x00000007b5580000)
  object space 349696K, 3% used [0x00000007a0000000,0x00000007a0bc1060,0x00000007b5580000)
 Metaspace       used 5436K, capacity 5616K, committed 5760K, reserved 1056768K
  class space    used 580K, capacity 630K, committed 640K, reserved 1048576K
2018-07-25T18:11:09.596-0800: 40.746: [GC (Allocation Failure) [PSYoungGen: 168938K->272K(173056K)] 180974K->12308K(522752K), 0.0004595 secs] [Times: user=0.00 sys=0.00, real=0.00 secs] 
Heap after GC invocations=57 (full 0):
 PSYoungGen      total 173056K, used 272K [0x00000007b5580000, 0x00000007c0000000, 0x00000007c0000000)
  eden space 171520K, 0% used [0x00000007b5580000,0x00000007b5580000,0x00000007bfd00000)
  from space 1536K, 17% used [0x00000007bfd00000,0x00000007bfd44188,0x00000007bfe80000)
  to   space 1536K, 0% used [0x00000007bfe80000,0x00000007bfe80000,0x00000007c0000000)
 ParOldGen       total 349696K, used 12036K [0x00000007a0000000, 0x00000007b5580000, 0x00000007b5580000)
  object space 349696K, 3% used [0x00000007a0000000,0x00000007a0bc1060,0x00000007b5580000)
 Metaspace       used 5436K, capacity 5616K, committed 5760K, reserved 1056768K
  class space    used 580K, capacity 630K, committed 640K, reserved 1048576K
}
{Heap before GC invocations=58 (full 0):
 PSYoungGen      total 173056K, used 168710K [0x00000007b5580000, 0x00000007c0000000, 0x00000007c0000000)
  eden space 171520K, 98% used [0x00000007b5580000,0x00000007bf9fd6a8,0x00000007bfd00000)
  from space 1536K, 17% used [0x00000007bfd00000,0x00000007bfd44188,0x00000007bfe80000)
  to   space 1536K, 0% used [0x00000007bfe80000,0x00000007bfe80000,0x00000007c0000000)
 ParOldGen       total 349696K, used 12036K [0x00000007a0000000, 0x00000007b5580000, 0x00000007b5580000)
  object space 349696K, 3% used [0x00000007a0000000,0x00000007a0bc1060,0x00000007b5580000)
 Metaspace       used 5436K, capacity 5616K, committed 5760K, reserved 1056768K
  class space    used 580K, capacity 630K, committed 640K, reserved 1048576K
2018-07-25T18:11:10.559-0800: 41.709: [GC (Allocation Failure) [PSYoungGen: 168710K->277K(173056K)] 180746K->12313K(522752K), 0.0005148 secs] [Times: user=0.00 sys=0.00, real=0.00 secs] 
Heap after GC invocations=58 (full 0):
 PSYoungGen      total 173056K, used 277K [0x00000007b5580000, 0x00000007c0000000, 0x00000007c0000000)
  eden space 171520K, 0% used [0x00000007b5580000,0x00000007b5580000,0x00000007bfd00000)
  from space 1536K, 18% used [0x00000007bfe80000,0x00000007bfec5708,0x00000007c0000000)
  to   space 1536K, 0% used [0x00000007bfd00000,0x00000007bfd00000,0x00000007bfe80000)
 ParOldGen       total 349696K, used 12036K [0x00000007a0000000, 0x00000007b5580000, 0x00000007b5580000)
  object space 349696K, 3% used [0x00000007a0000000,0x00000007a0bc1060,0x00000007b5580000)
 Metaspace       used 5436K, capacity 5616K, committed 5760K, reserved 1056768K
  class space    used 580K, capacity 630K, committed 640K, reserved 1048576K
}
{Heap before GC invocations=59 (full 0):
 PSYoungGen      total 173056K, used 170260K [0x00000007b5580000, 0x00000007c0000000, 0x00000007c0000000)
  eden space 171520K, 99% used [0x00000007b5580000,0x00000007bfb7fbd8,0x00000007bfd00000)
  from space 1536K, 18% used [0x00000007bfe80000,0x00000007bfec5708,0x00000007c0000000)
  to   space 1536K, 0% used [0x00000007bfd00000,0x00000007bfd00000,0x00000007bfe80000)
 ParOldGen       total 349696K, used 12036K [0x00000007a0000000, 0x00000007b5580000, 0x00000007b5580000)
  object space 349696K, 3% used [0x00000007a0000000,0x00000007a0bc1060,0x00000007b5580000)
 Metaspace       used 5436K, capacity 5616K, committed 5760K, reserved 1056768K
  class space    used 580K, capacity 630K, committed 640K, reserved 1048576K
2018-07-25T18:11:11.479-0800: 42.629: [GC (Allocation Failure) [PSYoungGen: 170260K->283K(173056K)] 182296K->12319K(522752K), 0.0004852 secs] [Times: user=0.01 sys=0.00, real=0.00 secs] 
Heap after GC invocations=59 (full 0):
 PSYoungGen      total 173056K, used 283K [0x00000007b5580000, 0x00000007c0000000, 0x00000007c0000000)
  eden space 171520K, 0% used [0x00000007b5580000,0x00000007b5580000,0x00000007bfd00000)
  from space 1536K, 18% used [0x00000007bfd00000,0x00000007bfd46c88,0x00000007bfe80000)
  to   space 1024K, 0% used [0x00000007bff00000,0x00000007bff00000,0x00000007c0000000)
 ParOldGen       total 349696K, used 12036K [0x00000007a0000000, 0x00000007b5580000, 0x00000007b5580000)
  object space 349696K, 3% used [0x00000007a0000000,0x00000007a0bc1060,0x00000007b5580000)
 Metaspace       used 5436K, capacity 5616K, committed 5760K, reserved 1056768K
  class space    used 580K, capacity 630K, committed 640K, reserved 1048576K
}
{Heap before GC invocations=60 (full 0):
 PSYoungGen      total 173056K, used 169452K [0x00000007b5580000, 0x00000007c0000000, 0x00000007c0000000)
  eden space 171520K, 98% used [0x00000007b5580000,0x00000007bfab44a8,0x00000007bfd00000)
  from space 1536K, 18% used [0x00000007bfd00000,0x00000007bfd46c88,0x00000007bfe80000)
  to   space 1024K, 0% used [0x00000007bff00000,0x00000007bff00000,0x00000007c0000000)
 ParOldGen       total 349696K, used 12036K [0x00000007a0000000, 0x00000007b5580000, 0x00000007b5580000)
  object space 349696K, 3% used [0x00000007a0000000,0x00000007a0bc1060,0x00000007b5580000)
 Metaspace       used 5437K, capacity 5616K, committed 5760K, reserved 1056768K
  class space    used 580K, capacity 630K, committed 640K, reserved 1048576K
2018-07-25T18:11:12.407-0800: 43.557: [GC (Allocation Failure) [PSYoungGen: 169452K->288K(173568K)] 181488K->12324K(523264K), 0.0006757 secs] [Times: user=0.00 sys=0.00, real=0.00 secs] 
Heap after GC invocations=60 (full 0):
 PSYoungGen      total 173568K, used 288K [0x00000007b5580000, 0x00000007c0000000, 0x00000007c0000000)
  eden space 172544K, 0% used [0x00000007b5580000,0x00000007b5580000,0x00000007bfe00000)
  from space 1024K, 28% used [0x00000007bff00000,0x00000007bff48208,0x00000007c0000000)
  to   space 1024K, 0% used [0x00000007bfe00000,0x00000007bfe00000,0x00000007bff00000)
 ParOldGen       total 349696K, used 12036K [0x00000007a0000000, 0x00000007b5580000, 0x00000007b5580000)
  object space 349696K, 3% used [0x00000007a0000000,0x00000007a0bc1060,0x00000007b5580000)
 Metaspace       used 5437K, capacity 5616K, committed 5760K, reserved 1056768K
  class space    used 580K, capacity 630K, committed 640K, reserved 1048576K
}
{Heap before GC invocations=61 (full 0):
 PSYoungGen      total 173568K, used 171718K [0x00000007b5580000, 0x00000007c0000000, 0x00000007c0000000)
  eden space 172544K, 99% used [0x00000007b5580000,0x00000007bfce9798,0x00000007bfe00000)
  from space 1024K, 28% used [0x00000007bff00000,0x00000007bff48208,0x00000007c0000000)
  to   space 1024K, 0% used [0x00000007bfe00000,0x00000007bfe00000,0x00000007bff00000)
 ParOldGen       total 349696K, used 12036K [0x00000007a0000000, 0x00000007b5580000, 0x00000007b5580000)
  object space 349696K, 3% used [0x00000007a0000000,0x00000007a0bc1060,0x00000007b5580000)
 Metaspace       used 5437K, capacity 5616K, committed 5760K, reserved 1056768K
  class space    used 580K, capacity 630K, committed 640K, reserved 1048576K
2018-07-25T18:11:13.343-0800: 44.494: [GC (Allocation Failure) [PSYoungGen: 171718K->325K(173568K)] 183754K->12361K(523264K), 0.0004870 secs] [Times: user=0.00 sys=0.00, real=0.00 secs] 
Heap after GC invocations=61 (full 0):
 PSYoungGen      total 173568K, used 325K [0x00000007b5580000, 0x00000007c0000000, 0x00000007c0000000)
  eden space 172544K, 0% used [0x00000007b5580000,0x00000007b5580000,0x00000007bfe00000)
  from space 1024K, 31% used [0x00000007bfe00000,0x00000007bfe51788,0x00000007bff00000)
  to   space 1024K, 0% used [0x00000007bff00000,0x00000007bff00000,0x00000007c0000000)
 ParOldGen       total 349696K, used 12036K [0x00000007a0000000, 0x00000007b5580000, 0x00000007b5580000)
  object space 349696K, 3% used [0x00000007a0000000,0x00000007a0bc1060,0x00000007b5580000)
 Metaspace       used 5437K, capacity 5616K, committed 5760K, reserved 1056768K
  class space    used 580K, capacity 630K, committed 640K, reserved 1048576K
}
{Heap before GC invocations=62 (full 0):
 PSYoungGen      total 173568K, used 172869K [0x00000007b5580000, 0x00000007c0000000, 0x00000007c0000000)
  eden space 172544K, 100% used [0x00000007b5580000,0x00000007bfe00000,0x00000007bfe00000)
  from space 1024K, 31% used [0x00000007bfe00000,0x00000007bfe51788,0x00000007bff00000)
  to   space 1024K, 0% used [0x00000007bff00000,0x00000007bff00000,0x00000007c0000000)
 ParOldGen       total 349696K, used 12036K [0x00000007a0000000, 0x00000007b5580000, 0x00000007b5580000)
  object space 349696K, 3% used [0x00000007a0000000,0x00000007a0bc1060,0x00000007b5580000)
 Metaspace       used 5437K, capacity 5616K, committed 5760K, reserved 1056768K
  class space    used 580K, capacity 630K, committed 640K, reserved 1048576K
2018-07-25T18:11:14.282-0800: 45.432: [GC (Allocation Failure) [PSYoungGen: 172869K->299K(173568K)] 184905K->12335K(523264K), 0.0005273 secs] [Times: user=0.00 sys=0.00, real=0.00 secs] 
Heap after GC invocations=62 (full 0):
 PSYoungGen      total 173568K, used 299K [0x00000007b5580000, 0x00000007c0000000, 0x00000007c0000000)
  eden space 172544K, 0% used [0x00000007b5580000,0x00000007b5580000,0x00000007bfe00000)
  from space 1024K, 29% used [0x00000007bff00000,0x00000007bff4ad08,0x00000007c0000000)
  to   space 1024K, 0% used [0x00000007bfe00000,0x00000007bfe00000,0x00000007bff00000)
 ParOldGen       total 349696K, used 12036K [0x00000007a0000000, 0x00000007b5580000, 0x00000007b5580000)
  object space 349696K, 3% used [0x00000007a0000000,0x00000007a0bc1060,0x00000007b5580000)
 Metaspace       used 5437K, capacity 5616K, committed 5760K, reserved 1056768K
  class space    used 580K, capacity 630K, committed 640K, reserved 1048576K
}
{Heap before GC invocations=63 (full 0):
 PSYoungGen      total 173568K, used 172843K [0x00000007b5580000, 0x00000007c0000000, 0x00000007c0000000)
  eden space 172544K, 100% used [0x00000007b5580000,0x00000007bfe00000,0x00000007bfe00000)
  from space 1024K, 29% used [0x00000007bff00000,0x00000007bff4ad08,0x00000007c0000000)
  to   space 1024K, 0% used [0x00000007bfe00000,0x00000007bfe00000,0x00000007bff00000)
 ParOldGen       total 349696K, used 12036K [0x00000007a0000000, 0x00000007b5580000, 0x00000007b5580000)
  object space 349696K, 3% used [0x00000007a0000000,0x00000007a0bc1060,0x00000007b5580000)
 Metaspace       used 5437K, capacity 5616K, committed 5760K, reserved 1056768K
  class space    used 580K, capacity 630K, committed 640K, reserved 1048576K
2018-07-25T18:11:15.209-0800: 46.360: [GC (Allocation Failure) [PSYoungGen: 172843K->304K(173568K)] 184879K->12340K(523264K), 0.0005059 secs] [Times: user=0.00 sys=0.00, real=0.01 secs] 
Heap after GC invocations=63 (full 0):
 PSYoungGen      total 173568K, used 304K [0x00000007b5580000, 0x00000007c0000000, 0x00000007c0000000)
  eden space 172544K, 0% used [0x00000007b5580000,0x00000007b5580000,0x00000007bfe00000)
  from space 1024K, 29% used [0x00000007bfe00000,0x00000007bfe4c288,0x00000007bff00000)
  to   space 1024K, 0% used [0x00000007bff00000,0x00000007bff00000,0x00000007c0000000)
 ParOldGen       total 349696K, used 12036K [0x00000007a0000000, 0x00000007b5580000, 0x00000007b5580000)
  object space 349696K, 3% used [0x00000007a0000000,0x00000007a0bc1060,0x00000007b5580000)
 Metaspace       used 5437K, capacity 5616K, committed 5760K, reserved 1056768K
  class space    used 580K, capacity 630K, committed 640K, reserved 1048576K
}
{Heap before GC invocations=64 (full 0):
 PSYoungGen      total 173568K, used 170818K [0x00000007b5580000, 0x00000007c0000000, 0x00000007c0000000)
  eden space 172544K, 98% used [0x00000007b5580000,0x00000007bfc046e8,0x00000007bfe00000)
  from space 1024K, 29% used [0x00000007bfe00000,0x00000007bfe4c288,0x00000007bff00000)
  to   space 1024K, 0% used [0x00000007bff00000,0x00000007bff00000,0x00000007c0000000)
 ParOldGen       total 349696K, used 12036K [0x00000007a0000000, 0x00000007b5580000, 0x00000007b5580000)
  object space 349696K, 3% used [0x00000007a0000000,0x00000007a0bc1060,0x00000007b5580000)
 Metaspace       used 5437K, capacity 5616K, committed 5760K, reserved 1056768K
  class space    used 580K, capacity 630K, committed 640K, reserved 1048576K
2018-07-25T18:11:16.139-0800: 47.289: [GC (Allocation Failure) [PSYoungGen: 170818K->310K(173568K)] 182854K->12346K(523264K), 0.0004661 secs] [Times: user=0.00 sys=0.00, real=0.01 secs] 
Heap after GC invocations=64 (full 0):
 PSYoungGen      total 173568K, used 310K [0x00000007b5580000, 0x00000007c0000000, 0x00000007c0000000)
  eden space 172544K, 0% used [0x00000007b5580000,0x00000007b5580000,0x00000007bfe00000)
  from space 1024K, 30% used [0x00000007bff00000,0x00000007bff4d808,0x00000007c0000000)
  to   space 1024K, 0% used [0x00000007bfe00000,0x00000007bfe00000,0x00000007bff00000)
 ParOldGen       total 349696K, used 12036K [0x00000007a0000000, 0x00000007b5580000, 0x00000007b5580000)
  object space 349696K, 3% used [0x00000007a0000000,0x00000007a0bc1060,0x00000007b5580000)
 Metaspace       used 5437K, capacity 5616K, committed 5760K, reserved 1056768K
  class space    used 580K, capacity 630K, committed 640K, reserved 1048576K
}
{Heap before GC invocations=65 (full 0):
 PSYoungGen      total 173568K, used 171282K [0x00000007b5580000, 0x00000007c0000000, 0x00000007c0000000)
  eden space 172544K, 99% used [0x00000007b5580000,0x00000007bfc772a0,0x00000007bfe00000)
  from space 1024K, 30% used [0x00000007bff00000,0x00000007bff4d808,0x00000007c0000000)
  to   space 1024K, 0% used [0x00000007bfe00000,0x00000007bfe00000,0x00000007bff00000)
 ParOldGen       total 349696K, used 12036K [0x00000007a0000000, 0x00000007b5580000, 0x00000007b5580000)
  object space 349696K, 3% used [0x00000007a0000000,0x00000007a0bc1060,0x00000007b5580000)
 Metaspace       used 5437K, capacity 5616K, committed 5760K, reserved 1056768K
  class space    used 580K, capacity 630K, committed 640K, reserved 1048576K
2018-07-25T18:11:17.064-0800: 48.214: [GC (Allocation Failure) [PSYoungGen: 171282K->315K(173568K)] 183318K->12351K(523264K), 0.0006178 secs] [Times: user=0.01 sys=0.00, real=0.00 secs] 
Heap after GC invocations=65 (full 0):
 PSYoungGen      total 173568K, used 315K [0x00000007b5580000, 0x00000007c0000000, 0x00000007c0000000)
  eden space 172544K, 0% used [0x00000007b5580000,0x00000007b5580000,0x00000007bfe00000)
  from space 1024K, 30% used [0x00000007bfe00000,0x00000007bfe4ed88,0x00000007bff00000)
  to   space 1024K, 0% used [0x00000007bff00000,0x00000007bff00000,0x00000007c0000000)
 ParOldGen       total 349696K, used 12036K [0x00000007a0000000, 0x00000007b5580000, 0x00000007b5580000)
  object space 349696K, 3% used [0x00000007a0000000,0x00000007a0bc1060,0x00000007b5580000)
 Metaspace       used 5437K, capacity 5616K, committed 5760K, reserved 1056768K
  class space    used 580K, capacity 630K, committed 640K, reserved 1048576K
}
{Heap before GC invocations=66 (full 0):
 PSYoungGen      total 173568K, used 172859K [0x00000007b5580000, 0x00000007c0000000, 0x00000007c0000000)
  eden space 172544K, 100% used [0x00000007b5580000,0x00000007bfe00000,0x00000007bfe00000)
  from space 1024K, 30% used [0x00000007bfe00000,0x00000007bfe4ed88,0x00000007bff00000)
  to   space 1024K, 0% used [0x00000007bff00000,0x00000007bff00000,0x00000007c0000000)
 ParOldGen       total 349696K, used 12036K [0x00000007a0000000, 0x00000007b5580000, 0x00000007b5580000)
  object space 349696K, 3% used [0x00000007a0000000,0x00000007a0bc1060,0x00000007b5580000)
 Metaspace       used 5437K, capacity 5616K, committed 5760K, reserved 1056768K
  class space    used 580K, capacity 630K, committed 640K, reserved 1048576K
2018-07-25T18:11:17.975-0800: 49.125: [GC (Allocation Failure) [PSYoungGen: 172859K->352K(173568K)] 184895K->12388K(523264K), 0.0004511 secs] [Times: user=0.00 sys=0.00, real=0.00 secs] 
Heap after GC invocations=66 (full 0):
 PSYoungGen      total 173568K, used 352K [0x00000007b5580000, 0x00000007c0000000, 0x00000007c0000000)
  eden space 172544K, 0% used [0x00000007b5580000,0x00000007b5580000,0x00000007bfe00000)
  from space 1024K, 34% used [0x00000007bff00000,0x00000007bff58308,0x00000007c0000000)
  to   space 1024K, 0% used [0x00000007bfe00000,0x00000007bfe00000,0x00000007bff00000)
 ParOldGen       total 349696K, used 12036K [0x00000007a0000000, 0x00000007b5580000, 0x00000007b5580000)
  object space 349696K, 3% used [0x00000007a0000000,0x00000007a0bc1060,0x00000007b5580000)
 Metaspace       used 5437K, capacity 5616K, committed 5760K, reserved 1056768K
  class space    used 580K, capacity 630K, committed 640K, reserved 1048576K
}
{Heap before GC invocations=67 (full 0):
 PSYoungGen      total 173568K, used 171912K [0x00000007b5580000, 0x00000007c0000000, 0x00000007c0000000)
  eden space 172544K, 99% used [0x00000007b5580000,0x00000007bfd09d50,0x00000007bfe00000)
  from space 1024K, 34% used [0x00000007bff00000,0x00000007bff58308,0x00000007c0000000)
  to   space 1024K, 0% used [0x00000007bfe00000,0x00000007bfe00000,0x00000007bff00000)
 ParOldGen       total 349696K, used 12036K [0x00000007a0000000, 0x00000007b5580000, 0x00000007b5580000)
  object space 349696K, 3% used [0x00000007a0000000,0x00000007a0bc1060,0x00000007b5580000)
 Metaspace       used 5437K, capacity 5616K, committed 5760K, reserved 1056768K
  class space    used 580K, capacity 630K, committed 640K, reserved 1048576K
2018-07-25T18:11:18.875-0800: 50.025: [GC (Allocation Failure) [PSYoungGen: 171912K->326K(173568K)] 183948K->12362K(523264K), 0.0005907 secs] [Times: user=0.00 sys=0.00, real=0.00 secs] 
Heap after GC invocations=67 (full 0):
 PSYoungGen      total 173568K, used 326K [0x00000007b5580000, 0x00000007c0000000, 0x00000007c0000000)
  eden space 172544K, 0% used [0x00000007b5580000,0x00000007b5580000,0x00000007bfe00000)
  from space 1024K, 31% used [0x00000007bfe00000,0x00000007bfe51888,0x00000007bff00000)
  to   space 1024K, 0% used [0x00000007bff00000,0x00000007bff00000,0x00000007c0000000)
 ParOldGen       total 349696K, used 12036K [0x00000007a0000000, 0x00000007b5580000, 0x00000007b5580000)
  object space 349696K, 3% used [0x00000007a0000000,0x00000007a0bc1060,0x00000007b5580000)
 Metaspace       used 5437K, capacity 5616K, committed 5760K, reserved 1056768K
  class space    used 580K, capacity 630K, committed 640K, reserved 1048576K
}
{Heap before GC invocations=68 (full 0):
 PSYoungGen      total 173568K, used 172351K [0x00000007b5580000, 0x00000007c0000000, 0x00000007c0000000)
  eden space 172544K, 99% used [0x00000007b5580000,0x00000007bfd7e5f8,0x00000007bfe00000)
  from space 1024K, 31% used [0x00000007bfe00000,0x00000007bfe51888,0x00000007bff00000)
  to   space 1024K, 0% used [0x00000007bff00000,0x00000007bff00000,0x00000007c0000000)
 ParOldGen       total 349696K, used 12036K [0x00000007a0000000, 0x00000007b5580000, 0x00000007b5580000)
  object space 349696K, 3% used [0x00000007a0000000,0x00000007a0bc1060,0x00000007b5580000)
 Metaspace       used 5437K, capacity 5616K, committed 5760K, reserved 1056768K
  class space    used 580K, capacity 630K, committed 640K, reserved 1048576K
2018-07-25T18:11:19.790-0800: 50.941: [GC (Allocation Failure) [PSYoungGen: 172351K->331K(173568K)] 184387K->12367K(523264K), 0.0005717 secs] [Times: user=0.01 sys=0.00, real=0.00 secs] 
Heap after GC invocations=68 (full 0):
 PSYoungGen      total 173568K, used 331K [0x00000007b5580000, 0x00000007c0000000, 0x00000007c0000000)
  eden space 172544K, 0% used [0x00000007b5580000,0x00000007b5580000,0x00000007bfe00000)
  from space 1024K, 32% used [0x00000007bff00000,0x00000007bff52e08,0x00000007c0000000)
  to   space 1024K, 0% used [0x00000007bfe00000,0x00000007bfe00000,0x00000007bff00000)
 ParOldGen       total 349696K, used 12036K [0x00000007a0000000, 0x00000007b5580000, 0x00000007b5580000)
  object space 349696K, 3% used [0x00000007a0000000,0x00000007a0bc1060,0x00000007b5580000)
 Metaspace       used 5437K, capacity 5616K, committed 5760K, reserved 1056768K
  class space    used 580K, capacity 630K, committed 640K, reserved 1048576K
}
{Heap before GC invocations=69 (full 0):
 PSYoungGen      total 173568K, used 172509K [0x00000007b5580000, 0x00000007c0000000, 0x00000007c0000000)
  eden space 172544K, 99% used [0x00000007b5580000,0x00000007bfda4690,0x00000007bfe00000)
  from space 1024K, 32% used [0x00000007bff00000,0x00000007bff52e08,0x00000007c0000000)
  to   space 1024K, 0% used [0x00000007bfe00000,0x00000007bfe00000,0x00000007bff00000)
 ParOldGen       total 349696K, used 12036K [0x00000007a0000000, 0x00000007b5580000, 0x00000007b5580000)
  object space 349696K, 3% used [0x00000007a0000000,0x00000007a0bc1060,0x00000007b5580000)
 Metaspace       used 5437K, capacity 5616K, committed 5760K, reserved 1056768K
  class space    used 580K, capacity 630K, committed 640K, reserved 1048576K
2018-07-25T18:11:20.720-0800: 51.870: [GC (Allocation Failure) [PSYoungGen: 172509K->336K(173568K)] 184545K->12372K(523264K), 0.0006026 secs] [Times: user=0.00 sys=0.00, real=0.00 secs] 
Heap after GC invocations=69 (full 0):
 PSYoungGen      total 173568K, used 336K [0x00000007b5580000, 0x00000007c0000000, 0x00000007c0000000)
  eden space 172544K, 0% used [0x00000007b5580000,0x00000007b5580000,0x00000007bfe00000)
  from space 1024K, 32% used [0x00000007bfe00000,0x00000007bfe54388,0x00000007bff00000)
  to   space 1024K, 0% used [0x00000007bff00000,0x00000007bff00000,0x00000007c0000000)
 ParOldGen       total 349696K, used 12036K [0x00000007a0000000, 0x00000007b5580000, 0x00000007b5580000)
  object space 349696K, 3% used [0x00000007a0000000,0x00000007a0bc1060,0x00000007b5580000)
 Metaspace       used 5437K, capacity 5616K, committed 5760K, reserved 1056768K
  class space    used 580K, capacity 630K, committed 640K, reserved 1048576K
}
{Heap before GC invocations=70 (full 0):
 PSYoungGen      total 173568K, used 163700K [0x00000007b5580000, 0x00000007c0000000, 0x00000007c0000000)
  eden space 172544K, 94% used [0x00000007b5580000,0x00000007bf508de0,0x00000007bfe00000)
  from space 1024K, 32% used [0x00000007bfe00000,0x00000007bfe54388,0x00000007bff00000)
  to   space 1024K, 0% used [0x00000007bff00000,0x00000007bff00000,0x00000007c0000000)
 ParOldGen       total 349696K, used 12036K [0x00000007a0000000, 0x00000007b5580000, 0x00000007b5580000)
  object space 349696K, 3% used [0x00000007a0000000,0x00000007a0bc1060,0x00000007b5580000)
 Metaspace       used 5437K, capacity 5616K, committed 5760K, reserved 1056768K
  class space    used 580K, capacity 630K, committed 640K, reserved 1048576K
2018-07-25T18:11:21.605-0800: 52.756: [GC (Allocation Failure) [PSYoungGen: 163700K->341K(173568K)] 175736K->12378K(523264K), 0.0004490 secs] [Times: user=0.01 sys=0.00, real=0.00 secs] 
Heap after GC invocations=70 (full 0):
 PSYoungGen      total 173568K, used 341K [0x00000007b5580000, 0x00000007c0000000, 0x00000007c0000000)
  eden space 172544K, 0% used [0x00000007b5580000,0x00000007b5580000,0x00000007bfe00000)
  from space 1024K, 33% used [0x00000007bff00000,0x00000007bff557b0,0x00000007c0000000)
  to   space 1024K, 0% used [0x00000007bfe00000,0x00000007bfe00000,0x00000007bff00000)
 ParOldGen       total 349696K, used 12036K [0x00000007a0000000, 0x00000007b5580000, 0x00000007b5580000)
  object space 349696K, 3% used [0x00000007a0000000,0x00000007a0bc1060,0x00000007b5580000)
 Metaspace       used 5437K, capacity 5616K, committed 5760K, reserved 1056768K
  class space    used 580K, capacity 630K, committed 640K, reserved 1048576K
}
{Heap before GC invocations=71 (full 0):
 PSYoungGen      total 173568K, used 164060K [0x00000007b5580000, 0x00000007c0000000, 0x00000007c0000000)
  eden space 172544K, 94% used [0x00000007b5580000,0x00000007bf561880,0x00000007bfe00000)
  from space 1024K, 33% used [0x00000007bff00000,0x00000007bff557b0,0x00000007c0000000)
  to   space 1024K, 0% used [0x00000007bfe00000,0x00000007bfe00000,0x00000007bff00000)
 ParOldGen       total 349696K, used 12036K [0x00000007a0000000, 0x00000007b5580000, 0x00000007b5580000)
  object space 349696K, 3% used [0x00000007a0000000,0x00000007a0bc1060,0x00000007b5580000)
 Metaspace       used 5437K, capacity 5616K, committed 5760K, reserved 1056768K
  class space    used 580K, capacity 630K, committed 640K, reserved 1048576K
2018-07-25T18:11:22.481-0800: 53.631: [GC (Allocation Failure) [PSYoungGen: 164060K->346K(173568K)] 176096K->12383K(523264K), 0.0009788 secs] [Times: user=0.00 sys=0.00, real=0.00 secs] 
Heap after GC invocations=71 (full 0):
 PSYoungGen      total 173568K, used 346K [0x00000007b5580000, 0x00000007c0000000, 0x00000007c0000000)
  eden space 172544K, 0% used [0x00000007b5580000,0x00000007b5580000,0x00000007bfe00000)
  from space 1024K, 33% used [0x00000007bfe00000,0x00000007bfe56bd8,0x00000007bff00000)
  to   space 1024K, 0% used [0x00000007bff00000,0x00000007bff00000,0x00000007c0000000)
 ParOldGen       total 349696K, used 12036K [0x00000007a0000000, 0x00000007b5580000, 0x00000007b5580000)
  object space 349696K, 3% used [0x00000007a0000000,0x00000007a0bc1060,0x00000007b5580000)
 Metaspace       used 5437K, capacity 5616K, committed 5760K, reserved 1056768K
  class space    used 580K, capacity 630K, committed 640K, reserved 1048576K
}
{Heap before GC invocations=72 (full 0):
 PSYoungGen      total 173568K, used 172747K [0x00000007b5580000, 0x00000007c0000000, 0x00000007c0000000)
  eden space 172544K, 99% used [0x00000007b5580000,0x00000007bfddc078,0x00000007bfe00000)
  from space 1024K, 33% used [0x00000007bfe00000,0x00000007bfe56bd8,0x00000007bff00000)
  to   space 1024K, 0% used [0x00000007bff00000,0x00000007bff00000,0x00000007c0000000)
 ParOldGen       total 349696K, used 12036K [0x00000007a0000000, 0x00000007b5580000, 0x00000007b5580000)
  object space 349696K, 3% used [0x00000007a0000000,0x00000007a0bc1060,0x00000007b5580000)
 Metaspace       used 5437K, capacity 5616K, committed 5760K, reserved 1056768K
  class space    used 580K, capacity 630K, committed 640K, reserved 1048576K
2018-07-25T18:11:23.399-0800: 54.550: [GC (Allocation Failure) [PSYoungGen: 172747K->864K(173568K)] 184783K->22665K(523264K), 0.0065518 secs] [Times: user=0.04 sys=0.01, real=0.01 secs] 
Heap after GC invocations=72 (full 0):
 PSYoungGen      total 173568K, used 864K [0x00000007b5580000, 0x00000007c0000000, 0x00000007c0000000)
  eden space 172544K, 0% used [0x00000007b5580000,0x00000007b5580000,0x00000007bfe00000)
  from space 1024K, 84% used [0x00000007bff00000,0x00000007bffd8000,0x00000007c0000000)
  to   space 1024K, 0% used [0x00000007bfe00000,0x00000007bfe00000,0x00000007bff00000)
 ParOldGen       total 349696K, used 21801K [0x00000007a0000000, 0x00000007b5580000, 0x00000007b5580000)
  object space 349696K, 6% used [0x00000007a0000000,0x00000007a154a6f8,0x00000007b5580000)
 Metaspace       used 5437K, capacity 5616K, committed 5760K, reserved 1056768K
  class space    used 580K, capacity 630K, committed 640K, reserved 1048576K
}
{Heap before GC invocations=73 (full 0):
 PSYoungGen      total 173568K, used 164306K [0x00000007b5580000, 0x00000007c0000000, 0x00000007c0000000)
  eden space 172544K, 94% used [0x00000007b5580000,0x00000007bf51cad0,0x00000007bfe00000)
  from space 1024K, 84% used [0x00000007bff00000,0x00000007bffd8000,0x00000007c0000000)
  to   space 1024K, 0% used [0x00000007bfe00000,0x00000007bfe00000,0x00000007bff00000)
 ParOldGen       total 349696K, used 21801K [0x00000007a0000000, 0x00000007b5580000, 0x00000007b5580000)
  object space 349696K, 6% used [0x00000007a0000000,0x00000007a154a6f8,0x00000007b5580000)
 Metaspace       used 5437K, capacity 5616K, committed 5760K, reserved 1056768K
  class space    used 580K, capacity 630K, committed 640K, reserved 1048576K
2018-07-25T18:11:24.257-0800: 55.407: [GC (Allocation Failure) [PSYoungGen: 164306K->357K(173568K)] 186108K->22159K(523264K), 0.0006697 secs] [Times: user=0.00 sys=0.00, real=0.00 secs] 
Heap after GC invocations=73 (full 0):
 PSYoungGen      total 173568K, used 357K [0x00000007b5580000, 0x00000007c0000000, 0x00000007c0000000)
  eden space 172544K, 0% used [0x00000007b5580000,0x00000007b5580000,0x00000007bfe00000)
  from space 1024K, 34% used [0x00000007bfe00000,0x00000007bfe59580,0x00000007bff00000)
  to   space 1024K, 0% used [0x00000007bff00000,0x00000007bff00000,0x00000007c0000000)
 ParOldGen       total 349696K, used 21801K [0x00000007a0000000, 0x00000007b5580000, 0x00000007b5580000)
  object space 349696K, 6% used [0x00000007a0000000,0x00000007a154a6f8,0x00000007b5580000)
 Metaspace       used 5437K, capacity 5616K, committed 5760K, reserved 1056768K
  class space    used 580K, capacity 630K, committed 640K, reserved 1048576K
}
{Heap before GC invocations=74 (full 0):
 PSYoungGen      total 173568K, used 163735K [0x00000007b5580000, 0x00000007c0000000, 0x00000007c0000000)
  eden space 172544K, 94% used [0x00000007b5580000,0x00000007bf50c890,0x00000007bfe00000)
  from space 1024K, 34% used [0x00000007bfe00000,0x00000007bfe59580,0x00000007bff00000)
  to   space 1024K, 0% used [0x00000007bff00000,0x00000007bff00000,0x00000007c0000000)
 ParOldGen       total 349696K, used 21801K [0x00000007a0000000, 0x00000007b5580000, 0x00000007b5580000)
  object space 349696K, 6% used [0x00000007a0000000,0x00000007a154a6f8,0x00000007b5580000)
 Metaspace       used 5437K, capacity 5616K, committed 5760K, reserved 1056768K
  class space    used 580K, capacity 630K, committed 640K, reserved 1048576K
2018-07-25T18:11:25.129-0800: 56.279: [GC (Allocation Failure) [PSYoungGen: 163735K->394K(173568K)] 185537K->22196K(523264K), 0.0004700 secs] [Times: user=0.00 sys=0.00, real=0.00 secs] 
Heap after GC invocations=74 (full 0):
 PSYoungGen      total 173568K, used 394K [0x00000007b5580000, 0x00000007c0000000, 0x00000007c0000000)
  eden space 172544K, 0% used [0x00000007b5580000,0x00000007b5580000,0x00000007bfe00000)
  from space 1024K, 38% used [0x00000007bff00000,0x00000007bff629a8,0x00000007c0000000)
  to   space 1024K, 0% used [0x00000007bfe00000,0x00000007bfe00000,0x00000007bff00000)
 ParOldGen       total 349696K, used 21801K [0x00000007a0000000, 0x00000007b5580000, 0x00000007b5580000)
  object space 349696K, 6% used [0x00000007a0000000,0x00000007a154a6f8,0x00000007b5580000)
 Metaspace       used 5437K, capacity 5616K, committed 5760K, reserved 1056768K
  class space    used 580K, capacity 630K, committed 640K, reserved 1048576K
}
{Heap before GC invocations=75 (full 0):
 PSYoungGen      total 173568K, used 166286K [0x00000007b5580000, 0x00000007c0000000, 0x00000007c0000000)
  eden space 172544K, 96% used [0x00000007b5580000,0x00000007bf781230,0x00000007bfe00000)
  from space 1024K, 38% used [0x00000007bff00000,0x00000007bff629a8,0x00000007c0000000)
  to   space 1024K, 0% used [0x00000007bfe00000,0x00000007bfe00000,0x00000007bff00000)
 ParOldGen       total 349696K, used 21801K [0x00000007a0000000, 0x00000007b5580000, 0x00000007b5580000)
  object space 349696K, 6% used [0x00000007a0000000,0x00000007a154a6f8,0x00000007b5580000)
 Metaspace       used 5437K, capacity 5616K, committed 5760K, reserved 1056768K
  class space    used 580K, capacity 630K, committed 640K, reserved 1048576K
2018-07-25T18:11:25.987-0800: 57.137: [GC (Allocation Failure) [PSYoungGen: 166286K->399K(173568K)] 188088K->22201K(523264K), 0.0081792 secs] [Times: user=0.00 sys=0.00, real=0.01 secs] 
Heap after GC invocations=75 (full 0):
 PSYoungGen      total 173568K, used 399K [0x00000007b5580000, 0x00000007c0000000, 0x00000007c0000000)
  eden space 172544K, 0% used [0x00000007b5580000,0x00000007b5580000,0x00000007bfe00000)
  from space 1024K, 39% used [0x00000007bfe00000,0x00000007bfe63dd0,0x00000007bff00000)
  to   space 1024K, 0% used [0x00000007bff00000,0x00000007bff00000,0x00000007c0000000)
 ParOldGen       total 349696K, used 21801K [0x00000007a0000000, 0x00000007b5580000, 0x00000007b5580000)
  object space 349696K, 6% used [0x00000007a0000000,0x00000007a154a6f8,0x00000007b5580000)
 Metaspace       used 5437K, capacity 5616K, committed 5760K, reserved 1056768K
  class space    used 580K, capacity 630K, committed 640K, reserved 1048576K
}
{Heap before GC invocations=76 (full 0):
 PSYoungGen      total 173568K, used 166268K [0x00000007b5580000, 0x00000007c0000000, 0x00000007c0000000)
  eden space 172544K, 96% used [0x00000007b5580000,0x00000007bf77b400,0x00000007bfe00000)
  from space 1024K, 39% used [0x00000007bfe00000,0x00000007bfe63dd0,0x00000007bff00000)
  to   space 1024K, 0% used [0x00000007bff00000,0x00000007bff00000,0x00000007c0000000)
 ParOldGen       total 349696K, used 21801K [0x00000007a0000000, 0x00000007b5580000, 0x00000007b5580000)
  object space 349696K, 6% used [0x00000007a0000000,0x00000007a154a6f8,0x00000007b5580000)
 Metaspace       used 5437K, capacity 5616K, committed 5760K, reserved 1056768K
  class space    used 580K, capacity 630K, committed 640K, reserved 1048576K
2018-07-25T18:11:26.864-0800: 58.014: [GC (Allocation Failure) [PSYoungGen: 166268K->372K(173568K)] 188070K->22174K(523264K), 0.0005710 secs] [Times: user=0.00 sys=0.00, real=0.00 secs] 
Heap after GC invocations=76 (full 0):
 PSYoungGen      total 173568K, used 372K [0x00000007b5580000, 0x00000007c0000000, 0x00000007c0000000)
  eden space 172544K, 0% used [0x00000007b5580000,0x00000007b5580000,0x00000007bfe00000)
  from space 1024K, 36% used [0x00000007bff00000,0x00000007bff5d1f8,0x00000007c0000000)
  to   space 1024K, 0% used [0x00000007bfe00000,0x00000007bfe00000,0x00000007bff00000)
 ParOldGen       total 349696K, used 21801K [0x00000007a0000000, 0x00000007b5580000, 0x00000007b5580000)
  object space 349696K, 6% used [0x00000007a0000000,0x00000007a154a6f8,0x00000007b5580000)
 Metaspace       used 5437K, capacity 5616K, committed 5760K, reserved 1056768K
  class space    used 580K, capacity 630K, committed 640K, reserved 1048576K
}
{Heap before GC invocations=77 (full 0):
 PSYoungGen      total 173568K, used 164316K [0x00000007b5580000, 0x00000007c0000000, 0x00000007c0000000)
  eden space 172544K, 95% used [0x00000007b5580000,0x00000007bf59a190,0x00000007bfe00000)
  from space 1024K, 36% used [0x00000007bff00000,0x00000007bff5d1f8,0x00000007c0000000)
  to   space 1024K, 0% used [0x00000007bfe00000,0x00000007bfe00000,0x00000007bff00000)
 ParOldGen       total 349696K, used 21801K [0x00000007a0000000, 0x00000007b5580000, 0x00000007b5580000)
  object space 349696K, 6% used [0x00000007a0000000,0x00000007a154a6f8,0x00000007b5580000)
 Metaspace       used 5437K, capacity 5616K, committed 5760K, reserved 1056768K
  class space    used 580K, capacity 630K, committed 640K, reserved 1048576K
2018-07-25T18:11:27.711-0800: 58.861: [GC (Allocation Failure) [PSYoungGen: 164316K->409K(173568K)] 186118K->22211K(523264K), 0.0006274 secs] [Times: user=0.01 sys=0.00, real=0.00 secs] 
Heap after GC invocations=77 (full 0):
 PSYoungGen      total 173568K, used 409K [0x00000007b5580000, 0x00000007c0000000, 0x00000007c0000000)
  eden space 172544K, 0% used [0x00000007b5580000,0x00000007b5580000,0x00000007bfe00000)
  from space 1024K, 39% used [0x00000007bfe00000,0x00000007bfe66620,0x00000007bff00000)
  to   space 1024K, 0% used [0x00000007bff00000,0x00000007bff00000,0x00000007c0000000)
 ParOldGen       total 349696K, used 21801K [0x00000007a0000000, 0x00000007b5580000, 0x00000007b5580000)
  object space 349696K, 6% used [0x00000007a0000000,0x00000007a154a6f8,0x00000007b5580000)
 Metaspace       used 5437K, capacity 5616K, committed 5760K, reserved 1056768K
  class space    used 580K, capacity 630K, committed 640K, reserved 1048576K
}
{Heap before GC invocations=78 (full 0):
 PSYoungGen      total 173568K, used 167090K [0x00000007b5580000, 0x00000007c0000000, 0x00000007c0000000)
  eden space 172544K, 96% used [0x00000007b5580000,0x00000007bf846528,0x00000007bfe00000)
  from space 1024K, 39% used [0x00000007bfe00000,0x00000007bfe66620,0x00000007bff00000)
  to   space 1024K, 0% used [0x00000007bff00000,0x00000007bff00000,0x00000007c0000000)
 ParOldGen       total 349696K, used 21801K [0x00000007a0000000, 0x00000007b5580000, 0x00000007b5580000)
  object space 349696K, 6% used [0x00000007a0000000,0x00000007a154a6f8,0x00000007b5580000)
 Metaspace       used 5437K, capacity 5616K, committed 5760K, reserved 1056768K
  class space    used 580K, capacity 630K, committed 640K, reserved 1048576K
2018-07-25T18:11:28.550-0800: 59.700: [GC (Allocation Failure) [PSYoungGen: 167090K->350K(173568K)] 188892K->22152K(523264K), 0.0012566 secs] [Times: user=0.01 sys=0.00, real=0.00 secs] 
Heap after GC invocations=78 (full 0):
 PSYoungGen      total 173568K, used 350K [0x00000007b5580000, 0x00000007c0000000, 0x00000007c0000000)
  eden space 172544K, 0% used [0x00000007b5580000,0x00000007b5580000,0x00000007bfe00000)
  from space 1024K, 34% used [0x00000007bff00000,0x00000007bff57a48,0x00000007c0000000)
  to   space 1024K, 0% used [0x00000007bfe00000,0x00000007bfe00000,0x00000007bff00000)
 ParOldGen       total 349696K, used 21801K [0x00000007a0000000, 0x00000007b5580000, 0x00000007b5580000)
  object space 349696K, 6% used [0x00000007a0000000,0x00000007a154a6f8,0x00000007b5580000)
 Metaspace       used 5437K, capacity 5616K, committed 5760K, reserved 1056768K
  class space    used 580K, capacity 630K, committed 640K, reserved 1048576K
}
{Heap before GC invocations=79 (full 0):
 PSYoungGen      total 173568K, used 164924K [0x00000007b5580000, 0x00000007c0000000, 0x00000007c0000000)
  eden space 172544K, 95% used [0x00000007b5580000,0x00000007bf637968,0x00000007bfe00000)
  from space 1024K, 34% used [0x00000007bff00000,0x00000007bff57a48,0x00000007c0000000)
  to   space 1024K, 0% used [0x00000007bfe00000,0x00000007bfe00000,0x00000007bff00000)
 ParOldGen       total 349696K, used 21801K [0x00000007a0000000, 0x00000007b5580000, 0x00000007b5580000)
  object space 349696K, 6% used [0x00000007a0000000,0x00000007a154a6f8,0x00000007b5580000)
 Metaspace       used 5437K, capacity 5616K, committed 5760K, reserved 1056768K
  class space    used 580K, capacity 630K, committed 640K, reserved 1048576K
2018-07-25T18:11:29.432-0800: 60.582: [GC (Allocation Failure) [PSYoungGen: 164924K->419K(173568K)] 186726K->22221K(523264K), 0.0004774 secs] [Times: user=0.00 sys=0.00, real=0.00 secs] 
Heap after GC invocations=79 (full 0):
 PSYoungGen      total 173568K, used 419K [0x00000007b5580000, 0x00000007c0000000, 0x00000007c0000000)
  eden space 172544K, 0% used [0x00000007b5580000,0x00000007b5580000,0x00000007bfe00000)
  from space 1024K, 40% used [0x00000007bfe00000,0x00000007bfe68e70,0x00000007bff00000)
  to   space 1024K, 0% used [0x00000007bff00000,0x00000007bff00000,0x00000007c0000000)
 ParOldGen       total 349696K, used 21801K [0x00000007a0000000, 0x00000007b5580000, 0x00000007b5580000)
  object space 349696K, 6% used [0x00000007a0000000,0x00000007a154a6f8,0x00000007b5580000)
 Metaspace       used 5437K, capacity 5616K, committed 5760K, reserved 1056768K
  class space    used 580K, capacity 630K, committed 640K, reserved 1048576K
}
{Heap before GC invocations=80 (full 0):
 PSYoungGen      total 173568K, used 165281K [0x00000007b5580000, 0x00000007c0000000, 0x00000007c0000000)
  eden space 172544K, 95% used [0x00000007b5580000,0x00000007bf67f7a8,0x00000007bfe00000)
  from space 1024K, 40% used [0x00000007bfe00000,0x00000007bfe68e70,0x00000007bff00000)
  to   space 1024K, 0% used [0x00000007bff00000,0x00000007bff00000,0x00000007c0000000)
 ParOldGen       total 349696K, used 21801K [0x00000007a0000000, 0x00000007b5580000, 0x00000007b5580000)
  object space 349696K, 6% used [0x00000007a0000000,0x00000007a154a6f8,0x00000007b5580000)
 Metaspace       used 5437K, capacity 5616K, committed 5760K, reserved 1056768K
  class space    used 580K, capacity 630K, committed 640K, reserved 1048576K
2018-07-25T18:11:30.289-0800: 61.439: [GC (Allocation Failure) [PSYoungGen: 165281K->424K(173568K)] 187083K->22226K(523264K), 0.0008433 secs] [Times: user=0.00 sys=0.00, real=0.01 secs] 
Heap after GC invocations=80 (full 0):
 PSYoungGen      total 173568K, used 424K [0x00000007b5580000, 0x00000007c0000000, 0x00000007c0000000)
  eden space 172544K, 0% used [0x00000007b5580000,0x00000007b5580000,0x00000007bfe00000)
  from space 1024K, 41% used [0x00000007bff00000,0x00000007bff6a298,0x00000007c0000000)
  to   space 1024K, 0% used [0x00000007bfe00000,0x00000007bfe00000,0x00000007bff00000)
 ParOldGen       total 349696K, used 21801K [0x00000007a0000000, 0x00000007b5580000, 0x00000007b5580000)
  object space 349696K, 6% used [0x00000007a0000000,0x00000007a154a6f8,0x00000007b5580000)
 Metaspace       used 5437K, capacity 5616K, committed 5760K, reserved 1056768K
  class space    used 580K, capacity 630K, committed 640K, reserved 1048576K
}
{Heap before GC invocations=81 (full 0):
 PSYoungGen      total 173568K, used 168964K [0x00000007b5580000, 0x00000007c0000000, 0x00000007c0000000)
  eden space 172544K, 97% used [0x00000007b5580000,0x00000007bfa16db8,0x00000007bfe00000)
  from space 1024K, 41% used [0x00000007bff00000,0x00000007bff6a298,0x00000007c0000000)
  to   space 1024K, 0% used [0x00000007bfe00000,0x00000007bfe00000,0x00000007bff00000)
 ParOldGen       total 349696K, used 21801K [0x00000007a0000000, 0x00000007b5580000, 0x00000007b5580000)
  object space 349696K, 6% used [0x00000007a0000000,0x00000007a154a6f8,0x00000007b5580000)
 Metaspace       used 5437K, capacity 5616K, committed 5760K, reserved 1056768K
  class space    used 580K, capacity 630K, committed 640K, reserved 1048576K
2018-07-25T18:11:31.157-0800: 62.307: [GC (Allocation Failure) [PSYoungGen: 168964K->429K(173568K)] 190765K->22231K(523264K), 0.0011427 secs] [Times: user=0.00 sys=0.00, real=0.00 secs] 
Heap after GC invocations=81 (full 0):
 PSYoungGen      total 173568K, used 429K [0x00000007b5580000, 0x00000007c0000000, 0x00000007c0000000)
  eden space 172544K, 0% used [0x00000007b5580000,0x00000007b5580000,0x00000007bfe00000)
  from space 1024K, 41% used [0x00000007bfe00000,0x00000007bfe6b6c0,0x00000007bff00000)
  to   space 1024K, 0% used [0x00000007bff00000,0x00000007bff00000,0x00000007c0000000)
 ParOldGen       total 349696K, used 21801K [0x00000007a0000000, 0x00000007b5580000, 0x00000007b5580000)
  object space 349696K, 6% used [0x00000007a0000000,0x00000007a154a6f8,0x00000007b5580000)
 Metaspace       used 5437K, capacity 5616K, committed 5760K, reserved 1056768K
  class space    used 580K, capacity 630K, committed 640K, reserved 1048576K
}
{Heap before GC invocations=82 (full 0):
 PSYoungGen      total 173568K, used 166023K [0x00000007b5580000, 0x00000007c0000000, 0x00000007c0000000)
  eden space 172544K, 95% used [0x00000007b5580000,0x00000007bf7365b8,0x00000007bfe00000)
  from space 1024K, 41% used [0x00000007bfe00000,0x00000007bfe6b6c0,0x00000007bff00000)
  to   space 1024K, 0% used [0x00000007bff00000,0x00000007bff00000,0x00000007c0000000)
 ParOldGen       total 349696K, used 21801K [0x00000007a0000000, 0x00000007b5580000, 0x00000007b5580000)
  object space 349696K, 6% used [0x00000007a0000000,0x00000007a154a6f8,0x00000007b5580000)
 Metaspace       used 5437K, capacity 5616K, committed 5760K, reserved 1056768K
  class space    used 580K, capacity 630K, committed 640K, reserved 1048576K
2018-07-25T18:11:32.018-0800: 63.168: [GC (Allocation Failure) [PSYoungGen: 166023K->434K(173568K)] 187824K->22236K(523264K), 0.0004865 secs] [Times: user=0.00 sys=0.00, real=0.00 secs] 
Heap after GC invocations=82 (full 0):
 PSYoungGen      total 173568K, used 434K [0x00000007b5580000, 0x00000007c0000000, 0x00000007c0000000)
  eden space 172544K, 0% used [0x00000007b5580000,0x00000007b5580000,0x00000007bfe00000)
  from space 1024K, 42% used [0x00000007bff00000,0x00000007bff6cae8,0x00000007c0000000)
  to   space 1024K, 0% used [0x00000007bfe00000,0x00000007bfe00000,0x00000007bff00000)
 ParOldGen       total 349696K, used 21801K [0x00000007a0000000, 0x00000007b5580000, 0x00000007b5580000)
  object space 349696K, 6% used [0x00000007a0000000,0x00000007a154a6f8,0x00000007b5580000)
 Metaspace       used 5437K, capacity 5616K, committed 5760K, reserved 1056768K
  class space    used 580K, capacity 630K, committed 640K, reserved 1048576K
}
{Heap before GC invocations=83 (full 0):
 PSYoungGen      total 173568K, used 166135K [0x00000007b5580000, 0x00000007c0000000, 0x00000007c0000000)
  eden space 172544K, 96% used [0x00000007b5580000,0x00000007bf7513f8,0x00000007bfe00000)
  from space 1024K, 42% used [0x00000007bff00000,0x00000007bff6cae8,0x00000007c0000000)
  to   space 1024K, 0% used [0x00000007bfe00000,0x00000007bfe00000,0x00000007bff00000)
 ParOldGen       total 349696K, used 21801K [0x00000007a0000000, 0x00000007b5580000, 0x00000007b5580000)
  object space 349696K, 6% used [0x00000007a0000000,0x00000007a154a6f8,0x00000007b5580000)
 Metaspace       used 5437K, capacity 5616K, committed 5760K, reserved 1056768K
  class space    used 580K, capacity 630K, committed 640K, reserved 1048576K
2018-07-25T18:11:32.884-0800: 64.034: [GC (Allocation Failure) [PSYoungGen: 166135K->407K(173568K)] 187937K->22209K(523264K), 0.0005922 secs] [Times: user=0.00 sys=0.00, real=0.00 secs] 
Heap after GC invocations=83 (full 0):
 PSYoungGen      total 173568K, used 407K [0x00000007b5580000, 0x00000007c0000000, 0x00000007c0000000)
  eden space 172544K, 0% used [0x00000007b5580000,0x00000007b5580000,0x00000007bfe00000)
  from space 1024K, 39% used [0x00000007bfe00000,0x00000007bfe65f10,0x00000007bff00000)
  to   space 1024K, 0% used [0x00000007bff00000,0x00000007bff00000,0x00000007c0000000)
 ParOldGen       total 349696K, used 21801K [0x00000007a0000000, 0x00000007b5580000, 0x00000007b5580000)
  object space 349696K, 6% used [0x00000007a0000000,0x00000007a154a6f8,0x00000007b5580000)
 Metaspace       used 5437K, capacity 5616K, committed 5760K, reserved 1056768K
  class space    used 580K, capacity 630K, committed 640K, reserved 1048576K
}
{Heap before GC invocations=84 (full 0):
 PSYoungGen      total 173568K, used 167538K [0x00000007b5580000, 0x00000007c0000000, 0x00000007c0000000)
  eden space 172544K, 96% used [0x00000007b5580000,0x00000007bf8b6938,0x00000007bfe00000)
  from space 1024K, 39% used [0x00000007bfe00000,0x00000007bfe65f10,0x00000007bff00000)
  to   space 1024K, 0% used [0x00000007bff00000,0x00000007bff00000,0x00000007c0000000)
 ParOldGen       total 349696K, used 21801K [0x00000007a0000000, 0x00000007b5580000, 0x00000007b5580000)
  object space 349696K, 6% used [0x00000007a0000000,0x00000007a154a6f8,0x00000007b5580000)
 Metaspace       used 5437K, capacity 5616K, committed 5760K, reserved 1056768K
  class space    used 580K, capacity 630K, committed 640K, reserved 1048576K
2018-07-25T18:11:33.738-0800: 64.888: [GC (Allocation Failure) [PSYoungGen: 167538K->412K(173568K)] 189339K->22214K(523264K), 0.0005890 secs] [Times: user=0.00 sys=0.00, real=0.00 secs] 
Heap after GC invocations=84 (full 0):
 PSYoungGen      total 173568K, used 412K [0x00000007b5580000, 0x00000007c0000000, 0x00000007c0000000)
  eden space 172544K, 0% used [0x00000007b5580000,0x00000007b5580000,0x00000007bfe00000)
  from space 1024K, 40% used [0x00000007bff00000,0x00000007bff67338,0x00000007c0000000)
  to   space 1024K, 0% used [0x00000007bfe00000,0x00000007bfe00000,0x00000007bff00000)
 ParOldGen       total 349696K, used 21801K [0x00000007a0000000, 0x00000007b5580000, 0x00000007b5580000)
  object space 349696K, 6% used [0x00000007a0000000,0x00000007a154a6f8,0x00000007b5580000)
 Metaspace       used 5437K, capacity 5616K, committed 5760K, reserved 1056768K
  class space    used 580K, capacity 630K, committed 640K, reserved 1048576K
}
{Heap before GC invocations=85 (full 0):
 PSYoungGen      total 173568K, used 166778K [0x00000007b5580000, 0x00000007c0000000, 0x00000007c0000000)
  eden space 172544K, 96% used [0x00000007b5580000,0x00000007bf7f77c8,0x00000007bfe00000)
  from space 1024K, 40% used [0x00000007bff00000,0x00000007bff67338,0x00000007c0000000)
  to   space 1024K, 0% used [0x00000007bfe00000,0x00000007bfe00000,0x00000007bff00000)
 ParOldGen       total 349696K, used 21801K [0x00000007a0000000, 0x00000007b5580000, 0x00000007b5580000)
  object space 349696K, 6% used [0x00000007a0000000,0x00000007a154a6f8,0x00000007b5580000)
 Metaspace       used 5437K, capacity 5616K, committed 5760K, reserved 1056768K
  class space    used 580K, capacity 630K, committed 640K, reserved 1048576K
2018-07-25T18:11:34.622-0800: 65.772: [GC (Allocation Failure) [PSYoungGen: 166778K->449K(173568K)] 188580K->22251K(523264K), 0.0004438 secs] [Times: user=0.00 sys=0.00, real=0.00 secs] 
Heap after GC invocations=85 (full 0):
 PSYoungGen      total 173568K, used 449K [0x00000007b5580000, 0x00000007c0000000, 0x00000007c0000000)
  eden space 172544K, 0% used [0x00000007b5580000,0x00000007b5580000,0x00000007bfe00000)
  from space 1024K, 43% used [0x00000007bfe00000,0x00000007bfe70760,0x00000007bff00000)
  to   space 1024K, 0% used [0x00000007bff00000,0x00000007bff00000,0x00000007c0000000)
 ParOldGen       total 349696K, used 21801K [0x00000007a0000000, 0x00000007b5580000, 0x00000007b5580000)
  object space 349696K, 6% used [0x00000007a0000000,0x00000007a154a6f8,0x00000007b5580000)
 Metaspace       used 5437K, capacity 5616K, committed 5760K, reserved 1056768K
  class space    used 580K, capacity 630K, committed 640K, reserved 1048576K
}
{Heap before GC invocations=86 (full 0):
 PSYoungGen      total 173568K, used 167139K [0x00000007b5580000, 0x00000007c0000000, 0x00000007c0000000)
  eden space 172544K, 96% used [0x00000007b5580000,0x00000007bf848738,0x00000007bfe00000)
  from space 1024K, 43% used [0x00000007bfe00000,0x00000007bfe70760,0x00000007bff00000)
  to   space 1024K, 0% used [0x00000007bff00000,0x00000007bff00000,0x00000007c0000000)
 ParOldGen       total 349696K, used 21801K [0x00000007a0000000, 0x00000007b5580000, 0x00000007b5580000)
  object space 349696K, 6% used [0x00000007a0000000,0x00000007a154a6f8,0x00000007b5580000)
 Metaspace       used 5437K, capacity 5616K, committed 5760K, reserved 1056768K
  class space    used 580K, capacity 630K, committed 640K, reserved 1048576K
2018-07-25T18:11:35.471-0800: 66.622: [GC (Allocation Failure) [PSYoungGen: 167139K->454K(173568K)] 188941K->22256K(523264K), 0.0006603 secs] [Times: user=0.00 sys=0.00, real=0.00 secs] 
Heap after GC invocations=86 (full 0):
 PSYoungGen      total 173568K, used 454K [0x00000007b5580000, 0x00000007c0000000, 0x00000007c0000000)
  eden space 172544K, 0% used [0x00000007b5580000,0x00000007b5580000,0x00000007bfe00000)
  from space 1024K, 44% used [0x00000007bff00000,0x00000007bff71b88,0x00000007c0000000)
  to   space 1024K, 0% used [0x00000007bfe00000,0x00000007bfe00000,0x00000007bff00000)
 ParOldGen       total 349696K, used 21801K [0x00000007a0000000, 0x00000007b5580000, 0x00000007b5580000)
  object space 349696K, 6% used [0x00000007a0000000,0x00000007a154a6f8,0x00000007b5580000)
 Metaspace       used 5437K, capacity 5616K, committed 5760K, reserved 1056768K
  class space    used 580K, capacity 630K, committed 640K, reserved 1048576K
}
{Heap before GC invocations=87 (full 0):
 PSYoungGen      total 173568K, used 170847K [0x00000007b5580000, 0x00000007c0000000, 0x00000007c0000000)
  eden space 172544K, 98% used [0x00000007b5580000,0x00000007bfbe6390,0x00000007bfe00000)
  from space 1024K, 44% used [0x00000007bff00000,0x00000007bff71b88,0x00000007c0000000)
  to   space 1024K, 0% used [0x00000007bfe00000,0x00000007bfe00000,0x00000007bff00000)
 ParOldGen       total 349696K, used 21801K [0x00000007a0000000, 0x00000007b5580000, 0x00000007b5580000)
  object space 349696K, 6% used [0x00000007a0000000,0x00000007a154a6f8,0x00000007b5580000)
 Metaspace       used 5437K, capacity 5616K, committed 5760K, reserved 1056768K
  class space    used 580K, capacity 630K, committed 640K, reserved 1048576K
2018-07-25T18:11:36.349-0800: 67.499: [GC (Allocation Failure) [PSYoungGen: 170847K->427K(173568K)] 192649K->22229K(523264K), 0.0006886 secs] [Times: user=0.01 sys=0.00, real=0.01 secs] 
Heap after GC invocations=87 (full 0):
 PSYoungGen      total 173568K, used 427K [0x00000007b5580000, 0x00000007c0000000, 0x00000007c0000000)
  eden space 172544K, 0% used [0x00000007b5580000,0x00000007b5580000,0x00000007bfe00000)
  from space 1024K, 41% used [0x00000007bfe00000,0x00000007bfe6afb0,0x00000007bff00000)
  to   space 1024K, 0% used [0x00000007bff00000,0x00000007bff00000,0x00000007c0000000)
 ParOldGen       total 349696K, used 21801K [0x00000007a0000000, 0x00000007b5580000, 0x00000007b5580000)
  object space 349696K, 6% used [0x00000007a0000000,0x00000007a154a6f8,0x00000007b5580000)
 Metaspace       used 5437K, capacity 5616K, committed 5760K, reserved 1056768K
  class space    used 580K, capacity 630K, committed 640K, reserved 1048576K
}
Heap
 PSYoungGen      total 173568K, used 137750K [0x00000007b5580000, 0x00000007c0000000, 0x00000007c0000000)
  eden space 172544K, 79% used [0x00000007b5580000,0x00000007bdb9a9a8,0x00000007bfe00000)
  from space 1024K, 41% used [0x00000007bfe00000,0x00000007bfe6afb0,0x00000007bff00000)
  to   space 1024K, 0% used [0x00000007bff00000,0x00000007bff00000,0x00000007c0000000)
 ParOldGen       total 349696K, used 21801K [0x00000007a0000000, 0x00000007b5580000, 0x00000007b5580000)
  object space 349696K, 6% used [0x00000007a0000000,0x00000007a154a6f8,0x00000007b5580000)
 Metaspace       used 5443K, capacity 5616K, committed 5760K, reserved 1056768K
  class space    used 581K, capacity 630K, committed 640K, reserved 1048576K
